             total       used       free     shared    buffers     cached
Mem:          2.0G       658M       1.3G       3.2M        38M       289M
-/+ buffers/cache:       330M       1.6G
Swap:         8.0G         0B       8.0G

             total       used       free     shared    buffers     cached
Mem:          2.0G       658M       1.3G       1.4M        38M       287M
-/+ buffers/cache:       332M       1.6G
Swap:         8.0G         0B       8.0G

             total       used       free     shared    buffers     cached
Mem:          2.0G       658M       1.3G       1.4M        38M       287M
-/+ buffers/cache:       332M       1.6G
Swap:         8.0G         0B       8.0G

             total       used       free     shared    buffers     cached
Mem:          2.0G       658M       1.3G       1.4M        38M       287M
-/+ buffers/cache:       332M       1.6G
Swap:         8.0G         0B       8.0G

             total       used       free     shared    buffers     cached
Mem:          2.0G       658M       1.3G       1.4M        38M       287M
-/+ buffers/cache:       332M       1.6G
Swap:         8.0G         0B       8.0G

             total       used       free     shared    buffers     cached
Mem:          2.0G       658M       1.3G       1.4M        38M       287M
-/+ buffers/cache:       332M       1.6G
Swap:         8.0G         0B       8.0G

             total       used       free     shared    buffers     cached
Mem:          2.0G       658M       1.3G       1.4M        38M       287M
-/+ buffers/cache:       331M       1.6G
Swap:         8.0G         0B       8.0G

             total       used       free     shared    buffers     cached
Mem:          2.0G       658M       1.3G       1.4M        38M       288M
-/+ buffers/cache:       331M       1.6G
Swap:         8.0G         0B       8.0G

             total       used       free     shared    buffers     cached
Mem:          2.0G       661M       1.3G       1.4M        38M       288M
-/+ buffers/cache:       334M       1.6G
Swap:         8.0G         0B       8.0G

             total       used       free     shared    buffers     cached
Mem:          2.0G       678M       1.3G       1.4M        38M       288M
-/+ buffers/cache:       351M       1.6G
Swap:         8.0G         0B       8.0G

             total       used       free     shared    buffers     cached
Mem:          2.0G       692M       1.3G       1.4M        38M       288M
-/+ buffers/cache:       365M       1.6G
Swap:         8.0G         0B       8.0G

             total       used       free     shared    buffers     cached
Mem:          2.0G       667M       1.3G       1.4M        38M       289M
-/+ buffers/cache:       339M       1.6G
Swap:         8.0G         0B       8.0G

             total       used       free     shared    buffers     cached
Mem:          2.0G       667M       1.3G       1.4M        38M       289M
-/+ buffers/cache:       339M       1.6G
Swap:         8.0G         0B       8.0G

             total       used       free     shared    buffers     cached
Mem:          2.0G       667M       1.3G       1.4M        38M       289M
-/+ buffers/cache:       339M       1.6G
Swap:         8.0G         0B       8.0G

             total       used       free     shared    buffers     cached
Mem:          2.0G       667M       1.3G       1.4M        38M       289M
-/+ buffers/cache:       339M       1.6G
Swap:         8.0G         0B       8.0G

             total       used       free     shared    buffers     cached
Mem:          2.0G       667M       1.3G       1.4M        38M       289M
-/+ buffers/cache:       339M       1.6G
Swap:         8.0G         0B       8.0G

             total       used       free     shared    buffers     cached
Mem:          2.0G       667M       1.3G       1.4M        38M       289M
-/+ buffers/cache:       339M       1.6G
Swap:         8.0G         0B       8.0G

             total       used       free     shared    buffers     cached
Mem:          2.0G       667M       1.3G       1.4M        38M       289M
-/+ buffers/cache:       339M       1.6G
Swap:         8.0G         0B       8.0G

             total       used       free     shared    buffers     cached
Mem:          2.0G       667M       1.3G       1.4M        38M       289M
-/+ buffers/cache:       339M       1.6G
Swap:         8.0G         0B       8.0G

             total       used       free     shared    buffers     cached
Mem:          2.0G       667M       1.3G       1.4M        38M       289M
-/+ buffers/cache:       339M       1.6G
Swap:         8.0G         0B       8.0G

             total       used       free     shared    buffers     cached
Mem:          2.0G       667M       1.3G       1.4M        38M       289M
-/+ buffers/cache:       339M       1.6G
Swap:         8.0G         0B       8.0G

             total       used       free     shared    buffers     cached
Mem:          2.0G       668M       1.3G       1.4M        38M       289M
-/+ buffers/cache:       339M       1.6G
Swap:         8.0G         0B       8.0G

             total       used       free     shared    buffers     cached
Mem:          2.0G       668M       1.3G       1.4M        38M       289M
-/+ buffers/cache:       339M       1.6G
Swap:         8.0G         0B       8.0G

             total       used       free     shared    buffers     cached
Mem:          2.0G       668M       1.3G       1.4M        38M       289M
-/+ buffers/cache:       339M       1.6G
Swap:         8.0G         0B       8.0G

             total       used       free     shared    buffers     cached
Mem:          2.0G       668M       1.3G       1.4M        38M       289M
-/+ buffers/cache:       339M       1.6G
Swap:         8.0G         0B       8.0G

             total       used       free     shared    buffers     cached
Mem:          2.0G       668M       1.3G       1.4M        38M       289M
-/+ buffers/cache:       339M       1.6G
Swap:         8.0G         0B       8.0G

             total       used       free     shared    buffers     cached
Mem:          2.0G       668M       1.3G       1.4M        38M       289M
-/+ buffers/cache:       339M       1.6G
Swap:         8.0G         0B       8.0G

             total       used       free     shared    buffers     cached
Mem:          2.0G       668M       1.3G       1.4M        38M       289M
-/+ buffers/cache:       339M       1.6G
Swap:         8.0G         0B       8.0G

             total       used       free     shared    buffers     cached
Mem:          2.0G       668M       1.3G       1.4M        38M       289M
-/+ buffers/cache:       339M       1.6G
Swap:         8.0G         0B       8.0G

             total       used       free     shared    buffers     cached
Mem:          2.0G       668M       1.3G       1.4M        38M       289M
-/+ buffers/cache:       339M       1.6G
Swap:         8.0G         0B       8.0G

             total       used       free     shared    buffers     cached
Mem:          2.0G       668M       1.3G       1.4M        38M       289M
-/+ buffers/cache:       339M       1.6G
Swap:         8.0G         0B       8.0G

             total       used       free     shared    buffers     cached
Mem:          2.0G       668M       1.3G       1.4M        38M       289M
-/+ buffers/cache:       339M       1.6G
Swap:         8.0G         0B       8.0G

             total       used       free     shared    buffers     cached
Mem:          2.0G       668M       1.3G       1.4M        38M       289M
-/+ buffers/cache:       339M       1.6G
Swap:         8.0G         0B       8.0G

             total       used       free     shared    buffers     cached
Mem:          2.0G       675M       1.3G       1.4M        38M       289M
-/+ buffers/cache:       346M       1.6G
Swap:         8.0G         0B       8.0G

             total       used       free     shared    buffers     cached
Mem:          2.0G       691M       1.3G       1.4M        38M       289M
-/+ buffers/cache:       362M       1.6G
Swap:         8.0G         0B       8.0G

             total       used       free     shared    buffers     cached
Mem:          2.0G       706M       1.3G       1.4M        38M       289M
-/+ buffers/cache:       377M       1.6G
Swap:         8.0G         0B       8.0G

             total       used       free     shared    buffers     cached
Mem:          2.0G       722M       1.2G       1.4M        38M       289M
-/+ buffers/cache:       393M       1.6G
Swap:         8.0G         0B       8.0G

             total       used       free     shared    buffers     cached
Mem:          2.0G       739M       1.2G       1.4M        38M       289M
-/+ buffers/cache:       410M       1.6G
Swap:         8.0G         0B       8.0G

             total       used       free     shared    buffers     cached
Mem:          2.0G       756M       1.2G       1.4M        38M       289M
-/+ buffers/cache:       427M       1.5G
Swap:         8.0G         0B       8.0G

             total       used       free     shared    buffers     cached
Mem:          2.0G       771M       1.2G       1.4M        38M       289M
-/+ buffers/cache:       443M       1.5G
Swap:         8.0G         0B       8.0G

             total       used       free     shared    buffers     cached
Mem:          2.0G       784M       1.2G       1.4M        38M       289M
-/+ buffers/cache:       456M       1.5G
Swap:         8.0G         0B       8.0G

             total       used       free     shared    buffers     cached
Mem:          2.0G       800M       1.2G       1.4M        38M       289M
-/+ buffers/cache:       471M       1.5G
Swap:         8.0G         0B       8.0G

             total       used       free     shared    buffers     cached
Mem:          2.0G       817M       1.2G       1.4M        38M       289M
-/+ buffers/cache:       488M       1.5G
Swap:         8.0G         0B       8.0G

             total       used       free     shared    buffers     cached
Mem:          2.0G       836M       1.1G       1.4M        38M       289M
-/+ buffers/cache:       507M       1.5G
Swap:         8.0G         0B       8.0G

             total       used       free     shared    buffers     cached
Mem:          2.0G       851M       1.1G       1.4M        38M       289M
-/+ buffers/cache:       522M       1.4G
Swap:         8.0G         0B       8.0G

             total       used       free     shared    buffers     cached
Mem:          2.0G       865M       1.1G       1.4M        38M       289M
-/+ buffers/cache:       536M       1.4G
Swap:         8.0G         0B       8.0G

             total       used       free     shared    buffers     cached
Mem:          2.0G       880M       1.1G       1.4M        38M       289M
-/+ buffers/cache:       551M       1.4G
Swap:         8.0G         0B       8.0G

             total       used       free     shared    buffers     cached
Mem:          2.0G       894M       1.1G       1.4M        38M       289M
-/+ buffers/cache:       565M       1.4G
Swap:         8.0G         0B       8.0G

             total       used       free     shared    buffers     cached
Mem:          2.0G       910M       1.1G       1.4M        38M       289M
-/+ buffers/cache:       581M       1.4G
Swap:         8.0G         0B       8.0G

             total       used       free     shared    buffers     cached
Mem:          2.0G       925M       1.0G       1.4M        38M       289M
-/+ buffers/cache:       596M       1.4G
Swap:         8.0G         0B       8.0G

             total       used       free     shared    buffers     cached
Mem:          2.0G       942M       1.0G       1.4M        38M       289M
-/+ buffers/cache:       613M       1.4G
Swap:         8.0G         0B       8.0G

             total       used       free     shared    buffers     cached
Mem:          2.0G       958M       1.0G       1.4M        38M       289M
-/+ buffers/cache:       629M       1.3G
Swap:         8.0G         0B       8.0G

             total       used       free     shared    buffers     cached
Mem:          2.0G       975M       1.0G       1.4M        38M       289M
-/+ buffers/cache:       646M       1.3G
Swap:         8.0G         0B       8.0G

             total       used       free     shared    buffers     cached
Mem:          2.0G       990M       1.0G       1.4M        38M       289M
-/+ buffers/cache:       661M       1.3G
Swap:         8.0G         0B       8.0G

             total       used       free     shared    buffers     cached
Mem:          2.0G       1.0G       995M       1.4M        38M       289M
-/+ buffers/cache:       675M       1.3G
Swap:         8.0G         0B       8.0G

             total       used       free     shared    buffers     cached
Mem:          2.0G       1.0G       980M       1.4M        38M       289M
-/+ buffers/cache:       690M       1.3G
Swap:         8.0G         0B       8.0G

             total       used       free     shared    buffers     cached
Mem:          2.0G       1.0G       965M       1.4M        38M       289M
-/+ buffers/cache:       705M       1.3G
Swap:         8.0G         0B       8.0G

             total       used       free     shared    buffers     cached
Mem:          2.0G       1.0G       948M       1.4M        38M       289M
-/+ buffers/cache:       723M       1.2G
Swap:         8.0G         0B       8.0G

             total       used       free     shared    buffers     cached
Mem:          2.0G       1.0G       931M       1.4M        38M       289M
-/+ buffers/cache:       740M       1.2G
Swap:         8.0G         0B       8.0G

             total       used       free     shared    buffers     cached
Mem:          2.0G       1.1G       915M       1.4M        38M       289M
-/+ buffers/cache:       755M       1.2G
Swap:         8.0G         0B       8.0G

             total       used       free     shared    buffers     cached
Mem:          2.0G       1.1G       899M       1.4M        38M       289M
-/+ buffers/cache:       772M       1.2G
Swap:         8.0G         0B       8.0G

             total       used       free     shared    buffers     cached
Mem:          2.0G       1.1G       886M       1.4M        38M       289M
-/+ buffers/cache:       785M       1.2G
Swap:         8.0G         0B       8.0G

             total       used       free     shared    buffers     cached
Mem:          2.0G       1.1G       877M       1.4M        38M       289M
-/+ buffers/cache:       794M       1.2G
Swap:         8.0G         0B       8.0G

             total       used       free     shared    buffers     cached
Mem:          2.0G       1.1G       860M       1.4M        38M       289M
-/+ buffers/cache:       811M       1.2G
Swap:         8.0G         0B       8.0G

             total       used       free     shared    buffers     cached
Mem:          2.0G       1.1G       844M       1.4M        38M       289M
-/+ buffers/cache:       827M       1.1G
Swap:         8.0G         0B       8.0G

             total       used       free     shared    buffers     cached
Mem:          2.0G       1.1G       827M       1.4M        38M       289M
-/+ buffers/cache:       844M       1.1G
Swap:         8.0G         0B       8.0G

             total       used       free     shared    buffers     cached
Mem:          2.0G       1.2G       811M       1.4M        38M       289M
-/+ buffers/cache:       860M       1.1G
Swap:         8.0G         0B       8.0G

             total       used       free     shared    buffers     cached
Mem:          2.0G       1.2G       795M       1.4M        38M       289M
-/+ buffers/cache:       876M       1.1G
Swap:         8.0G         0B       8.0G

             total       used       free     shared    buffers     cached
Mem:          2.0G       1.2G       777M       1.4M        38M       290M
-/+ buffers/cache:       893M       1.1G
Swap:         8.0G         0B       8.0G

             total       used       free     shared    buffers     cached
Mem:          2.0G       1.2G       760M       1.4M        38M       290M
-/+ buffers/cache:       910M       1.1G
Swap:         8.0G         0B       8.0G

             total       used       free     shared    buffers     cached
Mem:          2.0G       1.2G       744M       1.4M        38M       290M
-/+ buffers/cache:       926M       1.0G
Swap:         8.0G         0B       8.0G

             total       used       free     shared    buffers     cached
Mem:          2.0G       1.2G       730M       1.4M        38M       290M
-/+ buffers/cache:       940M       1.0G
Swap:         8.0G         0B       8.0G

             total       used       free     shared    buffers     cached
Mem:          2.0G       1.3G       716M       1.4M        38M       290M
-/+ buffers/cache:       954M       1.0G
Swap:         8.0G         0B       8.0G

             total       used       free     shared    buffers     cached
Mem:          2.0G       1.3G       701M       1.4M        38M       290M
-/+ buffers/cache:       969M       1.0G
Swap:         8.0G         0B       8.0G

             total       used       free     shared    buffers     cached
Mem:          2.0G       1.3G       686M       1.4M        38M       290M
-/+ buffers/cache:       984M       1.0G
Swap:         8.0G         0B       8.0G

             total       used       free     shared    buffers     cached
Mem:          2.0G       1.3G       673M       1.4M        38M       290M
-/+ buffers/cache:       998M       1.0G
Swap:         8.0G         0B       8.0G

             total       used       free     shared    buffers     cached
Mem:          2.0G       1.3G       659M       1.4M        38M       290M
-/+ buffers/cache:       1.0G       988M
Swap:         8.0G         0B       8.0G

             total       used       free     shared    buffers     cached
Mem:          2.0G       1.3G       645M       1.4M        38M       290M
-/+ buffers/cache:       1.0G       974M
Swap:         8.0G         0B       8.0G

             total       used       free     shared    buffers     cached
Mem:          2.0G       1.3G       631M       1.4M        38M       290M
-/+ buffers/cache:       1.0G       960M
Swap:         8.0G         0B       8.0G

             total       used       free     shared    buffers     cached
Mem:          2.0G       1.3G       618M       1.4M        38M       290M
-/+ buffers/cache:       1.0G       947M
Swap:         8.0G         0B       8.0G

             total       used       free     shared    buffers     cached
Mem:          2.0G       1.4G       604M       1.4M        38M       290M
-/+ buffers/cache:       1.0G       933M
Swap:         8.0G         0B       8.0G

             total       used       free     shared    buffers     cached
Mem:          2.0G       1.4G       589M       1.4M        38M       290M
-/+ buffers/cache:       1.1G       918M
Swap:         8.0G         0B       8.0G

             total       used       free     shared    buffers     cached
Mem:          2.0G       1.4G       574M       1.4M        38M       290M
-/+ buffers/cache:       1.1G       903M
Swap:         8.0G         0B       8.0G

             total       used       free     shared    buffers     cached
Mem:          2.0G       1.4G       558M       1.4M        38M       290M
-/+ buffers/cache:       1.1G       887M
Swap:         8.0G         0B       8.0G

             total       used       free     shared    buffers     cached
Mem:          2.0G       1.4G       542M       1.4M        38M       290M
-/+ buffers/cache:       1.1G       871M
Swap:         8.0G         0B       8.0G

             total       used       free     shared    buffers     cached
Mem:          2.0G       1.4G       526M       1.4M        38M       290M
-/+ buffers/cache:       1.1G       855M
Swap:         8.0G         0B       8.0G

             total       used       free     shared    buffers     cached
Mem:          2.0G       1.5G       512M       1.4M        38M       290M
-/+ buffers/cache:       1.1G       841M
Swap:         8.0G         0B       8.0G

             total       used       free     shared    buffers     cached
Mem:          2.0G       1.5G       498M       1.4M        38M       290M
-/+ buffers/cache:       1.1G       827M
Swap:         8.0G         0B       8.0G

             total       used       free     shared    buffers     cached
Mem:          2.0G       1.5G       482M       1.4M        38M       290M
-/+ buffers/cache:       1.2G       811M
Swap:         8.0G         0B       8.0G

             total       used       free     shared    buffers     cached
Mem:          2.0G       1.5G       468M       1.4M        38M       290M
-/+ buffers/cache:       1.2G       796M
Swap:         8.0G         0B       8.0G

             total       used       free     shared    buffers     cached
Mem:          2.0G       1.5G       455M       1.4M        38M       290M
-/+ buffers/cache:       1.2G       784M
Swap:         8.0G         0B       8.0G

             total       used       free     shared    buffers     cached
Mem:          2.0G       1.5G       442M       1.4M        38M       290M
-/+ buffers/cache:       1.2G       771M
Swap:         8.0G         0B       8.0G

             total       used       free     shared    buffers     cached
Mem:          2.0G       1.5G       432M       1.4M        38M       290M
-/+ buffers/cache:       1.2G       761M
Swap:         8.0G         0B       8.0G

             total       used       free     shared    buffers     cached
Mem:          2.0G       1.5G       425M       1.4M        38M       290M
-/+ buffers/cache:       1.2G       754M
Swap:         8.0G         0B       8.0G

             total       used       free     shared    buffers     cached
Mem:          2.0G       1.6G       410M       1.4M        38M       290M
-/+ buffers/cache:       1.2G       739M
Swap:         8.0G         0B       8.0G

             total       used       free     shared    buffers     cached
Mem:          2.0G       1.6G       394M       1.4M        38M       290M
-/+ buffers/cache:       1.2G       723M
Swap:         8.0G         0B       8.0G

             total       used       free     shared    buffers     cached
Mem:          2.0G       1.6G       378M       1.4M        38M       290M
-/+ buffers/cache:       1.3G       706M
Swap:         8.0G         0B       8.0G

             total       used       free     shared    buffers     cached
Mem:          2.0G       1.6G       364M       1.4M        38M       290M
-/+ buffers/cache:       1.3G       693M
Swap:         8.0G         0B       8.0G

             total       used       free     shared    buffers     cached
Mem:          2.0G       1.6G       350M       1.4M        38M       290M
-/+ buffers/cache:       1.3G       679M
Swap:         8.0G         0B       8.0G

             total       used       free     shared    buffers     cached
Mem:          2.0G       1.6G       337M       1.4M        38M       290M
-/+ buffers/cache:       1.3G       666M
Swap:         8.0G         0B       8.0G

             total       used       free     shared    buffers     cached
Mem:          2.0G       1.6G       323M       1.4M        38M       290M
-/+ buffers/cache:       1.3G       652M
Swap:         8.0G         0B       8.0G

             total       used       free     shared    buffers     cached
Mem:          2.0G       1.7G       308M       1.4M        38M       290M
-/+ buffers/cache:       1.3G       637M
Swap:         8.0G         0B       8.0G

             total       used       free     shared    buffers     cached
Mem:          2.0G       1.7G       293M       1.4M        38M       290M
-/+ buffers/cache:       1.3G       622M
Swap:         8.0G         0B       8.0G

             total       used       free     shared    buffers     cached
Mem:          2.0G       1.7G       278M       1.4M        38M       290M
-/+ buffers/cache:       1.4G       607M
Swap:         8.0G         0B       8.0G

             total       used       free     shared    buffers     cached
Mem:          2.0G       1.7G       264M       1.4M        38M       290M
-/+ buffers/cache:       1.4G       593M
Swap:         8.0G         0B       8.0G

             total       used       free     shared    buffers     cached
Mem:          2.0G       1.7G       251M       1.4M        38M       290M
-/+ buffers/cache:       1.4G       580M
Swap:         8.0G         0B       8.0G

             total       used       free     shared    buffers     cached
Mem:          2.0G       1.7G       236M       1.4M        38M       290M
-/+ buffers/cache:       1.4G       565M
Swap:         8.0G         0B       8.0G

             total       used       free     shared    buffers     cached
Mem:          2.0G       1.7G       222M       1.4M        38M       290M
-/+ buffers/cache:       1.4G       551M
Swap:         8.0G         0B       8.0G

             total       used       free     shared    buffers     cached
Mem:          2.0G       1.7G       213M       1.4M        38M       290M
-/+ buffers/cache:       1.4G       542M
Swap:         8.0G         0B       8.0G

             total       used       free     shared    buffers     cached
Mem:          2.0G       1.7G       213M       1.4M        38M       290M
-/+ buffers/cache:       1.4G       542M
Swap:         8.0G         0B       8.0G

             total       used       free     shared    buffers     cached
Mem:          2.0G       1.8G       197M       1.4M        38M       290M
-/+ buffers/cache:       1.4G       526M
Swap:         8.0G         0B       8.0G

             total       used       free     shared    buffers     cached
Mem:          2.0G       1.8G       181M       1.4M        38M       290M
-/+ buffers/cache:       1.5G       510M
Swap:         8.0G         0B       8.0G

             total       used       free     shared    buffers     cached
Mem:          2.0G       1.8G       165M       1.4M        38M       290M
-/+ buffers/cache:       1.5G       494M
Swap:         8.0G         0B       8.0G

             total       used       free     shared    buffers     cached
Mem:          2.0G       1.8G       147M       1.4M        38M       290M
-/+ buffers/cache:       1.5G       476M
Swap:         8.0G         0B       8.0G

             total       used       free     shared    buffers     cached
Mem:          2.0G       1.8G       132M       1.4M        38M       290M
-/+ buffers/cache:       1.5G       461M
Swap:         8.0G         0B       8.0G

             total       used       free     shared    buffers     cached
Mem:          2.0G       1.8G       115M       1.4M        38M       290M
-/+ buffers/cache:       1.5G       444M
Swap:         8.0G         0B       8.0G

             total       used       free     shared    buffers     cached
Mem:          2.0G       1.9G        97M       1.4M        38M       290M
-/+ buffers/cache:       1.5G       426M
Swap:         8.0G         0B       8.0G

             total       used       free     shared    buffers     cached
Mem:          2.0G       1.9G        79M       1.4M        38M       290M
-/+ buffers/cache:       1.6G       408M
Swap:         8.0G         0B       8.0G

             total       used       free     shared    buffers     cached
Mem:          2.0G       1.9G        64M       1.4M        38M       290M
-/+ buffers/cache:       1.6G       393M
Swap:         8.0G         0B       8.0G

             total       used       free     shared    buffers     cached
Mem:          2.0G       1.9G        71M       1.4M        19M       288M
-/+ buffers/cache:       1.6G       380M
Swap:         8.0G         0B       8.0G

             total       used       free     shared    buffers     cached
Mem:          2.0G       1.9G        75M       1.4M        10M       280M
-/+ buffers/cache:       1.6G       366M
Swap:         8.0G        24K       8.0G

             total       used       free     shared    buffers     cached
Mem:          2.0G       1.9G        76M       1.3M       9.8M       264M
-/+ buffers/cache:       1.6G       350M
Swap:         8.0G       160K       8.0G

             total       used       free     shared    buffers     cached
Mem:          2.0G       1.9G        78M       1.3M       9.8M       245M
-/+ buffers/cache:       1.6G       333M
Swap:         8.0G       1.0M       8.0G

             total       used       free     shared    buffers     cached
Mem:          2.0G       1.9G        73M       1.2M       9.8M       236M
-/+ buffers/cache:       1.6G       319M
Swap:         8.0G       5.2M       8.0G

             total       used       free     shared    buffers     cached
Mem:          2.0G       1.9G        67M       1.2M       9.8M       229M
-/+ buffers/cache:       1.7G       306M
Swap:         8.0G       9.4M       8.0G

             total       used       free     shared    buffers     cached
Mem:          2.0G       1.9G        68M       1.2M       9.8M       215M
-/+ buffers/cache:       1.7G       294M
Swap:         8.0G        11M       8.0G

             total       used       free     shared    buffers     cached
Mem:          2.0G       1.9G        77M       1.2M       2.4M       198M
-/+ buffers/cache:       1.7G       278M
Swap:         8.0G        11M       8.0G

             total       used       free     shared    buffers     cached
Mem:          2.0G       1.9G        74M       1.2M       1.3M       187M
-/+ buffers/cache:       1.7G       263M
Swap:         8.0G        11M       8.0G

             total       used       free     shared    buffers     cached
Mem:          2.0G       1.9G        80M       1.2M       328K       166M
-/+ buffers/cache:       1.7G       246M
Swap:         8.0G        11M       8.0G

             total       used       free     shared    buffers     cached
Mem:          2.0G       1.9G        84M       1.2M       332K       146M
-/+ buffers/cache:       1.7G       231M
Swap:         8.0G        11M       8.0G

             total       used       free     shared    buffers     cached
Mem:          2.0G       1.9G        68M       1.2M       340K       146M
-/+ buffers/cache:       1.7G       215M
Swap:         8.0G        11M       8.0G

             total       used       free     shared    buffers     cached
Mem:          2.0G       1.9G        69M       1.2M        80K       129M
-/+ buffers/cache:       1.8G       198M
Swap:         8.0G        11M       8.0G

             total       used       free     shared    buffers     cached
Mem:          2.0G       1.9G        69M       1.2M        80K       113M
-/+ buffers/cache:       1.8G       183M
Swap:         8.0G        11M       8.0G

             total       used       free     shared    buffers     cached
Mem:          2.0G       1.9G        67M       1.2M        76K       100M
-/+ buffers/cache:       1.8G       167M
Swap:         8.0G        11M       8.0G

             total       used       free     shared    buffers     cached
Mem:          2.0G       1.9G        84M       1.2M        88K        68M
-/+ buffers/cache:       1.8G       153M
Swap:         8.0G        11M       8.0G

             total       used       free     shared    buffers     cached
Mem:          2.0G       1.9G        69M       1.2M        88K        68M
-/+ buffers/cache:       1.8G       138M
Swap:         8.0G        11M       8.0G

             total       used       free     shared    buffers     cached
Mem:          2.0G       1.9G        70M       1.2M        96K        52M
-/+ buffers/cache:       1.8G       123M
Swap:         8.0G        11M       8.0G

             total       used       free     shared    buffers     cached
Mem:          2.0G       1.9G        68M       1.2M       104K        40M
-/+ buffers/cache:       1.8G       109M
Swap:         8.0G        11M       8.0G

             total       used       free     shared    buffers     cached
Mem:          2.0G       1.9G        69M       1.2M       380K        24M
-/+ buffers/cache:       1.9G        93M
Swap:         8.0G        11M       8.0G

             total       used       free     shared    buffers     cached
Mem:          2.0G       1.9G        68M       1.2M       380K         9M
-/+ buffers/cache:       1.9G        78M
Swap:         8.0G        11M       8.0G

             total       used       free     shared    buffers     cached
Mem:          2.0G       1.9G        78M       1.0M       188K       2.5M
-/+ buffers/cache:       1.9G        80M
Swap:         8.0G        29M       8.0G

             total       used       free     shared    buffers     cached
Mem:          2.0G       1.9G        84M       720K        84K       2.2M
-/+ buffers/cache:       1.9G        86M
Swap:         8.0G        50M       7.9G

             total       used       free     shared    buffers     cached
Mem:          2.0G       1.9G        69M       720K       340K       2.4M
-/+ buffers/cache:       1.9G        72M
Swap:         8.0G        50M       7.9G

             total       used       free     shared    buffers     cached
Mem:          2.0G       1.9G        68M       688K       340K       2.3M
-/+ buffers/cache:       1.9G        71M
Swap:         8.0G        67M       7.9G

             total       used       free     shared    buffers     cached
Mem:          2.0G       1.9G        73M       648K       340K       2.3M
-/+ buffers/cache:       1.9G        76M
Swap:         8.0G       108M       7.9G

             total       used       free     shared    buffers     cached
Mem:          2.0G       1.9G        72M       648K       348K       2.3M
-/+ buffers/cache:       1.9G        75M
Swap:         8.0G       108M       7.9G

             total       used       free     shared    buffers     cached
Mem:          2.0G       1.9G        73M       644K       352K       2.3M
-/+ buffers/cache:       1.9G        76M
Swap:         8.0G       116M       7.9G

             total       used       free     shared    buffers     cached
Mem:          2.0G       1.9G        74M       640K       352K       2.3M
-/+ buffers/cache:       1.9G        77M
Swap:         8.0G       146M       7.9G

             total       used       free     shared    buffers     cached
Mem:          2.0G       1.9G        76M       640K       352K       2.5M
-/+ buffers/cache:       1.9G        78M
Swap:         8.0G       148M       7.9G

             total       used       free     shared    buffers     cached
Mem:          2.0G       1.9G        78M       568K       352K       2.5M
-/+ buffers/cache:       1.9G        81M
Swap:         8.0G       194M       7.8G

             total       used       free     shared    buffers     cached
Mem:          2.0G       1.9G        77M       568K       352K       2.5M
-/+ buffers/cache:       1.9G        80M
Swap:         8.0G       194M       7.8G

             total       used       free     shared    buffers     cached
Mem:          2.0G       1.9G        77M       568K       352K       2.5M
-/+ buffers/cache:       1.9G        80M
Swap:         8.0G       194M       7.8G

             total       used       free     shared    buffers     cached
Mem:          2.0G       1.9G        68M       568K       360K       2.5M
-/+ buffers/cache:       1.9G        71M
Swap:         8.0G       204M       7.8G

             total       used       free     shared    buffers     cached
Mem:          2.0G       1.9G        93M       564K       336K       2.4M
-/+ buffers/cache:       1.9G        96M
Swap:         8.0G       245M       7.8G

             total       used       free     shared    buffers     cached
Mem:          2.0G       1.9G        87M       564K       336K       2.4M
-/+ buffers/cache:       1.9G        89M
Swap:         8.0G       245M       7.8G

             total       used       free     shared    buffers     cached
Mem:          2.0G       1.9G        83M       564K       336K       2.4M
-/+ buffers/cache:       1.9G        86M
Swap:         8.0G       245M       7.8G

             total       used       free     shared    buffers     cached
Mem:          2.0G       1.9G        68M       564K       336K       2.4M
-/+ buffers/cache:       1.9G        70M
Swap:         8.0G       245M       7.8G

             total       used       free     shared    buffers     cached
Mem:          2.0G       1.9G        78M       564K       344K       2.4M
-/+ buffers/cache:       1.9G        80M
Swap:         8.0G       253M       7.7G

             total       used       free     shared    buffers     cached
Mem:          2.0G       1.9G        96M       532K        84K       6.6M
-/+ buffers/cache:       1.9G       102M
Swap:         8.0G       335M       7.7G

             total       used       free     shared    buffers     cached
Mem:          2.0G       1.9G        85M       532K        84K       7.6M
-/+ buffers/cache:       1.9G        93M
Swap:         8.0G       335M       7.7G

             total       used       free     shared    buffers     cached
Mem:          2.0G       1.9G        78M       532K        84K       7.6M
-/+ buffers/cache:       1.9G        85M
Swap:         8.0G       334M       7.7G

             total       used       free     shared    buffers     cached
Mem:          2.0G       1.9G        77M       532K        84K       7.8M
-/+ buffers/cache:       1.9G        85M
Swap:         8.0G       334M       7.7G

             total       used       free     shared    buffers     cached
Mem:          2.0G       1.9G        76M       532K       104K       7.9M
-/+ buffers/cache:       1.9G        84M
Swap:         8.0G       333M       7.7G

             total       used       free     shared    buffers     cached
Mem:          2.0G       1.9G        76M       532K       104K       7.9M
-/+ buffers/cache:       1.9G        84M
Swap:         8.0G       332M       7.7G

             total       used       free     shared    buffers     cached
Mem:          2.0G       1.9G        75M       532K       104K       7.9M
-/+ buffers/cache:       1.9G        83M
Swap:         8.0G       332M       7.7G

             total       used       free     shared    buffers     cached
Mem:          2.0G       1.9G        75M       532K       104K       7.9M
-/+ buffers/cache:       1.9G        83M
Swap:         8.0G       331M       7.7G

             total       used       free     shared    buffers     cached
Mem:          2.0G       1.9G        74M       532K       104K       7.9M
-/+ buffers/cache:       1.9G        82M
Swap:         8.0G       330M       7.7G

             total       used       free     shared    buffers     cached
Mem:          2.0G       1.9G        74M       532K       104K       7.9M
-/+ buffers/cache:       1.9G        82M
Swap:         8.0G       329M       7.7G

             total       used       free     shared    buffers     cached
Mem:          2.0G       1.9G        73M       532K       112K       7.9M
-/+ buffers/cache:       1.9G        81M
Swap:         8.0G       329M       7.7G

             total       used       free     shared    buffers     cached
Mem:          2.0G       1.9G        73M       532K       112K       7.9M
-/+ buffers/cache:       1.9G        81M
Swap:         8.0G       328M       7.7G

             total       used       free     shared    buffers     cached
Mem:          2.0G       1.9G        72M       532K       112K       7.9M
-/+ buffers/cache:       1.9G        80M
Swap:         8.0G       327M       7.7G

             total       used       free     shared    buffers     cached
Mem:          2.0G       1.9G        72M       532K       112K       7.9M
-/+ buffers/cache:       1.9G        80M
Swap:         8.0G       327M       7.7G

             total       used       free     shared    buffers     cached
Mem:          2.0G       1.9G        71M       532K       112K       7.9M
-/+ buffers/cache:       1.9G        79M
Swap:         8.0G       326M       7.7G

             total       used       free     shared    buffers     cached
Mem:          2.0G       1.9G        85M       536K       232K       9.3M
-/+ buffers/cache:       1.9G        94M
Swap:         8.0G       325M       7.7G

             total       used       free     shared    buffers     cached
Mem:          2.0G       1.9G        84M       536K       232K       9.4M
-/+ buffers/cache:       1.9G        94M
Swap:         8.0G       324M       7.7G

             total       used       free     shared    buffers     cached
Mem:          2.0G       1.9G        83M       536K       232K       9.5M
-/+ buffers/cache:       1.9G        93M
Swap:         8.0G       324M       7.7G

             total       used       free     shared    buffers     cached
Mem:          2.0G       1.9G        83M       536K       232K       9.4M
-/+ buffers/cache:       1.9G        92M
Swap:         8.0G       323M       7.7G

             total       used       free     shared    buffers     cached
Mem:          2.0G       1.9G        82M       536K       232K       9.4M
-/+ buffers/cache:       1.9G        92M
Swap:         8.0G       323M       7.7G

             total       used       free     shared    buffers     cached
Mem:          2.0G       1.9G        81M       536K       240K       9.4M
-/+ buffers/cache:       1.9G        91M
Swap:         8.0G       322M       7.7G

             total       used       free     shared    buffers     cached
Mem:          2.0G       1.9G        78M       536K        80K        24M
-/+ buffers/cache:       1.9G       102M
Swap:         8.0G       324M       7.7G

             total       used       free     shared    buffers     cached
Mem:          2.0G       1.9G        76M       536K       820K        24M
-/+ buffers/cache:       1.9G       101M
Swap:         8.0G       323M       7.7G

             total       used       free     shared    buffers     cached
Mem:          2.0G       1.9G        77M       536K       984K        32M
-/+ buffers/cache:       1.8G       111M
Swap:         8.0G       360M       7.6G

             total       used       free     shared    buffers     cached
Mem:          2.0G       1.9G        77M       536K       984K        32M
-/+ buffers/cache:       1.8G       110M
Swap:         8.0G       359M       7.6G

             total       used       free     shared    buffers     cached
Mem:          2.0G       1.9G        75M       536K       984K        32M
-/+ buffers/cache:       1.8G       109M
Swap:         8.0G       359M       7.6G

             total       used       free     shared    buffers     cached
Mem:          2.0G       1.9G        75M       536K       992K        32M
-/+ buffers/cache:       1.8G       108M
Swap:         8.0G       358M       7.6G

             total       used       free     shared    buffers     cached
Mem:          2.0G       1.9G        73M       536K       992K        32M
-/+ buffers/cache:       1.8G       107M
Swap:         8.0G       357M       7.6G

             total       used       free     shared    buffers     cached
Mem:          2.0G       1.9G        72M       536K       992K        32M
-/+ buffers/cache:       1.8G       106M
Swap:         8.0G       357M       7.6G

             total       used       free     shared    buffers     cached
Mem:          2.0G       1.9G        71M       536K       992K        32M
-/+ buffers/cache:       1.9G       105M
Swap:         8.0G       356M       7.6G

             total       used       free     shared    buffers     cached
Mem:          2.0G       1.9G        70M       536K       992K        32M
-/+ buffers/cache:       1.9G       104M
Swap:         8.0G       355M       7.6G

             total       used       free     shared    buffers     cached
Mem:          2.0G       1.9G        69M       536K       1.0M        32M
-/+ buffers/cache:       1.9G       103M
Swap:         8.0G       354M       7.7G

             total       used       free     shared    buffers     cached
Mem:          2.0G       1.9G        68M       536K       1.0M        32M
-/+ buffers/cache:       1.9G       102M
Swap:         8.0G       354M       7.7G

             total       used       free     shared    buffers     cached
Mem:          2.0G       1.9G        67M       536K       1.0M        32M
-/+ buffers/cache:       1.9G       101M
Swap:         8.0G       353M       7.7G

             total       used       free     shared    buffers     cached
Mem:          2.0G       1.9G        78M       536K       984K        32M
-/+ buffers/cache:       1.8G       112M
Swap:         8.0G       352M       7.7G

             total       used       free     shared    buffers     cached
Mem:          2.0G       1.9G        78M       536K       984K        32M
-/+ buffers/cache:       1.8G       111M
Swap:         8.0G       352M       7.7G

             total       used       free     shared    buffers     cached
Mem:          2.0G       1.9G        77M       536K       984K        32M
-/+ buffers/cache:       1.8G       110M
Swap:         8.0G       351M       7.7G

             total       used       free     shared    buffers     cached
Mem:          2.0G       1.9G        76M       536K       992K        32M
-/+ buffers/cache:       1.8G       109M
Swap:         8.0G       350M       7.7G

             total       used       free     shared    buffers     cached
Mem:          2.0G       1.9G        75M       536K       992K        32M
-/+ buffers/cache:       1.8G       108M
Swap:         8.0G       350M       7.7G

             total       used       free     shared    buffers     cached
Mem:          2.0G       1.9G        74M       536K       992K        32M
-/+ buffers/cache:       1.8G       107M
Swap:         8.0G       349M       7.7G

             total       used       free     shared    buffers     cached
Mem:          2.0G       1.9G        73M       536K       992K        32M
-/+ buffers/cache:       1.8G       106M
Swap:         8.0G       348M       7.7G

             total       used       free     shared    buffers     cached
Mem:          2.0G       1.9G        72M       536K       992K        32M
-/+ buffers/cache:       1.9G       105M
Swap:         8.0G       348M       7.7G

             total       used       free     shared    buffers     cached
Mem:          2.0G       1.9G        71M       536K       1.0M        32M
-/+ buffers/cache:       1.9G       104M
Swap:         8.0G       347M       7.7G

             total       used       free     shared    buffers     cached
Mem:          2.0G       1.9G        70M       536K       1.0M        32M
-/+ buffers/cache:       1.9G       103M
Swap:         8.0G       347M       7.7G

             total       used       free     shared    buffers     cached
Mem:          2.0G       1.9G        69M       536K       1.0M        32M
-/+ buffers/cache:       1.9G       102M
Swap:         8.0G       346M       7.7G

             total       used       free     shared    buffers     cached
Mem:          2.0G       1.9G        68M       536K       1.0M        32M
-/+ buffers/cache:       1.9G       101M
Swap:         8.0G       345M       7.7G

             total       used       free     shared    buffers     cached
Mem:          2.0G       1.9G        67M       536K       1.0M        32M
-/+ buffers/cache:       1.9G       100M
Swap:         8.0G       345M       7.7G

             total       used       free     shared    buffers     cached
Mem:          2.0G       1.9G        83M       536K       984K        29M
-/+ buffers/cache:       1.8G       114M
Swap:         8.0G       364M       7.6G

             total       used       free     shared    buffers     cached
Mem:          2.0G       1.9G        82M       536K       992K        29M
-/+ buffers/cache:       1.8G       113M
Swap:         8.0G       363M       7.6G

             total       used       free     shared    buffers     cached
Mem:          2.0G       1.9G        81M       536K       992K        29M
-/+ buffers/cache:       1.8G       111M
Swap:         8.0G       363M       7.6G

             total       used       free     shared    buffers     cached
Mem:          2.0G       1.9G        80M       536K       992K        29M
-/+ buffers/cache:       1.8G       110M
Swap:         8.0G       362M       7.6G

             total       used       free     shared    buffers     cached
Mem:          2.0G       1.9G        78M       536K       992K        29M
-/+ buffers/cache:       1.8G       109M
Swap:         8.0G       361M       7.6G

             total       used       free     shared    buffers     cached
Mem:          2.0G       1.9G        77M       536K       992K        29M
-/+ buffers/cache:       1.8G       108M
Swap:         8.0G       360M       7.6G

             total       used       free     shared    buffers     cached
Mem:          2.0G       1.9G        76M       536K       1.0M        29M
-/+ buffers/cache:       1.8G       107M
Swap:         8.0G       360M       7.6G

             total       used       free     shared    buffers     cached
Mem:          2.0G       1.9G        75M       536K       1.0M        29M
-/+ buffers/cache:       1.8G       106M
Swap:         8.0G       359M       7.6G

             total       used       free     shared    buffers     cached
Mem:          2.0G       1.9G        74M       536K       1.0M        29M
-/+ buffers/cache:       1.9G       105M
Swap:         8.0G       358M       7.6G

             total       used       free     shared    buffers     cached
Mem:          2.0G       1.9G        73M       536K       1.0M        29M
-/+ buffers/cache:       1.9G       104M
Swap:         8.0G       358M       7.6G

             total       used       free     shared    buffers     cached
Mem:          2.0G       1.9G        72M       536K       1.0M        29M
-/+ buffers/cache:       1.9G       103M
Swap:         8.0G       357M       7.6G

             total       used       free     shared    buffers     cached
Mem:          2.0G       1.9G        71M       536K       1.0M        29M
-/+ buffers/cache:       1.9G       102M
Swap:         8.0G       356M       7.6G

             total       used       free     shared    buffers     cached
Mem:          2.0G       1.9G        70M       536K       1.0M        29M
-/+ buffers/cache:       1.9G       101M
Swap:         8.0G       356M       7.6G

             total       used       free     shared    buffers     cached
Mem:          2.0G       1.9G        69M       536K       1.0M        29M
-/+ buffers/cache:       1.9G       100M
Swap:         8.0G       355M       7.6G

             total       used       free     shared    buffers     cached
Mem:          2.0G       1.9G        68M       536K       1.0M        29M
-/+ buffers/cache:       1.9G        99M
Swap:         8.0G       354M       7.7G

             total       used       free     shared    buffers     cached
Mem:          2.0G       1.9G        67M       536K       1.0M        29M
-/+ buffers/cache:       1.9G        98M
Swap:         8.0G       353M       7.7G

             total       used       free     shared    buffers     cached
Mem:          2.0G       1.9G        78M       536K       1.0M        28M
-/+ buffers/cache:       1.8G       107M
Swap:         8.0G       358M       7.6G

             total       used       free     shared    buffers     cached
Mem:          2.0G       1.9G        77M       628K       4.6M        31M
-/+ buffers/cache:       1.8G       113M
Swap:         8.0G       372M       7.6G

             total       used       free     shared    buffers     cached
Mem:          2.0G       1.9G        85M       664K       6.0M        32M
-/+ buffers/cache:       1.8G       124M
Swap:         8.0G       384M       7.6G
