             total       used       free     shared    buffers     cached
Mem:          992M       660M       332M       3.2M        38M       289M
-/+ buffers/cache:       332M       659M
Swap:         8.0G         0B       8.0G

             total       used       free     shared    buffers     cached
Mem:          992M       658M       333M       1.4M        38M       288M
-/+ buffers/cache:       332M       660M
Swap:         8.0G         0B       8.0G

             total       used       free     shared    buffers     cached
Mem:          992M       658M       333M       1.4M        38M       288M
-/+ buffers/cache:       332M       660M
Swap:         8.0G         0B       8.0G

             total       used       free     shared    buffers     cached
Mem:          992M       658M       333M       1.4M        38M       288M
-/+ buffers/cache:       332M       659M
Swap:         8.0G         0B       8.0G

             total       used       free     shared    buffers     cached
Mem:          992M       658M       333M       1.4M        38M       288M
-/+ buffers/cache:       332M       659M
Swap:         8.0G         0B       8.0G

             total       used       free     shared    buffers     cached
Mem:          992M       658M       333M       1.4M        38M       288M
-/+ buffers/cache:       332M       659M
Swap:         8.0G         0B       8.0G

             total       used       free     shared    buffers     cached
Mem:          992M       658M       333M       1.4M        38M       288M
-/+ buffers/cache:       331M       660M
Swap:         8.0G         0B       8.0G

             total       used       free     shared    buffers     cached
Mem:          992M       658M       334M       1.4M        38M       288M
-/+ buffers/cache:       331M       660M
Swap:         8.0G         0B       8.0G

             total       used       free     shared    buffers     cached
Mem:          992M       658M       334M       1.4M        38M       288M
-/+ buffers/cache:       331M       660M
Swap:         8.0G         0B       8.0G

             total       used       free     shared    buffers     cached
Mem:          992M       661M       330M       1.4M        38M       288M
-/+ buffers/cache:       334M       657M
Swap:         8.0G         0B       8.0G

             total       used       free     shared    buffers     cached
Mem:          992M       678M       313M       1.4M        38M       288M
-/+ buffers/cache:       352M       640M
Swap:         8.0G         0B       8.0G

             total       used       free     shared    buffers     cached
Mem:          992M       700M       291M       1.4M        38M       288M
-/+ buffers/cache:       373M       618M
Swap:         8.0G         0B       8.0G

             total       used       free     shared    buffers     cached
Mem:          992M       667M       324M       1.4M        38M       289M
-/+ buffers/cache:       339M       652M
Swap:         8.0G         0B       8.0G

             total       used       free     shared    buffers     cached
Mem:          992M       667M       324M       1.4M        38M       289M
-/+ buffers/cache:       339M       652M
Swap:         8.0G         0B       8.0G

             total       used       free     shared    buffers     cached
Mem:          992M       667M       324M       1.4M        38M       289M
-/+ buffers/cache:       339M       652M
Swap:         8.0G         0B       8.0G

             total       used       free     shared    buffers     cached
Mem:          992M       667M       324M       1.4M        38M       289M
-/+ buffers/cache:       339M       652M
Swap:         8.0G         0B       8.0G

             total       used       free     shared    buffers     cached
Mem:          992M       667M       324M       1.4M        38M       289M
-/+ buffers/cache:       339M       652M
Swap:         8.0G         0B       8.0G

             total       used       free     shared    buffers     cached
Mem:          992M       667M       324M       1.4M        38M       289M
-/+ buffers/cache:       339M       652M
Swap:         8.0G         0B       8.0G

             total       used       free     shared    buffers     cached
Mem:          992M       667M       324M       1.4M        38M       289M
-/+ buffers/cache:       339M       652M
Swap:         8.0G         0B       8.0G

             total       used       free     shared    buffers     cached
Mem:          992M       667M       324M       1.4M        38M       289M
-/+ buffers/cache:       339M       652M
Swap:         8.0G         0B       8.0G

             total       used       free     shared    buffers     cached
Mem:          992M       667M       324M       1.4M        38M       289M
-/+ buffers/cache:       339M       652M
Swap:         8.0G         0B       8.0G

             total       used       free     shared    buffers     cached
Mem:          992M       668M       324M       1.4M        38M       289M
-/+ buffers/cache:       339M       652M
Swap:         8.0G         0B       8.0G

             total       used       free     shared    buffers     cached
Mem:          992M       668M       324M       1.5M        38M       289M
-/+ buffers/cache:       339M       652M
Swap:         8.0G         0B       8.0G

             total       used       free     shared    buffers     cached
Mem:          992M       668M       324M       1.5M        38M       289M
-/+ buffers/cache:       339M       652M
Swap:         8.0G         0B       8.0G

             total       used       free     shared    buffers     cached
Mem:          992M       668M       324M       1.5M        38M       289M
-/+ buffers/cache:       339M       652M
Swap:         8.0G         0B       8.0G

             total       used       free     shared    buffers     cached
Mem:          992M       668M       324M       1.5M        38M       289M
-/+ buffers/cache:       339M       652M
Swap:         8.0G         0B       8.0G

             total       used       free     shared    buffers     cached
Mem:          992M       668M       324M       1.5M        38M       289M
-/+ buffers/cache:       339M       652M
Swap:         8.0G         0B       8.0G

             total       used       free     shared    buffers     cached
Mem:          992M       668M       324M       1.5M        38M       289M
-/+ buffers/cache:       339M       652M
Swap:         8.0G         0B       8.0G

             total       used       free     shared    buffers     cached
Mem:          992M       668M       324M       1.5M        38M       289M
-/+ buffers/cache:       339M       652M
Swap:         8.0G         0B       8.0G

             total       used       free     shared    buffers     cached
Mem:          992M       668M       324M       1.5M        38M       289M
-/+ buffers/cache:       339M       652M
Swap:         8.0G         0B       8.0G

             total       used       free     shared    buffers     cached
Mem:          992M       668M       324M       1.5M        38M       289M
-/+ buffers/cache:       339M       652M
Swap:         8.0G         0B       8.0G

             total       used       free     shared    buffers     cached
Mem:          992M       668M       324M       1.5M        38M       289M
-/+ buffers/cache:       339M       652M
Swap:         8.0G         0B       8.0G

             total       used       free     shared    buffers     cached
Mem:          992M       668M       324M       1.5M        38M       289M
-/+ buffers/cache:       339M       652M
Swap:         8.0G         0B       8.0G

             total       used       free     shared    buffers     cached
Mem:          992M       673M       319M       1.5M        38M       289M
-/+ buffers/cache:       344M       647M
Swap:         8.0G         0B       8.0G

             total       used       free     shared    buffers     cached
Mem:          992M       692M       300M       1.5M        38M       289M
-/+ buffers/cache:       363M       628M
Swap:         8.0G         0B       8.0G

             total       used       free     shared    buffers     cached
Mem:          992M       711M       280M       1.5M        38M       289M
-/+ buffers/cache:       382M       609M
Swap:         8.0G         0B       8.0G

             total       used       free     shared    buffers     cached
Mem:          992M       728M       263M       1.5M        38M       289M
-/+ buffers/cache:       399M       592M
Swap:         8.0G         0B       8.0G

             total       used       free     shared    buffers     cached
Mem:          992M       745M       246M       1.5M        38M       289M
-/+ buffers/cache:       416M       575M
Swap:         8.0G         0B       8.0G

             total       used       free     shared    buffers     cached
Mem:          992M       760M       231M       1.5M        38M       289M
-/+ buffers/cache:       431M       560M
Swap:         8.0G         0B       8.0G

             total       used       free     shared    buffers     cached
Mem:          992M       774M       217M       1.5M        38M       289M
-/+ buffers/cache:       445M       546M
Swap:         8.0G         0B       8.0G

             total       used       free     shared    buffers     cached
Mem:          992M       788M       204M       1.5M        38M       289M
-/+ buffers/cache:       459M       532M
Swap:         8.0G         0B       8.0G

             total       used       free     shared    buffers     cached
Mem:          992M       801M       190M       1.5M        38M       289M
-/+ buffers/cache:       473M       518M
Swap:         8.0G         0B       8.0G

             total       used       free     shared    buffers     cached
Mem:          992M       816M       175M       1.5M        38M       289M
-/+ buffers/cache:       488M       503M
Swap:         8.0G         0B       8.0G

             total       used       free     shared    buffers     cached
Mem:          992M       833M       159M       1.5M        38M       289M
-/+ buffers/cache:       504M       487M
Swap:         8.0G         0B       8.0G

             total       used       free     shared    buffers     cached
Mem:          992M       849M       143M       1.5M        38M       289M
-/+ buffers/cache:       520M       471M
Swap:         8.0G         0B       8.0G

             total       used       free     shared    buffers     cached
Mem:          992M       865M       127M       1.5M        38M       289M
-/+ buffers/cache:       536M       455M
Swap:         8.0G         0B       8.0G

             total       used       free     shared    buffers     cached
Mem:          992M       881M       111M       1.5M        38M       289M
-/+ buffers/cache:       552M       439M
Swap:         8.0G         0B       8.0G

             total       used       free     shared    buffers     cached
Mem:          992M       894M        98M       1.5M        38M       289M
-/+ buffers/cache:       565M       426M
Swap:         8.0G         0B       8.0G

             total       used       free     shared    buffers     cached
Mem:          992M       913M        79M       1.5M        38M       289M
-/+ buffers/cache:       584M       407M
Swap:         8.0G         0B       8.0G

             total       used       free     shared    buffers     cached
Mem:          992M       931M        60M       1.5M        38M       289M
-/+ buffers/cache:       602M       389M
Swap:         8.0G         0B       8.0G

             total       used       free     shared    buffers     cached
Mem:          992M       923M        68M       1.5M        14M       288M
-/+ buffers/cache:       620M       371M
Swap:         8.0G         0B       8.0G

             total       used       free     shared    buffers     cached
Mem:          992M       921M        70M       1.4M        10M       273M
-/+ buffers/cache:       637M       354M
Swap:         8.0G        64K       8.0G

             total       used       free     shared    buffers     cached
Mem:          992M       918M        73M       1.3M       9.7M       253M
-/+ buffers/cache:       655M       336M
Swap:         8.0G       428K       8.0G

             total       used       free     shared    buffers     cached
Mem:          992M       931M        61M       1.3M       9.7M       248M
-/+ buffers/cache:       672M       319M
Swap:         8.0G       428K       8.0G

             total       used       free     shared    buffers     cached
Mem:          992M       931M        60M       1.2M       9.7M       233M
-/+ buffers/cache:       688M       303M
Swap:         8.0G       4.8M       8.0G

             total       used       free     shared    buffers     cached
Mem:          992M       920M        72M       1.2M       9.7M       209M
-/+ buffers/cache:       700M       291M
Swap:         8.0G       9.8M       8.0G

             total       used       free     shared    buffers     cached
Mem:          992M       932M        59M       1.2M       9.7M       208M
-/+ buffers/cache:       714M       277M
Swap:         8.0G       9.8M       8.0G

             total       used       free     shared    buffers     cached
Mem:          992M       929M        62M       1.2M       2.2M       196M
-/+ buffers/cache:       730M       261M
Swap:         8.0G       9.8M       8.0G

             total       used       free     shared    buffers     cached
Mem:          992M       921M        70M       1.2M       208K       175M
-/+ buffers/cache:       746M       245M
Swap:         8.0G       9.8M       8.0G

             total       used       free     shared    buffers     cached
Mem:          992M       917M        74M       1.2M       196K       154M
-/+ buffers/cache:       762M       229M
Swap:         8.0G       9.8M       8.0G

             total       used       free     shared    buffers     cached
Mem:          992M       916M        76M       1.2M       196K       136M
-/+ buffers/cache:       779M       212M
Swap:         8.0G       9.8M       8.0G

             total       used       free     shared    buffers     cached
Mem:          992M       922M        69M       1.2M       208K       136M
-/+ buffers/cache:       786M       205M
Swap:         8.0G       9.8M       8.0G

             total       used       free     shared    buffers     cached
Mem:          992M       920M        72M       1.2M       228K       120M
-/+ buffers/cache:       799M       192M
Swap:         8.0G       9.8M       8.0G

             total       used       free     shared    buffers     cached
Mem:          992M       919M        73M       1.2M       232K       106M
-/+ buffers/cache:       812M       179M
Swap:         8.0G       9.8M       8.0G

             total       used       free     shared    buffers     cached
Mem:          992M       920M        71M       1.2M       232K        94M
-/+ buffers/cache:       825M       166M
Swap:         8.0G       9.8M       8.0G

             total       used       free     shared    buffers     cached
Mem:          992M       911M        80M       1.2M       232K        73M
-/+ buffers/cache:       837M       154M
Swap:         8.0G       9.8M       8.0G

             total       used       free     shared    buffers     cached
Mem:          992M       925M        66M       1.2M       236K        73M
-/+ buffers/cache:       851M       140M
Swap:         8.0G       9.8M       8.0G

             total       used       free     shared    buffers     cached
Mem:          992M       921M        70M       1.2M       244K        56M
-/+ buffers/cache:       864M       127M
Swap:         8.0G       9.8M       8.0G

             total       used       free     shared    buffers     cached
Mem:          992M       922M        69M       1.2M       244K        44M
-/+ buffers/cache:       877M       114M
Swap:         8.0G       9.8M       8.0G

             total       used       free     shared    buffers     cached
Mem:          992M       918M        73M       1.0M       3.1M        22M
-/+ buffers/cache:       892M        99M
Swap:         8.0G        13M       8.0G

             total       used       free     shared    buffers     cached
Mem:          992M       918M        73M       728K       3.1M        20M
-/+ buffers/cache:       895M        96M
Swap:         8.0G        33M       8.0G

             total       used       free     shared    buffers     cached
Mem:          992M       920M        72M       732K       756K        10M
-/+ buffers/cache:       908M        83M
Swap:         8.0G        33M       8.0G

             total       used       free     shared    buffers     cached
Mem:          992M       929M        62M       728K       204K       9.0M
-/+ buffers/cache:       920M        71M
Swap:         8.0G        33M       8.0G

             total       used       free     shared    buffers     cached
Mem:          992M       879M       112M       664K       208K       8.9M
-/+ buffers/cache:       870M       121M
Swap:         8.0G       121M       7.9G

             total       used       free     shared    buffers     cached
Mem:          992M       893M        98M       664K       224K       8.9M
-/+ buffers/cache:       884M       107M
Swap:         8.0G       121M       7.9G

             total       used       free     shared    buffers     cached
Mem:          992M       907M        84M       664K       224K       8.9M
-/+ buffers/cache:       898M        93M
Swap:         8.0G       121M       7.9G

             total       used       free     shared    buffers     cached
Mem:          992M       920M        71M       664K       224K       8.9M
-/+ buffers/cache:       911M        80M
Swap:         8.0G       121M       7.9G

             total       used       free     shared    buffers     cached
Mem:          992M       902M        89M       664K       212K       3.5M
-/+ buffers/cache:       898M        93M
Swap:         8.0G       121M       7.9G

             total       used       free     shared    buffers     cached
Mem:          992M       917M        74M       664K       220K       3.5M
-/+ buffers/cache:       913M        78M
Swap:         8.0G       121M       7.9G

             total       used       free     shared    buffers     cached
Mem:          992M       920M        71M       664K       220K       3.2M
-/+ buffers/cache:       916M        75M
Swap:         8.0G       139M       7.9G

             total       used       free     shared    buffers     cached
Mem:          992M       919M        72M       664K       220K       2.9M
-/+ buffers/cache:       916M        75M
Swap:         8.0G       144M       7.9G

             total       used       free     shared    buffers     cached
Mem:          992M       915M        76M       612K       216K       2.6M
-/+ buffers/cache:       912M        79M
Swap:         8.0G       182M       7.8G

             total       used       free     shared    buffers     cached
Mem:          992M       915M        77M       588K       216K       2.5M
-/+ buffers/cache:       912M        79M
Swap:         8.0G       182M       7.8G

             total       used       free     shared    buffers     cached
Mem:          992M       902M        89M       588K       116K       2.4M
-/+ buffers/cache:       900M        91M
Swap:         8.0G       222M       7.8G

             total       used       free     shared    buffers     cached
Mem:          992M       918M        73M       584K       116K       2.4M
-/+ buffers/cache:       916M        75M
Swap:         8.0G       222M       7.8G

             total       used       free     shared    buffers     cached
Mem:          992M       923M        68M       584K        80K       2.8M
-/+ buffers/cache:       920M        71M
Swap:         8.0G       222M       7.8G

             total       used       free     shared    buffers     cached
Mem:          992M       913M        78M       560K        80K       2.5M
-/+ buffers/cache:       911M        80M
Swap:         8.0G       250M       7.8G

             total       used       free     shared    buffers     cached
Mem:          992M       909M        82M       560K        80K       2.3M
-/+ buffers/cache:       907M        85M
Swap:         8.0G       273M       7.7G

             total       used       free     shared    buffers     cached
Mem:          992M       913M        78M       560K        88K       2.4M
-/+ buffers/cache:       911M        80M
Swap:         8.0G       273M       7.7G

             total       used       free     shared    buffers     cached
Mem:          992M       921M        70M       560K        88K       2.3M
-/+ buffers/cache:       919M        73M
Swap:         8.0G       273M       7.7G

             total       used       free     shared    buffers     cached
Mem:          992M       915M        76M       560K        88K       2.3M
-/+ buffers/cache:       912M        79M
Swap:         8.0G       277M       7.7G

             total       used       free     shared    buffers     cached
Mem:          992M       922M        69M       560K        88K       2.3M
-/+ buffers/cache:       919M        72M
Swap:         8.0G       277M       7.7G

             total       used       free     shared    buffers     cached
Mem:          992M       910M        81M       560K        88K       2.2M
-/+ buffers/cache:       908M        84M
Swap:         8.0G       311M       7.7G

             total       used       free     shared    buffers     cached
Mem:          992M       915M        76M       560K        88K       2.2M
-/+ buffers/cache:       913M        79M
Swap:         8.0G       311M       7.7G

             total       used       free     shared    buffers     cached
Mem:          992M       920M        71M       560K        96K       2.3M
-/+ buffers/cache:       918M        73M
Swap:         8.0G       311M       7.7G

             total       used       free     shared    buffers     cached
Mem:          992M       911M        80M       560K        96K       2.2M
-/+ buffers/cache:       909M        83M
Swap:         8.0G       311M       7.7G

             total       used       free     shared    buffers     cached
Mem:          992M       915M        76M       560K        96K       2.2M
-/+ buffers/cache:       913M        78M
Swap:         8.0G       311M       7.7G

             total       used       free     shared    buffers     cached
Mem:          992M       920M        71M       560K        96K       2.2M
-/+ buffers/cache:       918M        73M
Swap:         8.0G       311M       7.7G

             total       used       free     shared    buffers     cached
Mem:          992M       924M        67M       560K        96K       2.3M
-/+ buffers/cache:       922M        69M
Swap:         8.0G       311M       7.7G

             total       used       free     shared    buffers     cached
Mem:          992M       915M        76M        24K        92K       1.6M
-/+ buffers/cache:       913M        78M
Swap:         8.0G       332M       7.7G

             total       used       free     shared    buffers     cached
Mem:          992M       919M        72M        24K        92K       1.6M
-/+ buffers/cache:       918M        74M
Swap:         8.0G       332M       7.7G

             total       used       free     shared    buffers     cached
Mem:          992M       925M        67M        24K        92K       1.6M
-/+ buffers/cache:       923M        68M
Swap:         8.0G       332M       7.7G

             total       used       free     shared    buffers     cached
Mem:          992M       916M        75M        24K        92K       1.6M
-/+ buffers/cache:       914M        77M
Swap:         8.0G       342M       7.7G

             total       used       free     shared    buffers     cached
Mem:          992M       917M        74M        24K        84K       1.6M
-/+ buffers/cache:       916M        76M
Swap:         8.0G       335M       7.7G

             total       used       free     shared    buffers     cached
Mem:          992M       914M        77M        20K        92K       1.5M
-/+ buffers/cache:       912M        79M
Swap:         8.0G       331M       7.7G

             total       used       free     shared    buffers     cached
Mem:          992M       916M        75M        20K        92K       1.5M
-/+ buffers/cache:       914M        77M
Swap:         8.0G       327M       7.7G

             total       used       free     shared    buffers     cached
Mem:          992M       911M        80M         0B        92K       1.4M
-/+ buffers/cache:       909M        82M
Swap:         8.0G       336M       7.7G

             total       used       free     shared    buffers     cached
Mem:          992M       912M        79M         0B        76K       1.4M
-/+ buffers/cache:       911M        80M
Swap:         8.0G       330M       7.7G

             total       used       free     shared    buffers     cached
Mem:          992M       918M        73M         0B        76K       1.4M
-/+ buffers/cache:       917M        75M
Swap:         8.0G       326M       7.7G

             total       used       free     shared    buffers     cached
Mem:          992M       915M        76M         0B        76K       1.5M
-/+ buffers/cache:       914M        77M
Swap:         8.0G       331M       7.7G

             total       used       free     shared    buffers     cached
Mem:          992M       922M        69M         0B        76K       1.6M
-/+ buffers/cache:       920M        71M
Swap:         8.0G       435M       7.6G

             total       used       free     shared    buffers     cached
Mem:          992M       899M        93M         0B        76K       1.5M
-/+ buffers/cache:       897M        94M
Swap:         8.0G       407M       7.6G

             total       used       free     shared    buffers     cached
Mem:          992M       925M        66M         0B        76K       1.5M
-/+ buffers/cache:       923M        68M
Swap:         8.0G       349M       7.7G

             total       used       free     shared    buffers     cached
Mem:          992M       920M        71M         0B        80K       1.7M
-/+ buffers/cache:       918M        73M
Swap:         8.0G       338M       7.7G

             total       used       free     shared    buffers     cached
Mem:          992M       915M        76M         0B       104K       1.7M
-/+ buffers/cache:       913M        78M
Swap:         8.0G       338M       7.7G

             total       used       free     shared    buffers     cached
Mem:          992M       914M        78M         0B       112K       2.1M
-/+ buffers/cache:       911M        80M
Swap:         8.0G       337M       7.7G

             total       used       free     shared    buffers     cached
Mem:          992M       917M        74M         0B       112K       2.1M
-/+ buffers/cache:       915M        77M
Swap:         8.0G       335M       7.7G

             total       used       free     shared    buffers     cached
Mem:          992M       922M        69M         0B       112K       2.1M
-/+ buffers/cache:       920M        72M
Swap:         8.0G       334M       7.7G

             total       used       free     shared    buffers     cached
Mem:          992M       907M        85M         0B        84K       2.0M
-/+ buffers/cache:       905M        87M
Swap:         8.0G       362M       7.6G

             total       used       free     shared    buffers     cached
Mem:          992M       913M        78M         0B        84K       2.0M
-/+ buffers/cache:       911M        80M
Swap:         8.0G       362M       7.6G

             total       used       free     shared    buffers     cached
Mem:          992M       917M        74M         0B        84K       6.0M
-/+ buffers/cache:       911M        80M
Swap:         8.0G       362M       7.6G

             total       used       free     shared    buffers     cached
Mem:          992M       910M        81M         0B       220K        17M
-/+ buffers/cache:       892M        99M
Swap:         8.0G       397M       7.6G

             total       used       free     shared    buffers     cached
Mem:          992M       916M        75M         0B       536K        19M
-/+ buffers/cache:       897M        95M
Swap:         8.0G       397M       7.6G

             total       used       free     shared    buffers     cached
Mem:          992M       922M        69M         0B       536K        19M
-/+ buffers/cache:       902M        89M
Swap:         8.0G       397M       7.6G

             total       used       free     shared    buffers     cached
Mem:          992M       913M        79M         0B       536K        18M
-/+ buffers/cache:       894M        97M
Swap:         8.0G       413M       7.6G

             total       used       free     shared    buffers     cached
Mem:          992M       914M        77M         0B       536K        17M
-/+ buffers/cache:       896M        96M
Swap:         8.0G       412M       7.6G

             total       used       free     shared    buffers     cached
Mem:          992M       916M        75M         0B       544K        18M
-/+ buffers/cache:       897M        94M
Swap:         8.0G       411M       7.6G

             total       used       free     shared    buffers     cached
Mem:          992M       918M        74M         0B       544K        18M
-/+ buffers/cache:       899M        92M
Swap:         8.0G       411M       7.6G

             total       used       free     shared    buffers     cached
Mem:          992M       919M        72M         0B       544K        18M
-/+ buffers/cache:       901M        90M
Swap:         8.0G       410M       7.6G

             total       used       free     shared    buffers     cached
Mem:          992M       922M        69M         0B       544K        18M
-/+ buffers/cache:       903M        88M
Swap:         8.0G       409M       7.6G

             total       used       free     shared    buffers     cached
Mem:          992M       924M        67M         0B       544K        18M
-/+ buffers/cache:       905M        86M
Swap:         8.0G       408M       7.6G

             total       used       free     shared    buffers     cached
Mem:          992M       913M        78M         0B       552K        17M
-/+ buffers/cache:       895M        96M
Swap:         8.0G       409M       7.6G

             total       used       free     shared    buffers     cached
Mem:          992M       915M        76M         0B       552K        17M
-/+ buffers/cache:       897M        95M
Swap:         8.0G       408M       7.6G

             total       used       free     shared    buffers     cached
Mem:          992M       917M        75M         0B       552K        17M
-/+ buffers/cache:       898M        93M
Swap:         8.0G       407M       7.6G

             total       used       free     shared    buffers     cached
Mem:          992M       919M        73M         0B       552K        17M
-/+ buffers/cache:       900M        91M
Swap:         8.0G       406M       7.6G

             total       used       free     shared    buffers     cached
Mem:          992M       921M        71M         0B       552K        17M
-/+ buffers/cache:       902M        89M
Swap:         8.0G       405M       7.6G

             total       used       free     shared    buffers     cached
Mem:          992M       922M        69M         0B       560K        17M
-/+ buffers/cache:       904M        87M
Swap:         8.0G       405M       7.6G

             total       used       free     shared    buffers     cached
Mem:          992M       924M        67M         0B       560K        17M
-/+ buffers/cache:       906M        85M
Swap:         8.0G       404M       7.6G

             total       used       free     shared    buffers     cached
Mem:          992M       911M        81M         0B       560K        15M
-/+ buffers/cache:       895M        97M
Swap:         8.0G       421M       7.6G

             total       used       free     shared    buffers     cached
Mem:          992M       913M        79M         0B       560K        15M
-/+ buffers/cache:       897M        95M
Swap:         8.0G       420M       7.6G

             total       used       free     shared    buffers     cached
Mem:          992M       914M        77M         0B       560K        15M
-/+ buffers/cache:       898M        93M
Swap:         8.0G       419M       7.6G

             total       used       free     shared    buffers     cached
Mem:          992M       916M        75M         0B       560K        15M
-/+ buffers/cache:       900M        91M
Swap:         8.0G       419M       7.6G

             total       used       free     shared    buffers     cached
Mem:          992M       918M        73M         0B       568K        15M
-/+ buffers/cache:       902M        89M
Swap:         8.0G       418M       7.6G

             total       used       free     shared    buffers     cached
Mem:          992M       919M        72M         0B       568K        15M
-/+ buffers/cache:       903M        88M
Swap:         8.0G       417M       7.6G

             total       used       free     shared    buffers     cached
Mem:          992M       921M        70M         0B       568K        15M
-/+ buffers/cache:       905M        86M
Swap:         8.0G       416M       7.6G

             total       used       free     shared    buffers     cached
Mem:          992M       923M        68M         0B       568K        15M
-/+ buffers/cache:       907M        84M
Swap:         8.0G       416M       7.6G

             total       used       free     shared    buffers     cached
Mem:          992M       925M        66M         0B       568K        15M
-/+ buffers/cache:       909M        82M
Swap:         8.0G       415M       7.6G

             total       used       free     shared    buffers     cached
Mem:          992M       913M        78M         0B       420K       9.7M
-/+ buffers/cache:       903M        88M
Swap:         8.0G       416M       7.6G

             total       used       free     shared    buffers     cached
Mem:          992M       915M        76M         0B       420K       9.7M
-/+ buffers/cache:       905M        87M
Swap:         8.0G       416M       7.6G

             total       used       free     shared    buffers     cached
Mem:          992M       917M        75M         0B       424K       9.7M
-/+ buffers/cache:       906M        85M
Swap:         8.0G       415M       7.6G

             total       used       free     shared    buffers     cached
Mem:          992M       919M        73M         0B       424K       9.7M
-/+ buffers/cache:       908M        83M
Swap:         8.0G       414M       7.6G

             total       used       free     shared    buffers     cached
Mem:          992M       920M        71M         0B       424K       9.7M
-/+ buffers/cache:       910M        81M
Swap:         8.0G       413M       7.6G

             total       used       free     shared    buffers     cached
Mem:          992M       923M        69M         0B       432K       9.7M
-/+ buffers/cache:       912M        79M
Swap:         8.0G       412M       7.6G

             total       used       free     shared    buffers     cached
Mem:          992M       925M        67M         0B       432K       9.7M
-/+ buffers/cache:       915M        77M
Swap:         8.0G       411M       7.6G

             total       used       free     shared    buffers     cached
Mem:          992M       915M        77M         0B       116K       4.6M
-/+ buffers/cache:       910M        81M
Swap:         8.0G       415M       7.6G

             total       used       free     shared    buffers     cached
Mem:          992M       917M        75M         0B       116K       4.6M
-/+ buffers/cache:       912M        79M
Swap:         8.0G       414M       7.6G

             total       used       free     shared    buffers     cached
Mem:          992M       918M        73M         0B       116K       4.6M
-/+ buffers/cache:       914M        77M
Swap:         8.0G       413M       7.6G

             total       used       free     shared    buffers     cached
Mem:          992M       921M        70M         0B       116K       4.5M
-/+ buffers/cache:       916M        75M
Swap:         8.0G       412M       7.6G

             total       used       free     shared    buffers     cached
Mem:          992M       923M        68M         0B       124K       4.6M
-/+ buffers/cache:       918M        73M
Swap:         8.0G       411M       7.6G

             total       used       free     shared    buffers     cached
Mem:          992M       924M        67M         0B       124K       4.5M
-/+ buffers/cache:       920M        71M
Swap:         8.0G       410M       7.6G

             total       used       free     shared    buffers     cached
Mem:          992M       915M        77M         0B        88K       2.1M
-/+ buffers/cache:       912M        79M
Swap:         8.0G       423M       7.6G

             total       used       free     shared    buffers     cached
Mem:          992M       916M        75M         0B        88K       2.1M
-/+ buffers/cache:       914M        77M
Swap:         8.0G       422M       7.6G

             total       used       free     shared    buffers     cached
Mem:          992M       918M        73M         0B        88K       2.2M
-/+ buffers/cache:       916M        75M
Swap:         8.0G       421M       7.6G

             total       used       free     shared    buffers     cached
Mem:          992M       920M        72M         0B        96K       2.2M
-/+ buffers/cache:       917M        74M
Swap:         8.0G       421M       7.6G

             total       used       free     shared    buffers     cached
Mem:          992M       922M        69M         0B        96K       2.1M
-/+ buffers/cache:       920M        72M
Swap:         8.0G       420M       7.6G

             total       used       free     shared    buffers     cached
Mem:          992M       923M        68M         0B        96K       2.2M
-/+ buffers/cache:       921M        70M
Swap:         8.0G       419M       7.6G

             total       used       free     shared    buffers     cached
Mem:          992M       909M        82M         0B        96K       1.9M
-/+ buffers/cache:       908M        84M
Swap:         8.0G       438M       7.6G

             total       used       free     shared    buffers     cached
Mem:          992M       911M        80M         0B        96K       1.9M
-/+ buffers/cache:       909M        82M
Swap:         8.0G       437M       7.6G

             total       used       free     shared    buffers     cached
Mem:          992M       913M        78M         0B       104K       1.9M
-/+ buffers/cache:       911M        80M
Swap:         8.0G       436M       7.6G

             total       used       free     shared    buffers     cached
Mem:          992M       915M        76M         0B       104K       1.9M
-/+ buffers/cache:       913M        78M
Swap:         8.0G       435M       7.6G

             total       used       free     shared    buffers     cached
Mem:          992M       917M        74M         0B       116K       1.9M
-/+ buffers/cache:       915M        76M
Swap:         8.0G       434M       7.6G

             total       used       free     shared    buffers     cached
Mem:          992M       919M        72M         0B       116K       1.9M
-/+ buffers/cache:       917M        74M
Swap:         8.0G       433M       7.6G

             total       used       free     shared    buffers     cached
Mem:          992M       921M        70M         0B       116K       1.9M
-/+ buffers/cache:       919M        72M
Swap:         8.0G       432M       7.6G

             total       used       free     shared    buffers     cached
Mem:          992M       923M        68M         0B       116K       1.9M
-/+ buffers/cache:       921M        70M
Swap:         8.0G       431M       7.6G

             total       used       free     shared    buffers     cached
Mem:          992M       925M        67M         0B       124K       1.9M
-/+ buffers/cache:       923M        69M
Swap:         8.0G       429M       7.6G

             total       used       free     shared    buffers     cached
Mem:          992M       914M        77M         0B       128K       1.9M
-/+ buffers/cache:       912M        79M
Swap:         8.0G       433M       7.6G

             total       used       free     shared    buffers     cached
Mem:          992M       916M        75M         0B       128K       1.8M
-/+ buffers/cache:       914M        77M
Swap:         8.0G       432M       7.6G

             total       used       free     shared    buffers     cached
Mem:          992M       918M        74M         0B       128K       1.9M
-/+ buffers/cache:       916M        76M
Swap:         8.0G       431M       7.6G

             total       used       free     shared    buffers     cached
Mem:          992M       919M        72M         0B       128K       1.9M
-/+ buffers/cache:       917M        74M
Swap:         8.0G       430M       7.6G

             total       used       free     shared    buffers     cached
Mem:          992M       921M        70M         0B       136K       1.9M
-/+ buffers/cache:       919M        72M
Swap:         8.0G       429M       7.6G

             total       used       free     shared    buffers     cached
Mem:          992M       911M        80M         0B       508K       7.4M
-/+ buffers/cache:       903M        88M
Swap:         8.0G       451M       7.6G

             total       used       free     shared    buffers     cached
Mem:          992M       909M        82M         0B       348K        29M
-/+ buffers/cache:       878M       113M
Swap:         8.0G       482M       7.5G

             total       used       free     shared    buffers     cached
Mem:          992M       912M        80M        16K       800K        30M
-/+ buffers/cache:       881M       110M
Swap:         8.0G       481M       7.5G

             total       used       free     shared    buffers     cached
Mem:          992M       913M        78M        16K       800K        30M
-/+ buffers/cache:       882M       109M
Swap:         8.0G       480M       7.5G

             total       used       free     shared    buffers     cached
Mem:          992M       916M        75M        16K       808K        31M
-/+ buffers/cache:       884M       107M
Swap:         8.0G       479M       7.5G

             total       used       free     shared    buffers     cached
Mem:          992M       918M        73M        28K       808K        31M
-/+ buffers/cache:       885M       106M
Swap:         8.0G       478M       7.5G

             total       used       free     shared    buffers     cached
Mem:          992M       919M        72M        28K       808K        31M
-/+ buffers/cache:       887M       105M
Swap:         8.0G       478M       7.5G

             total       used       free     shared    buffers     cached
Mem:          992M       920M        71M        28K       808K        31M
-/+ buffers/cache:       888M       104M
Swap:         8.0G       477M       7.5G

             total       used       free     shared    buffers     cached
Mem:          992M       923M        68M        28K       812K        32M
-/+ buffers/cache:       890M       101M
Swap:         8.0G       476M       7.5G

             total       used       free     shared    buffers     cached
Mem:          992M       924M        67M        28K       812K        32M
-/+ buffers/cache:       891M       101M
Swap:         8.0G       475M       7.5G

             total       used       free     shared    buffers     cached
Mem:          992M       910M        81M        28K       820K        31M
-/+ buffers/cache:       877M       114M
Swap:         8.0G       485M       7.5G

             total       used       free     shared    buffers     cached
Mem:          992M       911M        80M        28K       820K        31M
-/+ buffers/cache:       878M       113M
Swap:         8.0G       484M       7.5G

             total       used       free     shared    buffers     cached
Mem:          992M       912M        79M        28K       820K        31M
-/+ buffers/cache:       879M       112M
Swap:         8.0G       484M       7.5G

             total       used       free     shared    buffers     cached
Mem:          992M       913M        78M        28K       820K        31M
-/+ buffers/cache:       881M       111M
Swap:         8.0G       483M       7.5G

             total       used       free     shared    buffers     cached
Mem:          992M       914M        77M        28K       820K        31M
-/+ buffers/cache:       882M       110M
Swap:         8.0G       482M       7.5G

             total       used       free     shared    buffers     cached
Mem:          992M       915M        76M        28K       828K        31M
-/+ buffers/cache:       883M       108M
Swap:         8.0G       482M       7.5G

             total       used       free     shared    buffers     cached
Mem:          992M       917M        75M        28K       832K        31M
-/+ buffers/cache:       884M       107M
Swap:         8.0G       481M       7.5G

             total       used       free     shared    buffers     cached
Mem:          992M       918M        74M        28K       832K        31M
-/+ buffers/cache:       885M       106M
Swap:         8.0G       481M       7.5G

             total       used       free     shared    buffers     cached
Mem:          992M       919M        72M        28K       832K        31M
-/+ buffers/cache:       886M       105M
Swap:         8.0G       480M       7.5G

             total       used       free     shared    buffers     cached
Mem:          992M       920M        71M        28K       832K        31M
-/+ buffers/cache:       887M       104M
Swap:         8.0G       480M       7.5G

             total       used       free     shared    buffers     cached
Mem:          992M       921M        70M        28K       832K        31M
-/+ buffers/cache:       888M       103M
Swap:         8.0G       479M       7.5G

             total       used       free     shared    buffers     cached
Mem:          992M       922M        69M        28K       840K        31M
-/+ buffers/cache:       890M       102M
Swap:         8.0G       478M       7.5G

             total       used       free     shared    buffers     cached
Mem:          992M       924M        68M        28K       840K        31M
-/+ buffers/cache:       891M       100M
Swap:         8.0G       478M       7.5G

             total       used       free     shared    buffers     cached
Mem:          992M       925M        67M        28K       840K        31M
-/+ buffers/cache:       892M        99M
Swap:         8.0G       477M       7.5G

             total       used       free     shared    buffers     cached
Mem:          992M       913M        78M        28K       840K        30M
-/+ buffers/cache:       881M       110M
Swap:         8.0G       485M       7.5G

             total       used       free     shared    buffers     cached
Mem:          992M       914M        77M        28K       840K        30M
-/+ buffers/cache:       882M       109M
Swap:         8.0G       485M       7.5G

             total       used       free     shared    buffers     cached
Mem:          992M       915M        76M        28K       848K        30M
-/+ buffers/cache:       884M       107M
Swap:         8.0G       484M       7.5G

             total       used       free     shared    buffers     cached
Mem:          992M       916M        75M        28K       848K        30M
-/+ buffers/cache:       885M       106M
Swap:         8.0G       484M       7.5G

             total       used       free     shared    buffers     cached
Mem:          992M       918M        74M        28K       848K        30M
-/+ buffers/cache:       886M       105M
Swap:         8.0G       483M       7.5G

             total       used       free     shared    buffers     cached
Mem:          992M       919M        73M        28K       848K        30M
-/+ buffers/cache:       887M       104M
Swap:         8.0G       482M       7.5G

             total       used       free     shared    buffers     cached
Mem:          992M       920M        71M        28K       848K        30M
-/+ buffers/cache:       889M       103M
Swap:         8.0G       482M       7.5G

             total       used       free     shared    buffers     cached
Mem:          992M       921M        70M        28K       848K        30M
-/+ buffers/cache:       890M       102M
Swap:         8.0G       481M       7.5G

             total       used       free     shared    buffers     cached
Mem:          992M       922M        69M        28K       856K        30M
-/+ buffers/cache:       891M       101M
Swap:         8.0G       481M       7.5G

             total       used       free     shared    buffers     cached
Mem:          992M       923M        68M        28K       856K        30M
-/+ buffers/cache:       892M        99M
Swap:         8.0G       480M       7.5G

             total       used       free     shared    buffers     cached
Mem:          992M       924M        67M        28K       856K        30M
-/+ buffers/cache:       893M        98M
Swap:         8.0G       479M       7.5G

             total       used       free     shared    buffers     cached
Mem:          992M       910M        82M        28K       856K        29M
-/+ buffers/cache:       880M       111M
Swap:         8.0G       501M       7.5G

             total       used       free     shared    buffers     cached
Mem:          992M       911M        80M        28K       856K        29M
-/+ buffers/cache:       881M       110M
Swap:         8.0G       500M       7.5G

             total       used       free     shared    buffers     cached
Mem:          992M       912M        79M        28K       864K        29M
-/+ buffers/cache:       882M       109M
Swap:         8.0G       499M       7.5G

             total       used       free     shared    buffers     cached
Mem:          992M       913M        78M        28K       864K        29M
-/+ buffers/cache:       883M       108M
Swap:         8.0G       499M       7.5G

             total       used       free     shared    buffers     cached
Mem:          992M       914M        77M        28K       864K        29M
-/+ buffers/cache:       884M       107M
Swap:         8.0G       498M       7.5G

             total       used       free     shared    buffers     cached
Mem:          992M       915M        76M        28K       864K        29M
-/+ buffers/cache:       886M       106M
Swap:         8.0G       498M       7.5G

             total       used       free     shared    buffers     cached
Mem:          992M       917M        75M        28K       864K        29M
-/+ buffers/cache:       887M       104M
Swap:         8.0G       497M       7.5G

             total       used       free     shared    buffers     cached
Mem:          992M       918M        73M        28K       864K        29M
-/+ buffers/cache:       888M       103M
Swap:         8.0G       496M       7.5G

             total       used       free     shared    buffers     cached
Mem:          992M       919M        72M        28K       872K        29M
-/+ buffers/cache:       889M       102M
Swap:         8.0G       496M       7.5G

             total       used       free     shared    buffers     cached
Mem:          992M       921M        71M        28K       872K        29M
-/+ buffers/cache:       891M       101M
Swap:         8.0G       495M       7.5G

             total       used       free     shared    buffers     cached
Mem:          992M       922M        69M        28K       872K        29M
-/+ buffers/cache:       892M        99M
Swap:         8.0G       494M       7.5G

             total       used       free     shared    buffers     cached
Mem:          992M       923M        68M        28K       872K        29M
-/+ buffers/cache:       893M        98M
Swap:         8.0G       494M       7.5G

             total       used       free     shared    buffers     cached
Mem:          992M       924M        67M        28K       872K        29M
-/+ buffers/cache:       894M        97M
Swap:         8.0G       493M       7.5G

             total       used       free     shared    buffers     cached
Mem:          992M       914M        78M        28K       880K        28M
-/+ buffers/cache:       884M       107M
Swap:         8.0G       492M       7.5G

             total       used       free     shared    buffers     cached
Mem:          992M       915M        76M        28K       880K        28M
-/+ buffers/cache:       886M       106M
Swap:         8.0G       491M       7.5G

             total       used       free     shared    buffers     cached
Mem:          992M       916M        75M        28K       880K        28M
-/+ buffers/cache:       887M       104M
Swap:         8.0G       491M       7.5G

             total       used       free     shared    buffers     cached
Mem:          992M       917M        74M        28K       880K        28M
-/+ buffers/cache:       888M       103M
Swap:         8.0G       490M       7.5G

             total       used       free     shared    buffers     cached
Mem:          992M       919M        72M        28K       880K        28M
-/+ buffers/cache:       890M       102M
Swap:         8.0G       490M       7.5G

             total       used       free     shared    buffers     cached
Mem:          992M       920M        71M        28K       880K        28M
-/+ buffers/cache:       891M       100M
Swap:         8.0G       489M       7.5G

             total       used       free     shared    buffers     cached
Mem:          992M       921M        70M        28K       888K        28M
-/+ buffers/cache:       892M        99M
Swap:         8.0G       488M       7.5G

             total       used       free     shared    buffers     cached
Mem:          992M       923M        68M        28K       888K        28M
-/+ buffers/cache:       894M        98M
Swap:         8.0G       487M       7.5G

             total       used       free     shared    buffers     cached
Mem:          992M       924M        67M        28K       888K        28M
-/+ buffers/cache:       895M        97M
Swap:         8.0G       487M       7.5G

             total       used       free     shared    buffers     cached
Mem:          992M       911M        81M        28K       888K        25M
-/+ buffers/cache:       884M       107M
Swap:         8.0G       498M       7.5G

             total       used       free     shared    buffers     cached
Mem:          992M       911M        80M        28K       888K        25M
-/+ buffers/cache:       885M       106M
Swap:         8.0G       498M       7.5G

             total       used       free     shared    buffers     cached
Mem:          992M       913M        79M        28K       896K        25M
-/+ buffers/cache:       886M       105M
Swap:         8.0G       497M       7.5G

             total       used       free     shared    buffers     cached
Mem:          992M       918M        73M        28K       896K        30M
-/+ buffers/cache:       887M       104M
Swap:         8.0G       496M       7.5G

             total       used       free     shared    buffers     cached
Mem:          992M       920M        72M        28K       896K        30M
-/+ buffers/cache:       889M       103M
Swap:         8.0G       495M       7.5G

             total       used       free     shared    buffers     cached
Mem:          992M       921M        70M        28K       896K        30M
-/+ buffers/cache:       890M       101M
Swap:         8.0G       495M       7.5G

             total       used       free     shared    buffers     cached
Mem:          992M       922M        69M        28K       896K        30M
-/+ buffers/cache:       891M       100M
Swap:         8.0G       494M       7.5G

             total       used       free     shared    buffers     cached
Mem:          992M       924M        68M        28K       904K        30M
-/+ buffers/cache:       892M        99M
Swap:         8.0G       494M       7.5G

             total       used       free     shared    buffers     cached
Mem:          992M       913M        78M        28K       720K        28M
-/+ buffers/cache:       884M       107M
Swap:         8.0G       502M       7.5G

             total       used       free     shared    buffers     cached
Mem:          992M       914M        77M        32K       720K        28M
-/+ buffers/cache:       886M       105M
Swap:         8.0G       501M       7.5G

             total       used       free     shared    buffers     cached
Mem:          992M       916M        76M        32K       720K        28M
-/+ buffers/cache:       887M       104M
Swap:         8.0G       500M       7.5G

             total       used       free     shared    buffers     cached
Mem:          992M       923M        68M        32K       720K        30M
-/+ buffers/cache:       892M        99M
Swap:         8.0G       497M       7.5G

             total       used       free     shared    buffers     cached
Mem:          992M       925M        66M        32K       720K        30M
-/+ buffers/cache:       894M        97M
Swap:         8.0G       497M       7.5G

             total       used       free     shared    buffers     cached
Mem:          992M       908M        83M        32K       232K        24M
-/+ buffers/cache:       884M       108M
Swap:         8.0G       515M       7.5G

             total       used       free     shared    buffers     cached
Mem:          992M       911M        81M        32K       240K        25M
-/+ buffers/cache:       885M       106M
Swap:         8.0G       514M       7.5G

             total       used       free     shared    buffers     cached
Mem:          992M       911M        80M        32K       244K        25M
-/+ buffers/cache:       886M       105M
Swap:         8.0G       513M       7.5G

             total       used       free     shared    buffers     cached
Mem:          992M       912M        79M        32K       248K        25M
-/+ buffers/cache:       887M       104M
Swap:         8.0G       513M       7.5G

             total       used       free     shared    buffers     cached
Mem:          992M       912M        79M        32K       248K        25M
-/+ buffers/cache:       887M       104M
Swap:         8.0G       513M       7.5G

             total       used       free     shared    buffers     cached
Mem:          992M       913M        78M        32K       256K        25M
-/+ buffers/cache:       888M       103M
Swap:         8.0G       512M       7.5G

             total       used       free     shared    buffers     cached
Mem:          992M       914M        77M        32K       256K        25M
-/+ buffers/cache:       889M       103M
Swap:         8.0G       512M       7.5G

             total       used       free     shared    buffers     cached
Mem:          992M       914M        77M        32K       256K        25M
-/+ buffers/cache:       889M       102M
Swap:         8.0G       512M       7.5G

             total       used       free     shared    buffers     cached
Mem:          992M       915M        76M        32K       256K        25M
-/+ buffers/cache:       890M       101M
Swap:         8.0G       511M       7.5G

             total       used       free     shared    buffers     cached
Mem:          992M       916M        75M        32K       256K        25M
-/+ buffers/cache:       890M       101M
Swap:         8.0G       511M       7.5G

             total       used       free     shared    buffers     cached
Mem:          992M       916M        75M        32K       256K        25M
-/+ buffers/cache:       891M       100M
Swap:         8.0G       511M       7.5G

             total       used       free     shared    buffers     cached
Mem:          992M       914M        78M       208K       1.9M        45M
-/+ buffers/cache:       866M       125M
Swap:         8.0G       529M       7.5G

             total       used       free     shared    buffers     cached
Mem:          992M       917M        74M       3.9M       5.2M        64M
-/+ buffers/cache:       847M       144M
Swap:         8.0G       563M       7.4G

             total       used       free     shared    buffers     cached
Mem:          992M       923M        68M       232K       5.3M        66M
-/+ buffers/cache:       851M       140M
Swap:         8.0G       560M       7.5G

             total       used       free     shared    buffers     cached
Mem:          992M       924M        67M       232K       5.3M        66M
-/+ buffers/cache:       852M       139M
Swap:         8.0G       559M       7.5G

             total       used       free     shared    buffers     cached
Mem:          992M       908M        83M       232K       4.8M        60M
-/+ buffers/cache:       842M       149M
Swap:         8.0G       571M       7.4G

             total       used       free     shared    buffers     cached
Mem:          992M       908M        83M       232K       4.8M        60M
-/+ buffers/cache:       842M       149M
Swap:         8.0G       571M       7.4G

             total       used       free     shared    buffers     cached
Mem:          992M       909M        82M       232K       4.8M        60M
-/+ buffers/cache:       844M       147M
Swap:         8.0G       570M       7.4G

             total       used       free     shared    buffers     cached
Mem:          992M       911M        81M       232K       4.8M        60M
-/+ buffers/cache:       845M       146M
Swap:         8.0G       570M       7.4G

             total       used       free     shared    buffers     cached
Mem:          992M       913M        78M       232K       4.9M        61M
-/+ buffers/cache:       847M       145M
Swap:         8.0G       569M       7.4G

             total       used       free     shared    buffers     cached
Mem:          992M       914M        77M       232K       4.9M        61M
-/+ buffers/cache:       848M       143M
Swap:         8.0G       568M       7.4G

             total       used       free     shared    buffers     cached
Mem:          992M       915M        76M       232K       4.9M        61M
-/+ buffers/cache:       849M       142M
Swap:         8.0G       568M       7.4G

             total       used       free     shared    buffers     cached
Mem:          992M       917M        74M       232K       4.9M        61M
-/+ buffers/cache:       850M       141M
Swap:         8.0G       567M       7.4G

             total       used       free     shared    buffers     cached
Mem:          992M       918M        73M       232K       4.9M        61M
-/+ buffers/cache:       851M       140M
Swap:         8.0G       566M       7.4G

             total       used       free     shared    buffers     cached
Mem:          992M       919M        72M       232K       4.9M        61M
-/+ buffers/cache:       853M       138M
Swap:         8.0G       566M       7.4G

             total       used       free     shared    buffers     cached
Mem:          992M       921M        70M       232K       4.9M        61M
-/+ buffers/cache:       854M       137M
Swap:         8.0G       565M       7.4G

             total       used       free     shared    buffers     cached
Mem:          992M       922M        69M       232K       4.9M        61M
-/+ buffers/cache:       855M       136M
Swap:         8.0G       565M       7.4G

             total       used       free     shared    buffers     cached
Mem:          992M       923M        68M       232K       4.9M        61M
-/+ buffers/cache:       857M       135M
Swap:         8.0G       564M       7.4G

             total       used       free     shared    buffers     cached
Mem:          992M       924M        67M       232K       4.9M        61M
-/+ buffers/cache:       858M       133M
Swap:         8.0G       564M       7.4G

             total       used       free     shared    buffers     cached
Mem:          992M       900M        91M       232K       4.2M        59M
-/+ buffers/cache:       836M       155M
Swap:         8.0G       589M       7.4G

             total       used       free     shared    buffers     cached
Mem:          992M       901M        90M       232K       4.2M        60M
-/+ buffers/cache:       837M       154M
Swap:         8.0G       588M       7.4G

             total       used       free     shared    buffers     cached
Mem:          992M       903M        88M       232K       4.2M        60M
-/+ buffers/cache:       838M       153M
Swap:         8.0G       588M       7.4G

             total       used       free     shared    buffers     cached
Mem:          992M       904M        87M       232K       4.2M        60M
-/+ buffers/cache:       840M       152M
Swap:         8.0G       587M       7.4G

             total       used       free     shared    buffers     cached
Mem:          992M       905M        86M       232K       4.2M        60M
-/+ buffers/cache:       841M       150M
Swap:         8.0G       587M       7.4G

             total       used       free     shared    buffers     cached
Mem:          992M       907M        85M       232K       4.2M        60M
-/+ buffers/cache:       842M       149M
Swap:         8.0G       586M       7.4G

             total       used       free     shared    buffers     cached
Mem:          992M       908M        83M       232K       4.2M        60M
-/+ buffers/cache:       843M       148M
Swap:         8.0G       586M       7.4G

             total       used       free     shared    buffers     cached
Mem:          992M       909M        82M       232K       4.2M        60M
-/+ buffers/cache:       845M       147M
Swap:         8.0G       585M       7.4G

             total       used       free     shared    buffers     cached
Mem:          992M       911M        81M       232K       4.2M        60M
-/+ buffers/cache:       846M       145M
Swap:         8.0G       584M       7.4G

             total       used       free     shared    buffers     cached
Mem:          992M       912M        79M       232K       4.2M        60M
-/+ buffers/cache:       847M       144M
Swap:         8.0G       584M       7.4G

             total       used       free     shared    buffers     cached
Mem:          992M       913M        78M       232K       4.2M        60M
-/+ buffers/cache:       849M       143M
Swap:         8.0G       583M       7.4G

             total       used       free     shared    buffers     cached
Mem:          992M       914M        77M       232K       4.2M        60M
-/+ buffers/cache:       850M       141M
Swap:         8.0G       583M       7.4G

             total       used       free     shared    buffers     cached
Mem:          992M       916M        76M       232K       4.2M        60M
-/+ buffers/cache:       851M       140M
Swap:         8.0G       582M       7.4G

             total       used       free     shared    buffers     cached
Mem:          992M       917M        74M       232K       4.2M        60M
-/+ buffers/cache:       852M       139M
Swap:         8.0G       581M       7.4G

             total       used       free     shared    buffers     cached
Mem:          992M       918M        73M       232K       4.2M        60M
-/+ buffers/cache:       854M       137M
Swap:         8.0G       581M       7.4G

             total       used       free     shared    buffers     cached
Mem:          992M       920M        72M       232K       4.2M        60M
-/+ buffers/cache:       855M       136M
Swap:         8.0G       580M       7.4G

             total       used       free     shared    buffers     cached
Mem:          992M       921M        70M       232K       4.2M        60M
-/+ buffers/cache:       856M       135M
Swap:         8.0G       580M       7.4G

             total       used       free     shared    buffers     cached
Mem:          992M       922M        69M       232K       4.2M        60M
-/+ buffers/cache:       858M       134M
Swap:         8.0G       579M       7.4G

             total       used       free     shared    buffers     cached
Mem:          992M       924M        68M       232K       4.2M        60M
-/+ buffers/cache:       859M       132M
Swap:         8.0G       578M       7.4G

             total       used       free     shared    buffers     cached
Mem:          992M       925M        66M       232K       4.2M        60M
-/+ buffers/cache:       860M       131M
Swap:         8.0G       578M       7.4G

             total       used       free     shared    buffers     cached
Mem:          992M       915M        76M       232K       4.2M        59M
-/+ buffers/cache:       851M       141M
Swap:         8.0G       580M       7.4G

             total       used       free     shared    buffers     cached
Mem:          992M       916M        75M       232K       4.2M        60M
-/+ buffers/cache:       852M       140M
Swap:         8.0G       579M       7.4G

             total       used       free     shared    buffers     cached
Mem:          992M       918M        73M       232K       4.2M        60M
-/+ buffers/cache:       853M       138M
Swap:         8.0G       579M       7.4G

             total       used       free     shared    buffers     cached
Mem:          992M       920M        71M       308K       8.5M        73M
-/+ buffers/cache:       837M       154M
Swap:         8.0G       605M       7.4G

             total       used       free     shared    buffers     cached
Mem:          992M       909M        83M       316K       8.7M        73M
-/+ buffers/cache:       826M       165M
Swap:         8.0G       605M       7.4G
