             total       used       free     shared    buffers     cached
Mem:          2.0G       657M       1.3G       3.2M        41M       287M
-/+ buffers/cache:       328M       1.6G
Swap:         8.0G         0B       8.0G

             total       used       free     shared    buffers     cached
Mem:          2.0G       656M       1.3G       3.3M        41M       287M
-/+ buffers/cache:       327M       1.6G
Swap:         8.0G         0B       8.0G

             total       used       free     shared    buffers     cached
Mem:          2.0G       656M       1.3G       3.2M        41M       287M
-/+ buffers/cache:       327M       1.6G
Swap:         8.0G         0B       8.0G

             total       used       free     shared    buffers     cached
Mem:          2.0G       656M       1.3G       3.2M        41M       287M
-/+ buffers/cache:       327M       1.6G
Swap:         8.0G         0B       8.0G

             total       used       free     shared    buffers     cached
Mem:          2.0G       656M       1.3G       3.2M        41M       287M
-/+ buffers/cache:       327M       1.6G
Swap:         8.0G         0B       8.0G

             total       used       free     shared    buffers     cached
Mem:          2.0G       656M       1.3G       3.2M        41M       287M
-/+ buffers/cache:       327M       1.6G
Swap:         8.0G         0B       8.0G

             total       used       free     shared    buffers     cached
Mem:          2.0G       656M       1.3G       3.2M        41M       287M
-/+ buffers/cache:       327M       1.6G
Swap:         8.0G         0B       8.0G

             total       used       free     shared    buffers     cached
Mem:          2.0G       656M       1.3G       3.2M        41M       287M
-/+ buffers/cache:       327M       1.6G
Swap:         8.0G         0B       8.0G

             total       used       free     shared    buffers     cached
Mem:          2.0G       656M       1.3G       3.2M        41M       287M
-/+ buffers/cache:       327M       1.6G
Swap:         8.0G         0B       8.0G

             total       used       free     shared    buffers     cached
Mem:          2.0G       656M       1.3G       3.2M        41M       287M
-/+ buffers/cache:       327M       1.6G
Swap:         8.0G         0B       8.0G

             total       used       free     shared    buffers     cached
Mem:          2.0G       657M       1.3G       3.2M        41M       287M
-/+ buffers/cache:       327M       1.6G
Swap:         8.0G         0B       8.0G

             total       used       free     shared    buffers     cached
Mem:          2.0G       659M       1.3G       3.2M        42M       287M
-/+ buffers/cache:       329M       1.6G
Swap:         8.0G         0B       8.0G

             total       used       free     shared    buffers     cached
Mem:          2.0G       659M       1.3G       3.3M        42M       287M
-/+ buffers/cache:       329M       1.6G
Swap:         8.0G         0B       8.0G

             total       used       free     shared    buffers     cached
Mem:          2.0G       662M       1.3G       3.3M        42M       288M
-/+ buffers/cache:       332M       1.6G
Swap:         8.0G         0B       8.0G

             total       used       free     shared    buffers     cached
Mem:          2.0G       681M       1.3G       3.3M        42M       288M
-/+ buffers/cache:       351M       1.6G
Swap:         8.0G         0B       8.0G

             total       used       free     shared    buffers     cached
Mem:          2.0G       670M       1.3G       3.3M        42M       290M
-/+ buffers/cache:       338M       1.6G
Swap:         8.0G         0B       8.0G

             total       used       free     shared    buffers     cached
Mem:          2.0G       719M       1.3G       3.3M        42M       291M
-/+ buffers/cache:       385M       1.6G
Swap:         8.0G         0B       8.0G

             total       used       free     shared    buffers     cached
Mem:          2.0G       737M       1.2G       3.3M        42M       292M
-/+ buffers/cache:       402M       1.6G
Swap:         8.0G         0B       8.0G

             total       used       free     shared    buffers     cached
Mem:          2.0G       738M       1.2G       3.3M        42M       292M
-/+ buffers/cache:       404M       1.6G
Swap:         8.0G         0B       8.0G

             total       used       free     shared    buffers     cached
Mem:          2.0G       719M       1.3G       3.3M        42M       293M
-/+ buffers/cache:       383M       1.6G
Swap:         8.0G         0B       8.0G

             total       used       free     shared    buffers     cached
Mem:          2.0G       724M       1.2G       3.3M        42M       296M
-/+ buffers/cache:       385M       1.6G
Swap:         8.0G         0B       8.0G

             total       used       free     shared    buffers     cached
Mem:          2.0G       724M       1.2G       3.3M        42M       296M
-/+ buffers/cache:       385M       1.6G
Swap:         8.0G         0B       8.0G

             total       used       free     shared    buffers     cached
Mem:          2.0G       724M       1.2G       3.3M        42M       296M
-/+ buffers/cache:       385M       1.6G
Swap:         8.0G         0B       8.0G

             total       used       free     shared    buffers     cached
Mem:          2.0G       724M       1.2G       3.3M        42M       296M
-/+ buffers/cache:       385M       1.6G
Swap:         8.0G         0B       8.0G

             total       used       free     shared    buffers     cached
Mem:          2.0G       724M       1.2G       3.3M        42M       296M
-/+ buffers/cache:       385M       1.6G
Swap:         8.0G         0B       8.0G

             total       used       free     shared    buffers     cached
Mem:          2.0G       724M       1.2G       3.3M        42M       296M
-/+ buffers/cache:       385M       1.6G
Swap:         8.0G         0B       8.0G

             total       used       free     shared    buffers     cached
Mem:          2.0G       724M       1.2G       3.3M        42M       296M
-/+ buffers/cache:       385M       1.6G
Swap:         8.0G         0B       8.0G

             total       used       free     shared    buffers     cached
Mem:          2.0G       724M       1.2G       3.3M        42M       296M
-/+ buffers/cache:       385M       1.6G
Swap:         8.0G         0B       8.0G

             total       used       free     shared    buffers     cached
Mem:          2.0G       724M       1.2G       3.3M        42M       296M
-/+ buffers/cache:       385M       1.6G
Swap:         8.0G         0B       8.0G

             total       used       free     shared    buffers     cached
Mem:          2.0G       724M       1.2G       3.3M        42M       296M
-/+ buffers/cache:       385M       1.6G
Swap:         8.0G         0B       8.0G

             total       used       free     shared    buffers     cached
Mem:          2.0G       724M       1.2G       3.3M        42M       296M
-/+ buffers/cache:       385M       1.6G
Swap:         8.0G         0B       8.0G

             total       used       free     shared    buffers     cached
Mem:          2.0G       724M       1.2G       3.3M        42M       296M
-/+ buffers/cache:       385M       1.6G
Swap:         8.0G         0B       8.0G

             total       used       free     shared    buffers     cached
Mem:          2.0G       724M       1.2G       3.3M        42M       296M
-/+ buffers/cache:       385M       1.6G
Swap:         8.0G         0B       8.0G

             total       used       free     shared    buffers     cached
Mem:          2.0G       734M       1.2G       3.3M        42M       296M
-/+ buffers/cache:       394M       1.6G
Swap:         8.0G         0B       8.0G

             total       used       free     shared    buffers     cached
Mem:          2.0G       751M       1.2G       3.3M        42M       296M
-/+ buffers/cache:       411M       1.6G
Swap:         8.0G         0B       8.0G

             total       used       free     shared    buffers     cached
Mem:          2.0G       768M       1.2G       3.3M        42M       296M
-/+ buffers/cache:       428M       1.5G
Swap:         8.0G         0B       8.0G

             total       used       free     shared    buffers     cached
Mem:          2.0G       784M       1.2G       3.3M        42M       296M
-/+ buffers/cache:       444M       1.5G
Swap:         8.0G         0B       8.0G

             total       used       free     shared    buffers     cached
Mem:          2.0G       798M       1.2G       3.3M        42M       296M
-/+ buffers/cache:       458M       1.5G
Swap:         8.0G         0B       8.0G

             total       used       free     shared    buffers     cached
Mem:          2.0G       813M       1.2G       3.3M        42M       296M
-/+ buffers/cache:       473M       1.5G
Swap:         8.0G         0B       8.0G

             total       used       free     shared    buffers     cached
Mem:          2.0G       828M       1.1G       3.3M        42M       296M
-/+ buffers/cache:       488M       1.5G
Swap:         8.0G         0B       8.0G

             total       used       free     shared    buffers     cached
Mem:          2.0G       840M       1.1G       3.3M        42M       296M
-/+ buffers/cache:       501M       1.5G
Swap:         8.0G         0B       8.0G

             total       used       free     shared    buffers     cached
Mem:          2.0G       855M       1.1G       3.3M        42M       296M
-/+ buffers/cache:       516M       1.4G
Swap:         8.0G         0B       8.0G

             total       used       free     shared    buffers     cached
Mem:          2.0G       869M       1.1G       3.3M        42M       296M
-/+ buffers/cache:       530M       1.4G
Swap:         8.0G         0B       8.0G

             total       used       free     shared    buffers     cached
Mem:          2.0G       887M       1.1G       3.3M        42M       296M
-/+ buffers/cache:       548M       1.4G
Swap:         8.0G         0B       8.0G

             total       used       free     shared    buffers     cached
Mem:          2.0G       902M       1.1G       3.3M        42M       296M
-/+ buffers/cache:       563M       1.4G
Swap:         8.0G         0B       8.0G

             total       used       free     shared    buffers     cached
Mem:          2.0G       921M       1.1G       3.3M        42M       296M
-/+ buffers/cache:       581M       1.4G
Swap:         8.0G         0B       8.0G

             total       used       free     shared    buffers     cached
Mem:          2.0G       936M       1.0G       3.3M        42M       296M
-/+ buffers/cache:       596M       1.4G
Swap:         8.0G         0B       8.0G

             total       used       free     shared    buffers     cached
Mem:          2.0G       950M       1.0G       3.3M        42M       296M
-/+ buffers/cache:       610M       1.4G
Swap:         8.0G         0B       8.0G

             total       used       free     shared    buffers     cached
Mem:          2.0G       962M       1.0G       3.3M        42M       296M
-/+ buffers/cache:       622M       1.3G
Swap:         8.0G         0B       8.0G

             total       used       free     shared    buffers     cached
Mem:          2.0G       977M       1.0G       3.3M        42M       296M
-/+ buffers/cache:       637M       1.3G
Swap:         8.0G         0B       8.0G

             total       used       free     shared    buffers     cached
Mem:          2.0G       990M       1.0G       3.3M        42M       296M
-/+ buffers/cache:       650M       1.3G
Swap:         8.0G         0B       8.0G

             total       used       free     shared    buffers     cached
Mem:          2.0G       1.0G       996M       3.3M        42M       296M
-/+ buffers/cache:       664M       1.3G
Swap:         8.0G         0B       8.0G

             total       used       free     shared    buffers     cached
Mem:          2.0G       1.0G       982M       3.3M        42M       296M
-/+ buffers/cache:       678M       1.3G
Swap:         8.0G         0B       8.0G

             total       used       free     shared    buffers     cached
Mem:          2.0G       1.0G       966M       3.3M        42M       296M
-/+ buffers/cache:       693M       1.3G
Swap:         8.0G         0B       8.0G

             total       used       free     shared    buffers     cached
Mem:          2.0G       1.0G       950M       3.3M        42M       296M
-/+ buffers/cache:       709M       1.3G
Swap:         8.0G         0B       8.0G

             total       used       free     shared    buffers     cached
Mem:          2.0G       1.0G       936M       3.3M        42M       296M
-/+ buffers/cache:       723M       1.2G
Swap:         8.0G         0B       8.0G

             total       used       free     shared    buffers     cached
Mem:          2.0G       1.1G       922M       3.3M        42M       296M
-/+ buffers/cache:       738M       1.2G
Swap:         8.0G         0B       8.0G

             total       used       free     shared    buffers     cached
Mem:          2.0G       1.1G       908M       3.3M        42M       296M
-/+ buffers/cache:       751M       1.2G
Swap:         8.0G         0B       8.0G

             total       used       free     shared    buffers     cached
Mem:          2.0G       1.1G       893M       3.3M        42M       296M
-/+ buffers/cache:       766M       1.2G
Swap:         8.0G         0B       8.0G

             total       used       free     shared    buffers     cached
Mem:          2.0G       1.1G       879M       3.3M        42M       296M
-/+ buffers/cache:       780M       1.2G
Swap:         8.0G         0B       8.0G

             total       used       free     shared    buffers     cached
Mem:          2.0G       1.1G       867M       3.3M        42M       296M
-/+ buffers/cache:       793M       1.2G
Swap:         8.0G         0B       8.0G

             total       used       free     shared    buffers     cached
Mem:          2.0G       1.1G       852M       3.3M        42M       296M
-/+ buffers/cache:       807M       1.2G
Swap:         8.0G         0B       8.0G

             total       used       free     shared    buffers     cached
Mem:          2.0G       1.1G       837M       3.3M        42M       296M
-/+ buffers/cache:       822M       1.1G
Swap:         8.0G         0B       8.0G

             total       used       free     shared    buffers     cached
Mem:          2.0G       1.1G       825M       3.3M        42M       296M
-/+ buffers/cache:       835M       1.1G
Swap:         8.0G         0B       8.0G

             total       used       free     shared    buffers     cached
Mem:          2.0G       1.2G       812M       3.3M        42M       296M
-/+ buffers/cache:       847M       1.1G
Swap:         8.0G         0B       8.0G

             total       used       free     shared    buffers     cached
Mem:          2.0G       1.2G       794M       3.3M        42M       296M
-/+ buffers/cache:       865M       1.1G
Swap:         8.0G         0B       8.0G

             total       used       free     shared    buffers     cached
Mem:          2.0G       1.2G       778M       3.3M        42M       296M
-/+ buffers/cache:       882M       1.1G
Swap:         8.0G         0B       8.0G

             total       used       free     shared    buffers     cached
Mem:          2.0G       1.2G       763M       3.3M        42M       296M
-/+ buffers/cache:       896M       1.1G
Swap:         8.0G         0B       8.0G

             total       used       free     shared    buffers     cached
Mem:          2.0G       1.2G       749M       3.3M        42M       296M
-/+ buffers/cache:       910M       1.1G
Swap:         8.0G         0B       8.0G

             total       used       free     shared    buffers     cached
Mem:          2.0G       1.2G       734M       3.3M        42M       296M
-/+ buffers/cache:       925M       1.0G
Swap:         8.0G         0B       8.0G

             total       used       free     shared    buffers     cached
Mem:          2.0G       1.3G       717M       3.3M        42M       296M
-/+ buffers/cache:       942M       1.0G
Swap:         8.0G         0B       8.0G

             total       used       free     shared    buffers     cached
Mem:          2.0G       1.3G       703M       3.3M        42M       296M
-/+ buffers/cache:       956M       1.0G
Swap:         8.0G         0B       8.0G

             total       used       free     shared    buffers     cached
Mem:          2.0G       1.3G       689M       3.3M        42M       296M
-/+ buffers/cache:       970M       1.0G
Swap:         8.0G         0B       8.0G

             total       used       free     shared    buffers     cached
Mem:          2.0G       1.3G       673M       3.3M        42M       297M
-/+ buffers/cache:       986M       1.0G
Swap:         8.0G         0B       8.0G

             total       used       free     shared    buffers     cached
Mem:          2.0G       1.3G       659M       3.3M        42M       297M
-/+ buffers/cache:       1.0G       999M
Swap:         8.0G         0B       8.0G

             total       used       free     shared    buffers     cached
Mem:          2.0G       1.3G       645M       3.3M        42M       297M
-/+ buffers/cache:       1.0G       985M
Swap:         8.0G         0B       8.0G

             total       used       free     shared    buffers     cached
Mem:          2.0G       1.3G       631M       3.3M        42M       297M
-/+ buffers/cache:       1.0G       971M
Swap:         8.0G         0B       8.0G

             total       used       free     shared    buffers     cached
Mem:          2.0G       1.4G       617M       3.3M        42M       297M
-/+ buffers/cache:       1.0G       957M
Swap:         8.0G         0B       8.0G

             total       used       free     shared    buffers     cached
Mem:          2.0G       1.4G       602M       3.3M        42M       297M
-/+ buffers/cache:       1.0G       942M
Swap:         8.0G         0B       8.0G

             total       used       free     shared    buffers     cached
Mem:          2.0G       1.4G       586M       3.3M        42M       297M
-/+ buffers/cache:       1.0G       926M
Swap:         8.0G         0B       8.0G

             total       used       free     shared    buffers     cached
Mem:          2.0G       1.4G       570M       3.3M        42M       297M
-/+ buffers/cache:       1.1G       910M
Swap:         8.0G         0B       8.0G

             total       used       free     shared    buffers     cached
Mem:          2.0G       1.4G       554M       3.3M        42M       297M
-/+ buffers/cache:       1.1G       894M
Swap:         8.0G         0B       8.0G

             total       used       free     shared    buffers     cached
Mem:          2.0G       1.4G       539M       3.3M        42M       297M
-/+ buffers/cache:       1.1G       879M
Swap:         8.0G         0B       8.0G

             total       used       free     shared    buffers     cached
Mem:          2.0G       1.4G       523M       3.3M        42M       297M
-/+ buffers/cache:       1.1G       863M
Swap:         8.0G         0B       8.0G

             total       used       free     shared    buffers     cached
Mem:          2.0G       1.5G       507M       3.3M        42M       297M
-/+ buffers/cache:       1.1G       847M
Swap:         8.0G         0B       8.0G

             total       used       free     shared    buffers     cached
Mem:          2.0G       1.5G       493M       3.3M        42M       297M
-/+ buffers/cache:       1.1G       833M
Swap:         8.0G         0B       8.0G

             total       used       free     shared    buffers     cached
Mem:          2.0G       1.5G       478M       3.3M        42M       297M
-/+ buffers/cache:       1.2G       818M
Swap:         8.0G         0B       8.0G

             total       used       free     shared    buffers     cached
Mem:          2.0G       1.5G       461M       3.3M        42M       297M
-/+ buffers/cache:       1.2G       801M
Swap:         8.0G         0B       8.0G

             total       used       free     shared    buffers     cached
Mem:          2.0G       1.5G       447M       3.3M        42M       297M
-/+ buffers/cache:       1.2G       787M
Swap:         8.0G         0B       8.0G

             total       used       free     shared    buffers     cached
Mem:          2.0G       1.5G       432M       3.3M        42M       297M
-/+ buffers/cache:       1.2G       772M
Swap:         8.0G         0B       8.0G

             total       used       free     shared    buffers     cached
Mem:          2.0G       1.5G       417M       3.3M        42M       297M
-/+ buffers/cache:       1.2G       757M
Swap:         8.0G         0B       8.0G

             total       used       free     shared    buffers     cached
Mem:          2.0G       1.6G       403M       3.3M        42M       297M
-/+ buffers/cache:       1.2G       743M
Swap:         8.0G         0B       8.0G

             total       used       free     shared    buffers     cached
Mem:          2.0G       1.6G       389M       3.3M        42M       297M
-/+ buffers/cache:       1.2G       729M
Swap:         8.0G         0B       8.0G

             total       used       free     shared    buffers     cached
Mem:          2.0G       1.6G       377M       3.3M        42M       297M
-/+ buffers/cache:       1.3G       717M
Swap:         8.0G         0B       8.0G

             total       used       free     shared    buffers     cached
Mem:          2.0G       1.6G       372M       3.3M        42M       297M
-/+ buffers/cache:       1.3G       712M
Swap:         8.0G         0B       8.0G

             total       used       free     shared    buffers     cached
Mem:          2.0G       1.6G       357M       3.3M        42M       297M
-/+ buffers/cache:       1.3G       697M
Swap:         8.0G         0B       8.0G

             total       used       free     shared    buffers     cached
Mem:          2.0G       1.6G       343M       3.3M        42M       297M
-/+ buffers/cache:       1.3G       683M
Swap:         8.0G         0B       8.0G

             total       used       free     shared    buffers     cached
Mem:          2.0G       1.6G       329M       3.3M        42M       297M
-/+ buffers/cache:       1.3G       669M
Swap:         8.0G         0B       8.0G

             total       used       free     shared    buffers     cached
Mem:          2.0G       1.6G       314M       3.3M        42M       297M
-/+ buffers/cache:       1.3G       654M
Swap:         8.0G         0B       8.0G

             total       used       free     shared    buffers     cached
Mem:          2.0G       1.7G       298M       3.3M        42M       297M
-/+ buffers/cache:       1.3G       638M
Swap:         8.0G         0B       8.0G

             total       used       free     shared    buffers     cached
Mem:          2.0G       1.7G       283M       3.3M        42M       297M
-/+ buffers/cache:       1.3G       623M
Swap:         8.0G         0B       8.0G

             total       used       free     shared    buffers     cached
Mem:          2.0G       1.7G       268M       3.3M        42M       297M
-/+ buffers/cache:       1.4G       608M
Swap:         8.0G         0B       8.0G

             total       used       free     shared    buffers     cached
Mem:          2.0G       1.7G       254M       3.3M        42M       297M
-/+ buffers/cache:       1.4G       594M
Swap:         8.0G         0B       8.0G

             total       used       free     shared    buffers     cached
Mem:          2.0G       1.7G       240M       3.3M        42M       297M
-/+ buffers/cache:       1.4G       580M
Swap:         8.0G         0B       8.0G

             total       used       free     shared    buffers     cached
Mem:          2.0G       1.7G       225M       3.3M        42M       297M
-/+ buffers/cache:       1.4G       565M
Swap:         8.0G         0B       8.0G

             total       used       free     shared    buffers     cached
Mem:          2.0G       1.7G       210M       3.3M        42M       297M
-/+ buffers/cache:       1.4G       550M
Swap:         8.0G         0B       8.0G

             total       used       free     shared    buffers     cached
Mem:          2.0G       1.8G       196M       3.3M        42M       297M
-/+ buffers/cache:       1.4G       536M
Swap:         8.0G         0B       8.0G

             total       used       free     shared    buffers     cached
Mem:          2.0G       1.8G       179M       3.3M        42M       297M
-/+ buffers/cache:       1.4G       519M
Swap:         8.0G         0B       8.0G

             total       used       free     shared    buffers     cached
Mem:          2.0G       1.8G       161M       3.3M        42M       297M
-/+ buffers/cache:       1.5G       501M
Swap:         8.0G         0B       8.0G

             total       used       free     shared    buffers     cached
Mem:          2.0G       1.8G       146M       3.3M        42M       297M
-/+ buffers/cache:       1.5G       486M
Swap:         8.0G         0B       8.0G

             total       used       free     shared    buffers     cached
Mem:          2.0G       1.8G       130M       3.3M        42M       297M
-/+ buffers/cache:       1.5G       470M
Swap:         8.0G         0B       8.0G

             total       used       free     shared    buffers     cached
Mem:          2.0G       1.8G       111M       3.3M        42M       297M
-/+ buffers/cache:       1.5G       452M
Swap:         8.0G         0B       8.0G

             total       used       free     shared    buffers     cached
Mem:          2.0G       1.9G        94M       3.3M        42M       297M
-/+ buffers/cache:       1.5G       435M
Swap:         8.0G         0B       8.0G

             total       used       free     shared    buffers     cached
Mem:          2.0G       1.9G        79M       3.3M        42M       297M
-/+ buffers/cache:       1.5G       420M
Swap:         8.0G         0B       8.0G

             total       used       free     shared    buffers     cached
Mem:          2.0G       1.9G        73M       3.3M        32M       295M
-/+ buffers/cache:       1.6G       401M
Swap:         8.0G         0B       8.0G

             total       used       free     shared    buffers     cached
Mem:          2.0G       1.9G        73M       3.3M        15M       295M
-/+ buffers/cache:       1.6G       384M
Swap:         8.0G         0B       8.0G

             total       used       free     shared    buffers     cached
Mem:          2.0G       1.9G        65M       3.3M        14M       286M
-/+ buffers/cache:       1.6G       367M
Swap:         8.0G         0B       8.0G

             total       used       free     shared    buffers     cached
Mem:          2.0G       1.9G        68M       3.1M        13M       269M
-/+ buffers/cache:       1.6G       351M
Swap:         8.0G       172K       8.0G

             total       used       free     shared    buffers     cached
Mem:          2.0G       1.9G        71M       3.2M        13M       250M
-/+ buffers/cache:       1.6G       335M
Swap:         8.0G       260K       8.0G

             total       used       free     shared    buffers     cached
Mem:          2.0G       1.9G        70M       3.0M        13M       237M
-/+ buffers/cache:       1.6G       321M
Swap:         8.0G       7.9M       8.0G

             total       used       free     shared    buffers     cached
Mem:          2.0G       1.9G        85M       2.8M        13M       216M
-/+ buffers/cache:       1.6G       315M
Swap:         8.0G        18M       8.0G

             total       used       free     shared    buffers     cached
Mem:          2.0G       1.9G        70M       2.8M        13M       216M
-/+ buffers/cache:       1.7G       300M
Swap:         8.0G        18M       8.0G

             total       used       free     shared    buffers     cached
Mem:          2.0G       1.9G        70M       2.8M       3.8M       211M
-/+ buffers/cache:       1.7G       284M
Swap:         8.0G        18M       8.0G

             total       used       free     shared    buffers     cached
Mem:          2.0G       1.9G        69M       2.8M       2.7M       199M
-/+ buffers/cache:       1.7G       271M
Swap:         8.0G        18M       8.0G

             total       used       free     shared    buffers     cached
Mem:          2.0G       1.9G        79M       2.8M       1.0M       177M
-/+ buffers/cache:       1.7G       257M
Swap:         8.0G        18M       8.0G

             total       used       free     shared    buffers     cached
Mem:          2.0G       1.9G        66M       2.8M       1.0M       177M
-/+ buffers/cache:       1.7G       244M
Swap:         8.0G        18M       8.0G

             total       used       free     shared    buffers     cached
Mem:          2.0G       1.9G        74M       2.8M       1.0M       156M
-/+ buffers/cache:       1.7G       231M
Swap:         8.0G        18M       8.0G

             total       used       free     shared    buffers     cached
Mem:          2.0G       1.9G        80M       2.8M       316K       138M
-/+ buffers/cache:       1.7G       219M
Swap:         8.0G        18M       8.0G

             total       used       free     shared    buffers     cached
Mem:          2.0G       1.9G        66M       2.8M       332K       138M
-/+ buffers/cache:       1.8G       205M
Swap:         8.0G        18M       8.0G

             total       used       free     shared    buffers     cached
Mem:          2.0G       1.9G        69M       2.8M       112K       122M
-/+ buffers/cache:       1.8G       191M
Swap:         8.0G        18M       8.0G

             total       used       free     shared    buffers     cached
Mem:          2.0G       1.9G        71M       2.8M       112K       108M
-/+ buffers/cache:       1.8G       180M
Swap:         8.0G        18M       8.0G

             total       used       free     shared    buffers     cached
Mem:          2.0G       1.9G        76M       2.8M        80K        89M
-/+ buffers/cache:       1.8G       165M
Swap:         8.0G        18M       8.0G

             total       used       free     shared    buffers     cached
Mem:          2.0G       1.9G        70M       2.8M       232K        80M
-/+ buffers/cache:       1.8G       151M
Swap:         8.0G        18M       8.0G

             total       used       free     shared    buffers     cached
Mem:          2.0G       1.9G        75M       2.8M       232K        62M
-/+ buffers/cache:       1.8G       138M
Swap:         8.0G        18M       8.0G

             total       used       free     shared    buffers     cached
Mem:          2.0G       1.9G        77M       2.8M       232K        48M
-/+ buffers/cache:       1.8G       125M
Swap:         8.0G        18M       8.0G

             total       used       free     shared    buffers     cached
Mem:          2.0G       1.9G        75M       2.8M       504K        34M
-/+ buffers/cache:       1.8G       110M
Swap:         8.0G        18M       8.0G

             total       used       free     shared    buffers     cached
Mem:          2.0G       1.9G        66M       2.8M       2.1M        30M
-/+ buffers/cache:       1.9G        99M
Swap:         8.0G        20M       8.0G

             total       used       free     shared    buffers     cached
Mem:          2.0G       1.9G        73M       2.8M       1.7M        10M
-/+ buffers/cache:       1.9G        85M
Swap:         8.0G        21M       8.0G

             total       used       free     shared    buffers     cached
Mem:          2.0G       1.9G        76M       2.6M       108K       4.6M
-/+ buffers/cache:       1.9G        81M
Swap:         8.0G        32M       8.0G

             total       used       free     shared    buffers     cached
Mem:          2.0G       1.9G        66M       2.5M       240K       4.8M
-/+ buffers/cache:       1.9G        71M
Swap:         8.0G        35M       8.0G

             total       used       free     shared    buffers     cached
Mem:          2.0G       1.9G        65M       2.5M       240K       4.9M
-/+ buffers/cache:       1.9G        70M
Swap:         8.0G        57M       7.9G

             total       used       free     shared    buffers     cached
Mem:          2.0G       1.9G        82M       2.5M       236K       4.6M
-/+ buffers/cache:       1.9G        87M
Swap:         8.0G        90M       7.9G

             total       used       free     shared    buffers     cached
Mem:          2.0G       1.9G        66M       2.5M       236K       4.9M
-/+ buffers/cache:       1.9G        71M
Swap:         8.0G        90M       7.9G

             total       used       free     shared    buffers     cached
Mem:          2.0G       1.9G        68M       2.5M       244K       4.9M
-/+ buffers/cache:       1.9G        74M
Swap:         8.0G       101M       7.9G

             total       used       free     shared    buffers     cached
Mem:          2.0G       1.9G        71M       2.5M       244K       4.8M
-/+ buffers/cache:       1.9G        76M
Swap:         8.0G       121M       7.9G

             total       used       free     shared    buffers     cached
Mem:          2.0G       1.9G        77M       2.4M       244K       4.6M
-/+ buffers/cache:       1.9G        82M
Swap:         8.0G       142M       7.9G

             total       used       free     shared    buffers     cached
Mem:          2.0G       1.9G        83M       2.4M       244K       4.5M
-/+ buffers/cache:       1.9G        88M
Swap:         8.0G       163M       7.8G

             total       used       free     shared    buffers     cached
Mem:          2.0G       1.9G        69M       2.4M       244K       4.5M
-/+ buffers/cache:       1.9G        74M
Swap:         8.0G       163M       7.8G

             total       used       free     shared    buffers     cached
Mem:          2.0G       1.9G        80M       2.4M       252K       4.4M
-/+ buffers/cache:       1.9G        84M
Swap:         8.0G       190M       7.8G

             total       used       free     shared    buffers     cached
Mem:          2.0G       1.9G        68M       2.4M       252K       4.4M
-/+ buffers/cache:       1.9G        73M
Swap:         8.0G       190M       7.8G

             total       used       free     shared    buffers     cached
Mem:          2.0G       1.9G        67M       2.4M       216K       4.4M
-/+ buffers/cache:       1.9G        72M
Swap:         8.0G       202M       7.8G

             total       used       free     shared    buffers     cached
Mem:          2.0G       1.9G        74M       2.4M       216K       4.4M
-/+ buffers/cache:       1.9G        78M
Swap:         8.0G       220M       7.8G

             total       used       free     shared    buffers     cached
Mem:          2.0G       1.9G        73M       2.4M       216K       4.3M
-/+ buffers/cache:       1.9G        78M
Swap:         8.0G       234M       7.8G

             total       used       free     shared    buffers     cached
Mem:          2.0G       1.9G        75M       2.4M       224K       4.3M
-/+ buffers/cache:       1.9G        80M
Swap:         8.0G       248M       7.8G

             total       used       free     shared    buffers     cached
Mem:          2.0G       1.9G        65M       2.4M       224K       4.4M
-/+ buffers/cache:       1.9G        69M
Swap:         8.0G       248M       7.8G

             total       used       free     shared    buffers     cached
Mem:          2.0G       1.9G        78M       2.4M       224K       4.4M
-/+ buffers/cache:       1.9G        82M
Swap:         8.0G       277M       7.7G

             total       used       free     shared    buffers     cached
Mem:          2.0G       1.9G        71M       2.4M       224K       4.4M
-/+ buffers/cache:       1.9G        75M
Swap:         8.0G       277M       7.7G

             total       used       free     shared    buffers     cached
Mem:          2.0G       1.9G        67M       2.4M       224K       4.4M
-/+ buffers/cache:       1.9G        72M
Swap:         8.0G       277M       7.7G

             total       used       free     shared    buffers     cached
Mem:          2.0G       1.9G        67M       2.4M       224K       4.4M
-/+ buffers/cache:       1.9G        71M
Swap:         8.0G       277M       7.7G

             total       used       free     shared    buffers     cached
Mem:          2.0G       1.9G        83M       2.4M       488K       8.4M
-/+ buffers/cache:       1.9G        92M
Swap:         8.0G       327M       7.7G

             total       used       free     shared    buffers     cached
Mem:          2.0G       1.9G        72M       2.4M       488K       8.6M
-/+ buffers/cache:       1.9G        81M
Swap:         8.0G       327M       7.7G

             total       used       free     shared    buffers     cached
Mem:          2.0G       1.9G        81M       2.4M       488K       7.8M
-/+ buffers/cache:       1.9G        89M
Swap:         8.0G       327M       7.7G

             total       used       free     shared    buffers     cached
Mem:          2.0G       1.9G        72M       2.4M       488K       7.8M
-/+ buffers/cache:       1.9G        81M
Swap:         8.0G       327M       7.7G

             total       used       free     shared    buffers     cached
Mem:          2.0G       1.9G        70M       2.4M       488K       7.8M
-/+ buffers/cache:       1.9G        78M
Swap:         8.0G       327M       7.7G

             total       used       free     shared    buffers     cached
Mem:          2.0G       1.9G        69M       2.4M       496K       7.8M
-/+ buffers/cache:       1.9G        78M
Swap:         8.0G       327M       7.7G

             total       used       free     shared    buffers     cached
Mem:          2.0G       1.9G        69M       2.4M       496K       7.8M
-/+ buffers/cache:       1.9G        77M
Swap:         8.0G       326M       7.7G

             total       used       free     shared    buffers     cached
Mem:          2.0G       1.9G        68M       2.4M       496K       7.8M
-/+ buffers/cache:       1.9G        76M
Swap:         8.0G       326M       7.7G

             total       used       free     shared    buffers     cached
Mem:          2.0G       1.9G        67M       2.4M       496K       7.7M
-/+ buffers/cache:       1.9G        75M
Swap:         8.0G       326M       7.7G

             total       used       free     shared    buffers     cached
Mem:          2.0G       1.9G        67M       2.4M       496K       7.8M
-/+ buffers/cache:       1.9G        75M
Swap:         8.0G       326M       7.7G

             total       used       free     shared    buffers     cached
Mem:          2.0G       1.9G        66M       2.4M       504K       7.8M
-/+ buffers/cache:       1.9G        74M
Swap:         8.0G       325M       7.7G

             total       used       free     shared    buffers     cached
Mem:          2.0G       1.9G        65M       2.4M       504K       7.8M
-/+ buffers/cache:       1.9G        74M
Swap:         8.0G       325M       7.7G

             total       used       free     shared    buffers     cached
Mem:          2.0G       1.9G        64M       2.4M       504K       7.8M
-/+ buffers/cache:       1.9G        73M
Swap:         8.0G       325M       7.7G

             total       used       free     shared    buffers     cached
Mem:          2.0G       1.9G        76M       2.4M       504K       7.7M
-/+ buffers/cache:       1.9G        84M
Swap:         8.0G       341M       7.7G

             total       used       free     shared    buffers     cached
Mem:          2.0G       1.9G        75M       2.4M       516K       7.7M
-/+ buffers/cache:       1.9G        83M
Swap:         8.0G       341M       7.7G

             total       used       free     shared    buffers     cached
Mem:          2.0G       1.9G        74M       2.4M       516K       7.7M
-/+ buffers/cache:       1.9G        83M
Swap:         8.0G       340M       7.7G

             total       used       free     shared    buffers     cached
Mem:          2.0G       1.9G        74M       2.4M       524K       7.7M
-/+ buffers/cache:       1.9G        82M
Swap:         8.0G       340M       7.7G

             total       used       free     shared    buffers     cached
Mem:          2.0G       1.9G        73M       2.4M       524K       7.7M
-/+ buffers/cache:       1.9G        81M
Swap:         8.0G       340M       7.7G

             total       used       free     shared    buffers     cached
Mem:          2.0G       1.9G        72M       2.4M       524K       7.7M
-/+ buffers/cache:       1.9G        80M
Swap:         8.0G       339M       7.7G

             total       used       free     shared    buffers     cached
Mem:          2.0G       1.9G        71M       2.4M       524K       7.7M
-/+ buffers/cache:       1.9G        80M
Swap:         8.0G       339M       7.7G

             total       used       free     shared    buffers     cached
Mem:          2.0G       1.9G        71M       2.4M       524K       7.7M
-/+ buffers/cache:       1.9G        79M
Swap:         8.0G       338M       7.7G

             total       used       free     shared    buffers     cached
Mem:          2.0G       1.9G        68M       2.4M       820K       8.3M
-/+ buffers/cache:       1.9G        77M
Swap:         8.0G       338M       7.7G

             total       used       free     shared    buffers     cached
Mem:          2.0G       1.9G        88M       2.4M       372K        31M
-/+ buffers/cache:       1.8G       120M
Swap:         8.0G       402M       7.6G

             total       used       free     shared    buffers     cached
Mem:          2.0G       1.9G        86M       2.4M       372K        31M
-/+ buffers/cache:       1.8G       119M
Swap:         8.0G       401M       7.6G

             total       used       free     shared    buffers     cached
Mem:          2.0G       1.9G        85M       2.4M       372K        32M
-/+ buffers/cache:       1.8G       118M
Swap:         8.0G       401M       7.6G

             total       used       free     shared    buffers     cached
Mem:          2.0G       1.9G        84M       2.4M       376K        32M
-/+ buffers/cache:       1.8G       117M
Swap:         8.0G       400M       7.6G

             total       used       free     shared    buffers     cached
Mem:          2.0G       1.9G        84M       2.4M       384K        32M
-/+ buffers/cache:       1.8G       116M
Swap:         8.0G       400M       7.6G

             total       used       free     shared    buffers     cached
Mem:          2.0G       1.9G        83M       2.4M       384K        32M
-/+ buffers/cache:       1.8G       116M
Swap:         8.0G       400M       7.6G

             total       used       free     shared    buffers     cached
Mem:          2.0G       1.9G        82M       2.4M       384K        32M
-/+ buffers/cache:       1.8G       115M
Swap:         8.0G       399M       7.6G

             total       used       free     shared    buffers     cached
Mem:          2.0G       1.9G        81M       2.4M       384K        32M
-/+ buffers/cache:       1.8G       114M
Swap:         8.0G       398M       7.6G

             total       used       free     shared    buffers     cached
Mem:          2.0G       1.9G        80M       2.4M       384K        32M
-/+ buffers/cache:       1.8G       113M
Swap:         8.0G       398M       7.6G

             total       used       free     shared    buffers     cached
Mem:          2.0G       1.9G        79M       2.4M       384K        32M
-/+ buffers/cache:       1.8G       112M
Swap:         8.0G       397M       7.6G

             total       used       free     shared    buffers     cached
Mem:          2.0G       1.9G        78M       2.4M       392K        32M
-/+ buffers/cache:       1.8G       111M
Swap:         8.0G       396M       7.6G

             total       used       free     shared    buffers     cached
Mem:          2.0G       1.9G        77M       2.4M       524K        32M
-/+ buffers/cache:       1.8G       110M
Swap:         8.0G       396M       7.6G

             total       used       free     shared    buffers     cached
Mem:          2.0G       1.9G        75M       2.4M       524K        33M
-/+ buffers/cache:       1.8G       109M
Swap:         8.0G       395M       7.6G

             total       used       free     shared    buffers     cached
Mem:          2.0G       1.9G        69M       2.4M       524K        38M
-/+ buffers/cache:       1.8G       108M
Swap:         8.0G       394M       7.6G

             total       used       free     shared    buffers     cached
Mem:          2.0G       1.9G        67M       2.4M       524K        39M
-/+ buffers/cache:       1.8G       107M
Swap:         8.0G       393M       7.6G

             total       used       free     shared    buffers     cached
Mem:          2.0G       1.9G        66M       2.4M       848K        39M
-/+ buffers/cache:       1.8G       106M
Swap:         8.0G       393M       7.6G

             total       used       free     shared    buffers     cached
Mem:          2.0G       1.9G        66M       2.4M       848K        39M
-/+ buffers/cache:       1.8G       106M
Swap:         8.0G       393M       7.6G

             total       used       free     shared    buffers     cached
Mem:          2.0G       1.9G        65M       2.4M       848K        39M
-/+ buffers/cache:       1.8G       105M
Swap:         8.0G       392M       7.6G

             total       used       free     shared    buffers     cached
Mem:          2.0G       1.9G        65M       2.4M       848K        39M
-/+ buffers/cache:       1.9G       105M
Swap:         8.0G       392M       7.6G

             total       used       free     shared    buffers     cached
Mem:          2.0G       1.9G        64M       2.4M       848K        39M
-/+ buffers/cache:       1.9G       104M
Swap:         8.0G       392M       7.6G

             total       used       free     shared    buffers     cached
Mem:          2.0G       1.9G        82M       2.4M       684K        37M
-/+ buffers/cache:       1.8G       121M
Swap:         8.0G       391M       7.6G

             total       used       free     shared    buffers     cached
Mem:          2.0G       1.9G        82M       2.4M       692K        37M
-/+ buffers/cache:       1.8G       120M
Swap:         8.0G       391M       7.6G

             total       used       free     shared    buffers     cached
Mem:          2.0G       1.9G        81M       2.4M       692K        37M
-/+ buffers/cache:       1.8G       120M
Swap:         8.0G       391M       7.6G

             total       used       free     shared    buffers     cached
Mem:          2.0G       1.9G        81M       2.4M       692K        37M
-/+ buffers/cache:       1.8G       119M
Swap:         8.0G       390M       7.6G

             total       used       free     shared    buffers     cached
Mem:          2.0G       1.9G        80M       2.4M       692K        37M
-/+ buffers/cache:       1.8G       119M
Swap:         8.0G       390M       7.6G

             total       used       free     shared    buffers     cached
Mem:          2.0G       1.9G        79M       2.4M       692K        37M
-/+ buffers/cache:       1.8G       118M
Swap:         8.0G       390M       7.6G

             total       used       free     shared    buffers     cached
Mem:          2.0G       1.9G        79M       2.4M       700K        37M
-/+ buffers/cache:       1.8G       117M
Swap:         8.0G       389M       7.6G

             total       used       free     shared    buffers     cached
Mem:          2.0G       1.9G        79M       2.4M       700K        37M
-/+ buffers/cache:       1.8G       117M
Swap:         8.0G       389M       7.6G

             total       used       free     shared    buffers     cached
Mem:          2.0G       1.9G        78M       2.4M       700K        37M
-/+ buffers/cache:       1.8G       116M
Swap:         8.0G       389M       7.6G

             total       used       free     shared    buffers     cached
Mem:          2.0G       1.9G        77M       2.4M       700K        37M
-/+ buffers/cache:       1.8G       116M
Swap:         8.0G       388M       7.6G

             total       used       free     shared    buffers     cached
Mem:          2.0G       1.9G        77M       2.4M       700K        37M
-/+ buffers/cache:       1.8G       115M
Swap:         8.0G       388M       7.6G

             total       used       free     shared    buffers     cached
Mem:          2.0G       1.9G        76M       2.4M       700K        37M
-/+ buffers/cache:       1.8G       115M
Swap:         8.0G       388M       7.6G

             total       used       free     shared    buffers     cached
Mem:          2.0G       1.9G        76M       2.4M       708K        37M
-/+ buffers/cache:       1.8G       114M
Swap:         8.0G       387M       7.6G

             total       used       free     shared    buffers     cached
Mem:          2.0G       1.9G        75M       2.4M       708K        37M
-/+ buffers/cache:       1.8G       114M
Swap:         8.0G       387M       7.6G

             total       used       free     shared    buffers     cached
Mem:          2.0G       1.9G        75M       2.4M       708K        37M
-/+ buffers/cache:       1.8G       113M
Swap:         8.0G       387M       7.6G

             total       used       free     shared    buffers     cached
Mem:          2.0G       1.9G        74M       2.4M       708K        37M
-/+ buffers/cache:       1.8G       112M
Swap:         8.0G       386M       7.6G

             total       used       free     shared    buffers     cached
Mem:          2.0G       1.9G        73M       2.4M       708K        37M
-/+ buffers/cache:       1.8G       112M
Swap:         8.0G       386M       7.6G

             total       used       free     shared    buffers     cached
Mem:          2.0G       1.9G        73M       2.4M       716K        37M
-/+ buffers/cache:       1.8G       111M
Swap:         8.0G       386M       7.6G

             total       used       free     shared    buffers     cached
Mem:          2.0G       1.9G        72M       2.4M       716K        37M
-/+ buffers/cache:       1.8G       111M
Swap:         8.0G       385M       7.6G

             total       used       free     shared    buffers     cached
Mem:          2.0G       1.9G        72M       2.4M       716K        37M
-/+ buffers/cache:       1.8G       110M
Swap:         8.0G       385M       7.6G

             total       used       free     shared    buffers     cached
Mem:          2.0G       1.9G        71M       2.4M       716K        37M
-/+ buffers/cache:       1.8G       110M
Swap:         8.0G       385M       7.6G

             total       used       free     shared    buffers     cached
Mem:          2.0G       1.9G        71M       2.4M       716K        37M
-/+ buffers/cache:       1.8G       109M
Swap:         8.0G       384M       7.6G

             total       used       free     shared    buffers     cached
Mem:          2.0G       1.9G        70M       2.4M       716K        37M
-/+ buffers/cache:       1.8G       109M
Swap:         8.0G       384M       7.6G

             total       used       free     shared    buffers     cached
Mem:          2.0G       1.9G        69M       2.4M       724K        37M
-/+ buffers/cache:       1.8G       108M
Swap:         8.0G       384M       7.6G

             total       used       free     shared    buffers     cached
Mem:          2.0G       1.9G        69M       2.4M       724K        37M
-/+ buffers/cache:       1.8G       107M
Swap:         8.0G       383M       7.6G

             total       used       free     shared    buffers     cached
Mem:          2.0G       1.9G        68M       2.4M       724K        37M
-/+ buffers/cache:       1.8G       107M
Swap:         8.0G       383M       7.6G

             total       used       free     shared    buffers     cached
Mem:          2.0G       1.9G        68M       2.4M       724K        37M
-/+ buffers/cache:       1.8G       106M
Swap:         8.0G       383M       7.6G

             total       used       free     shared    buffers     cached
Mem:          2.0G       1.9G        67M       2.4M       724K        37M
-/+ buffers/cache:       1.8G       106M
Swap:         8.0G       382M       7.6G

             total       used       free     shared    buffers     cached
Mem:          2.0G       1.9G        67M       2.4M       732K        37M
-/+ buffers/cache:       1.9G       105M
Swap:         8.0G       382M       7.6G

             total       used       free     shared    buffers     cached
Mem:          2.0G       1.9G        66M       2.4M       732K        37M
-/+ buffers/cache:       1.9G       104M
Swap:         8.0G       382M       7.6G

             total       used       free     shared    buffers     cached
Mem:          2.0G       1.9G        65M       2.4M       732K        37M
-/+ buffers/cache:       1.9G       104M
Swap:         8.0G       381M       7.6G

             total       used       free     shared    buffers     cached
Mem:          2.0G       1.9G        65M       2.4M       732K        37M
-/+ buffers/cache:       1.9G       103M
Swap:         8.0G       381M       7.6G

             total       used       free     shared    buffers     cached
Mem:          2.0G       1.9G        64M       2.4M       732K        37M
-/+ buffers/cache:       1.9G       103M
Swap:         8.0G       381M       7.6G

             total       used       free     shared    buffers     cached
Mem:          2.0G       1.9G        78M       2.4M       564K        34M
-/+ buffers/cache:       1.8G       113M
Swap:         8.0G       403M       7.6G

             total       used       free     shared    buffers     cached
Mem:          2.0G       1.9G        78M       2.4M       572K        34M
-/+ buffers/cache:       1.8G       113M
Swap:         8.0G       402M       7.6G

             total       used       free     shared    buffers     cached
Mem:          2.0G       1.9G        77M       2.4M       572K        34M
-/+ buffers/cache:       1.8G       112M
Swap:         8.0G       402M       7.6G

             total       used       free     shared    buffers     cached
Mem:          2.0G       1.9G        76M       2.4M       572K        34M
-/+ buffers/cache:       1.8G       112M
Swap:         8.0G       402M       7.6G

             total       used       free     shared    buffers     cached
Mem:          2.0G       1.9G        76M       2.4M       572K        34M
-/+ buffers/cache:       1.8G       111M
Swap:         8.0G       401M       7.6G

             total       used       free     shared    buffers     cached
Mem:          2.0G       1.9G        75M       2.4M       572K        34M
-/+ buffers/cache:       1.8G       111M
Swap:         8.0G       401M       7.6G

             total       used       free     shared    buffers     cached
Mem:          2.0G       1.9G        75M       2.4M       580K        34M
-/+ buffers/cache:       1.8G       110M
Swap:         8.0G       401M       7.6G

             total       used       free     shared    buffers     cached
Mem:          2.0G       1.9G        74M       2.4M       580K        34M
-/+ buffers/cache:       1.8G       109M
Swap:         8.0G       400M       7.6G

             total       used       free     shared    buffers     cached
Mem:          2.0G       1.9G        73M       2.4M       580K        34M
-/+ buffers/cache:       1.8G       109M
Swap:         8.0G       400M       7.6G

             total       used       free     shared    buffers     cached
Mem:          2.0G       1.9G        73M       2.4M       580K        34M
-/+ buffers/cache:       1.8G       108M
Swap:         8.0G       399M       7.6G

             total       used       free     shared    buffers     cached
Mem:          2.0G       1.9G        72M       2.4M       580K        34M
-/+ buffers/cache:       1.8G       108M
Swap:         8.0G       399M       7.6G

             total       used       free     shared    buffers     cached
Mem:          2.0G       1.9G        72M       2.4M       580K        34M
-/+ buffers/cache:       1.8G       107M
Swap:         8.0G       399M       7.6G

             total       used       free     shared    buffers     cached
Mem:          2.0G       1.9G        71M       2.4M       588K        34M
-/+ buffers/cache:       1.8G       106M
Swap:         8.0G       398M       7.6G

             total       used       free     shared    buffers     cached
Mem:          2.0G       1.9G        70M       2.4M       588K        34M
-/+ buffers/cache:       1.8G       106M
Swap:         8.0G       398M       7.6G

             total       used       free     shared    buffers     cached
Mem:          2.0G       1.9G        68M       2.4M       724K        35M
-/+ buffers/cache:       1.9G       105M
Swap:         8.0G       397M       7.6G

             total       used       free     shared    buffers     cached
Mem:          2.0G       1.9G        75M       2.4M       2.9M        45M
-/+ buffers/cache:       1.8G       123M
Swap:         8.0G       424M       7.6G

             total       used       free     shared    buffers     cached
Mem:          2.0G       1.9G        79M       2.4M       2.3M        58M
-/+ buffers/cache:       1.8G       139M
Swap:         8.0G       425M       7.6G

             total       used       free     shared    buffers     cached
Mem:          2.0G       1.9G        78M       2.4M       2.4M        58M
-/+ buffers/cache:       1.8G       139M
Swap:         8.0G       425M       7.6G

             total       used       free     shared    buffers     cached
Mem:          2.0G       1.9G        77M       2.4M       2.4M        58M
-/+ buffers/cache:       1.8G       138M
Swap:         8.0G       424M       7.6G

             total       used       free     shared    buffers     cached
Mem:          2.0G       1.9G        69M       2.4M       2.4M        61M
-/+ buffers/cache:       1.8G       133M
Swap:         8.0G       421M       7.6G

             total       used       free     shared    buffers     cached
Mem:          2.0G       1.9G        79M       2.4M       1.4M        58M
-/+ buffers/cache:       1.8G       139M
Swap:         8.0G       430M       7.6G

             total       used       free     shared    buffers     cached
Mem:          2.0G       1.9G        78M       2.4M       1.4M        59M
-/+ buffers/cache:       1.8G       139M
Swap:         8.0G       430M       7.6G

             total       used       free     shared    buffers     cached
Mem:          2.0G       1.9G        77M       2.4M       1.6M        59M
-/+ buffers/cache:       1.8G       139M
Swap:         8.0G       430M       7.6G

             total       used       free     shared    buffers     cached
Mem:          2.0G       1.9G        77M       2.4M       1.6M        59M
-/+ buffers/cache:       1.8G       138M
Swap:         8.0G       430M       7.6G

             total       used       free     shared    buffers     cached
Mem:          2.0G       1.9G        76M       2.4M       1.6M        59M
-/+ buffers/cache:       1.8G       138M
Swap:         8.0G       430M       7.6G

             total       used       free     shared    buffers     cached
Mem:          2.0G       1.9G        76M       2.4M       1.6M        59M
-/+ buffers/cache:       1.8G       137M
Swap:         8.0G       429M       7.6G

             total       used       free     shared    buffers     cached
Mem:          2.0G       1.9G        75M       2.4M       1.6M        59M
-/+ buffers/cache:       1.8G       137M
Swap:         8.0G       429M       7.6G

             total       used       free     shared    buffers     cached
Mem:          2.0G       1.9G        75M       2.4M       1.6M        59M
-/+ buffers/cache:       1.8G       136M
Swap:         8.0G       429M       7.6G

             total       used       free     shared    buffers     cached
Mem:          2.0G       1.9G        75M       2.4M       1.6M        59M
-/+ buffers/cache:       1.8G       136M
Swap:         8.0G       428M       7.6G

             total       used       free     shared    buffers     cached
Mem:          2.0G       1.9G        74M       2.4M       1.6M        59M
-/+ buffers/cache:       1.8G       136M
Swap:         8.0G       428M       7.6G

             total       used       free     shared    buffers     cached
Mem:          2.0G       1.9G        74M       2.4M       1.6M        59M
-/+ buffers/cache:       1.8G       135M
Swap:         8.0G       428M       7.6G

             total       used       free     shared    buffers     cached
Mem:          2.0G       1.9G        70M       2.4M       1.9M        54M
-/+ buffers/cache:       1.8G       127M
Swap:         8.0G       423M       7.6G

             total       used       free     shared    buffers     cached
Mem:          2.0G       1.9G        67M       6.1M       5.0M        53M
-/+ buffers/cache:       1.8G       126M
Swap:         8.0G       439M       7.6G

             total       used       free     shared    buffers     cached
Mem:          2.0G       1.9G        71M       2.5M       4.6M        61M
-/+ buffers/cache:       1.8G       136M
Swap:         8.0G       455M       7.6G

             total       used       free     shared    buffers     cached
Mem:          2.0G       1.9G        76M       2.5M       3.3M        61M
-/+ buffers/cache:       1.8G       142M
Swap:         8.0G       468M       7.5G

             total       used       free     shared    buffers     cached
Mem:          2.0G       1.9G        76M       2.5M       3.3M        61M
-/+ buffers/cache:       1.8G       141M
Swap:         8.0G       468M       7.5G

             total       used       free     shared    buffers     cached
Mem:          2.0G       1.9G        75M       2.5M       3.3M        61M
-/+ buffers/cache:       1.8G       140M
Swap:         8.0G       467M       7.5G

             total       used       free     shared    buffers     cached
Mem:          2.0G       1.9G        74M       2.5M       3.3M        61M
-/+ buffers/cache:       1.8G       139M
Swap:         8.0G       467M       7.5G

             total       used       free     shared    buffers     cached
Mem:          2.0G       1.9G        73M       2.5M       3.3M        61M
-/+ buffers/cache:       1.8G       138M
Swap:         8.0G       467M       7.5G

             total       used       free     shared    buffers     cached
Mem:          2.0G       1.9G        72M       2.5M       3.3M        61M
-/+ buffers/cache:       1.8G       137M
Swap:         8.0G       466M       7.5G

             total       used       free     shared    buffers     cached
Mem:          2.0G       1.9G        71M       2.5M       3.3M        61M
-/+ buffers/cache:       1.8G       137M
Swap:         8.0G       466M       7.5G

             total       used       free     shared    buffers     cached
Mem:          2.0G       1.9G        69M       2.5M       3.4M        62M
-/+ buffers/cache:       1.8G       136M
Swap:         8.0G       465M       7.5G

             total       used       free     shared    buffers     cached
Mem:          2.0G       1.9G        68M       2.5M       3.4M        62M
-/+ buffers/cache:       1.8G       135M
Swap:         8.0G       465M       7.5G

             total       used       free     shared    buffers     cached
Mem:          2.0G       1.9G        68M       2.5M       3.4M        62M
-/+ buffers/cache:       1.8G       134M
Swap:         8.0G       464M       7.5G

             total       used       free     shared    buffers     cached
Mem:          2.0G       1.9G        67M       2.5M       3.4M        62M
-/+ buffers/cache:       1.8G       133M
Swap:         8.0G       464M       7.5G

             total       used       free     shared    buffers     cached
Mem:          2.0G       1.9G        66M       2.5M       3.4M        62M
-/+ buffers/cache:       1.8G       132M
Swap:         8.0G       463M       7.5G

             total       used       free     shared    buffers     cached
Mem:          2.0G       1.9G        65M       2.5M       3.4M        62M
-/+ buffers/cache:       1.8G       131M
Swap:         8.0G       463M       7.5G

             total       used       free     shared    buffers     cached
Mem:          2.0G       1.9G        83M       2.5M       3.2M        60M
-/+ buffers/cache:       1.8G       147M
Swap:         8.0G       484M       7.5G

             total       used       free     shared    buffers     cached
Mem:          2.0G       1.9G        82M       2.5M       3.2M        60M
-/+ buffers/cache:       1.8G       146M
Swap:         8.0G       483M       7.5G

             total       used       free     shared    buffers     cached
Mem:          2.0G       1.9G        81M       2.5M       3.2M        60M
-/+ buffers/cache:       1.8G       145M
Swap:         8.0G       483M       7.5G

             total       used       free     shared    buffers     cached
Mem:          2.0G       1.9G        80M       2.5M       3.3M        60M
-/+ buffers/cache:       1.8G       144M
Swap:         8.0G       482M       7.5G

             total       used       free     shared    buffers     cached
Mem:          2.0G       1.9G        79M       2.5M       3.3M        60M
-/+ buffers/cache:       1.8G       143M
Swap:         8.0G       482M       7.5G

             total       used       free     shared    buffers     cached
Mem:          2.0G       1.9G        78M       2.5M       3.3M        60M
-/+ buffers/cache:       1.8G       142M
Swap:         8.0G       482M       7.5G

             total       used       free     shared    buffers     cached
Mem:          2.0G       1.9G        77M       2.5M       3.3M        60M
-/+ buffers/cache:       1.8G       141M
Swap:         8.0G       481M       7.5G

             total       used       free     shared    buffers     cached
Mem:          2.0G       1.9G        76M       2.5M       3.3M        60M
-/+ buffers/cache:       1.8G       140M
Swap:         8.0G       481M       7.5G

             total       used       free     shared    buffers     cached
Mem:          2.0G       1.9G        75M       2.5M       3.3M        60M
-/+ buffers/cache:       1.8G       139M
Swap:         8.0G       480M       7.5G

             total       used       free     shared    buffers     cached
Mem:          2.0G       1.9G        75M       2.5M       3.3M        60M
-/+ buffers/cache:       1.8G       139M
Swap:         8.0G       480M       7.5G

             total       used       free     shared    buffers     cached
Mem:          2.0G       1.9G        73M       2.5M       3.3M        61M
-/+ buffers/cache:       1.8G       138M
Swap:         8.0G       479M       7.5G

             total       used       free     shared    buffers     cached
Mem:          2.0G       1.9G        72M       2.5M       3.3M        61M
-/+ buffers/cache:       1.8G       137M
Swap:         8.0G       479M       7.5G

             total       used       free     shared    buffers     cached
Mem:          2.0G       1.9G        71M       2.5M       3.3M        61M
-/+ buffers/cache:       1.8G       136M
Swap:         8.0G       478M       7.5G

             total       used       free     shared    buffers     cached
Mem:          2.0G       1.9G        70M       2.5M       3.3M        61M
-/+ buffers/cache:       1.8G       135M
Swap:         8.0G       478M       7.5G

             total       used       free     shared    buffers     cached
Mem:          2.0G       1.9G        69M       2.5M       3.3M        61M
-/+ buffers/cache:       1.8G       134M
Swap:         8.0G       477M       7.5G

             total       used       free     shared    buffers     cached
Mem:          2.0G       1.9G        68M       2.5M       3.3M        61M
-/+ buffers/cache:       1.8G       133M
Swap:         8.0G       477M       7.5G

             total       used       free     shared    buffers     cached
Mem:          2.0G       1.9G        85M       2.5M       4.1M        61M
-/+ buffers/cache:       1.8G       151M
Swap:         8.0G       501M       7.5G

             total       used       free     shared    buffers     cached
Mem:          2.0G       1.9G        80M       2.5M       7.2M        74M
-/+ buffers/cache:       1.8G       162M
Swap:         8.0G       501M       7.5G
