             total       used       free     shared    buffers     cached
Mem:          992M       664M       327M       3.2M        39M       290M
-/+ buffers/cache:       335M       657M
Swap:         8.0G         0B       8.0G

             total       used       free     shared    buffers     cached
Mem:          992M       664M       327M       3.3M        39M       290M
-/+ buffers/cache:       335M       656M
Swap:         8.0G         0B       8.0G

             total       used       free     shared    buffers     cached
Mem:          992M       664M       327M       3.2M        39M       290M
-/+ buffers/cache:       335M       657M
Swap:         8.0G         0B       8.0G

             total       used       free     shared    buffers     cached
Mem:          992M       664M       327M       3.2M        39M       290M
-/+ buffers/cache:       335M       657M
Swap:         8.0G         0B       8.0G

             total       used       free     shared    buffers     cached
Mem:          992M       664M       327M       3.2M        39M       290M
-/+ buffers/cache:       335M       657M
Swap:         8.0G         0B       8.0G

             total       used       free     shared    buffers     cached
Mem:          992M       664M       327M       3.2M        39M       290M
-/+ buffers/cache:       335M       657M
Swap:         8.0G         0B       8.0G

             total       used       free     shared    buffers     cached
Mem:          992M       664M       327M       3.2M        39M       290M
-/+ buffers/cache:       334M       657M
Swap:         8.0G         0B       8.0G

             total       used       free     shared    buffers     cached
Mem:          992M       664M       327M       3.2M        39M       290M
-/+ buffers/cache:       334M       657M
Swap:         8.0G         0B       8.0G

             total       used       free     shared    buffers     cached
Mem:          992M       664M       327M       3.2M        39M       290M
-/+ buffers/cache:       334M       657M
Swap:         8.0G         0B       8.0G

             total       used       free     shared    buffers     cached
Mem:          992M       667M       324M       3.2M        39M       290M
-/+ buffers/cache:       337M       654M
Swap:         8.0G         0B       8.0G

             total       used       free     shared    buffers     cached
Mem:          992M       686M       305M       3.3M        39M       290M
-/+ buffers/cache:       356M       635M
Swap:         8.0G         0B       8.0G

             total       used       free     shared    buffers     cached
Mem:          992M       713M       278M       3.3M        39M       291M
-/+ buffers/cache:       383M       608M
Swap:         8.0G         0B       8.0G

             total       used       free     shared    buffers     cached
Mem:          992M       673M       318M       3.3M        39M       291M
-/+ buffers/cache:       342M       649M
Swap:         8.0G         0B       8.0G

             total       used       free     shared    buffers     cached
Mem:          992M       673M       318M       3.3M        39M       291M
-/+ buffers/cache:       342M       649M
Swap:         8.0G         0B       8.0G

             total       used       free     shared    buffers     cached
Mem:          992M       673M       318M       3.3M        39M       291M
-/+ buffers/cache:       342M       649M
Swap:         8.0G         0B       8.0G

             total       used       free     shared    buffers     cached
Mem:          992M       673M       318M       3.3M        39M       291M
-/+ buffers/cache:       342M       649M
Swap:         8.0G         0B       8.0G

             total       used       free     shared    buffers     cached
Mem:          992M       673M       318M       3.3M        39M       291M
-/+ buffers/cache:       342M       649M
Swap:         8.0G         0B       8.0G

             total       used       free     shared    buffers     cached
Mem:          992M       673M       318M       3.3M        39M       291M
-/+ buffers/cache:       342M       649M
Swap:         8.0G         0B       8.0G

             total       used       free     shared    buffers     cached
Mem:          992M       673M       318M       3.3M        39M       291M
-/+ buffers/cache:       342M       649M
Swap:         8.0G         0B       8.0G

             total       used       free     shared    buffers     cached
Mem:          992M       673M       318M       3.3M        39M       291M
-/+ buffers/cache:       342M       649M
Swap:         8.0G         0B       8.0G

             total       used       free     shared    buffers     cached
Mem:          992M       673M       318M       3.3M        39M       291M
-/+ buffers/cache:       342M       649M
Swap:         8.0G         0B       8.0G

             total       used       free     shared    buffers     cached
Mem:          992M       673M       318M       3.3M        39M       292M
-/+ buffers/cache:       342M       649M
Swap:         8.0G         0B       8.0G

             total       used       free     shared    buffers     cached
Mem:          992M       673M       318M       3.3M        39M       291M
-/+ buffers/cache:       342M       649M
Swap:         8.0G         0B       8.0G

             total       used       free     shared    buffers     cached
Mem:          992M       673M       318M       3.3M        39M       291M
-/+ buffers/cache:       342M       649M
Swap:         8.0G         0B       8.0G

             total       used       free     shared    buffers     cached
Mem:          992M       673M       318M       3.3M        39M       291M
-/+ buffers/cache:       342M       649M
Swap:         8.0G         0B       8.0G

             total       used       free     shared    buffers     cached
Mem:          992M       673M       318M       3.3M        39M       291M
-/+ buffers/cache:       342M       649M
Swap:         8.0G         0B       8.0G

             total       used       free     shared    buffers     cached
Mem:          992M       673M       318M       3.3M        39M       291M
-/+ buffers/cache:       342M       649M
Swap:         8.0G         0B       8.0G

             total       used       free     shared    buffers     cached
Mem:          992M       673M       318M       3.3M        39M       291M
-/+ buffers/cache:       342M       649M
Swap:         8.0G         0B       8.0G

             total       used       free     shared    buffers     cached
Mem:          992M       673M       318M       3.3M        39M       291M
-/+ buffers/cache:       342M       649M
Swap:         8.0G         0B       8.0G

             total       used       free     shared    buffers     cached
Mem:          992M       673M       318M       3.3M        39M       291M
-/+ buffers/cache:       342M       649M
Swap:         8.0G         0B       8.0G

             total       used       free     shared    buffers     cached
Mem:          992M       673M       318M       3.3M        39M       291M
-/+ buffers/cache:       342M       649M
Swap:         8.0G         0B       8.0G

             total       used       free     shared    buffers     cached
Mem:          992M       673M       318M       3.3M        39M       291M
-/+ buffers/cache:       342M       649M
Swap:         8.0G         0B       8.0G

             total       used       free     shared    buffers     cached
Mem:          992M       673M       318M       3.3M        39M       291M
-/+ buffers/cache:       342M       649M
Swap:         8.0G         0B       8.0G

             total       used       free     shared    buffers     cached
Mem:          992M       679M       312M       3.3M        39M       291M
-/+ buffers/cache:       348M       643M
Swap:         8.0G         0B       8.0G

             total       used       free     shared    buffers     cached
Mem:          992M       695M       297M       3.3M        39M       291M
-/+ buffers/cache:       363M       628M
Swap:         8.0G         0B       8.0G

             total       used       free     shared    buffers     cached
Mem:          992M       710M       282M       3.3M        39M       291M
-/+ buffers/cache:       378M       613M
Swap:         8.0G         0B       8.0G

             total       used       free     shared    buffers     cached
Mem:          992M       725M       267M       3.3M        39M       291M
-/+ buffers/cache:       393M       598M
Swap:         8.0G         0B       8.0G

             total       used       free     shared    buffers     cached
Mem:          992M       740M       252M       3.3M        39M       291M
-/+ buffers/cache:       408M       583M
Swap:         8.0G         0B       8.0G

             total       used       free     shared    buffers     cached
Mem:          992M       756M       236M       3.3M        39M       291M
-/+ buffers/cache:       424M       567M
Swap:         8.0G         0B       8.0G

             total       used       free     shared    buffers     cached
Mem:          992M       771M       220M       3.3M        39M       291M
-/+ buffers/cache:       440M       552M
Swap:         8.0G         0B       8.0G

             total       used       free     shared    buffers     cached
Mem:          992M       786M       205M       3.3M        39M       291M
-/+ buffers/cache:       455M       537M
Swap:         8.0G         0B       8.0G

             total       used       free     shared    buffers     cached
Mem:          992M       797M       194M       3.3M        39M       291M
-/+ buffers/cache:       466M       525M
Swap:         8.0G         0B       8.0G

             total       used       free     shared    buffers     cached
Mem:          992M       812M       179M       3.3M        39M       291M
-/+ buffers/cache:       481M       510M
Swap:         8.0G         0B       8.0G

             total       used       free     shared    buffers     cached
Mem:          992M       828M       163M       3.3M        39M       291M
-/+ buffers/cache:       497M       494M
Swap:         8.0G         0B       8.0G

             total       used       free     shared    buffers     cached
Mem:          992M       842M       149M       3.3M        39M       291M
-/+ buffers/cache:       511M       480M
Swap:         8.0G         0B       8.0G

             total       used       free     shared    buffers     cached
Mem:          992M       857M       134M       3.3M        39M       291M
-/+ buffers/cache:       526M       465M
Swap:         8.0G         0B       8.0G

             total       used       free     shared    buffers     cached
Mem:          992M       871M       120M       3.3M        39M       291M
-/+ buffers/cache:       540M       451M
Swap:         8.0G         0B       8.0G

             total       used       free     shared    buffers     cached
Mem:          992M       886M       105M       3.3M        39M       291M
-/+ buffers/cache:       555M       436M
Swap:         8.0G         0B       8.0G

             total       used       free     shared    buffers     cached
Mem:          992M       899M        92M       3.3M        39M       291M
-/+ buffers/cache:       568M       423M
Swap:         8.0G         0B       8.0G

             total       used       free     shared    buffers     cached
Mem:          992M       912M        80M       3.3M        39M       291M
-/+ buffers/cache:       580M       411M
Swap:         8.0G         0B       8.0G

             total       used       free     shared    buffers     cached
Mem:          992M       925M        66M       3.3M        39M       291M
-/+ buffers/cache:       594M       397M
Swap:         8.0G         0B       8.0G

             total       used       free     shared    buffers     cached
Mem:          992M       918M        73M       3.3M        18M       290M
-/+ buffers/cache:       610M       381M
Swap:         8.0G         0B       8.0G

             total       used       free     shared    buffers     cached
Mem:          992M       917M        74M       3.3M        10M       281M
-/+ buffers/cache:       625M       367M
Swap:         8.0G         0B       8.0G

             total       used       free     shared    buffers     cached
Mem:          992M       931M        60M       3.3M        10M       281M
-/+ buffers/cache:       638M       353M
Swap:         8.0G         0B       8.0G

             total       used       free     shared    buffers     cached
Mem:          992M       929M        63M       3.2M        10M       265M
-/+ buffers/cache:       652M       339M
Swap:         8.0G        80K       8.0G

             total       used       free     shared    buffers     cached
Mem:          992M       924M        67M       3.1M        10M       247M
-/+ buffers/cache:       666M       325M
Swap:         8.0G       196K       8.0G

             total       used       free     shared    buffers     cached
Mem:          992M       898M        93M       2.9M        10M       210M
-/+ buffers/cache:       678M       313M
Swap:         8.0G       9.3M       8.0G

             total       used       free     shared    buffers     cached
Mem:          992M       912M        79M       2.9M        10M       210M
-/+ buffers/cache:       692M       299M
Swap:         8.0G       9.3M       8.0G

             total       used       free     shared    buffers     cached
Mem:          992M       927M        64M       2.9M        10M       210M
-/+ buffers/cache:       707M       284M
Swap:         8.0G       9.3M       8.0G

             total       used       free     shared    buffers     cached
Mem:          992M       928M        63M       2.9M       3.3M       203M
-/+ buffers/cache:       721M       270M
Swap:         8.0G       9.3M       8.0G

             total       used       free     shared    buffers     cached
Mem:          992M       930M        62M       2.9M       2.3M       192M
-/+ buffers/cache:       735M       256M
Swap:         8.0G       9.3M       8.0G

             total       used       free     shared    buffers     cached
Mem:          992M       928M        63M       2.9M       812K       179M
-/+ buffers/cache:       748M       244M
Swap:         8.0G       9.4M       8.0G

             total       used       free     shared    buffers     cached
Mem:          992M       922M        69M       2.9M       408K       159M
-/+ buffers/cache:       762M       229M
Swap:         8.0G       9.5M       8.0G

             total       used       free     shared    buffers     cached
Mem:          992M       917M        74M       2.9M       396K       140M
-/+ buffers/cache:       776M       215M
Swap:         8.0G       9.5M       8.0G

             total       used       free     shared    buffers     cached
Mem:          992M       928M        63M       2.9M       396K       140M
-/+ buffers/cache:       787M       205M
Swap:         8.0G       9.5M       8.0G

             total       used       free     shared    buffers     cached
Mem:          992M       921M        71M       2.9M       296K       124M
-/+ buffers/cache:       796M       195M
Swap:         8.0G       9.5M       8.0G

             total       used       free     shared    buffers     cached
Mem:          992M       921M        70M       2.9M       220K       110M
-/+ buffers/cache:       811M       180M
Swap:         8.0G       9.5M       8.0G

             total       used       free     shared    buffers     cached
Mem:          992M       921M        70M       2.9M       220K        97M
-/+ buffers/cache:       824M       167M
Swap:         8.0G       9.5M       8.0G

             total       used       free     shared    buffers     cached
Mem:          992M       922M        70M       2.9M       220K        83M
-/+ buffers/cache:       838M       153M
Swap:         8.0G       9.5M       8.0G

             total       used       free     shared    buffers     cached
Mem:          992M       920M        71M       2.9M       2.6M        63M
-/+ buffers/cache:       854M       137M
Swap:         8.0G       9.5M       8.0G

             total       used       free     shared    buffers     cached
Mem:          992M       924M        67M       2.9M       2.6M        53M
-/+ buffers/cache:       868M       123M
Swap:         8.0G       9.5M       8.0G

             total       used       free     shared    buffers     cached
Mem:          992M       918M        73M       2.9M       2.6M        35M
-/+ buffers/cache:       880M       111M
Swap:         8.0G       9.5M       8.0G

             total       used       free     shared    buffers     cached
Mem:          992M       913M        79M       2.9M       2.6M        21M
-/+ buffers/cache:       889M       102M
Swap:         8.0G        15M       8.0G

             total       used       free     shared    buffers     cached
Mem:          992M       927M        65M       2.8M       2.6M        21M
-/+ buffers/cache:       903M        88M
Swap:         8.0G        15M       8.0G

             total       used       free     shared    buffers     cached
Mem:          992M       920M        72M       2.8M       376K        11M
-/+ buffers/cache:       907M        84M
Swap:         8.0G        19M       8.0G

             total       used       free     shared    buffers     cached
Mem:          992M       929M        62M       2.8M       376K        11M
-/+ buffers/cache:       917M        74M
Swap:         8.0G        22M       8.0G

             total       used       free     shared    buffers     cached
Mem:          992M       925M        67M       2.6M       376K       5.1M
-/+ buffers/cache:       919M        72M
Swap:         8.0G        43M       8.0G

             total       used       free     shared    buffers     cached
Mem:          992M       924M        67M       2.5M       376K       4.6M
-/+ buffers/cache:       919M        72M
Swap:         8.0G        66M       7.9G

             total       used       free     shared    buffers     cached
Mem:          992M       926M        65M       2.5M       376K       4.6M
-/+ buffers/cache:       921M        70M
Swap:         8.0G        66M       7.9G

             total       used       free     shared    buffers     cached
Mem:          992M       924M        67M       2.5M       376K       4.5M
-/+ buffers/cache:       919M        72M
Swap:         8.0G        91M       7.9G

             total       used       free     shared    buffers     cached
Mem:          992M       926M        66M       2.5M       376K       4.7M
-/+ buffers/cache:       920M        71M
Swap:         8.0G        91M       7.9G

             total       used       free     shared    buffers     cached
Mem:          992M       918M        73M       2.4M       360K       4.6M
-/+ buffers/cache:       914M        78M
Swap:         8.0G       168M       7.8G

             total       used       free     shared    buffers     cached
Mem:          992M       930M        61M       2.4M       368K       4.5M
-/+ buffers/cache:       925M        66M
Swap:         8.0G       168M       7.8G

             total       used       free     shared    buffers     cached
Mem:          992M       930M        61M       2.4M       368K       4.5M
-/+ buffers/cache:       925M        66M
Swap:         8.0G       168M       7.8G

             total       used       free     shared    buffers     cached
Mem:          992M       919M        73M       2.4M       368K       4.7M
-/+ buffers/cache:       914M        78M
Swap:         8.0G       168M       7.8G

             total       used       free     shared    buffers     cached
Mem:          992M       920M        71M       2.4M       368K       4.7M
-/+ buffers/cache:       915M        76M
Swap:         8.0G       168M       7.8G

             total       used       free     shared    buffers     cached
Mem:          992M       908M        83M       2.4M       348K       4.4M
-/+ buffers/cache:       904M        88M
Swap:         8.0G       213M       7.8G

             total       used       free     shared    buffers     cached
Mem:          992M       922M        69M       2.4M       356K       4.4M
-/+ buffers/cache:       917M        74M
Swap:         8.0G       213M       7.8G

             total       used       free     shared    buffers     cached
Mem:          992M       924M        67M       2.4M       356K       4.4M
-/+ buffers/cache:       920M        72M
Swap:         8.0G       213M       7.8G

             total       used       free     shared    buffers     cached
Mem:          992M       925M        66M       2.4M       356K       4.4M
-/+ buffers/cache:       921M        71M
Swap:         8.0G       213M       7.8G

             total       used       free     shared    buffers     cached
Mem:          992M       914M        78M       2.3M       320K       4.3M
-/+ buffers/cache:       909M        82M
Swap:         8.0G       254M       7.7G

             total       used       free     shared    buffers     cached
Mem:          992M       929M        63M       2.3M       320K       4.3M
-/+ buffers/cache:       924M        67M
Swap:         8.0G       254M       7.7G

             total       used       free     shared    buffers     cached
Mem:          992M       927M        64M       2.3M       328K       4.3M
-/+ buffers/cache:       923M        68M
Swap:         8.0G       254M       7.7G

             total       used       free     shared    buffers     cached
Mem:          992M       924M        67M       2.3M       252K       4.3M
-/+ buffers/cache:       919M        72M
Swap:         8.0G       270M       7.7G

             total       used       free     shared    buffers     cached
Mem:          992M       920M        71M       2.3M       252K       4.4M
-/+ buffers/cache:       915M        76M
Swap:         8.0G       290M       7.7G

             total       used       free     shared    buffers     cached
Mem:          992M       927M        65M       2.3M       252K       4.3M
-/+ buffers/cache:       922M        69M
Swap:         8.0G       290M       7.7G

             total       used       free     shared    buffers     cached
Mem:          992M       920M        71M       2.3M       252K       4.3M
-/+ buffers/cache:       915M        76M
Swap:         8.0G       290M       7.7G

             total       used       free     shared    buffers     cached
Mem:          992M       926M        65M       2.3M       252K       4.4M
-/+ buffers/cache:       921M        70M
Swap:         8.0G       290M       7.7G

             total       used       free     shared    buffers     cached
Mem:          992M       931M        60M       2.3M       260K       4.3M
-/+ buffers/cache:       926M        65M
Swap:         8.0G       290M       7.7G

             total       used       free     shared    buffers     cached
Mem:          992M       922M        70M       2.2M       260K       4.2M
-/+ buffers/cache:       917M        74M
Swap:         8.0G       321M       7.7G

             total       used       free     shared    buffers     cached
Mem:          992M       928M        63M       2.2M       260K       4.2M
-/+ buffers/cache:       923M        68M
Swap:         8.0G       321M       7.7G

             total       used       free     shared    buffers     cached
Mem:          992M       917M        74M        40K        80K        19M
-/+ buffers/cache:       897M        94M
Swap:         8.0G       371M       7.6G

             total       used       free     shared    buffers     cached
Mem:          992M       921M        71M        12K        80K        19M
-/+ buffers/cache:       901M        90M
Swap:         8.0G       371M       7.6G

             total       used       free     shared    buffers     cached
Mem:          992M       926M        65M        12K       532K        20M
-/+ buffers/cache:       906M        86M
Swap:         8.0G       371M       7.6G

             total       used       free     shared    buffers     cached
Mem:          992M       919M        72M        12K       532K        19M
-/+ buffers/cache:       899M        92M
Swap:         8.0G       359M       7.6G

             total       used       free     shared    buffers     cached
Mem:          992M       921M        71M        12K       500K        15M
-/+ buffers/cache:       905M        86M
Swap:         8.0G       350M       7.7G

             total       used       free     shared    buffers     cached
Mem:          992M       919M        72M         8K       108K       1.7M
-/+ buffers/cache:       917M        74M
Swap:         8.0G       348M       7.7G

             total       used       free     shared    buffers     cached
Mem:          992M       922M        69M         4K       428K       1.3M
-/+ buffers/cache:       920M        71M
Swap:         8.0G       337M       7.7G

             total       used       free     shared    buffers     cached
Mem:          992M       919M        72M         0B        80K       1.5M
-/+ buffers/cache:       918M        74M
Swap:         8.0G       426M       7.6G

             total       used       free     shared    buffers     cached
Mem:          992M       921M        70M         0B       536K        24M
-/+ buffers/cache:       896M        95M
Swap:         8.0G       389M       7.6G

             total       used       free     shared    buffers     cached
Mem:          992M       920M        71M        16K       624K        26M
-/+ buffers/cache:       893M        98M
Swap:         8.0G       365M       7.6G

             total       used       free     shared    buffers     cached
Mem:          992M       920M        71M        16K       196K        20M
-/+ buffers/cache:       899M        92M
Swap:         8.0G       359M       7.6G

             total       used       free     shared    buffers     cached
Mem:          992M       930M        62M        16K        88K       3.8M
-/+ buffers/cache:       926M        66M
Swap:         8.0G       337M       7.7G

             total       used       free     shared    buffers     cached
Mem:          992M       917M        74M        16K        84K       880K
-/+ buffers/cache:       916M        75M
Swap:         8.0G       395M       7.6G

             total       used       free     shared    buffers     cached
Mem:          992M       929M        62M        16K       336K       6.0M
-/+ buffers/cache:       923M        68M
Swap:         8.0G       363M       7.6G

             total       used       free     shared    buffers     cached
Mem:          992M       924M        68M        16K       328K       5.1M
-/+ buffers/cache:       918M        73M
Swap:         8.0G       347M       7.7G

             total       used       free     shared    buffers     cached
Mem:          992M       924M        67M        16K        84K       3.6M
-/+ buffers/cache:       921M        71M
Swap:         8.0G       343M       7.7G

             total       used       free     shared    buffers     cached
Mem:          992M       924M        67M        16K       332K       2.4M
-/+ buffers/cache:       921M        70M
Swap:         8.0G       347M       7.7G

             total       used       free     shared    buffers     cached
Mem:          992M       923M        68M        16K       340K       2.5M
-/+ buffers/cache:       920M        71M
Swap:         8.0G       346M       7.7G

             total       used       free     shared    buffers     cached
Mem:          992M       923M        68M        16K       340K       2.8M
-/+ buffers/cache:       920M        71M
Swap:         8.0G       346M       7.7G

             total       used       free     shared    buffers     cached
Mem:          992M       928M        64M        16K       340K       2.8M
-/+ buffers/cache:       924M        67M
Swap:         8.0G       344M       7.7G

             total       used       free     shared    buffers     cached
Mem:          992M       913M        79M        16K       340K       2.8M
-/+ buffers/cache:       909M        82M
Swap:         8.0G       372M       7.6G

             total       used       free     shared    buffers     cached
Mem:          992M       918M        73M        16K       340K       2.8M
-/+ buffers/cache:       915M        76M
Swap:         8.0G       372M       7.6G

             total       used       free     shared    buffers     cached
Mem:          992M       925M        66M        16K       340K       2.8M
-/+ buffers/cache:       922M        69M
Swap:         8.0G       372M       7.6G

             total       used       free     shared    buffers     cached
Mem:          992M       931M        61M        16K       348K       2.8M
-/+ buffers/cache:       928M        64M
Swap:         8.0G       372M       7.6G

             total       used       free     shared    buffers     cached
Mem:          992M       923M        68M        16K       344K       2.7M
-/+ buffers/cache:       920M        71M
Swap:         8.0G       377M       7.6G

             total       used       free     shared    buffers     cached
Mem:          992M       929M        62M        16K       344K       2.6M
-/+ buffers/cache:       926M        65M
Swap:         8.0G       377M       7.6G

             total       used       free     shared    buffers     cached
Mem:          992M       922M        69M        16K       344K       2.6M
-/+ buffers/cache:       919M        72M
Swap:         8.0G       392M       7.6G

             total       used       free     shared    buffers     cached
Mem:          992M       926M        65M        16K       472K       3.2M
-/+ buffers/cache:       922M        69M
Swap:         8.0G       391M       7.6G

             total       used       free     shared    buffers     cached
Mem:          992M       928M        63M        16K       480K       3.1M
-/+ buffers/cache:       924M        67M
Swap:         8.0G       390M       7.6G

             total       used       free     shared    buffers     cached
Mem:          992M       930M        61M        16K       480K       3.3M
-/+ buffers/cache:       926M        65M
Swap:         8.0G       389M       7.6G

             total       used       free     shared    buffers     cached
Mem:          992M       908M        84M        16K       444K       3.0M
-/+ buffers/cache:       904M        87M
Swap:         8.0G       415M       7.6G

             total       used       free     shared    buffers     cached
Mem:          992M       910M        81M        16K       448K       3.5M
-/+ buffers/cache:       906M        85M
Swap:         8.0G       414M       7.6G

             total       used       free     shared    buffers     cached
Mem:          992M       912M        79M        16K       456K       3.5M
-/+ buffers/cache:       908M        83M
Swap:         8.0G       413M       7.6G

             total       used       free     shared    buffers     cached
Mem:          992M       914M        77M        16K       464K       3.5M
-/+ buffers/cache:       910M        81M
Swap:         8.0G       413M       7.6G

             total       used       free     shared    buffers     cached
Mem:          992M       916M        76M        16K       464K       3.5M
-/+ buffers/cache:       912M        80M
Swap:         8.0G       412M       7.6G

             total       used       free     shared    buffers     cached
Mem:          992M       918M        74M        16K       464K       3.5M
-/+ buffers/cache:       914M        78M
Swap:         8.0G       411M       7.6G

             total       used       free     shared    buffers     cached
Mem:          992M       919M        72M        16K       464K       3.5M
-/+ buffers/cache:       915M        76M
Swap:         8.0G       410M       7.6G

             total       used       free     shared    buffers     cached
Mem:          992M       921M        70M        16K       464K       3.5M
-/+ buffers/cache:       917M        74M
Swap:         8.0G       409M       7.6G

             total       used       free     shared    buffers     cached
Mem:          992M       924M        68M        16K       464K       3.7M
-/+ buffers/cache:       919M        72M
Swap:         8.0G       408M       7.6G

             total       used       free     shared    buffers     cached
Mem:          992M       926M        65M        16K       472K       3.6M
-/+ buffers/cache:       922M        69M
Swap:         8.0G       408M       7.6G

             total       used       free     shared    buffers     cached
Mem:          992M       928M        63M        16K       472K       3.6M
-/+ buffers/cache:       924M        68M
Swap:         8.0G       407M       7.6G

             total       used       free     shared    buffers     cached
Mem:          992M       930M        61M        16K       472K       3.7M
-/+ buffers/cache:       926M        65M
Swap:         8.0G       406M       7.6G

             total       used       free     shared    buffers     cached
Mem:          992M       917M        75M        16K       424K       3.6M
-/+ buffers/cache:       913M        79M
Swap:         8.0G       418M       7.6G

             total       used       free     shared    buffers     cached
Mem:          992M       918M        73M        16K       424K       3.6M
-/+ buffers/cache:       914M        77M
Swap:         8.0G       417M       7.6G

             total       used       free     shared    buffers     cached
Mem:          992M       920M        71M        16K       432K       3.6M
-/+ buffers/cache:       916M        75M
Swap:         8.0G       416M       7.6G

             total       used       free     shared    buffers     cached
Mem:          992M       922M        69M        16K       432K       3.6M
-/+ buffers/cache:       918M        73M
Swap:         8.0G       415M       7.6G

             total       used       free     shared    buffers     cached
Mem:          992M       924M        67M        16K       432K       3.6M
-/+ buffers/cache:       920M        71M
Swap:         8.0G       414M       7.6G

             total       used       free     shared    buffers     cached
Mem:          992M       926M        65M        16K       432K       3.6M
-/+ buffers/cache:       922M        69M
Swap:         8.0G       413M       7.6G

             total       used       free     shared    buffers     cached
Mem:          992M       928M        63M        16K       432K       3.6M
-/+ buffers/cache:       924M        67M
Swap:         8.0G       412M       7.6G

             total       used       free     shared    buffers     cached
Mem:          992M       930M        61M        16K       440K       3.6M
-/+ buffers/cache:       926M        65M
Swap:         8.0G       411M       7.6G

             total       used       free     shared    buffers     cached
Mem:          992M       917M        75M        16K       440K       3.5M
-/+ buffers/cache:       913M        79M
Swap:         8.0G       425M       7.6G

             total       used       free     shared    buffers     cached
Mem:          992M       919M        72M        16K       440K       3.5M
-/+ buffers/cache:       915M        76M
Swap:         8.0G       424M       7.6G

             total       used       free     shared    buffers     cached
Mem:          992M       921M        70M        16K       440K       3.5M
-/+ buffers/cache:       917M        74M
Swap:         8.0G       423M       7.6G

             total       used       free     shared    buffers     cached
Mem:          992M       922M        69M        16K       440K       3.5M
-/+ buffers/cache:       919M        73M
Swap:         8.0G       423M       7.6G

             total       used       free     shared    buffers     cached
Mem:          992M       924M        67M        16K       440K       3.5M
-/+ buffers/cache:       920M        71M
Swap:         8.0G       422M       7.6G

             total       used       free     shared    buffers     cached
Mem:          992M       926M        65M        16K       448K       3.5M
-/+ buffers/cache:       922M        69M
Swap:         8.0G       421M       7.6G

             total       used       free     shared    buffers     cached
Mem:          992M       928M        63M        16K       448K       3.5M
-/+ buffers/cache:       924M        67M
Swap:         8.0G       420M       7.6G

             total       used       free     shared    buffers     cached
Mem:          992M       930M        62M        16K       448K       3.5M
-/+ buffers/cache:       926M        65M
Swap:         8.0G       419M       7.6G

             total       used       free     shared    buffers     cached
Mem:          992M       919M        72M        16K       420K       3.5M
-/+ buffers/cache:       915M        76M
Swap:         8.0G       424M       7.6G

             total       used       free     shared    buffers     cached
Mem:          992M       926M        65M        16K        80K        18M
-/+ buffers/cache:       907M        84M
Swap:         8.0G       436M       7.6G

             total       used       free     shared    buffers     cached
Mem:          992M       917M        74M        16K       488K        16M
-/+ buffers/cache:       900M        91M
Swap:         8.0G       458M       7.5G

             total       used       free     shared    buffers     cached
Mem:          992M       920M        71M        16K       804K        17M
-/+ buffers/cache:       902M        89M
Swap:         8.0G       457M       7.6G

             total       used       free     shared    buffers     cached
Mem:          992M       922M        69M        16K       804K        17M
-/+ buffers/cache:       904M        87M
Swap:         8.0G       456M       7.6G

             total       used       free     shared    buffers     cached
Mem:          992M       925M        67M        16K       804K        17M
-/+ buffers/cache:       906M        85M
Swap:         8.0G       456M       7.6G

             total       used       free     shared    buffers     cached
Mem:          992M       926M        65M        16K       804K        17M
-/+ buffers/cache:       908M        83M
Swap:         8.0G       455M       7.6G

             total       used       free     shared    buffers     cached
Mem:          992M       928M        63M        16K       820K        17M
-/+ buffers/cache:       910M        82M
Swap:         8.0G       454M       7.6G

             total       used       free     shared    buffers     cached
Mem:          992M       930M        61M        16K       820K        18M
-/+ buffers/cache:       911M        80M
Swap:         8.0G       453M       7.6G

             total       used       free     shared    buffers     cached
Mem:          992M       917M        74M        16K       820K        17M
-/+ buffers/cache:       899M        92M
Swap:         8.0G       453M       7.6G

             total       used       free     shared    buffers     cached
Mem:          992M       919M        72M        16K       820K        17M
-/+ buffers/cache:       901M        90M
Swap:         8.0G       452M       7.6G

             total       used       free     shared    buffers     cached
Mem:          992M       921M        70M        16K       820K        17M
-/+ buffers/cache:       903M        88M
Swap:         8.0G       451M       7.6G

             total       used       free     shared    buffers     cached
Mem:          992M       923M        68M        16K       824K        17M
-/+ buffers/cache:       905M        86M
Swap:         8.0G       451M       7.6G

             total       used       free     shared    buffers     cached
Mem:          992M       924M        67M        16K       832K        17M
-/+ buffers/cache:       906M        85M
Swap:         8.0G       450M       7.6G

             total       used       free     shared    buffers     cached
Mem:          992M       925M        66M        16K       832K        17M
-/+ buffers/cache:       906M        85M
Swap:         8.0G       450M       7.6G

             total       used       free     shared    buffers     cached
Mem:          992M       912M        80M        16K       1.0M        26M
-/+ buffers/cache:       884M       107M
Swap:         8.0G       480M       7.5G

             total       used       free     shared    buffers     cached
Mem:          992M       913M        78M        40K       1.0M        26M
-/+ buffers/cache:       885M       106M
Swap:         8.0G       479M       7.5G

             total       used       free     shared    buffers     cached
Mem:          992M       914M        77M        40K       1.0M        26M
-/+ buffers/cache:       886M       105M
Swap:         8.0G       479M       7.5G

             total       used       free     shared    buffers     cached
Mem:          992M       915M        76M        40K       1.0M        26M
-/+ buffers/cache:       887M       104M
Swap:         8.0G       478M       7.5G

             total       used       free     shared    buffers     cached
Mem:          992M       916M        75M        40K       1.0M        26M
-/+ buffers/cache:       888M       103M
Swap:         8.0G       478M       7.5G

             total       used       free     shared    buffers     cached
Mem:          992M       917M        74M        40K       1.0M        27M
-/+ buffers/cache:       889M       102M
Swap:         8.0G       477M       7.5G

             total       used       free     shared    buffers     cached
Mem:          992M       922M        70M        40K       1.3M        28M
-/+ buffers/cache:       892M        99M
Swap:         8.0G       476M       7.5G

             total       used       free     shared    buffers     cached
Mem:          992M       923M        68M        40K       1.3M        28M
-/+ buffers/cache:       893M        98M
Swap:         8.0G       475M       7.5G

             total       used       free     shared    buffers     cached
Mem:          992M       924M        67M        40K       1.3M        28M
-/+ buffers/cache:       894M        97M
Swap:         8.0G       475M       7.5G

             total       used       free     shared    buffers     cached
Mem:          992M       925M        66M        40K       1.3M        28M
-/+ buffers/cache:       895M        96M
Swap:         8.0G       474M       7.5G

             total       used       free     shared    buffers     cached
Mem:          992M       927M        65M        40K       1.3M        28M
-/+ buffers/cache:       896M        95M
Swap:         8.0G       474M       7.5G

             total       used       free     shared    buffers     cached
Mem:          992M       928M        63M        40K       1.3M        28M
-/+ buffers/cache:       898M        94M
Swap:         8.0G       473M       7.5G

             total       used       free     shared    buffers     cached
Mem:          992M       929M        62M        40K       1.3M        28M
-/+ buffers/cache:       899M        92M
Swap:         8.0G       473M       7.5G

             total       used       free     shared    buffers     cached
Mem:          992M       930M        61M        40K       1.3M        28M
-/+ buffers/cache:       900M        91M
Swap:         8.0G       472M       7.5G

             total       used       free     shared    buffers     cached
Mem:          992M       919M        72M        40K       1.2M        25M
-/+ buffers/cache:       893M        98M
Swap:         8.0G       479M       7.5G

             total       used       free     shared    buffers     cached
Mem:          992M       920M        71M        40K       1.3M        25M
-/+ buffers/cache:       894M        97M
Swap:         8.0G       478M       7.5G

             total       used       free     shared    buffers     cached
Mem:          992M       922M        70M        40K       1.3M        25M
-/+ buffers/cache:       895M        96M
Swap:         8.0G       478M       7.5G

             total       used       free     shared    buffers     cached
Mem:          992M       923M        68M        40K       1.3M        25M
-/+ buffers/cache:       897M        95M
Swap:         8.0G       477M       7.5G

             total       used       free     shared    buffers     cached
Mem:          992M       924M        67M        40K       1.3M        25M
-/+ buffers/cache:       898M        94M
Swap:         8.0G       477M       7.5G

             total       used       free     shared    buffers     cached
Mem:          992M       925M        66M        40K       1.3M        25M
-/+ buffers/cache:       899M        92M
Swap:         8.0G       476M       7.5G

             total       used       free     shared    buffers     cached
Mem:          992M       926M        65M        40K       1.3M        25M
-/+ buffers/cache:       900M        91M
Swap:         8.0G       476M       7.5G

             total       used       free     shared    buffers     cached
Mem:          992M       928M        63M        40K       1.3M        25M
-/+ buffers/cache:       901M        90M
Swap:         8.0G       475M       7.5G

             total       used       free     shared    buffers     cached
Mem:          992M       929M        62M        40K       1.3M        25M
-/+ buffers/cache:       902M        89M
Swap:         8.0G       475M       7.5G

             total       used       free     shared    buffers     cached
Mem:          992M       930M        61M        40K       1.3M        25M
-/+ buffers/cache:       903M        88M
Swap:         8.0G       474M       7.5G

             total       used       free     shared    buffers     cached
Mem:          992M       918M        73M        40K       1.3M        23M
-/+ buffers/cache:       893M        98M
Swap:         8.0G       484M       7.5G

             total       used       free     shared    buffers     cached
Mem:          992M       920M        72M        40K       1.3M        23M
-/+ buffers/cache:       895M        97M
Swap:         8.0G       484M       7.5G

             total       used       free     shared    buffers     cached
Mem:          992M       921M        71M        40K       1.3M        23M
-/+ buffers/cache:       896M        96M
Swap:         8.0G       483M       7.5G

             total       used       free     shared    buffers     cached
Mem:          992M       922M        69M        40K       1.3M        23M
-/+ buffers/cache:       897M        94M
Swap:         8.0G       483M       7.5G

             total       used       free     shared    buffers     cached
Mem:          992M       923M        68M        40K       1.3M        23M
-/+ buffers/cache:       898M        93M
Swap:         8.0G       482M       7.5G

             total       used       free     shared    buffers     cached
Mem:          992M       925M        67M        40K       1.3M        23M
-/+ buffers/cache:       900M        92M
Swap:         8.0G       481M       7.5G

             total       used       free     shared    buffers     cached
Mem:          992M       925M        66M        40K       1.3M        23M
-/+ buffers/cache:       900M        91M
Swap:         8.0G       481M       7.5G

             total       used       free     shared    buffers     cached
Mem:          992M       926M        65M        40K       1.3M        23M
-/+ buffers/cache:       902M        90M
Swap:         8.0G       480M       7.5G

             total       used       free     shared    buffers     cached
Mem:          992M       928M        63M        40K       1.3M        23M
-/+ buffers/cache:       903M        88M
Swap:         8.0G       480M       7.5G

             total       used       free     shared    buffers     cached
Mem:          992M       929M        62M        40K       1.3M        23M
-/+ buffers/cache:       904M        87M
Swap:         8.0G       479M       7.5G

             total       used       free     shared    buffers     cached
Mem:          992M       930M        61M        40K       1.3M        23M
-/+ buffers/cache:       905M        86M
Swap:         8.0G       479M       7.5G

             total       used       free     shared    buffers     cached
Mem:          992M       919M        72M        40K       720K        22M
-/+ buffers/cache:       896M        95M
Swap:         8.0G       488M       7.5G

             total       used       free     shared    buffers     cached
Mem:          992M       920M        71M        40K       720K        22M
-/+ buffers/cache:       897M        95M
Swap:         8.0G       488M       7.5G

             total       used       free     shared    buffers     cached
Mem:          992M       922M        70M        40K       728K        22M
-/+ buffers/cache:       898M        93M
Swap:         8.0G       487M       7.5G

             total       used       free     shared    buffers     cached
Mem:          992M       923M        68M        40K       728K        23M
-/+ buffers/cache:       899M        92M
Swap:         8.0G       486M       7.5G

             total       used       free     shared    buffers     cached
Mem:          992M       930M        61M        40K       728K        29M
-/+ buffers/cache:       900M        91M
Swap:         8.0G       486M       7.5G

             total       used       free     shared    buffers     cached
Mem:          992M       910M        81M        40K       1.0M        28M
-/+ buffers/cache:       881M       110M
Swap:         8.0G       509M       7.5G

             total       used       free     shared    buffers     cached
Mem:          992M       912M        80M        40K       1.0M        28M
-/+ buffers/cache:       882M       109M
Swap:         8.0G       509M       7.5G

             total       used       free     shared    buffers     cached
Mem:          992M       913M        78M        40K       1.0M        28M
-/+ buffers/cache:       883M       108M
Swap:         8.0G       508M       7.5G

             total       used       free     shared    buffers     cached
Mem:          992M       914M        77M        40K       1.0M        28M
-/+ buffers/cache:       884M       107M
Swap:         8.0G       508M       7.5G

             total       used       free     shared    buffers     cached
Mem:          992M       915M        76M        40K       1.0M        28M
-/+ buffers/cache:       885M       106M
Swap:         8.0G       507M       7.5G

             total       used       free     shared    buffers     cached
Mem:          992M       916M        75M        40K       1.0M        28M
-/+ buffers/cache:       887M       104M
Swap:         8.0G       506M       7.5G

             total       used       free     shared    buffers     cached
Mem:          992M       918M        73M        40K       1.0M        28M
-/+ buffers/cache:       888M       103M
Swap:         8.0G       506M       7.5G

             total       used       free     shared    buffers     cached
Mem:          992M       919M        72M        40K       1.0M        28M
-/+ buffers/cache:       890M       102M
Swap:         8.0G       505M       7.5G

             total       used       free     shared    buffers     cached
Mem:          992M       921M        71M        40K       1.0M        28M
-/+ buffers/cache:       891M       100M
Swap:         8.0G       504M       7.5G

             total       used       free     shared    buffers     cached
Mem:          992M       922M        70M        40K       1.0M        28M
-/+ buffers/cache:       892M        99M
Swap:         8.0G       504M       7.5G

             total       used       free     shared    buffers     cached
Mem:          992M       923M        68M        40K       1.0M        28M
-/+ buffers/cache:       893M        98M
Swap:         8.0G       503M       7.5G

             total       used       free     shared    buffers     cached
Mem:          992M       924M        67M        40K       1.0M        28M
-/+ buffers/cache:       895M        97M
Swap:         8.0G       502M       7.5G

             total       used       free     shared    buffers     cached
Mem:          992M       926M        66M        40K       1.0M        28M
-/+ buffers/cache:       896M        95M
Swap:         8.0G       502M       7.5G

             total       used       free     shared    buffers     cached
Mem:          992M       927M        64M        40K       1.0M        28M
-/+ buffers/cache:       897M        94M
Swap:         8.0G       501M       7.5G

             total       used       free     shared    buffers     cached
Mem:          992M       928M        63M        40K       1.0M        28M
-/+ buffers/cache:       899M        93M
Swap:         8.0G       500M       7.5G

             total       used       free     shared    buffers     cached
Mem:          992M       930M        62M        40K       1.0M        28M
-/+ buffers/cache:       900M        91M
Swap:         8.0G       500M       7.5G

             total       used       free     shared    buffers     cached
Mem:          992M       931M        61M        40K       1.0M        28M
-/+ buffers/cache:       901M        90M
Swap:         8.0G       499M       7.5G

             total       used       free     shared    buffers     cached
Mem:          992M       920M        71M        40K       1.0M        28M
-/+ buffers/cache:       891M       101M
Swap:         8.0G       503M       7.5G

             total       used       free     shared    buffers     cached
Mem:          992M       921M        70M        40K       1.0M        28M
-/+ buffers/cache:       892M        99M
Swap:         8.0G       502M       7.5G

             total       used       free     shared    buffers     cached
Mem:          992M       922M        69M        40K       1.0M        28M
-/+ buffers/cache:       893M        98M
Swap:         8.0G       501M       7.5G

             total       used       free     shared    buffers     cached
Mem:          992M       923M        68M        40K       1.0M        28M
-/+ buffers/cache:       894M        97M
Swap:         8.0G       501M       7.5G

             total       used       free     shared    buffers     cached
Mem:          992M       924M        67M        40K       1.0M        28M
-/+ buffers/cache:       895M        96M
Swap:         8.0G       500M       7.5G

             total       used       free     shared    buffers     cached
Mem:          992M       926M        65M        40K       1.0M        28M
-/+ buffers/cache:       897M        95M
Swap:         8.0G       499M       7.5G

             total       used       free     shared    buffers     cached
Mem:          992M       928M        63M        44K       1.2M        29M
-/+ buffers/cache:       898M        93M
Swap:         8.0G       499M       7.5G

             total       used       free     shared    buffers     cached
Mem:          992M       930M        62M        44K       1.2M        29M
-/+ buffers/cache:       899M        92M
Swap:         8.0G       498M       7.5G

             total       used       free     shared    buffers     cached
Mem:          992M       931M        61M        44K       1.2M        29M
-/+ buffers/cache:       900M        91M
Swap:         8.0G       497M       7.5G

             total       used       free     shared    buffers     cached
Mem:          992M       917M        74M        44K       1.0M        27M
-/+ buffers/cache:       889M       102M
Swap:         8.0G       517M       7.5G

             total       used       free     shared    buffers     cached
Mem:          992M       923M        68M        44K       1.0M        28M
-/+ buffers/cache:       894M        98M
Swap:         8.0G       514M       7.5G

             total       used       free     shared    buffers     cached
Mem:          992M       925M        67M        44K       1.0M        28M
-/+ buffers/cache:       895M        96M
Swap:         8.0G       513M       7.5G

             total       used       free     shared    buffers     cached
Mem:          992M       919M        72M        44K       1.0M        30M
-/+ buffers/cache:       887M       104M
Swap:         8.0G       512M       7.5G

             total       used       free     shared    buffers     cached
Mem:          992M       920M        71M        44K       1.0M        30M
-/+ buffers/cache:       888M       103M
Swap:         8.0G       512M       7.5G

             total       used       free     shared    buffers     cached
Mem:          992M       921M        70M        44K       1.0M        30M
-/+ buffers/cache:       889M       102M
Swap:         8.0G       511M       7.5G

             total       used       free     shared    buffers     cached
Mem:          992M       921M        70M        44K       1.0M        30M
-/+ buffers/cache:       890M       102M
Swap:         8.0G       511M       7.5G

             total       used       free     shared    buffers     cached
Mem:          992M       922M        69M        44K       1.0M        30M
-/+ buffers/cache:       890M       101M
Swap:         8.0G       511M       7.5G

             total       used       free     shared    buffers     cached
Mem:          992M       923M        69M        44K       1.0M        30M
-/+ buffers/cache:       891M       100M
Swap:         8.0G       510M       7.5G

             total       used       free     shared    buffers     cached
Mem:          992M       923M        68M        44K       1.0M        30M
-/+ buffers/cache:       892M       100M
Swap:         8.0G       510M       7.5G

             total       used       free     shared    buffers     cached
Mem:          992M       924M        67M        44K       1.0M        30M
-/+ buffers/cache:       892M        99M
Swap:         8.0G       510M       7.5G

             total       used       free     shared    buffers     cached
Mem:          992M       925M        66M        44K       1.0M        30M
-/+ buffers/cache:       893M        98M
Swap:         8.0G       509M       7.5G

             total       used       free     shared    buffers     cached
Mem:          992M       925M        66M        44K       1.0M        30M
-/+ buffers/cache:       894M        98M
Swap:         8.0G       509M       7.5G

             total       used       free     shared    buffers     cached
Mem:          992M       918M        73M       212K       1.3M        37M
-/+ buffers/cache:       879M       112M
Swap:         8.0G       525M       7.5G

             total       used       free     shared    buffers     cached
Mem:          992M       923M        68M       3.9M       5.1M        56M
-/+ buffers/cache:       862M       130M
Swap:         8.0G       559M       7.5G

             total       used       free     shared    buffers     cached
Mem:          992M       923M        69M       3.9M       4.6M        62M
-/+ buffers/cache:       855M       136M
Swap:         8.0G       563M       7.4G

             total       used       free     shared    buffers     cached
Mem:          992M       914M        77M       232K       4.1M        60M
-/+ buffers/cache:       849M       142M
Swap:         8.0G       571M       7.4G

             total       used       free     shared    buffers     cached
Mem:          992M       916M        76M       232K       4.1M        60M
-/+ buffers/cache:       851M       141M
Swap:         8.0G       570M       7.4G

             total       used       free     shared    buffers     cached
Mem:          992M       917M        74M       232K       4.1M        61M
-/+ buffers/cache:       852M       140M
Swap:         8.0G       569M       7.4G

             total       used       free     shared    buffers     cached
Mem:          992M       918M        73M       232K       4.1M        61M
-/+ buffers/cache:       853M       138M
Swap:         8.0G       569M       7.4G

             total       used       free     shared    buffers     cached
Mem:          992M       919M        72M       232K       4.1M        61M
-/+ buffers/cache:       854M       137M
Swap:         8.0G       568M       7.4G

             total       used       free     shared    buffers     cached
Mem:          992M       922M        69M       232K       4.3M        61M
-/+ buffers/cache:       856M       135M
Swap:         8.0G       567M       7.4G

             total       used       free     shared    buffers     cached
Mem:          992M       923M        68M       232K       4.3M        61M
-/+ buffers/cache:       857M       134M
Swap:         8.0G       567M       7.4G

             total       used       free     shared    buffers     cached
Mem:          992M       924M        67M       232K       4.3M        61M
-/+ buffers/cache:       858M       133M
Swap:         8.0G       566M       7.4G

             total       used       free     shared    buffers     cached
Mem:          992M       926M        65M       232K       4.3M        61M
-/+ buffers/cache:       860M       132M
Swap:         8.0G       565M       7.4G

             total       used       free     shared    buffers     cached
Mem:          992M       927M        64M       232K       4.3M        61M
-/+ buffers/cache:       861M       130M
Swap:         8.0G       565M       7.4G

             total       used       free     shared    buffers     cached
Mem:          992M       928M        63M       232K       4.3M        61M
-/+ buffers/cache:       862M       129M
Swap:         8.0G       564M       7.4G

             total       used       free     shared    buffers     cached
Mem:          992M       930M        62M       232K       4.3M        61M
-/+ buffers/cache:       863M       128M
Swap:         8.0G       563M       7.4G

             total       used       free     shared    buffers     cached
Mem:          992M       931M        60M       232K       4.3M        61M
-/+ buffers/cache:       865M       127M
Swap:         8.0G       563M       7.4G

             total       used       free     shared    buffers     cached
Mem:          992M       919M        72M       232K       4.3M        61M
-/+ buffers/cache:       854M       137M
Swap:         8.0G       575M       7.4G

             total       used       free     shared    buffers     cached
Mem:          992M       921M        70M       232K       4.3M        61M
-/+ buffers/cache:       855M       136M
Swap:         8.0G       574M       7.4G

             total       used       free     shared    buffers     cached
Mem:          992M       922M        69M       232K       4.3M        61M
-/+ buffers/cache:       856M       135M
Swap:         8.0G       574M       7.4G

             total       used       free     shared    buffers     cached
Mem:          992M       924M        68M       232K       4.3M        61M
-/+ buffers/cache:       857M       134M
Swap:         8.0G       573M       7.4G

             total       used       free     shared    buffers     cached
Mem:          992M       925M        66M       232K       4.3M        62M
-/+ buffers/cache:       859M       133M
Swap:         8.0G       572M       7.4G

             total       used       free     shared    buffers     cached
Mem:          992M       926M        65M       232K       4.3M        62M
-/+ buffers/cache:       860M       131M
Swap:         8.0G       572M       7.4G

             total       used       free     shared    buffers     cached
Mem:          992M       927M        64M       232K       4.3M        62M
-/+ buffers/cache:       861M       130M
Swap:         8.0G       571M       7.4G

             total       used       free     shared    buffers     cached
Mem:          992M       929M        62M       232K       4.3M        62M
-/+ buffers/cache:       862M       129M
Swap:         8.0G       570M       7.4G

             total       used       free     shared    buffers     cached
Mem:          992M       930M        61M       232K       4.3M        62M
-/+ buffers/cache:       864M       127M
Swap:         8.0G       569M       7.4G

             total       used       free     shared    buffers     cached
Mem:          992M       916M        75M       232K       4.2M        60M
-/+ buffers/cache:       852M       139M
Swap:         8.0G       586M       7.4G

             total       used       free     shared    buffers     cached
Mem:          992M       918M        74M       232K       4.2M        60M
-/+ buffers/cache:       853M       138M
Swap:         8.0G       585M       7.4G

             total       used       free     shared    buffers     cached
Mem:          992M       919M        72M       232K       4.2M        60M
-/+ buffers/cache:       855M       136M
Swap:         8.0G       585M       7.4G

             total       used       free     shared    buffers     cached
Mem:          992M       920M        71M       232K       4.2M        60M
-/+ buffers/cache:       856M       135M
Swap:         8.0G       584M       7.4G

             total       used       free     shared    buffers     cached
Mem:          992M       922M        70M       232K       4.2M        60M
-/+ buffers/cache:       857M       134M
Swap:         8.0G       583M       7.4G

             total       used       free     shared    buffers     cached
Mem:          992M       923M        69M       232K       4.2M        60M
-/+ buffers/cache:       858M       133M
Swap:         8.0G       583M       7.4G

             total       used       free     shared    buffers     cached
Mem:          992M       924M        67M       232K       4.2M        60M
-/+ buffers/cache:       860M       132M
Swap:         8.0G       582M       7.4G

             total       used       free     shared    buffers     cached
Mem:          992M       925M        66M       232K       4.2M        60M
-/+ buffers/cache:       861M       130M
Swap:         8.0G       582M       7.4G

             total       used       free     shared    buffers     cached
Mem:          992M       927M        64M       232K       4.2M        60M
-/+ buffers/cache:       862M       129M
Swap:         8.0G       581M       7.4G

             total       used       free     shared    buffers     cached
Mem:          992M       928M        63M       232K       4.2M        60M
-/+ buffers/cache:       864M       127M
Swap:         8.0G       580M       7.4G

             total       used       free     shared    buffers     cached
Mem:          992M       929M        62M       232K       4.2M        60M
-/+ buffers/cache:       865M       126M
Swap:         8.0G       580M       7.4G

             total       used       free     shared    buffers     cached
Mem:          992M       931M        60M       232K       4.2M        60M
-/+ buffers/cache:       867M       125M
Swap:         8.0G       579M       7.4G

             total       used       free     shared    buffers     cached
Mem:          992M       911M        81M       232K       3.2M        58M
-/+ buffers/cache:       848M       143M
Swap:         8.0G       585M       7.4G

             total       used       free     shared    buffers     cached
Mem:          992M       912M        79M       232K       3.2M        58M
-/+ buffers/cache:       850M       142M
Swap:         8.0G       585M       7.4G

             total       used       free     shared    buffers     cached
Mem:          992M       913M        78M       232K       3.2M        58M
-/+ buffers/cache:       851M       140M
Swap:         8.0G       584M       7.4G

             total       used       free     shared    buffers     cached
Mem:          992M       915M        77M       232K       3.2M        58M
-/+ buffers/cache:       852M       139M
Swap:         8.0G       583M       7.4G

             total       used       free     shared    buffers     cached
Mem:          992M       914M        77M       276K       8.3M        70M
-/+ buffers/cache:       835M       156M
Swap:         8.0G       610M       7.4G

             total       used       free     shared    buffers     cached
Mem:          992M       920M        71M       276K       8.3M        72M
-/+ buffers/cache:       839M       152M
Swap:         8.0G       610M       7.4G
