             total       used       free     shared    buffers     cached
Mem:          992M       662M       329M       3.2M        38M       289M
-/+ buffers/cache:       333M       658M
Swap:         8.0G         0B       8.0G

             total       used       free     shared    buffers     cached
Mem:          992M       661M       330M       3.2M        38M       290M
-/+ buffers/cache:       333M       659M
Swap:         8.0G         0B       8.0G

             total       used       free     shared    buffers     cached
Mem:          992M       661M       330M       3.2M        38M       290M
-/+ buffers/cache:       333M       659M
Swap:         8.0G         0B       8.0G

             total       used       free     shared    buffers     cached
Mem:          992M       661M       330M       3.2M        38M       290M
-/+ buffers/cache:       333M       659M
Swap:         8.0G         0B       8.0G

             total       used       free     shared    buffers     cached
Mem:          992M       661M       330M       3.2M        38M       290M
-/+ buffers/cache:       333M       659M
Swap:         8.0G         0B       8.0G

             total       used       free     shared    buffers     cached
Mem:          992M       661M       330M       3.2M        38M       290M
-/+ buffers/cache:       333M       659M
Swap:         8.0G         0B       8.0G

             total       used       free     shared    buffers     cached
Mem:          992M       661M       330M       3.2M        38M       290M
-/+ buffers/cache:       333M       659M
Swap:         8.0G         0B       8.0G

             total       used       free     shared    buffers     cached
Mem:          992M       661M       330M       3.2M        38M       290M
-/+ buffers/cache:       332M       659M
Swap:         8.0G         0B       8.0G

             total       used       free     shared    buffers     cached
Mem:          992M       661M       330M       3.2M        38M       290M
-/+ buffers/cache:       332M       659M
Swap:         8.0G         0B       8.0G

             total       used       free     shared    buffers     cached
Mem:          992M       661M       330M       3.2M        38M       290M
-/+ buffers/cache:       332M       659M
Swap:         8.0G         0B       8.0G

             total       used       free     shared    buffers     cached
Mem:          992M       664M       327M       3.2M        38M       290M
-/+ buffers/cache:       335M       656M
Swap:         8.0G         0B       8.0G

             total       used       free     shared    buffers     cached
Mem:          992M       688M       303M       3.2M        38M       290M
-/+ buffers/cache:       359M       632M
Swap:         8.0G         0B       8.0G

             total       used       free     shared    buffers     cached
Mem:          992M       710M       281M       3.2M        38M       290M
-/+ buffers/cache:       380M       611M
Swap:         8.0G         0B       8.0G

             total       used       free     shared    buffers     cached
Mem:          992M       670M       321M       3.2M        38M       291M
-/+ buffers/cache:       340M       651M
Swap:         8.0G         0B       8.0G

             total       used       free     shared    buffers     cached
Mem:          992M       681M       310M       3.2M        38M       291M
-/+ buffers/cache:       350M       641M
Swap:         8.0G         0B       8.0G

             total       used       free     shared    buffers     cached
Mem:          992M       671M       320M       3.2M        38M       291M
-/+ buffers/cache:       340M       651M
Swap:         8.0G         0B       8.0G

             total       used       free     shared    buffers     cached
Mem:          992M       671M       320M       3.2M        38M       291M
-/+ buffers/cache:       340M       651M
Swap:         8.0G         0B       8.0G

             total       used       free     shared    buffers     cached
Mem:          992M       671M       320M       3.2M        38M       291M
-/+ buffers/cache:       340M       651M
Swap:         8.0G         0B       8.0G

             total       used       free     shared    buffers     cached
Mem:          992M       671M       320M       3.2M        38M       291M
-/+ buffers/cache:       340M       651M
Swap:         8.0G         0B       8.0G

             total       used       free     shared    buffers     cached
Mem:          992M       671M       320M       3.2M        38M       291M
-/+ buffers/cache:       340M       651M
Swap:         8.0G         0B       8.0G

             total       used       free     shared    buffers     cached
Mem:          992M       671M       320M       3.2M        38M       291M
-/+ buffers/cache:       340M       651M
Swap:         8.0G         0B       8.0G

             total       used       free     shared    buffers     cached
Mem:          992M       672M       320M       3.2M        38M       291M
-/+ buffers/cache:       341M       650M
Swap:         8.0G         0B       8.0G

             total       used       free     shared    buffers     cached
Mem:          992M       672M       320M       3.2M        38M       291M
-/+ buffers/cache:       341M       650M
Swap:         8.0G         0B       8.0G

             total       used       free     shared    buffers     cached
Mem:          992M       672M       320M       3.2M        38M       291M
-/+ buffers/cache:       341M       650M
Swap:         8.0G         0B       8.0G

             total       used       free     shared    buffers     cached
Mem:          992M       672M       320M       3.2M        38M       291M
-/+ buffers/cache:       341M       650M
Swap:         8.0G         0B       8.0G

             total       used       free     shared    buffers     cached
Mem:          992M       672M       320M       3.2M        38M       291M
-/+ buffers/cache:       341M       650M
Swap:         8.0G         0B       8.0G

             total       used       free     shared    buffers     cached
Mem:          992M       671M       320M       3.2M        38M       291M
-/+ buffers/cache:       340M       651M
Swap:         8.0G         0B       8.0G

             total       used       free     shared    buffers     cached
Mem:          992M       671M       320M       3.2M        38M       291M
-/+ buffers/cache:       340M       651M
Swap:         8.0G         0B       8.0G

             total       used       free     shared    buffers     cached
Mem:          992M       671M       320M       3.2M        38M       291M
-/+ buffers/cache:       340M       651M
Swap:         8.0G         0B       8.0G

             total       used       free     shared    buffers     cached
Mem:          992M       671M       320M       3.2M        39M       291M
-/+ buffers/cache:       340M       651M
Swap:         8.0G         0B       8.0G

             total       used       free     shared    buffers     cached
Mem:          992M       671M       320M       3.2M        39M       291M
-/+ buffers/cache:       340M       651M
Swap:         8.0G         0B       8.0G

             total       used       free     shared    buffers     cached
Mem:          992M       671M       320M       3.2M        39M       291M
-/+ buffers/cache:       340M       651M
Swap:         8.0G         0B       8.0G

             total       used       free     shared    buffers     cached
Mem:          992M       671M       320M       3.2M        39M       291M
-/+ buffers/cache:       340M       651M
Swap:         8.0G         0B       8.0G

             total       used       free     shared    buffers     cached
Mem:          992M       671M       320M       3.2M        39M       291M
-/+ buffers/cache:       340M       651M
Swap:         8.0G         0B       8.0G

             total       used       free     shared    buffers     cached
Mem:          992M       671M       320M       3.2M        39M       291M
-/+ buffers/cache:       340M       651M
Swap:         8.0G         0B       8.0G

             total       used       free     shared    buffers     cached
Mem:          992M       671M       320M       3.2M        39M       291M
-/+ buffers/cache:       340M       651M
Swap:         8.0G         0B       8.0G

             total       used       free     shared    buffers     cached
Mem:          992M       671M       320M       3.2M        39M       291M
-/+ buffers/cache:       340M       651M
Swap:         8.0G         0B       8.0G

             total       used       free     shared    buffers     cached
Mem:          992M       671M       320M       3.2M        39M       291M
-/+ buffers/cache:       340M       651M
Swap:         8.0G         0B       8.0G

             total       used       free     shared    buffers     cached
Mem:          992M       678M       313M       3.2M        39M       291M
-/+ buffers/cache:       347M       644M
Swap:         8.0G         0B       8.0G

             total       used       free     shared    buffers     cached
Mem:          992M       696M       295M       3.2M        39M       291M
-/+ buffers/cache:       365M       626M
Swap:         8.0G         0B       8.0G

             total       used       free     shared    buffers     cached
Mem:          992M       712M       279M       3.2M        39M       291M
-/+ buffers/cache:       381M       610M
Swap:         8.0G         0B       8.0G

             total       used       free     shared    buffers     cached
Mem:          992M       725M       266M       3.2M        39M       291M
-/+ buffers/cache:       394M       597M
Swap:         8.0G         0B       8.0G

             total       used       free     shared    buffers     cached
Mem:          992M       738M       253M       3.2M        39M       291M
-/+ buffers/cache:       407M       584M
Swap:         8.0G         0B       8.0G

             total       used       free     shared    buffers     cached
Mem:          992M       753M       238M       3.2M        39M       291M
-/+ buffers/cache:       422M       569M
Swap:         8.0G         0B       8.0G

             total       used       free     shared    buffers     cached
Mem:          992M       769M       222M       3.2M        39M       291M
-/+ buffers/cache:       438M       553M
Swap:         8.0G         0B       8.0G

             total       used       free     shared    buffers     cached
Mem:          992M       784M       207M       3.2M        39M       291M
-/+ buffers/cache:       454M       538M
Swap:         8.0G         0B       8.0G

             total       used       free     shared    buffers     cached
Mem:          992M       801M       190M       3.2M        39M       291M
-/+ buffers/cache:       470M       521M
Swap:         8.0G         0B       8.0G

             total       used       free     shared    buffers     cached
Mem:          992M       818M       173M       3.2M        39M       291M
-/+ buffers/cache:       487M       504M
Swap:         8.0G         0B       8.0G

             total       used       free     shared    buffers     cached
Mem:          992M       835M       156M       3.2M        39M       291M
-/+ buffers/cache:       504M       487M
Swap:         8.0G         0B       8.0G

             total       used       free     shared    buffers     cached
Mem:          992M       848M       143M       3.2M        39M       291M
-/+ buffers/cache:       517M       474M
Swap:         8.0G         0B       8.0G

             total       used       free     shared    buffers     cached
Mem:          992M       862M       129M       3.2M        39M       291M
-/+ buffers/cache:       531M       460M
Swap:         8.0G         0B       8.0G

             total       used       free     shared    buffers     cached
Mem:          992M       876M       115M       3.2M        39M       291M
-/+ buffers/cache:       545M       446M
Swap:         8.0G         0B       8.0G

             total       used       free     shared    buffers     cached
Mem:          992M       890M       101M       3.2M        39M       291M
-/+ buffers/cache:       559M       432M
Swap:         8.0G         0B       8.0G

             total       used       free     shared    buffers     cached
Mem:          992M       901M        90M       3.2M        39M       291M
-/+ buffers/cache:       570M       421M
Swap:         8.0G         0B       8.0G

             total       used       free     shared    buffers     cached
Mem:          992M       914M        77M       3.2M        39M       291M
-/+ buffers/cache:       583M       408M
Swap:         8.0G         0B       8.0G

             total       used       free     shared    buffers     cached
Mem:          992M       928M        63M       3.2M        39M       291M
-/+ buffers/cache:       597M       394M
Swap:         8.0G         0B       8.0G

             total       used       free     shared    buffers     cached
Mem:          992M       923M        68M       3.2M        21M       290M
-/+ buffers/cache:       611M       380M
Swap:         8.0G         0B       8.0G

             total       used       free     shared    buffers     cached
Mem:          992M       922M        69M       3.2M        10M       287M
-/+ buffers/cache:       624M       367M
Swap:         8.0G         0B       8.0G

             total       used       free     shared    buffers     cached
Mem:          992M       931M        60M       3.2M        10M       283M
-/+ buffers/cache:       636M       355M
Swap:         8.0G         0B       8.0G

             total       used       free     shared    buffers     cached
Mem:          992M       926M        65M       3.1M         9M       266M
-/+ buffers/cache:       650M       342M
Swap:         8.0G       172K       8.0G

             total       used       free     shared    buffers     cached
Mem:          992M       919M        72M       3.1M         9M       246M
-/+ buffers/cache:       662M       329M
Swap:         8.0G       224K       8.0G

             total       used       free     shared    buffers     cached
Mem:          992M       933M        58M       3.1M         9M       246M
-/+ buffers/cache:       676M       315M
Swap:         8.0G       224K       8.0G

             total       used       free     shared    buffers     cached
Mem:          992M       930M        61M       3.0M         9M       234M
-/+ buffers/cache:       686M       305M
Swap:         8.0G       6.4M       8.0G

             total       used       free     shared    buffers     cached
Mem:          992M       912M        79M       2.9M         9M       209M
-/+ buffers/cache:       693M       298M
Swap:         8.0G        11M       8.0G

             total       used       free     shared    buffers     cached
Mem:          992M       925M        66M       2.9M         9M       209M
-/+ buffers/cache:       706M       285M
Swap:         8.0G        11M       8.0G

             total       used       free     shared    buffers     cached
Mem:          992M       925M        66M       2.9M       3.2M       203M
-/+ buffers/cache:       718M       273M
Swap:         8.0G        11M       8.0G

             total       used       free     shared    buffers     cached
Mem:          992M       923M        68M       2.9M       1.4M       190M
-/+ buffers/cache:       731M       260M
Swap:         8.0G        11M       8.0G

             total       used       free     shared    buffers     cached
Mem:          992M       913M        78M       2.9M       232K       169M
-/+ buffers/cache:       744M       248M
Swap:         8.0G        11M       8.0G

             total       used       free     shared    buffers     cached
Mem:          992M       925M        66M       2.9M       232K       169M
-/+ buffers/cache:       756M       236M
Swap:         8.0G        11M       8.0G

             total       used       free     shared    buffers     cached
Mem:          992M       919M        72M       2.9M       252K       149M
-/+ buffers/cache:       770M       222M
Swap:         8.0G        11M       8.0G

             total       used       free     shared    buffers     cached
Mem:          992M       916M        76M       2.9M       684K       134M
-/+ buffers/cache:       781M       210M
Swap:         8.0G        11M       8.0G

             total       used       free     shared    buffers     cached
Mem:          992M       924M        67M       2.9M       684K       134M
-/+ buffers/cache:       789M       202M
Swap:         8.0G        11M       8.0G

             total       used       free     shared    buffers     cached
Mem:          992M       922M        69M       2.9M       504K       119M
-/+ buffers/cache:       801M       190M
Swap:         8.0G        11M       8.0G

             total       used       free     shared    buffers     cached
Mem:          992M       921M        70M       2.9M       504K       107M
-/+ buffers/cache:       813M       178M
Swap:         8.0G        11M       8.0G

             total       used       free     shared    buffers     cached
Mem:          992M       911M        80M       2.9M       496K        85M
-/+ buffers/cache:       825M       166M
Swap:         8.0G        11M       8.0G

             total       used       free     shared    buffers     cached
Mem:          992M       924M        67M       2.9M       496K        85M
-/+ buffers/cache:       838M       153M
Swap:         8.0G        11M       8.0G

             total       used       free     shared    buffers     cached
Mem:          992M       916M        75M       2.9M       496K        66M
-/+ buffers/cache:       850M       142M
Swap:         8.0G        11M       8.0G

             total       used       free     shared    buffers     cached
Mem:          992M       930M        61M       2.9M       504K        66M
-/+ buffers/cache:       864M       128M
Swap:         8.0G        11M       8.0G

             total       used       free     shared    buffers     cached
Mem:          992M       926M        66M       2.9M       504K        51M
-/+ buffers/cache:       874M       118M
Swap:         8.0G        11M       8.0G

             total       used       free     shared    buffers     cached
Mem:          992M       919M        72M       2.9M       908K        30M
-/+ buffers/cache:       887M       104M
Swap:         8.0G        12M       8.0G

             total       used       free     shared    buffers     cached
Mem:          992M       931M        60M       2.9M       908K        30M
-/+ buffers/cache:       899M        92M
Swap:         8.0G        12M       8.0G

             total       used       free     shared    buffers     cached
Mem:          992M       928M        63M       2.8M       876K        18M
-/+ buffers/cache:       908M        83M
Swap:         8.0G        14M       8.0G

             total       used       free     shared    buffers     cached
Mem:          992M       925M        66M       2.8M       476K       6.6M
-/+ buffers/cache:       918M        73M
Swap:         8.0G        14M       8.0G

             total       used       free     shared    buffers     cached
Mem:          992M       925M        66M       2.5M        84K        22M
-/+ buffers/cache:       902M        89M
Swap:         8.0G        51M       7.9G

             total       used       free     shared    buffers     cached
Mem:          992M       931M        60M       2.5M       948K        23M
-/+ buffers/cache:       907M        85M
Swap:         8.0G        68M       7.9G

             total       used       free     shared    buffers     cached
Mem:          992M       929M        62M       2.5M       1.7M        23M
-/+ buffers/cache:       905M        87M
Swap:         8.0G        67M       7.9G

             total       used       free     shared    buffers     cached
Mem:          992M       927M        65M       2.5M       1.7M        20M
-/+ buffers/cache:       905M        86M
Swap:         8.0G        86M       7.9G

             total       used       free     shared    buffers     cached
Mem:          992M       926M        65M       2.5M       1.7M        12M
-/+ buffers/cache:       912M        80M
Swap:         8.0G        86M       7.9G

             total       used       free     shared    buffers     cached
Mem:          992M       916M        75M       2.5M        92K       4.3M
-/+ buffers/cache:       911M        80M
Swap:         8.0G       101M       7.9G

             total       used       free     shared    buffers     cached
Mem:          992M       929M        62M       2.4M       356K       4.3M
-/+ buffers/cache:       924M        67M
Swap:         8.0G       101M       7.9G

             total       used       free     shared    buffers     cached
Mem:          992M       922M        69M       2.4M       356K       4.4M
-/+ buffers/cache:       918M        74M
Swap:         8.0G       124M       7.9G

             total       used       free     shared    buffers     cached
Mem:          992M       922M        69M       2.4M       356K       4.3M
-/+ buffers/cache:       917M        74M
Swap:         8.0G       131M       7.9G

             total       used       free     shared    buffers     cached
Mem:          992M       920M        72M       2.4M       356K       4.1M
-/+ buffers/cache:       915M        76M
Swap:         8.0G       152M       7.8G

             total       used       free     shared    buffers     cached
Mem:          992M       931M        61M       2.4M       364K       4.1M
-/+ buffers/cache:       926M        65M
Swap:         8.0G       152M       7.8G

             total       used       free     shared    buffers     cached
Mem:          992M       928M        63M       2.4M       364K       4.1M
-/+ buffers/cache:       923M        68M
Swap:         8.0G       164M       7.8G

             total       used       free     shared    buffers     cached
Mem:          992M       927M        64M       2.4M       352K       4.1M
-/+ buffers/cache:       923M        69M
Swap:         8.0G       181M       7.8G

             total       used       free     shared    buffers     cached
Mem:          992M       927M        64M       2.4M       352K       4.1M
-/+ buffers/cache:       922M        69M
Swap:         8.0G       193M       7.8G

             total       used       free     shared    buffers     cached
Mem:          992M       926M        65M       2.4M       352K       4.1M
-/+ buffers/cache:       922M        70M
Swap:         8.0G       205M       7.8G

             total       used       free     shared    buffers     cached
Mem:          992M       924M        67M       2.4M       360K       4.1M
-/+ buffers/cache:       920M        71M
Swap:         8.0G       222M       7.8G

             total       used       free     shared    buffers     cached
Mem:          992M       919M        72M       2.4M       360K       4.1M
-/+ buffers/cache:       915M        77M
Swap:         8.0G       230M       7.8G

             total       used       free     shared    buffers     cached
Mem:          992M       911M        80M       2.3M       360K       3.9M
-/+ buffers/cache:       907M        84M
Swap:         8.0G       256M       7.7G

             total       used       free     shared    buffers     cached
Mem:          992M       918M        73M       2.3M       360K       4.0M
-/+ buffers/cache:       914M        77M
Swap:         8.0G       256M       7.7G

             total       used       free     shared    buffers     cached
Mem:          992M       925M        66M       2.3M       360K       4.0M
-/+ buffers/cache:       921M        70M
Swap:         8.0G       256M       7.7G

             total       used       free     shared    buffers     cached
Mem:          992M       919M        72M       2.3M       348K       4.0M
-/+ buffers/cache:       915M        76M
Swap:         8.0G       266M       7.7G

             total       used       free     shared    buffers     cached
Mem:          992M       924M        67M       2.3M       356K       3.9M
-/+ buffers/cache:       920M        71M
Swap:         8.0G       266M       7.7G

             total       used       free     shared    buffers     cached
Mem:          992M       918M        73M       2.3M       356K       4.0M
-/+ buffers/cache:       914M        77M
Swap:         8.0G       283M       7.7G

             total       used       free     shared    buffers     cached
Mem:          992M       921M        70M       2.3M       356K       3.9M
-/+ buffers/cache:       917M        74M
Swap:         8.0G       283M       7.7G

             total       used       free     shared    buffers     cached
Mem:          992M       926M        65M       2.3M       356K       3.9M
-/+ buffers/cache:       922M        69M
Swap:         8.0G       283M       7.7G

             total       used       free     shared    buffers     cached
Mem:          992M       931M        60M       2.3M       356K       3.9M
-/+ buffers/cache:       927M        64M
Swap:         8.0G       283M       7.7G

             total       used       free     shared    buffers     cached
Mem:          992M       922M        70M       2.3M       364K       3.9M
-/+ buffers/cache:       917M        74M
Swap:         8.0G       289M       7.7G

             total       used       free     shared    buffers     cached
Mem:          992M       926M        65M       2.3M       364K       3.9M
-/+ buffers/cache:       922M        69M
Swap:         8.0G       289M       7.7G

             total       used       free     shared    buffers     cached
Mem:          992M       916M        75M       2.3M       364K       3.9M
-/+ buffers/cache:       912M        79M
Swap:         8.0G       321M       7.7G

             total       used       free     shared    buffers     cached
Mem:          992M       919M        72M       2.3M       364K       3.9M
-/+ buffers/cache:       915M        76M
Swap:         8.0G       321M       7.7G

             total       used       free     shared    buffers     cached
Mem:          992M       924M        67M       2.3M       364K       3.9M
-/+ buffers/cache:       920M        71M
Swap:         8.0G       321M       7.7G

             total       used       free     shared    buffers     cached
Mem:          992M       929M        63M       2.3M       372K       3.9M
-/+ buffers/cache:       924M        67M
Swap:         8.0G       321M       7.7G

             total       used       free     shared    buffers     cached
Mem:          992M       920M        71M       2.3M       372K       3.9M
-/+ buffers/cache:       916M        76M
Swap:         8.0G       321M       7.7G

             total       used       free     shared    buffers     cached
Mem:          992M       924M        67M       2.3M       372K       3.9M
-/+ buffers/cache:       920M        71M
Swap:         8.0G       321M       7.7G

             total       used       free     shared    buffers     cached
Mem:          992M       928M        63M       2.3M       372K       3.9M
-/+ buffers/cache:       924M        67M
Swap:         8.0G       321M       7.7G

             total       used       free     shared    buffers     cached
Mem:          992M       908M        83M        40K       372K       1.6M
-/+ buffers/cache:       906M        85M
Swap:         8.0G       348M       7.7G

             total       used       free     shared    buffers     cached
Mem:          992M       911M        80M        12K       372K       1.6M
-/+ buffers/cache:       909M        82M
Swap:         8.0G       348M       7.7G

             total       used       free     shared    buffers     cached
Mem:          992M       923M        68M        12K       380K       1.7M
-/+ buffers/cache:       921M        70M
Swap:         8.0G       336M       7.7G

             total       used       free     shared    buffers     cached
Mem:          992M       920M        71M         4K       380K       1.7M
-/+ buffers/cache:       918M        73M
Swap:         8.0G       331M       7.7G

             total       used       free     shared    buffers     cached
Mem:          992M       927M        64M         4K       360K       1.6M
-/+ buffers/cache:       925M        66M
Swap:         8.0G       323M       7.7G

             total       used       free     shared    buffers     cached
Mem:          992M       923M        68M         0B       340K       1.6M
-/+ buffers/cache:       921M        70M
Swap:         8.0G       323M       7.7G

             total       used       free     shared    buffers     cached
Mem:          992M       920M        72M         0B        80K       1.5M
-/+ buffers/cache:       918M        73M
Swap:         8.0G       335M       7.7G

             total       used       free     shared    buffers     cached
Mem:          992M       919M        72M         0B        88K       1.4M
-/+ buffers/cache:       917M        74M
Swap:         8.0G       326M       7.7G

             total       used       free     shared    buffers     cached
Mem:          992M       922M        70M         0B        88K       1.6M
-/+ buffers/cache:       920M        71M
Swap:         8.0G       324M       7.7G

             total       used       free     shared    buffers     cached
Mem:          992M       923M        68M         0B        88K       1.5M
-/+ buffers/cache:       921M        70M
Swap:         8.0G       326M       7.7G

             total       used       free     shared    buffers     cached
Mem:          992M       910M        82M         0B        92K       1.4M
-/+ buffers/cache:       908M        83M
Swap:         8.0G       397M       7.6G

             total       used       free     shared    buffers     cached
Mem:          992M       924M        68M         0B       184K       2.2M
-/+ buffers/cache:       921M        70M
Swap:         8.0G       336M       7.7G

             total       used       free     shared    buffers     cached
Mem:          992M       918M        73M         0B       176K       2.1M
-/+ buffers/cache:       916M        75M
Swap:         8.0G       339M       7.7G

             total       used       free     shared    buffers     cached
Mem:          992M       918M        73M         0B       176K       2.1M
-/+ buffers/cache:       916M        75M
Swap:         8.0G       338M       7.7G

             total       used       free     shared    buffers     cached
Mem:          992M       916M        75M         0B        76K       976K
-/+ buffers/cache:       915M        76M
Swap:         8.0G       410M       7.6G

             total       used       free     shared    buffers     cached
Mem:          992M       919M        72M         0B       368K       6.3M
-/+ buffers/cache:       913M        79M
Swap:         8.0G       355M       7.6G

             total       used       free     shared    buffers     cached
Mem:          992M       922M        70M         0B       372K       6.4M
-/+ buffers/cache:       915M        76M
Swap:         8.0G       354M       7.7G

             total       used       free     shared    buffers     cached
Mem:          992M       926M        66M         0B       376K       6.5M
-/+ buffers/cache:       919M        73M
Swap:         8.0G       353M       7.7G

             total       used       free     shared    buffers     cached
Mem:          992M       919M        72M         0B       384K       6.6M
-/+ buffers/cache:       912M        79M
Swap:         8.0G       352M       7.7G

             total       used       free     shared    buffers     cached
Mem:          992M       924M        67M         0B       384K       6.6M
-/+ buffers/cache:       917M        74M
Swap:         8.0G       352M       7.7G

             total       used       free     shared    buffers     cached
Mem:          992M       930M        61M         0B       384K       6.6M
-/+ buffers/cache:       923M        68M
Swap:         8.0G       351M       7.7G

             total       used       free     shared    buffers     cached
Mem:          992M       917M        74M         0B       332K       6.4M
-/+ buffers/cache:       910M        81M
Swap:         8.0G       370M       7.6G

             total       used       free     shared    buffers     cached
Mem:          992M       921M        70M         0B       332K       6.3M
-/+ buffers/cache:       914M        77M
Swap:         8.0G       370M       7.6G

             total       used       free     shared    buffers     cached
Mem:          992M       927M        65M         0B       340K       6.5M
-/+ buffers/cache:       920M        71M
Swap:         8.0G       370M       7.6G

             total       used       free     shared    buffers     cached
Mem:          992M       919M        72M         0B       340K       6.3M
-/+ buffers/cache:       912M        79M
Swap:         8.0G       382M       7.6G

             total       used       free     shared    buffers     cached
Mem:          992M       898M        93M         0B        80K        20M
-/+ buffers/cache:       878M       114M
Swap:         8.0G       427M       7.6G

             total       used       free     shared    buffers     cached
Mem:          992M       900M        91M         0B       536K        20M
-/+ buffers/cache:       879M       112M
Swap:         8.0G       426M       7.6G

             total       used       free     shared    buffers     cached
Mem:          992M       902M        89M         0B       544K        20M
-/+ buffers/cache:       881M       110M
Swap:         8.0G       426M       7.6G

             total       used       free     shared    buffers     cached
Mem:          992M       903M        88M         0B       552K        20M
-/+ buffers/cache:       882M       110M
Swap:         8.0G       425M       7.6G

             total       used       free     shared    buffers     cached
Mem:          992M       905M        87M         0B       552K        20M
-/+ buffers/cache:       883M       108M
Swap:         8.0G       424M       7.6G

             total       used       free     shared    buffers     cached
Mem:          992M       906M        85M         0B       552K        20M
-/+ buffers/cache:       885M       107M
Swap:         8.0G       424M       7.6G

             total       used       free     shared    buffers     cached
Mem:          992M       908M        83M         0B       552K        20M
-/+ buffers/cache:       886M       105M
Swap:         8.0G       423M       7.6G

             total       used       free     shared    buffers     cached
Mem:          992M       910M        82M         0B       552K        20M
-/+ buffers/cache:       888M       103M
Swap:         8.0G       422M       7.6G

             total       used       free     shared    buffers     cached
Mem:          992M       911M        80M         0B       552K        20M
-/+ buffers/cache:       890M       101M
Swap:         8.0G       421M       7.6G

             total       used       free     shared    buffers     cached
Mem:          992M       913M        78M         0B       560K        20M
-/+ buffers/cache:       892M       100M
Swap:         8.0G       420M       7.6G

             total       used       free     shared    buffers     cached
Mem:          992M       914M        77M         0B       560K        20M
-/+ buffers/cache:       893M        98M
Swap:         8.0G       420M       7.6G

             total       used       free     shared    buffers     cached
Mem:          992M       916M        75M         0B       560K        20M
-/+ buffers/cache:       894M        97M
Swap:         8.0G       419M       7.6G

             total       used       free     shared    buffers     cached
Mem:          992M       917M        74M         0B       560K        20M
-/+ buffers/cache:       896M        95M
Swap:         8.0G       418M       7.6G

             total       used       free     shared    buffers     cached
Mem:          992M       919M        72M         0B       560K        20M
-/+ buffers/cache:       898M        93M
Swap:         8.0G       417M       7.6G

             total       used       free     shared    buffers     cached
Mem:          992M       921M        70M         0B       568K        20M
-/+ buffers/cache:       900M        92M
Swap:         8.0G       416M       7.6G

             total       used       free     shared    buffers     cached
Mem:          992M       922M        69M         0B       568K        20M
-/+ buffers/cache:       901M        90M
Swap:         8.0G       415M       7.6G

             total       used       free     shared    buffers     cached
Mem:          992M       924M        67M         0B       576K        20M
-/+ buffers/cache:       903M        88M
Swap:         8.0G       415M       7.6G

             total       used       free     shared    buffers     cached
Mem:          992M       926M        66M         0B       576K        20M
-/+ buffers/cache:       904M        87M
Swap:         8.0G       414M       7.6G

             total       used       free     shared    buffers     cached
Mem:          992M       927M        64M         0B       576K        20M
-/+ buffers/cache:       906M        85M
Swap:         8.0G       413M       7.6G

             total       used       free     shared    buffers     cached
Mem:          992M       929M        62M         0B       584K        20M
-/+ buffers/cache:       908M        83M
Swap:         8.0G       412M       7.6G

             total       used       free     shared    buffers     cached
Mem:          992M       916M        75M         0B       584K        20M
-/+ buffers/cache:       896M        96M
Swap:         8.0G       424M       7.6G

             total       used       free     shared    buffers     cached
Mem:          992M       917M        74M         0B       584K        20M
-/+ buffers/cache:       897M        95M
Swap:         8.0G       423M       7.6G

             total       used       free     shared    buffers     cached
Mem:          992M       919M        72M         0B       584K        20M
-/+ buffers/cache:       898M        93M
Swap:         8.0G       423M       7.6G

             total       used       free     shared    buffers     cached
Mem:          992M       921M        70M         0B       584K        20M
-/+ buffers/cache:       900M        91M
Swap:         8.0G       422M       7.6G

             total       used       free     shared    buffers     cached
Mem:          992M       923M        69M         0B       584K        20M
-/+ buffers/cache:       902M        90M
Swap:         8.0G       421M       7.6G

             total       used       free     shared    buffers     cached
Mem:          992M       924M        67M         0B       592K        20M
-/+ buffers/cache:       904M        88M
Swap:         8.0G       420M       7.6G

             total       used       free     shared    buffers     cached
Mem:          992M       926M        65M         0B       592K        20M
-/+ buffers/cache:       905M        86M
Swap:         8.0G       419M       7.6G

             total       used       free     shared    buffers     cached
Mem:          992M       928M        63M         0B       592K        20M
-/+ buffers/cache:       907M        84M
Swap:         8.0G       418M       7.6G

             total       used       free     shared    buffers     cached
Mem:          992M       930M        62M         0B       592K        20M
-/+ buffers/cache:       909M        82M
Swap:         8.0G       417M       7.6G

             total       used       free     shared    buffers     cached
Mem:          992M       917M        74M         0B       584K        19M
-/+ buffers/cache:       897M        94M
Swap:         8.0G       429M       7.6G

             total       used       free     shared    buffers     cached
Mem:          992M       918M        73M         0B       592K        19M
-/+ buffers/cache:       898M        93M
Swap:         8.0G       429M       7.6G

             total       used       free     shared    buffers     cached
Mem:          992M       920M        71M         0B       592K        19M
-/+ buffers/cache:       900M        91M
Swap:         8.0G       428M       7.6G

             total       used       free     shared    buffers     cached
Mem:          992M       922M        70M         0B       592K        19M
-/+ buffers/cache:       901M        90M
Swap:         8.0G       427M       7.6G

             total       used       free     shared    buffers     cached
Mem:          992M       923M        68M         0B       592K        19M
-/+ buffers/cache:       903M        88M
Swap:         8.0G       426M       7.6G

             total       used       free     shared    buffers     cached
Mem:          992M       925M        66M         0B       592K        19M
-/+ buffers/cache:       905M        86M
Swap:         8.0G       425M       7.6G

             total       used       free     shared    buffers     cached
Mem:          992M       927M        64M         0B       600K        19M
-/+ buffers/cache:       907M        84M
Swap:         8.0G       424M       7.6G

             total       used       free     shared    buffers     cached
Mem:          992M       929M        62M         0B       600K        19M
-/+ buffers/cache:       909M        82M
Swap:         8.0G       423M       7.6G

             total       used       free     shared    buffers     cached
Mem:          992M       918M        73M         0B       892K        18M
-/+ buffers/cache:       899M        92M
Swap:         8.0G       434M       7.6G

             total       used       free     shared    buffers     cached
Mem:          992M       917M        74M         0B       1.1M        25M
-/+ buffers/cache:       891M       100M
Swap:         8.0G       455M       7.6G

             total       used       free     shared    buffers     cached
Mem:          992M       919M        73M        16K       1.1M        25M
-/+ buffers/cache:       892M        99M
Swap:         8.0G       455M       7.6G

             total       used       free     shared    buffers     cached
Mem:          992M       919M        72M        16K       1.1M        25M
-/+ buffers/cache:       893M        98M
Swap:         8.0G       454M       7.6G

             total       used       free     shared    buffers     cached
Mem:          992M       921M        70M        16K       1.1M        26M
-/+ buffers/cache:       894M        97M
Swap:         8.0G       454M       7.6G

             total       used       free     shared    buffers     cached
Mem:          992M       922M        69M        16K       1.1M        26M
-/+ buffers/cache:       895M        96M
Swap:         8.0G       453M       7.6G

             total       used       free     shared    buffers     cached
Mem:          992M       924M        67M        16K       1.1M        26M
-/+ buffers/cache:       896M        95M
Swap:         8.0G       453M       7.6G

             total       used       free     shared    buffers     cached
Mem:          992M       925M        67M        16K       1.1M        26M
-/+ buffers/cache:       897M        94M
Swap:         8.0G       452M       7.6G

             total       used       free     shared    buffers     cached
Mem:          992M       926M        65M        16K       1.1M        26M
-/+ buffers/cache:       898M        93M
Swap:         8.0G       452M       7.6G

             total       used       free     shared    buffers     cached
Mem:          992M       927M        64M        16K       1.1M        26M
-/+ buffers/cache:       899M        92M
Swap:         8.0G       451M       7.6G

             total       used       free     shared    buffers     cached
Mem:          992M       929M        62M        16K       1.1M        27M
-/+ buffers/cache:       901M        90M
Swap:         8.0G       450M       7.6G

             total       used       free     shared    buffers     cached
Mem:          992M       930M        61M        16K       1.1M        27M
-/+ buffers/cache:       902M        89M
Swap:         8.0G       450M       7.6G

             total       used       free     shared    buffers     cached
Mem:          992M       916M        75M        16K       700K        26M
-/+ buffers/cache:       889M       102M
Swap:         8.0G       451M       7.6G

             total       used       free     shared    buffers     cached
Mem:          992M       917M        74M        16K       700K        26M
-/+ buffers/cache:       890M       101M
Swap:         8.0G       450M       7.6G

             total       used       free     shared    buffers     cached
Mem:          992M       918M        73M        16K       712K        26M
-/+ buffers/cache:       891M       100M
Swap:         8.0G       450M       7.6G

             total       used       free     shared    buffers     cached
Mem:          992M       919M        72M        16K       712K        26M
-/+ buffers/cache:       892M        99M
Swap:         8.0G       449M       7.6G

             total       used       free     shared    buffers     cached
Mem:          992M       920M        71M        16K       712K        26M
-/+ buffers/cache:       893M        98M
Swap:         8.0G       449M       7.6G

             total       used       free     shared    buffers     cached
Mem:          992M       921M        70M        16K       712K        27M
-/+ buffers/cache:       894M        97M
Swap:         8.0G       448M       7.6G

             total       used       free     shared    buffers     cached
Mem:          992M       922M        69M        16K       712K        26M
-/+ buffers/cache:       895M        96M
Swap:         8.0G       448M       7.6G

             total       used       free     shared    buffers     cached
Mem:          992M       923M        68M        16K       720K        27M
-/+ buffers/cache:       896M        95M
Swap:         8.0G       447M       7.6G

             total       used       free     shared    buffers     cached
Mem:          992M       925M        67M        16K       720K        27M
-/+ buffers/cache:       897M        94M
Swap:         8.0G       447M       7.6G

             total       used       free     shared    buffers     cached
Mem:          992M       926M        66M        16K       720K        27M
-/+ buffers/cache:       898M        93M
Swap:         8.0G       446M       7.6G

             total       used       free     shared    buffers     cached
Mem:          992M       927M        65M        16K       720K        27M
-/+ buffers/cache:       899M        92M
Swap:         8.0G       446M       7.6G

             total       used       free     shared    buffers     cached
Mem:          992M       917M        74M        16K       104K        30M
-/+ buffers/cache:       886M       105M
Swap:         8.0G       458M       7.5G

             total       used       free     shared    buffers     cached
Mem:          992M       919M        73M        16K       248K        30M
-/+ buffers/cache:       888M       104M
Swap:         8.0G       458M       7.5G

             total       used       free     shared    buffers     cached
Mem:          992M       919M        72M        16K       256K        30M
-/+ buffers/cache:       888M       103M
Swap:         8.0G       457M       7.6G

             total       used       free     shared    buffers     cached
Mem:          992M       920M        71M        16K       256K        30M
-/+ buffers/cache:       889M       102M
Swap:         8.0G       457M       7.6G

             total       used       free     shared    buffers     cached
Mem:          992M       922M        70M        16K       256K        30M
-/+ buffers/cache:       891M       101M
Swap:         8.0G       456M       7.6G

             total       used       free     shared    buffers     cached
Mem:          992M       922M        69M        16K       256K        30M
-/+ buffers/cache:       891M       100M
Swap:         8.0G       456M       7.6G

             total       used       free     shared    buffers     cached
Mem:          992M       924M        68M        16K       256K        30M
-/+ buffers/cache:       892M        99M
Swap:         8.0G       455M       7.6G

             total       used       free     shared    buffers     cached
Mem:          992M       924M        67M        16K       264K        30M
-/+ buffers/cache:       893M        98M
Swap:         8.0G       455M       7.6G

             total       used       free     shared    buffers     cached
Mem:          992M       925M        66M        16K       264K        30M
-/+ buffers/cache:       894M        97M
Swap:         8.0G       454M       7.6G

             total       used       free     shared    buffers     cached
Mem:          992M       927M        65M        16K       264K        30M
-/+ buffers/cache:       895M        96M
Swap:         8.0G       454M       7.6G

             total       used       free     shared    buffers     cached
Mem:          992M       927M        64M        16K       264K        30M
-/+ buffers/cache:       896M        95M
Swap:         8.0G       453M       7.6G

             total       used       free     shared    buffers     cached
Mem:          992M       928M        63M        16K       264K        30M
-/+ buffers/cache:       897M        94M
Swap:         8.0G       453M       7.6G

             total       used       free     shared    buffers     cached
Mem:          992M       929M        62M        16K       264K        30M
-/+ buffers/cache:       898M        93M
Swap:         8.0G       452M       7.6G

             total       used       free     shared    buffers     cached
Mem:          992M       930M        61M        16K       272K        30M
-/+ buffers/cache:       899M        92M
Swap:         8.0G       452M       7.6G

             total       used       free     shared    buffers     cached
Mem:          992M       904M        87M        16K       264K        27M
-/+ buffers/cache:       877M       115M
Swap:         8.0G       476M       7.5G

             total       used       free     shared    buffers     cached
Mem:          992M       905M        86M        16K       264K        27M
-/+ buffers/cache:       878M       114M
Swap:         8.0G       476M       7.5G

             total       used       free     shared    buffers     cached
Mem:          992M       906M        85M        16K       264K        27M
-/+ buffers/cache:       879M       112M
Swap:         8.0G       475M       7.5G

             total       used       free     shared    buffers     cached
Mem:          992M       907M        84M        16K       264K        27M
-/+ buffers/cache:       880M       111M
Swap:         8.0G       475M       7.5G

             total       used       free     shared    buffers     cached
Mem:          992M       908M        83M        16K       272K        27M
-/+ buffers/cache:       881M       110M
Swap:         8.0G       474M       7.5G

             total       used       free     shared    buffers     cached
Mem:          992M       909M        82M        16K       272K        27M
-/+ buffers/cache:       882M       109M
Swap:         8.0G       474M       7.5G

             total       used       free     shared    buffers     cached
Mem:          992M       911M        81M        16K       272K        27M
-/+ buffers/cache:       883M       108M
Swap:         8.0G       473M       7.5G

             total       used       free     shared    buffers     cached
Mem:          992M       911M        80M        16K       272K        27M
-/+ buffers/cache:       884M       107M
Swap:         8.0G       473M       7.5G

             total       used       free     shared    buffers     cached
Mem:          992M       913M        79M        16K       272K        27M
-/+ buffers/cache:       885M       106M
Swap:         8.0G       472M       7.5G

             total       used       free     shared    buffers     cached
Mem:          992M       914M        77M        16K       272K        27M
-/+ buffers/cache:       887M       105M
Swap:         8.0G       472M       7.5G

             total       used       free     shared    buffers     cached
Mem:          992M       915M        76M        16K       280K        27M
-/+ buffers/cache:       888M       104M
Swap:         8.0G       471M       7.5G

             total       used       free     shared    buffers     cached
Mem:          992M       916M        75M        16K       280K        27M
-/+ buffers/cache:       889M       102M
Swap:         8.0G       471M       7.5G

             total       used       free     shared    buffers     cached
Mem:          992M       917M        74M        16K       280K        27M
-/+ buffers/cache:       890M       101M
Swap:         8.0G       470M       7.5G

             total       used       free     shared    buffers     cached
Mem:          992M       918M        73M        16K       280K        27M
-/+ buffers/cache:       891M       100M
Swap:         8.0G       470M       7.5G

             total       used       free     shared    buffers     cached
Mem:          992M       919M        72M        16K       280K        27M
-/+ buffers/cache:       892M        99M
Swap:         8.0G       469M       7.5G

             total       used       free     shared    buffers     cached
Mem:          992M       920M        71M        16K       288K        27M
-/+ buffers/cache:       893M        98M
Swap:         8.0G       469M       7.5G

             total       used       free     shared    buffers     cached
Mem:          992M       921M        70M        16K       288K        27M
-/+ buffers/cache:       894M        97M
Swap:         8.0G       468M       7.5G

             total       used       free     shared    buffers     cached
Mem:          992M       923M        69M        16K       288K        27M
-/+ buffers/cache:       895M        96M
Swap:         8.0G       468M       7.5G

             total       used       free     shared    buffers     cached
Mem:          992M       924M        67M        16K       288K        27M
-/+ buffers/cache:       896M        95M
Swap:         8.0G       467M       7.5G

             total       used       free     shared    buffers     cached
Mem:          992M       925M        66M        16K       288K        27M
-/+ buffers/cache:       898M        94M
Swap:         8.0G       466M       7.5G

             total       used       free     shared    buffers     cached
Mem:          992M       926M        65M        16K       288K        27M
-/+ buffers/cache:       899M        92M
Swap:         8.0G       466M       7.5G

             total       used       free     shared    buffers     cached
Mem:          992M       927M        64M        16K       296K        27M
-/+ buffers/cache:       900M        91M
Swap:         8.0G       465M       7.5G

             total       used       free     shared    buffers     cached
Mem:          992M       929M        63M        16K       296K        27M
-/+ buffers/cache:       901M        90M
Swap:         8.0G       464M       7.5G

             total       used       free     shared    buffers     cached
Mem:          992M       930M        62M        16K       296K        27M
-/+ buffers/cache:       902M        89M
Swap:         8.0G       464M       7.5G

             total       used       free     shared    buffers     cached
Mem:          992M       931M        61M        16K       296K        27M
-/+ buffers/cache:       903M        88M
Swap:         8.0G       463M       7.5G

             total       used       free     shared    buffers     cached
Mem:          992M       920M        72M        16K       296K        25M
-/+ buffers/cache:       894M        98M
Swap:         8.0G       474M       7.5G

             total       used       free     shared    buffers     cached
Mem:          992M       921M        71M        16K       304K        25M
-/+ buffers/cache:       895M        96M
Swap:         8.0G       473M       7.5G

             total       used       free     shared    buffers     cached
Mem:          992M       922M        69M        16K       304K        25M
-/+ buffers/cache:       896M        95M
Swap:         8.0G       473M       7.5G

             total       used       free     shared    buffers     cached
Mem:          992M       924M        67M        20K       440K        26M
-/+ buffers/cache:       897M        94M
Swap:         8.0G       472M       7.5G

             total       used       free     shared    buffers     cached
Mem:          992M       916M        75M        20K       4.0M        22M
-/+ buffers/cache:       890M       101M
Swap:         8.0G       491M       7.5G

             total       used       free     shared    buffers     cached
Mem:          992M       920M        72M        20K       100K        47M
-/+ buffers/cache:       872M       120M
Swap:         8.0G       506M       7.5G

             total       used       free     shared    buffers     cached
Mem:          992M       918M        74M        20K       2.3M        50M
-/+ buffers/cache:       865M       126M
Swap:         8.0G       506M       7.5G

             total       used       free     shared    buffers     cached
Mem:          992M       919M        72M        20K       2.3M        50M
-/+ buffers/cache:       866M       125M
Swap:         8.0G       505M       7.5G

             total       used       free     shared    buffers     cached
Mem:          992M       930M        62M        20K       2.3M        55M
-/+ buffers/cache:       872M       119M
Swap:         8.0G       502M       7.5G

             total       used       free     shared    buffers     cached
Mem:          992M       931M        60M        20K       2.3M        55M
-/+ buffers/cache:       873M       118M
Swap:         8.0G       501M       7.5G

             total       used       free     shared    buffers     cached
Mem:          992M       918M        73M        20K       2.3M        47M
-/+ buffers/cache:       868M       123M
Swap:         8.0G       515M       7.5G

             total       used       free     shared    buffers     cached
Mem:          992M       920M        72M        20K       2.3M        51M
-/+ buffers/cache:       866M       125M
Swap:         8.0G       513M       7.5G

             total       used       free     shared    buffers     cached
Mem:          992M       920M        71M        20K       2.3M        51M
-/+ buffers/cache:       866M       125M
Swap:         8.0G       513M       7.5G

             total       used       free     shared    buffers     cached
Mem:          992M       921M        70M        20K       2.3M        51M
-/+ buffers/cache:       867M       124M
Swap:         8.0G       512M       7.5G

             total       used       free     shared    buffers     cached
Mem:          992M       922M        69M        20K       2.3M        51M
-/+ buffers/cache:       868M       123M
Swap:         8.0G       512M       7.5G

             total       used       free     shared    buffers     cached
Mem:          992M       923M        69M        20K       2.3M        51M
-/+ buffers/cache:       869M       123M
Swap:         8.0G       511M       7.5G

             total       used       free     shared    buffers     cached
Mem:          992M       923M        68M        20K       2.3M        51M
-/+ buffers/cache:       870M       122M
Swap:         8.0G       511M       7.5G

             total       used       free     shared    buffers     cached
Mem:          992M       924M        67M        20K       2.3M        51M
-/+ buffers/cache:       870M       121M
Swap:         8.0G       511M       7.5G

             total       used       free     shared    buffers     cached
Mem:          992M       925M        66M        20K       2.3M        51M
-/+ buffers/cache:       871M       120M
Swap:         8.0G       510M       7.5G

             total       used       free     shared    buffers     cached
Mem:          992M       925M        66M        20K       2.3M        51M
-/+ buffers/cache:       871M       120M
Swap:         8.0G       510M       7.5G

             total       used       free     shared    buffers     cached
Mem:          992M       926M        65M        20K       2.3M        51M
-/+ buffers/cache:       872M       119M
Swap:         8.0G       510M       7.5G

             total       used       free     shared    buffers     cached
Mem:          992M       913M        78M       192K       2.3M        45M
-/+ buffers/cache:       866M       125M
Swap:         8.0G       510M       7.5G

             total       used       free     shared    buffers     cached
Mem:          992M       920M        71M       3.9M       4.6M        52M
-/+ buffers/cache:       863M       128M
Swap:         8.0G       537M       7.5G

             total       used       free     shared    buffers     cached
Mem:          992M       917M        74M       3.9M       4.8M        60M
-/+ buffers/cache:       851M       140M
Swap:         8.0G       542M       7.5G

             total       used       free     shared    buffers     cached
Mem:          992M       929M        62M       216K       5.0M        62M
-/+ buffers/cache:       861M       130M
Swap:         8.0G       539M       7.5G

             total       used       free     shared    buffers     cached
Mem:          992M       930M        61M       216K       5.0M        62M
-/+ buffers/cache:       863M       128M
Swap:         8.0G       538M       7.5G

             total       used       free     shared    buffers     cached
Mem:          992M       912M        79M       216K       5.0M        59M
-/+ buffers/cache:       848M       144M
Swap:         8.0G       568M       7.4G

             total       used       free     shared    buffers     cached
Mem:          992M       913M        78M       216K       5.0M        59M
-/+ buffers/cache:       849M       142M
Swap:         8.0G       567M       7.4G

             total       used       free     shared    buffers     cached
Mem:          992M       916M        76M       216K       5.1M        60M
-/+ buffers/cache:       850M       141M
Swap:         8.0G       566M       7.4G

             total       used       free     shared    buffers     cached
Mem:          992M       917M        75M       216K       5.1M        60M
-/+ buffers/cache:       851M       140M
Swap:         8.0G       566M       7.4G

             total       used       free     shared    buffers     cached
Mem:          992M       918M        73M       216K       5.1M        60M
-/+ buffers/cache:       852M       139M
Swap:         8.0G       565M       7.4G

             total       used       free     shared    buffers     cached
Mem:          992M       919M        72M       216K       5.1M        60M
-/+ buffers/cache:       854M       137M
Swap:         8.0G       565M       7.4G

             total       used       free     shared    buffers     cached
Mem:          992M       920M        71M       216K       5.1M        60M
-/+ buffers/cache:       855M       136M
Swap:         8.0G       564M       7.4G

             total       used       free     shared    buffers     cached
Mem:          992M       922M        70M       216K       5.1M        60M
-/+ buffers/cache:       856M       135M
Swap:         8.0G       563M       7.4G

             total       used       free     shared    buffers     cached
Mem:          992M       923M        69M       216K       5.1M        60M
-/+ buffers/cache:       857M       134M
Swap:         8.0G       563M       7.4G

             total       used       free     shared    buffers     cached
Mem:          992M       924M        67M       216K       5.1M        60M
-/+ buffers/cache:       859M       133M
Swap:         8.0G       562M       7.4G

             total       used       free     shared    buffers     cached
Mem:          992M       925M        66M       216K       5.1M        60M
-/+ buffers/cache:       860M       131M
Swap:         8.0G       562M       7.4G

             total       used       free     shared    buffers     cached
Mem:          992M       926M        65M       216K       5.1M        60M
-/+ buffers/cache:       861M       130M
Swap:         8.0G       561M       7.4G

             total       used       free     shared    buffers     cached
Mem:          992M       927M        64M       216K       5.1M        60M
-/+ buffers/cache:       862M       129M
Swap:         8.0G       561M       7.4G

             total       used       free     shared    buffers     cached
Mem:          992M       929M        62M       216K       5.1M        60M
-/+ buffers/cache:       863M       128M
Swap:         8.0G       560M       7.4G

             total       used       free     shared    buffers     cached
Mem:          992M       930M        61M       216K       5.1M        60M
-/+ buffers/cache:       865M       127M
Swap:         8.0G       559M       7.5G

             total       used       free     shared    buffers     cached
Mem:          992M       913M        78M       216K       4.9M        59M
-/+ buffers/cache:       848M       143M
Swap:         8.0G       559M       7.5G

             total       used       free     shared    buffers     cached
Mem:          992M       914M        77M       216K       4.9M        59M
-/+ buffers/cache:       850M       141M
Swap:         8.0G       558M       7.5G

             total       used       free     shared    buffers     cached
Mem:          992M       915M        76M       216K       4.9M        59M
-/+ buffers/cache:       851M       140M
Swap:         8.0G       558M       7.5G

             total       used       free     shared    buffers     cached
Mem:          992M       917M        75M       216K       4.9M        59M
-/+ buffers/cache:       852M       139M
Swap:         8.0G       557M       7.5G

             total       used       free     shared    buffers     cached
Mem:          992M       918M        74M       216K       4.9M        59M
-/+ buffers/cache:       853M       138M
Swap:         8.0G       557M       7.5G

             total       used       free     shared    buffers     cached
Mem:          992M       919M        72M       216K       4.9M        59M
-/+ buffers/cache:       855M       137M
Swap:         8.0G       556M       7.5G

             total       used       free     shared    buffers     cached
Mem:          992M       920M        71M       216K       4.9M        59M
-/+ buffers/cache:       856M       135M
Swap:         8.0G       555M       7.5G

             total       used       free     shared    buffers     cached
Mem:          992M       922M        70M       216K       4.9M        59M
-/+ buffers/cache:       857M       134M
Swap:         8.0G       555M       7.5G

             total       used       free     shared    buffers     cached
Mem:          992M       923M        68M       216K       4.9M        59M
-/+ buffers/cache:       858M       133M
Swap:         8.0G       554M       7.5G

             total       used       free     shared    buffers     cached
Mem:          992M       924M        67M       216K       4.9M        59M
-/+ buffers/cache:       860M       132M
Swap:         8.0G       554M       7.5G

             total       used       free     shared    buffers     cached
Mem:          992M       925M        66M       216K       4.9M        59M
-/+ buffers/cache:       861M       130M
Swap:         8.0G       553M       7.5G

             total       used       free     shared    buffers     cached
Mem:          992M       927M        65M       216K       4.9M        59M
-/+ buffers/cache:       862M       129M
Swap:         8.0G       552M       7.5G

             total       used       free     shared    buffers     cached
Mem:          992M       928M        63M       216K       4.9M        59M
-/+ buffers/cache:       863M       128M
Swap:         8.0G       552M       7.5G

             total       used       free     shared    buffers     cached
Mem:          992M       929M        62M       216K       4.9M        59M
-/+ buffers/cache:       865M       126M
Swap:         8.0G       551M       7.5G

             total       used       free     shared    buffers     cached
Mem:          992M       931M        61M       264K       6.9M        70M
-/+ buffers/cache:       854M       137M
Swap:         8.0G       577M       7.4G

             total       used       free     shared    buffers     cached
Mem:          992M       922M        69M       260K       8.3M        74M
-/+ buffers/cache:       840M       151M
Swap:         8.0G       576M       7.4G
