             total       used       free     shared    buffers     cached
Mem:          992M       660M       332M       3.2M        38M       290M
-/+ buffers/cache:       331M       660M
Swap:         8.0G         0B       8.0G

             total       used       free     shared    buffers     cached
Mem:          992M       659M       332M       3.2M        38M       290M
-/+ buffers/cache:       330M       662M
Swap:         8.0G         0B       8.0G

             total       used       free     shared    buffers     cached
Mem:          992M       659M       332M       3.2M        38M       290M
-/+ buffers/cache:       330M       662M
Swap:         8.0G         0B       8.0G

             total       used       free     shared    buffers     cached
Mem:          992M       659M       332M       3.2M        38M       290M
-/+ buffers/cache:       330M       662M
Swap:         8.0G         0B       8.0G

             total       used       free     shared    buffers     cached
Mem:          992M       659M       332M       3.2M        38M       290M
-/+ buffers/cache:       330M       662M
Swap:         8.0G         0B       8.0G

             total       used       free     shared    buffers     cached
Mem:          992M       659M       332M       3.2M        38M       290M
-/+ buffers/cache:       330M       662M
Swap:         8.0G         0B       8.0G

             total       used       free     shared    buffers     cached
Mem:          992M       659M       332M       3.2M        38M       290M
-/+ buffers/cache:       329M       662M
Swap:         8.0G         0B       8.0G

             total       used       free     shared    buffers     cached
Mem:          992M       659M       333M       3.2M        38M       290M
-/+ buffers/cache:       329M       662M
Swap:         8.0G         0B       8.0G

             total       used       free     shared    buffers     cached
Mem:          992M       659M       333M       3.2M        38M       290M
-/+ buffers/cache:       329M       662M
Swap:         8.0G         0B       8.0G

             total       used       free     shared    buffers     cached
Mem:          992M       659M       333M       3.2M        38M       290M
-/+ buffers/cache:       329M       662M
Swap:         8.0G         0B       8.0G

             total       used       free     shared    buffers     cached
Mem:          992M       659M       333M       3.2M        38M       290M
-/+ buffers/cache:       329M       662M
Swap:         8.0G         0B       8.0G

             total       used       free     shared    buffers     cached
Mem:          992M       664M       327M       3.2M        38M       290M
-/+ buffers/cache:       334M       657M
Swap:         8.0G         0B       8.0G

             total       used       free     shared    buffers     cached
Mem:          992M       684M       308M       3.2M        38M       291M
-/+ buffers/cache:       354M       638M
Swap:         8.0G         0B       8.0G

             total       used       free     shared    buffers     cached
Mem:          992M       668M       323M       3.2M        38M       291M
-/+ buffers/cache:       337M       654M
Swap:         8.0G         0B       8.0G

             total       used       free     shared    buffers     cached
Mem:          992M       668M       323M       3.2M        38M       291M
-/+ buffers/cache:       337M       654M
Swap:         8.0G         0B       8.0G

             total       used       free     shared    buffers     cached
Mem:          992M       668M       323M       3.2M        38M       291M
-/+ buffers/cache:       337M       654M
Swap:         8.0G         0B       8.0G

             total       used       free     shared    buffers     cached
Mem:          992M       668M       323M       3.2M        38M       291M
-/+ buffers/cache:       337M       654M
Swap:         8.0G         0B       8.0G

             total       used       free     shared    buffers     cached
Mem:          992M       668M       323M       3.2M        38M       291M
-/+ buffers/cache:       337M       654M
Swap:         8.0G         0B       8.0G

             total       used       free     shared    buffers     cached
Mem:          992M       668M       323M       3.2M        38M       291M
-/+ buffers/cache:       337M       654M
Swap:         8.0G         0B       8.0G

             total       used       free     shared    buffers     cached
Mem:          992M       668M       323M       3.2M        38M       291M
-/+ buffers/cache:       337M       654M
Swap:         8.0G         0B       8.0G

             total       used       free     shared    buffers     cached
Mem:          992M       668M       323M       3.2M        38M       291M
-/+ buffers/cache:       337M       654M
Swap:         8.0G         0B       8.0G

             total       used       free     shared    buffers     cached
Mem:          992M       668M       323M       3.2M        38M       291M
-/+ buffers/cache:       337M       654M
Swap:         8.0G         0B       8.0G

             total       used       free     shared    buffers     cached
Mem:          992M       668M       323M       3.2M        38M       291M
-/+ buffers/cache:       337M       654M
Swap:         8.0G         0B       8.0G

             total       used       free     shared    buffers     cached
Mem:          992M       668M       323M       3.2M        38M       291M
-/+ buffers/cache:       337M       654M
Swap:         8.0G         0B       8.0G

             total       used       free     shared    buffers     cached
Mem:          992M       668M       323M       3.2M        38M       291M
-/+ buffers/cache:       337M       654M
Swap:         8.0G         0B       8.0G

             total       used       free     shared    buffers     cached
Mem:          992M       668M       323M       3.2M        38M       291M
-/+ buffers/cache:       337M       654M
Swap:         8.0G         0B       8.0G

             total       used       free     shared    buffers     cached
Mem:          992M       668M       323M       3.2M        38M       291M
-/+ buffers/cache:       337M       654M
Swap:         8.0G         0B       8.0G

             total       used       free     shared    buffers     cached
Mem:          992M       668M       323M       3.2M        38M       291M
-/+ buffers/cache:       337M       654M
Swap:         8.0G         0B       8.0G

             total       used       free     shared    buffers     cached
Mem:          992M       668M       323M       3.2M        38M       291M
-/+ buffers/cache:       337M       654M
Swap:         8.0G         0B       8.0G

             total       used       free     shared    buffers     cached
Mem:          992M       668M       323M       3.2M        38M       291M
-/+ buffers/cache:       337M       654M
Swap:         8.0G         0B       8.0G

             total       used       free     shared    buffers     cached
Mem:          992M       668M       323M       3.2M        38M       291M
-/+ buffers/cache:       337M       654M
Swap:         8.0G         0B       8.0G

             total       used       free     shared    buffers     cached
Mem:          992M       668M       323M       3.2M        38M       291M
-/+ buffers/cache:       337M       654M
Swap:         8.0G         0B       8.0G

             total       used       free     shared    buffers     cached
Mem:          992M       668M       323M       3.2M        38M       291M
-/+ buffers/cache:       337M       654M
Swap:         8.0G         0B       8.0G

             total       used       free     shared    buffers     cached
Mem:          992M       675M       316M       3.2M        38M       291M
-/+ buffers/cache:       344M       647M
Swap:         8.0G         0B       8.0G

             total       used       free     shared    buffers     cached
Mem:          992M       693M       298M       3.2M        38M       291M
-/+ buffers/cache:       363M       629M
Swap:         8.0G         0B       8.0G

             total       used       free     shared    buffers     cached
Mem:          992M       712M       280M       3.2M        38M       291M
-/+ buffers/cache:       381M       610M
Swap:         8.0G         0B       8.0G

             total       used       free     shared    buffers     cached
Mem:          992M       728M       263M       3.2M        38M       291M
-/+ buffers/cache:       398M       594M
Swap:         8.0G         0B       8.0G

             total       used       free     shared    buffers     cached
Mem:          992M       743M       249M       3.2M        38M       291M
-/+ buffers/cache:       412M       579M
Swap:         8.0G         0B       8.0G

             total       used       free     shared    buffers     cached
Mem:          992M       758M       234M       3.2M        38M       291M
-/+ buffers/cache:       427M       564M
Swap:         8.0G         0B       8.0G

             total       used       free     shared    buffers     cached
Mem:          992M       773M       219M       3.2M        38M       291M
-/+ buffers/cache:       442M       549M
Swap:         8.0G         0B       8.0G

             total       used       free     shared    buffers     cached
Mem:          992M       788M       203M       3.2M        38M       291M
-/+ buffers/cache:       457M       534M
Swap:         8.0G         0B       8.0G

             total       used       free     shared    buffers     cached
Mem:          992M       803M       188M       3.2M        38M       291M
-/+ buffers/cache:       472M       519M
Swap:         8.0G         0B       8.0G

             total       used       free     shared    buffers     cached
Mem:          992M       820M       171M       3.2M        38M       291M
-/+ buffers/cache:       490M       502M
Swap:         8.0G         0B       8.0G

             total       used       free     shared    buffers     cached
Mem:          992M       838M       153M       3.2M        38M       291M
-/+ buffers/cache:       507M       484M
Swap:         8.0G         0B       8.0G

             total       used       free     shared    buffers     cached
Mem:          992M       854M       137M       3.2M        38M       291M
-/+ buffers/cache:       524M       468M
Swap:         8.0G         0B       8.0G

             total       used       free     shared    buffers     cached
Mem:          992M       872M       119M       3.2M        38M       291M
-/+ buffers/cache:       541M       450M
Swap:         8.0G         0B       8.0G

             total       used       free     shared    buffers     cached
Mem:          992M       889M       102M       3.2M        38M       291M
-/+ buffers/cache:       558M       433M
Swap:         8.0G         0B       8.0G

             total       used       free     shared    buffers     cached
Mem:          992M       903M        88M       3.2M        38M       291M
-/+ buffers/cache:       573M       419M
Swap:         8.0G         0B       8.0G

             total       used       free     shared    buffers     cached
Mem:          992M       918M        73M       3.2M        38M       291M
-/+ buffers/cache:       587M       404M
Swap:         8.0G         0B       8.0G

             total       used       free     shared    buffers     cached
Mem:          992M       922M        70M       3.2M        26M       290M
-/+ buffers/cache:       605M       386M
Swap:         8.0G         0B       8.0G

             total       used       free     shared    buffers     cached
Mem:          992M       922M        69M       3.2M        10M       289M
-/+ buffers/cache:       622M       369M
Swap:         8.0G         0B       8.0G

             total       used       free     shared    buffers     cached
Mem:          992M       923M        68M       3.2M        10M       274M
-/+ buffers/cache:       639M       352M
Swap:         8.0G        76K       8.0G

             total       used       free     shared    buffers     cached
Mem:          992M       922M        69M       3.1M       9.8M       255M
-/+ buffers/cache:       657M       335M
Swap:         8.0G       172K       8.0G

             total       used       free     shared    buffers     cached
Mem:          992M       921M        70M       3.0M       9.8M       238M
-/+ buffers/cache:       673M       318M
Swap:         8.0G       3.9M       8.0G

             total       used       free     shared    buffers     cached
Mem:          992M       911M        80M       3.0M       9.8M       215M
-/+ buffers/cache:       686M       305M
Swap:         8.0G       8.6M       8.0G

             total       used       free     shared    buffers     cached
Mem:          992M       926M        66M       2.9M       9.8M       215M
-/+ buffers/cache:       700M       291M
Swap:         8.0G       8.6M       8.0G

             total       used       free     shared    buffers     cached
Mem:          992M       919M        72M       2.9M       2.7M       201M
-/+ buffers/cache:       715M       276M
Swap:         8.0G       8.6M       8.0G

             total       used       free     shared    buffers     cached
Mem:          992M       924M        67M       2.9M       1.2M       191M
-/+ buffers/cache:       732M       260M
Swap:         8.0G       8.6M       8.0G

             total       used       free     shared    buffers     cached
Mem:          992M       922M        69M       2.9M       152K       172M
-/+ buffers/cache:       749M       242M
Swap:         8.0G       8.6M       8.0G

             total       used       free     shared    buffers     cached
Mem:          992M       919M        73M       2.9M       132K       152M
-/+ buffers/cache:       766M       225M
Swap:         8.0G       8.6M       8.0G

             total       used       free     shared    buffers     cached
Mem:          992M       915M        76M       2.9M       140K       134M
-/+ buffers/cache:       781M       210M
Swap:         8.0G       8.6M       8.0G

             total       used       free     shared    buffers     cached
Mem:          992M       930M        62M       2.9M       152K       134M
-/+ buffers/cache:       795M       196M
Swap:         8.0G       8.6M       8.0G

             total       used       free     shared    buffers     cached
Mem:          992M       929M        62M       2.9M        88K       118M
-/+ buffers/cache:       810M       181M
Swap:         8.0G       8.6M       8.0G

             total       used       free     shared    buffers     cached
Mem:          992M       929M        63M       2.9M        88K       104M
-/+ buffers/cache:       824M       167M
Swap:         8.0G       8.6M       8.0G

             total       used       free     shared    buffers     cached
Mem:          992M       909M        82M       2.9M        88K        71M
-/+ buffers/cache:       837M       154M
Swap:         8.0G       8.6M       8.0G

             total       used       free     shared    buffers     cached
Mem:          992M       926M        65M       2.9M        88K        71M
-/+ buffers/cache:       855M       137M
Swap:         8.0G       8.6M       8.0G

             total       used       free     shared    buffers     cached
Mem:          992M       925M        66M       2.9M        96K        55M
-/+ buffers/cache:       869M       122M
Swap:         8.0G       8.6M       8.0G

             total       used       free     shared    buffers     cached
Mem:          992M       929M        62M       2.9M       236K        43M
-/+ buffers/cache:       885M       106M
Swap:         8.0G       8.6M       8.0G

             total       used       free     shared    buffers     cached
Mem:          992M       927M        64M       2.9M       512K        25M
-/+ buffers/cache:       901M        90M
Swap:         8.0G       8.6M       8.0G

             total       used       free     shared    buffers     cached
Mem:          992M       920M        71M       2.8M       512K       6.9M
-/+ buffers/cache:       912M        79M
Swap:         8.0G        15M       8.0G

             total       used       free     shared    buffers     cached
Mem:          992M       924M        68M       2.5M        84K       6.1M
-/+ buffers/cache:       917M        74M
Swap:         8.0G        40M       8.0G

             total       used       free     shared    buffers     cached
Mem:          992M       924M        67M       2.5M       2.8M        15M
-/+ buffers/cache:       905M        86M
Swap:         8.0G        58M       7.9G

             total       used       free     shared    buffers     cached
Mem:          992M       924M        67M       2.5M       2.8M        14M
-/+ buffers/cache:       907M        84M
Swap:         8.0G        71M       7.9G

             total       used       free     shared    buffers     cached
Mem:          992M       922M        69M       2.4M       2.8M        13M
-/+ buffers/cache:       906M        85M
Swap:         8.0G        90M       7.9G

             total       used       free     shared    buffers     cached
Mem:          992M       920M        72M       2.4M       1.6M        13M
-/+ buffers/cache:       905M        86M
Swap:         8.0G        95M       7.9G

             total       used       free     shared    buffers     cached
Mem:          992M       924M        67M       2.4M        92K       5.4M
-/+ buffers/cache:       919M        73M
Swap:         8.0G       106M       7.9G

             total       used       free     shared    buffers     cached
Mem:          992M       924M        67M       2.4M       512K       5.0M
-/+ buffers/cache:       919M        72M
Swap:         8.0G       118M       7.9G

             total       used       free     shared    buffers     cached
Mem:          992M       930M        61M       2.4M       520K       9.4M
-/+ buffers/cache:       921M        71M
Swap:         8.0G       154M       7.8G

             total       used       free     shared    buffers     cached
Mem:          992M       919M        72M       2.2M       500K        21M
-/+ buffers/cache:       897M        95M
Swap:         8.0G       170M       7.8G

             total       used       free     shared    buffers     cached
Mem:          992M       913M        79M       2.2M       488K        21M
-/+ buffers/cache:       891M       100M
Swap:         8.0G       201M       7.8G

             total       used       free     shared    buffers     cached
Mem:          992M       927M        64M       2.2M       644K        21M
-/+ buffers/cache:       905M        86M
Swap:         8.0G       201M       7.8G

             total       used       free     shared    buffers     cached
Mem:          992M       927M        64M       2.2M       644K        21M
-/+ buffers/cache:       905M        86M
Swap:         8.0G       201M       7.8G

             total       used       free     shared    buffers     cached
Mem:          992M       918M        73M       2.2M       644K        19M
-/+ buffers/cache:       898M        93M
Swap:         8.0G       225M       7.8G

             total       used       free     shared    buffers     cached
Mem:          992M       926M        65M       2.2M       652K        19M
-/+ buffers/cache:       906M        85M
Swap:         8.0G       225M       7.8G

             total       used       free     shared    buffers     cached
Mem:          992M       927M        64M       2.2M       596K        17M
-/+ buffers/cache:       908M        83M
Swap:         8.0G       225M       7.8G

             total       used       free     shared    buffers     cached
Mem:          992M       927M        64M       2.2M       220K       6.6M
-/+ buffers/cache:       920M        71M
Swap:         8.0G       227M       7.8G

             total       used       free     shared    buffers     cached
Mem:          992M       923M        68M       2.2M       224K       5.5M
-/+ buffers/cache:       917M        74M
Swap:         8.0G       239M       7.8G

             total       used       free     shared    buffers     cached
Mem:          992M       914M        77M       2.2M       224K       4.5M
-/+ buffers/cache:       910M        82M
Swap:         8.0G       258M       7.7G

             total       used       free     shared    buffers     cached
Mem:          992M       921M        70M       2.2M       240K       4.5M
-/+ buffers/cache:       916M        75M
Swap:         8.0G       258M       7.7G

             total       used       free     shared    buffers     cached
Mem:          992M       928M        64M       2.2M       240K       4.6M
-/+ buffers/cache:       923M        68M
Swap:         8.0G       258M       7.7G

             total       used       free     shared    buffers     cached
Mem:          992M       918M        73M       2.2M       232K       4.4M
-/+ buffers/cache:       913M        78M
Swap:         8.0G       271M       7.7G

             total       used       free     shared    buffers     cached
Mem:          992M       924M        67M       2.2M       232K       4.4M
-/+ buffers/cache:       919M        72M
Swap:         8.0G       271M       7.7G

             total       used       free     shared    buffers     cached
Mem:          992M       930M        62M       2.2M       232K       4.5M
-/+ buffers/cache:       925M        66M
Swap:         8.0G       271M       7.7G

             total       used       free     shared    buffers     cached
Mem:          992M       918M        73M       2.2M       240K       4.5M
-/+ buffers/cache:       914M        78M
Swap:         8.0G       300M       7.7G

             total       used       free     shared    buffers     cached
Mem:          992M       923M        68M       2.2M       240K       4.4M
-/+ buffers/cache:       919M        72M
Swap:         8.0G       300M       7.7G

             total       used       free     shared    buffers     cached
Mem:          992M       928M        63M       2.2M       240K       4.4M
-/+ buffers/cache:       924M        68M
Swap:         8.0G       300M       7.7G

             total       used       free     shared    buffers     cached
Mem:          992M       921M        70M       2.2M       240K       4.5M
-/+ buffers/cache:       916M        75M
Swap:         8.0G       300M       7.7G

             total       used       free     shared    buffers     cached
Mem:          992M       925M        66M       2.2M       240K       4.5M
-/+ buffers/cache:       920M        71M
Swap:         8.0G       300M       7.7G

             total       used       free     shared    buffers     cached
Mem:          992M       929M        62M       2.2M       240K       4.5M
-/+ buffers/cache:       924M        67M
Swap:         8.0G       300M       7.7G

             total       used       free     shared    buffers     cached
Mem:          992M       919M        72M       2.2M       248K       4.4M
-/+ buffers/cache:       915M        77M
Swap:         8.0G       316M       7.7G

             total       used       free     shared    buffers     cached
Mem:          992M       923M        68M       2.2M       248K       4.4M
-/+ buffers/cache:       918M        73M
Swap:         8.0G       316M       7.7G

             total       used       free     shared    buffers     cached
Mem:          992M       927M        64M       2.2M       248K       4.4M
-/+ buffers/cache:       923M        68M
Swap:         8.0G       316M       7.7G

             total       used       free     shared    buffers     cached
Mem:          992M       919M        72M       2.1M       248K       4.2M
-/+ buffers/cache:       915M        77M
Swap:         8.0G       332M       7.7G

             total       used       free     shared    buffers     cached
Mem:          992M       922M        69M       2.1M       248K       4.2M
-/+ buffers/cache:       918M        73M
Swap:         8.0G       332M       7.7G

             total       used       free     shared    buffers     cached
Mem:          992M       926M        65M       2.1M       260K       4.2M
-/+ buffers/cache:       922M        70M
Swap:         8.0G       332M       7.7G

             total       used       free     shared    buffers     cached
Mem:          992M       931M        61M       2.1M       260K       4.2M
-/+ buffers/cache:       926M        65M
Swap:         8.0G       330M       7.7G

             total       used       free     shared    buffers     cached
Mem:          992M       921M        70M         4K       260K       2.0M
-/+ buffers/cache:       919M        72M
Swap:         8.0G       329M       7.7G

             total       used       free     shared    buffers     cached
Mem:          992M       921M        70M         4K       260K       1.8M
-/+ buffers/cache:       919M        72M
Swap:         8.0G       327M       7.7G

             total       used       free     shared    buffers     cached
Mem:          992M       926M        65M         4K       224K       1.8M
-/+ buffers/cache:       924M        67M
Swap:         8.0G       321M       7.7G

             total       used       free     shared    buffers     cached
Mem:          992M       930M        62M         4K       216K       1.7M
-/+ buffers/cache:       928M        64M
Swap:         8.0G       317M       7.7G

             total       used       free     shared    buffers     cached
Mem:          992M       919M        72M         4K       212K       1.7M
-/+ buffers/cache:       917M        74M
Swap:         8.0G       325M       7.7G

             total       used       free     shared    buffers     cached
Mem:          992M       868M       123M         0B        80K       1.4M
-/+ buffers/cache:       867M       125M
Swap:         8.0G       433M       7.6G

             total       used       free     shared    buffers     cached
Mem:          992M       895M        96M         0B        80K       1.4M
-/+ buffers/cache:       894M        97M
Swap:         8.0G       396M       7.6G

             total       used       free     shared    buffers     cached
Mem:          992M       923M        69M         0B        80K       1.3M
-/+ buffers/cache:       921M        70M
Swap:         8.0G       357M       7.6G

             total       used       free     shared    buffers     cached
Mem:          992M       921M        70M         0B        80K       1.3M
-/+ buffers/cache:       919M        72M
Swap:         8.0G       321M       7.7G

             total       used       free     shared    buffers     cached
Mem:          992M       926M        66M         0B        80K       1.2M
-/+ buffers/cache:       924M        67M
Swap:         8.0G       451M       7.6G

             total       used       free     shared    buffers     cached
Mem:          992M       925M        66M         0B       252K        31M
-/+ buffers/cache:       894M        98M
Swap:         8.0G       396M       7.6G

             total       used       free     shared    buffers     cached
Mem:          992M       917M        74M        16K       384K        31M
-/+ buffers/cache:       885M       106M
Swap:         8.0G       392M       7.6G

             total       used       free     shared    buffers     cached
Mem:          992M       922M        70M        16K       388K        30M
-/+ buffers/cache:       891M       100M
Swap:         8.0G       361M       7.6G

             total       used       free     shared    buffers     cached
Mem:          992M       918M        73M        16K       200K        21M
-/+ buffers/cache:       896M        95M
Swap:         8.0G       368M       7.6G

             total       used       free     shared    buffers     cached
Mem:          992M       920M        72M        16K       204K       2.6M
-/+ buffers/cache:       917M        74M
Swap:         8.0G       334M       7.7G

             total       used       free     shared    buffers     cached
Mem:          992M       920M        71M        16K       208K       1.4M
-/+ buffers/cache:       918M        73M
Swap:         8.0G       413M       7.6G

             total       used       free     shared    buffers     cached
Mem:          992M       928M        64M        16K       208K       1.7M
-/+ buffers/cache:       926M        66M
Swap:         8.0G       401M       7.6G

             total       used       free     shared    buffers     cached
Mem:          992M       927M        64M        16K        92K       1.7M
-/+ buffers/cache:       925M        66M
Swap:         8.0G       356M       7.6G

             total       used       free     shared    buffers     cached
Mem:          992M       920M        71M        16K        96K       1.8M
-/+ buffers/cache:       918M        73M
Swap:         8.0G       334M       7.7G

             total       used       free     shared    buffers     cached
Mem:          992M       922M        69M        16K        96K       1.9M
-/+ buffers/cache:       920M        71M
Swap:         8.0G       334M       7.7G

             total       used       free     shared    buffers     cached
Mem:          992M       909M        82M        16K       104K       2.2M
-/+ buffers/cache:       907M        84M
Swap:         8.0G       351M       7.7G

             total       used       free     shared    buffers     cached
Mem:          992M       913M        78M        16K       104K       2.2M
-/+ buffers/cache:       911M        81M
Swap:         8.0G       350M       7.7G

             total       used       free     shared    buffers     cached
Mem:          992M       917M        75M        16K       104K       2.3M
-/+ buffers/cache:       914M        77M
Swap:         8.0G       348M       7.7G

             total       used       free     shared    buffers     cached
Mem:          992M       921M        70M        16K       104K       2.3M
-/+ buffers/cache:       918M        73M
Swap:         8.0G       348M       7.7G

             total       used       free     shared    buffers     cached
Mem:          992M       927M        64M        16K       220K       2.9M
-/+ buffers/cache:       924M        67M
Swap:         8.0G       348M       7.7G

             total       used       free     shared    buffers     cached
Mem:          992M       919M        72M        16K       228K       2.8M
-/+ buffers/cache:       916M        75M
Swap:         8.0G       356M       7.6G

             total       used       free     shared    buffers     cached
Mem:          992M       924M        67M        16K       228K       3.1M
-/+ buffers/cache:       921M        70M
Swap:         8.0G       356M       7.6G

             total       used       free     shared    buffers     cached
Mem:          992M       928M        63M        16K       228K       3.1M
-/+ buffers/cache:       925M        66M
Swap:         8.0G       356M       7.6G

             total       used       free     shared    buffers     cached
Mem:          992M       920M        71M        16K       204K       3.1M
-/+ buffers/cache:       917M        74M
Swap:         8.0G       369M       7.6G

             total       used       free     shared    buffers     cached
Mem:          992M       925M        66M        16K       204K       3.1M
-/+ buffers/cache:       921M        70M
Swap:         8.0G       369M       7.6G

             total       used       free     shared    buffers     cached
Mem:          992M       930M        61M        16K       204K       3.1M
-/+ buffers/cache:       927M        65M
Swap:         8.0G       369M       7.6G

             total       used       free     shared    buffers     cached
Mem:          992M       926M        66M        16K        80K        20M
-/+ buffers/cache:       905M        86M
Swap:         8.0G       389M       7.6G

             total       used       free     shared    buffers     cached
Mem:          992M       917M        74M        16K       500K        19M
-/+ buffers/cache:       896M        95M
Swap:         8.0G       408M       7.6G

             total       used       free     shared    buffers     cached
Mem:          992M       918M        73M        16K       500K        20M
-/+ buffers/cache:       898M        93M
Swap:         8.0G       407M       7.6G

             total       used       free     shared    buffers     cached
Mem:          992M       920M        71M        16K       656K        20M
-/+ buffers/cache:       899M        92M
Swap:         8.0G       406M       7.6G

             total       used       free     shared    buffers     cached
Mem:          992M       922M        69M        16K       656K        20M
-/+ buffers/cache:       901M        90M
Swap:         8.0G       406M       7.6G

             total       used       free     shared    buffers     cached
Mem:          992M       923M        68M        16K       664K        20M
-/+ buffers/cache:       902M        89M
Swap:         8.0G       405M       7.6G

             total       used       free     shared    buffers     cached
Mem:          992M       924M        67M        16K       664K        20M
-/+ buffers/cache:       903M        88M
Swap:         8.0G       405M       7.6G

             total       used       free     shared    buffers     cached
Mem:          992M       925M        66M        16K       664K        20M
-/+ buffers/cache:       905M        87M
Swap:         8.0G       404M       7.6G

             total       used       free     shared    buffers     cached
Mem:          992M       927M        65M        16K       664K        20M
-/+ buffers/cache:       906M        85M
Swap:         8.0G       404M       7.6G

             total       used       free     shared    buffers     cached
Mem:          992M       928M        63M        16K       664K        20M
-/+ buffers/cache:       907M        84M
Swap:         8.0G       403M       7.6G

             total       used       free     shared    buffers     cached
Mem:          992M       930M        62M        16K       672K        20M
-/+ buffers/cache:       909M        82M
Swap:         8.0G       402M       7.6G

             total       used       free     shared    buffers     cached
Mem:          992M       919M        72M        16K       672K        19M
-/+ buffers/cache:       899M        92M
Swap:         8.0G       406M       7.6G

             total       used       free     shared    buffers     cached
Mem:          992M       920M        71M        16K       672K        19M
-/+ buffers/cache:       900M        92M
Swap:         8.0G       405M       7.6G

             total       used       free     shared    buffers     cached
Mem:          992M       921M        70M        16K       672K        19M
-/+ buffers/cache:       901M        90M
Swap:         8.0G       404M       7.6G

             total       used       free     shared    buffers     cached
Mem:          992M       923M        68M        16K       672K        19M
-/+ buffers/cache:       902M        89M
Swap:         8.0G       404M       7.6G

             total       used       free     shared    buffers     cached
Mem:          992M       924M        67M        16K       672K        19M
-/+ buffers/cache:       904M        87M
Swap:         8.0G       403M       7.6G

             total       used       free     shared    buffers     cached
Mem:          992M       926M        66M        16K       680K        19M
-/+ buffers/cache:       905M        86M
Swap:         8.0G       402M       7.6G

             total       used       free     shared    buffers     cached
Mem:          992M       927M        64M        16K       680K        19M
-/+ buffers/cache:       907M        85M
Swap:         8.0G       402M       7.6G

             total       used       free     shared    buffers     cached
Mem:          992M       928M        63M        16K       680K        19M
-/+ buffers/cache:       908M        83M
Swap:         8.0G       401M       7.6G

             total       used       free     shared    buffers     cached
Mem:          992M       930M        62M        16K       680K        19M
-/+ buffers/cache:       909M        82M
Swap:         8.0G       400M       7.6G

             total       used       free     shared    buffers     cached
Mem:          992M       919M        72M        16K       680K        17M
-/+ buffers/cache:       901M        90M
Swap:         8.0G       415M       7.6G

             total       used       free     shared    buffers     cached
Mem:          992M       920M        72M        16K       688K        17M
-/+ buffers/cache:       902M        90M
Swap:         8.0G       415M       7.6G

             total       used       free     shared    buffers     cached
Mem:          992M       921M        70M        16K       688K        17M
-/+ buffers/cache:       903M        88M
Swap:         8.0G       414M       7.6G

             total       used       free     shared    buffers     cached
Mem:          992M       923M        69M        16K       688K        17M
-/+ buffers/cache:       905M        87M
Swap:         8.0G       413M       7.6G

             total       used       free     shared    buffers     cached
Mem:          992M       924M        67M        16K       688K        17M
-/+ buffers/cache:       906M        85M
Swap:         8.0G       412M       7.6G

             total       used       free     shared    buffers     cached
Mem:          992M       925M        66M        16K       688K        17M
-/+ buffers/cache:       907M        84M
Swap:         8.0G       412M       7.6G

             total       used       free     shared    buffers     cached
Mem:          992M       927M        65M        16K       696K        17M
-/+ buffers/cache:       909M        82M
Swap:         8.0G       411M       7.6G

             total       used       free     shared    buffers     cached
Mem:          992M       928M        63M        16K       696K        17M
-/+ buffers/cache:       910M        81M
Swap:         8.0G       410M       7.6G

             total       used       free     shared    buffers     cached
Mem:          992M       929M        62M        16K       696K        17M
-/+ buffers/cache:       911M        80M
Swap:         8.0G       410M       7.6G

             total       used       free     shared    buffers     cached
Mem:          992M       931M        60M        16K       696K        17M
-/+ buffers/cache:       913M        78M
Swap:         8.0G       409M       7.6G

             total       used       free     shared    buffers     cached
Mem:          992M       921M        70M        16K       640K        13M
-/+ buffers/cache:       906M        85M
Swap:         8.0G       409M       7.6G

             total       used       free     shared    buffers     cached
Mem:          992M       922M        69M        16K       640K        13M
-/+ buffers/cache:       908M        84M
Swap:         8.0G       408M       7.6G

             total       used       free     shared    buffers     cached
Mem:          992M       924M        68M        16K       648K        13M
-/+ buffers/cache:       909M        82M
Swap:         8.0G       408M       7.6G

             total       used       free     shared    buffers     cached
Mem:          992M       926M        66M        16K       648K        14M
-/+ buffers/cache:       911M        81M
Swap:         8.0G       407M       7.6G

             total       used       free     shared    buffers     cached
Mem:          992M       927M        64M        16K       648K        14M
-/+ buffers/cache:       912M        79M
Swap:         8.0G       406M       7.6G

             total       used       free     shared    buffers     cached
Mem:          992M       928M        63M        16K       648K        14M
-/+ buffers/cache:       913M        78M
Swap:         8.0G       406M       7.6G

             total       used       free     shared    buffers     cached
Mem:          992M       930M        61M        16K       648K        14M
-/+ buffers/cache:       915M        77M
Swap:         8.0G       405M       7.6G

             total       used       free     shared    buffers     cached
Mem:          992M       912M        79M        16K        76K       4.1M
-/+ buffers/cache:       908M        83M
Swap:         8.0G       414M       7.6G

             total       used       free     shared    buffers     cached
Mem:          992M       914M        78M        16K        84K       4.3M
-/+ buffers/cache:       909M        82M
Swap:         8.0G       413M       7.6G

             total       used       free     shared    buffers     cached
Mem:          992M       915M        76M        16K       108K       4.3M
-/+ buffers/cache:       911M        80M
Swap:         8.0G       413M       7.6G

             total       used       free     shared    buffers     cached
Mem:          992M       916M        75M        16K       108K       4.3M
-/+ buffers/cache:       912M        79M
Swap:         8.0G       412M       7.6G

             total       used       free     shared    buffers     cached
Mem:          992M       918M        73M        16K       112K       4.3M
-/+ buffers/cache:       913M        78M
Swap:         8.0G       411M       7.6G

             total       used       free     shared    buffers     cached
Mem:          992M       920M        72M        16K       120K       5.5M
-/+ buffers/cache:       914M        77M
Swap:         8.0G       411M       7.6G

             total       used       free     shared    buffers     cached
Mem:          992M       923M        69M        16K       540K       6.2M
-/+ buffers/cache:       916M        75M
Swap:         8.0G       410M       7.6G

             total       used       free     shared    buffers     cached
Mem:          992M       907M        84M        16K       100K        25M
-/+ buffers/cache:       882M       109M
Swap:         8.0G       450M       7.6G

             total       used       free     shared    buffers     cached
Mem:          992M       908M        83M        16K       244K        25M
-/+ buffers/cache:       882M       109M
Swap:         8.0G       449M       7.6G

             total       used       free     shared    buffers     cached
Mem:          992M       909M        82M        16K       244K        25M
-/+ buffers/cache:       883M       108M
Swap:         8.0G       449M       7.6G

             total       used       free     shared    buffers     cached
Mem:          992M       910M        81M        16K       256K        25M
-/+ buffers/cache:       884M       107M
Swap:         8.0G       448M       7.6G

             total       used       free     shared    buffers     cached
Mem:          992M       911M        80M        16K       256K        25M
-/+ buffers/cache:       885M       106M
Swap:         8.0G       448M       7.6G

             total       used       free     shared    buffers     cached
Mem:          992M       912M        79M        16K       256K        25M
-/+ buffers/cache:       886M       105M
Swap:         8.0G       448M       7.6G

             total       used       free     shared    buffers     cached
Mem:          992M       913M        78M        16K       264K        25M
-/+ buffers/cache:       887M       104M
Swap:         8.0G       447M       7.6G

             total       used       free     shared    buffers     cached
Mem:          992M       914M        77M        16K       264K        25M
-/+ buffers/cache:       888M       103M
Swap:         8.0G       447M       7.6G

             total       used       free     shared    buffers     cached
Mem:          992M       915M        76M        16K       264K        25M
-/+ buffers/cache:       889M       102M
Swap:         8.0G       446M       7.6G

             total       used       free     shared    buffers     cached
Mem:          992M       916M        75M        16K       264K        25M
-/+ buffers/cache:       890M       101M
Swap:         8.0G       446M       7.6G

             total       used       free     shared    buffers     cached
Mem:          992M       919M        72M        16K       264K        27M
-/+ buffers/cache:       891M       100M
Swap:         8.0G       445M       7.6G

             total       used       free     shared    buffers     cached
Mem:          992M       920M        71M        16K       272K        27M
-/+ buffers/cache:       892M        99M
Swap:         8.0G       444M       7.6G

             total       used       free     shared    buffers     cached
Mem:          992M       921M        70M        16K       272K        27M
-/+ buffers/cache:       893M        98M
Swap:         8.0G       444M       7.6G

             total       used       free     shared    buffers     cached
Mem:          992M       922M        69M        16K       272K        27M
-/+ buffers/cache:       895M        97M
Swap:         8.0G       443M       7.6G

             total       used       free     shared    buffers     cached
Mem:          992M       923M        68M        16K       272K        27M
-/+ buffers/cache:       895M        96M
Swap:         8.0G       443M       7.6G

             total       used       free     shared    buffers     cached
Mem:          992M       924M        67M        16K       272K        27M
-/+ buffers/cache:       897M        95M
Swap:         8.0G       442M       7.6G

             total       used       free     shared    buffers     cached
Mem:          992M       930M        61M        16K       272K        32M
-/+ buffers/cache:       898M        94M
Swap:         8.0G       441M       7.6G

             total       used       free     shared    buffers     cached
Mem:          992M       918M        73M        16K       576K        31M
-/+ buffers/cache:       886M       105M
Swap:         8.0G       455M       7.6G

             total       used       free     shared    buffers     cached
Mem:          992M       919M        72M        16K       576K        31M
-/+ buffers/cache:       887M       104M
Swap:         8.0G       455M       7.6G

             total       used       free     shared    buffers     cached
Mem:          992M       920M        71M        16K       576K        31M
-/+ buffers/cache:       888M       103M
Swap:         8.0G       454M       7.6G

             total       used       free     shared    buffers     cached
Mem:          992M       921M        70M        16K       576K        31M
-/+ buffers/cache:       889M       102M
Swap:         8.0G       454M       7.6G

             total       used       free     shared    buffers     cached
Mem:          992M       922M        69M        16K       576K        31M
-/+ buffers/cache:       890M       101M
Swap:         8.0G       453M       7.6G

             total       used       free     shared    buffers     cached
Mem:          992M       923M        68M        16K       584K        31M
-/+ buffers/cache:       891M       100M
Swap:         8.0G       453M       7.6G

             total       used       free     shared    buffers     cached
Mem:          992M       924M        67M        16K       584K        31M
-/+ buffers/cache:       892M        99M
Swap:         8.0G       452M       7.6G

             total       used       free     shared    buffers     cached
Mem:          992M       925M        66M        16K       584K        31M
-/+ buffers/cache:       893M        98M
Swap:         8.0G       452M       7.6G

             total       used       free     shared    buffers     cached
Mem:          992M       926M        65M        16K       584K        31M
-/+ buffers/cache:       894M        97M
Swap:         8.0G       451M       7.6G

             total       used       free     shared    buffers     cached
Mem:          992M       927M        64M        16K       584K        31M
-/+ buffers/cache:       895M        96M
Swap:         8.0G       451M       7.6G

             total       used       free     shared    buffers     cached
Mem:          992M       928M        63M        16K       584K        31M
-/+ buffers/cache:       896M        95M
Swap:         8.0G       450M       7.6G

             total       used       free     shared    buffers     cached
Mem:          992M       929M        62M        16K       600K        31M
-/+ buffers/cache:       897M        94M
Swap:         8.0G       450M       7.6G

             total       used       free     shared    buffers     cached
Mem:          992M       930M        61M        16K       600K        31M
-/+ buffers/cache:       898M        93M
Swap:         8.0G       449M       7.6G

             total       used       free     shared    buffers     cached
Mem:          992M       920M        72M        16K       600K        30M
-/+ buffers/cache:       888M       103M
Swap:         8.0G       464M       7.5G

             total       used       free     shared    buffers     cached
Mem:          992M       920M        72M        16K       600K        30M
-/+ buffers/cache:       888M       103M
Swap:         8.0G       463M       7.5G

             total       used       free     shared    buffers     cached
Mem:          992M       920M        71M        16K       600K        30M
-/+ buffers/cache:       889M       102M
Swap:         8.0G       463M       7.5G

             total       used       free     shared    buffers     cached
Mem:          992M       922M        70M        16K       608K        30M
-/+ buffers/cache:       890M       101M
Swap:         8.0G       462M       7.5G

             total       used       free     shared    buffers     cached
Mem:          992M       923M        69M        16K       608K        30M
-/+ buffers/cache:       891M       100M
Swap:         8.0G       462M       7.5G

             total       used       free     shared    buffers     cached
Mem:          992M       924M        68M        16K       608K        30M
-/+ buffers/cache:       892M        99M
Swap:         8.0G       461M       7.5G

             total       used       free     shared    buffers     cached
Mem:          992M       925M        67M        16K       608K        30M
-/+ buffers/cache:       893M        98M
Swap:         8.0G       461M       7.5G

             total       used       free     shared    buffers     cached
Mem:          992M       926M        66M        16K       608K        30M
-/+ buffers/cache:       894M        97M
Swap:         8.0G       460M       7.5G

             total       used       free     shared    buffers     cached
Mem:          992M       926M        65M        16K       608K        30M
-/+ buffers/cache:       895M        96M
Swap:         8.0G       460M       7.5G

             total       used       free     shared    buffers     cached
Mem:          992M       927M        64M        16K       616K        30M
-/+ buffers/cache:       896M        95M
Swap:         8.0G       459M       7.5G

             total       used       free     shared    buffers     cached
Mem:          992M       929M        63M        16K       616K        30M
-/+ buffers/cache:       897M        94M
Swap:         8.0G       458M       7.5G

             total       used       free     shared    buffers     cached
Mem:          992M       930M        62M        16K       616K        30M
-/+ buffers/cache:       898M        93M
Swap:         8.0G       458M       7.5G

             total       used       free     shared    buffers     cached
Mem:          992M       931M        61M        16K       616K        30M
-/+ buffers/cache:       899M        92M
Swap:         8.0G       457M       7.6G

             total       used       free     shared    buffers     cached
Mem:          992M       920M        72M        16K       616K        30M
-/+ buffers/cache:       889M       103M
Swap:         8.0G       461M       7.5G

             total       used       free     shared    buffers     cached
Mem:          992M       921M        71M        16K       624K        30M
-/+ buffers/cache:       889M       102M
Swap:         8.0G       460M       7.5G

             total       used       free     shared    buffers     cached
Mem:          992M       921M        70M        16K       624K        30M
-/+ buffers/cache:       890M       101M
Swap:         8.0G       460M       7.5G

             total       used       free     shared    buffers     cached
Mem:          992M       923M        69M        16K       624K        30M
-/+ buffers/cache:       892M       100M
Swap:         8.0G       459M       7.5G

             total       used       free     shared    buffers     cached
Mem:          992M       924M        68M        16K       624K        30M
-/+ buffers/cache:       893M        99M
Swap:         8.0G       458M       7.5G

             total       used       free     shared    buffers     cached
Mem:          992M       925M        66M        16K       624K        30M
-/+ buffers/cache:       894M        98M
Swap:         8.0G       458M       7.5G

             total       used       free     shared    buffers     cached
Mem:          992M       926M        65M        16K       624K        30M
-/+ buffers/cache:       895M        97M
Swap:         8.0G       457M       7.6G

             total       used       free     shared    buffers     cached
Mem:          992M       927M        64M        16K       632K        30M
-/+ buffers/cache:       896M        95M
Swap:         8.0G       457M       7.6G

             total       used       free     shared    buffers     cached
Mem:          992M       928M        63M        16K       632K        30M
-/+ buffers/cache:       897M        95M
Swap:         8.0G       456M       7.6G

             total       used       free     shared    buffers     cached
Mem:          992M       929M        62M        16K       632K        30M
-/+ buffers/cache:       898M        93M
Swap:         8.0G       456M       7.6G

             total       used       free     shared    buffers     cached
Mem:          992M       930M        61M        16K       632K        30M
-/+ buffers/cache:       899M        92M
Swap:         8.0G       455M       7.6G

             total       used       free     shared    buffers     cached
Mem:          992M       931M        60M        16K       632K        30M
-/+ buffers/cache:       900M        91M
Swap:         8.0G       454M       7.6G

             total       used       free     shared    buffers     cached
Mem:          992M       919M        73M        16K       640K        29M
-/+ buffers/cache:       888M       103M
Swap:         8.0G       471M       7.5G

             total       used       free     shared    buffers     cached
Mem:          992M       920M        72M        16K       640K        29M
-/+ buffers/cache:       889M       102M
Swap:         8.0G       470M       7.5G

             total       used       free     shared    buffers     cached
Mem:          992M       921M        70M        16K       640K        29M
-/+ buffers/cache:       890M       101M
Swap:         8.0G       469M       7.5G

             total       used       free     shared    buffers     cached
Mem:          992M       922M        69M        16K       640K        29M
-/+ buffers/cache:       891M       100M
Swap:         8.0G       469M       7.5G

             total       used       free     shared    buffers     cached
Mem:          992M       923M        68M        16K       640K        29M
-/+ buffers/cache:       893M        99M
Swap:         8.0G       468M       7.5G

             total       used       free     shared    buffers     cached
Mem:          992M       924M        67M        16K       640K        29M
-/+ buffers/cache:       894M        98M
Swap:         8.0G       468M       7.5G

             total       used       free     shared    buffers     cached
Mem:          992M       925M        66M        16K       648K        29M
-/+ buffers/cache:       895M        97M
Swap:         8.0G       467M       7.5G

             total       used       free     shared    buffers     cached
Mem:          992M       926M        65M        16K       648K        29M
-/+ buffers/cache:       896M        95M
Swap:         8.0G       466M       7.5G

             total       used       free     shared    buffers     cached
Mem:          992M       927M        64M        16K       648K        29M
-/+ buffers/cache:       897M        94M
Swap:         8.0G       466M       7.5G

             total       used       free     shared    buffers     cached
Mem:          992M       929M        63M        16K       648K        30M
-/+ buffers/cache:       898M        93M
Swap:         8.0G       465M       7.5G

             total       used       free     shared    buffers     cached
Mem:          992M       930M        61M        16K       648K        30M
-/+ buffers/cache:       899M        92M
Swap:         8.0G       464M       7.5G

             total       used       free     shared    buffers     cached
Mem:          992M       917M        74M        20K       792K        30M
-/+ buffers/cache:       886M       105M
Swap:         8.0G       478M       7.5G

             total       used       free     shared    buffers     cached
Mem:          992M       918M        73M        20K       792K        30M
-/+ buffers/cache:       887M       104M
Swap:         8.0G       478M       7.5G

             total       used       free     shared    buffers     cached
Mem:          992M       920M        72M        20K       792K        30M
-/+ buffers/cache:       889M       103M
Swap:         8.0G       477M       7.5G

             total       used       free     shared    buffers     cached
Mem:          992M       927M        64M        20K       792K        32M
-/+ buffers/cache:       894M        98M
Swap:         8.0G       474M       7.5G

             total       used       free     shared    buffers     cached
Mem:          992M       928M        63M        20K       792K        32M
-/+ buffers/cache:       895M        97M
Swap:         8.0G       474M       7.5G

             total       used       free     shared    buffers     cached
Mem:          992M       929M        62M        20K       792K        32M
-/+ buffers/cache:       896M        95M
Swap:         8.0G       473M       7.5G

             total       used       free     shared    buffers     cached
Mem:          992M       919M        72M        20K       800K        33M
-/+ buffers/cache:       885M       106M
Swap:         8.0G       483M       7.5G

             total       used       free     shared    buffers     cached
Mem:          992M       920M        71M        20K       800K        33M
-/+ buffers/cache:       886M       105M
Swap:         8.0G       483M       7.5G

             total       used       free     shared    buffers     cached
Mem:          992M       920M        71M        20K       800K        33M
-/+ buffers/cache:       886M       105M
Swap:         8.0G       482M       7.5G

             total       used       free     shared    buffers     cached
Mem:          992M       921M        70M        20K       800K        33M
-/+ buffers/cache:       887M       104M
Swap:         8.0G       482M       7.5G

             total       used       free     shared    buffers     cached
Mem:          992M       922M        69M        20K       800K        33M
-/+ buffers/cache:       888M       104M
Swap:         8.0G       482M       7.5G

             total       used       free     shared    buffers     cached
Mem:          992M       927M        65M        20K       1.9M        35M
-/+ buffers/cache:       889M       102M
Swap:         8.0G       481M       7.5G

             total       used       free     shared    buffers     cached
Mem:          992M       927M        64M        24K       1.9M        35M
-/+ buffers/cache:       889M       102M
Swap:         8.0G       481M       7.5G

             total       used       free     shared    buffers     cached
Mem:          992M       928M        64M        24K       1.9M        35M
-/+ buffers/cache:       890M       101M
Swap:         8.0G       480M       7.5G

             total       used       free     shared    buffers     cached
Mem:          992M       928M        63M        24K       1.9M        35M
-/+ buffers/cache:       891M       100M
Swap:         8.0G       480M       7.5G

             total       used       free     shared    buffers     cached
Mem:          992M       929M        62M        24K       1.9M        35M
-/+ buffers/cache:       891M       100M
Swap:         8.0G       480M       7.5G

             total       used       free     shared    buffers     cached
Mem:          992M       915M        76M       180K       1.9M        37M
-/+ buffers/cache:       876M       115M
Swap:         8.0G       506M       7.5G

             total       used       free     shared    buffers     cached
Mem:          992M       905M        86M       3.9M       4.3M        45M
-/+ buffers/cache:       855M       136M
Swap:         8.0G       532M       7.5G

             total       used       free     shared    buffers     cached
Mem:          992M       929M        62M       3.9M       5.5M        68M
-/+ buffers/cache:       856M       136M
Swap:         8.0G       539M       7.5G

             total       used       free     shared    buffers     cached
Mem:          992M       920M        71M       256K       2.9M        62M
-/+ buffers/cache:       855M       136M
Swap:         8.0G       535M       7.5G

             total       used       free     shared    buffers     cached
Mem:          992M       921M        71M       240K       2.9M        62M
-/+ buffers/cache:       856M       136M
Swap:         8.0G       535M       7.5G

             total       used       free     shared    buffers     cached
Mem:          992M       922M        69M       240K       2.9M        62M
-/+ buffers/cache:       857M       134M
Swap:         8.0G       534M       7.5G

             total       used       free     shared    buffers     cached
Mem:          992M       923M        68M       240K       2.9M        62M
-/+ buffers/cache:       858M       134M
Swap:         8.0G       534M       7.5G

             total       used       free     shared    buffers     cached
Mem:          992M       924M        67M       240K       2.9M        62M
-/+ buffers/cache:       859M       132M
Swap:         8.0G       533M       7.5G

             total       used       free     shared    buffers     cached
Mem:          992M       926M        65M       240K       3.0M        63M
-/+ buffers/cache:       860M       131M
Swap:         8.0G       532M       7.5G

             total       used       free     shared    buffers     cached
Mem:          992M       927M        64M       240K       3.0M        63M
-/+ buffers/cache:       861M       130M
Swap:         8.0G       532M       7.5G

             total       used       free     shared    buffers     cached
Mem:          992M       929M        63M       240K       3.0M        63M
-/+ buffers/cache:       863M       129M
Swap:         8.0G       531M       7.5G

             total       used       free     shared    buffers     cached
Mem:          992M       930M        61M       240K       3.0M        63M
-/+ buffers/cache:       864M       128M
Swap:         8.0G       531M       7.5G

             total       used       free     shared    buffers     cached
Mem:          992M       915M        76M       240K       3.0M        61M
-/+ buffers/cache:       851M       141M
Swap:         8.0G       548M       7.5G

             total       used       free     shared    buffers     cached
Mem:          992M       916M        75M       240K       3.0M        61M
-/+ buffers/cache:       852M       139M
Swap:         8.0G       548M       7.5G

             total       used       free     shared    buffers     cached
Mem:          992M       917M        74M       240K       3.0M        61M
-/+ buffers/cache:       852M       139M
Swap:         8.0G       547M       7.5G

             total       used       free     shared    buffers     cached
Mem:          992M       918M        73M       240K       3.0M        61M
-/+ buffers/cache:       854M       137M
Swap:         8.0G       547M       7.5G

             total       used       free     shared    buffers     cached
Mem:          992M       919M        72M       240K       3.0M        61M
-/+ buffers/cache:       855M       136M
Swap:         8.0G       546M       7.5G

             total       used       free     shared    buffers     cached
Mem:          992M       920M        71M       240K       3.0M        61M
-/+ buffers/cache:       856M       135M
Swap:         8.0G       546M       7.5G

             total       used       free     shared    buffers     cached
Mem:          992M       921M        70M       240K       3.0M        61M
-/+ buffers/cache:       857M       134M
Swap:         8.0G       545M       7.5G

             total       used       free     shared    buffers     cached
Mem:          992M       922M        69M       240K       3.0M        61M
-/+ buffers/cache:       858M       133M
Swap:         8.0G       544M       7.5G

             total       used       free     shared    buffers     cached
Mem:          992M       924M        68M       240K       3.0M        61M
-/+ buffers/cache:       859M       132M
Swap:         8.0G       544M       7.5G

             total       used       free     shared    buffers     cached
Mem:          992M       925M        66M       240K       3.0M        61M
-/+ buffers/cache:       861M       131M
Swap:         8.0G       543M       7.5G

             total       used       free     shared    buffers     cached
Mem:          992M       926M        65M       240K       3.0M        61M
-/+ buffers/cache:       862M       129M
Swap:         8.0G       543M       7.5G

             total       used       free     shared    buffers     cached
Mem:          992M       927M        64M       240K       3.0M        61M
-/+ buffers/cache:       863M       128M
Swap:         8.0G       542M       7.5G

             total       used       free     shared    buffers     cached
Mem:          992M       929M        63M       240K       3.0M        61M
-/+ buffers/cache:       864M       127M
Swap:         8.0G       542M       7.5G

             total       used       free     shared    buffers     cached
Mem:          992M       930M        61M       240K       3.0M        61M
-/+ buffers/cache:       866M       126M
Swap:         8.0G       541M       7.5G

             total       used       free     shared    buffers     cached
Mem:          992M       919M        73M       240K       3.0M        59M
-/+ buffers/cache:       856M       136M
Swap:         8.0G       551M       7.5G

             total       used       free     shared    buffers     cached
Mem:          992M       912M        79M       240K       3.0M        59M
-/+ buffers/cache:       849M       142M
Swap:         8.0G       559M       7.5G

             total       used       free     shared    buffers     cached
Mem:          992M       913M        78M       240K       3.0M        59M
-/+ buffers/cache:       850M       141M
Swap:         8.0G       558M       7.5G

             total       used       free     shared    buffers     cached
Mem:          992M       921M        70M       240K       4.1M        64M
-/+ buffers/cache:       853M       138M
Swap:         8.0G       557M       7.5G

             total       used       free     shared    buffers     cached
Mem:          992M       918M        73M       284K       8.3M        74M
-/+ buffers/cache:       835M       156M
Swap:         8.0G       567M       7.4G
