             total       used       free     shared    buffers     cached
Mem:          992M       655M       336M       3.2M        38M       289M
-/+ buffers/cache:       327M       664M
Swap:         8.0G         0B       8.0G

             total       used       free     shared    buffers     cached
Mem:          992M       654M       337M       3.2M        38M       289M
-/+ buffers/cache:       326M       665M
Swap:         8.0G         0B       8.0G

             total       used       free     shared    buffers     cached
Mem:          992M       654M       337M       3.2M        38M       289M
-/+ buffers/cache:       326M       665M
Swap:         8.0G         0B       8.0G

             total       used       free     shared    buffers     cached
Mem:          992M       654M       337M       3.2M        38M       289M
-/+ buffers/cache:       326M       665M
Swap:         8.0G         0B       8.0G

             total       used       free     shared    buffers     cached
Mem:          992M       654M       337M       3.2M        38M       289M
-/+ buffers/cache:       326M       665M
Swap:         8.0G         0B       8.0G

             total       used       free     shared    buffers     cached
Mem:          992M       654M       337M       3.2M        38M       289M
-/+ buffers/cache:       326M       665M
Swap:         8.0G         0B       8.0G

             total       used       free     shared    buffers     cached
Mem:          992M       654M       337M       3.2M        38M       289M
-/+ buffers/cache:       326M       665M
Swap:         8.0G         0B       8.0G

             total       used       free     shared    buffers     cached
Mem:          992M       654M       337M       3.2M        38M       289M
-/+ buffers/cache:       326M       666M
Swap:         8.0G         0B       8.0G

             total       used       free     shared    buffers     cached
Mem:          992M       654M       337M       3.2M        38M       289M
-/+ buffers/cache:       325M       666M
Swap:         8.0G         0B       8.0G

             total       used       free     shared    buffers     cached
Mem:          992M       654M       337M       3.2M        38M       289M
-/+ buffers/cache:       325M       666M
Swap:         8.0G         0B       8.0G

             total       used       free     shared    buffers     cached
Mem:          992M       657M       334M       3.2M        38M       289M
-/+ buffers/cache:       329M       663M
Swap:         8.0G         0B       8.0G

             total       used       free     shared    buffers     cached
Mem:          992M       677M       315M       3.2M        38M       290M
-/+ buffers/cache:       347M       644M
Swap:         8.0G         0B       8.0G

             total       used       free     shared    buffers     cached
Mem:          992M       704M       288M       3.2M        38M       290M
-/+ buffers/cache:       374M       617M
Swap:         8.0G         0B       8.0G

             total       used       free     shared    buffers     cached
Mem:          992M       663M       328M       3.2M        38M       291M
-/+ buffers/cache:       333M       658M
Swap:         8.0G         0B       8.0G

             total       used       free     shared    buffers     cached
Mem:          992M       666M       325M       3.2M        38M       291M
-/+ buffers/cache:       335M       656M
Swap:         8.0G         0B       8.0G

             total       used       free     shared    buffers     cached
Mem:          992M       664M       327M       3.2M        38M       291M
-/+ buffers/cache:       333M       658M
Swap:         8.0G         0B       8.0G

             total       used       free     shared    buffers     cached
Mem:          992M       664M       327M       3.2M        38M       291M
-/+ buffers/cache:       333M       658M
Swap:         8.0G         0B       8.0G

             total       used       free     shared    buffers     cached
Mem:          992M       664M       327M       3.2M        38M       291M
-/+ buffers/cache:       333M       658M
Swap:         8.0G         0B       8.0G

             total       used       free     shared    buffers     cached
Mem:          992M       664M       327M       3.2M        38M       291M
-/+ buffers/cache:       333M       658M
Swap:         8.0G         0B       8.0G

             total       used       free     shared    buffers     cached
Mem:          992M       664M       327M       3.2M        38M       291M
-/+ buffers/cache:       333M       658M
Swap:         8.0G         0B       8.0G

             total       used       free     shared    buffers     cached
Mem:          992M       664M       327M       3.2M        38M       291M
-/+ buffers/cache:       333M       658M
Swap:         8.0G         0B       8.0G

             total       used       free     shared    buffers     cached
Mem:          992M       664M       327M       3.2M        38M       291M
-/+ buffers/cache:       334M       658M
Swap:         8.0G         0B       8.0G

             total       used       free     shared    buffers     cached
Mem:          992M       664M       327M       3.2M        38M       291M
-/+ buffers/cache:       334M       658M
Swap:         8.0G         0B       8.0G

             total       used       free     shared    buffers     cached
Mem:          992M       664M       327M       3.2M        38M       291M
-/+ buffers/cache:       334M       658M
Swap:         8.0G         0B       8.0G

             total       used       free     shared    buffers     cached
Mem:          992M       664M       327M       3.2M        38M       291M
-/+ buffers/cache:       334M       658M
Swap:         8.0G         0B       8.0G

             total       used       free     shared    buffers     cached
Mem:          992M       664M       327M       3.2M        38M       291M
-/+ buffers/cache:       334M       658M
Swap:         8.0G         0B       8.0G

             total       used       free     shared    buffers     cached
Mem:          992M       664M       327M       3.2M        38M       291M
-/+ buffers/cache:       334M       658M
Swap:         8.0G         0B       8.0G

             total       used       free     shared    buffers     cached
Mem:          992M       664M       327M       3.2M        38M       291M
-/+ buffers/cache:       333M       658M
Swap:         8.0G         0B       8.0G

             total       used       free     shared    buffers     cached
Mem:          992M       664M       327M       3.2M        38M       291M
-/+ buffers/cache:       333M       658M
Swap:         8.0G         0B       8.0G

             total       used       free     shared    buffers     cached
Mem:          992M       664M       327M       3.2M        38M       291M
-/+ buffers/cache:       333M       658M
Swap:         8.0G         0B       8.0G

             total       used       free     shared    buffers     cached
Mem:          992M       664M       327M       3.2M        38M       291M
-/+ buffers/cache:       333M       658M
Swap:         8.0G         0B       8.0G

             total       used       free     shared    buffers     cached
Mem:          992M       664M       327M       3.2M        38M       291M
-/+ buffers/cache:       333M       658M
Swap:         8.0G         0B       8.0G

             total       used       free     shared    buffers     cached
Mem:          992M       664M       327M       3.2M        38M       291M
-/+ buffers/cache:       333M       658M
Swap:         8.0G         0B       8.0G

             total       used       free     shared    buffers     cached
Mem:          992M       669M       322M       3.2M        38M       291M
-/+ buffers/cache:       339M       652M
Swap:         8.0G         0B       8.0G

             total       used       free     shared    buffers     cached
Mem:          992M       688M       303M       3.2M        38M       291M
-/+ buffers/cache:       358M       634M
Swap:         8.0G         0B       8.0G

             total       used       free     shared    buffers     cached
Mem:          992M       704M       287M       3.2M        38M       291M
-/+ buffers/cache:       374M       617M
Swap:         8.0G         0B       8.0G

             total       used       free     shared    buffers     cached
Mem:          992M       720M       271M       3.2M        38M       291M
-/+ buffers/cache:       390M       601M
Swap:         8.0G         0B       8.0G

             total       used       free     shared    buffers     cached
Mem:          992M       737M       254M       3.2M        38M       291M
-/+ buffers/cache:       407M       584M
Swap:         8.0G         0B       8.0G

             total       used       free     shared    buffers     cached
Mem:          992M       753M       238M       3.2M        38M       291M
-/+ buffers/cache:       423M       569M
Swap:         8.0G         0B       8.0G

             total       used       free     shared    buffers     cached
Mem:          992M       770M       221M       3.2M        38M       291M
-/+ buffers/cache:       440M       551M
Swap:         8.0G         0B       8.0G

             total       used       free     shared    buffers     cached
Mem:          992M       784M       207M       3.2M        38M       291M
-/+ buffers/cache:       454M       538M
Swap:         8.0G         0B       8.0G

             total       used       free     shared    buffers     cached
Mem:          992M       798M       193M       3.2M        38M       291M
-/+ buffers/cache:       467M       524M
Swap:         8.0G         0B       8.0G

             total       used       free     shared    buffers     cached
Mem:          992M       814M       177M       3.2M        38M       291M
-/+ buffers/cache:       483M       508M
Swap:         8.0G         0B       8.0G

             total       used       free     shared    buffers     cached
Mem:          992M       831M       160M       3.2M        38M       291M
-/+ buffers/cache:       501M       491M
Swap:         8.0G         0B       8.0G

             total       used       free     shared    buffers     cached
Mem:          992M       847M       144M       3.2M        38M       291M
-/+ buffers/cache:       517M       475M
Swap:         8.0G         0B       8.0G

             total       used       free     shared    buffers     cached
Mem:          992M       864M       127M       3.2M        38M       291M
-/+ buffers/cache:       534M       458M
Swap:         8.0G         0B       8.0G

             total       used       free     shared    buffers     cached
Mem:          992M       880M       111M       3.2M        38M       291M
-/+ buffers/cache:       549M       442M
Swap:         8.0G         0B       8.0G

             total       used       free     shared    buffers     cached
Mem:          992M       893M        98M       3.2M        38M       291M
-/+ buffers/cache:       563M       428M
Swap:         8.0G         0B       8.0G

             total       used       free     shared    buffers     cached
Mem:          992M       908M        83M       3.2M        38M       291M
-/+ buffers/cache:       578M       414M
Swap:         8.0G         0B       8.0G

             total       used       free     shared    buffers     cached
Mem:          992M       924M        67M       3.2M        38M       291M
-/+ buffers/cache:       594M       398M
Swap:         8.0G         0B       8.0G

             total       used       free     shared    buffers     cached
Mem:          992M       921M        70M       3.2M        22M       290M
-/+ buffers/cache:       608M       383M
Swap:         8.0G         0B       8.0G

             total       used       free     shared    buffers     cached
Mem:          992M       922M        70M       3.2M        10M       287M
-/+ buffers/cache:       623M       368M
Swap:         8.0G         0B       8.0G

             total       used       free     shared    buffers     cached
Mem:          992M       918M        73M       3.2M        10M       270M
-/+ buffers/cache:       638M       353M
Swap:         8.0G        80K       8.0G

             total       used       free     shared    buffers     cached
Mem:          992M       914M        77M       3.1M       9.8M       250M
-/+ buffers/cache:       653M       338M
Swap:         8.0G       176K       8.0G

             total       used       free     shared    buffers     cached
Mem:          992M       930M        62M       3.1M       9.8M       250M
-/+ buffers/cache:       669M       322M
Swap:         8.0G       176K       8.0G

             total       used       free     shared    buffers     cached
Mem:          992M       931M        60M       3.0M       9.8M       236M
-/+ buffers/cache:       685M       306M
Swap:         8.0G       3.7M       8.0G

             total       used       free     shared    buffers     cached
Mem:          992M       913M        78M       3.0M       8.2M       208M
-/+ buffers/cache:       696M       295M
Swap:         8.0G       8.2M       8.0G

             total       used       free     shared    buffers     cached
Mem:          992M       929M        63M       3.0M       8.2M       208M
-/+ buffers/cache:       712M       279M
Swap:         8.0G       8.2M       8.0G

             total       used       free     shared    buffers     cached
Mem:          992M       929M        62M       3.0M       2.6M       200M
-/+ buffers/cache:       725M       266M
Swap:         8.0G       8.2M       8.0G

             total       used       free     shared    buffers     cached
Mem:          992M       929M        62M       3.0M       1.1M       188M
-/+ buffers/cache:       739M       252M
Swap:         8.0G       8.2M       8.0G

             total       used       free     shared    buffers     cached
Mem:          992M       921M        71M       3.0M       244K       167M
-/+ buffers/cache:       753M       238M
Swap:         8.0G       8.2M       8.0G

             total       used       free     shared    buffers     cached
Mem:          992M       915M        76M       3.0M       232K       147M
-/+ buffers/cache:       768M       224M
Swap:         8.0G       8.2M       8.0G

             total       used       free     shared    buffers     cached
Mem:          992M       925M        66M       3.0M       236K       147M
-/+ buffers/cache:       778M       214M
Swap:         8.0G       8.2M       8.0G

             total       used       free     shared    buffers     cached
Mem:          992M       925M        66M       3.0M        92K       130M
-/+ buffers/cache:       795M       197M
Swap:         8.0G       8.2M       8.0G

             total       used       free     shared    buffers     cached
Mem:          992M       923M        68M       3.0M        88K       114M
-/+ buffers/cache:       808M       183M
Swap:         8.0G       8.2M       8.0G

             total       used       free     shared    buffers     cached
Mem:          992M       924M        67M       3.0M        88K       101M
-/+ buffers/cache:       822M       169M
Swap:         8.0G       8.2M       8.0G

             total       used       free     shared    buffers     cached
Mem:          992M       925M        66M       3.0M        88K        89M
-/+ buffers/cache:       835M       156M
Swap:         8.0G       8.2M       8.0G

             total       used       free     shared    buffers     cached
Mem:          992M       919M        73M       3.0M       100K        69M
-/+ buffers/cache:       849M       142M
Swap:         8.0G       8.2M       8.0G

             total       used       free     shared    buffers     cached
Mem:          992M       917M        75M       3.0M       100K        54M
-/+ buffers/cache:       862M       129M
Swap:         8.0G       8.2M       8.0G

             total       used       free     shared    buffers     cached
Mem:          992M       918M        73M       3.0M       100K        43M
-/+ buffers/cache:       874M       117M
Swap:         8.0G       8.2M       8.0G

             total       used       free     shared    buffers     cached
Mem:          992M       919M        72M       3.0M       3.0M        27M
-/+ buffers/cache:       889M       102M
Swap:         8.0G       8.2M       8.0G

             total       used       free     shared    buffers     cached
Mem:          992M       920M        71M       2.8M       3.0M        18M
-/+ buffers/cache:       898M        93M
Swap:         8.0G        18M       8.0G

             total       used       free     shared    buffers     cached
Mem:          992M       921M        71M       2.8M       3.0M        15M
-/+ buffers/cache:       903M        89M
Swap:         8.0G        19M       8.0G

             total       used       free     shared    buffers     cached
Mem:          992M       921M        70M       2.8M        84K       5.7M
-/+ buffers/cache:       916M        76M
Swap:         8.0G        20M       8.0G

             total       used       free     shared    buffers     cached
Mem:          992M       915M        76M       2.5M        88K       4.6M
-/+ buffers/cache:       910M        81M
Swap:         8.0G        41M       8.0G

             total       used       free     shared    buffers     cached
Mem:          992M       928M        63M       2.5M       368K       4.9M
-/+ buffers/cache:       923M        68M
Swap:         8.0G        41M       8.0G

             total       used       free     shared    buffers     cached
Mem:          992M       920M        72M       2.5M       352K       4.9M
-/+ buffers/cache:       914M        77M
Swap:         8.0G        63M       7.9G

             total       used       free     shared    buffers     cached
Mem:          992M       918M        74M       2.5M       360K       4.8M
-/+ buffers/cache:       913M        79M
Swap:         8.0G        77M       7.9G

             total       used       free     shared    buffers     cached
Mem:          992M       929M        62M       2.5M       360K       4.8M
-/+ buffers/cache:       924M        67M
Swap:         8.0G        77M       7.9G

             total       used       free     shared    buffers     cached
Mem:          992M       931M        61M       2.5M       360K       4.7M
-/+ buffers/cache:       926M        66M
Swap:         8.0G        96M       7.9G

             total       used       free     shared    buffers     cached
Mem:          992M       925M        66M       2.4M       360K       4.8M
-/+ buffers/cache:       920M        71M
Swap:         8.0G       106M       7.9G

             total       used       free     shared    buffers     cached
Mem:          992M       924M        68M       2.4M       360K       4.8M
-/+ buffers/cache:       918M        73M
Swap:         8.0G       132M       7.9G

             total       used       free     shared    buffers     cached
Mem:          992M       923M        68M       2.4M       360K       4.8M
-/+ buffers/cache:       918M        73M
Swap:         8.0G       133M       7.9G

             total       used       free     shared    buffers     cached
Mem:          992M       902M        89M       2.4M       368K       4.7M
-/+ buffers/cache:       897M        94M
Swap:         8.0G       174M       7.8G

             total       used       free     shared    buffers     cached
Mem:          992M       914M        77M       2.4M       368K       4.7M
-/+ buffers/cache:       909M        82M
Swap:         8.0G       174M       7.8G

             total       used       free     shared    buffers     cached
Mem:          992M       928M        63M       2.4M       368K       4.7M
-/+ buffers/cache:       923M        69M
Swap:         8.0G       174M       7.8G

             total       used       free     shared    buffers     cached
Mem:          992M       928M        63M       2.4M       368K       4.9M
-/+ buffers/cache:       923M        68M
Swap:         8.0G       178M       7.8G

             total       used       free     shared    buffers     cached
Mem:          992M       919M        72M       2.4M       368K       4.8M
-/+ buffers/cache:       914M        77M
Swap:         8.0G       204M       7.8G

             total       used       free     shared    buffers     cached
Mem:          992M       915M        76M       2.4M       360K       4.7M
-/+ buffers/cache:       910M        81M
Swap:         8.0G       229M       7.8G

             total       used       free     shared    buffers     cached
Mem:          992M       928M        63M       2.4M       360K       4.7M
-/+ buffers/cache:       923M        68M
Swap:         8.0G       229M       7.8G

             total       used       free     shared    buffers     cached
Mem:          992M       929M        62M       2.4M       360K       4.7M
-/+ buffers/cache:       924M        67M
Swap:         8.0G       229M       7.8G

             total       used       free     shared    buffers     cached
Mem:          992M       923M        68M       2.3M       360K       4.7M
-/+ buffers/cache:       918M        73M
Swap:         8.0G       248M       7.8G

             total       used       free     shared    buffers     cached
Mem:          992M       918M        73M       2.3M       360K       4.6M
-/+ buffers/cache:       913M        78M
Swap:         8.0G       265M       7.7G

             total       used       free     shared    buffers     cached
Mem:          992M       924M        67M       2.3M       368K       4.6M
-/+ buffers/cache:       919M        72M
Swap:         8.0G       265M       7.7G

             total       used       free     shared    buffers     cached
Mem:          992M       915M        76M       2.3M       356K       4.5M
-/+ buffers/cache:       910M        81M
Swap:         8.0G       281M       7.7G

             total       used       free     shared    buffers     cached
Mem:          992M       921M        70M       2.3M       356K       4.6M
-/+ buffers/cache:       916M        75M
Swap:         8.0G       282M       7.7G

             total       used       free     shared    buffers     cached
Mem:          992M       927M        65M       2.3M       356K       4.6M
-/+ buffers/cache:       922M        69M
Swap:         8.0G       282M       7.7G

             total       used       free     shared    buffers     cached
Mem:          992M       916M        75M       2.3M       348K       4.6M
-/+ buffers/cache:       911M        80M
Swap:         8.0G       298M       7.7G

             total       used       free     shared    buffers     cached
Mem:          992M       922M        69M       2.3M       348K       4.6M
-/+ buffers/cache:       917M        74M
Swap:         8.0G       298M       7.7G

             total       used       free     shared    buffers     cached
Mem:          992M       925M        66M       2.3M       356K       4.5M
-/+ buffers/cache:       920M        71M
Swap:         8.0G       298M       7.7G

             total       used       free     shared    buffers     cached
Mem:          992M       919M        72M       2.3M        76K        20M
-/+ buffers/cache:       899M        93M
Swap:         8.0G       327M       7.7G

             total       used       free     shared    buffers     cached
Mem:          992M       918M        73M       2.1M       228K        22M
-/+ buffers/cache:       895M        96M
Swap:         8.0G       343M       7.7G

             total       used       free     shared    buffers     cached
Mem:          992M       923M        69M       2.1M       548K        22M
-/+ buffers/cache:       899M        92M
Swap:         8.0G       343M       7.7G

             total       used       free     shared    buffers     cached
Mem:          992M       926M        65M       2.1M       548K        22M
-/+ buffers/cache:       903M        88M
Swap:         8.0G       343M       7.7G

             total       used       free     shared    buffers     cached
Mem:          992M       929M        62M       2.1M       556K        22M
-/+ buffers/cache:       906M        86M
Swap:         8.0G       343M       7.7G

             total       used       free     shared    buffers     cached
Mem:          992M       926M        65M        16K       532K        19M
-/+ buffers/cache:       906M        85M
Swap:         8.0G       349M       7.7G

             total       used       free     shared    buffers     cached
Mem:          992M       920M        71M         4K       508K        11M
-/+ buffers/cache:       908M        83M
Swap:         8.0G       337M       7.7G

             total       used       free     shared    buffers     cached
Mem:          992M       920M        71M         4K       224K       3.3M
-/+ buffers/cache:       916M        75M
Swap:         8.0G       328M       7.7G

             total       used       free     shared    buffers     cached
Mem:          992M       920M        71M         4K       232K       2.3M
-/+ buffers/cache:       917M        74M
Swap:         8.0G       329M       7.7G

             total       used       free     shared    buffers     cached
Mem:          992M       925M        66M         4K       240K       2.0M
-/+ buffers/cache:       923M        68M
Swap:         8.0G       322M       7.7G

             total       used       free     shared    buffers     cached
Mem:          992M       920M        71M         0B       212K       1.9M
-/+ buffers/cache:       918M        73M
Swap:         8.0G       336M       7.7G

             total       used       free     shared    buffers     cached
Mem:          992M       920M        72M         0B       116K       1.7M
-/+ buffers/cache:       918M        73M
Swap:         8.0G       330M       7.7G

             total       used       free     shared    buffers     cached
Mem:          992M       920M        71M         0B       116K       1.6M
-/+ buffers/cache:       918M        73M
Swap:         8.0G       336M       7.7G

             total       used       free     shared    buffers     cached
Mem:          992M       916M        75M         0B       116K       1.5M
-/+ buffers/cache:       915M        77M
Swap:         8.0G       349M       7.7G

             total       used       free     shared    buffers     cached
Mem:          992M       919M        73M         0B       116K       1.6M
-/+ buffers/cache:       917M        74M
Swap:         8.0G       346M       7.7G

             total       used       free     shared    buffers     cached
Mem:          992M       920M        71M         0B       108K       1.6M
-/+ buffers/cache:       919M        72M
Swap:         8.0G       335M       7.7G

             total       used       free     shared    buffers     cached
Mem:          992M       922M        69M         0B        80K       1.5M
-/+ buffers/cache:       921M        71M
Swap:         8.0G       342M       7.7G

             total       used       free     shared    buffers     cached
Mem:          992M       922M        69M         0B        80K       1.5M
-/+ buffers/cache:       921M        71M
Swap:         8.0G       345M       7.7G

             total       used       free     shared    buffers     cached
Mem:          992M       920M        72M         0B        80K       1.5M
-/+ buffers/cache:       918M        73M
Swap:         8.0G       350M       7.7G

             total       used       free     shared    buffers     cached
Mem:          992M       920M        71M         0B        80K       1.5M
-/+ buffers/cache:       919M        73M
Swap:         8.0G       349M       7.7G

             total       used       free     shared    buffers     cached
Mem:          992M       920M        71M         0B        84K       1.5M
-/+ buffers/cache:       919M        72M
Swap:         8.0G       349M       7.7G

             total       used       free     shared    buffers     cached
Mem:          992M       921M        70M         0B        88K       1.5M
-/+ buffers/cache:       920M        71M
Swap:         8.0G       349M       7.7G

             total       used       free     shared    buffers     cached
Mem:          992M       923M        69M         0B        88K       1.9M
-/+ buffers/cache:       921M        71M
Swap:         8.0G       347M       7.7G

             total       used       free     shared    buffers     cached
Mem:          992M       928M        63M         0B        88K       1.9M
-/+ buffers/cache:       926M        65M
Swap:         8.0G       345M       7.7G

             total       used       free     shared    buffers     cached
Mem:          992M       919M        72M         0B        84K       1.9M
-/+ buffers/cache:       917M        74M
Swap:         8.0G       370M       7.6G

             total       used       free     shared    buffers     cached
Mem:          992M       926M        65M         0B       224K       1.9M
-/+ buffers/cache:       924M        67M
Swap:         8.0G       370M       7.6G

             total       used       free     shared    buffers     cached
Mem:          992M       922M        70M         0B       224K       1.9M
-/+ buffers/cache:       919M        72M
Swap:         8.0G       370M       7.6G

             total       used       free     shared    buffers     cached
Mem:          992M       928M        63M         0B       224K       1.9M
-/+ buffers/cache:       926M        65M
Swap:         8.0G       370M       7.6G

             total       used       free     shared    buffers     cached
Mem:          992M       917M        74M         0B       212K       1.9M
-/+ buffers/cache:       915M        77M
Swap:         8.0G       389M       7.6G

             total       used       free     shared    buffers     cached
Mem:          992M       922M        69M         0B       216K       1.9M
-/+ buffers/cache:       920M        72M
Swap:         8.0G       389M       7.6G

             total       used       free     shared    buffers     cached
Mem:          992M       926M        66M         0B       348K       2.6M
-/+ buffers/cache:       923M        69M
Swap:         8.0G       387M       7.6G

             total       used       free     shared    buffers     cached
Mem:          992M       928M        63M         0B       356K       2.6M
-/+ buffers/cache:       925M        66M
Swap:         8.0G       386M       7.6G

             total       used       free     shared    buffers     cached
Mem:          992M       928M        63M         0B       356K       2.8M
-/+ buffers/cache:       925M        67M
Swap:         8.0G       387M       7.6G

             total       used       free     shared    buffers     cached
Mem:          992M       921M        70M         0B       356K       2.8M
-/+ buffers/cache:       918M        74M
Swap:         8.0G       399M       7.6G

             total       used       free     shared    buffers     cached
Mem:          992M       923M        68M         0B       356K       2.8M
-/+ buffers/cache:       920M        71M
Swap:         8.0G       398M       7.6G

             total       used       free     shared    buffers     cached
Mem:          992M       925M        66M         0B       356K       2.8M
-/+ buffers/cache:       922M        69M
Swap:         8.0G       397M       7.6G

             total       used       free     shared    buffers     cached
Mem:          992M       928M        63M         0B       364K       2.8M
-/+ buffers/cache:       925M        66M
Swap:         8.0G       396M       7.6G

             total       used       free     shared    buffers     cached
Mem:          992M       931M        61M         0B       364K       2.8M
-/+ buffers/cache:       927M        64M
Swap:         8.0G       395M       7.6G

             total       used       free     shared    buffers     cached
Mem:          992M       915M        76M         0B       344K       2.6M
-/+ buffers/cache:       912M        79M
Swap:         8.0G       409M       7.6G

             total       used       free     shared    buffers     cached
Mem:          992M       917M        75M         0B       344K       2.6M
-/+ buffers/cache:       914M        77M
Swap:         8.0G       408M       7.6G

             total       used       free     shared    buffers     cached
Mem:          992M       919M        72M         0B       344K       2.6M
-/+ buffers/cache:       916M        75M
Swap:         8.0G       407M       7.6G

             total       used       free     shared    buffers     cached
Mem:          992M       922M        69M         0B       352K       2.8M
-/+ buffers/cache:       919M        72M
Swap:         8.0G       406M       7.6G

             total       used       free     shared    buffers     cached
Mem:          992M       924M        67M         0B       352K       2.8M
-/+ buffers/cache:       921M        70M
Swap:         8.0G       405M       7.6G

             total       used       free     shared    buffers     cached
Mem:          992M       927M        65M         0B       352K       2.8M
-/+ buffers/cache:       923M        68M
Swap:         8.0G       404M       7.6G

             total       used       free     shared    buffers     cached
Mem:          992M       929M        62M         0B       352K       2.7M
-/+ buffers/cache:       926M        65M
Swap:         8.0G       402M       7.6G

             total       used       free     shared    buffers     cached
Mem:          992M       916M        75M         0B       352K       2.7M
-/+ buffers/cache:       913M        78M
Swap:         8.0G       413M       7.6G

             total       used       free     shared    buffers     cached
Mem:          992M       919M        72M         0B       352K       2.7M
-/+ buffers/cache:       916M        75M
Swap:         8.0G       412M       7.6G

             total       used       free     shared    buffers     cached
Mem:          992M       921M        70M         0B       360K       2.7M
-/+ buffers/cache:       918M        73M
Swap:         8.0G       411M       7.6G

             total       used       free     shared    buffers     cached
Mem:          992M       924M        67M         0B       360K       2.7M
-/+ buffers/cache:       921M        70M
Swap:         8.0G       409M       7.6G

             total       used       free     shared    buffers     cached
Mem:          992M       927M        64M         0B       360K       2.7M
-/+ buffers/cache:       924M        67M
Swap:         8.0G       408M       7.6G

             total       used       free     shared    buffers     cached
Mem:          992M       930M        62M         0B       360K       2.7M
-/+ buffers/cache:       926M        65M
Swap:         8.0G       407M       7.6G

             total       used       free     shared    buffers     cached
Mem:          992M       915M        76M         0B       360K       2.7M
-/+ buffers/cache:       912M        79M
Swap:         8.0G       425M       7.6G

             total       used       free     shared    buffers     cached
Mem:          992M       918M        74M         0B       368K       2.7M
-/+ buffers/cache:       915M        77M
Swap:         8.0G       424M       7.6G

             total       used       free     shared    buffers     cached
Mem:          992M       920M        71M         0B       368K       2.7M
-/+ buffers/cache:       917M        74M
Swap:         8.0G       422M       7.6G

             total       used       free     shared    buffers     cached
Mem:          992M       923M        68M         0B       368K       2.7M
-/+ buffers/cache:       920M        71M
Swap:         8.0G       421M       7.6G

             total       used       free     shared    buffers     cached
Mem:          992M       926M        66M         0B       368K       2.7M
-/+ buffers/cache:       923M        69M
Swap:         8.0G       420M       7.6G

             total       used       free     shared    buffers     cached
Mem:          992M       928M        63M         0B       368K       2.7M
-/+ buffers/cache:       925M        66M
Swap:         8.0G       419M       7.6G

             total       used       free     shared    buffers     cached
Mem:          992M       918M        73M         0B       376K       2.7M
-/+ buffers/cache:       915M        76M
Swap:         8.0G       426M       7.6G

             total       used       free     shared    buffers     cached
Mem:          992M       920M        71M         0B       376K       2.7M
-/+ buffers/cache:       917M        74M
Swap:         8.0G       425M       7.6G

             total       used       free     shared    buffers     cached
Mem:          992M       922M        69M         0B       376K       2.7M
-/+ buffers/cache:       919M        72M
Swap:         8.0G       423M       7.6G

             total       used       free     shared    buffers     cached
Mem:          992M       914M        77M         0B        76K        20M
-/+ buffers/cache:       894M        98M
Swap:         8.0G       457M       7.6G

             total       used       free     shared    buffers     cached
Mem:          992M       917M        74M         0B       548K        20M
-/+ buffers/cache:       896M        95M
Swap:         8.0G       456M       7.6G

             total       used       free     shared    buffers     cached
Mem:          992M       919M        72M         0B       552K        21M
-/+ buffers/cache:       898M        93M
Swap:         8.0G       455M       7.6G

             total       used       free     shared    buffers     cached
Mem:          992M       921M        70M         0B       564K        21M
-/+ buffers/cache:       899M        92M
Swap:         8.0G       455M       7.6G

             total       used       free     shared    buffers     cached
Mem:          992M       923M        68M         0B       572K        21M
-/+ buffers/cache:       901M        90M
Swap:         8.0G       454M       7.6G

             total       used       free     shared    buffers     cached
Mem:          992M       926M        66M         0B       572K        21M
-/+ buffers/cache:       904M        87M
Swap:         8.0G       453M       7.6G

             total       used       free     shared    buffers     cached
Mem:          992M       928M        63M         0B       572K        21M
-/+ buffers/cache:       906M        85M
Swap:         8.0G       452M       7.6G

             total       used       free     shared    buffers     cached
Mem:          992M       930M        61M         0B       572K        21M
-/+ buffers/cache:       909M        83M
Swap:         8.0G       451M       7.6G

             total       used       free     shared    buffers     cached
Mem:          992M       918M        73M         0B       580K        20M
-/+ buffers/cache:       897M        94M
Swap:         8.0G       461M       7.5G

             total       used       free     shared    buffers     cached
Mem:          992M       920M        71M         0B       580K        20M
-/+ buffers/cache:       899M        92M
Swap:         8.0G       460M       7.5G

             total       used       free     shared    buffers     cached
Mem:          992M       923M        68M         0B       580K        20M
-/+ buffers/cache:       902M        90M
Swap:         8.0G       459M       7.5G

             total       used       free     shared    buffers     cached
Mem:          992M       926M        65M         0B       580K        20M
-/+ buffers/cache:       904M        87M
Swap:         8.0G       458M       7.5G

             total       used       free     shared    buffers     cached
Mem:          992M       928M        63M         0B       580K        20M
-/+ buffers/cache:       907M        84M
Swap:         8.0G       457M       7.6G

             total       used       free     shared    buffers     cached
Mem:          992M       917M        74M         0B       588K        20M
-/+ buffers/cache:       896M        95M
Swap:         8.0G       465M       7.5G

             total       used       free     shared    buffers     cached
Mem:          992M       919M        72M         0B       588K        20M
-/+ buffers/cache:       898M        93M
Swap:         8.0G       464M       7.5G

             total       used       free     shared    buffers     cached
Mem:          992M       921M        70M         0B       588K        20M
-/+ buffers/cache:       900M        91M
Swap:         8.0G       463M       7.5G

             total       used       free     shared    buffers     cached
Mem:          992M       923M        68M         0B       588K        20M
-/+ buffers/cache:       902M        89M
Swap:         8.0G       462M       7.5G

             total       used       free     shared    buffers     cached
Mem:          992M       926M        66M         0B       588K        20M
-/+ buffers/cache:       905M        86M
Swap:         8.0G       461M       7.5G

             total       used       free     shared    buffers     cached
Mem:          992M       928M        63M         0B       588K        20M
-/+ buffers/cache:       908M        84M
Swap:         8.0G       460M       7.5G

             total       used       free     shared    buffers     cached
Mem:          992M       931M        60M         0B       596K        20M
-/+ buffers/cache:       910M        81M
Swap:         8.0G       459M       7.5G

             total       used       free     shared    buffers     cached
Mem:          992M       915M        76M         0B       888K        20M
-/+ buffers/cache:       894M        97M
Swap:         8.0G       484M       7.5G

             total       used       free     shared    buffers     cached
Mem:          992M       927M        64M         0B       1.3M        27M
-/+ buffers/cache:       898M        93M
Swap:         8.0G       482M       7.5G

             total       used       free     shared    buffers     cached
Mem:          992M       914M        78M         0B       1.2M        33M
-/+ buffers/cache:       879M       112M
Swap:         8.0G       492M       7.5G

             total       used       free     shared    buffers     cached
Mem:          992M       915M        76M        16K       1.2M        33M
-/+ buffers/cache:       880M       111M
Swap:         8.0G       491M       7.5G

             total       used       free     shared    buffers     cached
Mem:          992M       916M        75M        16K       1.2M        33M
-/+ buffers/cache:       881M       110M
Swap:         8.0G       491M       7.5G

             total       used       free     shared    buffers     cached
Mem:          992M       917M        74M        16K       1.2M        33M
-/+ buffers/cache:       883M       109M
Swap:         8.0G       490M       7.5G

             total       used       free     shared    buffers     cached
Mem:          992M       919M        73M        16K       1.2M        33M
-/+ buffers/cache:       884M       107M
Swap:         8.0G       489M       7.5G

             total       used       free     shared    buffers     cached
Mem:          992M       920M        71M        16K       1.2M        33M
-/+ buffers/cache:       885M       106M
Swap:         8.0G       489M       7.5G

             total       used       free     shared    buffers     cached
Mem:          992M       921M        70M        16K       1.2M        33M
-/+ buffers/cache:       886M       105M
Swap:         8.0G       488M       7.5G

             total       used       free     shared    buffers     cached
Mem:          992M       922M        69M        16K       1.2M        33M
-/+ buffers/cache:       887M       104M
Swap:         8.0G       488M       7.5G

             total       used       free     shared    buffers     cached
Mem:          992M       925M        66M        16K       1.3M        34M
-/+ buffers/cache:       889M       102M
Swap:         8.0G       487M       7.5G

             total       used       free     shared    buffers     cached
Mem:          992M       926M        65M        16K       1.3M        34M
-/+ buffers/cache:       891M       101M
Swap:         8.0G       486M       7.5G

             total       used       free     shared    buffers     cached
Mem:          992M       927M        64M        16K       1.3M        34M
-/+ buffers/cache:       892M        99M
Swap:         8.0G       486M       7.5G

             total       used       free     shared    buffers     cached
Mem:          992M       929M        63M        16K       1.3M        34M
-/+ buffers/cache:       893M        98M
Swap:         8.0G       485M       7.5G

             total       used       free     shared    buffers     cached
Mem:          992M       930M        61M        16K       1.3M        34M
-/+ buffers/cache:       894M        97M
Swap:         8.0G       484M       7.5G

             total       used       free     shared    buffers     cached
Mem:          992M       909M        82M        16K       1.3M        31M
-/+ buffers/cache:       876M       115M
Swap:         8.0G       504M       7.5G

             total       used       free     shared    buffers     cached
Mem:          992M       910M        81M        16K       1.3M        31M
-/+ buffers/cache:       877M       114M
Swap:         8.0G       503M       7.5G

             total       used       free     shared    buffers     cached
Mem:          992M       911M        80M        16K       1.3M        31M
-/+ buffers/cache:       878M       113M
Swap:         8.0G       503M       7.5G

             total       used       free     shared    buffers     cached
Mem:          992M       913M        78M        16K       1.3M        31M
-/+ buffers/cache:       880M       112M
Swap:         8.0G       502M       7.5G

             total       used       free     shared    buffers     cached
Mem:          992M       914M        77M        16K       1.3M        31M
-/+ buffers/cache:       881M       111M
Swap:         8.0G       502M       7.5G

             total       used       free     shared    buffers     cached
Mem:          992M       915M        76M        16K       1.3M        31M
-/+ buffers/cache:       882M       109M
Swap:         8.0G       501M       7.5G

             total       used       free     shared    buffers     cached
Mem:          992M       917M        74M        16K       1.3M        31M
-/+ buffers/cache:       884M       108M
Swap:         8.0G       501M       7.5G

             total       used       free     shared    buffers     cached
Mem:          992M       918M        73M        16K       1.3M        31M
-/+ buffers/cache:       885M       106M
Swap:         8.0G       500M       7.5G

             total       used       free     shared    buffers     cached
Mem:          992M       920M        72M        16K       1.3M        32M
-/+ buffers/cache:       886M       105M
Swap:         8.0G       499M       7.5G

             total       used       free     shared    buffers     cached
Mem:          992M       921M        70M        16K       1.3M        32M
-/+ buffers/cache:       888M       104M
Swap:         8.0G       499M       7.5G

             total       used       free     shared    buffers     cached
Mem:          992M       922M        69M        16K       1.3M        32M
-/+ buffers/cache:       889M       103M
Swap:         8.0G       498M       7.5G

             total       used       free     shared    buffers     cached
Mem:          992M       923M        68M        16K       1.3M        32M
-/+ buffers/cache:       890M       101M
Swap:         8.0G       498M       7.5G

             total       used       free     shared    buffers     cached
Mem:          992M       924M        67M        16K       1.3M        31M
-/+ buffers/cache:       891M       100M
Swap:         8.0G       497M       7.5G

             total       used       free     shared    buffers     cached
Mem:          992M       925M        66M        16K       1.3M        32M
-/+ buffers/cache:       892M        99M
Swap:         8.0G       496M       7.5G

             total       used       free     shared    buffers     cached
Mem:          992M       927M        65M        16K       1.3M        31M
-/+ buffers/cache:       893M        98M
Swap:         8.0G       496M       7.5G

             total       used       free     shared    buffers     cached
Mem:          992M       928M        63M        16K       1.3M        32M
-/+ buffers/cache:       895M        97M
Swap:         8.0G       495M       7.5G

             total       used       free     shared    buffers     cached
Mem:          992M       929M        62M        16K       1.3M        32M
-/+ buffers/cache:       896M        95M
Swap:         8.0G       494M       7.5G

             total       used       free     shared    buffers     cached
Mem:          992M       930M        61M        16K       1.3M        32M
-/+ buffers/cache:       897M        94M
Swap:         8.0G       494M       7.5G

             total       used       free     shared    buffers     cached
Mem:          992M       919M        72M        16K       1.3M        31M
-/+ buffers/cache:       886M       105M
Swap:         8.0G       504M       7.5G

             total       used       free     shared    buffers     cached
Mem:          992M       921M        71M        16K       1.3M        31M
-/+ buffers/cache:       888M       104M
Swap:         8.0G       504M       7.5G

             total       used       free     shared    buffers     cached
Mem:          992M       922M        69M        16K       1.3M        31M
-/+ buffers/cache:       889M       102M
Swap:         8.0G       503M       7.5G

             total       used       free     shared    buffers     cached
Mem:          992M       923M        68M        16K       1.3M        31M
-/+ buffers/cache:       890M       101M
Swap:         8.0G       503M       7.5G

             total       used       free     shared    buffers     cached
Mem:          992M       924M        67M        16K       1.3M        31M
-/+ buffers/cache:       891M       100M
Swap:         8.0G       502M       7.5G

             total       used       free     shared    buffers     cached
Mem:          992M       925M        66M        16K       1.3M        31M
-/+ buffers/cache:       892M        99M
Swap:         8.0G       501M       7.5G

             total       used       free     shared    buffers     cached
Mem:          992M       926M        65M        16K       1.3M        31M
-/+ buffers/cache:       894M        98M
Swap:         8.0G       501M       7.5G

             total       used       free     shared    buffers     cached
Mem:          992M       920M        71M        16K       1.1M        34M
-/+ buffers/cache:       884M       107M
Swap:         8.0G       512M       7.5G

             total       used       free     shared    buffers     cached
Mem:          992M       921M        70M        16K       1.1M        34M
-/+ buffers/cache:       885M       106M
Swap:         8.0G       512M       7.5G

             total       used       free     shared    buffers     cached
Mem:          992M       922M        69M        16K       1.1M        34M
-/+ buffers/cache:       886M       105M
Swap:         8.0G       511M       7.5G

             total       used       free     shared    buffers     cached
Mem:          992M       924M        68M        16K       1.1M        34M
-/+ buffers/cache:       888M       104M
Swap:         8.0G       510M       7.5G

             total       used       free     shared    buffers     cached
Mem:          992M       925M        66M        16K       1.1M        34M
-/+ buffers/cache:       889M       102M
Swap:         8.0G       510M       7.5G

             total       used       free     shared    buffers     cached
Mem:          992M       926M        65M        16K       1.1M        34M
-/+ buffers/cache:       890M       101M
Swap:         8.0G       509M       7.5G

             total       used       free     shared    buffers     cached
Mem:          992M       928M        64M        16K       1.1M        34M
-/+ buffers/cache:       892M       100M
Swap:         8.0G       508M       7.5G

             total       used       free     shared    buffers     cached
Mem:          992M       929M        62M        16K       1.1M        34M
-/+ buffers/cache:       893M        98M
Swap:         8.0G       508M       7.5G

             total       used       free     shared    buffers     cached
Mem:          992M       931M        61M        16K       1.1M        34M
-/+ buffers/cache:       895M        97M
Swap:         8.0G       507M       7.5G

             total       used       free     shared    buffers     cached
Mem:          992M       919M        72M        16K       840K        34M
-/+ buffers/cache:       884M       108M
Swap:         8.0G       508M       7.5G

             total       used       free     shared    buffers     cached
Mem:          992M       920M        71M        16K       840K        34M
-/+ buffers/cache:       885M       106M
Swap:         8.0G       507M       7.5G

             total       used       free     shared    buffers     cached
Mem:          992M       921M        70M        16K       840K        34M
-/+ buffers/cache:       886M       105M
Swap:         8.0G       507M       7.5G

             total       used       free     shared    buffers     cached
Mem:          992M       922M        69M        16K       840K        34M
-/+ buffers/cache:       887M       104M
Swap:         8.0G       506M       7.5G

             total       used       free     shared    buffers     cached
Mem:          992M       924M        67M        16K       840K        34M
-/+ buffers/cache:       889M       102M
Swap:         8.0G       506M       7.5G

             total       used       free     shared    buffers     cached
Mem:          992M       925M        66M        16K       848K        34M
-/+ buffers/cache:       890M       101M
Swap:         8.0G       505M       7.5G

             total       used       free     shared    buffers     cached
Mem:          992M       926M        65M        16K       848K        34M
-/+ buffers/cache:       891M       100M
Swap:         8.0G       504M       7.5G

             total       used       free     shared    buffers     cached
Mem:          992M       928M        64M        16K       848K        34M
-/+ buffers/cache:       893M        99M
Swap:         8.0G       503M       7.5G

             total       used       free     shared    buffers     cached
Mem:          992M       929M        62M        16K       848K        34M
-/+ buffers/cache:       894M        97M
Swap:         8.0G       503M       7.5G

             total       used       free     shared    buffers     cached
Mem:          992M       930M        61M        16K       848K        34M
-/+ buffers/cache:       895M        96M
Swap:         8.0G       502M       7.5G

             total       used       free     shared    buffers     cached
Mem:          992M       916M        75M        16K       832K        31M
-/+ buffers/cache:       884M       107M
Swap:         8.0G       524M       7.5G

             total       used       free     shared    buffers     cached
Mem:          992M       918M        73M        16K       832K        31M
-/+ buffers/cache:       886M       106M
Swap:         8.0G       523M       7.5G

             total       used       free     shared    buffers     cached
Mem:          992M       919M        72M        16K       832K        31M
-/+ buffers/cache:       887M       104M
Swap:         8.0G       523M       7.5G

             total       used       free     shared    buffers     cached
Mem:          992M       920M        71M        16K       832K        31M
-/+ buffers/cache:       888M       103M
Swap:         8.0G       522M       7.5G

             total       used       free     shared    buffers     cached
Mem:          992M       922M        69M        16K       832K        31M
-/+ buffers/cache:       890M       102M
Swap:         8.0G       521M       7.5G

             total       used       free     shared    buffers     cached
Mem:          992M       924M        68M        16K       832K        31M
-/+ buffers/cache:       891M       100M
Swap:         8.0G       520M       7.5G

             total       used       free     shared    buffers     cached
Mem:          992M       925M        66M        16K       840K        31M
-/+ buffers/cache:       892M        99M
Swap:         8.0G       520M       7.5G

             total       used       free     shared    buffers     cached
Mem:          992M       926M        65M        16K       840K        31M
-/+ buffers/cache:       893M        98M
Swap:         8.0G       519M       7.5G

             total       used       free     shared    buffers     cached
Mem:          992M       929M        63M        16K       976K        32M
-/+ buffers/cache:       895M        96M
Swap:         8.0G       518M       7.5G

             total       used       free     shared    buffers     cached
Mem:          992M       930M        61M        20K       976K        32M
-/+ buffers/cache:       897M        95M
Swap:         8.0G       517M       7.5G

             total       used       free     shared    buffers     cached
Mem:          992M       917M        75M        20K       976K        31M
-/+ buffers/cache:       884M       108M
Swap:         8.0G       517M       7.5G

             total       used       free     shared    buffers     cached
Mem:          992M       924M        67M        20K       984K        33M
-/+ buffers/cache:       889M       102M
Swap:         8.0G       514M       7.5G

             total       used       free     shared    buffers     cached
Mem:          992M       925M        66M        20K       984K        33M
-/+ buffers/cache:       891M       100M
Swap:         8.0G       513M       7.5G

             total       used       free     shared    buffers     cached
Mem:          992M       927M        64M        20K       984K        33M
-/+ buffers/cache:       892M        99M
Swap:         8.0G       512M       7.5G

             total       used       free     shared    buffers     cached
Mem:          992M       915M        76M        20K       272K        31M
-/+ buffers/cache:       883M       108M
Swap:         8.0G       529M       7.5G

             total       used       free     shared    buffers     cached
Mem:          992M       915M        76M        20K       272K        31M
-/+ buffers/cache:       884M       108M
Swap:         8.0G       529M       7.5G

             total       used       free     shared    buffers     cached
Mem:          992M       916M        75M        20K       272K        31M
-/+ buffers/cache:       884M       107M
Swap:         8.0G       529M       7.5G

             total       used       free     shared    buffers     cached
Mem:          992M       917M        75M        20K       280K        31M
-/+ buffers/cache:       885M       107M
Swap:         8.0G       528M       7.5G

             total       used       free     shared    buffers     cached
Mem:          992M       917M        74M        20K       280K        31M
-/+ buffers/cache:       885M       106M
Swap:         8.0G       528M       7.5G

             total       used       free     shared    buffers     cached
Mem:          992M       918M        73M        20K       280K        31M
-/+ buffers/cache:       886M       105M
Swap:         8.0G       527M       7.5G

             total       used       free     shared    buffers     cached
Mem:          992M       919M        72M        20K       280K        31M
-/+ buffers/cache:       887M       104M
Swap:         8.0G       527M       7.5G

             total       used       free     shared    buffers     cached
Mem:          992M       920M        72M        20K       280K        31M
-/+ buffers/cache:       888M       104M
Swap:         8.0G       527M       7.5G

             total       used       free     shared    buffers     cached
Mem:          992M       920M        71M        20K       288K        31M
-/+ buffers/cache:       888M       103M
Swap:         8.0G       526M       7.5G

             total       used       free     shared    buffers     cached
Mem:          992M       921M        70M        20K       288K        31M
-/+ buffers/cache:       889M       102M
Swap:         8.0G       526M       7.5G

             total       used       free     shared    buffers     cached
Mem:          992M       922M        69M        20K       288K        31M
-/+ buffers/cache:       890M       101M
Swap:         8.0G       526M       7.5G

             total       used       free     shared    buffers     cached
Mem:          992M       922M        69M       204K       2.8M        45M
-/+ buffers/cache:       873M       118M
Swap:         8.0G       552M       7.5G

             total       used       free     shared    buffers     cached
Mem:          992M       923M        68M       3.9M       5.0M        58M
-/+ buffers/cache:       859M       132M
Swap:         8.0G       561M       7.4G

             total       used       free     shared    buffers     cached
Mem:          992M       927M        64M       236K       4.8M        63M
-/+ buffers/cache:       858M       133M
Swap:         8.0G       567M       7.4G

             total       used       free     shared    buffers     cached
Mem:          992M       921M        71M       280K       4.0M        61M
-/+ buffers/cache:       855M       137M
Swap:         8.0G       581M       7.4G

             total       used       free     shared    buffers     cached
Mem:          992M       922M        69M       264K       4.0M        61M
-/+ buffers/cache:       856M       135M
Swap:         8.0G       581M       7.4G

             total       used       free     shared    buffers     cached
Mem:          992M       923M        68M       264K       4.0M        61M
-/+ buffers/cache:       857M       134M
Swap:         8.0G       580M       7.4G

             total       used       free     shared    buffers     cached
Mem:          992M       925M        66M       264K       4.1M        62M
-/+ buffers/cache:       858M       133M
Swap:         8.0G       580M       7.4G

             total       used       free     shared    buffers     cached
Mem:          992M       927M        64M       264K       4.1M        62M
-/+ buffers/cache:       860M       131M
Swap:         8.0G       579M       7.4G

             total       used       free     shared    buffers     cached
Mem:          992M       928M        63M       264K       4.1M        62M
-/+ buffers/cache:       861M       130M
Swap:         8.0G       578M       7.4G

             total       used       free     shared    buffers     cached
Mem:          992M       929M        62M       264K       4.1M        62M
-/+ buffers/cache:       862M       129M
Swap:         8.0G       578M       7.4G

             total       used       free     shared    buffers     cached
Mem:          992M       931M        61M       264K       4.1M        62M
-/+ buffers/cache:       864M       128M
Swap:         8.0G       577M       7.4G

             total       used       free     shared    buffers     cached
Mem:          992M       919M        72M       264K       4.1M        62M
-/+ buffers/cache:       852M       139M
Swap:         8.0G       576M       7.4G

             total       used       free     shared    buffers     cached
Mem:          992M       920M        71M       264K       4.1M        62M
-/+ buffers/cache:       853M       138M
Swap:         8.0G       576M       7.4G

             total       used       free     shared    buffers     cached
Mem:          992M       921M        70M       264K       4.1M        62M
-/+ buffers/cache:       855M       137M
Swap:         8.0G       575M       7.4G

             total       used       free     shared    buffers     cached
Mem:          992M       923M        69M       264K       4.1M        62M
-/+ buffers/cache:       856M       135M
Swap:         8.0G       575M       7.4G

             total       used       free     shared    buffers     cached
Mem:          992M       925M        67M       264K       4.1M        63M
-/+ buffers/cache:       857M       134M
Swap:         8.0G       574M       7.4G

             total       used       free     shared    buffers     cached
Mem:          992M       926M        65M       264K       4.1M        63M
-/+ buffers/cache:       859M       132M
Swap:         8.0G       574M       7.4G

             total       used       free     shared    buffers     cached
Mem:          992M       928M        64M       264K       4.1M        63M
-/+ buffers/cache:       860M       131M
Swap:         8.0G       573M       7.4G

             total       used       free     shared    buffers     cached
Mem:          992M       929M        62M       264K       4.1M        63M
-/+ buffers/cache:       861M       130M
Swap:         8.0G       573M       7.4G

             total       used       free     shared    buffers     cached
Mem:          992M       931M        61M       264K       4.1M        63M
-/+ buffers/cache:       863M       128M
Swap:         8.0G       572M       7.4G

             total       used       free     shared    buffers     cached
Mem:          992M       906M        85M       264K       4.1M        60M
-/+ buffers/cache:       842M       150M
Swap:         8.0G       591M       7.4G

             total       used       free     shared    buffers     cached
Mem:          992M       908M        83M       264K       4.1M        60M
-/+ buffers/cache:       843M       148M
Swap:         8.0G       590M       7.4G

             total       used       free     shared    buffers     cached
Mem:          992M       909M        82M       264K       4.1M        60M
-/+ buffers/cache:       844M       147M
Swap:         8.0G       589M       7.4G

             total       used       free     shared    buffers     cached
Mem:          992M       910M        81M       264K       4.1M        60M
-/+ buffers/cache:       845M       146M
Swap:         8.0G       589M       7.4G

             total       used       free     shared    buffers     cached
Mem:          992M       911M        80M       264K       4.1M        60M
-/+ buffers/cache:       846M       145M
Swap:         8.0G       588M       7.4G

             total       used       free     shared    buffers     cached
Mem:          992M       913M        79M       264K       4.1M        60M
-/+ buffers/cache:       848M       143M
Swap:         8.0G       588M       7.4G

             total       used       free     shared    buffers     cached
Mem:          992M       914M        77M       264K       4.1M        60M
-/+ buffers/cache:       849M       142M
Swap:         8.0G       587M       7.4G

             total       used       free     shared    buffers     cached
Mem:          992M       915M        76M       264K       4.1M        60M
-/+ buffers/cache:       851M       141M
Swap:         8.0G       586M       7.4G

             total       used       free     shared    buffers     cached
Mem:          992M       916M        75M       264K       4.1M        60M
-/+ buffers/cache:       852M       139M
Swap:         8.0G       586M       7.4G

             total       used       free     shared    buffers     cached
Mem:          992M       918M        74M       264K       4.1M        60M
-/+ buffers/cache:       853M       138M
Swap:         8.0G       585M       7.4G

             total       used       free     shared    buffers     cached
Mem:          992M       919M        72M       264K       4.1M        60M
-/+ buffers/cache:       854M       137M
Swap:         8.0G       585M       7.4G

             total       used       free     shared    buffers     cached
Mem:          992M       920M        71M       264K       4.1M        60M
-/+ buffers/cache:       855M       136M
Swap:         8.0G       584M       7.4G

             total       used       free     shared    buffers     cached
Mem:          992M       922M        70M       264K       4.1M        60M
-/+ buffers/cache:       857M       134M
Swap:         8.0G       584M       7.4G

             total       used       free     shared    buffers     cached
Mem:          992M       923M        68M       264K       4.1M        60M
-/+ buffers/cache:       858M       133M
Swap:         8.0G       583M       7.4G

             total       used       free     shared    buffers     cached
Mem:          992M       931M        61M       264K       5.2M        64M
-/+ buffers/cache:       861M       130M
Swap:         8.0G       582M       7.4G

             total       used       free     shared    buffers     cached
Mem:          992M       914M        77M       312K       8.8M        71M
-/+ buffers/cache:       834M       157M
Swap:         8.0G       610M       7.4G
