             total       used       free     shared    buffers     cached
Mem:          992M       661M       330M       3.2M        38M       289M
-/+ buffers/cache:       333M       658M
Swap:         8.0G         0B       8.0G

             total       used       free     shared    buffers     cached
Mem:          992M       661M       330M       3.2M        38M       290M
-/+ buffers/cache:       332M       659M
Swap:         8.0G         0B       8.0G

             total       used       free     shared    buffers     cached
Mem:          992M       661M       330M       3.2M        38M       289M
-/+ buffers/cache:       332M       659M
Swap:         8.0G         0B       8.0G

             total       used       free     shared    buffers     cached
Mem:          992M       661M       330M       3.2M        38M       289M
-/+ buffers/cache:       332M       659M
Swap:         8.0G         0B       8.0G

             total       used       free     shared    buffers     cached
Mem:          992M       661M       330M       3.2M        38M       289M
-/+ buffers/cache:       332M       659M
Swap:         8.0G         0B       8.0G

             total       used       free     shared    buffers     cached
Mem:          992M       661M       330M       3.2M        38M       289M
-/+ buffers/cache:       332M       659M
Swap:         8.0G         0B       8.0G

             total       used       free     shared    buffers     cached
Mem:          992M       661M       330M       3.2M        38M       289M
-/+ buffers/cache:       332M       659M
Swap:         8.0G         0B       8.0G

             total       used       free     shared    buffers     cached
Mem:          992M       660M       331M       3.2M        38M       289M
-/+ buffers/cache:       332M       660M
Swap:         8.0G         0B       8.0G

             total       used       free     shared    buffers     cached
Mem:          992M       660M       331M       3.2M        38M       290M
-/+ buffers/cache:       331M       660M
Swap:         8.0G         0B       8.0G

             total       used       free     shared    buffers     cached
Mem:          992M       660M       331M       3.2M        38M       290M
-/+ buffers/cache:       331M       660M
Swap:         8.0G         0B       8.0G

             total       used       free     shared    buffers     cached
Mem:          992M       664M       328M       3.2M        38M       290M
-/+ buffers/cache:       335M       657M
Swap:         8.0G         0B       8.0G

             total       used       free     shared    buffers     cached
Mem:          992M       687M       304M       3.2M        38M       290M
-/+ buffers/cache:       358M       633M
Swap:         8.0G         0B       8.0G

             total       used       free     shared    buffers     cached
Mem:          992M       708M       283M       3.2M        38M       290M
-/+ buffers/cache:       379M       612M
Swap:         8.0G         0B       8.0G

             total       used       free     shared    buffers     cached
Mem:          992M       669M       322M       3.2M        38M       291M
-/+ buffers/cache:       339M       652M
Swap:         8.0G         0B       8.0G

             total       used       free     shared    buffers     cached
Mem:          992M       670M       321M       3.2M        38M       291M
-/+ buffers/cache:       339M       652M
Swap:         8.0G         0B       8.0G

             total       used       free     shared    buffers     cached
Mem:          992M       670M       321M       3.2M        38M       291M
-/+ buffers/cache:       339M       652M
Swap:         8.0G         0B       8.0G

             total       used       free     shared    buffers     cached
Mem:          992M       670M       321M       3.2M        38M       291M
-/+ buffers/cache:       339M       652M
Swap:         8.0G         0B       8.0G

             total       used       free     shared    buffers     cached
Mem:          992M       670M       321M       3.2M        38M       291M
-/+ buffers/cache:       339M       652M
Swap:         8.0G         0B       8.0G

             total       used       free     shared    buffers     cached
Mem:          992M       670M       321M       3.2M        38M       291M
-/+ buffers/cache:       339M       652M
Swap:         8.0G         0B       8.0G

             total       used       free     shared    buffers     cached
Mem:          992M       670M       321M       3.2M        38M       291M
-/+ buffers/cache:       339M       652M
Swap:         8.0G         0B       8.0G

             total       used       free     shared    buffers     cached
Mem:          992M       670M       321M       3.2M        38M       291M
-/+ buffers/cache:       339M       652M
Swap:         8.0G         0B       8.0G

             total       used       free     shared    buffers     cached
Mem:          992M       670M       321M       3.2M        38M       291M
-/+ buffers/cache:       340M       652M
Swap:         8.0G         0B       8.0G

             total       used       free     shared    buffers     cached
Mem:          992M       670M       321M       3.2M        38M       291M
-/+ buffers/cache:       340M       652M
Swap:         8.0G         0B       8.0G

             total       used       free     shared    buffers     cached
Mem:          992M       670M       321M       3.2M        38M       291M
-/+ buffers/cache:       340M       652M
Swap:         8.0G         0B       8.0G

             total       used       free     shared    buffers     cached
Mem:          992M       670M       321M       3.2M        38M       291M
-/+ buffers/cache:       340M       652M
Swap:         8.0G         0B       8.0G

             total       used       free     shared    buffers     cached
Mem:          992M       670M       321M       3.2M        38M       291M
-/+ buffers/cache:       340M       652M
Swap:         8.0G         0B       8.0G

             total       used       free     shared    buffers     cached
Mem:          992M       670M       321M       3.2M        38M       291M
-/+ buffers/cache:       340M       652M
Swap:         8.0G         0B       8.0G

             total       used       free     shared    buffers     cached
Mem:          992M       670M       321M       3.2M        38M       291M
-/+ buffers/cache:       340M       652M
Swap:         8.0G         0B       8.0G

             total       used       free     shared    buffers     cached
Mem:          992M       670M       321M       3.2M        38M       291M
-/+ buffers/cache:       340M       652M
Swap:         8.0G         0B       8.0G

             total       used       free     shared    buffers     cached
Mem:          992M       670M       321M       3.2M        38M       291M
-/+ buffers/cache:       340M       652M
Swap:         8.0G         0B       8.0G

             total       used       free     shared    buffers     cached
Mem:          992M       670M       321M       3.2M        38M       291M
-/+ buffers/cache:       340M       652M
Swap:         8.0G         0B       8.0G

             total       used       free     shared    buffers     cached
Mem:          992M       670M       321M       3.2M        38M       291M
-/+ buffers/cache:       340M       652M
Swap:         8.0G         0B       8.0G

             total       used       free     shared    buffers     cached
Mem:          992M       670M       321M       3.2M        38M       291M
-/+ buffers/cache:       340M       652M
Swap:         8.0G         0B       8.0G

             total       used       free     shared    buffers     cached
Mem:          992M       675M       316M       3.2M        38M       291M
-/+ buffers/cache:       345M       647M
Swap:         8.0G         0B       8.0G

             total       used       free     shared    buffers     cached
Mem:          992M       691M       300M       3.2M        38M       291M
-/+ buffers/cache:       361M       631M
Swap:         8.0G         0B       8.0G

             total       used       free     shared    buffers     cached
Mem:          992M       707M       284M       3.2M        38M       291M
-/+ buffers/cache:       377M       615M
Swap:         8.0G         0B       8.0G

             total       used       free     shared    buffers     cached
Mem:          992M       722M       269M       3.2M        38M       291M
-/+ buffers/cache:       392M       599M
Swap:         8.0G         0B       8.0G

             total       used       free     shared    buffers     cached
Mem:          992M       738M       253M       3.2M        38M       291M
-/+ buffers/cache:       407M       584M
Swap:         8.0G         0B       8.0G

             total       used       free     shared    buffers     cached
Mem:          992M       754M       238M       3.2M        38M       291M
-/+ buffers/cache:       423M       568M
Swap:         8.0G         0B       8.0G

             total       used       free     shared    buffers     cached
Mem:          992M       769M       223M       3.2M        38M       291M
-/+ buffers/cache:       438M       553M
Swap:         8.0G         0B       8.0G

             total       used       free     shared    buffers     cached
Mem:          992M       783M       208M       3.2M        38M       291M
-/+ buffers/cache:       452M       539M
Swap:         8.0G         0B       8.0G

             total       used       free     shared    buffers     cached
Mem:          992M       796M       195M       3.2M        38M       291M
-/+ buffers/cache:       465M       526M
Swap:         8.0G         0B       8.0G

             total       used       free     shared    buffers     cached
Mem:          992M       812M       179M       3.2M        38M       291M
-/+ buffers/cache:       481M       510M
Swap:         8.0G         0B       8.0G

             total       used       free     shared    buffers     cached
Mem:          992M       829M       162M       3.2M        38M       291M
-/+ buffers/cache:       499M       493M
Swap:         8.0G         0B       8.0G

             total       used       free     shared    buffers     cached
Mem:          992M       845M       146M       3.2M        38M       291M
-/+ buffers/cache:       514M       477M
Swap:         8.0G         0B       8.0G

             total       used       free     shared    buffers     cached
Mem:          992M       860M       131M       3.2M        38M       291M
-/+ buffers/cache:       530M       462M
Swap:         8.0G         0B       8.0G

             total       used       free     shared    buffers     cached
Mem:          992M       874M       117M       3.2M        38M       291M
-/+ buffers/cache:       543M       448M
Swap:         8.0G         0B       8.0G

             total       used       free     shared    buffers     cached
Mem:          992M       888M       103M       3.2M        38M       291M
-/+ buffers/cache:       558M       434M
Swap:         8.0G         0B       8.0G

             total       used       free     shared    buffers     cached
Mem:          992M       901M        90M       3.2M        38M       291M
-/+ buffers/cache:       571M       421M
Swap:         8.0G         0B       8.0G

             total       used       free     shared    buffers     cached
Mem:          992M       916M        75M       3.2M        38M       291M
-/+ buffers/cache:       586M       406M
Swap:         8.0G         0B       8.0G

             total       used       free     shared    buffers     cached
Mem:          992M       930M        61M       3.2M        38M       291M
-/+ buffers/cache:       600M       392M
Swap:         8.0G         0B       8.0G

             total       used       free     shared    buffers     cached
Mem:          992M       931M        61M       3.2M        26M       290M
-/+ buffers/cache:       614M       377M
Swap:         8.0G         0B       8.0G

             total       used       free     shared    buffers     cached
Mem:          992M       924M        67M       3.2M        10M       285M
-/+ buffers/cache:       629M       362M
Swap:         8.0G        24K       8.0G

             total       used       free     shared    buffers     cached
Mem:          992M       922M        69M       3.2M        10M       268M
-/+ buffers/cache:       644M       348M
Swap:         8.0G       140K       8.0G

             total       used       free     shared    buffers     cached
Mem:          992M       915M        76M       3.1M       9.8M       248M
-/+ buffers/cache:       657M       334M
Swap:         8.0G       292K       8.0G

             total       used       free     shared    buffers     cached
Mem:          992M       930M        61M       3.1M       9.8M       248M
-/+ buffers/cache:       672M       319M
Swap:         8.0G       292K       8.0G

             total       used       free     shared    buffers     cached
Mem:          992M       929M        62M       3.0M       9.8M       235M
-/+ buffers/cache:       685M       307M
Swap:         8.0G       3.3M       8.0G

             total       used       free     shared    buffers     cached
Mem:          992M       914M        77M       3.0M       9.8M       210M
-/+ buffers/cache:       694M       297M
Swap:         8.0G       7.3M       8.0G

             total       used       free     shared    buffers     cached
Mem:          992M       927M        64M       3.0M       9.8M       210M
-/+ buffers/cache:       707M       284M
Swap:         8.0G       7.3M       8.0G

             total       used       free     shared    buffers     cached
Mem:          992M       915M        76M       3.0M       1.8M       192M
-/+ buffers/cache:       721M       271M
Swap:         8.0G       7.3M       8.0G

             total       used       free     shared    buffers     cached
Mem:          992M       929M        62M       3.0M       1.8M       192M
-/+ buffers/cache:       735M       257M
Swap:         8.0G       7.3M       8.0G

             total       used       free     shared    buffers     cached
Mem:          992M       930M        61M       3.0M       608K       180M
-/+ buffers/cache:       749M       243M
Swap:         8.0G       7.3M       8.0G

             total       used       free     shared    buffers     cached
Mem:          992M       922M        69M       3.0M       244K       159M
-/+ buffers/cache:       762M       229M
Swap:         8.0G       7.3M       8.0G

             total       used       free     shared    buffers     cached
Mem:          992M       918M        73M       3.0M       244K       141M
-/+ buffers/cache:       777M       214M
Swap:         8.0G       7.3M       8.0G

             total       used       free     shared    buffers     cached
Mem:          992M       926M        65M       3.0M       244K       141M
-/+ buffers/cache:       785M       207M
Swap:         8.0G       7.3M       8.0G

             total       used       free     shared    buffers     cached
Mem:          992M       923M        69M       3.0M        96K       124M
-/+ buffers/cache:       798M       194M
Swap:         8.0G       7.3M       8.0G

             total       used       free     shared    buffers     cached
Mem:          992M       921M        70M       3.0M        96K       110M
-/+ buffers/cache:       811M       181M
Swap:         8.0G       7.3M       8.0G

             total       used       free     shared    buffers     cached
Mem:          992M       919M        72M       3.0M       104K        97M
-/+ buffers/cache:       822M       169M
Swap:         8.0G       7.3M       8.0G

             total       used       free     shared    buffers     cached
Mem:          992M       919M        72M       3.0M       104K        83M
-/+ buffers/cache:       836M       156M
Swap:         8.0G       7.3M       8.0G

             total       used       free     shared    buffers     cached
Mem:          992M       915M        76M       3.0M       252K        67M
-/+ buffers/cache:       847M       144M
Swap:         8.0G       7.3M       8.0G

             total       used       free     shared    buffers     cached
Mem:          992M       919M        72M       3.0M       2.5M        54M
-/+ buffers/cache:       862M       129M
Swap:         8.0G       7.3M       8.0G

             total       used       free     shared    buffers     cached
Mem:          992M       914M        77M       3.0M       2.5M        35M
-/+ buffers/cache:       875M       116M
Swap:         8.0G       7.3M       8.0G

             total       used       free     shared    buffers     cached
Mem:          992M       927M        64M       3.0M       2.5M        36M
-/+ buffers/cache:       888M       103M
Swap:         8.0G       7.3M       8.0G

             total       used       free     shared    buffers     cached
Mem:          992M       924M        67M       3.0M       2.8M        21M
-/+ buffers/cache:       900M        92M
Swap:         8.0G       8.1M       8.0G

             total       used       free     shared    buffers     cached
Mem:          992M       926M        65M       3.0M       328K        12M
-/+ buffers/cache:       913M        78M
Swap:         8.0G       8.1M       8.0G

             total       used       free     shared    buffers     cached
Mem:          992M       922M        69M       2.8M        84K       4.5M
-/+ buffers/cache:       918M        73M
Swap:         8.0G        25M       8.0G

             total       used       free     shared    buffers     cached
Mem:          992M       922M        69M       2.5M        84K       4.1M
-/+ buffers/cache:       918M        73M
Swap:         8.0G        41M       8.0G

             total       used       free     shared    buffers     cached
Mem:          992M       920M        71M       2.5M        92K       4.2M
-/+ buffers/cache:       916M        75M
Swap:         8.0G        51M       7.9G

             total       used       free     shared    buffers     cached
Mem:          992M       920M        71M       2.5M        92K       4.4M
-/+ buffers/cache:       916M        75M
Swap:         8.0G        74M       7.9G

             total       used       free     shared    buffers     cached
Mem:          992M       919M        72M       2.4M        92K       4.5M
-/+ buffers/cache:       914M        77M
Swap:         8.0G        74M       7.9G

             total       used       free     shared    buffers     cached
Mem:          992M       919M        72M       2.4M        92K       4.7M
-/+ buffers/cache:       914M        77M
Swap:         8.0G        94M       7.9G

             total       used       free     shared    buffers     cached
Mem:          992M       912M        79M       2.4M        92K       4.6M
-/+ buffers/cache:       908M        84M
Swap:         8.0G       118M       7.9G

             total       used       free     shared    buffers     cached
Mem:          992M       924M        67M       2.4M       100K       4.8M
-/+ buffers/cache:       919M        72M
Swap:         8.0G       118M       7.9G

             total       used       free     shared    buffers     cached
Mem:          992M       919M        72M       2.4M        84K        22M
-/+ buffers/cache:       897M        95M
Swap:         8.0G       151M       7.8G

             total       used       free     shared    buffers     cached
Mem:          992M       917M        74M       2.4M       1.7M        24M
-/+ buffers/cache:       891M       100M
Swap:         8.0G       170M       7.8G

             total       used       free     shared    buffers     cached
Mem:          992M       930M        61M       2.4M       1.7M        24M
-/+ buffers/cache:       904M        87M
Swap:         8.0G       170M       7.8G

             total       used       free     shared    buffers     cached
Mem:          992M       930M        61M       2.4M       1.7M        23M
-/+ buffers/cache:       905M        86M
Swap:         8.0G       182M       7.8G

             total       used       free     shared    buffers     cached
Mem:          992M       927M        64M       2.4M       1.7M        22M
-/+ buffers/cache:       904M        88M
Swap:         8.0G       192M       7.8G

             total       used       free     shared    buffers     cached
Mem:          992M       922M        69M       2.4M       1.7M        18M
-/+ buffers/cache:       902M        89M
Swap:         8.0G       211M       7.8G

             total       used       free     shared    buffers     cached
Mem:          992M       912M        79M       2.4M       856K       9.9M
-/+ buffers/cache:       901M        90M
Swap:         8.0G       216M       7.8G

             total       used       free     shared    buffers     cached
Mem:          992M       926M        65M       2.4M       996K       9.9M
-/+ buffers/cache:       915M        76M
Swap:         8.0G       216M       7.8G

             total       used       free     shared    buffers     cached
Mem:          992M       920M        71M       2.4M       268K       6.6M
-/+ buffers/cache:       913M        78M
Swap:         8.0G       228M       7.8G

             total       used       free     shared    buffers     cached
Mem:          992M       928M        63M       2.3M       212K       4.9M
-/+ buffers/cache:       923M        68M
Swap:         8.0G       238M       7.8G

             total       used       free     shared    buffers     cached
Mem:          992M       926M        65M       2.3M       484K       4.8M
-/+ buffers/cache:       921M        71M
Swap:         8.0G       241M       7.8G

             total       used       free     shared    buffers     cached
Mem:          992M       915M        76M       2.3M       464K       4.5M
-/+ buffers/cache:       910M        81M
Swap:         8.0G       266M       7.7G

             total       used       free     shared    buffers     cached
Mem:          992M       921M        70M       2.3M       464K       4.6M
-/+ buffers/cache:       916M        75M
Swap:         8.0G       266M       7.7G

             total       used       free     shared    buffers     cached
Mem:          992M       928M        63M       2.3M       464K       4.6M
-/+ buffers/cache:       923M        68M
Swap:         8.0G       266M       7.7G

             total       used       free     shared    buffers     cached
Mem:          992M       915M        76M       2.3M       464K       4.2M
-/+ buffers/cache:       910M        81M
Swap:         8.0G       282M       7.7G

             total       used       free     shared    buffers     cached
Mem:          992M       918M        73M       2.3M       472K       4.3M
-/+ buffers/cache:       914M        77M
Swap:         8.0G       282M       7.7G

             total       used       free     shared    buffers     cached
Mem:          992M       923M        68M       2.3M       472K       4.2M
-/+ buffers/cache:       919M        73M
Swap:         8.0G       282M       7.7G

             total       used       free     shared    buffers     cached
Mem:          992M       928M        63M       2.3M       472K       4.2M
-/+ buffers/cache:       923M        68M
Swap:         8.0G       282M       7.7G

             total       used       free     shared    buffers     cached
Mem:          992M       910M        82M       2.3M       472K       4.1M
-/+ buffers/cache:       905M        86M
Swap:         8.0G       305M       7.7G

             total       used       free     shared    buffers     cached
Mem:          992M       914M        78M       2.3M       472K       4.0M
-/+ buffers/cache:       909M        82M
Swap:         8.0G       305M       7.7G

             total       used       free     shared    buffers     cached
Mem:          992M       916M        75M       2.3M       480K       4.0M
-/+ buffers/cache:       912M        79M
Swap:         8.0G       305M       7.7G

             total       used       free     shared    buffers     cached
Mem:          992M       921M        71M       2.3M       480K       4.0M
-/+ buffers/cache:       916M        75M
Swap:         8.0G       305M       7.7G

             total       used       free     shared    buffers     cached
Mem:          992M       924M        67M       2.3M       480K       4.0M
-/+ buffers/cache:       920M        71M
Swap:         8.0G       305M       7.7G

             total       used       free     shared    buffers     cached
Mem:          992M       929M        62M       2.3M       480K       4.0M
-/+ buffers/cache:       925M        66M
Swap:         8.0G       305M       7.7G

             total       used       free     shared    buffers     cached
Mem:          992M       909M        82M       2.3M       480K       3.9M
-/+ buffers/cache:       905M        86M
Swap:         8.0G       328M       7.7G

             total       used       free     shared    buffers     cached
Mem:          992M       913M        78M       2.3M       480K       3.9M
-/+ buffers/cache:       909M        82M
Swap:         8.0G       328M       7.7G

             total       used       free     shared    buffers     cached
Mem:          992M       917M        74M       2.3M       488K       3.9M
-/+ buffers/cache:       913M        78M
Swap:         8.0G       328M       7.7G

             total       used       free     shared    buffers     cached
Mem:          992M       920M        71M       2.3M       488K       3.9M
-/+ buffers/cache:       916M        75M
Swap:         8.0G       328M       7.7G

             total       used       free     shared    buffers     cached
Mem:          992M       925M        67M       2.3M       488K       3.9M
-/+ buffers/cache:       920M        71M
Swap:         8.0G       328M       7.7G

             total       used       free     shared    buffers     cached
Mem:          992M       929M        63M       2.3M       488K       3.9M
-/+ buffers/cache:       924M        67M
Swap:         8.0G       328M       7.7G

             total       used       free     shared    buffers     cached
Mem:          992M       925M        66M       2.3M       488K       3.9M
-/+ buffers/cache:       921M        70M
Swap:         8.0G       327M       7.7G

             total       used       free     shared    buffers     cached
Mem:          992M       926M        65M         8K       496K       1.6M
-/+ buffers/cache:       924M        67M
Swap:         8.0G       339M       7.7G

             total       used       free     shared    buffers     cached
Mem:          992M       923M        68M         8K       496K       1.6M
-/+ buffers/cache:       921M        71M
Swap:         8.0G       338M       7.7G

             total       used       free     shared    buffers     cached
Mem:          992M       920M        71M         8K       396K       1.5M
-/+ buffers/cache:       919M        73M
Swap:         8.0G       326M       7.7G

             total       used       free     shared    buffers     cached
Mem:          992M       920M        71M         4K       268K       1.4M
-/+ buffers/cache:       918M        73M
Swap:         8.0G       325M       7.7G

             total       used       free     shared    buffers     cached
Mem:          992M       922M        69M         4K        84K       1.4M
-/+ buffers/cache:       921M        71M
Swap:         8.0G       333M       7.7G

             total       used       free     shared    buffers     cached
Mem:          992M       921M        71M         4K        84K       1.4M
-/+ buffers/cache:       919M        72M
Swap:         8.0G       332M       7.7G

             total       used       free     shared    buffers     cached
Mem:          992M       925M        66M         4K        84K       1.4M
-/+ buffers/cache:       923M        68M
Swap:         8.0G       328M       7.7G

             total       used       free     shared    buffers     cached
Mem:          992M       920M        71M         4K        84K       1.4M
-/+ buffers/cache:       919M        73M
Swap:         8.0G       326M       7.7G

             total       used       free     shared    buffers     cached
Mem:          992M       922M        70M         4K       484K       1.4M
-/+ buffers/cache:       920M        72M
Swap:         8.0G       327M       7.7G

             total       used       free     shared    buffers     cached
Mem:          992M       918M        73M         0B       472K       1.4M
-/+ buffers/cache:       916M        75M
Swap:         8.0G       341M       7.7G

             total       used       free     shared    buffers     cached
Mem:          992M       918M        73M         0B       472K       1.3M
-/+ buffers/cache:       916M        75M
Swap:         8.0G       336M       7.7G

             total       used       free     shared    buffers     cached
Mem:          992M       920M        71M         0B       480K       1.3M
-/+ buffers/cache:       918M        73M
Swap:         8.0G       334M       7.7G

             total       used       free     shared    buffers     cached
Mem:          992M       923M        68M         0B       164K       1.2M
-/+ buffers/cache:       922M        69M
Swap:         8.0G       447M       7.6G

             total       used       free     shared    buffers     cached
Mem:          992M       919M        72M         0B       328K       1.2M
-/+ buffers/cache:       918M        73M
Swap:         8.0G       441M       7.6G

             total       used       free     shared    buffers     cached
Mem:          992M       919M        72M         0B       328K       1.2M
-/+ buffers/cache:       918M        74M
Swap:         8.0G       402M       7.6G

             total       used       free     shared    buffers     cached
Mem:          992M       919M        73M         0B       320K       2.4M
-/+ buffers/cache:       916M        75M
Swap:         8.0G       363M       7.6G

             total       used       free     shared    buffers     cached
Mem:          992M       922M        69M         0B       328K       2.4M
-/+ buffers/cache:       919M        72M
Swap:         8.0G       361M       7.6G

             total       used       free     shared    buffers     cached
Mem:          992M       928M        63M         0B       328K       2.6M
-/+ buffers/cache:       925M        66M
Swap:         8.0G       360M       7.6G

             total       used       free     shared    buffers     cached
Mem:          992M       919M        72M         0B       328K       2.7M
-/+ buffers/cache:       916M        75M
Swap:         8.0G       360M       7.6G

             total       used       free     shared    buffers     cached
Mem:          992M       926M        65M         0B       328K       2.7M
-/+ buffers/cache:       923M        68M
Swap:         8.0G       360M       7.6G

             total       used       free     shared    buffers     cached
Mem:          992M       919M        72M         0B       332K       2.7M
-/+ buffers/cache:       916M        75M
Swap:         8.0G       360M       7.6G

             total       used       free     shared    buffers     cached
Mem:          992M       924M        67M         0B       332K       2.7M
-/+ buffers/cache:       921M        70M
Swap:         8.0G       360M       7.6G

             total       used       free     shared    buffers     cached
Mem:          992M       929M        62M         0B       340K       2.7M
-/+ buffers/cache:       926M        65M
Swap:         8.0G       360M       7.6G

             total       used       free     shared    buffers     cached
Mem:          992M       919M        72M         0B       340K       2.7M
-/+ buffers/cache:       916M        75M
Swap:         8.0G       378M       7.6G

             total       used       free     shared    buffers     cached
Mem:          992M       922M        69M         0B       340K       2.7M
-/+ buffers/cache:       919M        72M
Swap:         8.0G       377M       7.6G

             total       used       free     shared    buffers     cached
Mem:          992M       923M        68M         0B       340K       2.7M
-/+ buffers/cache:       920M        71M
Swap:         8.0G       377M       7.6G

             total       used       free     shared    buffers     cached
Mem:          992M       925M        66M         0B       340K       2.7M
-/+ buffers/cache:       922M        69M
Swap:         8.0G       376M       7.6G

             total       used       free     shared    buffers     cached
Mem:          992M       926M        65M         0B       348K       2.8M
-/+ buffers/cache:       923M        68M
Swap:         8.0G       376M       7.6G

             total       used       free     shared    buffers     cached
Mem:          992M       928M        63M         0B       348K       2.9M
-/+ buffers/cache:       925M        66M
Swap:         8.0G       375M       7.6G

             total       used       free     shared    buffers     cached
Mem:          992M       915M        76M         0B        76K        20M
-/+ buffers/cache:       895M        97M
Swap:         8.0G       419M       7.6G

             total       used       free     shared    buffers     cached
Mem:          992M       919M        72M         0B       520K        21M
-/+ buffers/cache:       897M        94M
Swap:         8.0G       419M       7.6G

             total       used       free     shared    buffers     cached
Mem:          992M       920M        71M         0B       796K        21M
-/+ buffers/cache:       898M        93M
Swap:         8.0G       419M       7.6G

             total       used       free     shared    buffers     cached
Mem:          992M       922M        69M         0B       804K        21M
-/+ buffers/cache:       900M        91M
Swap:         8.0G       418M       7.6G

             total       used       free     shared    buffers     cached
Mem:          992M       924M        67M         0B       804K        21M
-/+ buffers/cache:       902M        89M
Swap:         8.0G       417M       7.6G

             total       used       free     shared    buffers     cached
Mem:          992M       926M        66M         0B       804K        21M
-/+ buffers/cache:       903M        88M
Swap:         8.0G       416M       7.6G

             total       used       free     shared    buffers     cached
Mem:          992M       928M        64M         0B       804K        21M
-/+ buffers/cache:       905M        86M
Swap:         8.0G       415M       7.6G

             total       used       free     shared    buffers     cached
Mem:          992M       930M        62M         0B       804K        21M
-/+ buffers/cache:       907M        84M
Swap:         8.0G       415M       7.6G

             total       used       free     shared    buffers     cached
Mem:          992M       919M        72M         0B       804K        21M
-/+ buffers/cache:       897M        94M
Swap:         8.0G       416M       7.6G

             total       used       free     shared    buffers     cached
Mem:          992M       921M        70M         0B       812K        21M
-/+ buffers/cache:       899M        92M
Swap:         8.0G       415M       7.6G

             total       used       free     shared    buffers     cached
Mem:          992M       923M        68M         0B       812K        21M
-/+ buffers/cache:       901M        90M
Swap:         8.0G       414M       7.6G

             total       used       free     shared    buffers     cached
Mem:          992M       925M        66M         0B       812K        21M
-/+ buffers/cache:       903M        88M
Swap:         8.0G       413M       7.6G

             total       used       free     shared    buffers     cached
Mem:          992M       927M        64M         0B       812K        21M
-/+ buffers/cache:       905M        86M
Swap:         8.0G       413M       7.6G

             total       used       free     shared    buffers     cached
Mem:          992M       929M        62M         0B       812K        21M
-/+ buffers/cache:       907M        84M
Swap:         8.0G       412M       7.6G

             total       used       free     shared    buffers     cached
Mem:          992M       931M        61M         0B       820K        21M
-/+ buffers/cache:       909M        83M
Swap:         8.0G       411M       7.6G

             total       used       free     shared    buffers     cached
Mem:          992M       916M        76M         0B       820K        20M
-/+ buffers/cache:       895M        97M
Swap:         8.0G       439M       7.6G

             total       used       free     shared    buffers     cached
Mem:          992M       917M        74M         0B       820K        20M
-/+ buffers/cache:       896M        95M
Swap:         8.0G       438M       7.6G

             total       used       free     shared    buffers     cached
Mem:          992M       919M        72M         0B       820K        20M
-/+ buffers/cache:       898M        93M
Swap:         8.0G       437M       7.6G

             total       used       free     shared    buffers     cached
Mem:          992M       921M        70M         0B       820K        20M
-/+ buffers/cache:       900M        91M
Swap:         8.0G       436M       7.6G

             total       used       free     shared    buffers     cached
Mem:          992M       923M        69M         0B       828K        20M
-/+ buffers/cache:       901M        90M
Swap:         8.0G       436M       7.6G

             total       used       free     shared    buffers     cached
Mem:          992M       925M        67M         0B       828K        20M
-/+ buffers/cache:       903M        88M
Swap:         8.0G       435M       7.6G

             total       used       free     shared    buffers     cached
Mem:          992M       927M        65M         0B       828K        20M
-/+ buffers/cache:       905M        86M
Swap:         8.0G       434M       7.6G

             total       used       free     shared    buffers     cached
Mem:          992M       928M        63M         0B       828K        20M
-/+ buffers/cache:       907M        84M
Swap:         8.0G       433M       7.6G

             total       used       free     shared    buffers     cached
Mem:          992M       931M        61M         0B       828K        20M
-/+ buffers/cache:       910M        82M
Swap:         8.0G       432M       7.6G

             total       used       free     shared    buffers     cached
Mem:          992M       918M        73M         0B       828K        19M
-/+ buffers/cache:       897M        94M
Swap:         8.0G       432M       7.6G

             total       used       free     shared    buffers     cached
Mem:          992M       920M        71M         0B       836K        19M
-/+ buffers/cache:       899M        92M
Swap:         8.0G       431M       7.6G

             total       used       free     shared    buffers     cached
Mem:          992M       922M        69M         0B       844K        19M
-/+ buffers/cache:       901M        90M
Swap:         8.0G       431M       7.6G

             total       used       free     shared    buffers     cached
Mem:          992M       924M        68M         0B       844K        19M
-/+ buffers/cache:       903M        88M
Swap:         8.0G       430M       7.6G

             total       used       free     shared    buffers     cached
Mem:          992M       926M        66M         0B       844K        19M
-/+ buffers/cache:       905M        86M
Swap:         8.0G       429M       7.6G

             total       used       free     shared    buffers     cached
Mem:          992M       928M        64M         0B       844K        19M
-/+ buffers/cache:       907M        84M
Swap:         8.0G       428M       7.6G

             total       used       free     shared    buffers     cached
Mem:          992M       930M        62M         0B       852K        19M
-/+ buffers/cache:       909M        82M
Swap:         8.0G       427M       7.6G

             total       used       free     shared    buffers     cached
Mem:          992M       916M        76M         0B       808K        17M
-/+ buffers/cache:       898M        94M
Swap:         8.0G       443M       7.6G

             total       used       free     shared    buffers     cached
Mem:          992M       917M        74M         0B       808K        17M
-/+ buffers/cache:       899M        92M
Swap:         8.0G       442M       7.6G

             total       used       free     shared    buffers     cached
Mem:          992M       919M        72M         0B       808K        17M
-/+ buffers/cache:       901M        90M
Swap:         8.0G       442M       7.6G

             total       used       free     shared    buffers     cached
Mem:          992M       921M        70M         0B       808K        17M
-/+ buffers/cache:       903M        88M
Swap:         8.0G       441M       7.6G

             total       used       free     shared    buffers     cached
Mem:          992M       923M        69M         0B       816K        17M
-/+ buffers/cache:       905M        87M
Swap:         8.0G       440M       7.6G

             total       used       free     shared    buffers     cached
Mem:          992M       924M        67M         0B       816K        17M
-/+ buffers/cache:       906M        85M
Swap:         8.0G       439M       7.6G

             total       used       free     shared    buffers     cached
Mem:          992M       928M        63M         0B       1.1M        18M
-/+ buffers/cache:       909M        82M
Swap:         8.0G       438M       7.6G

             total       used       free     shared    buffers     cached
Mem:          992M       910M        81M        16K       216K        28M
-/+ buffers/cache:       881M       110M
Swap:         8.0G       469M       7.5G

             total       used       free     shared    buffers     cached
Mem:          992M       914M        77M        16K       356K        30M
-/+ buffers/cache:       883M       108M
Swap:         8.0G       468M       7.5G

             total       used       free     shared    buffers     cached
Mem:          992M       915M        76M        28K       356K        30M
-/+ buffers/cache:       884M       107M
Swap:         8.0G       467M       7.5G

             total       used       free     shared    buffers     cached
Mem:          992M       916M        75M        28K       356K        30M
-/+ buffers/cache:       885M       106M
Swap:         8.0G       467M       7.5G

             total       used       free     shared    buffers     cached
Mem:          992M       917M        74M        28K       356K        30M
-/+ buffers/cache:       886M       105M
Swap:         8.0G       466M       7.5G

             total       used       free     shared    buffers     cached
Mem:          992M       918M        73M        28K       364K        30M
-/+ buffers/cache:       887M       104M
Swap:         8.0G       466M       7.5G

             total       used       free     shared    buffers     cached
Mem:          992M       919M        72M        28K       364K        30M
-/+ buffers/cache:       888M       103M
Swap:         8.0G       465M       7.5G

             total       used       free     shared    buffers     cached
Mem:          992M       920M        71M        28K       364K        31M
-/+ buffers/cache:       889M       102M
Swap:         8.0G       465M       7.5G

             total       used       free     shared    buffers     cached
Mem:          992M       922M        69M        28K       364K        31M
-/+ buffers/cache:       890M       101M
Swap:         8.0G       464M       7.5G

             total       used       free     shared    buffers     cached
Mem:          992M       923M        68M        28K       364K        31M
-/+ buffers/cache:       892M       100M
Swap:         8.0G       463M       7.5G

             total       used       free     shared    buffers     cached
Mem:          992M       925M        67M        28K       372K        31M
-/+ buffers/cache:       893M        99M
Swap:         8.0G       463M       7.5G

             total       used       free     shared    buffers     cached
Mem:          992M       926M        66M        28K       372K        31M
-/+ buffers/cache:       893M        98M
Swap:         8.0G       463M       7.5G

             total       used       free     shared    buffers     cached
Mem:          992M       927M        65M        28K       372K        31M
-/+ buffers/cache:       894M        97M
Swap:         8.0G       462M       7.5G

             total       used       free     shared    buffers     cached
Mem:          992M       928M        63M        28K       372K        31M
-/+ buffers/cache:       896M        96M
Swap:         8.0G       462M       7.5G

             total       used       free     shared    buffers     cached
Mem:          992M       929M        62M        28K       372K        31M
-/+ buffers/cache:       897M        94M
Swap:         8.0G       461M       7.5G

             total       used       free     shared    buffers     cached
Mem:          992M       930M        61M        28K       372K        31M
-/+ buffers/cache:       898M        93M
Swap:         8.0G       461M       7.5G

             total       used       free     shared    buffers     cached
Mem:          992M       931M        60M        28K       380K        31M
-/+ buffers/cache:       899M        93M
Swap:         8.0G       460M       7.5G

             total       used       free     shared    buffers     cached
Mem:          992M       919M        73M        28K       268K        30M
-/+ buffers/cache:       888M       103M
Swap:         8.0G       470M       7.5G

             total       used       free     shared    buffers     cached
Mem:          992M       920M        71M        28K       268K        30M
-/+ buffers/cache:       889M       102M
Swap:         8.0G       470M       7.5G

             total       used       free     shared    buffers     cached
Mem:          992M       921M        71M        28K       268K        30M
-/+ buffers/cache:       890M       101M
Swap:         8.0G       469M       7.5G

             total       used       free     shared    buffers     cached
Mem:          992M       922M        70M        28K       268K        30M
-/+ buffers/cache:       891M       100M
Swap:         8.0G       469M       7.5G

             total       used       free     shared    buffers     cached
Mem:          992M       924M        68M        28K       276K        31M
-/+ buffers/cache:       892M        99M
Swap:         8.0G       468M       7.5G

             total       used       free     shared    buffers     cached
Mem:          992M       929M        62M        28K       276K        35M
-/+ buffers/cache:       893M        98M
Swap:         8.0G       468M       7.5G

             total       used       free     shared    buffers     cached
Mem:          992M       931M        60M        28K       592K        35M
-/+ buffers/cache:       894M        97M
Swap:         8.0G       467M       7.5G

             total       used       free     shared    buffers     cached
Mem:          992M       917M        74M        28K       592K        34M
-/+ buffers/cache:       882M       109M
Swap:         8.0G       474M       7.5G

             total       used       free     shared    buffers     cached
Mem:          992M       918M        73M        28K       592K        34M
-/+ buffers/cache:       883M       108M
Swap:         8.0G       474M       7.5G

             total       used       free     shared    buffers     cached
Mem:          992M       919M        72M        28K       592K        34M
-/+ buffers/cache:       884M       107M
Swap:         8.0G       473M       7.5G

             total       used       free     shared    buffers     cached
Mem:          992M       920M        71M        28K       600K        34M
-/+ buffers/cache:       885M       106M
Swap:         8.0G       473M       7.5G

             total       used       free     shared    buffers     cached
Mem:          992M       922M        70M        28K       600K        34M
-/+ buffers/cache:       886M       105M
Swap:         8.0G       472M       7.5G

             total       used       free     shared    buffers     cached
Mem:          992M       923M        69M        28K       600K        34M
-/+ buffers/cache:       887M       104M
Swap:         8.0G       472M       7.5G

             total       used       free     shared    buffers     cached
Mem:          992M       924M        68M        28K       600K        34M
-/+ buffers/cache:       888M       103M
Swap:         8.0G       471M       7.5G

             total       used       free     shared    buffers     cached
Mem:          992M       925M        67M        28K       600K        34M
-/+ buffers/cache:       889M       102M
Swap:         8.0G       470M       7.5G

             total       used       free     shared    buffers     cached
Mem:          992M       926M        65M        28K       608K        34M
-/+ buffers/cache:       891M       101M
Swap:         8.0G       470M       7.5G

             total       used       free     shared    buffers     cached
Mem:          992M       927M        64M        28K       608K        34M
-/+ buffers/cache:       892M       100M
Swap:         8.0G       469M       7.5G

             total       used       free     shared    buffers     cached
Mem:          992M       928M        63M        28K       608K        34M
-/+ buffers/cache:       893M        98M
Swap:         8.0G       469M       7.5G

             total       used       free     shared    buffers     cached
Mem:          992M       929M        62M        28K       608K        34M
-/+ buffers/cache:       894M        97M
Swap:         8.0G       468M       7.5G

             total       used       free     shared    buffers     cached
Mem:          992M       930M        61M        28K       608K        34M
-/+ buffers/cache:       895M        96M
Swap:         8.0G       468M       7.5G

             total       used       free     shared    buffers     cached
Mem:          992M       921M        70M        28K       592K        32M
-/+ buffers/cache:       888M       104M
Swap:         8.0G       480M       7.5G

             total       used       free     shared    buffers     cached
Mem:          992M       914M        77M        28K       596K        31M
-/+ buffers/cache:       882M       109M
Swap:         8.0G       494M       7.5G

             total       used       free     shared    buffers     cached
Mem:          992M       915M        76M        28K       596K        31M
-/+ buffers/cache:       883M       108M
Swap:         8.0G       493M       7.5G

             total       used       free     shared    buffers     cached
Mem:          992M       916M        75M        28K       596K        31M
-/+ buffers/cache:       884M       107M
Swap:         8.0G       493M       7.5G

             total       used       free     shared    buffers     cached
Mem:          992M       918M        74M        28K       596K        31M
-/+ buffers/cache:       885M       106M
Swap:         8.0G       492M       7.5G

             total       used       free     shared    buffers     cached
Mem:          992M       919M        73M        28K       596K        31M
-/+ buffers/cache:       887M       105M
Swap:         8.0G       491M       7.5G

             total       used       free     shared    buffers     cached
Mem:          992M       920M        71M        28K       604K        31M
-/+ buffers/cache:       888M       103M
Swap:         8.0G       491M       7.5G

             total       used       free     shared    buffers     cached
Mem:          992M       921M        70M        28K       604K        31M
-/+ buffers/cache:       889M       102M
Swap:         8.0G       490M       7.5G

             total       used       free     shared    buffers     cached
Mem:          992M       922M        69M        28K       604K        31M
-/+ buffers/cache:       890M       101M
Swap:         8.0G       490M       7.5G

             total       used       free     shared    buffers     cached
Mem:          992M       923M        68M        28K       604K        31M
-/+ buffers/cache:       891M       100M
Swap:         8.0G       489M       7.5G

             total       used       free     shared    buffers     cached
Mem:          992M       924M        67M        28K       604K        31M
-/+ buffers/cache:       892M        99M
Swap:         8.0G       489M       7.5G

             total       used       free     shared    buffers     cached
Mem:          992M       925M        66M        28K       604K        31M
-/+ buffers/cache:       893M        98M
Swap:         8.0G       488M       7.5G

             total       used       free     shared    buffers     cached
Mem:          992M       926M        65M        28K       612K        31M
-/+ buffers/cache:       894M        97M
Swap:         8.0G       487M       7.5G

             total       used       free     shared    buffers     cached
Mem:          992M       928M        64M        28K       612K        31M
-/+ buffers/cache:       895M        96M
Swap:         8.0G       487M       7.5G

             total       used       free     shared    buffers     cached
Mem:          992M       929M        62M        28K       612K        31M
-/+ buffers/cache:       897M        95M
Swap:         8.0G       486M       7.5G

             total       used       free     shared    buffers     cached
Mem:          992M       930M        61M        28K       612K        31M
-/+ buffers/cache:       898M        94M
Swap:         8.0G       486M       7.5G

             total       used       free     shared    buffers     cached
Mem:          992M       931M        60M        28K       612K        31M
-/+ buffers/cache:       899M        92M
Swap:         8.0G       485M       7.5G

             total       used       free     shared    buffers     cached
Mem:          992M       918M        74M        28K       620K        31M
-/+ buffers/cache:       886M       105M
Swap:         8.0G       486M       7.5G

             total       used       free     shared    buffers     cached
Mem:          992M       919M        72M        28K       620K        31M
-/+ buffers/cache:       887M       104M
Swap:         8.0G       486M       7.5G

             total       used       free     shared    buffers     cached
Mem:          992M       920M        71M        28K       620K        31M
-/+ buffers/cache:       888M       103M
Swap:         8.0G       485M       7.5G

             total       used       free     shared    buffers     cached
Mem:          992M       921M        70M        28K       620K        31M
-/+ buffers/cache:       889M       102M
Swap:         8.0G       485M       7.5G

             total       used       free     shared    buffers     cached
Mem:          992M       922M        69M        28K       620K        31M
-/+ buffers/cache:       890M       101M
Swap:         8.0G       484M       7.5G

             total       used       free     shared    buffers     cached
Mem:          992M       923M        68M        28K       620K        31M
-/+ buffers/cache:       892M       100M
Swap:         8.0G       483M       7.5G

             total       used       free     shared    buffers     cached
Mem:          992M       925M        66M        28K       628K        31M
-/+ buffers/cache:       893M        98M
Swap:         8.0G       483M       7.5G

             total       used       free     shared    buffers     cached
Mem:          992M       926M        65M        28K       628K        31M
-/+ buffers/cache:       894M        97M
Swap:         8.0G       482M       7.5G

             total       used       free     shared    buffers     cached
Mem:          992M       928M        64M        28K       628K        31M
-/+ buffers/cache:       896M        95M
Swap:         8.0G       481M       7.5G

             total       used       free     shared    buffers     cached
Mem:          992M       929M        62M        28K       628K        31M
-/+ buffers/cache:       897M        94M
Swap:         8.0G       481M       7.5G

             total       used       free     shared    buffers     cached
Mem:          992M       931M        61M        28K       628K        31M
-/+ buffers/cache:       898M        93M
Swap:         8.0G       480M       7.5G

             total       used       free     shared    buffers     cached
Mem:          992M       916M        75M        32K       764K        30M
-/+ buffers/cache:       885M       106M
Swap:         8.0G       501M       7.5G

             total       used       free     shared    buffers     cached
Mem:          992M       918M        73M        32K       764K        30M
-/+ buffers/cache:       886M       105M
Swap:         8.0G       501M       7.5G

             total       used       free     shared    buffers     cached
Mem:          992M       919M        72M        32K       764K        30M
-/+ buffers/cache:       888M       104M
Swap:         8.0G       500M       7.5G

             total       used       free     shared    buffers     cached
Mem:          992M       921M        70M        32K       764K        30M
-/+ buffers/cache:       889M       102M
Swap:         8.0G       500M       7.5G

             total       used       free     shared    buffers     cached
Mem:          992M       928M        63M        32K       764K        32M
-/+ buffers/cache:       894M        97M
Swap:         8.0G       497M       7.5G

             total       used       free     shared    buffers     cached
Mem:          992M       929M        62M        32K       764K        32M
-/+ buffers/cache:       896M        96M
Swap:         8.0G       496M       7.5G

             total       used       free     shared    buffers     cached
Mem:          992M       931M        61M        32K       772K        32M
-/+ buffers/cache:       897M        94M
Swap:         8.0G       496M       7.5G

             total       used       free     shared    buffers     cached
Mem:          992M       920M        71M        32K       764K        34M
-/+ buffers/cache:       885M       106M
Swap:         8.0G       500M       7.5G

             total       used       free     shared    buffers     cached
Mem:          992M       920M        71M        32K       764K        34M
-/+ buffers/cache:       885M       106M
Swap:         8.0G       500M       7.5G

             total       used       free     shared    buffers     cached
Mem:          992M       921M        70M        32K       764K        34M
-/+ buffers/cache:       886M       105M
Swap:         8.0G       500M       7.5G

             total       used       free     shared    buffers     cached
Mem:          992M       921M        70M        32K       764K        34M
-/+ buffers/cache:       886M       105M
Swap:         8.0G       500M       7.5G

             total       used       free     shared    buffers     cached
Mem:          992M       922M        69M        32K       772K        34M
-/+ buffers/cache:       887M       104M
Swap:         8.0G       499M       7.5G

             total       used       free     shared    buffers     cached
Mem:          992M       922M        69M        32K       772K        34M
-/+ buffers/cache:       887M       104M
Swap:         8.0G       499M       7.5G

             total       used       free     shared    buffers     cached
Mem:          992M       923M        68M        32K       772K        34M
-/+ buffers/cache:       888M       103M
Swap:         8.0G       499M       7.5G

             total       used       free     shared    buffers     cached
Mem:          992M       924M        67M        32K       772K        34M
-/+ buffers/cache:       889M       102M
Swap:         8.0G       498M       7.5G

             total       used       free     shared    buffers     cached
Mem:          992M       924M        67M        32K       772K        34M
-/+ buffers/cache:       889M       102M
Swap:         8.0G       498M       7.5G

             total       used       free     shared    buffers     cached
Mem:          992M       925M        66M        32K       772K        34M
-/+ buffers/cache:       890M       101M
Swap:         8.0G       498M       7.5G

             total       used       free     shared    buffers     cached
Mem:          992M       924M        67M       208K       1.1M        39M
-/+ buffers/cache:       883M       108M
Swap:         8.0G       504M       7.5G

             total       used       free     shared    buffers     cached
Mem:          992M       920M        72M       3.9M       4.7M        52M
-/+ buffers/cache:       862M       129M
Swap:         8.0G       553M       7.5G

             total       used       free     shared    buffers     cached
Mem:          992M       921M        70M       3.9M       5.0M        67M
-/+ buffers/cache:       849M       143M
Swap:         8.0G       558M       7.5G

             total       used       free     shared    buffers     cached
Mem:          992M       930M        62M       232K       5.3M        67M
-/+ buffers/cache:       857M       134M
Swap:         8.0G       555M       7.5G

             total       used       free     shared    buffers     cached
Mem:          992M       931M        60M       232K       5.3M        67M
-/+ buffers/cache:       859M       133M
Swap:         8.0G       554M       7.5G

             total       used       free     shared    buffers     cached
Mem:          992M       919M        72M       232K       5.3M        63M
-/+ buffers/cache:       850M       141M
Swap:         8.0G       566M       7.4G

             total       used       free     shared    buffers     cached
Mem:          992M       920M        71M       232K       5.3M        63M
-/+ buffers/cache:       851M       140M
Swap:         8.0G       566M       7.4G

             total       used       free     shared    buffers     cached
Mem:          992M       923M        68M       232K       5.4M        64M
-/+ buffers/cache:       853M       138M
Swap:         8.0G       565M       7.4G

             total       used       free     shared    buffers     cached
Mem:          992M       924M        67M       232K       5.4M        64M
-/+ buffers/cache:       854M       137M
Swap:         8.0G       565M       7.4G

             total       used       free     shared    buffers     cached
Mem:          992M       925M        66M       232K       5.4M        64M
-/+ buffers/cache:       855M       136M
Swap:         8.0G       564M       7.4G

             total       used       free     shared    buffers     cached
Mem:          992M       927M        65M       232K       5.4M        64M
-/+ buffers/cache:       857M       135M
Swap:         8.0G       564M       7.4G

             total       used       free     shared    buffers     cached
Mem:          992M       927M        64M       232K       5.4M        64M
-/+ buffers/cache:       857M       134M
Swap:         8.0G       563M       7.4G

             total       used       free     shared    buffers     cached
Mem:          992M       929M        63M       232K       5.4M        64M
-/+ buffers/cache:       859M       133M
Swap:         8.0G       562M       7.4G

             total       used       free     shared    buffers     cached
Mem:          992M       930M        61M       232K       5.4M        64M
-/+ buffers/cache:       860M       131M
Swap:         8.0G       562M       7.4G

             total       used       free     shared    buffers     cached
Mem:          992M       917M        74M       232K       4.4M        61M
-/+ buffers/cache:       851M       140M
Swap:         8.0G       565M       7.4G

             total       used       free     shared    buffers     cached
Mem:          992M       918M        73M       232K       4.4M        62M
-/+ buffers/cache:       852M       139M
Swap:         8.0G       565M       7.4G

             total       used       free     shared    buffers     cached
Mem:          992M       920M        72M       232K       4.4M        62M
-/+ buffers/cache:       853M       138M
Swap:         8.0G       564M       7.4G

             total       used       free     shared    buffers     cached
Mem:          992M       921M        70M       232K       4.4M        62M
-/+ buffers/cache:       854M       137M
Swap:         8.0G       564M       7.4G

             total       used       free     shared    buffers     cached
Mem:          992M       922M        69M       232K       4.4M        62M
-/+ buffers/cache:       855M       136M
Swap:         8.0G       563M       7.4G

             total       used       free     shared    buffers     cached
Mem:          992M       923M        68M       232K       4.4M        62M
-/+ buffers/cache:       857M       134M
Swap:         8.0G       562M       7.4G

             total       used       free     shared    buffers     cached
Mem:          992M       925M        67M       232K       4.4M        62M
-/+ buffers/cache:       858M       133M
Swap:         8.0G       562M       7.4G

             total       used       free     shared    buffers     cached
Mem:          992M       926M        65M       232K       4.4M        62M
-/+ buffers/cache:       859M       132M
Swap:         8.0G       561M       7.4G

             total       used       free     shared    buffers     cached
Mem:          992M       927M        64M       232K       4.4M        62M
-/+ buffers/cache:       860M       131M
Swap:         8.0G       561M       7.4G

             total       used       free     shared    buffers     cached
Mem:          992M       928M        63M       232K       4.4M        62M
-/+ buffers/cache:       862M       129M
Swap:         8.0G       560M       7.4G

             total       used       free     shared    buffers     cached
Mem:          992M       930M        62M       232K       4.4M        62M
-/+ buffers/cache:       863M       128M
Swap:         8.0G       560M       7.5G

             total       used       free     shared    buffers     cached
Mem:          992M       931M        60M       232K       4.4M        62M
-/+ buffers/cache:       864M       127M
Swap:         8.0G       559M       7.5G

             total       used       free     shared    buffers     cached
Mem:          992M       913M        78M       232K       4.4M        60M
-/+ buffers/cache:       848M       143M
Swap:         8.0G       575M       7.4G

             total       used       free     shared    buffers     cached
Mem:          992M       914M        77M       232K       4.4M        60M
-/+ buffers/cache:       849M       142M
Swap:         8.0G       574M       7.4G

             total       used       free     shared    buffers     cached
Mem:          992M       915M        76M       232K       4.4M        60M
-/+ buffers/cache:       851M       141M
Swap:         8.0G       574M       7.4G

             total       used       free     shared    buffers     cached
Mem:          992M       917M        74M       232K       4.4M        60M
-/+ buffers/cache:       852M       139M
Swap:         8.0G       573M       7.4G

             total       used       free     shared    buffers     cached
Mem:          992M       918M        73M       232K       4.4M        60M
-/+ buffers/cache:       853M       138M
Swap:         8.0G       572M       7.4G

             total       used       free     shared    buffers     cached
Mem:          992M       919M        72M       232K       4.4M        60M
-/+ buffers/cache:       854M       137M
Swap:         8.0G       572M       7.4G

             total       used       free     shared    buffers     cached
Mem:          992M       920M        71M       232K       4.4M        60M
-/+ buffers/cache:       855M       136M
Swap:         8.0G       571M       7.4G

             total       used       free     shared    buffers     cached
Mem:          992M       922M        70M       232K       4.4M        60M
-/+ buffers/cache:       857M       134M
Swap:         8.0G       570M       7.4G

             total       used       free     shared    buffers     cached
Mem:          992M       923M        69M       232K       4.4M        60M
-/+ buffers/cache:       858M       133M
Swap:         8.0G       570M       7.4G

             total       used       free     shared    buffers     cached
Mem:          992M       927M        64M       288K       9.2M        71M
-/+ buffers/cache:       846M       145M
Swap:         8.0G       582M       7.4G

             total       used       free     shared    buffers     cached
Mem:          992M       917M        75M       276K       9.4M        71M
-/+ buffers/cache:       836M       155M
Swap:         8.0G       592M       7.4G
