             total       used       free     shared    buffers     cached
Mem:          992M       656M       336M       3.2M        38M       289M
-/+ buffers/cache:       328M       663M
Swap:         8.0G         0B       8.0G

             total       used       free     shared    buffers     cached
Mem:          992M       654M       338M       1.4M        38M       287M
-/+ buffers/cache:       327M       664M
Swap:         8.0G         0B       8.0G

             total       used       free     shared    buffers     cached
Mem:          992M       654M       338M       1.4M        38M       287M
-/+ buffers/cache:       327M       664M
Swap:         8.0G         0B       8.0G

             total       used       free     shared    buffers     cached
Mem:          992M       654M       338M       1.4M        38M       287M
-/+ buffers/cache:       327M       664M
Swap:         8.0G         0B       8.0G

             total       used       free     shared    buffers     cached
Mem:          992M       654M       338M       1.4M        38M       287M
-/+ buffers/cache:       327M       664M
Swap:         8.0G         0B       8.0G

             total       used       free     shared    buffers     cached
Mem:          992M       654M       338M       1.4M        38M       287M
-/+ buffers/cache:       327M       664M
Swap:         8.0G         0B       8.0G

             total       used       free     shared    buffers     cached
Mem:          992M       653M       338M       1.4M        38M       287M
-/+ buffers/cache:       327M       665M
Swap:         8.0G         0B       8.0G

             total       used       free     shared    buffers     cached
Mem:          992M       653M       338M       1.4M        38M       288M
-/+ buffers/cache:       326M       665M
Swap:         8.0G         0B       8.0G

             total       used       free     shared    buffers     cached
Mem:          992M       653M       338M       1.4M        38M       288M
-/+ buffers/cache:       326M       665M
Swap:         8.0G         0B       8.0G

             total       used       free     shared    buffers     cached
Mem:          992M       656M       335M       1.4M        38M       288M
-/+ buffers/cache:       330M       662M
Swap:         8.0G         0B       8.0G

             total       used       free     shared    buffers     cached
Mem:          992M       673M       318M       1.4M        38M       288M
-/+ buffers/cache:       346M       645M
Swap:         8.0G         0B       8.0G

             total       used       free     shared    buffers     cached
Mem:          992M       681M       310M       1.4M        38M       288M
-/+ buffers/cache:       354M       637M
Swap:         8.0G         0B       8.0G

             total       used       free     shared    buffers     cached
Mem:          992M       662M       329M       1.4M        38M       289M
-/+ buffers/cache:       334M       657M
Swap:         8.0G         0B       8.0G

             total       used       free     shared    buffers     cached
Mem:          992M       662M       329M       1.4M        38M       289M
-/+ buffers/cache:       334M       657M
Swap:         8.0G         0B       8.0G

             total       used       free     shared    buffers     cached
Mem:          992M       663M       329M       1.4M        38M       289M
-/+ buffers/cache:       334M       657M
Swap:         8.0G         0B       8.0G

             total       used       free     shared    buffers     cached
Mem:          992M       663M       329M       1.4M        38M       289M
-/+ buffers/cache:       334M       657M
Swap:         8.0G         0B       8.0G

             total       used       free     shared    buffers     cached
Mem:          992M       663M       329M       1.4M        38M       289M
-/+ buffers/cache:       334M       657M
Swap:         8.0G         0B       8.0G

             total       used       free     shared    buffers     cached
Mem:          992M       663M       329M       1.4M        38M       289M
-/+ buffers/cache:       334M       657M
Swap:         8.0G         0B       8.0G

             total       used       free     shared    buffers     cached
Mem:          992M       663M       329M       1.4M        38M       289M
-/+ buffers/cache:       334M       657M
Swap:         8.0G         0B       8.0G

             total       used       free     shared    buffers     cached
Mem:          992M       663M       329M       1.4M        38M       289M
-/+ buffers/cache:       334M       657M
Swap:         8.0G         0B       8.0G

             total       used       free     shared    buffers     cached
Mem:          992M       663M       329M       1.4M        38M       289M
-/+ buffers/cache:       334M       657M
Swap:         8.0G         0B       8.0G

             total       used       free     shared    buffers     cached
Mem:          992M       663M       328M       1.4M        38M       289M
-/+ buffers/cache:       334M       657M
Swap:         8.0G         0B       8.0G

             total       used       free     shared    buffers     cached
Mem:          992M       663M       328M       1.4M        38M       289M
-/+ buffers/cache:       334M       657M
Swap:         8.0G         0B       8.0G

             total       used       free     shared    buffers     cached
Mem:          992M       663M       328M       1.4M        38M       289M
-/+ buffers/cache:       334M       657M
Swap:         8.0G         0B       8.0G

             total       used       free     shared    buffers     cached
Mem:          992M       663M       328M       1.4M        38M       289M
-/+ buffers/cache:       334M       657M
Swap:         8.0G         0B       8.0G

             total       used       free     shared    buffers     cached
Mem:          992M       663M       328M       1.4M        38M       289M
-/+ buffers/cache:       334M       657M
Swap:         8.0G         0B       8.0G

             total       used       free     shared    buffers     cached
Mem:          992M       663M       328M       1.4M        38M       289M
-/+ buffers/cache:       334M       657M
Swap:         8.0G         0B       8.0G

             total       used       free     shared    buffers     cached
Mem:          992M       663M       328M       1.4M        38M       289M
-/+ buffers/cache:       334M       657M
Swap:         8.0G         0B       8.0G

             total       used       free     shared    buffers     cached
Mem:          992M       663M       328M       1.4M        38M       289M
-/+ buffers/cache:       334M       657M
Swap:         8.0G         0B       8.0G

             total       used       free     shared    buffers     cached
Mem:          992M       663M       328M       1.4M        38M       289M
-/+ buffers/cache:       334M       657M
Swap:         8.0G         0B       8.0G

             total       used       free     shared    buffers     cached
Mem:          992M       663M       328M       1.4M        38M       289M
-/+ buffers/cache:       334M       657M
Swap:         8.0G         0B       8.0G

             total       used       free     shared    buffers     cached
Mem:          992M       663M       328M       1.4M        38M       289M
-/+ buffers/cache:       334M       657M
Swap:         8.0G         0B       8.0G

             total       used       free     shared    buffers     cached
Mem:          992M       663M       328M       1.4M        38M       289M
-/+ buffers/cache:       334M       657M
Swap:         8.0G         0B       8.0G

             total       used       free     shared    buffers     cached
Mem:          992M       671M       320M       1.4M        38M       289M
-/+ buffers/cache:       343M       649M
Swap:         8.0G         0B       8.0G

             total       used       free     shared    buffers     cached
Mem:          992M       691M       300M       1.4M        38M       289M
-/+ buffers/cache:       362M       629M
Swap:         8.0G         0B       8.0G

             total       used       free     shared    buffers     cached
Mem:          992M       712M       279M       1.4M        38M       289M
-/+ buffers/cache:       384M       608M
Swap:         8.0G         0B       8.0G

             total       used       free     shared    buffers     cached
Mem:          992M       733M       258M       1.4M        38M       289M
-/+ buffers/cache:       405M       587M
Swap:         8.0G         0B       8.0G

             total       used       free     shared    buffers     cached
Mem:          992M       751M       240M       1.4M        38M       289M
-/+ buffers/cache:       423M       568M
Swap:         8.0G         0B       8.0G

             total       used       free     shared    buffers     cached
Mem:          992M       769M       222M       1.4M        38M       289M
-/+ buffers/cache:       441M       550M
Swap:         8.0G         0B       8.0G

             total       used       free     shared    buffers     cached
Mem:          992M       785M       207M       1.4M        38M       289M
-/+ buffers/cache:       456M       535M
Swap:         8.0G         0B       8.0G

             total       used       free     shared    buffers     cached
Mem:          992M       803M       189M       1.4M        38M       289M
-/+ buffers/cache:       474M       517M
Swap:         8.0G         0B       8.0G

             total       used       free     shared    buffers     cached
Mem:          992M       823M       169M       1.4M        38M       289M
-/+ buffers/cache:       494M       497M
Swap:         8.0G         0B       8.0G

             total       used       free     shared    buffers     cached
Mem:          992M       842M       149M       1.4M        38M       289M
-/+ buffers/cache:       514M       478M
Swap:         8.0G         0B       8.0G

             total       used       free     shared    buffers     cached
Mem:          992M       864M       127M       1.4M        38M       289M
-/+ buffers/cache:       535M       456M
Swap:         8.0G         0B       8.0G

             total       used       free     shared    buffers     cached
Mem:          992M       885M       107M       1.4M        38M       289M
-/+ buffers/cache:       556M       435M
Swap:         8.0G         0B       8.0G

             total       used       free     shared    buffers     cached
Mem:          992M       900M        91M       1.4M        38M       289M
-/+ buffers/cache:       571M       420M
Swap:         8.0G         0B       8.0G

             total       used       free     shared    buffers     cached
Mem:          992M       918M        73M       1.4M        38M       289M
-/+ buffers/cache:       590M       402M
Swap:         8.0G         0B       8.0G

             total       used       free     shared    buffers     cached
Mem:          992M       923M        68M       1.4M        24M       288M
-/+ buffers/cache:       610M       381M
Swap:         8.0G         0B       8.0G

             total       used       free     shared    buffers     cached
Mem:          992M       918M        73M       1.4M        10M       280M
-/+ buffers/cache:       628M       364M
Swap:         8.0G         0B       8.0G

             total       used       free     shared    buffers     cached
Mem:          992M       920M        71M       1.4M       9.6M       262M
-/+ buffers/cache:       648M       344M
Swap:         8.0G        80K       8.0G

             total       used       free     shared    buffers     cached
Mem:          992M       919M        72M       1.3M       9.7M       243M
-/+ buffers/cache:       666M       326M
Swap:         8.0G       280K       8.0G

             total       used       free     shared    buffers     cached
Mem:          992M       923M        69M       1.2M       9.7M       231M
-/+ buffers/cache:       681M       310M
Swap:         8.0G       4.3M       8.0G

             total       used       free     shared    buffers     cached
Mem:          992M       907M        84M       1.2M       8.9M       205M
-/+ buffers/cache:       692M       299M
Swap:         8.0G       8.2M       8.0G

             total       used       free     shared    buffers     cached
Mem:          992M       925M        66M       1.2M       8.9M       205M
-/+ buffers/cache:       711M       280M
Swap:         8.0G       8.2M       8.0G

             total       used       free     shared    buffers     cached
Mem:          992M       929M        63M       1.2M       2.7M       198M
-/+ buffers/cache:       727M       264M
Swap:         8.0G       8.3M       8.0G

             total       used       free     shared    buffers     cached
Mem:          992M       928M        63M       1.2M       1.3M       183M
-/+ buffers/cache:       744M       247M
Swap:         8.0G       8.2M       8.0G

             total       used       free     shared    buffers     cached
Mem:          992M       922M        69M       1.2M       808K       161M
-/+ buffers/cache:       760M       232M
Swap:         8.0G       8.2M       8.0G

             total       used       free     shared    buffers     cached
Mem:          992M       919M        72M       1.2M       784K       142M
-/+ buffers/cache:       776M       215M
Swap:         8.0G       8.2M       8.0G

             total       used       free     shared    buffers     cached
Mem:          992M       931M        60M       1.2M       788K       142M
-/+ buffers/cache:       788M       203M
Swap:         8.0G       8.2M       8.0G

             total       used       free     shared    buffers     cached
Mem:          992M       933M        59M       1.2M       648K       125M
-/+ buffers/cache:       806M       185M
Swap:         8.0G       8.2M       8.0G

             total       used       free     shared    buffers     cached
Mem:          992M       921M        70M       1.2M       648K        98M
-/+ buffers/cache:       822M       169M
Swap:         8.0G       8.2M       8.0G

             total       used       free     shared    buffers     cached
Mem:          992M       931M        60M       1.2M       804K        90M
-/+ buffers/cache:       840M       151M
Swap:         8.0G       8.2M       8.0G

             total       used       free     shared    buffers     cached
Mem:          992M       925M        67M       1.2M       808K        69M
-/+ buffers/cache:       854M       137M
Swap:         8.0G       8.2M       8.0G

             total       used       free     shared    buffers     cached
Mem:          992M       922M        69M       1.2M       808K        53M
-/+ buffers/cache:       868M       124M
Swap:         8.0G       8.2M       8.0G

             total       used       free     shared    buffers     cached
Mem:          992M       922M        69M       1.2M       808K        39M
-/+ buffers/cache:       882M       109M
Swap:         8.0G       8.2M       8.0G

             total       used       free     shared    buffers     cached
Mem:          992M       920M        71M       1.2M       808K        22M
-/+ buffers/cache:       897M        94M
Swap:         8.0G       8.2M       8.0G

             total       used       free     shared    buffers     cached
Mem:          992M       926M        65M       1.2M       528K        10M
-/+ buffers/cache:       915M        77M
Swap:         8.0G       8.2M       8.0G

             total       used       free     shared    buffers     cached
Mem:          992M       921M        70M       716K       488K       5.0M
-/+ buffers/cache:       915M        76M
Swap:         8.0G        48M       7.9G

             total       used       free     shared    buffers     cached
Mem:          992M       912M        79M       716K       476K       5.7M
-/+ buffers/cache:       906M        85M
Swap:         8.0G        48M       7.9G

             total       used       free     shared    buffers     cached
Mem:          992M       918M        73M       664K       2.0M        13M
-/+ buffers/cache:       903M        88M
Swap:         8.0G        83M       7.9G

             total       used       free     shared    buffers     cached
Mem:          992M       922M        69M       664K       2.0M        12M
-/+ buffers/cache:       907M        84M
Swap:         8.0G        88M       7.9G

             total       used       free     shared    buffers     cached
Mem:          992M       924M        68M       664K       2.0M        11M
-/+ buffers/cache:       910M        82M
Swap:         8.0G       103M       7.9G

             total       used       free     shared    buffers     cached
Mem:          992M       925M        66M       640K       1.5M        11M
-/+ buffers/cache:       913M        78M
Swap:         8.0G       124M       7.9G

             total       used       free     shared    buffers     cached
Mem:          992M       870M       121M       588K       212K       6.0M
-/+ buffers/cache:       864M       128M
Swap:         8.0G       219M       7.8G

             total       used       free     shared    buffers     cached
Mem:          992M       885M       106M       572K       492K       6.0M
-/+ buffers/cache:       878M       113M
Swap:         8.0G       219M       7.8G

             total       used       free     shared    buffers     cached
Mem:          992M       901M        90M       572K       492K       6.0M
-/+ buffers/cache:       895M        97M
Swap:         8.0G       219M       7.8G

             total       used       free     shared    buffers     cached
Mem:          992M       919M        72M       572K       492K       6.0M
-/+ buffers/cache:       913M        79M
Swap:         8.0G       219M       7.8G

             total       used       free     shared    buffers     cached
Mem:          992M       919M        72M       572K       496K       5.5M
-/+ buffers/cache:       913M        78M
Swap:         8.0G       219M       7.8G

             total       used       free     shared    buffers     cached
Mem:          992M       916M        75M       572K       496K       4.9M
-/+ buffers/cache:       911M        81M
Swap:         8.0G       219M       7.8G

             total       used       free     shared    buffers     cached
Mem:          992M       920M        71M       572K       496K       4.9M
-/+ buffers/cache:       915M        76M
Swap:         8.0G       220M       7.8G

             total       used       free     shared    buffers     cached
Mem:          992M       916M        76M       572K       496K       4.1M
-/+ buffers/cache:       911M        80M
Swap:         8.0G       243M       7.8G

             total       used       free     shared    buffers     cached
Mem:          992M       930M        62M       548K       496K       4.1M
-/+ buffers/cache:       925M        66M
Swap:         8.0G       243M       7.8G

             total       used       free     shared    buffers     cached
Mem:          992M       921M        71M       548K       496K       2.6M
-/+ buffers/cache:       917M        74M
Swap:         8.0G       251M       7.8G

             total       used       free     shared    buffers     cached
Mem:          992M       928M        63M       548K       496K       2.6M
-/+ buffers/cache:       925M        66M
Swap:         8.0G       251M       7.8G

             total       used       free     shared    buffers     cached
Mem:          992M       921M        71M       544K       496K       2.6M
-/+ buffers/cache:       918M        74M
Swap:         8.0G       278M       7.7G

             total       used       free     shared    buffers     cached
Mem:          992M       927M        64M       544K       496K       2.9M
-/+ buffers/cache:       923M        68M
Swap:         8.0G       278M       7.7G

             total       used       free     shared    buffers     cached
Mem:          992M       920M        71M       544K       496K       2.9M
-/+ buffers/cache:       917M        74M
Swap:         8.0G       278M       7.7G

             total       used       free     shared    buffers     cached
Mem:          992M       925M        66M       544K       496K       2.9M
-/+ buffers/cache:       922M        70M
Swap:         8.0G       278M       7.7G

             total       used       free     shared    buffers     cached
Mem:          992M       913M        78M       544K       468K       2.6M
-/+ buffers/cache:       910M        81M
Swap:         8.0G       298M       7.7G

             total       used       free     shared    buffers     cached
Mem:          992M       918M        73M       544K       472K       2.6M
-/+ buffers/cache:       915M        76M
Swap:         8.0G       298M       7.7G

             total       used       free     shared    buffers     cached
Mem:          992M       923M        68M       544K       472K       2.6M
-/+ buffers/cache:       920M        71M
Swap:         8.0G       298M       7.7G

             total       used       free     shared    buffers     cached
Mem:          992M       928M        63M       544K       472K       2.5M
-/+ buffers/cache:       925M        66M
Swap:         8.0G       298M       7.7G

             total       used       free     shared    buffers     cached
Mem:          992M       915M        76M       544K       320K       2.4M
-/+ buffers/cache:       913M        79M
Swap:         8.0G       323M       7.7G

             total       used       free     shared    buffers     cached
Mem:          992M       918M        73M       544K       328K       2.4M
-/+ buffers/cache:       916M        76M
Swap:         8.0G       323M       7.7G

             total       used       free     shared    buffers     cached
Mem:          992M       924M        67M       544K       328K       2.5M
-/+ buffers/cache:       921M        70M
Swap:         8.0G       323M       7.7G

             total       used       free     shared    buffers     cached
Mem:          992M       927M        64M       544K       328K       2.5M
-/+ buffers/cache:       924M        67M
Swap:         8.0G       323M       7.7G

             total       used       free     shared    buffers     cached
Mem:          992M       921M        70M       544K       204K       2.5M
-/+ buffers/cache:       918M        73M
Swap:         8.0G       326M       7.7G

             total       used       free     shared    buffers     cached
Mem:          992M       921M        70M        16K        76K       1.8M
-/+ buffers/cache:       919M        72M
Swap:         8.0G       323M       7.7G

             total       used       free     shared    buffers     cached
Mem:          992M       918M        73M        12K        84K       1.8M
-/+ buffers/cache:       916M        75M
Swap:         8.0G       325M       7.7G

             total       used       free     shared    buffers     cached
Mem:          992M       925M        67M         4K        84K       1.7M
-/+ buffers/cache:       923M        68M
Swap:         8.0G       318M       7.7G

             total       used       free     shared    buffers     cached
Mem:          992M       921M        71M         0B        76K       1.5M
-/+ buffers/cache:       919M        72M
Swap:         8.0G       321M       7.7G

             total       used       free     shared    buffers     cached
Mem:          992M       921M        70M         0B        76K       1.4M
-/+ buffers/cache:       919M        72M
Swap:         8.0G       315M       7.7G

             total       used       free     shared    buffers     cached
Mem:          992M       919M        72M         0B        76K       1.3M
-/+ buffers/cache:       918M        74M
Swap:         8.0G       324M       7.7G

             total       used       free     shared    buffers     cached
Mem:          992M       923M        68M         0B        76K       1.3M
-/+ buffers/cache:       922M        69M
Swap:         8.0G       317M       7.7G

             total       used       free     shared    buffers     cached
Mem:          992M       914M        77M         0B        84K       1.2M
-/+ buffers/cache:       913M        78M
Swap:         8.0G       355M       7.7G

             total       used       free     shared    buffers     cached
Mem:          992M       920M        72M         0B        84K       1.3M
-/+ buffers/cache:       918M        73M
Swap:         8.0G       333M       7.7G

             total       used       free     shared    buffers     cached
Mem:          992M       920M        71M         0B        84K       1.2M
-/+ buffers/cache:       919M        72M
Swap:         8.0G       326M       7.7G

             total       used       free     shared    buffers     cached
Mem:          992M       920M        71M         0B        84K       1.7M
-/+ buffers/cache:       918M        73M
Swap:         8.0G       330M       7.7G

             total       used       free     shared    buffers     cached
Mem:          992M       925M        66M         0B        84K       1.7M
-/+ buffers/cache:       923M        68M
Swap:         8.0G       328M       7.7G

             total       used       free     shared    buffers     cached
Mem:          992M       929M        62M         0B        92K       1.7M
-/+ buffers/cache:       927M        64M
Swap:         8.0G       327M       7.7G

             total       used       free     shared    buffers     cached
Mem:          992M       930M        61M         0B        92K       1.7M
-/+ buffers/cache:       928M        63M
Swap:         8.0G       457M       7.6G

             total       used       free     shared    buffers     cached
Mem:          992M       894M        98M         0B       112K       1.7M
-/+ buffers/cache:       892M        99M
Swap:         8.0G       457M       7.6G

             total       used       free     shared    buffers     cached
Mem:          992M       898M        93M         0B       112K       1.7M
-/+ buffers/cache:       896M        95M
Swap:         8.0G       457M       7.6G

             total       used       free     shared    buffers     cached
Mem:          992M       912M        80M         0B       112K       6.8M
-/+ buffers/cache:       905M        87M
Swap:         8.0G       455M       7.6G

             total       used       free     shared    buffers     cached
Mem:          992M       921M        70M         0B       116K        20M
-/+ buffers/cache:       900M        91M
Swap:         8.0G       447M       7.6G

             total       used       free     shared    buffers     cached
Mem:          992M       923M        68M         0B       564K        20M
-/+ buffers/cache:       902M        90M
Swap:         8.0G       447M       7.6G

             total       used       free     shared    buffers     cached
Mem:          992M       927M        64M         0B       564K        20M
-/+ buffers/cache:       906M        85M
Swap:         8.0G       447M       7.6G

             total       used       free     shared    buffers     cached
Mem:          992M       919M        72M         0B       564K        20M
-/+ buffers/cache:       898M        93M
Swap:         8.0G       447M       7.6G

             total       used       free     shared    buffers     cached
Mem:          992M       924M        68M         0B       564K        20M
-/+ buffers/cache:       903M        89M
Swap:         8.0G       447M       7.6G

             total       used       free     shared    buffers     cached
Mem:          992M       926M        65M         0B       564K        20M
-/+ buffers/cache:       905M        86M
Swap:         8.0G       446M       7.6G

             total       used       free     shared    buffers     cached
Mem:          992M       928M        63M         0B       572K        20M
-/+ buffers/cache:       907M        84M
Swap:         8.0G       445M       7.6G

             total       used       free     shared    buffers     cached
Mem:          992M       930M        61M         0B       572K        20M
-/+ buffers/cache:       909M        82M
Swap:         8.0G       444M       7.6G

             total       used       free     shared    buffers     cached
Mem:          992M       919M        72M         0B       572K        20M
-/+ buffers/cache:       898M        93M
Swap:         8.0G       443M       7.6G

             total       used       free     shared    buffers     cached
Mem:          992M       921M        70M         0B       572K        20M
-/+ buffers/cache:       900M        91M
Swap:         8.0G       442M       7.6G

             total       used       free     shared    buffers     cached
Mem:          992M       923M        68M         0B       572K        20M
-/+ buffers/cache:       903M        88M
Swap:         8.0G       441M       7.6G

             total       used       free     shared    buffers     cached
Mem:          992M       925M        66M         0B       580K        20M
-/+ buffers/cache:       905M        87M
Swap:         8.0G       440M       7.6G

             total       used       free     shared    buffers     cached
Mem:          992M       927M        64M         0B       580K        20M
-/+ buffers/cache:       907M        84M
Swap:         8.0G       439M       7.6G

             total       used       free     shared    buffers     cached
Mem:          992M       929M        62M         0B       580K        20M
-/+ buffers/cache:       908M        83M
Swap:         8.0G       438M       7.6G

             total       used       free     shared    buffers     cached
Mem:          992M       918M        73M         0B       580K        20M
-/+ buffers/cache:       897M        94M
Swap:         8.0G       436M       7.6G

             total       used       free     shared    buffers     cached
Mem:          992M       920M        71M         0B       580K        20M
-/+ buffers/cache:       899M        92M
Swap:         8.0G       435M       7.6G

             total       used       free     shared    buffers     cached
Mem:          992M       922M        69M         0B       588K        20M
-/+ buffers/cache:       901M        90M
Swap:         8.0G       434M       7.6G

             total       used       free     shared    buffers     cached
Mem:          992M       924M        67M         0B       588K        20M
-/+ buffers/cache:       903M        88M
Swap:         8.0G       433M       7.6G

             total       used       free     shared    buffers     cached
Mem:          992M       926M        65M         0B       588K        20M
-/+ buffers/cache:       905M        86M
Swap:         8.0G       432M       7.6G

             total       used       free     shared    buffers     cached
Mem:          992M       928M        63M         0B       588K        20M
-/+ buffers/cache:       907M        84M
Swap:         8.0G       431M       7.6G

             total       used       free     shared    buffers     cached
Mem:          992M       930M        61M         0B       588K        20M
-/+ buffers/cache:       909M        82M
Swap:         8.0G       430M       7.6G

             total       used       free     shared    buffers     cached
Mem:          992M       918M        73M         0B       588K        20M
-/+ buffers/cache:       897M        94M
Swap:         8.0G       429M       7.6G

             total       used       free     shared    buffers     cached
Mem:          992M       920M        71M         0B       596K        20M
-/+ buffers/cache:       900M        91M
Swap:         8.0G       427M       7.6G

             total       used       free     shared    buffers     cached
Mem:          992M       923M        69M         0B       596K        20M
-/+ buffers/cache:       902M        89M
Swap:         8.0G       426M       7.6G

             total       used       free     shared    buffers     cached
Mem:          992M       925M        67M         0B       596K        20M
-/+ buffers/cache:       904M        87M
Swap:         8.0G       425M       7.6G

             total       used       free     shared    buffers     cached
Mem:          992M       927M        65M         0B       596K        20M
-/+ buffers/cache:       906M        85M
Swap:         8.0G       424M       7.6G

             total       used       free     shared    buffers     cached
Mem:          992M       929M        62M         0B       596K        20M
-/+ buffers/cache:       909M        83M
Swap:         8.0G       423M       7.6G

             total       used       free     shared    buffers     cached
Mem:          992M       920M        71M         0B       548K        19M
-/+ buffers/cache:       900M        91M
Swap:         8.0G       428M       7.6G

             total       used       free     shared    buffers     cached
Mem:          992M       921M        70M         0B       548K        19M
-/+ buffers/cache:       901M        90M
Swap:         8.0G       427M       7.6G

             total       used       free     shared    buffers     cached
Mem:          992M       923M        68M         0B       548K        19M
-/+ buffers/cache:       903M        88M
Swap:         8.0G       426M       7.6G

             total       used       free     shared    buffers     cached
Mem:          992M       926M        66M         0B       548K        19M
-/+ buffers/cache:       906M        86M
Swap:         8.0G       425M       7.6G

             total       used       free     shared    buffers     cached
Mem:          992M       928M        63M         0B       548K        19M
-/+ buffers/cache:       908M        83M
Swap:         8.0G       423M       7.6G

             total       used       free     shared    buffers     cached
Mem:          992M       930M        61M         0B       556K        19M
-/+ buffers/cache:       910M        81M
Swap:         8.0G       422M       7.6G

             total       used       free     shared    buffers     cached
Mem:          992M       919M        72M         0B       556K        18M
-/+ buffers/cache:       900M        91M
Swap:         8.0G       431M       7.6G

             total       used       free     shared    buffers     cached
Mem:          992M       921M        71M         0B       556K        18M
-/+ buffers/cache:       901M        90M
Swap:         8.0G       430M       7.6G

             total       used       free     shared    buffers     cached
Mem:          992M       923M        69M         0B       556K        18M
-/+ buffers/cache:       904M        88M
Swap:         8.0G       429M       7.6G

             total       used       free     shared    buffers     cached
Mem:          992M       925M        67M         0B       556K        18M
-/+ buffers/cache:       906M        86M
Swap:         8.0G       428M       7.6G

             total       used       free     shared    buffers     cached
Mem:          992M       927M        64M         0B       556K        18M
-/+ buffers/cache:       908M        83M
Swap:         8.0G       427M       7.6G

             total       used       free     shared    buffers     cached
Mem:          992M       929M        62M         0B       564K        18M
-/+ buffers/cache:       910M        81M
Swap:         8.0G       425M       7.6G

             total       used       free     shared    buffers     cached
Mem:          992M       931M        60M         0B       564K        18M
-/+ buffers/cache:       912M        79M
Swap:         8.0G       424M       7.6G

             total       used       free     shared    buffers     cached
Mem:          992M       921M        70M         0B       564K        17M
-/+ buffers/cache:       903M        88M
Swap:         8.0G       438M       7.6G

             total       used       free     shared    buffers     cached
Mem:          992M       923M        68M         0B       564K        17M
-/+ buffers/cache:       905M        86M
Swap:         8.0G       437M       7.6G

             total       used       free     shared    buffers     cached
Mem:          992M       925M        67M         0B       564K        17M
-/+ buffers/cache:       907M        85M
Swap:         8.0G       436M       7.6G

             total       used       free     shared    buffers     cached
Mem:          992M       926M        65M         0B       572K        17M
-/+ buffers/cache:       908M        83M
Swap:         8.0G       435M       7.6G

             total       used       free     shared    buffers     cached
Mem:          992M       928M        63M         0B       572K        17M
-/+ buffers/cache:       910M        81M
Swap:         8.0G       434M       7.6G

             total       used       free     shared    buffers     cached
Mem:          992M       931M        61M         0B       572K        17M
-/+ buffers/cache:       913M        79M
Swap:         8.0G       433M       7.6G

             total       used       free     shared    buffers     cached
Mem:          992M       918M        73M         0B       572K        16M
-/+ buffers/cache:       901M        90M
Swap:         8.0G       438M       7.6G

             total       used       free     shared    buffers     cached
Mem:          992M       920M        71M         0B       572K        16M
-/+ buffers/cache:       903M        89M
Swap:         8.0G       437M       7.6G

             total       used       free     shared    buffers     cached
Mem:          992M       922M        69M         0B       580K        16M
-/+ buffers/cache:       905M        87M
Swap:         8.0G       436M       7.6G

             total       used       free     shared    buffers     cached
Mem:          992M       924M        67M         0B       580K        16M
-/+ buffers/cache:       907M        85M
Swap:         8.0G       435M       7.6G

             total       used       free     shared    buffers     cached
Mem:          992M       926M        65M         0B       580K        16M
-/+ buffers/cache:       909M        83M
Swap:         8.0G       434M       7.6G

             total       used       free     shared    buffers     cached
Mem:          992M       928M        63M         0B       580K        16M
-/+ buffers/cache:       911M        80M
Swap:         8.0G       433M       7.6G

             total       used       free     shared    buffers     cached
Mem:          992M       930M        61M         0B       580K        16M
-/+ buffers/cache:       913M        78M
Swap:         8.0G       432M       7.6G

             total       used       free     shared    buffers     cached
Mem:          992M       910M        82M         0B       580K        10M
-/+ buffers/cache:       898M        93M
Swap:         8.0G       458M       7.5G

             total       used       free     shared    buffers     cached
Mem:          992M       912M        80M         0B       588K        10M
-/+ buffers/cache:       900M        91M
Swap:         8.0G       457M       7.6G

             total       used       free     shared    buffers     cached
Mem:          992M       914M        77M         0B       588K        10M
-/+ buffers/cache:       903M        88M
Swap:         8.0G       456M       7.6G

             total       used       free     shared    buffers     cached
Mem:          992M       916M        75M         0B       588K        10M
-/+ buffers/cache:       905M        86M
Swap:         8.0G       455M       7.6G

             total       used       free     shared    buffers     cached
Mem:          992M       919M        73M         0B       588K        10M
-/+ buffers/cache:       907M        84M
Swap:         8.0G       454M       7.6G

             total       used       free     shared    buffers     cached
Mem:          992M       921M        70M         0B       588K        10M
-/+ buffers/cache:       910M        81M
Swap:         8.0G       453M       7.6G

             total       used       free     shared    buffers     cached
Mem:          992M       927M        65M         0B       596K        14M
-/+ buffers/cache:       912M        79M
Swap:         8.0G       452M       7.6G

             total       used       free     shared    buffers     cached
Mem:          992M       921M        70M         0B       596K        19M
-/+ buffers/cache:       901M        90M
Swap:         8.0G       450M       7.6G

             total       used       free     shared    buffers     cached
Mem:          992M       929M        62M         4K       1.8M        22M
-/+ buffers/cache:       904M        87M
Swap:         8.0G       449M       7.6G

             total       used       free     shared    buffers     cached
Mem:          992M       911M        80M         4K       1.4M        20M
-/+ buffers/cache:       888M       103M
Swap:         8.0G       482M       7.5G

             total       used       free     shared    buffers     cached
Mem:          992M       913M        78M         4K       1.4M        20M
-/+ buffers/cache:       891M       101M
Swap:         8.0G       481M       7.5G

             total       used       free     shared    buffers     cached
Mem:          992M       915M        76M         4K       1.4M        20M
-/+ buffers/cache:       893M        98M
Swap:         8.0G       479M       7.5G

             total       used       free     shared    buffers     cached
Mem:          992M       916M        75M         4K       1.4M        20M
-/+ buffers/cache:       894M        97M
Swap:         8.0G       479M       7.5G

             total       used       free     shared    buffers     cached
Mem:          992M       925M        66M         4K       1.8M        24M
-/+ buffers/cache:       899M        92M
Swap:         8.0G       477M       7.5G

             total       used       free     shared    buffers     cached
Mem:          992M       914M        77M        20K       1.8M        29M
-/+ buffers/cache:       883M       109M
Swap:         8.0G       498M       7.5G

             total       used       free     shared    buffers     cached
Mem:          992M       916M        75M        20K       1.8M        29M
-/+ buffers/cache:       885M       106M
Swap:         8.0G       497M       7.5G

             total       used       free     shared    buffers     cached
Mem:          992M       918M        73M        20K       1.8M        29M
-/+ buffers/cache:       887M       104M
Swap:         8.0G       496M       7.5G

             total       used       free     shared    buffers     cached
Mem:          992M       920M        71M        20K       1.8M        30M
-/+ buffers/cache:       888M       103M
Swap:         8.0G       495M       7.5G

             total       used       free     shared    buffers     cached
Mem:          992M       922M        70M        20K       1.8M        30M
-/+ buffers/cache:       889M       102M
Swap:         8.0G       494M       7.5G

             total       used       free     shared    buffers     cached
Mem:          992M       924M        68M        20K       1.8M        30M
-/+ buffers/cache:       891M       100M
Swap:         8.0G       493M       7.5G

             total       used       free     shared    buffers     cached
Mem:          992M       925M        66M        20K       1.8M        30M
-/+ buffers/cache:       892M        99M
Swap:         8.0G       493M       7.5G

             total       used       free     shared    buffers     cached
Mem:          992M       926M        65M        20K       1.8M        30M
-/+ buffers/cache:       894M        97M
Swap:         8.0G       492M       7.5G

             total       used       free     shared    buffers     cached
Mem:          992M       929M        62M        20K       1.8M        31M
-/+ buffers/cache:       896M        95M
Swap:         8.0G       491M       7.5G

             total       used       free     shared    buffers     cached
Mem:          992M       930M        61M        20K       1.8M        31M
-/+ buffers/cache:       897M        94M
Swap:         8.0G       490M       7.5G

             total       used       free     shared    buffers     cached
Mem:          992M       916M        76M        20K       1.8M        30M
-/+ buffers/cache:       883M       108M
Swap:         8.0G       491M       7.5G

             total       used       free     shared    buffers     cached
Mem:          992M       917M        74M        20K       1.8M        30M
-/+ buffers/cache:       884M       107M
Swap:         8.0G       490M       7.5G

             total       used       free     shared    buffers     cached
Mem:          992M       918M        73M        20K       1.8M        30M
-/+ buffers/cache:       886M       106M
Swap:         8.0G       490M       7.5G

             total       used       free     shared    buffers     cached
Mem:          992M       919M        72M        20K       1.8M        30M
-/+ buffers/cache:       887M       105M
Swap:         8.0G       489M       7.5G

             total       used       free     shared    buffers     cached
Mem:          992M       921M        71M        20K       1.8M        30M
-/+ buffers/cache:       888M       103M
Swap:         8.0G       489M       7.5G

             total       used       free     shared    buffers     cached
Mem:          992M       922M        69M        20K       1.8M        30M
-/+ buffers/cache:       889M       102M
Swap:         8.0G       488M       7.5G

             total       used       free     shared    buffers     cached
Mem:          992M       923M        68M        20K       1.8M        30M
-/+ buffers/cache:       890M       101M
Swap:         8.0G       487M       7.5G

             total       used       free     shared    buffers     cached
Mem:          992M       924M        67M        20K       1.8M        30M
-/+ buffers/cache:       892M       100M
Swap:         8.0G       487M       7.5G

             total       used       free     shared    buffers     cached
Mem:          992M       926M        66M        20K       1.8M        30M
-/+ buffers/cache:       893M        98M
Swap:         8.0G       486M       7.5G

             total       used       free     shared    buffers     cached
Mem:          992M       927M        64M        20K       1.8M        30M
-/+ buffers/cache:       894M        97M
Swap:         8.0G       486M       7.5G

             total       used       free     shared    buffers     cached
Mem:          992M       928M        63M        20K       1.8M        30M
-/+ buffers/cache:       895M        96M
Swap:         8.0G       485M       7.5G

             total       used       free     shared    buffers     cached
Mem:          992M       929M        62M        20K       1.8M        30M
-/+ buffers/cache:       896M        95M
Swap:         8.0G       485M       7.5G

             total       used       free     shared    buffers     cached
Mem:          992M       930M        61M        20K       1.8M        30M
-/+ buffers/cache:       898M        93M
Swap:         8.0G       484M       7.5G

             total       used       free     shared    buffers     cached
Mem:          992M       911M        80M        20K       1.8M        29M
-/+ buffers/cache:       880M       111M
Swap:         8.0G       505M       7.5G

             total       used       free     shared    buffers     cached
Mem:          992M       912M        79M        20K       1.8M        29M
-/+ buffers/cache:       881M       110M
Swap:         8.0G       504M       7.5G

             total       used       free     shared    buffers     cached
Mem:          992M       914M        77M        20K       1.8M        29M
-/+ buffers/cache:       883M       108M
Swap:         8.0G       504M       7.5G

             total       used       free     shared    buffers     cached
Mem:          992M       915M        76M        20K       1.8M        29M
-/+ buffers/cache:       884M       107M
Swap:         8.0G       503M       7.5G

             total       used       free     shared    buffers     cached
Mem:          992M       917M        75M        20K       1.8M        29M
-/+ buffers/cache:       885M       106M
Swap:         8.0G       502M       7.5G

             total       used       free     shared    buffers     cached
Mem:          992M       918M        73M        20K       1.8M        29M
-/+ buffers/cache:       887M       104M
Swap:         8.0G       501M       7.5G

             total       used       free     shared    buffers     cached
Mem:          992M       920M        72M        20K       1.8M        29M
-/+ buffers/cache:       888M       103M
Swap:         8.0G       501M       7.5G

             total       used       free     shared    buffers     cached
Mem:          992M       921M        70M        20K       1.8M        29M
-/+ buffers/cache:       890M       101M
Swap:         8.0G       500M       7.5G

             total       used       free     shared    buffers     cached
Mem:          992M       922M        69M        20K       1.8M        29M
-/+ buffers/cache:       891M       100M
Swap:         8.0G       500M       7.5G

             total       used       free     shared    buffers     cached
Mem:          992M       924M        68M        20K       1.8M        29M
-/+ buffers/cache:       892M        99M
Swap:         8.0G       499M       7.5G

             total       used       free     shared    buffers     cached
Mem:          992M       924M        67M        20K       1.8M        29M
-/+ buffers/cache:       893M        98M
Swap:         8.0G       498M       7.5G

             total       used       free     shared    buffers     cached
Mem:          992M       926M        65M        20K       1.8M        29M
-/+ buffers/cache:       895M        96M
Swap:         8.0G       498M       7.5G

             total       used       free     shared    buffers     cached
Mem:          992M       927M        64M        20K       1.9M        29M
-/+ buffers/cache:       896M        95M
Swap:         8.0G       497M       7.5G

             total       used       free     shared    buffers     cached
Mem:          992M       929M        62M        20K       1.9M        29M
-/+ buffers/cache:       898M        94M
Swap:         8.0G       496M       7.5G

             total       used       free     shared    buffers     cached
Mem:          992M       930M        61M        20K       1.9M        29M
-/+ buffers/cache:       899M        92M
Swap:         8.0G       496M       7.5G

             total       used       free     shared    buffers     cached
Mem:          992M       915M        76M        20K       1.9M        27M
-/+ buffers/cache:       885M       106M
Swap:         8.0G       503M       7.5G

             total       used       free     shared    buffers     cached
Mem:          992M       916M        75M        20K       1.9M        27M
-/+ buffers/cache:       887M       104M
Swap:         8.0G       502M       7.5G

             total       used       free     shared    buffers     cached
Mem:          992M       918M        73M        20K       1.9M        27M
-/+ buffers/cache:       888M       103M
Swap:         8.0G       502M       7.5G

             total       used       free     shared    buffers     cached
Mem:          992M       919M        72M        20K       1.9M        27M
-/+ buffers/cache:       889M       102M
Swap:         8.0G       501M       7.5G

             total       used       free     shared    buffers     cached
Mem:          992M       920M        71M        20K       1.9M        27M
-/+ buffers/cache:       891M       101M
Swap:         8.0G       500M       7.5G

             total       used       free     shared    buffers     cached
Mem:          992M       922M        69M        20K       1.9M        27M
-/+ buffers/cache:       892M        99M
Swap:         8.0G       499M       7.5G

             total       used       free     shared    buffers     cached
Mem:          992M       923M        68M        20K       1.9M        27M
-/+ buffers/cache:       893M        98M
Swap:         8.0G       499M       7.5G

             total       used       free     shared    buffers     cached
Mem:          992M       924M        67M        20K       1.9M        27M
-/+ buffers/cache:       895M        96M
Swap:         8.0G       498M       7.5G

             total       used       free     shared    buffers     cached
Mem:          992M       926M        66M        20K       1.9M        27M
-/+ buffers/cache:       896M        95M
Swap:         8.0G       497M       7.5G

             total       used       free     shared    buffers     cached
Mem:          992M       927M        64M        20K       1.9M        27M
-/+ buffers/cache:       897M        94M
Swap:         8.0G       497M       7.5G

             total       used       free     shared    buffers     cached
Mem:          992M       928M        63M        20K       1.9M        27M
-/+ buffers/cache:       899M        92M
Swap:         8.0G       496M       7.5G

             total       used       free     shared    buffers     cached
Mem:          992M       930M        61M        20K       1.9M        27M
-/+ buffers/cache:       900M        91M
Swap:         8.0G       495M       7.5G

             total       used       free     shared    buffers     cached
Mem:          992M       916M        75M        20K       596K        25M
-/+ buffers/cache:       890M       101M
Swap:         8.0G       504M       7.5G

             total       used       free     shared    buffers     cached
Mem:          992M       917M        74M        20K       596K        25M
-/+ buffers/cache:       891M       100M
Swap:         8.0G       504M       7.5G

             total       used       free     shared    buffers     cached
Mem:          992M       919M        72M        20K       604K        26M
-/+ buffers/cache:       892M        99M
Swap:         8.0G       503M       7.5G

             total       used       free     shared    buffers     cached
Mem:          992M       921M        71M        20K       604K        26M
-/+ buffers/cache:       894M        98M
Swap:         8.0G       502M       7.5G

             total       used       free     shared    buffers     cached
Mem:          992M       922M        69M        20K       604K        26M
-/+ buffers/cache:       895M        96M
Swap:         8.0G       502M       7.5G

             total       used       free     shared    buffers     cached
Mem:          992M       923M        68M        20K       604K        26M
-/+ buffers/cache:       896M        95M
Swap:         8.0G       501M       7.5G

             total       used       free     shared    buffers     cached
Mem:          992M       925M        66M        20K       604K        26M
-/+ buffers/cache:       898M        93M
Swap:         8.0G       500M       7.5G

             total       used       free     shared    buffers     cached
Mem:          992M       926M        65M        20K       612K        26M
-/+ buffers/cache:       899M        92M
Swap:         8.0G       499M       7.5G

             total       used       free     shared    buffers     cached
Mem:          992M       928M        63M        20K       612K        26M
-/+ buffers/cache:       901M        90M
Swap:         8.0G       498M       7.5G

             total       used       free     shared    buffers     cached
Mem:          992M       929M        62M        20K       612K        26M
-/+ buffers/cache:       902M        89M
Swap:         8.0G       498M       7.5G

             total       used       free     shared    buffers     cached
Mem:          992M       931M        60M        20K       612K        26M
-/+ buffers/cache:       904M        87M
Swap:         8.0G       497M       7.5G

             total       used       free     shared    buffers     cached
Mem:          992M       914M        77M        20K       136K        24M
-/+ buffers/cache:       890M       101M
Swap:         8.0G       511M       7.5G

             total       used       free     shared    buffers     cached
Mem:          992M       915M        76M        20K       136K        24M
-/+ buffers/cache:       891M       100M
Swap:         8.0G       511M       7.5G

             total       used       free     shared    buffers     cached
Mem:          992M       917M        74M        20K       144K        24M
-/+ buffers/cache:       893M        99M
Swap:         8.0G       510M       7.5G

             total       used       free     shared    buffers     cached
Mem:          992M       918M        73M        20K       144K        24M
-/+ buffers/cache:       894M        97M
Swap:         8.0G       509M       7.5G

             total       used       free     shared    buffers     cached
Mem:          992M       921M        70M        20K       144K        25M
-/+ buffers/cache:       896M        95M
Swap:         8.0G       508M       7.5G

             total       used       free     shared    buffers     cached
Mem:          992M       922M        69M        24K       144K        25M
-/+ buffers/cache:       897M        94M
Swap:         8.0G       508M       7.5G

             total       used       free     shared    buffers     cached
Mem:          992M       924M        68M        24K       144K        25M
-/+ buffers/cache:       898M        93M
Swap:         8.0G       507M       7.5G

             total       used       free     shared    buffers     cached
Mem:          992M       914M        78M        24K       152K        22M
-/+ buffers/cache:       891M       101M
Swap:         8.0G       513M       7.5G

             total       used       free     shared    buffers     cached
Mem:          992M       915M        76M        24K       152K        22M
-/+ buffers/cache:       892M        99M
Swap:         8.0G       512M       7.5G

             total       used       free     shared    buffers     cached
Mem:          992M       924M        67M        24K       152K        26M
-/+ buffers/cache:       897M        94M
Swap:         8.0G       510M       7.5G

             total       used       free     shared    buffers     cached
Mem:          992M       925M        67M        24K       152K        26M
-/+ buffers/cache:       898M        93M
Swap:         8.0G       509M       7.5G

             total       used       free     shared    buffers     cached
Mem:          992M       925M        66M        24K       152K        26M
-/+ buffers/cache:       899M        92M
Swap:         8.0G       509M       7.5G

             total       used       free     shared    buffers     cached
Mem:          992M       926M        65M        24K       152K        26M
-/+ buffers/cache:       900M        91M
Swap:         8.0G       508M       7.5G

             total       used       free     shared    buffers     cached
Mem:          992M       927M        64M        24K       160K        26M
-/+ buffers/cache:       900M        91M
Swap:         8.0G       508M       7.5G

             total       used       free     shared    buffers     cached
Mem:          992M       927M        64M        24K       160K        26M
-/+ buffers/cache:       901M        90M
Swap:         8.0G       508M       7.5G

             total       used       free     shared    buffers     cached
Mem:          992M       928M        63M        24K       160K        26M
-/+ buffers/cache:       902M        89M
Swap:         8.0G       507M       7.5G

             total       used       free     shared    buffers     cached
Mem:          992M       929M        62M        24K       160K        26M
-/+ buffers/cache:       903M        89M
Swap:         8.0G       507M       7.5G

             total       used       free     shared    buffers     cached
Mem:          992M       930M        62M        24K       160K        26M
-/+ buffers/cache:       903M        88M
Swap:         8.0G       506M       7.5G

             total       used       free     shared    buffers     cached
Mem:          992M       930M        61M        24K       168K        26M
-/+ buffers/cache:       904M        87M
Swap:         8.0G       506M       7.5G

             total       used       free     shared    buffers     cached
Mem:          992M       917M        74M       180K       100K        27M
-/+ buffers/cache:       889M       102M
Swap:         8.0G       534M       7.5G

             total       used       free     shared    buffers     cached
Mem:          992M       901M        90M       3.8M       3.1M        45M
-/+ buffers/cache:       853M       139M
Swap:         8.0G       572M       7.4G

             total       used       free     shared    buffers     cached
Mem:          992M       915M        77M       216K       2.8M        60M
-/+ buffers/cache:       851M       140M
Swap:         8.0G       576M       7.4G

             total       used       free     shared    buffers     cached
Mem:          992M       923M        68M       220K       2.9M        62M
-/+ buffers/cache:       857M       134M
Swap:         8.0G       573M       7.4G

             total       used       free     shared    buffers     cached
Mem:          992M       924M        67M       220K       2.9M        62M
-/+ buffers/cache:       859M       132M
Swap:         8.0G       572M       7.4G

             total       used       free     shared    buffers     cached
Mem:          992M       925M        66M       220K       3.0M        62M
-/+ buffers/cache:       860M       132M
Swap:         8.0G       571M       7.4G

             total       used       free     shared    buffers     cached
Mem:          992M       927M        65M       220K       3.0M        62M
-/+ buffers/cache:       861M       130M
Swap:         8.0G       571M       7.4G

             total       used       free     shared    buffers     cached
Mem:          992M       928M        63M       220K       3.0M        62M
-/+ buffers/cache:       862M       129M
Swap:         8.0G       570M       7.4G

             total       used       free     shared    buffers     cached
Mem:          992M       930M        61M       220K       3.1M        63M
-/+ buffers/cache:       864M       128M
Swap:         8.0G       569M       7.4G

             total       used       free     shared    buffers     cached
Mem:          992M       909M        82M       220K       3.1M        60M
-/+ buffers/cache:       846M       145M
Swap:         8.0G       582M       7.4G

             total       used       free     shared    buffers     cached
Mem:          992M       911M        81M       220K       3.1M        60M
-/+ buffers/cache:       847M       144M
Swap:         8.0G       581M       7.4G

             total       used       free     shared    buffers     cached
Mem:          992M       912M        79M       220K       3.1M        60M
-/+ buffers/cache:       848M       143M
Swap:         8.0G       581M       7.4G

             total       used       free     shared    buffers     cached
Mem:          992M       913M        78M       220K       3.1M        60M
-/+ buffers/cache:       849M       142M
Swap:         8.0G       580M       7.4G

             total       used       free     shared    buffers     cached
Mem:          992M       914M        77M       220K       3.1M        60M
-/+ buffers/cache:       851M       140M
Swap:         8.0G       579M       7.4G

             total       used       free     shared    buffers     cached
Mem:          992M       915M        76M       220K       3.1M        60M
-/+ buffers/cache:       852M       139M
Swap:         8.0G       579M       7.4G

             total       used       free     shared    buffers     cached
Mem:          992M       917M        74M       220K       3.1M        60M
-/+ buffers/cache:       853M       138M
Swap:         8.0G       578M       7.4G

             total       used       free     shared    buffers     cached
Mem:          992M       918M        73M       220K       3.1M        60M
-/+ buffers/cache:       855M       136M
Swap:         8.0G       578M       7.4G

             total       used       free     shared    buffers     cached
Mem:          992M       920M        72M       220K       3.1M        60M
-/+ buffers/cache:       856M       135M
Swap:         8.0G       577M       7.4G

             total       used       free     shared    buffers     cached
Mem:          992M       921M        70M       220K       3.1M        60M
-/+ buffers/cache:       857M       134M
Swap:         8.0G       576M       7.4G

             total       used       free     shared    buffers     cached
Mem:          992M       923M        69M       220K       3.1M        60M
-/+ buffers/cache:       859M       132M
Swap:         8.0G       576M       7.4G

             total       used       free     shared    buffers     cached
Mem:          992M       924M        67M       220K       3.1M        60M
-/+ buffers/cache:       860M       131M
Swap:         8.0G       575M       7.4G

             total       used       free     shared    buffers     cached
Mem:          992M       926M        66M       220K       3.1M        60M
-/+ buffers/cache:       862M       129M
Swap:         8.0G       575M       7.4G

             total       used       free     shared    buffers     cached
Mem:          992M       927M        64M       220K       3.1M        60M
-/+ buffers/cache:       863M       128M
Swap:         8.0G       574M       7.4G

             total       used       free     shared    buffers     cached
Mem:          992M       928M        63M       220K       3.1M        60M
-/+ buffers/cache:       864M       127M
Swap:         8.0G       573M       7.4G

             total       used       free     shared    buffers     cached
Mem:          992M       930M        62M       220K       3.1M        60M
-/+ buffers/cache:       866M       125M
Swap:         8.0G       573M       7.4G

             total       used       free     shared    buffers     cached
Mem:          992M       931M        60M       220K       3.1M        60M
-/+ buffers/cache:       867M       124M
Swap:         8.0G       572M       7.4G

             total       used       free     shared    buffers     cached
Mem:          992M       920M        72M       220K       3.1M        59M
-/+ buffers/cache:       856M       135M
Swap:         8.0G       586M       7.4G

             total       used       free     shared    buffers     cached
Mem:          992M       921M        70M       220K       3.1M        59M
-/+ buffers/cache:       858M       133M
Swap:         8.0G       585M       7.4G

             total       used       free     shared    buffers     cached
Mem:          992M       922M        69M       220K       3.1M        59M
-/+ buffers/cache:       859M       132M
Swap:         8.0G       584M       7.4G

             total       used       free     shared    buffers     cached
Mem:          992M       924M        68M       220K       3.1M        59M
-/+ buffers/cache:       861M       131M
Swap:         8.0G       584M       7.4G

             total       used       free     shared    buffers     cached
Mem:          992M       925M        66M       220K       3.1M        59M
-/+ buffers/cache:       862M       129M
Swap:         8.0G       583M       7.4G

             total       used       free     shared    buffers     cached
Mem:          992M       926M        65M       220K       3.1M        59M
-/+ buffers/cache:       863M       128M
Swap:         8.0G       583M       7.4G

             total       used       free     shared    buffers     cached
Mem:          992M       928M        63M       220K       3.1M        60M
-/+ buffers/cache:       865M       127M
Swap:         8.0G       582M       7.4G

             total       used       free     shared    buffers     cached
Mem:          992M       930M        62M       220K       3.5M        60M
-/+ buffers/cache:       866M       126M
Swap:         8.0G       582M       7.4G

             total       used       free     shared    buffers     cached
Mem:          992M       931M        60M       220K       3.5M        60M
-/+ buffers/cache:       867M       124M
Swap:         8.0G       581M       7.4G

             total       used       free     shared    buffers     cached
Mem:          992M       915M        76M       220K       3.5M        59M
-/+ buffers/cache:       852M       139M
Swap:         8.0G       594M       7.4G

             total       used       free     shared    buffers     cached
Mem:          992M       917M        75M       220K       3.5M        59M
-/+ buffers/cache:       853M       138M
Swap:         8.0G       593M       7.4G

             total       used       free     shared    buffers     cached
Mem:          992M       918M        73M       220K       3.5M        59M
-/+ buffers/cache:       855M       137M
Swap:         8.0G       593M       7.4G

             total       used       free     shared    buffers     cached
Mem:          992M       920M        72M       220K       3.5M        59M
-/+ buffers/cache:       856M       135M
Swap:         8.0G       592M       7.4G

             total       used       free     shared    buffers     cached
Mem:          992M       921M        71M       220K       3.5M        59M
-/+ buffers/cache:       857M       134M
Swap:         8.0G       591M       7.4G

             total       used       free     shared    buffers     cached
Mem:          992M       922M        69M       220K       3.5M        59M
-/+ buffers/cache:       859M       132M
Swap:         8.0G       591M       7.4G

             total       used       free     shared    buffers     cached
Mem:          992M       920M        71M       272K       8.1M        71M
-/+ buffers/cache:       841M       150M
Swap:         8.0G       607M       7.4G

             total       used       free     shared    buffers     cached
Mem:          992M       925M        67M       268K       8.4M        73M
-/+ buffers/cache:       843M       149M
Swap:         8.0G       606M       7.4G
