             total       used       free     shared    buffers     cached
Mem:          992M       661M       330M       3.2M        38M       289M
-/+ buffers/cache:       333M       658M
Swap:         8.0G         0B       8.0G

             total       used       free     shared    buffers     cached
Mem:          992M       660M       331M       1.4M        38M       287M
-/+ buffers/cache:       333M       658M
Swap:         8.0G         0B       8.0G

             total       used       free     shared    buffers     cached
Mem:          992M       660M       331M       1.4M        38M       287M
-/+ buffers/cache:       333M       658M
Swap:         8.0G         0B       8.0G

             total       used       free     shared    buffers     cached
Mem:          992M       660M       331M       1.4M        38M       287M
-/+ buffers/cache:       333M       658M
Swap:         8.0G         0B       8.0G

             total       used       free     shared    buffers     cached
Mem:          992M       660M       331M       1.4M        38M       287M
-/+ buffers/cache:       333M       658M
Swap:         8.0G         0B       8.0G

             total       used       free     shared    buffers     cached
Mem:          992M       660M       331M       1.4M        38M       287M
-/+ buffers/cache:       333M       658M
Swap:         8.0G         0B       8.0G

             total       used       free     shared    buffers     cached
Mem:          992M       659M       332M       1.4M        38M       287M
-/+ buffers/cache:       333M       658M
Swap:         8.0G         0B       8.0G

             total       used       free     shared    buffers     cached
Mem:          992M       659M       332M       1.4M        38M       288M
-/+ buffers/cache:       333M       659M
Swap:         8.0G         0B       8.0G

             total       used       free     shared    buffers     cached
Mem:          992M       659M       332M       1.4M        38M       288M
-/+ buffers/cache:       332M       659M
Swap:         8.0G         0B       8.0G

             total       used       free     shared    buffers     cached
Mem:          992M       663M       329M       1.4M        38M       288M
-/+ buffers/cache:       336M       655M
Swap:         8.0G         0B       8.0G

             total       used       free     shared    buffers     cached
Mem:          992M       671M       320M       1.4M        38M       288M
-/+ buffers/cache:       345M       647M
Swap:         8.0G         0B       8.0G

             total       used       free     shared    buffers     cached
Mem:          992M       685M       307M       1.4M        38M       288M
-/+ buffers/cache:       357M       634M
Swap:         8.0G         0B       8.0G

             total       used       free     shared    buffers     cached
Mem:          992M       668M       323M       1.4M        38M       289M
-/+ buffers/cache:       341M       651M
Swap:         8.0G         0B       8.0G

             total       used       free     shared    buffers     cached
Mem:          992M       676M       315M       1.4M        38M       289M
-/+ buffers/cache:       348M       643M
Swap:         8.0G         0B       8.0G

             total       used       free     shared    buffers     cached
Mem:          992M       669M       322M       1.4M        38M       289M
-/+ buffers/cache:       341M       650M
Swap:         8.0G         0B       8.0G

             total       used       free     shared    buffers     cached
Mem:          992M       669M       322M       1.4M        38M       289M
-/+ buffers/cache:       341M       650M
Swap:         8.0G         0B       8.0G

             total       used       free     shared    buffers     cached
Mem:          992M       669M       322M       1.4M        38M       289M
-/+ buffers/cache:       341M       650M
Swap:         8.0G         0B       8.0G

             total       used       free     shared    buffers     cached
Mem:          992M       669M       322M       1.4M        38M       289M
-/+ buffers/cache:       341M       651M
Swap:         8.0G         0B       8.0G

             total       used       free     shared    buffers     cached
Mem:          992M       669M       322M       1.4M        38M       289M
-/+ buffers/cache:       341M       651M
Swap:         8.0G         0B       8.0G

             total       used       free     shared    buffers     cached
Mem:          992M       669M       322M       1.4M        38M       289M
-/+ buffers/cache:       341M       651M
Swap:         8.0G         0B       8.0G

             total       used       free     shared    buffers     cached
Mem:          992M       669M       322M       1.4M        38M       289M
-/+ buffers/cache:       341M       651M
Swap:         8.0G         0B       8.0G

             total       used       free     shared    buffers     cached
Mem:          992M       669M       322M       1.4M        38M       289M
-/+ buffers/cache:       341M       650M
Swap:         8.0G         0B       8.0G

             total       used       free     shared    buffers     cached
Mem:          992M       669M       322M       1.4M        38M       289M
-/+ buffers/cache:       341M       650M
Swap:         8.0G         0B       8.0G

             total       used       free     shared    buffers     cached
Mem:          992M       669M       322M       1.4M        38M       289M
-/+ buffers/cache:       341M       650M
Swap:         8.0G         0B       8.0G

             total       used       free     shared    buffers     cached
Mem:          992M       669M       322M       1.4M        38M       289M
-/+ buffers/cache:       341M       650M
Swap:         8.0G         0B       8.0G

             total       used       free     shared    buffers     cached
Mem:          992M       669M       322M       1.4M        38M       289M
-/+ buffers/cache:       341M       650M
Swap:         8.0G         0B       8.0G

             total       used       free     shared    buffers     cached
Mem:          992M       669M       322M       1.4M        38M       289M
-/+ buffers/cache:       341M       650M
Swap:         8.0G         0B       8.0G

             total       used       free     shared    buffers     cached
Mem:          992M       669M       322M       1.4M        38M       289M
-/+ buffers/cache:       341M       650M
Swap:         8.0G         0B       8.0G

             total       used       free     shared    buffers     cached
Mem:          992M       669M       322M       1.4M        38M       289M
-/+ buffers/cache:       341M       650M
Swap:         8.0G         0B       8.0G

             total       used       free     shared    buffers     cached
Mem:          992M       669M       322M       1.4M        38M       289M
-/+ buffers/cache:       341M       650M
Swap:         8.0G         0B       8.0G

             total       used       free     shared    buffers     cached
Mem:          992M       669M       322M       1.4M        38M       289M
-/+ buffers/cache:       341M       650M
Swap:         8.0G         0B       8.0G

             total       used       free     shared    buffers     cached
Mem:          992M       669M       322M       1.4M        38M       289M
-/+ buffers/cache:       341M       650M
Swap:         8.0G         0B       8.0G

             total       used       free     shared    buffers     cached
Mem:          992M       669M       322M       1.4M        38M       289M
-/+ buffers/cache:       341M       650M
Swap:         8.0G         0B       8.0G

             total       used       free     shared    buffers     cached
Mem:          992M       674M       317M       1.4M        38M       289M
-/+ buffers/cache:       346M       645M
Swap:         8.0G         0B       8.0G

             total       used       free     shared    buffers     cached
Mem:          992M       690M       302M       1.4M        38M       289M
-/+ buffers/cache:       361M       630M
Swap:         8.0G         0B       8.0G

             total       used       free     shared    buffers     cached
Mem:          992M       704M       288M       1.4M        38M       289M
-/+ buffers/cache:       375M       616M
Swap:         8.0G         0B       8.0G

             total       used       free     shared    buffers     cached
Mem:          992M       720M       272M       1.4M        38M       289M
-/+ buffers/cache:       391M       600M
Swap:         8.0G         0B       8.0G

             total       used       free     shared    buffers     cached
Mem:          992M       735M       256M       1.4M        38M       289M
-/+ buffers/cache:       407M       584M
Swap:         8.0G         0B       8.0G

             total       used       free     shared    buffers     cached
Mem:          992M       753M       239M       1.4M        38M       289M
-/+ buffers/cache:       424M       567M
Swap:         8.0G         0B       8.0G

             total       used       free     shared    buffers     cached
Mem:          992M       771M       221M       1.4M        38M       289M
-/+ buffers/cache:       442M       549M
Swap:         8.0G         0B       8.0G

             total       used       free     shared    buffers     cached
Mem:          992M       787M       204M       1.4M        38M       289M
-/+ buffers/cache:       459M       533M
Swap:         8.0G         0B       8.0G

             total       used       free     shared    buffers     cached
Mem:          992M       806M       185M       1.4M        38M       289M
-/+ buffers/cache:       478M       513M
Swap:         8.0G         0B       8.0G

             total       used       free     shared    buffers     cached
Mem:          992M       824M       167M       1.4M        38M       289M
-/+ buffers/cache:       496M       495M
Swap:         8.0G         0B       8.0G

             total       used       free     shared    buffers     cached
Mem:          992M       846M       145M       1.4M        38M       289M
-/+ buffers/cache:       518M       473M
Swap:         8.0G         0B       8.0G

             total       used       free     shared    buffers     cached
Mem:          992M       865M       126M       1.4M        38M       289M
-/+ buffers/cache:       537M       454M
Swap:         8.0G         0B       8.0G

             total       used       free     shared    buffers     cached
Mem:          992M       884M       107M       1.4M        38M       289M
-/+ buffers/cache:       556M       435M
Swap:         8.0G         0B       8.0G

             total       used       free     shared    buffers     cached
Mem:          992M       901M        90M       1.4M        38M       289M
-/+ buffers/cache:       573M       418M
Swap:         8.0G         0B       8.0G

             total       used       free     shared    buffers     cached
Mem:          992M       920M        71M       1.4M        38M       289M
-/+ buffers/cache:       592M       399M
Swap:         8.0G         0B       8.0G

             total       used       free     shared    buffers     cached
Mem:          992M       923M        69M       1.4M        25M       288M
-/+ buffers/cache:       608M       383M
Swap:         8.0G         0B       8.0G

             total       used       free     shared    buffers     cached
Mem:          992M       915M        76M       1.4M        10M       281M
-/+ buffers/cache:       623M       368M
Swap:         8.0G         0B       8.0G

             total       used       free     shared    buffers     cached
Mem:          992M       930M        61M       1.4M        10M       281M
-/+ buffers/cache:       638M       353M
Swap:         8.0G         0B       8.0G

             total       used       free     shared    buffers     cached
Mem:          992M       928M        64M       1.4M       9.9M       264M
-/+ buffers/cache:       653M       338M
Swap:         8.0G       108K       8.0G

             total       used       free     shared    buffers     cached
Mem:          992M       924M        67M       1.3M       9.6M       244M
-/+ buffers/cache:       670M       321M
Swap:         8.0G       228K       8.0G

             total       used       free     shared    buffers     cached
Mem:          992M       927M        65M       1.3M       9.6M       232M
-/+ buffers/cache:       685M       307M
Swap:         8.0G       3.5M       8.0G

             total       used       free     shared    buffers     cached
Mem:          992M       913M        78M       1.1M       9.6M       206M
-/+ buffers/cache:       697M       294M
Swap:         8.0G       7.4M       8.0G

             total       used       free     shared    buffers     cached
Mem:          992M       928M        63M       1.1M       9.6M       206M
-/+ buffers/cache:       712M       279M
Swap:         8.0G       7.4M       8.0G

             total       used       free     shared    buffers     cached
Mem:          992M       930M        61M       1.1M       3.0M       200M
-/+ buffers/cache:       727M       264M
Swap:         8.0G       7.4M       8.0G

             total       used       free     shared    buffers     cached
Mem:          992M       928M        63M       1.1M       1.1M       186M
-/+ buffers/cache:       741M       250M
Swap:         8.0G       7.4M       8.0G

             total       used       free     shared    buffers     cached
Mem:          992M       919M        72M       1.1M       224K       164M
-/+ buffers/cache:       754M       237M
Swap:         8.0G       7.4M       8.0G

             total       used       free     shared    buffers     cached
Mem:          992M       932M        59M       1.1M       224K       164M
-/+ buffers/cache:       767M       224M
Swap:         8.0G       7.4M       8.0G

             total       used       free     shared    buffers     cached
Mem:          992M       925M        67M       1.1M       196K       145M
-/+ buffers/cache:       779M       212M
Swap:         8.0G       7.4M       8.0G

             total       used       free     shared    buffers     cached
Mem:          992M       930M        61M       1.1M       204K       145M
-/+ buffers/cache:       785M       207M
Swap:         8.0G       7.4M       8.0G

             total       used       free     shared    buffers     cached
Mem:          992M       928M        64M       1.1M       280K       128M
-/+ buffers/cache:       799M       192M
Swap:         8.0G       7.4M       8.0G

             total       used       free     shared    buffers     cached
Mem:          992M       927M        64M       1.1M       272K       113M
-/+ buffers/cache:       814M       178M
Swap:         8.0G       7.4M       8.0G

             total       used       free     shared    buffers     cached
Mem:          992M       926M        65M       1.1M       272K        99M
-/+ buffers/cache:       827M       165M
Swap:         8.0G       7.4M       8.0G

             total       used       free     shared    buffers     cached
Mem:          992M       928M        64M       1.1M       272K        87M
-/+ buffers/cache:       840M       151M
Swap:         8.0G       7.4M       8.0G

             total       used       free     shared    buffers     cached
Mem:          992M       930M        61M       1.1M       276K        77M
-/+ buffers/cache:       852M       139M
Swap:         8.0G       7.4M       8.0G

             total       used       free     shared    buffers     cached
Mem:          992M       929M        62M       1.1M       284K        60M
-/+ buffers/cache:       868M       123M
Swap:         8.0G       7.4M       8.0G

             total       used       free     shared    buffers     cached
Mem:          992M       930M        61M       1.1M       740K        48M
-/+ buffers/cache:       881M       110M
Swap:         8.0G       7.4M       8.0G

             total       used       free     shared    buffers     cached
Mem:          992M       922M        69M       1.1M       3.1M        25M
-/+ buffers/cache:       894M        97M
Swap:         8.0G        12M       8.0G

             total       used       free     shared    buffers     cached
Mem:          992M       924M        67M       988K       3.3M        22M
-/+ buffers/cache:       898M        93M
Swap:         8.0G        20M       8.0G

             total       used       free     shared    buffers     cached
Mem:          992M       925M        66M       668K       2.7M        18M
-/+ buffers/cache:       903M        88M
Swap:         8.0G        38M       8.0G

             total       used       free     shared    buffers     cached
Mem:          992M       927M        65M       684K       1.4M        12M
-/+ buffers/cache:       913M        78M
Swap:         8.0G        38M       8.0G

             total       used       free     shared    buffers     cached
Mem:          992M       918M        73M       680K       244K       3.5M
-/+ buffers/cache:       915M        77M
Swap:         8.0G        48M       7.9G

             total       used       free     shared    buffers     cached
Mem:          992M       918M        73M       680K       524K       3.5M
-/+ buffers/cache:       914M        77M
Swap:         8.0G        74M       7.9G

             total       used       free     shared    buffers     cached
Mem:          992M       916M        76M       664K       524K       3.6M
-/+ buffers/cache:       911M        80M
Swap:         8.0G        74M       7.9G

             total       used       free     shared    buffers     cached
Mem:          992M       929M        62M       664K       524K       3.6M
-/+ buffers/cache:       925M        66M
Swap:         8.0G        74M       7.9G

             total       used       free     shared    buffers     cached
Mem:          992M       930M        61M       648K       532K       3.4M
-/+ buffers/cache:       926M        65M
Swap:         8.0G       104M       7.9G

             total       used       free     shared    buffers     cached
Mem:          992M       926M        65M       648K       532K       3.3M
-/+ buffers/cache:       922M        69M
Swap:         8.0G       104M       7.9G

             total       used       free     shared    buffers     cached
Mem:          992M       925M        66M       644K       532K       3.3M
-/+ buffers/cache:       921M        70M
Swap:         8.0G       131M       7.9G

             total       used       free     shared    buffers     cached
Mem:          992M       924M        67M       640K       528K       3.2M
-/+ buffers/cache:       921M        71M
Swap:         8.0G       134M       7.9G

             total       used       free     shared    buffers     cached
Mem:          992M       912M        79M       588K       520K       2.8M
-/+ buffers/cache:       909M        82M
Swap:         8.0G       177M       7.8G

             total       used       free     shared    buffers     cached
Mem:          992M       926M        65M       572K       520K       2.9M
-/+ buffers/cache:       923M        69M
Swap:         8.0G       177M       7.8G

             total       used       free     shared    buffers     cached
Mem:          992M       926M        65M       572K       528K       2.9M
-/+ buffers/cache:       923M        68M
Swap:         8.0G       177M       7.8G

             total       used       free     shared    buffers     cached
Mem:          992M       924M        68M       572K       528K       2.8M
-/+ buffers/cache:       920M        71M
Swap:         8.0G       198M       7.8G

             total       used       free     shared    buffers     cached
Mem:          992M       927M        65M       572K       528K       2.9M
-/+ buffers/cache:       923M        68M
Swap:         8.0G       198M       7.8G

             total       used       free     shared    buffers     cached
Mem:          992M       921M        70M       548K       520K       2.8M
-/+ buffers/cache:       918M        73M
Swap:         8.0G       250M       7.8G

             total       used       free     shared    buffers     cached
Mem:          992M       921M        70M       548K       520K       2.8M
-/+ buffers/cache:       918M        73M
Swap:         8.0G       250M       7.8G

             total       used       free     shared    buffers     cached
Mem:          992M       927M        64M       548K       528K       2.8M
-/+ buffers/cache:       924M        67M
Swap:         8.0G       250M       7.8G

             total       used       free     shared    buffers     cached
Mem:          992M       923M        68M       548K       528K       2.8M
-/+ buffers/cache:       920M        72M
Swap:         8.0G       250M       7.8G

             total       used       free     shared    buffers     cached
Mem:          992M       919M        72M       548K       484K       2.7M
-/+ buffers/cache:       916M        75M
Swap:         8.0G       265M       7.7G

             total       used       free     shared    buffers     cached
Mem:          992M       927M        65M       548K       484K       2.7M
-/+ buffers/cache:       923M        68M
Swap:         8.0G       265M       7.7G

             total       used       free     shared    buffers     cached
Mem:          992M       920M        71M       548K       352K       2.6M
-/+ buffers/cache:       917M        74M
Swap:         8.0G       279M       7.7G

             total       used       free     shared    buffers     cached
Mem:          992M       927M        64M       548K       360K       2.6M
-/+ buffers/cache:       924M        67M
Swap:         8.0G       279M       7.7G

             total       used       free     shared    buffers     cached
Mem:          992M       917M        74M       548K       168K       2.6M
-/+ buffers/cache:       914M        77M
Swap:         8.0G       297M       7.7G

             total       used       free     shared    buffers     cached
Mem:          992M       922M        69M       548K       168K       2.7M
-/+ buffers/cache:       919M        72M
Swap:         8.0G       297M       7.7G

             total       used       free     shared    buffers     cached
Mem:          992M       927M        64M       548K       168K       2.6M
-/+ buffers/cache:       924M        67M
Swap:         8.0G       297M       7.7G

             total       used       free     shared    buffers     cached
Mem:          992M       917M        75M       548K        88K       2.6M
-/+ buffers/cache:       914M        77M
Swap:         8.0G       311M       7.7G

             total       used       free     shared    buffers     cached
Mem:          992M       922M        70M       548K        88K       2.7M
-/+ buffers/cache:       919M        72M
Swap:         8.0G       311M       7.7G

             total       used       free     shared    buffers     cached
Mem:          992M       927M        64M       548K        96K       2.7M
-/+ buffers/cache:       924M        67M
Swap:         8.0G       311M       7.7G

             total       used       free     shared    buffers     cached
Mem:          992M       931M        60M       548K        96K       2.6M
-/+ buffers/cache:       928M        63M
Swap:         8.0G       311M       7.7G

             total       used       free     shared    buffers     cached
Mem:          992M       922M        69M       472K        96K       2.6M
-/+ buffers/cache:       920M        71M
Swap:         8.0G       325M       7.7G

             total       used       free     shared    buffers     cached
Mem:          992M       928M        64M       472K        96K       2.6M
-/+ buffers/cache:       925M        66M
Swap:         8.0G       325M       7.7G

             total       used       free     shared    buffers     cached
Mem:          992M       917M        74M         4K        76K       2.1M
-/+ buffers/cache:       915M        76M
Swap:         8.0G       347M       7.7G

             total       used       free     shared    buffers     cached
Mem:          992M       926M        66M         8K        84K       2.0M
-/+ buffers/cache:       924M        68M
Swap:         8.0G       325M       7.7G

             total       used       free     shared    buffers     cached
Mem:          992M       919M        72M         8K        84K       1.8M
-/+ buffers/cache:       917M        74M
Swap:         8.0G       325M       7.7G

             total       used       free     shared    buffers     cached
Mem:          992M       918M        73M         0B        84K       1.5M
-/+ buffers/cache:       917M        75M
Swap:         8.0G       329M       7.7G

             total       used       free     shared    buffers     cached
Mem:          992M       928M        63M         0B        80K       1.4M
-/+ buffers/cache:       926M        65M
Swap:         8.0G       316M       7.7G

             total       used       free     shared    buffers     cached
Mem:          992M       919M        72M         0B        76K       1.3M
-/+ buffers/cache:       917M        74M
Swap:         8.0G       325M       7.7G

             total       used       free     shared    buffers     cached
Mem:          992M       919M        72M         0B        84K       1.4M
-/+ buffers/cache:       918M        73M
Swap:         8.0G       328M       7.7G

             total       used       free     shared    buffers     cached
Mem:          992M       919M        72M         0B        84K       1.4M
-/+ buffers/cache:       918M        73M
Swap:         8.0G       328M       7.7G

             total       used       free     shared    buffers     cached
Mem:          992M       928M        63M         0B        84K       1.4M
-/+ buffers/cache:       927M        64M
Swap:         8.0G       319M       7.7G

             total       used       free     shared    buffers     cached
Mem:          992M       859M       132M         0B        84K       1.3M
-/+ buffers/cache:       858M       134M
Swap:         8.0G       438M       7.6G

             total       used       free     shared    buffers     cached
Mem:          992M       894M        97M         0B        84K       1.4M
-/+ buffers/cache:       893M        98M
Swap:         8.0G       393M       7.6G

             total       used       free     shared    buffers     cached
Mem:          992M       919M        72M         0B        84K       1.4M
-/+ buffers/cache:       917M        74M
Swap:         8.0G       338M       7.7G

             total       used       free     shared    buffers     cached
Mem:          992M       930M        61M         0B        92K       1.4M
-/+ buffers/cache:       928M        63M
Swap:         8.0G       324M       7.7G

             total       used       free     shared    buffers     cached
Mem:          992M       913M        78M         0B        92K       1.7M
-/+ buffers/cache:       911M        80M
Swap:         8.0G       339M       7.7G

             total       used       free     shared    buffers     cached
Mem:          992M       916M        75M         0B        92K       1.7M
-/+ buffers/cache:       914M        77M
Swap:         8.0G       337M       7.7G

             total       used       free     shared    buffers     cached
Mem:          992M       920M        71M         0B        92K       1.7M
-/+ buffers/cache:       918M        73M
Swap:         8.0G       336M       7.7G

             total       used       free     shared    buffers     cached
Mem:          992M       925M        66M         0B        92K       1.7M
-/+ buffers/cache:       924M        68M
Swap:         8.0G       335M       7.7G

             total       used       free     shared    buffers     cached
Mem:          992M       930M        61M         0B       100K       1.7M
-/+ buffers/cache:       929M        63M
Swap:         8.0G       335M       7.7G

             total       used       free     shared    buffers     cached
Mem:          992M       922M        70M         0B        96K       1.7M
-/+ buffers/cache:       920M        71M
Swap:         8.0G       345M       7.7G

             total       used       free     shared    buffers     cached
Mem:          992M       927M        65M         0B        96K       1.7M
-/+ buffers/cache:       925M        66M
Swap:         8.0G       345M       7.7G

             total       used       free     shared    buffers     cached
Mem:          992M       914M        77M         0B        96K       1.7M
-/+ buffers/cache:       912M        79M
Swap:         8.0G       362M       7.6G

             total       used       free     shared    buffers     cached
Mem:          992M       918M        73M         0B        96K       1.7M
-/+ buffers/cache:       916M        75M
Swap:         8.0G       362M       7.6G

             total       used       free     shared    buffers     cached
Mem:          992M       923M        68M         0B       104K       1.7M
-/+ buffers/cache:       921M        70M
Swap:         8.0G       362M       7.6G

             total       used       free     shared    buffers     cached
Mem:          992M       927M        64M         0B       100K        19M
-/+ buffers/cache:       908M        83M
Swap:         8.0G       388M       7.6G

             total       used       free     shared    buffers     cached
Mem:          992M       929M        62M         0B       624K        19M
-/+ buffers/cache:       909M        82M
Swap:         8.0G       387M       7.6G

             total       used       free     shared    buffers     cached
Mem:          992M       905M        86M         0B       2.1M        17M
-/+ buffers/cache:       886M       105M
Swap:         8.0G       417M       7.6G

             total       used       free     shared    buffers     cached
Mem:          992M       907M        84M         4K       2.1M        17M
-/+ buffers/cache:       888M       103M
Swap:         8.0G       416M       7.6G

             total       used       free     shared    buffers     cached
Mem:          992M       909M        82M         4K       2.1M        17M
-/+ buffers/cache:       889M       102M
Swap:         8.0G       415M       7.6G

             total       used       free     shared    buffers     cached
Mem:          992M       910M        81M         4K       2.1M        17M
-/+ buffers/cache:       890M       101M
Swap:         8.0G       415M       7.6G

             total       used       free     shared    buffers     cached
Mem:          992M       911M        80M         4K       2.1M        17M
-/+ buffers/cache:       892M       100M
Swap:         8.0G       414M       7.6G

             total       used       free     shared    buffers     cached
Mem:          992M       913M        78M         4K       2.1M        17M
-/+ buffers/cache:       893M        98M
Swap:         8.0G       414M       7.6G

             total       used       free     shared    buffers     cached
Mem:          992M       914M        77M         4K       2.1M        17M
-/+ buffers/cache:       895M        97M
Swap:         8.0G       413M       7.6G

             total       used       free     shared    buffers     cached
Mem:          992M       916M        75M         4K       2.1M        17M
-/+ buffers/cache:       896M        95M
Swap:         8.0G       412M       7.6G

             total       used       free     shared    buffers     cached
Mem:          992M       918M        74M         4K       2.1M        17M
-/+ buffers/cache:       898M        93M
Swap:         8.0G       412M       7.6G

             total       used       free     shared    buffers     cached
Mem:          992M       919M        72M         4K       2.1M        17M
-/+ buffers/cache:       899M        92M
Swap:         8.0G       411M       7.6G

             total       used       free     shared    buffers     cached
Mem:          992M       921M        71M         4K       2.1M        17M
-/+ buffers/cache:       901M        90M
Swap:         8.0G       410M       7.6G

             total       used       free     shared    buffers     cached
Mem:          992M       923M        69M         4K       2.1M        17M
-/+ buffers/cache:       903M        88M
Swap:         8.0G       409M       7.6G

             total       used       free     shared    buffers     cached
Mem:          992M       924M        67M         4K       2.1M        17M
-/+ buffers/cache:       905M        87M
Swap:         8.0G       408M       7.6G

             total       used       free     shared    buffers     cached
Mem:          992M       926M        65M         4K       2.1M        17M
-/+ buffers/cache:       906M        85M
Swap:         8.0G       408M       7.6G

             total       used       free     shared    buffers     cached
Mem:          992M       927M        64M         4K       2.1M        17M
-/+ buffers/cache:       908M        84M
Swap:         8.0G       407M       7.6G

             total       used       free     shared    buffers     cached
Mem:          992M       929M        62M         4K       2.1M        17M
-/+ buffers/cache:       909M        82M
Swap:         8.0G       406M       7.6G

             total       used       free     shared    buffers     cached
Mem:          992M       931M        61M         4K       2.1M        17M
-/+ buffers/cache:       911M        80M
Swap:         8.0G       405M       7.6G

             total       used       free     shared    buffers     cached
Mem:          992M       919M        72M         4K       2.1M        16M
-/+ buffers/cache:       901M        90M
Swap:         8.0G       409M       7.6G

             total       used       free     shared    buffers     cached
Mem:          992M       921M        71M         4K       2.1M        16M
-/+ buffers/cache:       902M        89M
Swap:         8.0G       408M       7.6G

             total       used       free     shared    buffers     cached
Mem:          992M       922M        69M         4K       2.1M        16M
-/+ buffers/cache:       904M        87M
Swap:         8.0G       407M       7.6G

             total       used       free     shared    buffers     cached
Mem:          992M       924M        67M         4K       2.1M        16M
-/+ buffers/cache:       906M        86M
Swap:         8.0G       406M       7.6G

             total       used       free     shared    buffers     cached
Mem:          992M       926M        66M         4K       2.1M        16M
-/+ buffers/cache:       907M        84M
Swap:         8.0G       406M       7.6G

             total       used       free     shared    buffers     cached
Mem:          992M       927M        64M         4K       2.1M        16M
-/+ buffers/cache:       909M        82M
Swap:         8.0G       405M       7.6G

             total       used       free     shared    buffers     cached
Mem:          992M       928M        63M         4K       2.1M        16M
-/+ buffers/cache:       910M        81M
Swap:         8.0G       404M       7.6G

             total       used       free     shared    buffers     cached
Mem:          992M       930M        61M         4K       2.1M        16M
-/+ buffers/cache:       912M        79M
Swap:         8.0G       403M       7.6G

             total       used       free     shared    buffers     cached
Mem:          992M       917M        75M         4K       2.1M        13M
-/+ buffers/cache:       901M        90M
Swap:         8.0G       421M       7.6G

             total       used       free     shared    buffers     cached
Mem:          992M       918M        73M         4K       2.1M        13M
-/+ buffers/cache:       903M        88M
Swap:         8.0G       420M       7.6G

             total       used       free     shared    buffers     cached
Mem:          992M       920M        71M         4K       2.1M        13M
-/+ buffers/cache:       905M        87M
Swap:         8.0G       419M       7.6G

             total       used       free     shared    buffers     cached
Mem:          992M       922M        70M         4K       2.1M        13M
-/+ buffers/cache:       906M        85M
Swap:         8.0G       418M       7.6G

             total       used       free     shared    buffers     cached
Mem:          992M       924M        68M         4K       2.1M        13M
-/+ buffers/cache:       908M        83M
Swap:         8.0G       417M       7.6G

             total       used       free     shared    buffers     cached
Mem:          992M       925M        66M         4K       2.1M        13M
-/+ buffers/cache:       910M        81M
Swap:         8.0G       416M       7.6G

             total       used       free     shared    buffers     cached
Mem:          992M       927M        64M         4K       2.1M        13M
-/+ buffers/cache:       912M        79M
Swap:         8.0G       415M       7.6G

             total       used       free     shared    buffers     cached
Mem:          992M       929M        62M         4K       2.1M        13M
-/+ buffers/cache:       914M        78M
Swap:         8.0G       414M       7.6G

             total       used       free     shared    buffers     cached
Mem:          992M       931M        61M         4K       2.1M        13M
-/+ buffers/cache:       915M        76M
Swap:         8.0G       413M       7.6G

             total       used       free     shared    buffers     cached
Mem:          992M       920M        71M         4K       1.3M        10M
-/+ buffers/cache:       908M        83M
Swap:         8.0G       420M       7.6G

             total       used       free     shared    buffers     cached
Mem:          992M       922M        70M         4K       1.3M        10M
-/+ buffers/cache:       910M        81M
Swap:         8.0G       419M       7.6G

             total       used       free     shared    buffers     cached
Mem:          992M       923M        68M         4K       1.3M        10M
-/+ buffers/cache:       912M        79M
Swap:         8.0G       418M       7.6G

             total       used       free     shared    buffers     cached
Mem:          992M       925M        66M         4K       1.3M        10M
-/+ buffers/cache:       913M        78M
Swap:         8.0G       417M       7.6G

             total       used       free     shared    buffers     cached
Mem:          992M       927M        64M         4K       1.3M        10M
-/+ buffers/cache:       915M        76M
Swap:         8.0G       416M       7.6G

             total       used       free     shared    buffers     cached
Mem:          992M       929M        62M         4K       1.3M        10M
-/+ buffers/cache:       917M        74M
Swap:         8.0G       415M       7.6G

             total       used       free     shared    buffers     cached
Mem:          992M       931M        61M         4K       1.3M        10M
-/+ buffers/cache:       919M        72M
Swap:         8.0G       414M       7.6G

             total       used       free     shared    buffers     cached
Mem:          992M       915M        76M         4K       276K       2.5M
-/+ buffers/cache:       913M        79M
Swap:         8.0G       416M       7.6G

             total       used       free     shared    buffers     cached
Mem:          992M       917M        74M         4K       548K       2.5M
-/+ buffers/cache:       914M        77M
Swap:         8.0G       415M       7.6G

             total       used       free     shared    buffers     cached
Mem:          992M       919M        72M         4K       548K       2.5M
-/+ buffers/cache:       916M        75M
Swap:         8.0G       414M       7.6G

             total       used       free     shared    buffers     cached
Mem:          992M       921M        70M         4K       548K       2.5M
-/+ buffers/cache:       918M        73M
Swap:         8.0G       413M       7.6G

             total       used       free     shared    buffers     cached
Mem:          992M       923M        68M         4K       556K       2.5M
-/+ buffers/cache:       920M        71M
Swap:         8.0G       412M       7.6G

             total       used       free     shared    buffers     cached
Mem:          992M       925M        67M         4K       556K       2.5M
-/+ buffers/cache:       922M        70M
Swap:         8.0G       411M       7.6G

             total       used       free     shared    buffers     cached
Mem:          992M       927M        64M         4K       556K       2.5M
-/+ buffers/cache:       924M        67M
Swap:         8.0G       410M       7.6G

             total       used       free     shared    buffers     cached
Mem:          992M       930M        61M         4K       556K       4.1M
-/+ buffers/cache:       926M        66M
Swap:         8.0G       409M       7.6G

             total       used       free     shared    buffers     cached
Mem:          992M       917M        74M         4K       420K       3.1M
-/+ buffers/cache:       913M        78M
Swap:         8.0G       429M       7.6G

             total       used       free     shared    buffers     cached
Mem:          992M       918M        73M         4K       420K       3.1M
-/+ buffers/cache:       914M        77M
Swap:         8.0G       429M       7.6G

             total       used       free     shared    buffers     cached
Mem:          992M       919M        73M         4K       428K       3.1M
-/+ buffers/cache:       915M        76M
Swap:         8.0G       428M       7.6G

             total       used       free     shared    buffers     cached
Mem:          992M       922M        69M         4K       716K       4.0M
-/+ buffers/cache:       917M        74M
Swap:         8.0G       427M       7.6G

             total       used       free     shared    buffers     cached
Mem:          992M       920M        72M         4K       936K        14M
-/+ buffers/cache:       904M        87M
Swap:         8.0G       439M       7.6G

             total       used       free     shared    buffers     cached
Mem:          992M       917M        74M        20K       576K        28M
-/+ buffers/cache:       889M       103M
Swap:         8.0G       455M       7.6G

             total       used       free     shared    buffers     cached
Mem:          992M       918M        73M        20K       576K        28M
-/+ buffers/cache:       890M       102M
Swap:         8.0G       454M       7.6G

             total       used       free     shared    buffers     cached
Mem:          992M       919M        72M        20K       584K        28M
-/+ buffers/cache:       891M       101M
Swap:         8.0G       454M       7.6G

             total       used       free     shared    buffers     cached
Mem:          992M       921M        70M        20K       584K        28M
-/+ buffers/cache:       892M        99M
Swap:         8.0G       453M       7.6G

             total       used       free     shared    buffers     cached
Mem:          992M       927M        64M        20K       584K        33M
-/+ buffers/cache:       893M        98M
Swap:         8.0G       452M       7.6G

             total       used       free     shared    buffers     cached
Mem:          992M       928M        63M        20K       584K        33M
-/+ buffers/cache:       894M        97M
Swap:         8.0G       452M       7.6G

             total       used       free     shared    buffers     cached
Mem:          992M       930M        61M        20K       1.0M        33M
-/+ buffers/cache:       896M        95M
Swap:         8.0G       451M       7.6G

             total       used       free     shared    buffers     cached
Mem:          992M       914M        77M        20K       880K        32M
-/+ buffers/cache:       881M       110M
Swap:         8.0G       478M       7.5G

             total       used       free     shared    buffers     cached
Mem:          992M       915M        76M        20K       888K        32M
-/+ buffers/cache:       882M       109M
Swap:         8.0G       477M       7.5G

             total       used       free     shared    buffers     cached
Mem:          992M       917M        74M        20K       888K        32M
-/+ buffers/cache:       883M       108M
Swap:         8.0G       477M       7.5G

             total       used       free     shared    buffers     cached
Mem:          992M       918M        73M        20K       888K        32M
-/+ buffers/cache:       885M       107M
Swap:         8.0G       476M       7.5G

             total       used       free     shared    buffers     cached
Mem:          992M       919M        72M        20K       888K        32M
-/+ buffers/cache:       886M       105M
Swap:         8.0G       475M       7.5G

             total       used       free     shared    buffers     cached
Mem:          992M       921M        70M        20K       892K        32M
-/+ buffers/cache:       887M       104M
Swap:         8.0G       475M       7.5G

             total       used       free     shared    buffers     cached
Mem:          992M       922M        69M        20K       900K        32M
-/+ buffers/cache:       888M       103M
Swap:         8.0G       474M       7.5G

             total       used       free     shared    buffers     cached
Mem:          992M       924M        68M        20K       900K        32M
-/+ buffers/cache:       890M       101M
Swap:         8.0G       473M       7.5G

             total       used       free     shared    buffers     cached
Mem:          992M       925M        66M        20K       900K        32M
-/+ buffers/cache:       892M       100M
Swap:         8.0G       472M       7.5G

             total       used       free     shared    buffers     cached
Mem:          992M       926M        65M        20K       900K        32M
-/+ buffers/cache:       893M        99M
Swap:         8.0G       472M       7.5G

             total       used       free     shared    buffers     cached
Mem:          992M       927M        64M        20K       900K        32M
-/+ buffers/cache:       894M        97M
Swap:         8.0G       471M       7.5G

             total       used       free     shared    buffers     cached
Mem:          992M       929M        62M        20K       900K        33M
-/+ buffers/cache:       895M        96M
Swap:         8.0G       470M       7.5G

             total       used       free     shared    buffers     cached
Mem:          992M       930M        61M        20K       908K        33M
-/+ buffers/cache:       896M        95M
Swap:         8.0G       470M       7.5G

             total       used       free     shared    buffers     cached
Mem:          992M       917M        75M        20K       908K        32M
-/+ buffers/cache:       883M       108M
Swap:         8.0G       472M       7.5G

             total       used       free     shared    buffers     cached
Mem:          992M       918M        73M        20K       908K        32M
-/+ buffers/cache:       884M       107M
Swap:         8.0G       472M       7.5G

             total       used       free     shared    buffers     cached
Mem:          992M       919M        72M        20K       908K        32M
-/+ buffers/cache:       885M       106M
Swap:         8.0G       471M       7.5G

             total       used       free     shared    buffers     cached
Mem:          992M       920M        71M        20K       908K        32M
-/+ buffers/cache:       886M       105M
Swap:         8.0G       470M       7.5G

             total       used       free     shared    buffers     cached
Mem:          992M       921M        70M        20K       916K        32M
-/+ buffers/cache:       888M       104M
Swap:         8.0G       470M       7.5G

             total       used       free     shared    buffers     cached
Mem:          992M       922M        69M        20K       916K        32M
-/+ buffers/cache:       889M       103M
Swap:         8.0G       469M       7.5G

             total       used       free     shared    buffers     cached
Mem:          992M       924M        67M        20K       916K        32M
-/+ buffers/cache:       890M       101M
Swap:         8.0G       468M       7.5G

             total       used       free     shared    buffers     cached
Mem:          992M       925M        66M        20K       916K        32M
-/+ buffers/cache:       891M       100M
Swap:         8.0G       468M       7.5G

             total       used       free     shared    buffers     cached
Mem:          992M       926M        65M        20K       916K        32M
-/+ buffers/cache:       892M        99M
Swap:         8.0G       467M       7.5G

             total       used       free     shared    buffers     cached
Mem:          992M       927M        64M        20K       916K        32M
-/+ buffers/cache:       894M        98M
Swap:         8.0G       466M       7.5G

             total       used       free     shared    buffers     cached
Mem:          992M       929M        62M        20K       924K        32M
-/+ buffers/cache:       895M        96M
Swap:         8.0G       466M       7.5G

             total       used       free     shared    buffers     cached
Mem:          992M       930M        61M        20K       924K        32M
-/+ buffers/cache:       896M        95M
Swap:         8.0G       465M       7.5G

             total       used       free     shared    buffers     cached
Mem:          992M       913M        78M        20K       724K        31M
-/+ buffers/cache:       880M       111M
Swap:         8.0G       494M       7.5G

             total       used       free     shared    buffers     cached
Mem:          992M       914M        77M        20K       724K        31M
-/+ buffers/cache:       882M       109M
Swap:         8.0G       494M       7.5G

             total       used       free     shared    buffers     cached
Mem:          992M       916M        75M        20K       724K        31M
-/+ buffers/cache:       883M       108M
Swap:         8.0G       493M       7.5G

             total       used       free     shared    buffers     cached
Mem:          992M       917M        74M        20K       732K        31M
-/+ buffers/cache:       884M       107M
Swap:         8.0G       492M       7.5G

             total       used       free     shared    buffers     cached
Mem:          992M       918M        73M        20K       732K        31M
-/+ buffers/cache:       886M       105M
Swap:         8.0G       491M       7.5G

             total       used       free     shared    buffers     cached
Mem:          992M       919M        72M        20K       732K        31M
-/+ buffers/cache:       887M       104M
Swap:         8.0G       491M       7.5G

             total       used       free     shared    buffers     cached
Mem:          992M       921M        70M        20K       732K        31M
-/+ buffers/cache:       888M       103M
Swap:         8.0G       490M       7.5G

             total       used       free     shared    buffers     cached
Mem:          992M       922M        69M        20K       732K        31M
-/+ buffers/cache:       890M       101M
Swap:         8.0G       489M       7.5G

             total       used       free     shared    buffers     cached
Mem:          992M       923M        68M        20K       732K        31M
-/+ buffers/cache:       891M       100M
Swap:         8.0G       489M       7.5G

             total       used       free     shared    buffers     cached
Mem:          992M       925M        66M        20K       740K        31M
-/+ buffers/cache:       893M        99M
Swap:         8.0G       488M       7.5G

             total       used       free     shared    buffers     cached
Mem:          992M       927M        65M        20K       740K        31M
-/+ buffers/cache:       894M        97M
Swap:         8.0G       487M       7.5G

             total       used       free     shared    buffers     cached
Mem:          992M       928M        63M        20K       740K        31M
-/+ buffers/cache:       896M        95M
Swap:         8.0G       486M       7.5G

             total       used       free     shared    buffers     cached
Mem:          992M       930M        62M        20K       740K        31M
-/+ buffers/cache:       897M        94M
Swap:         8.0G       485M       7.5G

             total       used       free     shared    buffers     cached
Mem:          992M       915M        76M        20K       740K        30M
-/+ buffers/cache:       884M       107M
Swap:         8.0G       486M       7.5G

             total       used       free     shared    buffers     cached
Mem:          992M       917M        74M        20K       748K        30M
-/+ buffers/cache:       886M       105M
Swap:         8.0G       485M       7.5G

             total       used       free     shared    buffers     cached
Mem:          992M       919M        72M        20K       748K        30M
-/+ buffers/cache:       887M       104M
Swap:         8.0G       484M       7.5G

             total       used       free     shared    buffers     cached
Mem:          992M       920M        71M        20K       748K        30M
-/+ buffers/cache:       889M       102M
Swap:         8.0G       484M       7.5G

             total       used       free     shared    buffers     cached
Mem:          992M       922M        69M        20K       748K        30M
-/+ buffers/cache:       890M       101M
Swap:         8.0G       483M       7.5G

             total       used       free     shared    buffers     cached
Mem:          992M       924M        68M        20K       748K        30M
-/+ buffers/cache:       892M        99M
Swap:         8.0G       482M       7.5G

             total       used       free     shared    buffers     cached
Mem:          992M       925M        66M        20K       748K        30M
-/+ buffers/cache:       894M        98M
Swap:         8.0G       481M       7.5G

             total       used       free     shared    buffers     cached
Mem:          992M       927M        64M        20K       756K        30M
-/+ buffers/cache:       895M        96M
Swap:         8.0G       480M       7.5G

             total       used       free     shared    buffers     cached
Mem:          992M       929M        62M        20K       756K        30M
-/+ buffers/cache:       897M        94M
Swap:         8.0G       480M       7.5G

             total       used       free     shared    buffers     cached
Mem:          992M       930M        61M        20K       756K        30M
-/+ buffers/cache:       899M        92M
Swap:         8.0G       479M       7.5G

             total       used       free     shared    buffers     cached
Mem:          992M       913M        78M        16K       744K        29M
-/+ buffers/cache:       883M       108M
Swap:         8.0G       505M       7.5G

             total       used       free     shared    buffers     cached
Mem:          992M       915M        76M        16K       744K        29M
-/+ buffers/cache:       884M       107M
Swap:         8.0G       505M       7.5G

             total       used       free     shared    buffers     cached
Mem:          992M       917M        75M        16K       752K        29M
-/+ buffers/cache:       886M       105M
Swap:         8.0G       504M       7.5G

             total       used       free     shared    buffers     cached
Mem:          992M       918M        73M        16K       752K        29M
-/+ buffers/cache:       888M       103M
Swap:         8.0G       503M       7.5G

             total       used       free     shared    buffers     cached
Mem:          992M       920M        71M        16K       752K        29M
-/+ buffers/cache:       890M       101M
Swap:         8.0G       502M       7.5G

             total       used       free     shared    buffers     cached
Mem:          992M       922M        69M        16K       752K        29M
-/+ buffers/cache:       892M       100M
Swap:         8.0G       501M       7.5G

             total       used       free     shared    buffers     cached
Mem:          992M       924M        68M        16K       752K        29M
-/+ buffers/cache:       893M        98M
Swap:         8.0G       500M       7.5G

             total       used       free     shared    buffers     cached
Mem:          992M       926M        66M        16K       752K        29M
-/+ buffers/cache:       895M        96M
Swap:         8.0G       499M       7.5G

             total       used       free     shared    buffers     cached
Mem:          992M       927M        64M        16K       760K        29M
-/+ buffers/cache:       897M        95M
Swap:         8.0G       498M       7.5G

             total       used       free     shared    buffers     cached
Mem:          992M       931M        61M        16K       896K        31M
-/+ buffers/cache:       899M        93M
Swap:         8.0G       497M       7.5G

             total       used       free     shared    buffers     cached
Mem:          992M       921M        71M        20K       896K        30M
-/+ buffers/cache:       889M       102M
Swap:         8.0G       499M       7.5G

             total       used       free     shared    buffers     cached
Mem:          992M       926M        65M        20K       2.0M        33M
-/+ buffers/cache:       891M       100M
Swap:         8.0G       498M       7.5G

             total       used       free     shared    buffers     cached
Mem:          992M       920M        71M        24K       2.0M        31M
-/+ buffers/cache:       886M       105M
Swap:         8.0G       506M       7.5G

             total       used       free     shared    buffers     cached
Mem:          992M       921M        70M        24K       2.0M        31M
-/+ buffers/cache:       888M       104M
Swap:         8.0G       505M       7.5G

             total       used       free     shared    buffers     cached
Mem:          992M       927M        64M        24K       2.0M        33M
-/+ buffers/cache:       891M       100M
Swap:         8.0G       503M       7.5G

             total       used       free     shared    buffers     cached
Mem:          992M       930M        61M        24K       2.0M        34M
-/+ buffers/cache:       894M        97M
Swap:         8.0G       501M       7.5G

             total       used       free     shared    buffers     cached
Mem:          992M       917M        74M        24K       1.6M        28M
-/+ buffers/cache:       887M       105M
Swap:         8.0G       503M       7.5G

             total       used       free     shared    buffers     cached
Mem:          992M       918M        73M        24K       1.6M        28M
-/+ buffers/cache:       887M       104M
Swap:         8.0G       502M       7.5G

             total       used       free     shared    buffers     cached
Mem:          992M       919M        72M        24K       1.6M        28M
-/+ buffers/cache:       888M       103M
Swap:         8.0G       502M       7.5G

             total       used       free     shared    buffers     cached
Mem:          992M       920M        72M        24K       1.6M        28M
-/+ buffers/cache:       889M       102M
Swap:         8.0G       501M       7.5G

             total       used       free     shared    buffers     cached
Mem:          992M       921M        70M        24K       1.6M        28M
-/+ buffers/cache:       890M       101M
Swap:         8.0G       501M       7.5G

             total       used       free     shared    buffers     cached
Mem:          992M       922M        70M        24K       1.6M        28M
-/+ buffers/cache:       891M       100M
Swap:         8.0G       501M       7.5G

             total       used       free     shared    buffers     cached
Mem:          992M       923M        69M        24K       1.6M        28M
-/+ buffers/cache:       892M        99M
Swap:         8.0G       500M       7.5G

             total       used       free     shared    buffers     cached
Mem:          992M       923M        68M        24K       1.6M        28M
-/+ buffers/cache:       893M        99M
Swap:         8.0G       500M       7.5G

             total       used       free     shared    buffers     cached
Mem:          992M       924M        67M        24K       1.6M        28M
-/+ buffers/cache:       893M        98M
Swap:         8.0G       499M       7.5G

             total       used       free     shared    buffers     cached
Mem:          992M       928M        64M       192K       1.9M        39M
-/+ buffers/cache:       886M       105M
Swap:         8.0G       512M       7.5G

             total       used       free     shared    buffers     cached
Mem:          992M       922M        69M       3.9M       4.9M        59M
-/+ buffers/cache:       858M       133M
Swap:         8.0G       557M       7.5G

             total       used       free     shared    buffers     cached
Mem:          992M       930M        61M       204K       5.1M        66M
-/+ buffers/cache:       859M       133M
Swap:         8.0G       556M       7.5G

             total       used       free     shared    buffers     cached
Mem:          992M       909M        83M       216K       4.4M        60M
-/+ buffers/cache:       843M       148M
Swap:         8.0G       576M       7.4G

             total       used       free     shared    buffers     cached
Mem:          992M       910M        81M       216K       4.4M        60M
-/+ buffers/cache:       845M       146M
Swap:         8.0G       575M       7.4G

             total       used       free     shared    buffers     cached
Mem:          992M       911M        80M       216K       4.4M        60M
-/+ buffers/cache:       846M       146M
Swap:         8.0G       575M       7.4G

             total       used       free     shared    buffers     cached
Mem:          992M       913M        79M       216K       4.4M        60M
-/+ buffers/cache:       847M       144M
Swap:         8.0G       574M       7.4G

             total       used       free     shared    buffers     cached
Mem:          992M       914M        77M       216K       4.4M        60M
-/+ buffers/cache:       849M       142M
Swap:         8.0G       573M       7.4G

             total       used       free     shared    buffers     cached
Mem:          992M       917M        74M       216K       4.5M        61M
-/+ buffers/cache:       851M       140M
Swap:         8.0G       572M       7.4G

             total       used       free     shared    buffers     cached
Mem:          992M       919M        73M       216K       4.5M        61M
-/+ buffers/cache:       852M       139M
Swap:         8.0G       571M       7.4G

             total       used       free     shared    buffers     cached
Mem:          992M       920M        71M       216K       4.5M        62M
-/+ buffers/cache:       854M       138M
Swap:         8.0G       571M       7.4G

             total       used       free     shared    buffers     cached
Mem:          992M       922M        69M       216K       4.5M        62M
-/+ buffers/cache:       855M       136M
Swap:         8.0G       570M       7.4G

             total       used       free     shared    buffers     cached
Mem:          992M       923M        68M       216K       4.5M        62M
-/+ buffers/cache:       857M       135M
Swap:         8.0G       569M       7.4G

             total       used       free     shared    buffers     cached
Mem:          992M       925M        66M       216K       4.5M        62M
-/+ buffers/cache:       858M       133M
Swap:         8.0G       568M       7.4G

             total       used       free     shared    buffers     cached
Mem:          992M       926M        65M       216K       4.5M        62M
-/+ buffers/cache:       860M       132M
Swap:         8.0G       568M       7.4G

             total       used       free     shared    buffers     cached
Mem:          992M       928M        63M       216K       4.5M        62M
-/+ buffers/cache:       861M       130M
Swap:         8.0G       567M       7.4G

             total       used       free     shared    buffers     cached
Mem:          992M       930M        62M       216K       4.5M        62M
-/+ buffers/cache:       863M       128M
Swap:         8.0G       566M       7.4G

             total       used       free     shared    buffers     cached
Mem:          992M       919M        72M       216K       4.5M        61M
-/+ buffers/cache:       854M       138M
Swap:         8.0G       566M       7.4G

             total       used       free     shared    buffers     cached
Mem:          992M       920M        71M       216K       4.5M        61M
-/+ buffers/cache:       855M       136M
Swap:         8.0G       566M       7.4G

             total       used       free     shared    buffers     cached
Mem:          992M       922M        69M       216K       4.5M        61M
-/+ buffers/cache:       856M       135M
Swap:         8.0G       565M       7.4G

             total       used       free     shared    buffers     cached
Mem:          992M       923M        68M       216K       4.5M        61M
-/+ buffers/cache:       858M       133M
Swap:         8.0G       564M       7.4G

             total       used       free     shared    buffers     cached
Mem:          992M       925M        66M       216K       4.5M        61M
-/+ buffers/cache:       859M       132M
Swap:         8.0G       564M       7.4G

             total       used       free     shared    buffers     cached
Mem:          992M       926M        65M       216K       4.5M        61M
-/+ buffers/cache:       861M       130M
Swap:         8.0G       563M       7.4G

             total       used       free     shared    buffers     cached
Mem:          992M       928M        63M       216K       4.5M        61M
-/+ buffers/cache:       862M       129M
Swap:         8.0G       562M       7.4G

             total       used       free     shared    buffers     cached
Mem:          992M       930M        62M       216K       4.5M        61M
-/+ buffers/cache:       864M       127M
Swap:         8.0G       562M       7.4G

             total       used       free     shared    buffers     cached
Mem:          992M       912M        79M       216K       4.5M        59M
-/+ buffers/cache:       848M       143M
Swap:         8.0G       590M       7.4G

             total       used       free     shared    buffers     cached
Mem:          992M       913M        78M       216K       4.5M        59M
-/+ buffers/cache:       849M       142M
Swap:         8.0G       589M       7.4G

             total       used       free     shared    buffers     cached
Mem:          992M       915M        77M       216K       4.5M        59M
-/+ buffers/cache:       851M       141M
Swap:         8.0G       588M       7.4G

             total       used       free     shared    buffers     cached
Mem:          992M       916M        75M       216K       4.5M        59M
-/+ buffers/cache:       852M       139M
Swap:         8.0G       588M       7.4G

             total       used       free     shared    buffers     cached
Mem:          992M       917M        74M       216K       4.5M        59M
-/+ buffers/cache:       853M       138M
Swap:         8.0G       587M       7.4G

             total       used       free     shared    buffers     cached
Mem:          992M       919M        72M       216K       4.5M        59M
-/+ buffers/cache:       855M       137M
Swap:         8.0G       586M       7.4G

             total       used       free     shared    buffers     cached
Mem:          992M       920M        71M       216K       4.5M        59M
-/+ buffers/cache:       856M       135M
Swap:         8.0G       586M       7.4G

             total       used       free     shared    buffers     cached
Mem:          992M       922M        70M       216K       4.5M        59M
-/+ buffers/cache:       858M       134M
Swap:         8.0G       585M       7.4G

             total       used       free     shared    buffers     cached
Mem:          992M       923M        68M       216K       4.5M        59M
-/+ buffers/cache:       859M       132M
Swap:         8.0G       584M       7.4G

             total       used       free     shared    buffers     cached
Mem:          992M       924M        67M       216K       4.5M        59M
-/+ buffers/cache:       860M       131M
Swap:         8.0G       584M       7.4G

             total       used       free     shared    buffers     cached
Mem:          992M       926M        65M       216K       4.5M        59M
-/+ buffers/cache:       862M       129M
Swap:         8.0G       583M       7.4G

             total       used       free     shared    buffers     cached
Mem:          992M       927M        64M       216K       4.5M        59M
-/+ buffers/cache:       863M       128M
Swap:         8.0G       582M       7.4G

             total       used       free     shared    buffers     cached
Mem:          992M       917M        74M       284K       7.8M        71M
-/+ buffers/cache:       837M       154M
Swap:         8.0G       609M       7.4G
