             total       used       free     shared    buffers     cached
Mem:          992M       662M       329M       3.2M        38M       289M
-/+ buffers/cache:       334M       657M
Swap:         8.0G         0B       8.0G

             total       used       free     shared    buffers     cached
Mem:          992M       661M       330M       1.4M        38M       287M
-/+ buffers/cache:       335M       656M
Swap:         8.0G         0B       8.0G

             total       used       free     shared    buffers     cached
Mem:          992M       661M       330M       1.4M        38M       287M
-/+ buffers/cache:       335M       657M
Swap:         8.0G         0B       8.0G

             total       used       free     shared    buffers     cached
Mem:          992M       661M       330M       1.4M        38M       287M
-/+ buffers/cache:       335M       657M
Swap:         8.0G         0B       8.0G

             total       used       free     shared    buffers     cached
Mem:          992M       661M       330M       1.4M        38M       287M
-/+ buffers/cache:       335M       657M
Swap:         8.0G         0B       8.0G

             total       used       free     shared    buffers     cached
Mem:          992M       661M       330M       1.4M        38M       287M
-/+ buffers/cache:       335M       657M
Swap:         8.0G         0B       8.0G

             total       used       free     shared    buffers     cached
Mem:          992M       661M       330M       1.4M        38M       287M
-/+ buffers/cache:       334M       657M
Swap:         8.0G         0B       8.0G

             total       used       free     shared    buffers     cached
Mem:          992M       661M       330M       1.4M        38M       288M
-/+ buffers/cache:       334M       657M
Swap:         8.0G         0B       8.0G

             total       used       free     shared    buffers     cached
Mem:          992M       661M       330M       1.4M        38M       288M
-/+ buffers/cache:       334M       657M
Swap:         8.0G         0B       8.0G

             total       used       free     shared    buffers     cached
Mem:          992M       664M       327M       1.4M        38M       288M
-/+ buffers/cache:       337M       654M
Swap:         8.0G         0B       8.0G

             total       used       free     shared    buffers     cached
Mem:          992M       683M       308M       1.4M        38M       288M
-/+ buffers/cache:       356M       635M
Swap:         8.0G         0B       8.0G

             total       used       free     shared    buffers     cached
Mem:          992M       711M       281M       1.4M        38M       289M
-/+ buffers/cache:       383M       609M
Swap:         8.0G         0B       8.0G

             total       used       free     shared    buffers     cached
Mem:          992M       670M       321M       1.4M        38M       289M
-/+ buffers/cache:       342M       649M
Swap:         8.0G         0B       8.0G

             total       used       free     shared    buffers     cached
Mem:          992M       671M       320M       1.4M        38M       289M
-/+ buffers/cache:       342M       649M
Swap:         8.0G         0B       8.0G

             total       used       free     shared    buffers     cached
Mem:          992M       671M       320M       1.4M        38M       289M
-/+ buffers/cache:       342M       649M
Swap:         8.0G         0B       8.0G

             total       used       free     shared    buffers     cached
Mem:          992M       671M       320M       1.4M        38M       289M
-/+ buffers/cache:       342M       649M
Swap:         8.0G         0B       8.0G

             total       used       free     shared    buffers     cached
Mem:          992M       671M       320M       1.4M        38M       289M
-/+ buffers/cache:       342M       649M
Swap:         8.0G         0B       8.0G

             total       used       free     shared    buffers     cached
Mem:          992M       671M       321M       1.4M        38M       289M
-/+ buffers/cache:       342M       649M
Swap:         8.0G         0B       8.0G

             total       used       free     shared    buffers     cached
Mem:          992M       671M       321M       1.4M        38M       289M
-/+ buffers/cache:       342M       649M
Swap:         8.0G         0B       8.0G

             total       used       free     shared    buffers     cached
Mem:          992M       671M       321M       1.4M        38M       289M
-/+ buffers/cache:       342M       649M
Swap:         8.0G         0B       8.0G

             total       used       free     shared    buffers     cached
Mem:          992M       671M       321M       1.4M        38M       289M
-/+ buffers/cache:       342M       649M
Swap:         8.0G         0B       8.0G

             total       used       free     shared    buffers     cached
Mem:          992M       671M       320M       1.4M        38M       289M
-/+ buffers/cache:       342M       649M
Swap:         8.0G         0B       8.0G

             total       used       free     shared    buffers     cached
Mem:          992M       671M       320M       1.4M        38M       289M
-/+ buffers/cache:       342M       649M
Swap:         8.0G         0B       8.0G

             total       used       free     shared    buffers     cached
Mem:          992M       671M       320M       1.4M        38M       289M
-/+ buffers/cache:       342M       649M
Swap:         8.0G         0B       8.0G

             total       used       free     shared    buffers     cached
Mem:          992M       671M       320M       1.4M        38M       289M
-/+ buffers/cache:       342M       649M
Swap:         8.0G         0B       8.0G

             total       used       free     shared    buffers     cached
Mem:          992M       671M       320M       1.4M        38M       289M
-/+ buffers/cache:       342M       649M
Swap:         8.0G         0B       8.0G

             total       used       free     shared    buffers     cached
Mem:          992M       671M       320M       1.4M        38M       289M
-/+ buffers/cache:       342M       649M
Swap:         8.0G         0B       8.0G

             total       used       free     shared    buffers     cached
Mem:          992M       671M       320M       1.4M        38M       289M
-/+ buffers/cache:       342M       649M
Swap:         8.0G         0B       8.0G

             total       used       free     shared    buffers     cached
Mem:          992M       671M       320M       1.4M        38M       289M
-/+ buffers/cache:       342M       649M
Swap:         8.0G         0B       8.0G

             total       used       free     shared    buffers     cached
Mem:          992M       671M       320M       1.4M        38M       289M
-/+ buffers/cache:       342M       649M
Swap:         8.0G         0B       8.0G

             total       used       free     shared    buffers     cached
Mem:          992M       671M       320M       1.4M        38M       289M
-/+ buffers/cache:       342M       649M
Swap:         8.0G         0B       8.0G

             total       used       free     shared    buffers     cached
Mem:          992M       671M       320M       1.4M        38M       289M
-/+ buffers/cache:       342M       649M
Swap:         8.0G         0B       8.0G

             total       used       free     shared    buffers     cached
Mem:          992M       671M       320M       1.4M        38M       289M
-/+ buffers/cache:       342M       649M
Swap:         8.0G         0B       8.0G

             total       used       free     shared    buffers     cached
Mem:          992M       677M       314M       1.4M        38M       289M
-/+ buffers/cache:       348M       643M
Swap:         8.0G         0B       8.0G

             total       used       free     shared    buffers     cached
Mem:          992M       697M       294M       1.4M        38M       289M
-/+ buffers/cache:       368M       623M
Swap:         8.0G         0B       8.0G

             total       used       free     shared    buffers     cached
Mem:          992M       718M       273M       1.4M        38M       289M
-/+ buffers/cache:       389M       602M
Swap:         8.0G         0B       8.0G

             total       used       free     shared    buffers     cached
Mem:          992M       737M       254M       1.4M        38M       289M
-/+ buffers/cache:       408M       583M
Swap:         8.0G         0B       8.0G

             total       used       free     shared    buffers     cached
Mem:          992M       756M       235M       1.4M        38M       289M
-/+ buffers/cache:       427M       564M
Swap:         8.0G         0B       8.0G

             total       used       free     shared    buffers     cached
Mem:          992M       772M       219M       1.4M        38M       289M
-/+ buffers/cache:       443M       548M
Swap:         8.0G         0B       8.0G

             total       used       free     shared    buffers     cached
Mem:          992M       788M       204M       1.4M        38M       289M
-/+ buffers/cache:       459M       532M
Swap:         8.0G         0B       8.0G

             total       used       free     shared    buffers     cached
Mem:          992M       806M       185M       1.4M        38M       289M
-/+ buffers/cache:       477M       514M
Swap:         8.0G         0B       8.0G

             total       used       free     shared    buffers     cached
Mem:          992M       823M       168M       1.4M        38M       289M
-/+ buffers/cache:       494M       497M
Swap:         8.0G         0B       8.0G

             total       used       free     shared    buffers     cached
Mem:          992M       841M       150M       1.4M        38M       289M
-/+ buffers/cache:       512M       479M
Swap:         8.0G         0B       8.0G

             total       used       free     shared    buffers     cached
Mem:          992M       859M       132M       1.4M        38M       289M
-/+ buffers/cache:       531M       461M
Swap:         8.0G         0B       8.0G

             total       used       free     shared    buffers     cached
Mem:          992M       877M       114M       1.4M        38M       289M
-/+ buffers/cache:       548M       443M
Swap:         8.0G         0B       8.0G

             total       used       free     shared    buffers     cached
Mem:          992M       895M        96M       1.4M        38M       289M
-/+ buffers/cache:       566M       425M
Swap:         8.0G         0B       8.0G

             total       used       free     shared    buffers     cached
Mem:          992M       911M        80M       1.4M        38M       289M
-/+ buffers/cache:       582M       409M
Swap:         8.0G         0B       8.0G

             total       used       free     shared    buffers     cached
Mem:          992M       933M        58M       1.4M        38M       289M
-/+ buffers/cache:       604M       387M
Swap:         8.0G         0B       8.0G

             total       used       free     shared    buffers     cached
Mem:          992M       920M        71M       1.4M        10M       282M
-/+ buffers/cache:       627M       364M
Swap:         8.0G         0B       8.0G

             total       used       free     shared    buffers     cached
Mem:          992M       922M        69M       1.4M        10M       264M
-/+ buffers/cache:       647M       344M
Swap:         8.0G        76K       8.0G

             total       used       free     shared    buffers     cached
Mem:          992M       922M        70M       1.3M       9.8M       245M
-/+ buffers/cache:       667M       325M
Swap:         8.0G       220K       8.0G

             total       used       free     shared    buffers     cached
Mem:          992M       922M        69M       1.2M       9.8M       229M
-/+ buffers/cache:       682M       309M
Swap:         8.0G       3.7M       8.0G

             total       used       free     shared    buffers     cached
Mem:          992M       927M        64M       1.2M       9.8M       221M
-/+ buffers/cache:       696M       295M
Swap:         8.0G       6.8M       8.0G

             total       used       free     shared    buffers     cached
Mem:          992M       921M        70M       1.2M       3.1M       204M
-/+ buffers/cache:       713M       278M
Swap:         8.0G       8.7M       8.0G

             total       used       free     shared    buffers     cached
Mem:          992M       921M        70M       1.2M       1.4M       189M
-/+ buffers/cache:       730M       261M
Swap:         8.0G       8.7M       8.0G

             total       used       free     shared    buffers     cached
Mem:          992M       925M        66M       1.2M       204K       176M
-/+ buffers/cache:       749M       242M
Swap:         8.0G       8.7M       8.0G

             total       used       free     shared    buffers     cached
Mem:          992M       922M        69M       1.2M       228K       155M
-/+ buffers/cache:       766M       225M
Swap:         8.0G       8.7M       8.0G

             total       used       free     shared    buffers     cached
Mem:          992M       920M        72M       1.2M       212K       136M
-/+ buffers/cache:       782M       209M
Swap:         8.0G       8.7M       8.0G

             total       used       free     shared    buffers     cached
Mem:          992M       928M        63M       1.2M       216K       136M
-/+ buffers/cache:       791M       200M
Swap:         8.0G       8.7M       8.0G

             total       used       free     shared    buffers     cached
Mem:          992M       928M        63M       1.2M        96K       120M
-/+ buffers/cache:       807M       184M
Swap:         8.0G       8.7M       8.0G

             total       used       free     shared    buffers     cached
Mem:          992M       930M        61M       1.2M        96K       106M
-/+ buffers/cache:       823M       168M
Swap:         8.0G       8.7M       8.0G

             total       used       free     shared    buffers     cached
Mem:          992M       927M        64M       1.2M       312K        87M
-/+ buffers/cache:       839M       152M
Swap:         8.0G       8.7M       8.0G

             total       used       free     shared    buffers     cached
Mem:          992M       924M        67M       1.2M       300K        67M
-/+ buffers/cache:       856M       135M
Swap:         8.0G       8.7M       8.0G

             total       used       free     shared    buffers     cached
Mem:          992M       924M        68M       1.2M       304K        52M
-/+ buffers/cache:       871M       120M
Swap:         8.0G       8.7M       8.0G

             total       used       free     shared    buffers     cached
Mem:          992M       919M        73M       1.2M       304K        30M
-/+ buffers/cache:       888M       103M
Swap:         8.0G       8.7M       8.0G

             total       used       free     shared    buffers     cached
Mem:          992M       922M        69M       1.2M       580K        17M
-/+ buffers/cache:       903M        88M
Swap:         8.0G       8.7M       8.0G

             total       used       free     shared    buffers     cached
Mem:          992M       918M        73M       1.0M       340K       3.6M
-/+ buffers/cache:       914M        77M
Swap:         8.0G        19M       8.0G

             total       used       free     shared    buffers     cached
Mem:          992M       922M        69M       744K       348K       3.3M
-/+ buffers/cache:       918M        73M
Swap:         8.0G        43M       8.0G

             total       used       free     shared    buffers     cached
Mem:          992M       923M        68M       724K       348K       3.1M
-/+ buffers/cache:       920M        72M
Swap:         8.0G        50M       7.9G

             total       used       free     shared    buffers     cached
Mem:          992M       903M        89M       672K       2.2M        12M
-/+ buffers/cache:       888M       104M
Swap:         8.0G       122M       7.9G

             total       used       free     shared    buffers     cached
Mem:          992M       922M        69M       668K       2.2M        13M
-/+ buffers/cache:       907M        85M
Swap:         8.0G       122M       7.9G

             total       used       free     shared    buffers     cached
Mem:          992M       922M        69M       668K       2.2M        13M
-/+ buffers/cache:       907M        84M
Swap:         8.0G       122M       7.9G

             total       used       free     shared    buffers     cached
Mem:          992M       923M        68M       668K       2.2M        13M
-/+ buffers/cache:       908M        83M
Swap:         8.0G       122M       7.9G

             total       used       free     shared    buffers     cached
Mem:          992M       927M        65M       668K       100K       6.0M
-/+ buffers/cache:       920M        71M
Swap:         8.0G       137M       7.9G

             total       used       free     shared    buffers     cached
Mem:          992M       883M       108M       552K       232K       5.9M
-/+ buffers/cache:       877M       115M
Swap:         8.0G       250M       7.8G

             total       used       free     shared    buffers     cached
Mem:          992M       901M        90M       552K       504K       5.9M
-/+ buffers/cache:       895M        97M
Swap:         8.0G       250M       7.8G

             total       used       free     shared    buffers     cached
Mem:          992M       918M        73M       552K       504K       5.9M
-/+ buffers/cache:       912M        80M
Swap:         8.0G       250M       7.8G

             total       used       free     shared    buffers     cached
Mem:          992M       922M        69M       552K       512K       5.8M
-/+ buffers/cache:       916M        76M
Swap:         8.0G       250M       7.8G

             total       used       free     shared    buffers     cached
Mem:          992M       931M        60M       552K       512K       5.8M
-/+ buffers/cache:       924M        67M
Swap:         8.0G       250M       7.8G

             total       used       free     shared    buffers     cached
Mem:          992M       928M        63M       552K       512K       5.4M
-/+ buffers/cache:       922M        69M
Swap:         8.0G       250M       7.8G

             total       used       free     shared    buffers     cached
Mem:          992M       912M        79M       552K       512K       4.4M
-/+ buffers/cache:       907M        84M
Swap:         8.0G       250M       7.8G

             total       used       free     shared    buffers     cached
Mem:          992M       922M        69M       552K       512K       4.4M
-/+ buffers/cache:       917M        74M
Swap:         8.0G       250M       7.8G

             total       used       free     shared    buffers     cached
Mem:          992M       932M        60M       552K       512K       4.4M
-/+ buffers/cache:       927M        64M
Swap:         8.0G       250M       7.8G

             total       used       free     shared    buffers     cached
Mem:          992M       929M        62M       552K       516K       4.1M
-/+ buffers/cache:       924M        67M
Swap:         8.0G       254M       7.7G

             total       used       free     shared    buffers     cached
Mem:          992M       919M        72M       552K       516K       3.9M
-/+ buffers/cache:       914M        77M
Swap:         8.0G       280M       7.7G

             total       used       free     shared    buffers     cached
Mem:          992M       925M        66M       552K       516K       3.9M
-/+ buffers/cache:       920M        71M
Swap:         8.0G       280M       7.7G

             total       used       free     shared    buffers     cached
Mem:          992M       919M        72M       552K       484K       2.4M
-/+ buffers/cache:       916M        75M
Swap:         8.0G       282M       7.7G

             total       used       free     shared    buffers     cached
Mem:          992M       925M        66M       552K       484K       2.4M
-/+ buffers/cache:       922M        69M
Swap:         8.0G       282M       7.7G

             total       used       free     shared    buffers     cached
Mem:          992M       917M        74M       552K       492K       2.2M
-/+ buffers/cache:       915M        76M
Swap:         8.0G       301M       7.7G

             total       used       free     shared    buffers     cached
Mem:          992M       923M        68M       548K       492K       2.2M
-/+ buffers/cache:       920M        71M
Swap:         8.0G       301M       7.7G

             total       used       free     shared    buffers     cached
Mem:          992M       927M        64M       548K       492K       2.2M
-/+ buffers/cache:       924M        67M
Swap:         8.0G       301M       7.7G

             total       used       free     shared    buffers     cached
Mem:          992M       909M        82M       504K       256K       2.0M
-/+ buffers/cache:       907M        84M
Swap:         8.0G       328M       7.7G

             total       used       free     shared    buffers     cached
Mem:          992M       914M        78M       504K       256K       1.9M
-/+ buffers/cache:       911M        80M
Swap:         8.0G       328M       7.7G

             total       used       free     shared    buffers     cached
Mem:          992M       916M        75M       504K       264K       1.9M
-/+ buffers/cache:       914M        77M
Swap:         8.0G       328M       7.7G

             total       used       free     shared    buffers     cached
Mem:          992M       920M        71M       504K       264K       2.0M
-/+ buffers/cache:       918M        73M
Swap:         8.0G       328M       7.7G

             total       used       free     shared    buffers     cached
Mem:          992M       926M        66M       504K       264K       2.0M
-/+ buffers/cache:       923M        68M
Swap:         8.0G       328M       7.7G

             total       used       free     shared    buffers     cached
Mem:          992M       916M        75M        88K       200K       1.6M
-/+ buffers/cache:       914M        77M
Swap:         8.0G       335M       7.7G

             total       used       free     shared    buffers     cached
Mem:          992M       919M        72M       104K       200K       1.6M
-/+ buffers/cache:       918M        74M
Swap:         8.0G       335M       7.7G

             total       used       free     shared    buffers     cached
Mem:          992M       924M        68M       104K       200K       1.6M
-/+ buffers/cache:       922M        69M
Swap:         8.0G       335M       7.7G

             total       used       free     shared    buffers     cached
Mem:          992M       928M        63M       104K       208K       1.6M
-/+ buffers/cache:       926M        65M
Swap:         8.0G       335M       7.7G

             total       used       free     shared    buffers     cached
Mem:          992M       916M        75M        12K       172K       1.5M
-/+ buffers/cache:       915M        77M
Swap:         8.0G       355M       7.7G

             total       used       free     shared    buffers     cached
Mem:          992M       921M        71M        12K        92K       1.5M
-/+ buffers/cache:       919M        72M
Swap:         8.0G       340M       7.7G

             total       used       free     shared    buffers     cached
Mem:          992M       916M        75M        12K        80K       1.5M
-/+ buffers/cache:       915M        77M
Swap:         8.0G       339M       7.7G

             total       used       free     shared    buffers     cached
Mem:          992M       918M        73M         4K        80K       1.4M
-/+ buffers/cache:       916M        75M
Swap:         8.0G       334M       7.7G

             total       used       free     shared    buffers     cached
Mem:          992M       926M        65M         0B        88K       1.4M
-/+ buffers/cache:       925M        67M
Swap:         8.0G       335M       7.7G

             total       used       free     shared    buffers     cached
Mem:          992M       919M        72M         0B        88K       1.3M
-/+ buffers/cache:       918M        73M
Swap:         8.0G       327M       7.7G

             total       used       free     shared    buffers     cached
Mem:          992M       886M       105M         0B        76K       1.2M
-/+ buffers/cache:       885M       106M
Swap:         8.0G       409M       7.6G

             total       used       free     shared    buffers     cached
Mem:          992M       918M        73M         0B        76K       1.2M
-/+ buffers/cache:       917M        74M
Swap:         8.0G       347M       7.7G

             total       used       free     shared    buffers     cached
Mem:          992M       920M        71M         0B        76K       1.4M
-/+ buffers/cache:       919M        73M
Swap:         8.0G       329M       7.7G

             total       used       free     shared    buffers     cached
Mem:          992M       922M        69M         0B        76K       1.3M
-/+ buffers/cache:       921M        70M
Swap:         8.0G       420M       7.6G

             total       used       free     shared    buffers     cached
Mem:          992M       894M        97M         0B        76K       1.4M
-/+ buffers/cache:       893M        99M
Swap:         8.0G       418M       7.6G

             total       used       free     shared    buffers     cached
Mem:          992M       918M        73M         0B        76K       1.4M
-/+ buffers/cache:       916M        75M
Swap:         8.0G       358M       7.6G

             total       used       free     shared    buffers     cached
Mem:          992M       922M        69M         0B        76K       1.4M
-/+ buffers/cache:       920M        71M
Swap:         8.0G       339M       7.7G

             total       used       free     shared    buffers     cached
Mem:          992M       920M        71M         0B        76K       1.5M
-/+ buffers/cache:       919M        72M
Swap:         8.0G       331M       7.7G

             total       used       free     shared    buffers     cached
Mem:          992M       919M        72M         0B        76K       1.8M
-/+ buffers/cache:       917M        74M
Swap:         8.0G       331M       7.7G

             total       used       free     shared    buffers     cached
Mem:          992M       920M        71M         0B       360K        20M
-/+ buffers/cache:       899M        92M
Swap:         8.0G       366M       7.6G

             total       used       free     shared    buffers     cached
Mem:          992M       927M        64M         0B       808K        21M
-/+ buffers/cache:       905M        86M
Swap:         8.0G       365M       7.6G

             total       used       free     shared    buffers     cached
Mem:          992M       917M        75M         0B       756K        19M
-/+ buffers/cache:       896M        95M
Swap:         8.0G       382M       7.6G

             total       used       free     shared    buffers     cached
Mem:          992M       922M        69M         0B       760K        19M
-/+ buffers/cache:       902M        89M
Swap:         8.0G       382M       7.6G

             total       used       free     shared    buffers     cached
Mem:          992M       928M        64M         0B       760K        19M
-/+ buffers/cache:       907M        84M
Swap:         8.0G       382M       7.6G

             total       used       free     shared    buffers     cached
Mem:          992M       915M        76M         0B       768K        17M
-/+ buffers/cache:       896M        95M
Swap:         8.0G       397M       7.6G

             total       used       free     shared    buffers     cached
Mem:          992M       918M        73M         0B       768K        17M
-/+ buffers/cache:       899M        92M
Swap:         8.0G       397M       7.6G

             total       used       free     shared    buffers     cached
Mem:          992M       924M        68M         0B       768K        17M
-/+ buffers/cache:       905M        86M
Swap:         8.0G       397M       7.6G

             total       used       free     shared    buffers     cached
Mem:          992M       928M        63M         0B       768K        17M
-/+ buffers/cache:       909M        82M
Swap:         8.0G       397M       7.6G

             total       used       free     shared    buffers     cached
Mem:          992M       917M        74M         0B       768K        15M
-/+ buffers/cache:       901M        90M
Swap:         8.0G       399M       7.6G

             total       used       free     shared    buffers     cached
Mem:          992M       919M        72M         0B       776K        15M
-/+ buffers/cache:       903M        88M
Swap:         8.0G       398M       7.6G

             total       used       free     shared    buffers     cached
Mem:          992M       921M        71M         0B       776K        15M
-/+ buffers/cache:       905M        87M
Swap:         8.0G       397M       7.6G

             total       used       free     shared    buffers     cached
Mem:          992M       923M        69M         0B       776K        15M
-/+ buffers/cache:       907M        85M
Swap:         8.0G       396M       7.6G

             total       used       free     shared    buffers     cached
Mem:          992M       924M        67M         0B       776K        15M
-/+ buffers/cache:       908M        83M
Swap:         8.0G       396M       7.6G

             total       used       free     shared    buffers     cached
Mem:          992M       927M        64M         0B       776K        15M
-/+ buffers/cache:       911M        80M
Swap:         8.0G       394M       7.6G

             total       used       free     shared    buffers     cached
Mem:          992M       917M        74M         0B        76K       5.7M
-/+ buffers/cache:       911M        80M
Swap:         8.0G       394M       7.6G

             total       used       free     shared    buffers     cached
Mem:          992M       919M        72M         0B       236K       5.6M
-/+ buffers/cache:       913M        78M
Swap:         8.0G       393M       7.6G

             total       used       free     shared    buffers     cached
Mem:          992M       921M        70M         0B       236K       5.7M
-/+ buffers/cache:       915M        76M
Swap:         8.0G       392M       7.6G

             total       used       free     shared    buffers     cached
Mem:          992M       923M        69M         0B       236K       5.7M
-/+ buffers/cache:       917M        74M
Swap:         8.0G       392M       7.6G

             total       used       free     shared    buffers     cached
Mem:          992M       925M        67M         0B       236K       5.7M
-/+ buffers/cache:       919M        72M
Swap:         8.0G       391M       7.6G

             total       used       free     shared    buffers     cached
Mem:          992M       927M        65M         0B       240K       5.6M
-/+ buffers/cache:       921M        70M
Swap:         8.0G       390M       7.6G

             total       used       free     shared    buffers     cached
Mem:          992M       929M        63M         0B       248K       5.7M
-/+ buffers/cache:       923M        69M
Swap:         8.0G       389M       7.6G

             total       used       free     shared    buffers     cached
Mem:          992M       918M        73M         0B       240K       3.5M
-/+ buffers/cache:       914M        77M
Swap:         8.0G       401M       7.6G

             total       used       free     shared    buffers     cached
Mem:          992M       920M        71M         0B       240K       3.5M
-/+ buffers/cache:       916M        75M
Swap:         8.0G       400M       7.6G

             total       used       free     shared    buffers     cached
Mem:          992M       922M        70M         0B       240K       3.5M
-/+ buffers/cache:       918M        73M
Swap:         8.0G       399M       7.6G

             total       used       free     shared    buffers     cached
Mem:          992M       923M        68M         0B       240K       3.6M
-/+ buffers/cache:       920M        72M
Swap:         8.0G       398M       7.6G

             total       used       free     shared    buffers     cached
Mem:          992M       925M        66M         0B       248K       3.6M
-/+ buffers/cache:       922M        70M
Swap:         8.0G       397M       7.6G

             total       used       free     shared    buffers     cached
Mem:          992M       927M        64M         0B       248K       3.6M
-/+ buffers/cache:       923M        68M
Swap:         8.0G       397M       7.6G

             total       used       free     shared    buffers     cached
Mem:          992M       928M        63M         0B       248K       3.6M
-/+ buffers/cache:       925M        67M
Swap:         8.0G       396M       7.6G

             total       used       free     shared    buffers     cached
Mem:          992M       913M        78M         0B       236K       2.3M
-/+ buffers/cache:       911M        80M
Swap:         8.0G       417M       7.6G

             total       used       free     shared    buffers     cached
Mem:          992M       915M        76M         0B       236K       2.3M
-/+ buffers/cache:       912M        79M
Swap:         8.0G       416M       7.6G

             total       used       free     shared    buffers     cached
Mem:          992M       917M        74M         0B       236K       2.3M
-/+ buffers/cache:       914M        77M
Swap:         8.0G       415M       7.6G

             total       used       free     shared    buffers     cached
Mem:          992M       918M        73M         0B       244K       2.3M
-/+ buffers/cache:       916M        75M
Swap:         8.0G       414M       7.6G

             total       used       free     shared    buffers     cached
Mem:          992M       920M        71M         0B       244K       2.3M
-/+ buffers/cache:       918M        74M
Swap:         8.0G       413M       7.6G

             total       used       free     shared    buffers     cached
Mem:          992M       922M        69M         0B       244K       2.3M
-/+ buffers/cache:       919M        72M
Swap:         8.0G       412M       7.6G

             total       used       free     shared    buffers     cached
Mem:          992M       923M        68M         0B       252K       2.3M
-/+ buffers/cache:       921M        70M
Swap:         8.0G       411M       7.6G

             total       used       free     shared    buffers     cached
Mem:          992M       925M        66M         0B       252K       2.3M
-/+ buffers/cache:       923M        69M
Swap:         8.0G       410M       7.6G

             total       used       free     shared    buffers     cached
Mem:          992M       927M        64M         0B       260K       2.3M
-/+ buffers/cache:       924M        67M
Swap:         8.0G       409M       7.6G

             total       used       free     shared    buffers     cached
Mem:          992M       929M        62M         0B       260K       2.3M
-/+ buffers/cache:       926M        65M
Swap:         8.0G       408M       7.6G

             total       used       free     shared    buffers     cached
Mem:          992M       916M        75M         0B       248K       2.2M
-/+ buffers/cache:       914M        77M
Swap:         8.0G       417M       7.6G

             total       used       free     shared    buffers     cached
Mem:          992M       918M        73M         0B       248K       2.1M
-/+ buffers/cache:       916M        75M
Swap:         8.0G       416M       7.6G

             total       used       free     shared    buffers     cached
Mem:          992M       920M        71M         0B       248K       2.1M
-/+ buffers/cache:       918M        74M
Swap:         8.0G       415M       7.6G

             total       used       free     shared    buffers     cached
Mem:          992M       922M        70M         0B       256K       2.1M
-/+ buffers/cache:       919M        72M
Swap:         8.0G       414M       7.6G

             total       used       free     shared    buffers     cached
Mem:          992M       924M        68M         0B       256K       2.1M
-/+ buffers/cache:       921M        70M
Swap:         8.0G       413M       7.6G

             total       used       free     shared    buffers     cached
Mem:          992M       926M        66M         0B       256K       2.1M
-/+ buffers/cache:       923M        68M
Swap:         8.0G       412M       7.6G

             total       used       free     shared    buffers     cached
Mem:          992M       928M        64M         0B       256K       2.1M
-/+ buffers/cache:       925M        66M
Swap:         8.0G       411M       7.6G

             total       used       free     shared    buffers     cached
Mem:          992M       911M        80M         0B       248K       2.0M
-/+ buffers/cache:       909M        82M
Swap:         8.0G       433M       7.6G

             total       used       free     shared    buffers     cached
Mem:          992M       913M        78M         0B       248K       2.0M
-/+ buffers/cache:       911M        81M
Swap:         8.0G       432M       7.6G

             total       used       free     shared    buffers     cached
Mem:          992M       914M        77M         0B       256K       2.0M
-/+ buffers/cache:       912M        79M
Swap:         8.0G       432M       7.6G

             total       used       free     shared    buffers     cached
Mem:          992M       916M        75M         0B       256K       2.0M
-/+ buffers/cache:       914M        77M
Swap:         8.0G       431M       7.6G

             total       used       free     shared    buffers     cached
Mem:          992M       918M        73M         0B       256K       2.0M
-/+ buffers/cache:       916M        75M
Swap:         8.0G       430M       7.6G

             total       used       free     shared    buffers     cached
Mem:          992M       920M        71M         0B       256K       2.0M
-/+ buffers/cache:       918M        74M
Swap:         8.0G       429M       7.6G

             total       used       free     shared    buffers     cached
Mem:          992M       922M        70M         0B       256K       2.0M
-/+ buffers/cache:       919M        72M
Swap:         8.0G       428M       7.6G

             total       used       free     shared    buffers     cached
Mem:          992M       924M        68M         0B       264K       2.0M
-/+ buffers/cache:       921M        70M
Swap:         8.0G       427M       7.6G

             total       used       free     shared    buffers     cached
Mem:          992M       926M        66M         0B       264K       2.0M
-/+ buffers/cache:       923M        68M
Swap:         8.0G       427M       7.6G

             total       used       free     shared    buffers     cached
Mem:          992M       928M        64M         0B       264K       2.0M
-/+ buffers/cache:       925M        66M
Swap:         8.0G       426M       7.6G

             total       used       free     shared    buffers     cached
Mem:          992M       914M        77M         0B       264K       1.9M
-/+ buffers/cache:       912M        79M
Swap:         8.0G       438M       7.6G

             total       used       free     shared    buffers     cached
Mem:          992M       916M        75M         0B       264K       1.9M
-/+ buffers/cache:       914M        78M
Swap:         8.0G       437M       7.6G

             total       used       free     shared    buffers     cached
Mem:          992M       917M        74M         0B       272K       1.9M
-/+ buffers/cache:       915M        76M
Swap:         8.0G       436M       7.6G

             total       used       free     shared    buffers     cached
Mem:          992M       919M        72M         0B       272K       1.9M
-/+ buffers/cache:       917M        74M
Swap:         8.0G       435M       7.6G

             total       used       free     shared    buffers     cached
Mem:          992M       914M        77M         0B       368K        20M
-/+ buffers/cache:       893M        99M
Swap:         8.0G       461M       7.5G

             total       used       free     shared    buffers     cached
Mem:          992M       917M        75M         0B       816K        20M
-/+ buffers/cache:       895M        96M
Swap:         8.0G       460M       7.5G

             total       used       free     shared    buffers     cached
Mem:          992M       918M        73M         0B       820K        20M
-/+ buffers/cache:       897M        94M
Swap:         8.0G       459M       7.5G

             total       used       free     shared    buffers     cached
Mem:          992M       920M        71M         0B       824K        20M
-/+ buffers/cache:       899M        93M
Swap:         8.0G       458M       7.5G

             total       used       free     shared    buffers     cached
Mem:          992M       924M        67M         0B       832K        22M
-/+ buffers/cache:       901M        90M
Swap:         8.0G       457M       7.6G

             total       used       free     shared    buffers     cached
Mem:          992M       927M        64M         0B       1.1M        22M
-/+ buffers/cache:       903M        89M
Swap:         8.0G       456M       7.6G

             total       used       free     shared    buffers     cached
Mem:          992M       917M        74M         0B       1.2M        26M
-/+ buffers/cache:       889M       102M
Swap:         8.0G       472M       7.5G

             total       used       free     shared    buffers     cached
Mem:          992M       907M        84M        16K       1.2M        29M
-/+ buffers/cache:       877M       114M
Swap:         8.0G       491M       7.5G

             total       used       free     shared    buffers     cached
Mem:          992M       909M        83M        16K       1.2M        29M
-/+ buffers/cache:       878M       113M
Swap:         8.0G       491M       7.5G

             total       used       free     shared    buffers     cached
Mem:          992M       909M        82M        16K       1.2M        29M
-/+ buffers/cache:       879M       113M
Swap:         8.0G       491M       7.5G

             total       used       free     shared    buffers     cached
Mem:          992M       910M        81M        16K       1.2M        29M
-/+ buffers/cache:       880M       112M
Swap:         8.0G       490M       7.5G

             total       used       free     shared    buffers     cached
Mem:          992M       911M        80M        16K       1.2M        29M
-/+ buffers/cache:       880M       111M
Swap:         8.0G       490M       7.5G

             total       used       free     shared    buffers     cached
Mem:          992M       912M        79M        16K       1.2M        29M
-/+ buffers/cache:       882M       110M
Swap:         8.0G       489M       7.5G

             total       used       free     shared    buffers     cached
Mem:          992M       914M        78M        16K       1.2M        29M
-/+ buffers/cache:       883M       108M
Swap:         8.0G       489M       7.5G

             total       used       free     shared    buffers     cached
Mem:          992M       916M        75M        16K       1.2M        30M
-/+ buffers/cache:       885M       107M
Swap:         8.0G       488M       7.5G

             total       used       free     shared    buffers     cached
Mem:          992M       917M        74M        16K       1.2M        30M
-/+ buffers/cache:       886M       105M
Swap:         8.0G       487M       7.5G

             total       used       free     shared    buffers     cached
Mem:          992M       918M        73M        16K       1.2M        30M
-/+ buffers/cache:       887M       104M
Swap:         8.0G       486M       7.5G

             total       used       free     shared    buffers     cached
Mem:          992M       919M        72M        16K       1.2M        30M
-/+ buffers/cache:       888M       103M
Swap:         8.0G       486M       7.5G

             total       used       free     shared    buffers     cached
Mem:          992M       921M        70M        16K       1.2M        30M
-/+ buffers/cache:       889M       102M
Swap:         8.0G       485M       7.5G

             total       used       free     shared    buffers     cached
Mem:          992M       922M        69M        16K       1.2M        30M
-/+ buffers/cache:       890M       101M
Swap:         8.0G       485M       7.5G

             total       used       free     shared    buffers     cached
Mem:          992M       923M        68M        16K       1.2M        30M
-/+ buffers/cache:       892M       100M
Swap:         8.0G       484M       7.5G

             total       used       free     shared    buffers     cached
Mem:          992M       924M        67M        16K       1.2M        30M
-/+ buffers/cache:       892M        99M
Swap:         8.0G       484M       7.5G

             total       used       free     shared    buffers     cached
Mem:          992M       925M        66M        16K       1.2M        30M
-/+ buffers/cache:       893M        98M
Swap:         8.0G       483M       7.5G

             total       used       free     shared    buffers     cached
Mem:          992M       926M        65M        16K       1.2M        30M
-/+ buffers/cache:       895M        96M
Swap:         8.0G       483M       7.5G

             total       used       free     shared    buffers     cached
Mem:          992M       928M        64M        16K       1.2M        30M
-/+ buffers/cache:       896M        95M
Swap:         8.0G       482M       7.5G

             total       used       free     shared    buffers     cached
Mem:          992M       929M        63M        16K       1.2M        30M
-/+ buffers/cache:       897M        94M
Swap:         8.0G       482M       7.5G

             total       used       free     shared    buffers     cached
Mem:          992M       914M        77M        16K       1.3M        29M
-/+ buffers/cache:       883M       108M
Swap:         8.0G       481M       7.5G

             total       used       free     shared    buffers     cached
Mem:          992M       915M        76M        16K       1.3M        29M
-/+ buffers/cache:       884M       107M
Swap:         8.0G       480M       7.5G

             total       used       free     shared    buffers     cached
Mem:          992M       916M        75M        16K       1.3M        29M
-/+ buffers/cache:       885M       106M
Swap:         8.0G       480M       7.5G

             total       used       free     shared    buffers     cached
Mem:          992M       918M        74M        16K       1.3M        29M
-/+ buffers/cache:       887M       105M
Swap:         8.0G       479M       7.5G

             total       used       free     shared    buffers     cached
Mem:          992M       919M        72M        16K       1.3M        29M
-/+ buffers/cache:       888M       103M
Swap:         8.0G       478M       7.5G

             total       used       free     shared    buffers     cached
Mem:          992M       920M        71M        16K       1.3M        29M
-/+ buffers/cache:       889M       102M
Swap:         8.0G       478M       7.5G

             total       used       free     shared    buffers     cached
Mem:          992M       921M        70M        16K       1.3M        29M
-/+ buffers/cache:       890M       101M
Swap:         8.0G       477M       7.5G

             total       used       free     shared    buffers     cached
Mem:          992M       922M        69M        16K       1.3M        29M
-/+ buffers/cache:       891M       100M
Swap:         8.0G       477M       7.5G

             total       used       free     shared    buffers     cached
Mem:          992M       923M        68M        16K       1.3M        29M
-/+ buffers/cache:       892M        99M
Swap:         8.0G       476M       7.5G

             total       used       free     shared    buffers     cached
Mem:          992M       925M        67M        16K       1.3M        29M
-/+ buffers/cache:       894M        98M
Swap:         8.0G       475M       7.5G

             total       used       free     shared    buffers     cached
Mem:          992M       926M        65M        16K       1.3M        29M
-/+ buffers/cache:       895M        96M
Swap:         8.0G       475M       7.5G

             total       used       free     shared    buffers     cached
Mem:          992M       927M        64M        16K       1.3M        29M
-/+ buffers/cache:       896M        95M
Swap:         8.0G       474M       7.5G

             total       used       free     shared    buffers     cached
Mem:          992M       928M        63M        16K       1.3M        29M
-/+ buffers/cache:       897M        94M
Swap:         8.0G       473M       7.5G

             total       used       free     shared    buffers     cached
Mem:          992M       911M        80M        16K       1.3M        28M
-/+ buffers/cache:       881M       110M
Swap:         8.0G       502M       7.5G

             total       used       free     shared    buffers     cached
Mem:          992M       913M        79M        16K       1.3M        28M
-/+ buffers/cache:       883M       109M
Swap:         8.0G       502M       7.5G

             total       used       free     shared    buffers     cached
Mem:          992M       914M        77M        16K       1.3M        28M
-/+ buffers/cache:       884M       107M
Swap:         8.0G       501M       7.5G

             total       used       free     shared    buffers     cached
Mem:          992M       915M        76M        16K       1.3M        28M
-/+ buffers/cache:       885M       106M
Swap:         8.0G       501M       7.5G

             total       used       free     shared    buffers     cached
Mem:          992M       916M        75M        16K       1.3M        28M
-/+ buffers/cache:       886M       105M
Swap:         8.0G       500M       7.5G

             total       used       free     shared    buffers     cached
Mem:          992M       917M        74M        16K       1.3M        28M
-/+ buffers/cache:       887M       104M
Swap:         8.0G       499M       7.5G

             total       used       free     shared    buffers     cached
Mem:          992M       919M        73M        16K       1.3M        28M
-/+ buffers/cache:       889M       103M
Swap:         8.0G       498M       7.5G

             total       used       free     shared    buffers     cached
Mem:          992M       920M        71M        16K       1.3M        28M
-/+ buffers/cache:       890M       101M
Swap:         8.0G       498M       7.5G

             total       used       free     shared    buffers     cached
Mem:          992M       921M        70M        16K       1.3M        28M
-/+ buffers/cache:       891M       100M
Swap:         8.0G       497M       7.5G

             total       used       free     shared    buffers     cached
Mem:          992M       922M        69M        16K       1.3M        28M
-/+ buffers/cache:       892M        99M
Swap:         8.0G       497M       7.5G

             total       used       free     shared    buffers     cached
Mem:          992M       923M        68M        16K       1.3M        28M
-/+ buffers/cache:       893M        98M
Swap:         8.0G       496M       7.5G

             total       used       free     shared    buffers     cached
Mem:          992M       925M        67M        16K       1.3M        28M
-/+ buffers/cache:       894M        97M
Swap:         8.0G       495M       7.5G

             total       used       free     shared    buffers     cached
Mem:          992M       925M        66M        16K       1.3M        28M
-/+ buffers/cache:       895M        96M
Swap:         8.0G       495M       7.5G

             total       used       free     shared    buffers     cached
Mem:          992M       927M        65M        16K       1.3M        28M
-/+ buffers/cache:       897M        95M
Swap:         8.0G       494M       7.5G

             total       used       free     shared    buffers     cached
Mem:          992M       928M        63M        16K       1.3M        28M
-/+ buffers/cache:       898M        93M
Swap:         8.0G       493M       7.5G

             total       used       free     shared    buffers     cached
Mem:          992M       916M        75M        16K       1.3M        28M
-/+ buffers/cache:       886M       105M
Swap:         8.0G       493M       7.5G

             total       used       free     shared    buffers     cached
Mem:          992M       917M        74M        16K       1.3M        28M
-/+ buffers/cache:       887M       104M
Swap:         8.0G       492M       7.5G

             total       used       free     shared    buffers     cached
Mem:          992M       918M        74M        16K       1.3M        28M
-/+ buffers/cache:       888M       103M
Swap:         8.0G       491M       7.5G

             total       used       free     shared    buffers     cached
Mem:          992M       919M        72M        16K       1.3M        28M
-/+ buffers/cache:       890M       102M
Swap:         8.0G       491M       7.5G

             total       used       free     shared    buffers     cached
Mem:          992M       921M        71M        16K       1.3M        28M
-/+ buffers/cache:       891M       100M
Swap:         8.0G       490M       7.5G

             total       used       free     shared    buffers     cached
Mem:          992M       922M        69M        16K       1.3M        28M
-/+ buffers/cache:       892M        99M
Swap:         8.0G       489M       7.5G

             total       used       free     shared    buffers     cached
Mem:          992M       926M        66M        16K       1.3M        31M
-/+ buffers/cache:       893M        98M
Swap:         8.0G       489M       7.5G

             total       used       free     shared    buffers     cached
Mem:          992M       927M        64M        16K       1.3M        31M
-/+ buffers/cache:       894M        97M
Swap:         8.0G       488M       7.5G

             total       used       free     shared    buffers     cached
Mem:          992M       928M        63M        16K       1.3M        31M
-/+ buffers/cache:       896M        96M
Swap:         8.0G       487M       7.5G

             total       used       free     shared    buffers     cached
Mem:          992M       910M        81M        16K       1.0M        28M
-/+ buffers/cache:       881M       110M
Swap:         8.0G       506M       7.5G

             total       used       free     shared    buffers     cached
Mem:          992M       911M        80M        16K       1.0M        28M
-/+ buffers/cache:       882M       109M
Swap:         8.0G       506M       7.5G

             total       used       free     shared    buffers     cached
Mem:          992M       913M        78M        16K       1.0M        28M
-/+ buffers/cache:       883M       108M
Swap:         8.0G       505M       7.5G

             total       used       free     shared    buffers     cached
Mem:          992M       914M        77M        16K       1.0M        28M
-/+ buffers/cache:       885M       107M
Swap:         8.0G       504M       7.5G

             total       used       free     shared    buffers     cached
Mem:          992M       915M        76M        16K       1.0M        28M
-/+ buffers/cache:       886M       105M
Swap:         8.0G       503M       7.5G

             total       used       free     shared    buffers     cached
Mem:          992M       917M        74M        16K       1.0M        28M
-/+ buffers/cache:       887M       104M
Swap:         8.0G       503M       7.5G

             total       used       free     shared    buffers     cached
Mem:          992M       918M        73M        16K       1.0M        28M
-/+ buffers/cache:       889M       102M
Swap:         8.0G       502M       7.5G

             total       used       free     shared    buffers     cached
Mem:          992M       920M        72M        16K       1.0M        28M
-/+ buffers/cache:       890M       101M
Swap:         8.0G       501M       7.5G

             total       used       free     shared    buffers     cached
Mem:          992M       922M        69M        16K       1.2M        29M
-/+ buffers/cache:       892M       100M
Swap:         8.0G       500M       7.5G

             total       used       free     shared    buffers     cached
Mem:          992M       924M        67M        20K       1.2M        29M
-/+ buffers/cache:       893M        98M
Swap:         8.0G       500M       7.5G

             total       used       free     shared    buffers     cached
Mem:          992M       925M        66M        20K       1.2M        29M
-/+ buffers/cache:       894M        97M
Swap:         8.0G       499M       7.5G

             total       used       free     shared    buffers     cached
Mem:          992M       902M        89M        20K       272K        23M
-/+ buffers/cache:       878M       113M
Swap:         8.0G       520M       7.5G

             total       used       free     shared    buffers     cached
Mem:          992M       903M        88M        20K       280K        23M
-/+ buffers/cache:       879M       112M
Swap:         8.0G       519M       7.5G

             total       used       free     shared    buffers     cached
Mem:          992M       911M        80M        20K       280K        26M
-/+ buffers/cache:       884M       107M
Swap:         8.0G       517M       7.5G

             total       used       free     shared    buffers     cached
Mem:          992M       912M        79M        20K       280K        26M
-/+ buffers/cache:       885M       107M
Swap:         8.0G       516M       7.5G

             total       used       free     shared    buffers     cached
Mem:          992M       913M        79M        20K       280K        26M
-/+ buffers/cache:       885M       106M
Swap:         8.0G       516M       7.5G

             total       used       free     shared    buffers     cached
Mem:          992M       913M        78M        20K       280K        26M
-/+ buffers/cache:       886M       105M
Swap:         8.0G       515M       7.5G

             total       used       free     shared    buffers     cached
Mem:          992M       914M        77M        20K       288K        26M
-/+ buffers/cache:       887M       104M
Swap:         8.0G       515M       7.5G

             total       used       free     shared    buffers     cached
Mem:          992M       915M        77M        20K       288K        26M
-/+ buffers/cache:       888M       104M
Swap:         8.0G       515M       7.5G

             total       used       free     shared    buffers     cached
Mem:          992M       915M        76M        20K       288K        26M
-/+ buffers/cache:       888M       103M
Swap:         8.0G       514M       7.5G

             total       used       free     shared    buffers     cached
Mem:          992M       916M        75M        20K       288K        26M
-/+ buffers/cache:       889M       102M
Swap:         8.0G       514M       7.5G

             total       used       free     shared    buffers     cached
Mem:          992M       917M        74M        20K       288K        26M
-/+ buffers/cache:       890M       102M
Swap:         8.0G       513M       7.5G

             total       used       free     shared    buffers     cached
Mem:          992M       918M        74M        20K       288K        26M
-/+ buffers/cache:       890M       101M
Swap:         8.0G       513M       7.5G

             total       used       free     shared    buffers     cached
Mem:          992M       920M        71M        20K       296K        28M
-/+ buffers/cache:       891M       100M
Swap:         8.0G       513M       7.5G

             total       used       free     shared    buffers     cached
Mem:          992M       905M        86M       3.9M       3.8M        49M
-/+ buffers/cache:       851M       140M
Swap:         8.0G       561M       7.4G

             total       used       free     shared    buffers     cached
Mem:          992M       923M        68M       3.9M       5.0M        60M
-/+ buffers/cache:       858M       134M
Swap:         8.0G       558M       7.5G

             total       used       free     shared    buffers     cached
Mem:          992M       925M        66M       216K       4.0M        63M
-/+ buffers/cache:       858M       133M
Swap:         8.0G       570M       7.4G

             total       used       free     shared    buffers     cached
Mem:          992M       927M        64M       236K       4.0M        63M
-/+ buffers/cache:       859M       132M
Swap:         8.0G       569M       7.4G

             total       used       free     shared    buffers     cached
Mem:          992M       928M        63M       236K       4.1M        63M
-/+ buffers/cache:       861M       130M
Swap:         8.0G       569M       7.4G

             total       used       free     shared    buffers     cached
Mem:          992M       916M        75M       236K       4.0M        61M
-/+ buffers/cache:       851M       140M
Swap:         8.0G       576M       7.4G

             total       used       free     shared    buffers     cached
Mem:          992M       918M        74M       236K       4.0M        61M
-/+ buffers/cache:       852M       139M
Swap:         8.0G       576M       7.4G

             total       used       free     shared    buffers     cached
Mem:          992M       920M        71M       236K       4.2M        62M
-/+ buffers/cache:       854M       137M
Swap:         8.0G       575M       7.4G

             total       used       free     shared    buffers     cached
Mem:          992M       921M        70M       236K       4.2M        62M
-/+ buffers/cache:       855M       136M
Swap:         8.0G       574M       7.4G

             total       used       free     shared    buffers     cached
Mem:          992M       923M        68M       236K       4.2M        62M
-/+ buffers/cache:       856M       135M
Swap:         8.0G       574M       7.4G

             total       used       free     shared    buffers     cached
Mem:          992M       924M        67M       236K       4.2M        62M
-/+ buffers/cache:       858M       133M
Swap:         8.0G       573M       7.4G

             total       used       free     shared    buffers     cached
Mem:          992M       926M        66M       236K       4.2M        62M
-/+ buffers/cache:       859M       132M
Swap:         8.0G       572M       7.4G

             total       used       free     shared    buffers     cached
Mem:          992M       927M        64M       236K       4.2M        62M
-/+ buffers/cache:       861M       131M
Swap:         8.0G       572M       7.4G

             total       used       free     shared    buffers     cached
Mem:          992M       928M        63M       236K       4.2M        62M
-/+ buffers/cache:       862M       129M
Swap:         8.0G       571M       7.4G

             total       used       free     shared    buffers     cached
Mem:          992M       916M        75M       236K       4.2M        62M
-/+ buffers/cache:       850M       141M
Swap:         8.0G       573M       7.4G

             total       used       free     shared    buffers     cached
Mem:          992M       918M        74M       236K       4.2M        62M
-/+ buffers/cache:       851M       140M
Swap:         8.0G       573M       7.4G

             total       used       free     shared    buffers     cached
Mem:          992M       919M        72M       236K       4.2M        62M
-/+ buffers/cache:       852M       139M
Swap:         8.0G       572M       7.4G

             total       used       free     shared    buffers     cached
Mem:          992M       920M        71M       236K       4.2M        62M
-/+ buffers/cache:       854M       137M
Swap:         8.0G       572M       7.4G

             total       used       free     shared    buffers     cached
Mem:          992M       922M        70M       236K       4.2M        62M
-/+ buffers/cache:       855M       136M
Swap:         8.0G       571M       7.4G

             total       used       free     shared    buffers     cached
Mem:          992M       923M        68M       236K       4.2M        62M
-/+ buffers/cache:       857M       135M
Swap:         8.0G       571M       7.4G

             total       used       free     shared    buffers     cached
Mem:          992M       924M        67M       236K       4.2M        62M
-/+ buffers/cache:       858M       133M
Swap:         8.0G       570M       7.4G

             total       used       free     shared    buffers     cached
Mem:          992M       926M        66M       236K       4.2M        62M
-/+ buffers/cache:       859M       132M
Swap:         8.0G       570M       7.4G

             total       used       free     shared    buffers     cached
Mem:          992M       927M        64M       236K       4.2M        62M
-/+ buffers/cache:       861M       131M
Swap:         8.0G       569M       7.4G

             total       used       free     shared    buffers     cached
Mem:          992M       928M        63M       236K       4.2M        62M
-/+ buffers/cache:       862M       129M
Swap:         8.0G       568M       7.4G

             total       used       free     shared    buffers     cached
Mem:          992M       909M        83M       236K       4.2M        58M
-/+ buffers/cache:       846M       145M
Swap:         8.0G       586M       7.4G

             total       used       free     shared    buffers     cached
Mem:          992M       910M        81M       236K       4.2M        58M
-/+ buffers/cache:       847M       144M
Swap:         8.0G       586M       7.4G

             total       used       free     shared    buffers     cached
Mem:          992M       911M        80M       236K       4.2M        58M
-/+ buffers/cache:       848M       143M
Swap:         8.0G       585M       7.4G

             total       used       free     shared    buffers     cached
Mem:          992M       912M        79M       236K       4.2M        58M
-/+ buffers/cache:       850M       142M
Swap:         8.0G       584M       7.4G

             total       used       free     shared    buffers     cached
Mem:          992M       914M        77M       236K       4.2M        58M
-/+ buffers/cache:       851M       140M
Swap:         8.0G       584M       7.4G

             total       used       free     shared    buffers     cached
Mem:          992M       915M        76M       236K       4.2M        58M
-/+ buffers/cache:       853M       139M
Swap:         8.0G       583M       7.4G

             total       used       free     shared    buffers     cached
Mem:          992M       916M        75M       236K       4.2M        58M
-/+ buffers/cache:       854M       138M
Swap:         8.0G       583M       7.4G

             total       used       free     shared    buffers     cached
Mem:          992M       918M        73M       236K       4.2M        58M
-/+ buffers/cache:       855M       136M
Swap:         8.0G       582M       7.4G

             total       used       free     shared    buffers     cached
Mem:          992M       919M        72M       236K       4.2M        58M
-/+ buffers/cache:       856M       135M
Swap:         8.0G       582M       7.4G

             total       used       free     shared    buffers     cached
Mem:          992M       921M        70M       236K       4.2M        59M
-/+ buffers/cache:       858M       134M
Swap:         8.0G       581M       7.4G

             total       used       free     shared    buffers     cached
Mem:          992M       922M        69M       236K       4.2M        59M
-/+ buffers/cache:       859M       132M
Swap:         8.0G       580M       7.4G

             total       used       free     shared    buffers     cached
Mem:          992M       916M        75M       236K       5.0M        62M
-/+ buffers/cache:       849M       142M
Swap:         8.0G       585M       7.4G

             total       used       free     shared    buffers     cached
Mem:          992M       916M        75M       284K       8.0M        70M
-/+ buffers/cache:       838M       153M
Swap:         8.0G       610M       7.4G
