             total       used       free     shared    buffers     cached
Mem:          2.0G       664M       1.3G       3.2M        38M       289M
-/+ buffers/cache:       336M       1.6G
Swap:         8.0G         0B       8.0G

             total       used       free     shared    buffers     cached
Mem:          2.0G       663M       1.3G       1.4M        38M       287M
-/+ buffers/cache:       336M       1.6G
Swap:         8.0G         0B       8.0G

             total       used       free     shared    buffers     cached
Mem:          2.0G       663M       1.3G       1.4M        38M       287M
-/+ buffers/cache:       336M       1.6G
Swap:         8.0G         0B       8.0G

             total       used       free     shared    buffers     cached
Mem:          2.0G       662M       1.3G       1.4M        38M       288M
-/+ buffers/cache:       336M       1.6G
Swap:         8.0G         0B       8.0G

             total       used       free     shared    buffers     cached
Mem:          2.0G       662M       1.3G       1.4M        38M       288M
-/+ buffers/cache:       336M       1.6G
Swap:         8.0G         0B       8.0G

             total       used       free     shared    buffers     cached
Mem:          2.0G       662M       1.3G       1.4M        38M       287M
-/+ buffers/cache:       336M       1.6G
Swap:         8.0G         0B       8.0G

             total       used       free     shared    buffers     cached
Mem:          2.0G       662M       1.3G       1.4M        38M       288M
-/+ buffers/cache:       336M       1.6G
Swap:         8.0G         0B       8.0G

             total       used       free     shared    buffers     cached
Mem:          2.0G       662M       1.3G       1.4M        38M       288M
-/+ buffers/cache:       335M       1.6G
Swap:         8.0G         0B       8.0G

             total       used       free     shared    buffers     cached
Mem:          2.0G       662M       1.3G       1.4M        38M       288M
-/+ buffers/cache:       335M       1.6G
Swap:         8.0G         0B       8.0G

             total       used       free     shared    buffers     cached
Mem:          2.0G       665M       1.3G       1.4M        38M       288M
-/+ buffers/cache:       339M       1.6G
Swap:         8.0G         0B       8.0G

             total       used       free     shared    buffers     cached
Mem:          2.0G       685M       1.3G       1.4M        38M       288M
-/+ buffers/cache:       358M       1.6G
Swap:         8.0G         0B       8.0G

             total       used       free     shared    buffers     cached
Mem:          2.0G       671M       1.3G       1.4M        38M       289M
-/+ buffers/cache:       343M       1.6G
Swap:         8.0G         0B       8.0G

             total       used       free     shared    buffers     cached
Mem:          2.0G       671M       1.3G       1.4M        38M       289M
-/+ buffers/cache:       343M       1.6G
Swap:         8.0G         0B       8.0G

             total       used       free     shared    buffers     cached
Mem:          2.0G       672M       1.3G       1.4M        38M       289M
-/+ buffers/cache:       343M       1.6G
Swap:         8.0G         0B       8.0G

             total       used       free     shared    buffers     cached
Mem:          2.0G       672M       1.3G       1.4M        38M       289M
-/+ buffers/cache:       343M       1.6G
Swap:         8.0G         0B       8.0G

             total       used       free     shared    buffers     cached
Mem:          2.0G       672M       1.3G       1.4M        38M       289M
-/+ buffers/cache:       343M       1.6G
Swap:         8.0G         0B       8.0G

             total       used       free     shared    buffers     cached
Mem:          2.0G       672M       1.3G       1.4M        38M       289M
-/+ buffers/cache:       343M       1.6G
Swap:         8.0G         0B       8.0G

             total       used       free     shared    buffers     cached
Mem:          2.0G       672M       1.3G       1.4M        38M       289M
-/+ buffers/cache:       343M       1.6G
Swap:         8.0G         0B       8.0G

             total       used       free     shared    buffers     cached
Mem:          2.0G       672M       1.3G       1.4M        38M       289M
-/+ buffers/cache:       343M       1.6G
Swap:         8.0G         0B       8.0G

             total       used       free     shared    buffers     cached
Mem:          2.0G       672M       1.3G       1.4M        38M       289M
-/+ buffers/cache:       343M       1.6G
Swap:         8.0G         0B       8.0G

             total       used       free     shared    buffers     cached
Mem:          2.0G       672M       1.3G       1.4M        38M       289M
-/+ buffers/cache:       343M       1.6G
Swap:         8.0G         0B       8.0G

             total       used       free     shared    buffers     cached
Mem:          2.0G       672M       1.3G       1.4M        38M       289M
-/+ buffers/cache:       344M       1.6G
Swap:         8.0G         0B       8.0G

             total       used       free     shared    buffers     cached
Mem:          2.0G       672M       1.3G       1.4M        38M       289M
-/+ buffers/cache:       344M       1.6G
Swap:         8.0G         0B       8.0G

             total       used       free     shared    buffers     cached
Mem:          2.0G       672M       1.3G       1.4M        38M       289M
-/+ buffers/cache:       344M       1.6G
Swap:         8.0G         0B       8.0G

             total       used       free     shared    buffers     cached
Mem:          2.0G       672M       1.3G       1.4M        38M       289M
-/+ buffers/cache:       344M       1.6G
Swap:         8.0G         0B       8.0G

             total       used       free     shared    buffers     cached
Mem:          2.0G       672M       1.3G       1.4M        38M       289M
-/+ buffers/cache:       343M       1.6G
Swap:         8.0G         0B       8.0G

             total       used       free     shared    buffers     cached
Mem:          2.0G       672M       1.3G       1.4M        38M       289M
-/+ buffers/cache:       343M       1.6G
Swap:         8.0G         0B       8.0G

             total       used       free     shared    buffers     cached
Mem:          2.0G       672M       1.3G       1.4M        38M       289M
-/+ buffers/cache:       343M       1.6G
Swap:         8.0G         0B       8.0G

             total       used       free     shared    buffers     cached
Mem:          2.0G       672M       1.3G       1.4M        38M       289M
-/+ buffers/cache:       343M       1.6G
Swap:         8.0G         0B       8.0G

             total       used       free     shared    buffers     cached
Mem:          2.0G       672M       1.3G       1.4M        38M       289M
-/+ buffers/cache:       343M       1.6G
Swap:         8.0G         0B       8.0G

             total       used       free     shared    buffers     cached
Mem:          2.0G       672M       1.3G       1.4M        38M       289M
-/+ buffers/cache:       343M       1.6G
Swap:         8.0G         0B       8.0G

             total       used       free     shared    buffers     cached
Mem:          2.0G       672M       1.3G       1.4M        38M       289M
-/+ buffers/cache:       343M       1.6G
Swap:         8.0G         0B       8.0G

             total       used       free     shared    buffers     cached
Mem:          2.0G       672M       1.3G       1.4M        38M       289M
-/+ buffers/cache:       343M       1.6G
Swap:         8.0G         0B       8.0G

             total       used       free     shared    buffers     cached
Mem:          2.0G       679M       1.3G       1.4M        38M       289M
-/+ buffers/cache:       351M       1.6G
Swap:         8.0G         0B       8.0G

             total       used       free     shared    buffers     cached
Mem:          2.0G       694M       1.3G       1.4M        38M       289M
-/+ buffers/cache:       366M       1.6G
Swap:         8.0G         0B       8.0G

             total       used       free     shared    buffers     cached
Mem:          2.0G       710M       1.3G       1.4M        38M       289M
-/+ buffers/cache:       382M       1.6G
Swap:         8.0G         0B       8.0G

             total       used       free     shared    buffers     cached
Mem:          2.0G       726M       1.2G       1.4M        38M       289M
-/+ buffers/cache:       398M       1.6G
Swap:         8.0G         0B       8.0G

             total       used       free     shared    buffers     cached
Mem:          2.0G       742M       1.2G       1.4M        38M       289M
-/+ buffers/cache:       414M       1.5G
Swap:         8.0G         0B       8.0G

             total       used       free     shared    buffers     cached
Mem:          2.0G       760M       1.2G       1.4M        38M       289M
-/+ buffers/cache:       432M       1.5G
Swap:         8.0G         0B       8.0G

             total       used       free     shared    buffers     cached
Mem:          2.0G       775M       1.2G       1.4M        38M       289M
-/+ buffers/cache:       447M       1.5G
Swap:         8.0G         0B       8.0G

             total       used       free     shared    buffers     cached
Mem:          2.0G       790M       1.2G       1.4M        38M       289M
-/+ buffers/cache:       461M       1.5G
Swap:         8.0G         0B       8.0G

             total       used       free     shared    buffers     cached
Mem:          2.0G       807M       1.2G       1.4M        38M       289M
-/+ buffers/cache:       478M       1.5G
Swap:         8.0G         0B       8.0G

             total       used       free     shared    buffers     cached
Mem:          2.0G       824M       1.1G       1.4M        38M       289M
-/+ buffers/cache:       495M       1.5G
Swap:         8.0G         0B       8.0G

             total       used       free     shared    buffers     cached
Mem:          2.0G       839M       1.1G       1.4M        38M       289M
-/+ buffers/cache:       510M       1.5G
Swap:         8.0G         0B       8.0G

             total       used       free     shared    buffers     cached
Mem:          2.0G       854M       1.1G       1.4M        38M       289M
-/+ buffers/cache:       525M       1.4G
Swap:         8.0G         0B       8.0G

             total       used       free     shared    buffers     cached
Mem:          2.0G       868M       1.1G       1.4M        38M       289M
-/+ buffers/cache:       540M       1.4G
Swap:         8.0G         0B       8.0G

             total       used       free     shared    buffers     cached
Mem:          2.0G       883M       1.1G       1.4M        38M       289M
-/+ buffers/cache:       555M       1.4G
Swap:         8.0G         0B       8.0G

             total       used       free     shared    buffers     cached
Mem:          2.0G       898M       1.1G       1.4M        38M       289M
-/+ buffers/cache:       569M       1.4G
Swap:         8.0G         0B       8.0G

             total       used       free     shared    buffers     cached
Mem:          2.0G       912M       1.1G       1.4M        38M       289M
-/+ buffers/cache:       584M       1.4G
Swap:         8.0G         0B       8.0G

             total       used       free     shared    buffers     cached
Mem:          2.0G       928M       1.0G       1.4M        38M       289M
-/+ buffers/cache:       600M       1.4G
Swap:         8.0G         0B       8.0G

             total       used       free     shared    buffers     cached
Mem:          2.0G       942M       1.0G       1.4M        38M       289M
-/+ buffers/cache:       614M       1.4G
Swap:         8.0G         0B       8.0G

             total       used       free     shared    buffers     cached
Mem:          2.0G       958M       1.0G       1.4M        38M       289M
-/+ buffers/cache:       629M       1.3G
Swap:         8.0G         0B       8.0G

             total       used       free     shared    buffers     cached
Mem:          2.0G       972M       1.0G       1.4M        38M       289M
-/+ buffers/cache:       644M       1.3G
Swap:         8.0G         0B       8.0G

             total       used       free     shared    buffers     cached
Mem:          2.0G       988M       1.0G       1.4M        38M       289M
-/+ buffers/cache:       660M       1.3G
Swap:         8.0G         0B       8.0G

             total       used       free     shared    buffers     cached
Mem:          2.0G       1.0G       996M       1.4M        38M       289M
-/+ buffers/cache:       675M       1.3G
Swap:         8.0G         0B       8.0G

             total       used       free     shared    buffers     cached
Mem:          2.0G       1.0G       980M       1.4M        38M       289M
-/+ buffers/cache:       691M       1.3G
Swap:         8.0G         0B       8.0G

             total       used       free     shared    buffers     cached
Mem:          2.0G       1.0G       965M       1.4M        38M       289M
-/+ buffers/cache:       706M       1.3G
Swap:         8.0G         0B       8.0G

             total       used       free     shared    buffers     cached
Mem:          2.0G       1.0G       949M       1.4M        38M       289M
-/+ buffers/cache:       722M       1.2G
Swap:         8.0G         0B       8.0G

             total       used       free     shared    buffers     cached
Mem:          2.0G       1.0G       933M       1.4M        38M       289M
-/+ buffers/cache:       738M       1.2G
Swap:         8.0G         0B       8.0G

             total       used       free     shared    buffers     cached
Mem:          2.0G       1.1G       918M       1.4M        38M       289M
-/+ buffers/cache:       753M       1.2G
Swap:         8.0G         0B       8.0G

             total       used       free     shared    buffers     cached
Mem:          2.0G       1.1G       903M       1.4M        38M       289M
-/+ buffers/cache:       768M       1.2G
Swap:         8.0G         0B       8.0G

             total       used       free     shared    buffers     cached
Mem:          2.0G       1.1G       887M       1.4M        38M       289M
-/+ buffers/cache:       784M       1.2G
Swap:         8.0G         0B       8.0G

             total       used       free     shared    buffers     cached
Mem:          2.0G       1.1G       876M       1.4M        38M       289M
-/+ buffers/cache:       795M       1.2G
Swap:         8.0G         0B       8.0G

             total       used       free     shared    buffers     cached
Mem:          2.0G       1.1G       861M       1.4M        38M       289M
-/+ buffers/cache:       810M       1.2G
Swap:         8.0G         0B       8.0G

             total       used       free     shared    buffers     cached
Mem:          2.0G       1.1G       845M       1.4M        38M       289M
-/+ buffers/cache:       826M       1.1G
Swap:         8.0G         0B       8.0G

             total       used       free     shared    buffers     cached
Mem:          2.0G       1.1G       828M       1.4M        38M       289M
-/+ buffers/cache:       843M       1.1G
Swap:         8.0G         0B       8.0G

             total       used       free     shared    buffers     cached
Mem:          2.0G       1.2G       812M       1.4M        38M       289M
-/+ buffers/cache:       859M       1.1G
Swap:         8.0G         0B       8.0G

             total       used       free     shared    buffers     cached
Mem:          2.0G       1.2G       797M       1.4M        38M       289M
-/+ buffers/cache:       874M       1.1G
Swap:         8.0G         0B       8.0G

             total       used       free     shared    buffers     cached
Mem:          2.0G       1.2G       781M       1.4M        38M       289M
-/+ buffers/cache:       890M       1.1G
Swap:         8.0G         0B       8.0G

             total       used       free     shared    buffers     cached
Mem:          2.0G       1.2G       762M       1.4M        38M       290M
-/+ buffers/cache:       908M       1.1G
Swap:         8.0G         0B       8.0G

             total       used       free     shared    buffers     cached
Mem:          2.0G       1.2G       748M       1.4M        38M       290M
-/+ buffers/cache:       923M       1.1G
Swap:         8.0G         0B       8.0G

             total       used       free     shared    buffers     cached
Mem:          2.0G       1.2G       731M       1.4M        38M       290M
-/+ buffers/cache:       939M       1.0G
Swap:         8.0G         0B       8.0G

             total       used       free     shared    buffers     cached
Mem:          2.0G       1.3G       716M       1.4M        38M       290M
-/+ buffers/cache:       955M       1.0G
Swap:         8.0G         0B       8.0G

             total       used       free     shared    buffers     cached
Mem:          2.0G       1.3G       700M       1.4M        38M       290M
-/+ buffers/cache:       971M       1.0G
Swap:         8.0G         0B       8.0G

             total       used       free     shared    buffers     cached
Mem:          2.0G       1.3G       683M       1.4M        38M       290M
-/+ buffers/cache:       987M       1.0G
Swap:         8.0G         0B       8.0G

             total       used       free     shared    buffers     cached
Mem:          2.0G       1.3G       669M       1.4M        38M       290M
-/+ buffers/cache:       1.0G       998M
Swap:         8.0G         0B       8.0G

             total       used       free     shared    buffers     cached
Mem:          2.0G       1.3G       653M       1.4M        38M       290M
-/+ buffers/cache:       1.0G       981M
Swap:         8.0G         0B       8.0G

             total       used       free     shared    buffers     cached
Mem:          2.0G       1.3G       638M       1.4M        38M       290M
-/+ buffers/cache:       1.0G       967M
Swap:         8.0G         0B       8.0G

             total       used       free     shared    buffers     cached
Mem:          2.0G       1.3G       622M       1.4M        38M       290M
-/+ buffers/cache:       1.0G       951M
Swap:         8.0G         0B       8.0G

             total       used       free     shared    buffers     cached
Mem:          2.0G       1.4G       607M       1.4M        38M       290M
-/+ buffers/cache:       1.0G       936M
Swap:         8.0G         0B       8.0G

             total       used       free     shared    buffers     cached
Mem:          2.0G       1.4G       591M       1.4M        38M       290M
-/+ buffers/cache:       1.1G       920M
Swap:         8.0G         0B       8.0G

             total       used       free     shared    buffers     cached
Mem:          2.0G       1.4G       576M       1.4M        38M       290M
-/+ buffers/cache:       1.1G       905M
Swap:         8.0G         0B       8.0G

             total       used       free     shared    buffers     cached
Mem:          2.0G       1.4G       560M       1.4M        38M       290M
-/+ buffers/cache:       1.1G       889M
Swap:         8.0G         0B       8.0G

             total       used       free     shared    buffers     cached
Mem:          2.0G       1.4G       545M       1.4M        38M       290M
-/+ buffers/cache:       1.1G       874M
Swap:         8.0G         0B       8.0G

             total       used       free     shared    buffers     cached
Mem:          2.0G       1.4G       530M       1.4M        38M       290M
-/+ buffers/cache:       1.1G       859M
Swap:         8.0G         0B       8.0G

             total       used       free     shared    buffers     cached
Mem:          2.0G       1.4G       515M       1.4M        38M       290M
-/+ buffers/cache:       1.1G       844M
Swap:         8.0G         0B       8.0G

             total       used       free     shared    buffers     cached
Mem:          2.0G       1.5G       499M       1.4M        38M       290M
-/+ buffers/cache:       1.1G       828M
Swap:         8.0G         0B       8.0G

             total       used       free     shared    buffers     cached
Mem:          2.0G       1.5G       484M       1.4M        38M       290M
-/+ buffers/cache:       1.2G       813M
Swap:         8.0G         0B       8.0G

             total       used       free     shared    buffers     cached
Mem:          2.0G       1.5G       469M       1.4M        38M       290M
-/+ buffers/cache:       1.2G       798M
Swap:         8.0G         0B       8.0G

             total       used       free     shared    buffers     cached
Mem:          2.0G       1.5G       454M       1.4M        38M       290M
-/+ buffers/cache:       1.2G       783M
Swap:         8.0G         0B       8.0G

             total       used       free     shared    buffers     cached
Mem:          2.0G       1.5G       438M       1.4M        38M       290M
-/+ buffers/cache:       1.2G       767M
Swap:         8.0G         0B       8.0G

             total       used       free     shared    buffers     cached
Mem:          2.0G       1.5G       428M       1.4M        38M       290M
-/+ buffers/cache:       1.2G       757M
Swap:         8.0G         0B       8.0G

             total       used       free     shared    buffers     cached
Mem:          2.0G       1.5G       421M       1.4M        38M       290M
-/+ buffers/cache:       1.2G       750M
Swap:         8.0G         0B       8.0G

             total       used       free     shared    buffers     cached
Mem:          2.0G       1.6G       406M       1.4M        38M       290M
-/+ buffers/cache:       1.2G       735M
Swap:         8.0G         0B       8.0G

             total       used       free     shared    buffers     cached
Mem:          2.0G       1.6G       390M       1.4M        38M       290M
-/+ buffers/cache:       1.3G       719M
Swap:         8.0G         0B       8.0G

             total       used       free     shared    buffers     cached
Mem:          2.0G       1.6G       374M       1.4M        38M       290M
-/+ buffers/cache:       1.3G       703M
Swap:         8.0G         0B       8.0G

             total       used       free     shared    buffers     cached
Mem:          2.0G       1.6G       358M       1.4M        38M       290M
-/+ buffers/cache:       1.3G       687M
Swap:         8.0G         0B       8.0G

             total       used       free     shared    buffers     cached
Mem:          2.0G       1.6G       341M       1.4M        38M       290M
-/+ buffers/cache:       1.3G       670M
Swap:         8.0G         0B       8.0G

             total       used       free     shared    buffers     cached
Mem:          2.0G       1.6G       324M       1.4M        38M       290M
-/+ buffers/cache:       1.3G       653M
Swap:         8.0G         0B       8.0G

             total       used       free     shared    buffers     cached
Mem:          2.0G       1.7G       309M       1.4M        38M       290M
-/+ buffers/cache:       1.3G       638M
Swap:         8.0G         0B       8.0G

             total       used       free     shared    buffers     cached
Mem:          2.0G       1.7G       291M       1.4M        38M       290M
-/+ buffers/cache:       1.3G       620M
Swap:         8.0G         0B       8.0G

             total       used       free     shared    buffers     cached
Mem:          2.0G       1.7G       274M       1.4M        38M       290M
-/+ buffers/cache:       1.4G       603M
Swap:         8.0G         0B       8.0G

             total       used       free     shared    buffers     cached
Mem:          2.0G       1.7G       258M       1.4M        38M       290M
-/+ buffers/cache:       1.4G       587M
Swap:         8.0G         0B       8.0G

             total       used       free     shared    buffers     cached
Mem:          2.0G       1.7G       241M       1.4M        38M       290M
-/+ buffers/cache:       1.4G       570M
Swap:         8.0G         0B       8.0G

             total       used       free     shared    buffers     cached
Mem:          2.0G       1.7G       226M       1.4M        38M       290M
-/+ buffers/cache:       1.4G       555M
Swap:         8.0G         0B       8.0G

             total       used       free     shared    buffers     cached
Mem:          2.0G       1.7G       210M       1.4M        38M       290M
-/+ buffers/cache:       1.4G       539M
Swap:         8.0G         0B       8.0G

             total       used       free     shared    buffers     cached
Mem:          2.0G       1.8G       194M       1.4M        38M       290M
-/+ buffers/cache:       1.4G       523M
Swap:         8.0G         0B       8.0G

             total       used       free     shared    buffers     cached
Mem:          2.0G       1.8G       178M       1.4M        38M       290M
-/+ buffers/cache:       1.5G       507M
Swap:         8.0G         0B       8.0G

             total       used       free     shared    buffers     cached
Mem:          2.0G       1.8G       169M       1.4M        38M       290M
-/+ buffers/cache:       1.5G       498M
Swap:         8.0G         0B       8.0G

             total       used       free     shared    buffers     cached
Mem:          2.0G       1.8G       169M       1.4M        38M       290M
-/+ buffers/cache:       1.5G       498M
Swap:         8.0G         0B       8.0G

             total       used       free     shared    buffers     cached
Mem:          2.0G       1.8G       169M       1.4M        38M       290M
-/+ buffers/cache:       1.5G       498M
Swap:         8.0G         0B       8.0G

             total       used       free     shared    buffers     cached
Mem:          2.0G       1.8G       169M       1.4M        38M       290M
-/+ buffers/cache:       1.5G       498M
Swap:         8.0G         0B       8.0G

             total       used       free     shared    buffers     cached
Mem:          2.0G       1.8G       169M       1.4M        38M       290M
-/+ buffers/cache:       1.5G       498M
Swap:         8.0G         0B       8.0G

             total       used       free     shared    buffers     cached
Mem:          2.0G       1.8G       164M       1.4M        38M       290M
-/+ buffers/cache:       1.5G       493M
Swap:         8.0G         0B       8.0G

             total       used       free     shared    buffers     cached
Mem:          2.0G       1.8G       146M       1.4M        38M       290M
-/+ buffers/cache:       1.5G       475M
Swap:         8.0G         0B       8.0G

             total       used       free     shared    buffers     cached
Mem:          2.0G       1.8G       126M       1.4M        38M       290M
-/+ buffers/cache:       1.5G       455M
Swap:         8.0G         0B       8.0G

             total       used       free     shared    buffers     cached
Mem:          2.0G       1.8G       107M       1.4M        38M       290M
-/+ buffers/cache:       1.5G       436M
Swap:         8.0G         0B       8.0G

             total       used       free     shared    buffers     cached
Mem:          2.0G       1.9G        87M       1.4M        38M       290M
-/+ buffers/cache:       1.5G       416M
Swap:         8.0G         0B       8.0G

             total       used       free     shared    buffers     cached
Mem:          2.0G       1.9G        69M       1.4M        38M       290M
-/+ buffers/cache:       1.6G       398M
Swap:         8.0G         0B       8.0G

             total       used       free     shared    buffers     cached
Mem:          2.0G       1.9G        70M       1.4M        17M       288M
-/+ buffers/cache:       1.6G       376M
Swap:         8.0G         0B       8.0G

             total       used       free     shared    buffers     cached
Mem:          2.0G       1.9G        70M       1.4M        10M       279M
-/+ buffers/cache:       1.6G       360M
Swap:         8.0G         0B       8.0G

             total       used       free     shared    buffers     cached
Mem:          2.0G       1.9G        70M       1.3M       9.8M       263M
-/+ buffers/cache:       1.6G       343M
Swap:         8.0G       120K       8.0G

             total       used       free     shared    buffers     cached
Mem:          2.0G       1.9G        71M       1.3M       9.8M       244M
-/+ buffers/cache:       1.6G       325M
Swap:         8.0G       984K       8.0G

             total       used       free     shared    buffers     cached
Mem:          2.0G       1.9G        69M       1.2M       9.8M       232M
-/+ buffers/cache:       1.6G       311M
Swap:         8.0G       7.0M       8.0G

             total       used       free     shared    buffers     cached
Mem:          2.0G       1.9G        85M       1.2M       8.9M       205M
-/+ buffers/cache:       1.7G       300M
Swap:         8.0G        12M       8.0G

             total       used       free     shared    buffers     cached
Mem:          2.0G       1.9G        70M       1.2M       8.9M       205M
-/+ buffers/cache:       1.7G       285M
Swap:         8.0G        12M       8.0G

             total       used       free     shared    buffers     cached
Mem:          2.0G       1.9G        79M       1.2M       1.3M       187M
-/+ buffers/cache:       1.7G       268M
Swap:         8.0G        12M       8.0G

             total       used       free     shared    buffers     cached
Mem:          2.0G       1.9G        85M       1.2M       332K       166M
-/+ buffers/cache:       1.7G       252M
Swap:         8.0G        12M       8.0G

             total       used       free     shared    buffers     cached
Mem:          2.0G       1.9G        69M       1.2M       332K       166M
-/+ buffers/cache:       1.7G       236M
Swap:         8.0G        12M       8.0G

             total       used       free     shared    buffers     cached
Mem:          2.0G       1.9G        74M       1.2M       332K       146M
-/+ buffers/cache:       1.7G       221M
Swap:         8.0G        12M       8.0G

             total       used       free     shared    buffers     cached
Mem:          2.0G       1.9G        75M       1.2M       260K       129M
-/+ buffers/cache:       1.8G       205M
Swap:         8.0G        12M       8.0G

             total       used       free     shared    buffers     cached
Mem:          2.0G       1.9G        76M       1.2M        76K       114M
-/+ buffers/cache:       1.8G       190M
Swap:         8.0G        12M       8.0G

             total       used       free     shared    buffers     cached
Mem:          2.0G       1.9G        73M       1.2M        76K       100M
-/+ buffers/cache:       1.8G       174M
Swap:         8.0G        12M       8.0G

             total       used       free     shared    buffers     cached
Mem:          2.0G       1.9G        70M       1.2M        76K        88M
-/+ buffers/cache:       1.8G       159M
Swap:         8.0G        12M       8.0G

             total       used       free     shared    buffers     cached
Mem:          2.0G       1.9G        73M       1.2M        92K        68M
-/+ buffers/cache:       1.8G       141M
Swap:         8.0G        12M       8.0G

             total       used       free     shared    buffers     cached
Mem:          2.0G       1.9G        74M       1.2M       100K        52M
-/+ buffers/cache:       1.8G       127M
Swap:         8.0G        12M       8.0G

             total       used       free     shared    buffers     cached
Mem:          2.0G       1.9G        75M       1.2M       240K        35M
-/+ buffers/cache:       1.8G       111M
Swap:         8.0G        12M       8.0G

             total       used       free     shared    buffers     cached
Mem:          2.0G       1.9G        73M       1.2M       240K        20M
-/+ buffers/cache:       1.9G        94M
Swap:         8.0G        12M       8.0G

             total       used       free     shared    buffers     cached
Mem:          2.0G       1.9G        69M       1.2M       512K       7.3M
-/+ buffers/cache:       1.9G        77M
Swap:         8.0G        12M       8.0G

             total       used       free     shared    buffers     cached
Mem:          2.0G       1.9G        75M       1.0M       512K       2.7M
-/+ buffers/cache:       1.9G        78M
Swap:         8.0G        29M       8.0G

             total       used       free     shared    buffers     cached
Mem:          2.0G       1.9G        75M       720K       508K       2.3M
-/+ buffers/cache:       1.9G        78M
Swap:         8.0G        47M       8.0G

             total       used       free     shared    buffers     cached
Mem:          2.0G       1.9G        70M       720K       508K       2.3M
-/+ buffers/cache:       1.9G        73M
Swap:         8.0G        52M       7.9G

             total       used       free     shared    buffers     cached
Mem:          2.0G       1.9G        71M       684K       508K       2.2M
-/+ buffers/cache:       1.9G        74M
Swap:         8.0G        93M       7.9G

             total       used       free     shared    buffers     cached
Mem:          2.0G       1.9G        69M       684K       508K       2.2M
-/+ buffers/cache:       1.9G        72M
Swap:         8.0G        93M       7.9G

             total       used       free     shared    buffers     cached
Mem:          2.0G       1.9G        68M       684K       508K       2.2M
-/+ buffers/cache:       1.9G        70M
Swap:         8.0G        94M       7.9G

             total       used       free     shared    buffers     cached
Mem:          2.0G       1.9G        69M       660K       512K       2.2M
-/+ buffers/cache:       1.9G        72M
Swap:         8.0G       149M       7.9G

             total       used       free     shared    buffers     cached
Mem:          2.0G       1.9G        70M       660K       516K       2.1M
-/+ buffers/cache:       1.9G        73M
Swap:         8.0G       149M       7.9G

             total       used       free     shared    buffers     cached
Mem:          2.0G       1.9G        75M       580K        84K        19M
-/+ buffers/cache:       1.9G        95M
Swap:         8.0G       175M       7.8G

             total       used       free     shared    buffers     cached
Mem:          2.0G       1.9G        75M       580K       528K        19M
-/+ buffers/cache:       1.9G        95M
Swap:         8.0G       179M       7.8G

             total       used       free     shared    buffers     cached
Mem:          2.0G       1.9G        75M       572K       528K        19M
-/+ buffers/cache:       1.9G        94M
Swap:         8.0G       195M       7.8G

             total       used       free     shared    buffers     cached
Mem:          2.0G       1.9G        65M       572K       504K        18M
-/+ buffers/cache:       1.9G        85M
Swap:         8.0G       203M       7.8G

             total       used       free     shared    buffers     cached
Mem:          2.0G       1.9G        70M       568K       512K        15M
-/+ buffers/cache:       1.9G        86M
Swap:         8.0G       233M       7.8G

             total       used       free     shared    buffers     cached
Mem:          2.0G       1.9G        76M       568K       512K        14M
-/+ buffers/cache:       1.9G        91M
Swap:         8.0G       233M       7.8G

             total       used       free     shared    buffers     cached
Mem:          2.0G       1.9G        71M       568K       512K        14M
-/+ buffers/cache:       1.9G        85M
Swap:         8.0G       233M       7.8G

             total       used       free     shared    buffers     cached
Mem:          2.0G       1.9G        77M       568K       512K       9.1M
-/+ buffers/cache:       1.9G        87M
Swap:         8.0G       243M       7.8G

             total       used       free     shared    buffers     cached
Mem:          2.0G       1.9G        69M       540K       512K       9.0M
-/+ buffers/cache:       1.9G        78M
Swap:         8.0G       243M       7.8G

             total       used       free     shared    buffers     cached
Mem:          2.0G       1.9G        76M       540K       220K       5.6M
-/+ buffers/cache:       1.9G        82M
Swap:         8.0G       274M       7.7G

             total       used       free     shared    buffers     cached
Mem:          2.0G       1.9G        77M       540K       184K       7.2M
-/+ buffers/cache:       1.9G        84M
Swap:         8.0G       274M       7.7G

             total       used       free     shared    buffers     cached
Mem:          2.0G       1.9G        65M       540K       472K       7.3M
-/+ buffers/cache:       1.9G        73M
Swap:         8.0G       274M       7.7G

             total       used       free     shared    buffers     cached
Mem:          2.0G       1.9G        71M       540K       472K       7.1M
-/+ buffers/cache:       1.9G        78M
Swap:         8.0G       286M       7.7G

             total       used       free     shared    buffers     cached
Mem:          2.0G       1.9G        70M       540K       472K       7.1M
-/+ buffers/cache:       1.9G        78M
Swap:         8.0G       286M       7.7G

             total       used       free     shared    buffers     cached
Mem:          2.0G       1.9G        69M       540K       472K       7.1M
-/+ buffers/cache:       1.9G        77M
Swap:         8.0G       285M       7.7G

             total       used       free     shared    buffers     cached
Mem:          2.0G       1.9G        69M       540K       480K       7.2M
-/+ buffers/cache:       1.9G        76M
Swap:         8.0G       285M       7.7G

             total       used       free     shared    buffers     cached
Mem:          2.0G       1.9G        68M       540K       480K       7.2M
-/+ buffers/cache:       1.9G        75M
Swap:         8.0G       285M       7.7G

             total       used       free     shared    buffers     cached
Mem:          2.0G       1.9G        67M       540K       480K       7.2M
-/+ buffers/cache:       1.9G        75M
Swap:         8.0G       284M       7.7G

             total       used       free     shared    buffers     cached
Mem:          2.0G       1.9G        66M       540K       480K       7.2M
-/+ buffers/cache:       1.9G        74M
Swap:         8.0G       284M       7.7G

             total       used       free     shared    buffers     cached
Mem:          2.0G       1.9G        66M       540K       480K       7.2M
-/+ buffers/cache:       1.9G        73M
Swap:         8.0G       284M       7.7G

             total       used       free     shared    buffers     cached
Mem:          2.0G       1.9G        65M       540K       488K       7.2M
-/+ buffers/cache:       1.9G        73M
Swap:         8.0G       283M       7.7G

             total       used       free     shared    buffers     cached
Mem:          2.0G       1.9G        76M       540K       488K       7.0M
-/+ buffers/cache:       1.9G        84M
Swap:         8.0G       300M       7.7G

             total       used       free     shared    buffers     cached
Mem:          2.0G       1.9G        76M       540K       488K       7.0M
-/+ buffers/cache:       1.9G        84M
Swap:         8.0G       299M       7.7G

             total       used       free     shared    buffers     cached
Mem:          2.0G       1.9G        75M       540K       488K       7.1M
-/+ buffers/cache:       1.9G        83M
Swap:         8.0G       299M       7.7G

             total       used       free     shared    buffers     cached
Mem:          2.0G       1.9G        74M       540K       488K       7.1M
-/+ buffers/cache:       1.9G        82M
Swap:         8.0G       298M       7.7G

             total       used       free     shared    buffers     cached
Mem:          2.0G       1.9G        74M       540K       496K       7.1M
-/+ buffers/cache:       1.9G        81M
Swap:         8.0G       298M       7.7G

             total       used       free     shared    buffers     cached
Mem:          2.0G       1.9G        69M       544K       496K        10M
-/+ buffers/cache:       1.9G        80M
Swap:         8.0G       297M       7.7G

             total       used       free     shared    buffers     cached
Mem:          2.0G       1.9G        68M       544K       496K        10M
-/+ buffers/cache:       1.9G        79M
Swap:         8.0G       297M       7.7G

             total       used       free     shared    buffers     cached
Mem:          2.0G       1.9G        67M       544K       508K        10M
-/+ buffers/cache:       1.9G        78M
Swap:         8.0G       296M       7.7G

             total       used       free     shared    buffers     cached
Mem:          2.0G       1.9G        66M       544K       508K        10M
-/+ buffers/cache:       1.9G        77M
Swap:         8.0G       296M       7.7G

             total       used       free     shared    buffers     cached
Mem:          2.0G       1.9G        66M       544K       508K        10M
-/+ buffers/cache:       1.9G        77M
Swap:         8.0G       295M       7.7G

             total       used       free     shared    buffers     cached
Mem:          2.0G       1.9G        65M       544K       516K        10M
-/+ buffers/cache:       1.9G        76M
Swap:         8.0G       295M       7.7G

             total       used       free     shared    buffers     cached
Mem:          2.0G       1.9G        64M       544K       516K        10M
-/+ buffers/cache:       1.9G        75M
Swap:         8.0G       295M       7.7G

             total       used       free     shared    buffers     cached
Mem:          2.0G       1.9G        78M       544K       788K       9.3M
-/+ buffers/cache:       1.9G        88M
Swap:         8.0G       331M       7.7G

             total       used       free     shared    buffers     cached
Mem:          2.0G       1.9G        89M       544K       612K        28M
-/+ buffers/cache:       1.8G       118M
Swap:         8.0G       345M       7.7G

             total       used       free     shared    buffers     cached
Mem:          2.0G       1.9G        88M       544K       612K        28M
-/+ buffers/cache:       1.8G       116M
Swap:         8.0G       344M       7.7G

             total       used       free     shared    buffers     cached
Mem:          2.0G       1.9G        87M       544K       620K        28M
-/+ buffers/cache:       1.8G       116M
Swap:         8.0G       344M       7.7G

             total       used       free     shared    buffers     cached
Mem:          2.0G       1.9G        85M       544K       620K        28M
-/+ buffers/cache:       1.8G       114M
Swap:         8.0G       343M       7.7G

             total       used       free     shared    buffers     cached
Mem:          2.0G       1.9G        84M       544K       620K        28M
-/+ buffers/cache:       1.8G       113M
Swap:         8.0G       343M       7.7G

             total       used       free     shared    buffers     cached
Mem:          2.0G       1.9G        83M       544K       620K        28M
-/+ buffers/cache:       1.8G       112M
Swap:         8.0G       342M       7.7G

             total       used       free     shared    buffers     cached
Mem:          2.0G       1.9G        82M       544K       620K        28M
-/+ buffers/cache:       1.8G       111M
Swap:         8.0G       342M       7.7G

             total       used       free     shared    buffers     cached
Mem:          2.0G       1.9G        81M       544K       620K        28M
-/+ buffers/cache:       1.8G       110M
Swap:         8.0G       341M       7.7G

             total       used       free     shared    buffers     cached
Mem:          2.0G       1.9G        80M       544K       628K        28M
-/+ buffers/cache:       1.8G       109M
Swap:         8.0G       340M       7.7G

             total       used       free     shared    buffers     cached
Mem:          2.0G       1.9G        79M       544K       628K        28M
-/+ buffers/cache:       1.8G       108M
Swap:         8.0G       340M       7.7G

             total       used       free     shared    buffers     cached
Mem:          2.0G       1.9G        78M       544K       628K        28M
-/+ buffers/cache:       1.8G       107M
Swap:         8.0G       339M       7.7G

             total       used       free     shared    buffers     cached
Mem:          2.0G       1.9G        77M       544K       628K        28M
-/+ buffers/cache:       1.8G       106M
Swap:         8.0G       339M       7.7G

             total       used       free     shared    buffers     cached
Mem:          2.0G       1.9G        76M       544K       628K        28M
-/+ buffers/cache:       1.9G       105M
Swap:         8.0G       338M       7.7G

             total       used       free     shared    buffers     cached
Mem:          2.0G       1.9G        75M       544K       636K        28M
-/+ buffers/cache:       1.9G       104M
Swap:         8.0G       338M       7.7G

             total       used       free     shared    buffers     cached
Mem:          2.0G       1.9G        74M       544K       636K        28M
-/+ buffers/cache:       1.9G       103M
Swap:         8.0G       337M       7.7G

             total       used       free     shared    buffers     cached
Mem:          2.0G       1.9G        73M       544K       640K        28M
-/+ buffers/cache:       1.9G       102M
Swap:         8.0G       336M       7.7G

             total       used       free     shared    buffers     cached
Mem:          2.0G       1.9G        72M       544K       640K        28M
-/+ buffers/cache:       1.9G       101M
Swap:         8.0G       336M       7.7G

             total       used       free     shared    buffers     cached
Mem:          2.0G       1.9G        71M       544K       640K        28M
-/+ buffers/cache:       1.9G       100M
Swap:         8.0G       335M       7.7G

             total       used       free     shared    buffers     cached
Mem:          2.0G       1.9G        70M       544K       640K        28M
-/+ buffers/cache:       1.9G        99M
Swap:         8.0G       335M       7.7G

             total       used       free     shared    buffers     cached
Mem:          2.0G       1.9G        69M       544K       648K        28M
-/+ buffers/cache:       1.9G        98M
Swap:         8.0G       334M       7.7G

             total       used       free     shared    buffers     cached
Mem:          2.0G       1.9G        68M       544K       648K        28M
-/+ buffers/cache:       1.9G        97M
Swap:         8.0G       333M       7.7G

             total       used       free     shared    buffers     cached
Mem:          2.0G       1.9G        67M       544K       648K        28M
-/+ buffers/cache:       1.9G        96M
Swap:         8.0G       333M       7.7G

             total       used       free     shared    buffers     cached
Mem:          2.0G       1.9G        66M       544K       648K        28M
-/+ buffers/cache:       1.9G        95M
Swap:         8.0G       332M       7.7G

             total       used       free     shared    buffers     cached
Mem:          2.0G       1.9G        65M       544K       648K        28M
-/+ buffers/cache:       1.9G        95M
Swap:         8.0G       332M       7.7G

             total       used       free     shared    buffers     cached
Mem:          2.0G       1.9G        64M       544K       656K        28M
-/+ buffers/cache:       1.9G        94M
Swap:         8.0G       331M       7.7G

             total       used       free     shared    buffers     cached
Mem:          2.0G       1.9G        73M       544K       656K        31M
-/+ buffers/cache:       1.8G       105M
Swap:         8.0G       349M       7.7G

             total       used       free     shared    buffers     cached
Mem:          2.0G       1.9G        72M       544K       656K        31M
-/+ buffers/cache:       1.9G       104M
Swap:         8.0G       348M       7.7G

             total       used       free     shared    buffers     cached
Mem:          2.0G       1.9G        65M       544K       2.5M        34M
-/+ buffers/cache:       1.9G       102M
Swap:         8.0G       347M       7.7G

             total       used       free     shared    buffers     cached
Mem:          2.0G       1.9G        77M       548K       2.5M        33M
-/+ buffers/cache:       1.8G       113M
Swap:         8.0G       355M       7.7G

             total       used       free     shared    buffers     cached
Mem:          2.0G       1.9G        76M       548K       2.5M        33M
-/+ buffers/cache:       1.8G       112M
Swap:         8.0G       354M       7.7G

             total       used       free     shared    buffers     cached
Mem:          2.0G       1.9G        75M       548K       2.5M        33M
-/+ buffers/cache:       1.8G       111M
Swap:         8.0G       354M       7.7G

             total       used       free     shared    buffers     cached
Mem:          2.0G       1.9G        74M       548K       2.5M        33M
-/+ buffers/cache:       1.8G       110M
Swap:         8.0G       353M       7.7G

             total       used       free     shared    buffers     cached
Mem:          2.0G       1.9G        73M       548K       2.5M        33M
-/+ buffers/cache:       1.8G       109M
Swap:         8.0G       352M       7.7G

             total       used       free     shared    buffers     cached
Mem:          2.0G       1.9G        72M       548K       2.5M        33M
-/+ buffers/cache:       1.8G       108M
Swap:         8.0G       352M       7.7G

             total       used       free     shared    buffers     cached
Mem:          2.0G       1.9G        71M       548K       2.5M        33M
-/+ buffers/cache:       1.8G       107M
Swap:         8.0G       351M       7.7G

             total       used       free     shared    buffers     cached
Mem:          2.0G       1.9G        70M       548K       2.5M        33M
-/+ buffers/cache:       1.8G       106M
Swap:         8.0G       350M       7.7G

             total       used       free     shared    buffers     cached
Mem:          2.0G       1.9G        69M       548K       2.5M        33M
-/+ buffers/cache:       1.9G       105M
Swap:         8.0G       350M       7.7G

             total       used       free     shared    buffers     cached
Mem:          2.0G       1.9G        68M       548K       2.5M        33M
-/+ buffers/cache:       1.9G       104M
Swap:         8.0G       349M       7.7G

             total       used       free     shared    buffers     cached
Mem:          2.0G       1.9G        66M       548K       2.5M        33M
-/+ buffers/cache:       1.9G       103M
Swap:         8.0G       348M       7.7G

             total       used       free     shared    buffers     cached
Mem:          2.0G       1.9G        65M       548K       2.5M        33M
-/+ buffers/cache:       1.9G       102M
Swap:         8.0G       348M       7.7G

             total       used       free     shared    buffers     cached
Mem:          2.0G       1.9G        75M       548K       2.8M        35M
-/+ buffers/cache:       1.8G       113M
Swap:         8.0G       366M       7.6G

             total       used       free     shared    buffers     cached
Mem:          2.0G       1.9G        74M       660K       6.4M        43M
-/+ buffers/cache:       1.8G       124M
Swap:         8.0G       390M       7.6G
