             total       used       free     shared    buffers     cached
Mem:          3.9G       660M       3.2G       3.2M        38M       289M
-/+ buffers/cache:       332M       3.5G
Swap:         8.0G         0B       8.0G

             total       used       free     shared    buffers     cached
Mem:          3.9G       659M       3.2G       1.5M        38M       287M
-/+ buffers/cache:       332M       3.5G
Swap:         8.0G         0B       8.0G

             total       used       free     shared    buffers     cached
Mem:          3.9G       659M       3.2G       1.5M        38M       287M
-/+ buffers/cache:       332M       3.5G
Swap:         8.0G         0B       8.0G

             total       used       free     shared    buffers     cached
Mem:          3.9G       659M       3.2G       1.5M        38M       287M
-/+ buffers/cache:       332M       3.5G
Swap:         8.0G         0B       8.0G

             total       used       free     shared    buffers     cached
Mem:          3.9G       659M       3.2G       1.5M        38M       287M
-/+ buffers/cache:       332M       3.5G
Swap:         8.0G         0B       8.0G

             total       used       free     shared    buffers     cached
Mem:          3.9G       659M       3.2G       1.5M        38M       287M
-/+ buffers/cache:       332M       3.5G
Swap:         8.0G         0B       8.0G

             total       used       free     shared    buffers     cached
Mem:          3.9G       658M       3.2G       1.5M        38M       287M
-/+ buffers/cache:       332M       3.5G
Swap:         8.0G         0B       8.0G

             total       used       free     shared    buffers     cached
Mem:          3.9G       658M       3.2G       1.5M        38M       288M
-/+ buffers/cache:       332M       3.5G
Swap:         8.0G         0B       8.0G

             total       used       free     shared    buffers     cached
Mem:          3.9G       658M       3.2G       1.5M        38M       288M
-/+ buffers/cache:       332M       3.5G
Swap:         8.0G         0B       8.0G

             total       used       free     shared    buffers     cached
Mem:          3.9G       661M       3.2G       1.5M        38M       288M
-/+ buffers/cache:       334M       3.5G
Swap:         8.0G         0B       8.0G

             total       used       free     shared    buffers     cached
Mem:          3.9G       687M       3.2G       1.5M        38M       288M
-/+ buffers/cache:       360M       3.5G
Swap:         8.0G         0B       8.0G

             total       used       free     shared    buffers     cached
Mem:          3.9G       667M       3.2G       1.5M        38M       289M
-/+ buffers/cache:       339M       3.5G
Swap:         8.0G         0B       8.0G

             total       used       free     shared    buffers     cached
Mem:          3.9G       667M       3.2G       1.5M        38M       289M
-/+ buffers/cache:       339M       3.5G
Swap:         8.0G         0B       8.0G

             total       used       free     shared    buffers     cached
Mem:          3.9G       668M       3.2G       1.5M        38M       289M
-/+ buffers/cache:       340M       3.5G
Swap:         8.0G         0B       8.0G

             total       used       free     shared    buffers     cached
Mem:          3.9G       668M       3.2G       1.5M        38M       289M
-/+ buffers/cache:       340M       3.5G
Swap:         8.0G         0B       8.0G

             total       used       free     shared    buffers     cached
Mem:          3.9G       668M       3.2G       1.5M        38M       289M
-/+ buffers/cache:       340M       3.5G
Swap:         8.0G         0B       8.0G

             total       used       free     shared    buffers     cached
Mem:          3.9G       668M       3.2G       1.5M        38M       289M
-/+ buffers/cache:       340M       3.5G
Swap:         8.0G         0B       8.0G

             total       used       free     shared    buffers     cached
Mem:          3.9G       668M       3.2G       1.5M        38M       289M
-/+ buffers/cache:       340M       3.5G
Swap:         8.0G         0B       8.0G

             total       used       free     shared    buffers     cached
Mem:          3.9G       668M       3.2G       1.5M        38M       289M
-/+ buffers/cache:       340M       3.5G
Swap:         8.0G         0B       8.0G

             total       used       free     shared    buffers     cached
Mem:          3.9G       668M       3.2G       1.5M        38M       289M
-/+ buffers/cache:       340M       3.5G
Swap:         8.0G         0B       8.0G

             total       used       free     shared    buffers     cached
Mem:          3.9G       668M       3.2G       1.5M        38M       289M
-/+ buffers/cache:       340M       3.5G
Swap:         8.0G         0B       8.0G

             total       used       free     shared    buffers     cached
Mem:          3.9G       668M       3.2G       1.5M        38M       289M
-/+ buffers/cache:       340M       3.5G
Swap:         8.0G         0B       8.0G

             total       used       free     shared    buffers     cached
Mem:          3.9G       668M       3.2G       1.5M        38M       289M
-/+ buffers/cache:       340M       3.5G
Swap:         8.0G         0B       8.0G

             total       used       free     shared    buffers     cached
Mem:          3.9G       668M       3.2G       1.5M        38M       289M
-/+ buffers/cache:       340M       3.5G
Swap:         8.0G         0B       8.0G

             total       used       free     shared    buffers     cached
Mem:          3.9G       668M       3.2G       1.5M        38M       289M
-/+ buffers/cache:       340M       3.5G
Swap:         8.0G         0B       8.0G

             total       used       free     shared    buffers     cached
Mem:          3.9G       668M       3.2G       1.5M        38M       289M
-/+ buffers/cache:       340M       3.5G
Swap:         8.0G         0B       8.0G

             total       used       free     shared    buffers     cached
Mem:          3.9G       668M       3.2G       1.5M        38M       289M
-/+ buffers/cache:       340M       3.5G
Swap:         8.0G         0B       8.0G

             total       used       free     shared    buffers     cached
Mem:          3.9G       668M       3.2G       1.5M        38M       289M
-/+ buffers/cache:       340M       3.5G
Swap:         8.0G         0B       8.0G

             total       used       free     shared    buffers     cached
Mem:          3.9G       668M       3.2G       1.5M        38M       289M
-/+ buffers/cache:       340M       3.5G
Swap:         8.0G         0B       8.0G

             total       used       free     shared    buffers     cached
Mem:          3.9G       668M       3.2G       1.5M        38M       289M
-/+ buffers/cache:       340M       3.5G
Swap:         8.0G         0B       8.0G

             total       used       free     shared    buffers     cached
Mem:          3.9G       668M       3.2G       1.5M        38M       289M
-/+ buffers/cache:       340M       3.5G
Swap:         8.0G         0B       8.0G

             total       used       free     shared    buffers     cached
Mem:          3.9G       668M       3.2G       1.5M        38M       289M
-/+ buffers/cache:       340M       3.5G
Swap:         8.0G         0B       8.0G

             total       used       free     shared    buffers     cached
Mem:          3.9G       668M       3.2G       1.5M        38M       289M
-/+ buffers/cache:       340M       3.5G
Swap:         8.0G         0B       8.0G

             total       used       free     shared    buffers     cached
Mem:          3.9G       672M       3.2G       1.5M        38M       289M
-/+ buffers/cache:       343M       3.5G
Swap:         8.0G         0B       8.0G

             total       used       free     shared    buffers     cached
Mem:          3.9G       691M       3.2G       1.5M        38M       289M
-/+ buffers/cache:       362M       3.5G
Swap:         8.0G         0B       8.0G

             total       used       free     shared    buffers     cached
Mem:          3.9G       711M       3.2G       1.5M        38M       289M
-/+ buffers/cache:       382M       3.5G
Swap:         8.0G         0B       8.0G

             total       used       free     shared    buffers     cached
Mem:          3.9G       730M       3.1G       1.5M        38M       289M
-/+ buffers/cache:       401M       3.5G
Swap:         8.0G         0B       8.0G

             total       used       free     shared    buffers     cached
Mem:          3.9G       750M       3.1G       1.5M        38M       289M
-/+ buffers/cache:       421M       3.4G
Swap:         8.0G         0B       8.0G

             total       used       free     shared    buffers     cached
Mem:          3.9G       769M       3.1G       1.5M        38M       289M
-/+ buffers/cache:       440M       3.4G
Swap:         8.0G         0B       8.0G

             total       used       free     shared    buffers     cached
Mem:          3.9G       785M       3.1G       1.5M        38M       289M
-/+ buffers/cache:       457M       3.4G
Swap:         8.0G         0B       8.0G

             total       used       free     shared    buffers     cached
Mem:          3.9G       805M       3.1G       1.5M        38M       289M
-/+ buffers/cache:       476M       3.4G
Swap:         8.0G         0B       8.0G

             total       used       free     shared    buffers     cached
Mem:          3.9G       825M       3.1G       1.5M        38M       289M
-/+ buffers/cache:       496M       3.4G
Swap:         8.0G         0B       8.0G

             total       used       free     shared    buffers     cached
Mem:          3.9G       843M       3.0G       1.5M        38M       289M
-/+ buffers/cache:       514M       3.4G
Swap:         8.0G         0B       8.0G

             total       used       free     shared    buffers     cached
Mem:          3.9G       863M       3.0G       1.5M        38M       289M
-/+ buffers/cache:       535M       3.3G
Swap:         8.0G         0B       8.0G

             total       used       free     shared    buffers     cached
Mem:          3.9G       882M       3.0G       1.5M        38M       289M
-/+ buffers/cache:       553M       3.3G
Swap:         8.0G         0B       8.0G

             total       used       free     shared    buffers     cached
Mem:          3.9G       896M       3.0G       1.5M        38M       289M
-/+ buffers/cache:       568M       3.3G
Swap:         8.0G         0B       8.0G

             total       used       free     shared    buffers     cached
Mem:          3.9G       913M       3.0G       1.5M        38M       289M
-/+ buffers/cache:       585M       3.3G
Swap:         8.0G         0B       8.0G

             total       used       free     shared    buffers     cached
Mem:          3.9G       932M       2.9G       1.5M        38M       289M
-/+ buffers/cache:       603M       3.3G
Swap:         8.0G         0B       8.0G

             total       used       free     shared    buffers     cached
Mem:          3.9G       950M       2.9G       1.5M        38M       289M
-/+ buffers/cache:       621M       3.3G
Swap:         8.0G         0B       8.0G

             total       used       free     shared    buffers     cached
Mem:          3.9G       969M       2.9G       1.5M        38M       289M
-/+ buffers/cache:       640M       3.2G
Swap:         8.0G         0B       8.0G

             total       used       free     shared    buffers     cached
Mem:          3.9G       987M       2.9G       1.5M        38M       289M
-/+ buffers/cache:       658M       3.2G
Swap:         8.0G         0B       8.0G

             total       used       free     shared    buffers     cached
Mem:          3.9G       1.0G       2.9G       1.5M        38M       289M
-/+ buffers/cache:       677M       3.2G
Swap:         8.0G         0B       8.0G

             total       used       free     shared    buffers     cached
Mem:          3.9G       1.0G       2.9G       1.5M        38M       289M
-/+ buffers/cache:       696M       3.2G
Swap:         8.0G         0B       8.0G

             total       used       free     shared    buffers     cached
Mem:          3.9G       1.0G       2.8G       1.5M        38M       289M
-/+ buffers/cache:       714M       3.2G
Swap:         8.0G         0B       8.0G

             total       used       free     shared    buffers     cached
Mem:          3.9G       1.0G       2.8G       1.5M        38M       289M
-/+ buffers/cache:       733M       3.1G
Swap:         8.0G         0B       8.0G

             total       used       free     shared    buffers     cached
Mem:          3.9G       1.1G       2.8G       1.5M        38M       289M
-/+ buffers/cache:       750M       3.1G
Swap:         8.0G         0B       8.0G

             total       used       free     shared    buffers     cached
Mem:          3.9G       1.1G       2.8G       1.5M        38M       289M
-/+ buffers/cache:       767M       3.1G
Swap:         8.0G         0B       8.0G

             total       used       free     shared    buffers     cached
Mem:          3.9G       1.1G       2.8G       1.5M        38M       289M
-/+ buffers/cache:       786M       3.1G
Swap:         8.0G         0B       8.0G

             total       used       free     shared    buffers     cached
Mem:          3.9G       1.1G       2.8G       1.5M        38M       289M
-/+ buffers/cache:       796M       3.1G
Swap:         8.0G         0B       8.0G

             total       used       free     shared    buffers     cached
Mem:          3.9G       1.1G       2.7G       1.5M        38M       289M
-/+ buffers/cache:       815M       3.1G
Swap:         8.0G         0B       8.0G

             total       used       free     shared    buffers     cached
Mem:          3.9G       1.1G       2.7G       1.5M        38M       289M
-/+ buffers/cache:       832M       3.0G
Swap:         8.0G         0B       8.0G

             total       used       free     shared    buffers     cached
Mem:          3.9G       1.2G       2.7G       1.5M        38M       289M
-/+ buffers/cache:       851M       3.0G
Swap:         8.0G         0B       8.0G

             total       used       free     shared    buffers     cached
Mem:          3.9G       1.2G       2.7G       1.5M        38M       289M
-/+ buffers/cache:       869M       3.0G
Swap:         8.0G         0B       8.0G

             total       used       free     shared    buffers     cached
Mem:          3.9G       1.2G       2.7G       1.5M        38M       289M
-/+ buffers/cache:       889M       3.0G
Swap:         8.0G         0B       8.0G

             total       used       free     shared    buffers     cached
Mem:          3.9G       1.2G       2.7G       1.5M        38M       289M
-/+ buffers/cache:       908M       3.0G
Swap:         8.0G         0B       8.0G

             total       used       free     shared    buffers     cached
Mem:          3.9G       1.2G       2.6G       1.5M        38M       289M
-/+ buffers/cache:       927M       3.0G
Swap:         8.0G         0B       8.0G

             total       used       free     shared    buffers     cached
Mem:          3.9G       1.2G       2.6G       1.5M        38M       289M
-/+ buffers/cache:       946M       2.9G
Swap:         8.0G         0B       8.0G

             total       used       free     shared    buffers     cached
Mem:          3.9G       1.3G       2.6G       1.5M        38M       289M
-/+ buffers/cache:       964M       2.9G
Swap:         8.0G         0B       8.0G

             total       used       free     shared    buffers     cached
Mem:          3.9G       1.3G       2.6G       1.5M        38M       289M
-/+ buffers/cache:       983M       2.9G
Swap:         8.0G         0B       8.0G

             total       used       free     shared    buffers     cached
Mem:          3.9G       1.3G       2.6G       1.5M        38M       290M
-/+ buffers/cache:       1.0G       2.9G
Swap:         8.0G         0B       8.0G

             total       used       free     shared    buffers     cached
Mem:          3.9G       1.3G       2.5G       1.5M        38M       290M
-/+ buffers/cache:       1.0G       2.9G
Swap:         8.0G         0B       8.0G

             total       used       free     shared    buffers     cached
Mem:          3.9G       1.3G       2.5G       1.5M        38M       290M
-/+ buffers/cache:       1.0G       2.8G
Swap:         8.0G         0B       8.0G

             total       used       free     shared    buffers     cached
Mem:          3.9G       1.4G       2.5G       1.5M        38M       290M
-/+ buffers/cache:       1.0G       2.8G
Swap:         8.0G         0B       8.0G

             total       used       free     shared    buffers     cached
Mem:          3.9G       1.4G       2.5G       1.5M        38M       290M
-/+ buffers/cache:       1.1G       2.8G
Swap:         8.0G         0B       8.0G

             total       used       free     shared    buffers     cached
Mem:          3.9G       1.4G       2.5G       1.5M        38M       290M
-/+ buffers/cache:       1.1G       2.8G
Swap:         8.0G         0B       8.0G

             total       used       free     shared    buffers     cached
Mem:          3.9G       1.4G       2.4G       1.5M        38M       290M
-/+ buffers/cache:       1.1G       2.8G
Swap:         8.0G         0B       8.0G

             total       used       free     shared    buffers     cached
Mem:          3.9G       1.4G       2.4G       1.5M        38M       290M
-/+ buffers/cache:       1.1G       2.8G
Swap:         8.0G         0B       8.0G

             total       used       free     shared    buffers     cached
Mem:          3.9G       1.4G       2.4G       1.5M        38M       290M
-/+ buffers/cache:       1.1G       2.7G
Swap:         8.0G         0B       8.0G

             total       used       free     shared    buffers     cached
Mem:          3.9G       1.5G       2.4G       1.5M        38M       290M
-/+ buffers/cache:       1.1G       2.7G
Swap:         8.0G         0B       8.0G

             total       used       free     shared    buffers     cached
Mem:          3.9G       1.5G       2.4G       1.5M        38M       290M
-/+ buffers/cache:       1.2G       2.7G
Swap:         8.0G         0B       8.0G

             total       used       free     shared    buffers     cached
Mem:          3.9G       1.5G       2.4G       1.5M        38M       290M
-/+ buffers/cache:       1.2G       2.7G
Swap:         8.0G         0B       8.0G

             total       used       free     shared    buffers     cached
Mem:          3.9G       1.5G       2.3G       1.5M        38M       290M
-/+ buffers/cache:       1.2G       2.7G
Swap:         8.0G         0B       8.0G

             total       used       free     shared    buffers     cached
Mem:          3.9G       1.5G       2.3G       1.5M        38M       290M
-/+ buffers/cache:       1.2G       2.6G
Swap:         8.0G         0B       8.0G

             total       used       free     shared    buffers     cached
Mem:          3.9G       1.5G       2.3G       1.5M        38M       290M
-/+ buffers/cache:       1.2G       2.6G
Swap:         8.0G         0B       8.0G

             total       used       free     shared    buffers     cached
Mem:          3.9G       1.6G       2.3G       1.5M        38M       290M
-/+ buffers/cache:       1.2G       2.6G
Swap:         8.0G         0B       8.0G

             total       used       free     shared    buffers     cached
Mem:          3.9G       1.6G       2.3G       1.5M        38M       290M
-/+ buffers/cache:       1.3G       2.6G
Swap:         8.0G         0B       8.0G

             total       used       free     shared    buffers     cached
Mem:          3.9G       1.6G       2.3G       1.5M        38M       290M
-/+ buffers/cache:       1.3G       2.6G
Swap:         8.0G         0B       8.0G

             total       used       free     shared    buffers     cached
Mem:          3.9G       1.6G       2.3G       1.5M        38M       290M
-/+ buffers/cache:       1.3G       2.6G
Swap:         8.0G         0B       8.0G

             total       used       free     shared    buffers     cached
Mem:          3.9G       1.6G       2.2G       1.5M        38M       290M
-/+ buffers/cache:       1.3G       2.6G
Swap:         8.0G         0B       8.0G

             total       used       free     shared    buffers     cached
Mem:          3.9G       1.6G       2.2G       1.5M        38M       290M
-/+ buffers/cache:       1.3G       2.5G
Swap:         8.0G         0B       8.0G

             total       used       free     shared    buffers     cached
Mem:          3.9G       1.7G       2.2G       1.5M        38M       290M
-/+ buffers/cache:       1.3G       2.5G
Swap:         8.0G         0B       8.0G

             total       used       free     shared    buffers     cached
Mem:          3.9G       1.7G       2.2G       1.5M        38M       290M
-/+ buffers/cache:       1.4G       2.5G
Swap:         8.0G         0B       8.0G

             total       used       free     shared    buffers     cached
Mem:          3.9G       1.7G       2.2G       1.5M        38M       290M
-/+ buffers/cache:       1.4G       2.5G
Swap:         8.0G         0B       8.0G

             total       used       free     shared    buffers     cached
Mem:          3.9G       1.7G       2.1G       1.5M        38M       290M
-/+ buffers/cache:       1.4G       2.5G
Swap:         8.0G         0B       8.0G

             total       used       free     shared    buffers     cached
Mem:          3.9G       1.7G       2.1G       1.5M        38M       290M
-/+ buffers/cache:       1.4G       2.4G
Swap:         8.0G         0B       8.0G

             total       used       free     shared    buffers     cached
Mem:          3.9G       1.8G       2.1G       1.5M        38M       290M
-/+ buffers/cache:       1.4G       2.4G
Swap:         8.0G         0B       8.0G

             total       used       free     shared    buffers     cached
Mem:          3.9G       1.8G       2.1G       1.5M        38M       290M
-/+ buffers/cache:       1.4G       2.4G
Swap:         8.0G         0B       8.0G

             total       used       free     shared    buffers     cached
Mem:          3.9G       1.8G       2.1G       1.5M        38M       290M
-/+ buffers/cache:       1.5G       2.4G
Swap:         8.0G         0B       8.0G

             total       used       free     shared    buffers     cached
Mem:          3.9G       1.8G       2.1G       1.5M        38M       290M
-/+ buffers/cache:       1.5G       2.4G
Swap:         8.0G         0B       8.0G

             total       used       free     shared    buffers     cached
Mem:          3.9G       1.8G       2.0G       1.5M        38M       290M
-/+ buffers/cache:       1.5G       2.4G
Swap:         8.0G         0B       8.0G

             total       used       free     shared    buffers     cached
Mem:          3.9G       1.8G       2.0G       1.5M        38M       290M
-/+ buffers/cache:       1.5G       2.3G
Swap:         8.0G         0B       8.0G

             total       used       free     shared    buffers     cached
Mem:          3.9G       1.9G       2.0G       1.5M        38M       290M
-/+ buffers/cache:       1.5G       2.3G
Swap:         8.0G         0B       8.0G

             total       used       free     shared    buffers     cached
Mem:          3.9G       1.9G       2.0G       1.5M        38M       290M
-/+ buffers/cache:       1.6G       2.3G
Swap:         8.0G         0B       8.0G

             total       used       free     shared    buffers     cached
Mem:          3.9G       1.9G       2.0G       1.5M        38M       290M
-/+ buffers/cache:       1.6G       2.3G
Swap:         8.0G         0B       8.0G

             total       used       free     shared    buffers     cached
Mem:          3.9G       1.9G       1.9G       1.5M        38M       290M
-/+ buffers/cache:       1.6G       2.3G
Swap:         8.0G         0B       8.0G

             total       used       free     shared    buffers     cached
Mem:          3.9G       1.9G       1.9G       1.5M        38M       290M
-/+ buffers/cache:       1.6G       2.2G
Swap:         8.0G         0B       8.0G

             total       used       free     shared    buffers     cached
Mem:          3.9G       1.9G       1.9G       1.5M        38M       290M
-/+ buffers/cache:       1.6G       2.2G
Swap:         8.0G         0B       8.0G

             total       used       free     shared    buffers     cached
Mem:          3.9G       2.0G       1.9G       1.5M        38M       290M
-/+ buffers/cache:       1.6G       2.2G
Swap:         8.0G         0B       8.0G

             total       used       free     shared    buffers     cached
Mem:          3.9G       2.0G       1.9G       1.5M        38M       290M
-/+ buffers/cache:       1.7G       2.2G
Swap:         8.0G         0B       8.0G

             total       used       free     shared    buffers     cached
Mem:          3.9G       2.0G       1.9G       1.5M        38M       290M
-/+ buffers/cache:       1.7G       2.2G
Swap:         8.0G         0B       8.0G

             total       used       free     shared    buffers     cached
Mem:          3.9G       2.0G       1.8G       1.5M        38M       290M
-/+ buffers/cache:       1.7G       2.2G
Swap:         8.0G         0B       8.0G

             total       used       free     shared    buffers     cached
Mem:          3.9G       2.0G       1.8G       1.5M        38M       290M
-/+ buffers/cache:       1.7G       2.1G
Swap:         8.0G         0B       8.0G

             total       used       free     shared    buffers     cached
Mem:          3.9G       2.1G       1.8G       1.5M        38M       290M
-/+ buffers/cache:       1.7G       2.1G
Swap:         8.0G         0B       8.0G

             total       used       free     shared    buffers     cached
Mem:          3.9G       2.1G       1.8G       1.5M        38M       290M
-/+ buffers/cache:       1.8G       2.1G
Swap:         8.0G         0B       8.0G

             total       used       free     shared    buffers     cached
Mem:          3.9G       2.1G       1.8G       1.5M        38M       290M
-/+ buffers/cache:       1.8G       2.1G
Swap:         8.0G         0B       8.0G

             total       used       free     shared    buffers     cached
Mem:          3.9G       2.1G       1.7G       1.5M        38M       290M
-/+ buffers/cache:       1.8G       2.1G
Swap:         8.0G         0B       8.0G

             total       used       free     shared    buffers     cached
Mem:          3.9G       2.1G       1.7G       1.5M        38M       290M
-/+ buffers/cache:       1.8G       2.1G
Swap:         8.0G         0B       8.0G

             total       used       free     shared    buffers     cached
Mem:          3.9G       2.1G       1.7G       1.5M        38M       290M
-/+ buffers/cache:       1.8G       2.0G
Swap:         8.0G         0B       8.0G

             total       used       free     shared    buffers     cached
Mem:          3.9G       2.2G       1.7G       1.5M        38M       290M
-/+ buffers/cache:       1.8G       2.0G
Swap:         8.0G         0B       8.0G

             total       used       free     shared    buffers     cached
Mem:          3.9G       2.2G       1.7G       1.5M        38M       290M
-/+ buffers/cache:       1.9G       2.0G
Swap:         8.0G         0B       8.0G

             total       used       free     shared    buffers     cached
Mem:          3.9G       2.2G       1.7G       1.5M        38M       290M
-/+ buffers/cache:       1.9G       2.0G
Swap:         8.0G         0B       8.0G

             total       used       free     shared    buffers     cached
Mem:          3.9G       2.2G       1.6G       1.5M        38M       290M
-/+ buffers/cache:       1.9G       2.0G
Swap:         8.0G         0B       8.0G

             total       used       free     shared    buffers     cached
Mem:          3.9G       2.2G       1.6G       1.5M        38M       290M
-/+ buffers/cache:       1.9G       1.9G
Swap:         8.0G         0B       8.0G

             total       used       free     shared    buffers     cached
Mem:          3.9G       2.3G       1.6G       1.5M        38M       290M
-/+ buffers/cache:       1.9G       1.9G
Swap:         8.0G         0B       8.0G

             total       used       free     shared    buffers     cached
Mem:          3.9G       2.3G       1.6G       1.5M        38M       290M
-/+ buffers/cache:       1.9G       1.9G
Swap:         8.0G         0B       8.0G

             total       used       free     shared    buffers     cached
Mem:          3.9G       2.3G       1.6G       1.5M        38M       290M
-/+ buffers/cache:       2.0G       1.9G
Swap:         8.0G         0B       8.0G

             total       used       free     shared    buffers     cached
Mem:          3.9G       2.3G       1.6G       1.5M        38M       290M
-/+ buffers/cache:       2.0G       1.9G
Swap:         8.0G         0B       8.0G

             total       used       free     shared    buffers     cached
Mem:          3.9G       2.3G       1.5G       1.5M        38M       290M
-/+ buffers/cache:       2.0G       1.9G
Swap:         8.0G         0B       8.0G

             total       used       free     shared    buffers     cached
Mem:          3.9G       2.3G       1.5G       1.5M        38M       290M
-/+ buffers/cache:       2.0G       1.8G
Swap:         8.0G         0B       8.0G

             total       used       free     shared    buffers     cached
Mem:          3.9G       2.4G       1.5G       1.5M        38M       290M
-/+ buffers/cache:       2.0G       1.8G
Swap:         8.0G         0B       8.0G

             total       used       free     shared    buffers     cached
Mem:          3.9G       2.4G       1.5G       1.5M        38M       290M
-/+ buffers/cache:       2.1G       1.8G
Swap:         8.0G         0B       8.0G

             total       used       free     shared    buffers     cached
Mem:          3.9G       2.4G       1.5G       1.5M        38M       290M
-/+ buffers/cache:       2.1G       1.8G
Swap:         8.0G         0B       8.0G

             total       used       free     shared    buffers     cached
Mem:          3.9G       2.4G       1.5G       1.5M        38M       290M
-/+ buffers/cache:       2.1G       1.8G
Swap:         8.0G         0B       8.0G

             total       used       free     shared    buffers     cached
Mem:          3.9G       2.4G       1.4G       1.5M        38M       290M
-/+ buffers/cache:       2.1G       1.8G
Swap:         8.0G         0B       8.0G

             total       used       free     shared    buffers     cached
Mem:          3.9G       2.4G       1.4G       1.5M        38M       290M
-/+ buffers/cache:       2.1G       1.8G
Swap:         8.0G         0B       8.0G

             total       used       free     shared    buffers     cached
Mem:          3.9G       2.4G       1.4G       1.5M        38M       290M
-/+ buffers/cache:       2.1G       1.7G
Swap:         8.0G         0B       8.0G

             total       used       free     shared    buffers     cached
Mem:          3.9G       2.5G       1.4G       1.5M        38M       290M
-/+ buffers/cache:       2.1G       1.7G
Swap:         8.0G         0B       8.0G

             total       used       free     shared    buffers     cached
Mem:          3.9G       2.5G       1.4G       1.5M        38M       290M
-/+ buffers/cache:       2.2G       1.7G
Swap:         8.0G         0B       8.0G

             total       used       free     shared    buffers     cached
Mem:          3.9G       2.5G       1.4G       1.5M        38M       290M
-/+ buffers/cache:       2.2G       1.7G
Swap:         8.0G         0B       8.0G

             total       used       free     shared    buffers     cached
Mem:          3.9G       2.5G       1.3G       1.5M        38M       290M
-/+ buffers/cache:       2.2G       1.7G
Swap:         8.0G         0B       8.0G

             total       used       free     shared    buffers     cached
Mem:          3.9G       2.5G       1.3G       1.5M        38M       290M
-/+ buffers/cache:       2.2G       1.7G
Swap:         8.0G         0B       8.0G

             total       used       free     shared    buffers     cached
Mem:          3.9G       2.5G       1.3G       1.5M        38M       290M
-/+ buffers/cache:       2.2G       1.6G
Swap:         8.0G         0B       8.0G

             total       used       free     shared    buffers     cached
Mem:          3.9G       2.6G       1.3G       1.5M        38M       290M
-/+ buffers/cache:       2.2G       1.6G
Swap:         8.0G         0B       8.0G

             total       used       free     shared    buffers     cached
Mem:          3.9G       2.6G       1.3G       1.5M        38M       290M
-/+ buffers/cache:       2.3G       1.6G
Swap:         8.0G         0B       8.0G

             total       used       free     shared    buffers     cached
Mem:          3.9G       2.6G       1.3G       1.5M        38M       290M
-/+ buffers/cache:       2.3G       1.6G
Swap:         8.0G         0B       8.0G

             total       used       free     shared    buffers     cached
Mem:          3.9G       2.6G       1.2G       1.5M        38M       290M
-/+ buffers/cache:       2.3G       1.6G
Swap:         8.0G         0B       8.0G

             total       used       free     shared    buffers     cached
Mem:          3.9G       2.6G       1.2G       1.5M        38M       290M
-/+ buffers/cache:       2.3G       1.5G
Swap:         8.0G         0B       8.0G

             total       used       free     shared    buffers     cached
Mem:          3.9G       2.7G       1.2G       1.5M        38M       290M
-/+ buffers/cache:       2.3G       1.5G
Swap:         8.0G         0B       8.0G

             total       used       free     shared    buffers     cached
Mem:          3.9G       2.7G       1.2G       1.5M        38M       290M
-/+ buffers/cache:       2.4G       1.5G
Swap:         8.0G         0B       8.0G

             total       used       free     shared    buffers     cached
Mem:          3.9G       2.7G       1.2G       1.5M        38M       290M
-/+ buffers/cache:       2.4G       1.5G
Swap:         8.0G         0B       8.0G

             total       used       free     shared    buffers     cached
Mem:          3.9G       2.7G       1.1G       1.5M        38M       290M
-/+ buffers/cache:       2.4G       1.5G
Swap:         8.0G         0B       8.0G

             total       used       free     shared    buffers     cached
Mem:          3.9G       2.7G       1.1G       1.5M        38M       290M
-/+ buffers/cache:       2.4G       1.5G
Swap:         8.0G         0B       8.0G

             total       used       free     shared    buffers     cached
Mem:          3.9G       2.7G       1.1G       1.5M        38M       290M
-/+ buffers/cache:       2.4G       1.4G
Swap:         8.0G         0B       8.0G

             total       used       free     shared    buffers     cached
Mem:          3.9G       2.8G       1.1G       1.5M        38M       290M
-/+ buffers/cache:       2.4G       1.4G
Swap:         8.0G         0B       8.0G

             total       used       free     shared    buffers     cached
Mem:          3.9G       2.8G       1.1G       1.5M        38M       290M
-/+ buffers/cache:       2.5G       1.4G
Swap:         8.0G         0B       8.0G

             total       used       free     shared    buffers     cached
Mem:          3.9G       2.8G       1.1G       1.5M        38M       290M
-/+ buffers/cache:       2.5G       1.4G
Swap:         8.0G         0B       8.0G

             total       used       free     shared    buffers     cached
Mem:          3.9G       2.8G       1.0G       1.5M        38M       290M
-/+ buffers/cache:       2.5G       1.4G
Swap:         8.0G         0B       8.0G

             total       used       free     shared    buffers     cached
Mem:          3.9G       2.8G       1.0G       1.5M        38M       290M
-/+ buffers/cache:       2.5G       1.3G
Swap:         8.0G         0B       8.0G

             total       used       free     shared    buffers     cached
Mem:          3.9G       2.9G       1.0G       1.5M        38M       290M
-/+ buffers/cache:       2.5G       1.3G
Swap:         8.0G         0B       8.0G

             total       used       free     shared    buffers     cached
Mem:          3.9G       2.9G       1.0G       1.5M        38M       290M
-/+ buffers/cache:       2.5G       1.3G
Swap:         8.0G         0B       8.0G

             total       used       free     shared    buffers     cached
Mem:          3.9G       2.9G       994M       1.5M        38M       290M
-/+ buffers/cache:       2.6G       1.3G
Swap:         8.0G         0B       8.0G

             total       used       free     shared    buffers     cached
Mem:          3.9G       2.9G       976M       1.5M        38M       290M
-/+ buffers/cache:       2.6G       1.3G
Swap:         8.0G         0B       8.0G

             total       used       free     shared    buffers     cached
Mem:          3.9G       2.9G       957M       1.5M        38M       290M
-/+ buffers/cache:       2.6G       1.3G
Swap:         8.0G         0B       8.0G

             total       used       free     shared    buffers     cached
Mem:          3.9G       2.9G       939M       1.5M        38M       290M
-/+ buffers/cache:       2.6G       1.2G
Swap:         8.0G         0B       8.0G

             total       used       free     shared    buffers     cached
Mem:          3.9G       3.0G       921M       1.5M        38M       290M
-/+ buffers/cache:       2.6G       1.2G
Swap:         8.0G         0B       8.0G

             total       used       free     shared    buffers     cached
Mem:          3.9G       3.0G       902M       1.5M        38M       290M
-/+ buffers/cache:       2.7G       1.2G
Swap:         8.0G         0B       8.0G

             total       used       free     shared    buffers     cached
Mem:          3.9G       3.0G       884M       1.5M        38M       290M
-/+ buffers/cache:       2.7G       1.2G
Swap:         8.0G         0B       8.0G

             total       used       free     shared    buffers     cached
Mem:          3.9G       3.0G       865M       1.5M        38M       290M
-/+ buffers/cache:       2.7G       1.2G
Swap:         8.0G         0B       8.0G

             total       used       free     shared    buffers     cached
Mem:          3.9G       3.0G       848M       1.5M        38M       290M
-/+ buffers/cache:       2.7G       1.1G
Swap:         8.0G         0B       8.0G

             total       used       free     shared    buffers     cached
Mem:          3.9G       3.0G       831M       1.5M        38M       290M
-/+ buffers/cache:       2.7G       1.1G
Swap:         8.0G         0B       8.0G

             total       used       free     shared    buffers     cached
Mem:          3.9G       3.1G       813M       1.5M        38M       290M
-/+ buffers/cache:       2.7G       1.1G
Swap:         8.0G         0B       8.0G

             total       used       free     shared    buffers     cached
Mem:          3.9G       3.1G       794M       1.5M        38M       290M
-/+ buffers/cache:       2.8G       1.1G
Swap:         8.0G         0B       8.0G

             total       used       free     shared    buffers     cached
Mem:          3.9G       3.1G       775M       1.5M        38M       290M
-/+ buffers/cache:       2.8G       1.1G
Swap:         8.0G         0B       8.0G

             total       used       free     shared    buffers     cached
Mem:          3.9G       3.1G       756M       1.5M        38M       290M
-/+ buffers/cache:       2.8G       1.1G
Swap:         8.0G         0B       8.0G

             total       used       free     shared    buffers     cached
Mem:          3.9G       3.1G       739M       1.5M        38M       290M
-/+ buffers/cache:       2.8G       1.0G
Swap:         8.0G         0B       8.0G

             total       used       free     shared    buffers     cached
Mem:          3.9G       3.2G       722M       1.5M        38M       290M
-/+ buffers/cache:       2.8G       1.0G
Swap:         8.0G         0B       8.0G

             total       used       free     shared    buffers     cached
Mem:          3.9G       3.2G       705M       1.5M        38M       290M
-/+ buffers/cache:       2.8G       1.0G
Swap:         8.0G         0B       8.0G

             total       used       free     shared    buffers     cached
Mem:          3.9G       3.2G       694M       1.5M        38M       290M
-/+ buffers/cache:       2.9G       1.0G
Swap:         8.0G         0B       8.0G

             total       used       free     shared    buffers     cached
Mem:          3.9G       3.2G       682M       1.5M        38M       290M
-/+ buffers/cache:       2.9G       1.0G
Swap:         8.0G         0B       8.0G

             total       used       free     shared    buffers     cached
Mem:          3.9G       3.2G       672M       1.5M        38M       290M
-/+ buffers/cache:       2.9G       1.0G
Swap:         8.0G         0B       8.0G

             total       used       free     shared    buffers     cached
Mem:          3.9G       3.2G       663M       1.5M        38M       290M
-/+ buffers/cache:       2.9G       992M
Swap:         8.0G         0B       8.0G

             total       used       free     shared    buffers     cached
Mem:          3.9G       3.2G       653M       1.5M        38M       290M
-/+ buffers/cache:       2.9G       982M
Swap:         8.0G         0B       8.0G

             total       used       free     shared    buffers     cached
Mem:          3.9G       3.2G       642M       1.5M        38M       290M
-/+ buffers/cache:       2.9G       971M
Swap:         8.0G         0B       8.0G

             total       used       free     shared    buffers     cached
Mem:          3.9G       3.2G       631M       1.5M        38M       290M
-/+ buffers/cache:       2.9G       960M
Swap:         8.0G         0B       8.0G

             total       used       free     shared    buffers     cached
Mem:          3.9G       3.3G       621M       1.5M        38M       290M
-/+ buffers/cache:       2.9G       950M
Swap:         8.0G         0B       8.0G

             total       used       free     shared    buffers     cached
Mem:          3.9G       3.3G       610M       1.5M        38M       290M
-/+ buffers/cache:       2.9G       939M
Swap:         8.0G         0B       8.0G

             total       used       free     shared    buffers     cached
Mem:          3.9G       3.3G       599M       1.5M        38M       290M
-/+ buffers/cache:       3.0G       928M
Swap:         8.0G         0B       8.0G

             total       used       free     shared    buffers     cached
Mem:          3.9G       3.3G       590M       1.5M        38M       290M
-/+ buffers/cache:       3.0G       919M
Swap:         8.0G         0B       8.0G

             total       used       free     shared    buffers     cached
Mem:          3.9G       3.3G       581M       1.5M        38M       290M
-/+ buffers/cache:       3.0G       910M
Swap:         8.0G         0B       8.0G

             total       used       free     shared    buffers     cached
Mem:          3.9G       3.3G       572M       1.5M        38M       290M
-/+ buffers/cache:       3.0G       901M
Swap:         8.0G         0B       8.0G

             total       used       free     shared    buffers     cached
Mem:          3.9G       3.3G       564M       1.5M        38M       290M
-/+ buffers/cache:       3.0G       893M
Swap:         8.0G         0B       8.0G

             total       used       free     shared    buffers     cached
Mem:          3.9G       3.3G       553M       1.5M        38M       290M
-/+ buffers/cache:       3.0G       882M
Swap:         8.0G         0B       8.0G

             total       used       free     shared    buffers     cached
Mem:          3.9G       3.3G       545M       1.5M        38M       290M
-/+ buffers/cache:       3.0G       874M
Swap:         8.0G         0B       8.0G

             total       used       free     shared    buffers     cached
Mem:          3.9G       3.3G       536M       1.5M        38M       290M
-/+ buffers/cache:       3.0G       865M
Swap:         8.0G         0B       8.0G

             total       used       free     shared    buffers     cached
Mem:          3.9G       3.3G       527M       1.5M        38M       290M
-/+ buffers/cache:       3.0G       856M
Swap:         8.0G         0B       8.0G

             total       used       free     shared    buffers     cached
Mem:          3.9G       3.4G       519M       1.5M        38M       290M
-/+ buffers/cache:       3.0G       848M
Swap:         8.0G         0B       8.0G

             total       used       free     shared    buffers     cached
Mem:          3.9G       3.4G       509M       1.5M        38M       290M
-/+ buffers/cache:       3.0G       838M
Swap:         8.0G         0B       8.0G

             total       used       free     shared    buffers     cached
Mem:          3.9G       3.4G       499M       1.5M        38M       290M
-/+ buffers/cache:       3.1G       828M
Swap:         8.0G         0B       8.0G

             total       used       free     shared    buffers     cached
Mem:          3.9G       3.4G       489M       1.5M        38M       290M
-/+ buffers/cache:       3.1G       818M
Swap:         8.0G         0B       8.0G

             total       used       free     shared    buffers     cached
Mem:          3.9G       3.4G       477M       1.5M        38M       290M
-/+ buffers/cache:       3.1G       806M
Swap:         8.0G         0B       8.0G

             total       used       free     shared    buffers     cached
Mem:          3.9G       3.4G       465M       1.5M        38M       290M
-/+ buffers/cache:       3.1G       794M
Swap:         8.0G         0B       8.0G

             total       used       free     shared    buffers     cached
Mem:          3.9G       3.4G       455M       1.5M        38M       290M
-/+ buffers/cache:       3.1G       784M
Swap:         8.0G         0B       8.0G

             total       used       free     shared    buffers     cached
Mem:          3.9G       3.4G       438M       1.5M        38M       290M
-/+ buffers/cache:       3.1G       768M
Swap:         8.0G         0B       8.0G

             total       used       free     shared    buffers     cached
Mem:          3.9G       3.4G       421M       1.5M        38M       290M
-/+ buffers/cache:       3.1G       750M
Swap:         8.0G         0B       8.0G

             total       used       free     shared    buffers     cached
Mem:          3.9G       3.5G       406M       1.5M        38M       290M
-/+ buffers/cache:       3.1G       735M
Swap:         8.0G         0B       8.0G

             total       used       free     shared    buffers     cached
Mem:          3.9G       3.5G       388M       1.5M        38M       290M
-/+ buffers/cache:       3.2G       718M
Swap:         8.0G         0B       8.0G

             total       used       free     shared    buffers     cached
Mem:          3.9G       3.5G       371M       1.5M        38M       290M
-/+ buffers/cache:       3.2G       701M
Swap:         8.0G         0B       8.0G

             total       used       free     shared    buffers     cached
Mem:          3.9G       3.5G       355M       1.5M        38M       290M
-/+ buffers/cache:       3.2G       685M
Swap:         8.0G         0B       8.0G

             total       used       free     shared    buffers     cached
Mem:          3.9G       3.5G       338M       1.5M        38M       290M
-/+ buffers/cache:       3.2G       667M
Swap:         8.0G         0B       8.0G

             total       used       free     shared    buffers     cached
Mem:          3.9G       3.5G       321M       1.5M        38M       290M
-/+ buffers/cache:       3.2G       650M
Swap:         8.0G         0B       8.0G

             total       used       free     shared    buffers     cached
Mem:          3.9G       3.6G       306M       1.5M        38M       290M
-/+ buffers/cache:       3.2G       635M
Swap:         8.0G         0B       8.0G

             total       used       free     shared    buffers     cached
Mem:          3.9G       3.6G       289M       1.5M        38M       290M
-/+ buffers/cache:       3.3G       619M
Swap:         8.0G         0B       8.0G

             total       used       free     shared    buffers     cached
Mem:          3.9G       3.6G       271M       1.5M        38M       290M
-/+ buffers/cache:       3.3G       600M
Swap:         8.0G         0B       8.0G

             total       used       free     shared    buffers     cached
Mem:          3.9G       3.6G       254M       1.5M        38M       290M
-/+ buffers/cache:       3.3G       583M
Swap:         8.0G         0B       8.0G

             total       used       free     shared    buffers     cached
Mem:          3.9G       3.6G       237M       1.5M        38M       290M
-/+ buffers/cache:       3.3G       566M
Swap:         8.0G         0B       8.0G

             total       used       free     shared    buffers     cached
Mem:          3.9G       3.6G       219M       1.5M        38M       290M
-/+ buffers/cache:       3.3G       548M
Swap:         8.0G         0B       8.0G

             total       used       free     shared    buffers     cached
Mem:          3.9G       3.7G       204M       1.5M        38M       290M
-/+ buffers/cache:       3.3G       533M
Swap:         8.0G         0B       8.0G

             total       used       free     shared    buffers     cached
Mem:          3.9G       3.7G       188M       1.5M        38M       290M
-/+ buffers/cache:       3.4G       517M
Swap:         8.0G         0B       8.0G

             total       used       free     shared    buffers     cached
Mem:          3.9G       3.7G       172M       1.5M        38M       290M
-/+ buffers/cache:       3.4G       501M
Swap:         8.0G         0B       8.0G

             total       used       free     shared    buffers     cached
Mem:          3.9G       3.7G       157M       1.5M        38M       290M
-/+ buffers/cache:       3.4G       486M
Swap:         8.0G         0B       8.0G

             total       used       free     shared    buffers     cached
Mem:          3.9G       3.7G       141M       1.5M        38M       290M
-/+ buffers/cache:       3.4G       470M
Swap:         8.0G         0B       8.0G

             total       used       free     shared    buffers     cached
Mem:          3.9G       3.7G       124M       1.5M        38M       290M
-/+ buffers/cache:       3.4G       453M
Swap:         8.0G         0B       8.0G

             total       used       free     shared    buffers     cached
Mem:          3.9G       3.8G       108M       1.5M        38M       290M
-/+ buffers/cache:       3.4G       437M
Swap:         8.0G         0B       8.0G

             total       used       free     shared    buffers     cached
Mem:          3.9G       3.7G       125M       1.5M        10M       285M
-/+ buffers/cache:       3.4G       421M
Swap:         8.0G         0B       8.0G

             total       used       free     shared    buffers     cached
Mem:          3.9G       3.8G       111M       1.5M        10M       285M
-/+ buffers/cache:       3.5G       407M
Swap:         8.0G         0B       8.0G

             total       used       free     shared    buffers     cached
Mem:          3.9G       3.7G       131M       1.3M       9.9M       248M
-/+ buffers/cache:       3.5G       390M
Swap:         8.0G       416K       8.0G

             total       used       free     shared    buffers     cached
Mem:          3.9G       3.7G       113M       1.3M       9.9M       248M
-/+ buffers/cache:       3.5G       372M
Swap:         8.0G       416K       8.0G

             total       used       free     shared    buffers     cached
Mem:          3.9G       3.7G       141M       1.0M       9.9M       211M
-/+ buffers/cache:       3.5G       362M
Swap:         8.0G        12M       8.0G

             total       used       free     shared    buffers     cached
Mem:          3.9G       3.7G       125M       1.0M       9.9M       211M
-/+ buffers/cache:       3.5G       346M
Swap:         8.0G        12M       8.0G

             total       used       free     shared    buffers     cached
Mem:          3.9G       3.8G       107M       1.0M       9.9M       211M
-/+ buffers/cache:       3.5G       328M
Swap:         8.0G        12M       8.0G

             total       used       free     shared    buffers     cached
Mem:          3.9G       3.7G       116M       1.0M       2.3M       193M
-/+ buffers/cache:       3.6G       312M
Swap:         8.0G        12M       8.0G

             total       used       free     shared    buffers     cached
Mem:          3.9G       3.7G       123M       1.0M       476K       172M
-/+ buffers/cache:       3.6G       295M
Swap:         8.0G        12M       8.0G

             total       used       free     shared    buffers     cached
Mem:          3.9G       3.8G       105M       1.0M       476K       172M
-/+ buffers/cache:       3.6G       277M
Swap:         8.0G        12M       8.0G

             total       used       free     shared    buffers     cached
Mem:          3.9G       3.7G       128M       1.0M       476K       132M
-/+ buffers/cache:       3.6G       261M
Swap:         8.0G        12M       8.0G

             total       used       free     shared    buffers     cached
Mem:          3.9G       3.7G       112M       1.0M       488K       132M
-/+ buffers/cache:       3.6G       245M
Swap:         8.0G        12M       8.0G

             total       used       free     shared    buffers     cached
Mem:          3.9G       3.7G       129M       1.0M        76K       102M
-/+ buffers/cache:       3.6G       232M
Swap:         8.0G        12M       8.0G

             total       used       free     shared    buffers     cached
Mem:          3.9G       3.7G       112M       1.0M        76K       102M
-/+ buffers/cache:       3.6G       215M
Swap:         8.0G        12M       8.0G

             total       used       free     shared    buffers     cached
Mem:          3.9G       3.7G       142M       1.0M        76K        59M
-/+ buffers/cache:       3.7G       202M
Swap:         8.0G        12M       8.0G

             total       used       free     shared    buffers     cached
Mem:          3.9G       3.7G       126M       1.0M        96K        59M
-/+ buffers/cache:       3.7G       186M
Swap:         8.0G        12M       8.0G

             total       used       free     shared    buffers     cached
Mem:          3.9G       3.8G       110M       1.0M       104K        59M
-/+ buffers/cache:       3.7G       170M
Swap:         8.0G        12M       8.0G

             total       used       free     shared    buffers     cached
Mem:          3.9G       3.7G       120M       1.0M       104K        34M
-/+ buffers/cache:       3.7G       155M
Swap:         8.0G        12M       8.0G

             total       used       free     shared    buffers     cached
Mem:          3.9G       3.8G       106M       1.0M       104K        34M
-/+ buffers/cache:       3.7G       141M
Swap:         8.0G        12M       8.0G

             total       used       free     shared    buffers     cached
Mem:          3.9G       3.7G       117M       1.0M       244K       7.3M
-/+ buffers/cache:       3.7G       125M
Swap:         8.0G        12M       8.0G

             total       used       free     shared    buffers     cached
Mem:          3.9G       3.8G       102M       1.0M       512K       7.3M
-/+ buffers/cache:       3.8G       110M
Swap:         8.0G        12M       8.0G

             total       used       free     shared    buffers     cached
Mem:          3.9G       3.7G       120M       696K       116K       2.2M
-/+ buffers/cache:       3.7G       122M
Swap:         8.0G        51M       7.9G

             total       used       free     shared    buffers     cached
Mem:          3.9G       3.8G       104M       696K       124K       2.4M
-/+ buffers/cache:       3.8G       107M
Swap:         8.0G        51M       7.9G

             total       used       free     shared    buffers     cached
Mem:          3.9G       3.7G       121M       680K       348K       4.1M
-/+ buffers/cache:       3.7G       125M
Swap:         8.0G        93M       7.9G

             total       used       free     shared    buffers     cached
Mem:          3.9G       3.8G       107M       680K       348K       4.2M
-/+ buffers/cache:       3.7G       111M
Swap:         8.0G        93M       7.9G

             total       used       free     shared    buffers     cached
Mem:          3.9G       3.7G       147M       676K       316K       3.5M
-/+ buffers/cache:       3.7G       151M
Swap:         8.0G       162M       7.8G

             total       used       free     shared    buffers     cached
Mem:          3.9G       3.7G       132M       676K       456K       9.1M
-/+ buffers/cache:       3.7G       142M
Swap:         8.0G       155M       7.8G

             total       used       free     shared    buffers     cached
Mem:          3.9G       3.7G       126M       676K       464K       9.1M
-/+ buffers/cache:       3.7G       136M
Swap:         8.0G       152M       7.8G

             total       used       free     shared    buffers     cached
Mem:          3.9G       3.7G       119M       676K       172K        20M
-/+ buffers/cache:       3.7G       140M
Swap:         8.0G       148M       7.9G

             total       used       free     shared    buffers     cached
Mem:          3.9G       3.7G       122M       676K       172K        20M
-/+ buffers/cache:       3.7G       143M
Swap:         8.0G       148M       7.9G

             total       used       free     shared    buffers     cached
Mem:          3.9G       3.7G       120M       676K       172K        20M
-/+ buffers/cache:       3.7G       141M
Swap:         8.0G       147M       7.9G

             total       used       free     shared    buffers     cached
Mem:          3.9G       3.7G       117M       676K       200K        20M
-/+ buffers/cache:       3.7G       138M
Swap:         8.0G       147M       7.9G

             total       used       free     shared    buffers     cached
Mem:          3.9G       3.7G       114M       676K       200K        20M
-/+ buffers/cache:       3.7G       135M
Swap:         8.0G       147M       7.9G

             total       used       free     shared    buffers     cached
Mem:          3.9G       3.8G       111M       676K       208K        20M
-/+ buffers/cache:       3.7G       132M
Swap:         8.0G       147M       7.9G

             total       used       free     shared    buffers     cached
Mem:          3.9G       3.7G       115M       676K       208K        20M
-/+ buffers/cache:       3.7G       136M
Swap:         8.0G       147M       7.9G

             total       used       free     shared    buffers     cached
Mem:          3.9G       3.7G       129M       608K        80K        19M
-/+ buffers/cache:       3.7G       148M
Swap:         8.0G       184M       7.8G

             total       used       free     shared    buffers     cached
Mem:          3.9G       3.7G       115M       608K        80K        19M
-/+ buffers/cache:       3.7G       134M
Swap:         8.0G       184M       7.8G

             total       used       free     shared    buffers     cached
Mem:          3.9G       3.7G       122M       608K        80K        18M
-/+ buffers/cache:       3.7G       140M
Swap:         8.0G       184M       7.8G

             total       used       free     shared    buffers     cached
Mem:          3.9G       3.8G       111M       608K        88K        18M
-/+ buffers/cache:       3.7G       129M
Swap:         8.0G       184M       7.8G

             total       used       free     shared    buffers     cached
Mem:          3.9G       3.7G       119M       604K       2.3M        36M
-/+ buffers/cache:       3.7G       157M
Swap:         8.0G       225M       7.8G

             total       used       free     shared    buffers     cached
Mem:          3.9G       3.7G       120M       4.3M       2.4M        51M
-/+ buffers/cache:       3.7G       174M
Swap:         8.0G       277M       7.7G

             total       used       free     shared    buffers     cached
Mem:          3.9G       3.7G       154M       4.3M       1.4M        32M
-/+ buffers/cache:       3.7G       188M
Swap:         8.0G       540M       7.5G

             total       used       free     shared    buffers     cached
Mem:          3.9G       3.7G       166M       4.3M       1.4M        33M
-/+ buffers/cache:       3.7G       200M
Swap:         8.0G       540M       7.5G

             total       used       free     shared    buffers     cached
Mem:          3.9G       3.7G       167M       4.3M       1.4M        33M
-/+ buffers/cache:       3.7G       202M
Swap:         8.0G       540M       7.5G

             total       used       free     shared    buffers     cached
Mem:          3.9G       3.7G       123M       652K       3.9M        61M
-/+ buffers/cache:       3.7G       188M
Swap:         8.0G       530M       7.5G

             total       used       free     shared    buffers     cached
Mem:          3.9G       3.7G       115M       640K       3.9M        61M
-/+ buffers/cache:       3.7G       180M
Swap:         8.0G       530M       7.5G

             total       used       free     shared    buffers     cached
Mem:          3.9G       3.8G       106M       640K       3.9M        61M
-/+ buffers/cache:       3.7G       171M
Swap:         8.0G       530M       7.5G

             total       used       free     shared    buffers     cached
Mem:          3.9G       3.7G       175M       640K       2.7M        54M
-/+ buffers/cache:       3.6G       232M
Swap:         8.0G       530M       7.5G

             total       used       free     shared    buffers     cached
Mem:          3.9G       3.7G       167M       640K       2.7M        54M
-/+ buffers/cache:       3.6G       224M
Swap:         8.0G       530M       7.5G

             total       used       free     shared    buffers     cached
Mem:          3.9G       3.7G       160M       640K       2.7M        54M
-/+ buffers/cache:       3.6G       216M
Swap:         8.0G       530M       7.5G

             total       used       free     shared    buffers     cached
Mem:          3.9G       3.7G       157M       640K       2.7M        54M
-/+ buffers/cache:       3.6G       214M
Swap:         8.0G       530M       7.5G

             total       used       free     shared    buffers     cached
Mem:          3.9G       3.7G       157M       640K       2.7M        54M
-/+ buffers/cache:       3.7G       214M
Swap:         8.0G       529M       7.5G

             total       used       free     shared    buffers     cached
Mem:          3.9G       3.7G       156M       640K       2.7M        54M
-/+ buffers/cache:       3.7G       213M
Swap:         8.0G       528M       7.5G

             total       used       free     shared    buffers     cached
Mem:          3.9G       3.7G       155M       640K       2.7M        54M
-/+ buffers/cache:       3.7G       212M
Swap:         8.0G       528M       7.5G

             total       used       free     shared    buffers     cached
Mem:          3.9G       3.7G       154M       640K       2.7M        54M
-/+ buffers/cache:       3.7G       211M
Swap:         8.0G       527M       7.5G

             total       used       free     shared    buffers     cached
Mem:          3.9G       3.7G       153M       640K       2.7M        54M
-/+ buffers/cache:       3.7G       210M
Swap:         8.0G       526M       7.5G

             total       used       free     shared    buffers     cached
Mem:          3.9G       3.7G       152M       640K       2.7M        54M
-/+ buffers/cache:       3.7G       209M
Swap:         8.0G       526M       7.5G

             total       used       free     shared    buffers     cached
Mem:          3.9G       3.7G       151M       640K       2.7M        54M
-/+ buffers/cache:       3.7G       208M
Swap:         8.0G       525M       7.5G

             total       used       free     shared    buffers     cached
Mem:          3.9G       3.7G       151M       640K       2.7M        54M
-/+ buffers/cache:       3.7G       207M
Swap:         8.0G       524M       7.5G

             total       used       free     shared    buffers     cached
Mem:          3.9G       3.7G       150M       640K       2.7M        54M
-/+ buffers/cache:       3.7G       206M
Swap:         8.0G       524M       7.5G

             total       used       free     shared    buffers     cached
Mem:          3.9G       3.7G       149M       640K       2.7M        54M
-/+ buffers/cache:       3.7G       206M
Swap:         8.0G       523M       7.5G

             total       used       free     shared    buffers     cached
Mem:          3.9G       3.7G       148M       640K       2.7M        54M
-/+ buffers/cache:       3.7G       205M
Swap:         8.0G       522M       7.5G

             total       used       free     shared    buffers     cached
Mem:          3.9G       3.7G       147M       640K       2.7M        54M
-/+ buffers/cache:       3.7G       204M
Swap:         8.0G       522M       7.5G

             total       used       free     shared    buffers     cached
Mem:          3.9G       3.7G       146M       640K       2.9M        54M
-/+ buffers/cache:       3.7G       203M
Swap:         8.0G       521M       7.5G

             total       used       free     shared    buffers     cached
Mem:          3.9G       3.7G       145M       640K       2.9M        54M
-/+ buffers/cache:       3.7G       202M
Swap:         8.0G       520M       7.5G

             total       used       free     shared    buffers     cached
Mem:          3.9G       3.7G       144M       640K       2.9M        54M
-/+ buffers/cache:       3.7G       202M
Swap:         8.0G       520M       7.5G

             total       used       free     shared    buffers     cached
Mem:          3.9G       3.7G       143M       640K       2.9M        54M
-/+ buffers/cache:       3.7G       201M
Swap:         8.0G       519M       7.5G

             total       used       free     shared    buffers     cached
Mem:          3.9G       3.7G       143M       640K       2.9M        54M
-/+ buffers/cache:       3.7G       200M
Swap:         8.0G       518M       7.5G

             total       used       free     shared    buffers     cached
Mem:          3.9G       3.7G       142M       640K       2.9M        54M
-/+ buffers/cache:       3.7G       199M
Swap:         8.0G       518M       7.5G

             total       used       free     shared    buffers     cached
Mem:          3.9G       3.7G       141M       640K       2.9M        54M
-/+ buffers/cache:       3.7G       198M
Swap:         8.0G       517M       7.5G

             total       used       free     shared    buffers     cached
Mem:          3.9G       3.7G       140M       640K       2.9M        54M
-/+ buffers/cache:       3.7G       197M
Swap:         8.0G       516M       7.5G

             total       used       free     shared    buffers     cached
Mem:          3.9G       3.7G       139M       640K       2.9M        54M
-/+ buffers/cache:       3.7G       196M
Swap:         8.0G       516M       7.5G

             total       used       free     shared    buffers     cached
Mem:          3.9G       3.7G       138M       640K       2.9M        54M
-/+ buffers/cache:       3.7G       196M
Swap:         8.0G       515M       7.5G

             total       used       free     shared    buffers     cached
Mem:          3.9G       3.7G       138M       640K       2.9M        54M
-/+ buffers/cache:       3.7G       195M
Swap:         8.0G       514M       7.5G

             total       used       free     shared    buffers     cached
Mem:          3.9G       3.7G       136M       640K       2.9M        54M
-/+ buffers/cache:       3.7G       194M
Swap:         8.0G       514M       7.5G

             total       used       free     shared    buffers     cached
Mem:          3.9G       3.7G       136M       640K       2.9M        54M
-/+ buffers/cache:       3.7G       193M
Swap:         8.0G       513M       7.5G

             total       used       free     shared    buffers     cached
Mem:          3.9G       3.7G       135M       640K       2.9M        54M
-/+ buffers/cache:       3.7G       193M
Swap:         8.0G       512M       7.5G

             total       used       free     shared    buffers     cached
Mem:          3.9G       3.7G       134M       640K       2.9M        54M
-/+ buffers/cache:       3.7G       192M
Swap:         8.0G       512M       7.5G

             total       used       free     shared    buffers     cached
Mem:          3.9G       3.7G       133M       640K       2.9M        54M
-/+ buffers/cache:       3.7G       191M
Swap:         8.0G       511M       7.5G

             total       used       free     shared    buffers     cached
Mem:          3.9G       3.7G       123M       716K       7.3M        73M
-/+ buffers/cache:       3.7G       204M
Swap:         8.0G       508M       7.5G

             total       used       free     shared    buffers     cached
Mem:          3.9G       3.7G       122M       700K       7.4M        73M
-/+ buffers/cache:       3.7G       203M
Swap:         8.0G       507M       7.5G
