             total       used       free     shared    buffers     cached
Mem:          992M       663M       328M       3.2M        38M       289M
-/+ buffers/cache:       334M       657M
Swap:         8.0G         0B       8.0G

             total       used       free     shared    buffers     cached
Mem:          992M       662M       329M       3.2M        38M       289M
-/+ buffers/cache:       334M       658M
Swap:         8.0G         0B       8.0G

             total       used       free     shared    buffers     cached
Mem:          992M       662M       329M       3.2M        38M       289M
-/+ buffers/cache:       334M       658M
Swap:         8.0G         0B       8.0G

             total       used       free     shared    buffers     cached
Mem:          992M       662M       329M       3.2M        38M       289M
-/+ buffers/cache:       334M       658M
Swap:         8.0G         0B       8.0G

             total       used       free     shared    buffers     cached
Mem:          992M       662M       329M       3.2M        38M       289M
-/+ buffers/cache:       334M       658M
Swap:         8.0G         0B       8.0G

             total       used       free     shared    buffers     cached
Mem:          992M       662M       329M       3.2M        38M       289M
-/+ buffers/cache:       334M       658M
Swap:         8.0G         0B       8.0G

             total       used       free     shared    buffers     cached
Mem:          992M       662M       329M       3.2M        38M       289M
-/+ buffers/cache:       333M       658M
Swap:         8.0G         0B       8.0G

             total       used       free     shared    buffers     cached
Mem:          992M       662M       329M       3.2M        38M       289M
-/+ buffers/cache:       333M       658M
Swap:         8.0G         0B       8.0G

             total       used       free     shared    buffers     cached
Mem:          992M       662M       330M       3.2M        38M       290M
-/+ buffers/cache:       333M       658M
Swap:         8.0G         0B       8.0G

             total       used       free     shared    buffers     cached
Mem:          992M       662M       330M       3.2M        38M       290M
-/+ buffers/cache:       333M       658M
Swap:         8.0G         0B       8.0G

             total       used       free     shared    buffers     cached
Mem:          992M       662M       330M       3.2M        38M       290M
-/+ buffers/cache:       333M       658M
Swap:         8.0G         0B       8.0G

             total       used       free     shared    buffers     cached
Mem:          992M       668M       324M       3.2M        38M       290M
-/+ buffers/cache:       338M       653M
Swap:         8.0G         0B       8.0G

             total       used       free     shared    buffers     cached
Mem:          992M       693M       298M       3.2M        38M       290M
-/+ buffers/cache:       363M       628M
Swap:         8.0G         0B       8.0G

             total       used       free     shared    buffers     cached
Mem:          992M       671M       320M       3.2M        38M       291M
-/+ buffers/cache:       341M       650M
Swap:         8.0G         0B       8.0G

             total       used       free     shared    buffers     cached
Mem:          992M       671M       320M       3.2M        38M       291M
-/+ buffers/cache:       341M       650M
Swap:         8.0G         0B       8.0G

             total       used       free     shared    buffers     cached
Mem:          992M       672M       320M       3.2M        38M       291M
-/+ buffers/cache:       341M       650M
Swap:         8.0G         0B       8.0G

             total       used       free     shared    buffers     cached
Mem:          992M       672M       320M       3.2M        38M       291M
-/+ buffers/cache:       341M       650M
Swap:         8.0G         0B       8.0G

             total       used       free     shared    buffers     cached
Mem:          992M       672M       320M       3.2M        38M       291M
-/+ buffers/cache:       341M       650M
Swap:         8.0G         0B       8.0G

             total       used       free     shared    buffers     cached
Mem:          992M       672M       320M       3.2M        38M       291M
-/+ buffers/cache:       341M       650M
Swap:         8.0G         0B       8.0G

             total       used       free     shared    buffers     cached
Mem:          992M       672M       320M       3.2M        38M       291M
-/+ buffers/cache:       341M       650M
Swap:         8.0G         0B       8.0G

             total       used       free     shared    buffers     cached
Mem:          992M       672M       320M       3.2M        38M       291M
-/+ buffers/cache:       341M       650M
Swap:         8.0G         0B       8.0G

             total       used       free     shared    buffers     cached
Mem:          992M       672M       319M       3.2M        38M       291M
-/+ buffers/cache:       341M       650M
Swap:         8.0G         0B       8.0G

             total       used       free     shared    buffers     cached
Mem:          992M       672M       319M       3.2M        38M       291M
-/+ buffers/cache:       341M       650M
Swap:         8.0G         0B       8.0G

             total       used       free     shared    buffers     cached
Mem:          992M       672M       319M       3.2M        38M       291M
-/+ buffers/cache:       341M       650M
Swap:         8.0G         0B       8.0G

             total       used       free     shared    buffers     cached
Mem:          992M       672M       319M       3.2M        38M       291M
-/+ buffers/cache:       341M       650M
Swap:         8.0G         0B       8.0G

             total       used       free     shared    buffers     cached
Mem:          992M       672M       319M       3.2M        38M       291M
-/+ buffers/cache:       341M       650M
Swap:         8.0G         0B       8.0G

             total       used       free     shared    buffers     cached
Mem:          992M       672M       319M       3.2M        38M       291M
-/+ buffers/cache:       341M       650M
Swap:         8.0G         0B       8.0G

             total       used       free     shared    buffers     cached
Mem:          992M       672M       319M       3.2M        38M       291M
-/+ buffers/cache:       341M       650M
Swap:         8.0G         0B       8.0G

             total       used       free     shared    buffers     cached
Mem:          992M       672M       319M       3.2M        38M       291M
-/+ buffers/cache:       341M       650M
Swap:         8.0G         0B       8.0G

             total       used       free     shared    buffers     cached
Mem:          992M       672M       319M       3.2M        38M       291M
-/+ buffers/cache:       341M       650M
Swap:         8.0G         0B       8.0G

             total       used       free     shared    buffers     cached
Mem:          992M       672M       319M       3.2M        38M       291M
-/+ buffers/cache:       341M       650M
Swap:         8.0G         0B       8.0G

             total       used       free     shared    buffers     cached
Mem:          992M       672M       319M       3.2M        38M       291M
-/+ buffers/cache:       341M       650M
Swap:         8.0G         0B       8.0G

             total       used       free     shared    buffers     cached
Mem:          992M       683M       308M       3.2M        38M       291M
-/+ buffers/cache:       352M       639M
Swap:         8.0G         0B       8.0G

             total       used       free     shared    buffers     cached
Mem:          992M       701M       290M       3.2M        38M       291M
-/+ buffers/cache:       370M       621M
Swap:         8.0G         0B       8.0G

             total       used       free     shared    buffers     cached
Mem:          992M       719M       272M       3.2M        38M       291M
-/+ buffers/cache:       389M       603M
Swap:         8.0G         0B       8.0G

             total       used       free     shared    buffers     cached
Mem:          992M       737M       254M       3.2M        38M       291M
-/+ buffers/cache:       406M       585M
Swap:         8.0G         0B       8.0G

             total       used       free     shared    buffers     cached
Mem:          992M       755M       236M       3.2M        38M       291M
-/+ buffers/cache:       425M       567M
Swap:         8.0G         0B       8.0G

             total       used       free     shared    buffers     cached
Mem:          992M       774M       217M       3.2M        38M       291M
-/+ buffers/cache:       444M       548M
Swap:         8.0G         0B       8.0G

             total       used       free     shared    buffers     cached
Mem:          992M       791M       201M       3.2M        38M       291M
-/+ buffers/cache:       460M       531M
Swap:         8.0G         0B       8.0G

             total       used       free     shared    buffers     cached
Mem:          992M       808M       184M       3.2M        38M       291M
-/+ buffers/cache:       477M       514M
Swap:         8.0G         0B       8.0G

             total       used       free     shared    buffers     cached
Mem:          992M       824M       167M       3.2M        38M       291M
-/+ buffers/cache:       493M       498M
Swap:         8.0G         0B       8.0G

             total       used       free     shared    buffers     cached
Mem:          992M       841M       151M       3.2M        38M       291M
-/+ buffers/cache:       510M       481M
Swap:         8.0G         0B       8.0G

             total       used       free     shared    buffers     cached
Mem:          992M       857M       134M       3.2M        38M       291M
-/+ buffers/cache:       526M       465M
Swap:         8.0G         0B       8.0G

             total       used       free     shared    buffers     cached
Mem:          992M       873M       118M       3.2M        38M       291M
-/+ buffers/cache:       542M       449M
Swap:         8.0G         0B       8.0G

             total       used       free     shared    buffers     cached
Mem:          992M       892M        99M       3.2M        38M       291M
-/+ buffers/cache:       561M       430M
Swap:         8.0G         0B       8.0G

             total       used       free     shared    buffers     cached
Mem:          992M       906M        85M       3.2M        38M       291M
-/+ buffers/cache:       575M       416M
Swap:         8.0G         0B       8.0G

             total       used       free     shared    buffers     cached
Mem:          992M       922M        69M       3.2M        38M       291M
-/+ buffers/cache:       591M       400M
Swap:         8.0G         0B       8.0G

             total       used       free     shared    buffers     cached
Mem:          992M       916M        75M       3.2M        17M       290M
-/+ buffers/cache:       608M       383M
Swap:         8.0G         0B       8.0G

             total       used       free     shared    buffers     cached
Mem:          992M       932M        60M       3.2M        17M       290M
-/+ buffers/cache:       624M       367M
Swap:         8.0G         0B       8.0G

             total       used       free     shared    buffers     cached
Mem:          992M       931M        60M       3.2M        10M       281M
-/+ buffers/cache:       639M       352M
Swap:         8.0G         0B       8.0G

             total       used       free     shared    buffers     cached
Mem:          992M       929M        62M       3.2M       9.8M       265M
-/+ buffers/cache:       655M       337M
Swap:         8.0G        84K       8.0G

             total       used       free     shared    buffers     cached
Mem:          992M       926M        65M       3.1M       9.8M       246M
-/+ buffers/cache:       670M       322M
Swap:         8.0G       216K       8.0G

             total       used       free     shared    buffers     cached
Mem:          992M       920M        71M       3.0M       9.8M       228M
-/+ buffers/cache:       682M       310M
Swap:         8.0G       4.5M       8.0G

             total       used       free     shared    buffers     cached
Mem:          992M       925M        66M       2.9M       9.8M       220M
-/+ buffers/cache:       694M       297M
Swap:         8.0G       7.9M       8.0G

             total       used       free     shared    buffers     cached
Mem:          992M       928M        63M       2.9M       9.8M       209M
-/+ buffers/cache:       708M       283M
Swap:         8.0G       9.2M       8.0G

             total       used       free     shared    buffers     cached
Mem:          992M       920M        71M       2.9M       1.9M       192M
-/+ buffers/cache:       726M       266M
Swap:         8.0G       9.2M       8.0G

             total       used       free     shared    buffers     cached
Mem:          992M       919M        72M       2.9M       292K       176M
-/+ buffers/cache:       742M       250M
Swap:         8.0G       9.2M       8.0G

             total       used       free     shared    buffers     cached
Mem:          992M       912M        79M       2.9M       244K       154M
-/+ buffers/cache:       757M       235M
Swap:         8.0G       9.2M       8.0G

             total       used       free     shared    buffers     cached
Mem:          992M       927M        64M       2.9M       244K       155M
-/+ buffers/cache:       772M       220M
Swap:         8.0G       9.2M       8.0G

             total       used       free     shared    buffers     cached
Mem:          992M       919M        73M       2.9M       256K       136M
-/+ buffers/cache:       782M       210M
Swap:         8.0G       9.2M       8.0G

             total       used       free     shared    buffers     cached
Mem:          992M       915M        76M       2.9M       100K       121M
-/+ buffers/cache:       794M       198M
Swap:         8.0G       9.2M       8.0G

             total       used       free     shared    buffers     cached
Mem:          992M       919M        72M       2.9M       112K       107M
-/+ buffers/cache:       812M       179M
Swap:         8.0G       9.2M       8.0G

             total       used       free     shared    buffers     cached
Mem:          992M       923M        68M       2.9M       112K        95M
-/+ buffers/cache:       827M       164M
Swap:         8.0G       9.2M       8.0G

             total       used       free     shared    buffers     cached
Mem:          992M       919M        72M       2.9M       100K        74M
-/+ buffers/cache:       844M       147M
Swap:         8.0G       9.2M       8.0G

             total       used       free     shared    buffers     cached
Mem:          992M       918M        73M       2.9M       104K        58M
-/+ buffers/cache:       860M       131M
Swap:         8.0G       9.2M       8.0G

             total       used       free     shared    buffers     cached
Mem:          992M       920M        71M       2.9M       104K        44M
-/+ buffers/cache:       876M       116M
Swap:         8.0G       9.2M       8.0G

             total       used       free     shared    buffers     cached
Mem:          992M       916M        75M       2.9M       108K        24M
-/+ buffers/cache:       891M       100M
Swap:         8.0G       9.2M       8.0G

             total       used       free     shared    buffers     cached
Mem:          992M       919M        72M       2.9M       116K        13M
-/+ buffers/cache:       906M        85M
Swap:         8.0G        11M       8.0G

             total       used       free     shared    buffers     cached
Mem:          992M       921M        70M       2.8M       332K       5.3M
-/+ buffers/cache:       916M        75M
Swap:         8.0G        19M       8.0G

             total       used       free     shared    buffers     cached
Mem:          992M       929M        62M       2.8M       336K       7.4M
-/+ buffers/cache:       922M        70M
Swap:         8.0G        29M       8.0G

             total       used       free     shared    buffers     cached
Mem:          992M       918M        73M       2.5M       464K       6.9M
-/+ buffers/cache:       910M        81M
Swap:         8.0G        76M       7.9G

             total       used       free     shared    buffers     cached
Mem:          992M       928M        63M       2.4M       2.6M        18M
-/+ buffers/cache:       907M        84M
Swap:         8.0G        94M       7.9G

             total       used       free     shared    buffers     cached
Mem:          992M       919M        72M       2.4M       2.5M        14M
-/+ buffers/cache:       902M        89M
Swap:         8.0G       118M       7.9G

             total       used       free     shared    buffers     cached
Mem:          992M       918M        73M       2.4M       2.5M        14M
-/+ buffers/cache:       901M        90M
Swap:         8.0G       118M       7.9G

             total       used       free     shared    buffers     cached
Mem:          992M       922M        70M       2.4M       2.5M        14M
-/+ buffers/cache:       905M        86M
Swap:         8.0G       132M       7.9G

             total       used       free     shared    buffers     cached
Mem:          992M       921M        70M       2.4M       2.2M        13M
-/+ buffers/cache:       905M        86M
Swap:         8.0G       142M       7.9G

             total       used       free     shared    buffers     cached
Mem:          992M       921M        71M       2.4M        76K       9.1M
-/+ buffers/cache:       912M        80M
Swap:         8.0G       148M       7.9G

             total       used       free     shared    buffers     cached
Mem:          992M       920M        71M       2.4M       196K       5.4M
-/+ buffers/cache:       915M        76M
Swap:         8.0G       156M       7.8G

             total       used       free     shared    buffers     cached
Mem:          992M       926M        65M       2.4M       196K       5.0M
-/+ buffers/cache:       921M        70M
Swap:         8.0G       166M       7.8G

             total       used       free     shared    buffers     cached
Mem:          992M       925M        66M       2.4M       196K       5.0M
-/+ buffers/cache:       920M        71M
Swap:         8.0G       190M       7.8G

             total       used       free     shared    buffers     cached
Mem:          992M       928M        63M       2.4M       196K       4.9M
-/+ buffers/cache:       923M        68M
Swap:         8.0G       198M       7.8G

             total       used       free     shared    buffers     cached
Mem:          992M       930M        61M       2.4M       196K       4.9M
-/+ buffers/cache:       925M        66M
Swap:         8.0G       214M       7.8G

             total       used       free     shared    buffers     cached
Mem:          992M       917M        74M       2.4M       196K       4.5M
-/+ buffers/cache:       913M        79M
Swap:         8.0G       233M       7.8G

             total       used       free     shared    buffers     cached
Mem:          992M       930M        61M       2.3M       204K       4.4M
-/+ buffers/cache:       925M        66M
Swap:         8.0G       233M       7.8G

             total       used       free     shared    buffers     cached
Mem:          992M       922M        69M       2.3M       212K       4.4M
-/+ buffers/cache:       917M        74M
Swap:         8.0G       259M       7.7G

             total       used       free     shared    buffers     cached
Mem:          992M       931M        60M       2.3M       492K       4.4M
-/+ buffers/cache:       926M        65M
Swap:         8.0G       259M       7.7G

             total       used       free     shared    buffers     cached
Mem:          992M       925M        66M       2.3M       492K       4.7M
-/+ buffers/cache:       920M        71M
Swap:         8.0G       265M       7.7G

             total       used       free     shared    buffers     cached
Mem:          992M       931M        61M       2.3M       492K       4.7M
-/+ buffers/cache:       925M        66M
Swap:         8.0G       265M       7.7G

             total       used       free     shared    buffers     cached
Mem:          992M       917M        74M       2.3M       500K       4.4M
-/+ buffers/cache:       912M        79M
Swap:         8.0G       285M       7.7G

             total       used       free     shared    buffers     cached
Mem:          992M       922M        69M       2.3M       500K       4.4M
-/+ buffers/cache:       917M        74M
Swap:         8.0G       285M       7.7G

             total       used       free     shared    buffers     cached
Mem:          992M       926M        65M       2.3M       500K       4.4M
-/+ buffers/cache:       921M        70M
Swap:         8.0G       285M       7.7G

             total       used       free     shared    buffers     cached
Mem:          992M       917M        75M       2.2M       500K       4.1M
-/+ buffers/cache:       912M        79M
Swap:         8.0G       296M       7.7G

             total       used       free     shared    buffers     cached
Mem:          992M       920M        71M       2.2M       500K       4.1M
-/+ buffers/cache:       915M        76M
Swap:         8.0G       296M       7.7G

             total       used       free     shared    buffers     cached
Mem:          992M       924M        67M       2.2M       508K       4.1M
-/+ buffers/cache:       920M        72M
Swap:         8.0G       296M       7.7G

             total       used       free     shared    buffers     cached
Mem:          992M       929M        62M       2.2M       508K       4.1M
-/+ buffers/cache:       925M        67M
Swap:         8.0G       296M       7.7G

             total       used       free     shared    buffers     cached
Mem:          992M       905M        86M         8K       492K       1.9M
-/+ buffers/cache:       902M        89M
Swap:         8.0G       330M       7.7G

             total       used       free     shared    buffers     cached
Mem:          992M       908M        83M         8K       492K       1.9M
-/+ buffers/cache:       906M        86M
Swap:         8.0G       330M       7.7G

             total       used       free     shared    buffers     cached
Mem:          992M       911M        80M         8K       492K       1.9M
-/+ buffers/cache:       909M        82M
Swap:         8.0G       330M       7.7G

             total       used       free     shared    buffers     cached
Mem:          992M       915M        76M         8K       492K       1.9M
-/+ buffers/cache:       913M        78M
Swap:         8.0G       330M       7.7G

             total       used       free     shared    buffers     cached
Mem:          992M       918M        73M         8K       500K       1.9M
-/+ buffers/cache:       916M        76M
Swap:         8.0G       330M       7.7G

             total       used       free     shared    buffers     cached
Mem:          992M       922M        69M         8K       500K       1.9M
-/+ buffers/cache:       920M        71M
Swap:         8.0G       330M       7.7G

             total       used       free     shared    buffers     cached
Mem:          992M       926M        65M         8K       500K       1.9M
-/+ buffers/cache:       924M        67M
Swap:         8.0G       330M       7.7G

             total       used       free     shared    buffers     cached
Mem:          992M       930M        61M         8K       500K       1.9M
-/+ buffers/cache:       928M        63M
Swap:         8.0G       330M       7.7G

             total       used       free     shared    buffers     cached
Mem:          992M       919M        72M         8K       500K       1.9M
-/+ buffers/cache:       917M        74M
Swap:         8.0G       340M       7.7G

             total       used       free     shared    buffers     cached
Mem:          992M       918M        73M         8K       504K       1.9M
-/+ buffers/cache:       916M        76M
Swap:         8.0G       343M       7.7G

             total       used       free     shared    buffers     cached
Mem:          992M       921M        70M         8K       356K       1.8M
-/+ buffers/cache:       919M        72M
Swap:         8.0G       332M       7.7G

             total       used       free     shared    buffers     cached
Mem:          992M       919M        72M         8K       356K       1.7M
-/+ buffers/cache:       917M        74M
Swap:         8.0G       336M       7.7G

             total       used       free     shared    buffers     cached
Mem:          992M       921M        70M         0B       340K       1.6M
-/+ buffers/cache:       919M        72M
Swap:         8.0G       328M       7.7G

             total       used       free     shared    buffers     cached
Mem:          992M       921M        70M         0B       156K       1.7M
-/+ buffers/cache:       919M        72M
Swap:         8.0G       325M       7.7G

             total       used       free     shared    buffers     cached
Mem:          992M       930M        61M         0B        84K       1.3M
-/+ buffers/cache:       928M        63M
Swap:         8.0G       495M       7.5G

             total       used       free     shared    buffers     cached
Mem:          992M       930M        62M         0B        84K       1.3M
-/+ buffers/cache:       928M        63M
Swap:         8.0G       495M       7.5G

             total       used       free     shared    buffers     cached
Mem:          992M       886M       105M         0B        84K       1.3M
-/+ buffers/cache:       885M       107M
Swap:         8.0G       442M       7.6G

             total       used       free     shared    buffers     cached
Mem:          992M       893M        99M         0B        84K       1.3M
-/+ buffers/cache:       891M       100M
Swap:         8.0G       431M       7.6G

             total       used       free     shared    buffers     cached
Mem:          992M       905M        86M         0B        84K       1.3M
-/+ buffers/cache:       904M        87M
Swap:         8.0G       409M       7.6G

             total       used       free     shared    buffers     cached
Mem:          992M       920M        72M         0B        84K       1.4M
-/+ buffers/cache:       918M        73M
Swap:         8.0G       348M       7.7G

             total       used       free     shared    buffers     cached
Mem:          992M       921M        70M         0B        92K       1.2M
-/+ buffers/cache:       920M        71M
Swap:         8.0G       329M       7.7G

             total       used       free     shared    buffers     cached
Mem:          992M       921M        70M         0B        92K       1.3M
-/+ buffers/cache:       920M        71M
Swap:         8.0G       326M       7.7G

             total       used       free     shared    buffers     cached
Mem:          992M       920M        71M         0B        88K       1.2M
-/+ buffers/cache:       919M        73M
Swap:         8.0G       326M       7.7G

             total       used       free     shared    buffers     cached
Mem:          992M       920M        71M         0B       164K        13M
-/+ buffers/cache:       906M        85M
Swap:         8.0G       347M       7.7G

             total       used       free     shared    buffers     cached
Mem:          992M       913M        79M         0B       480K        11M
-/+ buffers/cache:       900M        91M
Swap:         8.0G       357M       7.6G

             total       used       free     shared    buffers     cached
Mem:          992M       917M        74M         0B       776K        13M
-/+ buffers/cache:       903M        89M
Swap:         8.0G       356M       7.6G

             total       used       free     shared    buffers     cached
Mem:          992M       917M        74M         0B       780K        13M
-/+ buffers/cache:       903M        89M
Swap:         8.0G       356M       7.6G

             total       used       free     shared    buffers     cached
Mem:          992M       920M        71M         0B       780K        13M
-/+ buffers/cache:       905M        86M
Swap:         8.0G       355M       7.6G

             total       used       free     shared    buffers     cached
Mem:          992M       924M        67M         0B       780K        13M
-/+ buffers/cache:       909M        82M
Swap:         8.0G       354M       7.7G

             total       used       free     shared    buffers     cached
Mem:          992M       929M        62M         0B       780K        13M
-/+ buffers/cache:       915M        76M
Swap:         8.0G       354M       7.7G

             total       used       free     shared    buffers     cached
Mem:          992M       915M        76M         0B       788K        12M
-/+ buffers/cache:       902M        89M
Swap:         8.0G       375M       7.6G

             total       used       free     shared    buffers     cached
Mem:          992M       921M        70M         0B       788K        12M
-/+ buffers/cache:       907M        84M
Swap:         8.0G       375M       7.6G

             total       used       free     shared    buffers     cached
Mem:          992M       925M        66M         0B       788K        12M
-/+ buffers/cache:       911M        80M
Swap:         8.0G       375M       7.6G

             total       used       free     shared    buffers     cached
Mem:          992M       930M        61M         0B       788K        12M
-/+ buffers/cache:       917M        75M
Swap:         8.0G       375M       7.6G

             total       used       free     shared    buffers     cached
Mem:          992M       923M        68M         0B       788K        12M
-/+ buffers/cache:       910M        81M
Swap:         8.0G       375M       7.6G

             total       used       free     shared    buffers     cached
Mem:          992M       928M        63M         0B       788K        12M
-/+ buffers/cache:       915M        76M
Swap:         8.0G       375M       7.6G

             total       used       free     shared    buffers     cached
Mem:          992M       911M        80M         0B       668K       9.3M
-/+ buffers/cache:       901M        90M
Swap:         8.0G       411M       7.6G

             total       used       free     shared    buffers     cached
Mem:          992M       913M        78M         0B       668K       9.5M
-/+ buffers/cache:       903M        88M
Swap:         8.0G       409M       7.6G

             total       used       free     shared    buffers     cached
Mem:          992M       915M        76M         0B       668K       9.5M
-/+ buffers/cache:       905M        86M
Swap:         8.0G       408M       7.6G

             total       used       free     shared    buffers     cached
Mem:          992M       917M        74M         0B       668K       9.5M
-/+ buffers/cache:       907M        84M
Swap:         8.0G       408M       7.6G

             total       used       free     shared    buffers     cached
Mem:          992M       919M        72M         0B       668K       9.5M
-/+ buffers/cache:       909M        83M
Swap:         8.0G       406M       7.6G

             total       used       free     shared    buffers     cached
Mem:          992M       921M        70M         0B       676K       9.5M
-/+ buffers/cache:       911M        81M
Swap:         8.0G       405M       7.6G

             total       used       free     shared    buffers     cached
Mem:          992M       923M        68M         0B       676K       9.5M
-/+ buffers/cache:       913M        79M
Swap:         8.0G       404M       7.6G

             total       used       free     shared    buffers     cached
Mem:          992M       924M        67M         0B       676K       9.5M
-/+ buffers/cache:       914M        77M
Swap:         8.0G       403M       7.6G

             total       used       free     shared    buffers     cached
Mem:          992M       926M        65M         0B       676K       9.5M
-/+ buffers/cache:       916M        75M
Swap:         8.0G       402M       7.6G

             total       used       free     shared    buffers     cached
Mem:          992M       928M        63M         0B       676K       9.5M
-/+ buffers/cache:       918M        73M
Swap:         8.0G       401M       7.6G

             total       used       free     shared    buffers     cached
Mem:          992M       930M        61M         0B       684K       9.5M
-/+ buffers/cache:       920M        71M
Swap:         8.0G       400M       7.6G

             total       used       free     shared    buffers     cached
Mem:          992M       913M        78M         0B       204K       5.6M
-/+ buffers/cache:       907M        84M
Swap:         8.0G       399M       7.6G

             total       used       free     shared    buffers     cached
Mem:          992M       916M        76M         0B       204K       6.5M
-/+ buffers/cache:       909M        82M
Swap:         8.0G       398M       7.6G

             total       used       free     shared    buffers     cached
Mem:          992M       918M        73M         0B       492K       6.4M
-/+ buffers/cache:       911M        80M
Swap:         8.0G       397M       7.6G

             total       used       free     shared    buffers     cached
Mem:          992M       920M        71M         0B       492K       6.4M
-/+ buffers/cache:       913M        78M
Swap:         8.0G       396M       7.6G

             total       used       free     shared    buffers     cached
Mem:          992M       922M        69M         0B       492K       6.5M
-/+ buffers/cache:       915M        76M
Swap:         8.0G       395M       7.6G

             total       used       free     shared    buffers     cached
Mem:          992M       924M        67M         0B       500K       6.6M
-/+ buffers/cache:       917M        74M
Swap:         8.0G       394M       7.6G

             total       used       free     shared    buffers     cached
Mem:          992M       926M        66M         0B       500K       6.6M
-/+ buffers/cache:       918M        73M
Swap:         8.0G       393M       7.6G

             total       used       free     shared    buffers     cached
Mem:          992M       928M        64M         0B       500K       6.6M
-/+ buffers/cache:       921M        71M
Swap:         8.0G       392M       7.6G

             total       used       free     shared    buffers     cached
Mem:          992M       929M        62M         0B       500K       6.6M
-/+ buffers/cache:       922M        69M
Swap:         8.0G       391M       7.6G

             total       used       free     shared    buffers     cached
Mem:          992M       918M        74M         0B       496K       5.7M
-/+ buffers/cache:       911M        80M
Swap:         8.0G       406M       7.6G

             total       used       free     shared    buffers     cached
Mem:          992M       919M        72M         0B       504K       5.7M
-/+ buffers/cache:       913M        78M
Swap:         8.0G       405M       7.6G

             total       used       free     shared    buffers     cached
Mem:          992M       921M        70M         0B       504K       5.8M
-/+ buffers/cache:       915M        76M
Swap:         8.0G       404M       7.6G

             total       used       free     shared    buffers     cached
Mem:          992M       923M        68M         0B       504K       5.8M
-/+ buffers/cache:       917M        75M
Swap:         8.0G       403M       7.6G

             total       used       free     shared    buffers     cached
Mem:          992M       925M        67M         0B       504K       5.8M
-/+ buffers/cache:       918M        73M
Swap:         8.0G       402M       7.6G

             total       used       free     shared    buffers     cached
Mem:          992M       927M        65M         0B       504K       5.8M
-/+ buffers/cache:       920M        71M
Swap:         8.0G       401M       7.6G

             total       used       free     shared    buffers     cached
Mem:          992M       929M        62M         0B       512K       5.8M
-/+ buffers/cache:       923M        69M
Swap:         8.0G       400M       7.6G

             total       used       free     shared    buffers     cached
Mem:          992M       931M        60M         0B       512K       5.7M
-/+ buffers/cache:       925M        67M
Swap:         8.0G       399M       7.6G

             total       used       free     shared    buffers     cached
Mem:          992M       913M        78M         0B       512K       5.5M
-/+ buffers/cache:       907M        84M
Swap:         8.0G       428M       7.6G

             total       used       free     shared    buffers     cached
Mem:          992M       915M        76M         0B       512K       5.5M
-/+ buffers/cache:       909M        82M
Swap:         8.0G       427M       7.6G

             total       used       free     shared    buffers     cached
Mem:          992M       918M        74M         0B       512K       5.5M
-/+ buffers/cache:       912M        80M
Swap:         8.0G       426M       7.6G

             total       used       free     shared    buffers     cached
Mem:          992M       920M        71M         0B       512K       5.5M
-/+ buffers/cache:       914M        77M
Swap:         8.0G       425M       7.6G

             total       used       free     shared    buffers     cached
Mem:          992M       921M        70M         0B       520K       5.5M
-/+ buffers/cache:       915M        76M
Swap:         8.0G       424M       7.6G

             total       used       free     shared    buffers     cached
Mem:          992M       924M        68M         0B       520K       5.5M
-/+ buffers/cache:       917M        74M
Swap:         8.0G       423M       7.6G

             total       used       free     shared    buffers     cached
Mem:          992M       926M        66M         0B       520K       5.5M
-/+ buffers/cache:       920M        72M
Swap:         8.0G       422M       7.6G

             total       used       free     shared    buffers     cached
Mem:          992M       928M        64M         0B       520K       5.5M
-/+ buffers/cache:       922M        70M
Swap:         8.0G       421M       7.6G

             total       used       free     shared    buffers     cached
Mem:          992M       930M        61M         0B       520K       5.5M
-/+ buffers/cache:       924M        67M
Swap:         8.0G       420M       7.6G

             total       used       free     shared    buffers     cached
Mem:          992M       919M        72M         0B       528K       5.5M
-/+ buffers/cache:       913M        78M
Swap:         8.0G       419M       7.6G

             total       used       free     shared    buffers     cached
Mem:          992M       921M        70M         0B       528K       5.5M
-/+ buffers/cache:       915M        76M
Swap:         8.0G       418M       7.6G

             total       used       free     shared    buffers     cached
Mem:          992M       923M        68M         0B       528K       5.5M
-/+ buffers/cache:       917M        74M
Swap:         8.0G       417M       7.6G

             total       used       free     shared    buffers     cached
Mem:          992M       925M        66M         0B       528K       5.5M
-/+ buffers/cache:       919M        72M
Swap:         8.0G       416M       7.6G

             total       used       free     shared    buffers     cached
Mem:          992M       927M        64M         0B       528K       5.5M
-/+ buffers/cache:       921M        70M
Swap:         8.0G       415M       7.6G

             total       used       free     shared    buffers     cached
Mem:          992M       931M        60M         0B       536K       7.2M
-/+ buffers/cache:       923M        68M
Swap:         8.0G       414M       7.6G

             total       used       free     shared    buffers     cached
Mem:          992M       912M        79M         0B       200K       5.7M
-/+ buffers/cache:       906M        85M
Swap:         8.0G       443M       7.6G

             total       used       free     shared    buffers     cached
Mem:          992M       913M        78M         0B       200K       5.7M
-/+ buffers/cache:       907M        84M
Swap:         8.0G       442M       7.6G

             total       used       free     shared    buffers     cached
Mem:          992M       914M        77M         0B       208K       5.7M
-/+ buffers/cache:       908M        83M
Swap:         8.0G       442M       7.6G

             total       used       free     shared    buffers     cached
Mem:          992M       915M        76M         0B       208K       5.7M
-/+ buffers/cache:       909M        82M
Swap:         8.0G       441M       7.6G

             total       used       free     shared    buffers     cached
Mem:          992M       920M        71M         0B       108K        22M
-/+ buffers/cache:       897M        94M
Swap:         8.0G       442M       7.6G

             total       used       free     shared    buffers     cached
Mem:          992M       921M        70M         0B       568K        22M
-/+ buffers/cache:       898M        93M
Swap:         8.0G       441M       7.6G

             total       used       free     shared    buffers     cached
Mem:          992M       924M        67M         0B       868K        23M
-/+ buffers/cache:       900M        91M
Swap:         8.0G       440M       7.6G

             total       used       free     shared    buffers     cached
Mem:          992M       917M        74M         0B       1.1M        24M
-/+ buffers/cache:       891M       100M
Swap:         8.0G       454M       7.6G

             total       used       free     shared    buffers     cached
Mem:          992M       911M        80M        16K       508K        27M
-/+ buffers/cache:       883M       109M
Swap:         8.0G       469M       7.5G

             total       used       free     shared    buffers     cached
Mem:          992M       912M        79M        16K       508K        27M
-/+ buffers/cache:       884M       107M
Swap:         8.0G       468M       7.5G

             total       used       free     shared    buffers     cached
Mem:          992M       913M        78M        16K       524K        27M
-/+ buffers/cache:       885M       106M
Swap:         8.0G       468M       7.5G

             total       used       free     shared    buffers     cached
Mem:          992M       914M        77M        16K       524K        27M
-/+ buffers/cache:       886M       105M
Swap:         8.0G       467M       7.5G

             total       used       free     shared    buffers     cached
Mem:          992M       916M        75M        16K       524K        27M
-/+ buffers/cache:       887M       104M
Swap:         8.0G       467M       7.5G

             total       used       free     shared    buffers     cached
Mem:          992M       917M        74M        16K       524K        27M
-/+ buffers/cache:       889M       102M
Swap:         8.0G       466M       7.5G

             total       used       free     shared    buffers     cached
Mem:          992M       919M        73M        16K       524K        27M
-/+ buffers/cache:       890M       101M
Swap:         8.0G       465M       7.5G

             total       used       free     shared    buffers     cached
Mem:          992M       920M        71M        16K       524K        28M
-/+ buffers/cache:       892M        99M
Swap:         8.0G       465M       7.5G

             total       used       free     shared    buffers     cached
Mem:          992M       922M        69M        16K       664K        28M
-/+ buffers/cache:       893M        98M
Swap:         8.0G       464M       7.5G

             total       used       free     shared    buffers     cached
Mem:          992M       925M        66M        16K       668K        28M
-/+ buffers/cache:       895M        96M
Swap:         8.0G       463M       7.5G

             total       used       free     shared    buffers     cached
Mem:          992M       926M        65M        16K       668K        28M
-/+ buffers/cache:       897M        94M
Swap:         8.0G       462M       7.5G

             total       used       free     shared    buffers     cached
Mem:          992M       928M        64M        16K       668K        28M
-/+ buffers/cache:       898M        93M
Swap:         8.0G       462M       7.5G

             total       used       free     shared    buffers     cached
Mem:          992M       929M        62M        16K       668K        28M
-/+ buffers/cache:       900M        92M
Swap:         8.0G       461M       7.5G

             total       used       free     shared    buffers     cached
Mem:          992M       930M        61M        16K       676K        28M
-/+ buffers/cache:       901M        90M
Swap:         8.0G       460M       7.5G

             total       used       free     shared    buffers     cached
Mem:          992M       918M        73M        16K       236K        23M
-/+ buffers/cache:       894M        97M
Swap:         8.0G       461M       7.5G

             total       used       free     shared    buffers     cached
Mem:          992M       920M        72M        16K       236K        23M
-/+ buffers/cache:       896M        96M
Swap:         8.0G       460M       7.5G

             total       used       free     shared    buffers     cached
Mem:          992M       921M        70M        16K       236K        23M
-/+ buffers/cache:       897M        94M
Swap:         8.0G       460M       7.5G

             total       used       free     shared    buffers     cached
Mem:          992M       923M        68M        16K       236K        23M
-/+ buffers/cache:       899M        93M
Swap:         8.0G       459M       7.5G

             total       used       free     shared    buffers     cached
Mem:          992M       925M        67M        16K       236K        24M
-/+ buffers/cache:       900M        91M
Swap:         8.0G       458M       7.5G

             total       used       free     shared    buffers     cached
Mem:          992M       926M        65M        16K       244K        24M
-/+ buffers/cache:       902M        89M
Swap:         8.0G       457M       7.6G

             total       used       free     shared    buffers     cached
Mem:          992M       928M        63M        16K       244K        24M
-/+ buffers/cache:       903M        88M
Swap:         8.0G       457M       7.6G

             total       used       free     shared    buffers     cached
Mem:          992M       929M        62M        16K       244K        24M
-/+ buffers/cache:       905M        87M
Swap:         8.0G       456M       7.6G

             total       used       free     shared    buffers     cached
Mem:          992M       930M        61M        16K       244K        24M
-/+ buffers/cache:       906M        86M
Swap:         8.0G       455M       7.6G

             total       used       free     shared    buffers     cached
Mem:          992M       918M        73M        16K       228K        21M
-/+ buffers/cache:       896M        95M
Swap:         8.0G       476M       7.5G

             total       used       free     shared    buffers     cached
Mem:          992M       919M        72M        16K       236K        21M
-/+ buffers/cache:       897M        94M
Swap:         8.0G       475M       7.5G

             total       used       free     shared    buffers     cached
Mem:          992M       921M        71M        16K       236K        21M
-/+ buffers/cache:       899M        92M
Swap:         8.0G       475M       7.5G

             total       used       free     shared    buffers     cached
Mem:          992M       922M        69M        16K       236K        21M
-/+ buffers/cache:       900M        91M
Swap:         8.0G       474M       7.5G

             total       used       free     shared    buffers     cached
Mem:          992M       923M        68M        16K       236K        21M
-/+ buffers/cache:       902M        90M
Swap:         8.0G       473M       7.5G

             total       used       free     shared    buffers     cached
Mem:          992M       925M        66M        16K       236K        21M
-/+ buffers/cache:       903M        88M
Swap:         8.0G       473M       7.5G

             total       used       free     shared    buffers     cached
Mem:          992M       926M        65M        16K       236K        21M
-/+ buffers/cache:       904M        87M
Swap:         8.0G       472M       7.5G

             total       used       free     shared    buffers     cached
Mem:          992M       927M        64M        16K       244K        21M
-/+ buffers/cache:       906M        86M
Swap:         8.0G       471M       7.5G

             total       used       free     shared    buffers     cached
Mem:          992M       928M        63M        16K       244K        21M
-/+ buffers/cache:       907M        85M
Swap:         8.0G       471M       7.5G

             total       used       free     shared    buffers     cached
Mem:          992M       930M        61M        16K       244K        21M
-/+ buffers/cache:       908M        83M
Swap:         8.0G       470M       7.5G

             total       used       free     shared    buffers     cached
Mem:          992M       919M        72M        16K       244K        20M
-/+ buffers/cache:       899M        93M
Swap:         8.0G       471M       7.5G

             total       used       free     shared    buffers     cached
Mem:          992M       921M        70M        16K       244K        20M
-/+ buffers/cache:       900M        91M
Swap:         8.0G       470M       7.5G

             total       used       free     shared    buffers     cached
Mem:          992M       922M        69M        16K       252K        20M
-/+ buffers/cache:       901M        90M
Swap:         8.0G       470M       7.5G

             total       used       free     shared    buffers     cached
Mem:          992M       924M        67M        16K       252K        20M
-/+ buffers/cache:       903M        88M
Swap:         8.0G       469M       7.5G

             total       used       free     shared    buffers     cached
Mem:          992M       925M        66M        16K       252K        20M
-/+ buffers/cache:       904M        87M
Swap:         8.0G       468M       7.5G

             total       used       free     shared    buffers     cached
Mem:          992M       927M        64M        16K       252K        20M
-/+ buffers/cache:       906M        85M
Swap:         8.0G       467M       7.5G

             total       used       free     shared    buffers     cached
Mem:          992M       929M        63M        16K       252K        20M
-/+ buffers/cache:       908M        83M
Swap:         8.0G       466M       7.5G

             total       used       free     shared    buffers     cached
Mem:          992M       930M        61M        16K       252K        20M
-/+ buffers/cache:       909M        82M
Swap:         8.0G       466M       7.5G

             total       used       free     shared    buffers     cached
Mem:          992M       919M        72M        16K       260K        11M
-/+ buffers/cache:       908M        84M
Swap:         8.0G       469M       7.5G

             total       used       free     shared    buffers     cached
Mem:          992M       921M        70M        16K       524K        11M
-/+ buffers/cache:       909M        82M
Swap:         8.0G       469M       7.5G

             total       used       free     shared    buffers     cached
Mem:          992M       923M        69M        16K       524K        11M
-/+ buffers/cache:       911M        81M
Swap:         8.0G       468M       7.5G

             total       used       free     shared    buffers     cached
Mem:          992M       924M        67M        16K       524K        11M
-/+ buffers/cache:       912M        79M
Swap:         8.0G       467M       7.5G

             total       used       free     shared    buffers     cached
Mem:          992M       926M        65M        16K       524K        11M
-/+ buffers/cache:       914M        77M
Swap:         8.0G       466M       7.5G

             total       used       free     shared    buffers     cached
Mem:          992M       927M        64M        16K       532K        11M
-/+ buffers/cache:       915M        76M
Swap:         8.0G       466M       7.5G

             total       used       free     shared    buffers     cached
Mem:          992M       929M        62M        16K       532K        11M
-/+ buffers/cache:       917M        75M
Swap:         8.0G       465M       7.5G

             total       used       free     shared    buffers     cached
Mem:          992M       931M        61M        16K       532K        11M
-/+ buffers/cache:       918M        73M
Swap:         8.0G       464M       7.5G

             total       used       free     shared    buffers     cached
Mem:          992M       920M        71M        16K       376K       6.6M
-/+ buffers/cache:       913M        78M
Swap:         8.0G       466M       7.5G

             total       used       free     shared    buffers     cached
Mem:          992M       922M        69M        16K       376K       6.6M
-/+ buffers/cache:       915M        76M
Swap:         8.0G       465M       7.5G

             total       used       free     shared    buffers     cached
Mem:          992M       924M        67M        16K       376K       6.6M
-/+ buffers/cache:       917M        74M
Swap:         8.0G       464M       7.5G

             total       used       free     shared    buffers     cached
Mem:          992M       925M        66M        16K       384K       6.6M
-/+ buffers/cache:       918M        73M
Swap:         8.0G       464M       7.5G

             total       used       free     shared    buffers     cached
Mem:          992M       927M        64M        16K       384K       6.6M
-/+ buffers/cache:       920M        71M
Swap:         8.0G       463M       7.5G

             total       used       free     shared    buffers     cached
Mem:          992M       929M        63M        16K       384K       6.6M
-/+ buffers/cache:       922M        70M
Swap:         8.0G       462M       7.5G

             total       used       free     shared    buffers     cached
Mem:          992M       930M        61M        16K       384K       6.6M
-/+ buffers/cache:       923M        68M
Swap:         8.0G       461M       7.5G

             total       used       free     shared    buffers     cached
Mem:          992M       920M        71M        16K        76K        19M
-/+ buffers/cache:       901M        90M
Swap:         8.0G       481M       7.5G

             total       used       free     shared    buffers     cached
Mem:          992M       927M        64M        20K       1.8M        22M
-/+ buffers/cache:       903M        88M
Swap:         8.0G       480M       7.5G

             total       used       free     shared    buffers     cached
Mem:          992M       929M        62M        20K       1.9M        22M
-/+ buffers/cache:       905M        86M
Swap:         8.0G       479M       7.5G

             total       used       free     shared    buffers     cached
Mem:          992M       931M        60M        20K       1.9M        22M
-/+ buffers/cache:       906M        85M
Swap:         8.0G       479M       7.5G

             total       used       free     shared    buffers     cached
Mem:          992M       917M        74M        20K       1.9M        21M
-/+ buffers/cache:       893M        98M
Swap:         8.0G       499M       7.5G

             total       used       free     shared    buffers     cached
Mem:          992M       918M        73M        20K       1.9M        21M
-/+ buffers/cache:       894M        97M
Swap:         8.0G       499M       7.5G

             total       used       free     shared    buffers     cached
Mem:          992M       920M        72M        20K       1.9M        22M
-/+ buffers/cache:       896M        95M
Swap:         8.0G       498M       7.5G

             total       used       free     shared    buffers     cached
Mem:          992M       922M        70M        20K       1.9M        22M
-/+ buffers/cache:       897M        94M
Swap:         8.0G       497M       7.5G

             total       used       free     shared    buffers     cached
Mem:          992M       924M        68M        20K       1.9M        23M
-/+ buffers/cache:       898M        93M
Swap:         8.0G       497M       7.5G

             total       used       free     shared    buffers     cached
Mem:          992M       925M        66M        24K       1.9M        23M
-/+ buffers/cache:       900M        92M
Swap:         8.0G       496M       7.5G

             total       used       free     shared    buffers     cached
Mem:          992M       927M        64M        24K       1.9M        23M
-/+ buffers/cache:       902M        89M
Swap:         8.0G       495M       7.5G

             total       used       free     shared    buffers     cached
Mem:          992M       929M        63M        24K       1.9M        23M
-/+ buffers/cache:       903M        88M
Swap:         8.0G       494M       7.5G

             total       used       free     shared    buffers     cached
Mem:          992M       920M        71M        24K       1.9M        24M
-/+ buffers/cache:       894M        97M
Swap:         8.0G       496M       7.5G

             total       used       free     shared    buffers     cached
Mem:          992M       921M        70M        24K       1.9M        24M
-/+ buffers/cache:       895M        96M
Swap:         8.0G       495M       7.5G

             total       used       free     shared    buffers     cached
Mem:          992M       923M        68M        24K       1.9M        24M
-/+ buffers/cache:       897M        94M
Swap:         8.0G       494M       7.5G

             total       used       free     shared    buffers     cached
Mem:          992M       918M        73M        24K       1.9M        23M
-/+ buffers/cache:       893M        98M
Swap:         8.0G       514M       7.5G

             total       used       free     shared    buffers     cached
Mem:          992M       919M        72M        24K       1.9M        23M
-/+ buffers/cache:       894M        97M
Swap:         8.0G       514M       7.5G

             total       used       free     shared    buffers     cached
Mem:          992M       920M        71M        24K       1.9M        23M
-/+ buffers/cache:       895M        96M
Swap:         8.0G       513M       7.5G

             total       used       free     shared    buffers     cached
Mem:          992M       920M        71M        24K       1.9M        23M
-/+ buffers/cache:       895M        96M
Swap:         8.0G       513M       7.5G

             total       used       free     shared    buffers     cached
Mem:          992M       921M        70M        24K       1.9M        23M
-/+ buffers/cache:       896M        95M
Swap:         8.0G       513M       7.5G

             total       used       free     shared    buffers     cached
Mem:          992M       922M        69M        24K       1.9M        23M
-/+ buffers/cache:       897M        94M
Swap:         8.0G       512M       7.5G

             total       used       free     shared    buffers     cached
Mem:          992M       923M        69M        24K       1.9M        23M
-/+ buffers/cache:       898M        94M
Swap:         8.0G       512M       7.5G

             total       used       free     shared    buffers     cached
Mem:          992M       923M        68M        24K       1.9M        23M
-/+ buffers/cache:       898M        93M
Swap:         8.0G       512M       7.5G

             total       used       free     shared    buffers     cached
Mem:          992M       924M        67M        24K       2.0M        23M
-/+ buffers/cache:       899M        92M
Swap:         8.0G       511M       7.5G

             total       used       free     shared    buffers     cached
Mem:          992M       925M        66M        24K       2.0M        23M
-/+ buffers/cache:       900M        91M
Swap:         8.0G       511M       7.5G

             total       used       free     shared    buffers     cached
Mem:          992M       923M        69M       180K       2.0M        29M
-/+ buffers/cache:       891M       100M
Swap:         8.0G       508M       7.5G

             total       used       free     shared    buffers     cached
Mem:          992M       929M        62M       3.9M       5.1M        56M
-/+ buffers/cache:       867M       124M
Swap:         8.0G       550M       7.5G

             total       used       free     shared    buffers     cached
Mem:          992M       929M        63M       3.9M       5.1M        71M
-/+ buffers/cache:       852M       139M
Swap:         8.0G       565M       7.4G

             total       used       free     shared    buffers     cached
Mem:          992M       922M        69M       220K       5.1M        63M
-/+ buffers/cache:       854M       137M
Swap:         8.0G       572M       7.4G

             total       used       free     shared    buffers     cached
Mem:          992M       925M        66M       244K       5.1M        63M
-/+ buffers/cache:       857M       135M
Swap:         8.0G       570M       7.4G

             total       used       free     shared    buffers     cached
Mem:          992M       927M        65M       244K       5.1M        63M
-/+ buffers/cache:       858M       133M
Swap:         8.0G       570M       7.4G

             total       used       free     shared    buffers     cached
Mem:          992M       928M        63M       244K       5.1M        63M
-/+ buffers/cache:       859M       132M
Swap:         8.0G       569M       7.4G

             total       used       free     shared    buffers     cached
Mem:          992M       930M        61M       244K       5.1M        63M
-/+ buffers/cache:       861M       130M
Swap:         8.0G       569M       7.4G

             total       used       free     shared    buffers     cached
Mem:          992M       916M        76M       244K       5.0M        63M
-/+ buffers/cache:       847M       144M
Swap:         8.0G       569M       7.4G

             total       used       free     shared    buffers     cached
Mem:          992M       917M        74M       244K       5.0M        63M
-/+ buffers/cache:       849M       142M
Swap:         8.0G       569M       7.4G

             total       used       free     shared    buffers     cached
Mem:          992M       918M        73M       244K       5.0M        63M
-/+ buffers/cache:       850M       141M
Swap:         8.0G       568M       7.4G

             total       used       free     shared    buffers     cached
Mem:          992M       920M        72M       244K       5.0M        63M
-/+ buffers/cache:       851M       140M
Swap:         8.0G       567M       7.4G

             total       used       free     shared    buffers     cached
Mem:          992M       921M        70M       244K       5.0M        63M
-/+ buffers/cache:       853M       139M
Swap:         8.0G       567M       7.4G

             total       used       free     shared    buffers     cached
Mem:          992M       922M        69M       244K       5.0M        63M
-/+ buffers/cache:       854M       137M
Swap:         8.0G       566M       7.4G

             total       used       free     shared    buffers     cached
Mem:          992M       923M        68M       244K       5.0M        63M
-/+ buffers/cache:       855M       136M
Swap:         8.0G       565M       7.4G

             total       used       free     shared    buffers     cached
Mem:          992M       925M        66M       244K       5.0M        63M
-/+ buffers/cache:       857M       135M
Swap:         8.0G       565M       7.4G

             total       used       free     shared    buffers     cached
Mem:          992M       926M        65M       244K       5.0M        63M
-/+ buffers/cache:       858M       133M
Swap:         8.0G       564M       7.4G

             total       used       free     shared    buffers     cached
Mem:          992M       927M        64M       244K       5.0M        63M
-/+ buffers/cache:       859M       132M
Swap:         8.0G       563M       7.4G

             total       used       free     shared    buffers     cached
Mem:          992M       929M        63M       244K       5.0M        63M
-/+ buffers/cache:       860M       131M
Swap:         8.0G       563M       7.4G

             total       used       free     shared    buffers     cached
Mem:          992M       930M        61M       244K       5.0M        63M
-/+ buffers/cache:       862M       129M
Swap:         8.0G       562M       7.4G

             total       used       free     shared    buffers     cached
Mem:          992M       920M        71M       244K       4.0M        61M
-/+ buffers/cache:       855M       136M
Swap:         8.0G       562M       7.4G

             total       used       free     shared    buffers     cached
Mem:          992M       921M        70M       244K       4.0M        61M
-/+ buffers/cache:       856M       135M
Swap:         8.0G       562M       7.4G

             total       used       free     shared    buffers     cached
Mem:          992M       922M        69M       244K       4.0M        61M
-/+ buffers/cache:       857M       134M
Swap:         8.0G       561M       7.4G

             total       used       free     shared    buffers     cached
Mem:          992M       924M        68M       244K       4.0M        61M
-/+ buffers/cache:       858M       133M
Swap:         8.0G       560M       7.4G

             total       used       free     shared    buffers     cached
Mem:          992M       924M        67M       296K       6.8M        70M
-/+ buffers/cache:       846M       145M
Swap:         8.0G       591M       7.4G

             total       used       free     shared    buffers     cached
Mem:          992M       918M        73M       288K       9.1M        76M
-/+ buffers/cache:       832M       159M
Swap:         8.0G       593M       7.4G
