             total       used       free     shared    buffers     cached
Mem:          2.0G       657M       1.3G       3.2M        38M       289M
-/+ buffers/cache:       329M       1.6G
Swap:         8.0G         0B       8.0G

             total       used       free     shared    buffers     cached
Mem:          2.0G       656M       1.3G       1.4M        38M       287M
-/+ buffers/cache:       330M       1.6G
Swap:         8.0G         0B       8.0G

             total       used       free     shared    buffers     cached
Mem:          2.0G       656M       1.3G       1.4M        38M       287M
-/+ buffers/cache:       330M       1.6G
Swap:         8.0G         0B       8.0G

             total       used       free     shared    buffers     cached
Mem:          2.0G       656M       1.3G       1.4M        38M       287M
-/+ buffers/cache:       330M       1.6G
Swap:         8.0G         0B       8.0G

             total       used       free     shared    buffers     cached
Mem:          2.0G       656M       1.3G       1.4M        38M       287M
-/+ buffers/cache:       330M       1.6G
Swap:         8.0G         0B       8.0G

             total       used       free     shared    buffers     cached
Mem:          2.0G       656M       1.3G       1.4M        38M       287M
-/+ buffers/cache:       330M       1.6G
Swap:         8.0G         0B       8.0G

             total       used       free     shared    buffers     cached
Mem:          2.0G       656M       1.3G       1.4M        38M       287M
-/+ buffers/cache:       329M       1.6G
Swap:         8.0G         0B       8.0G

             total       used       free     shared    buffers     cached
Mem:          2.0G       656M       1.3G       1.4M        38M       288M
-/+ buffers/cache:       330M       1.6G
Swap:         8.0G         0B       8.0G

             total       used       free     shared    buffers     cached
Mem:          2.0G       656M       1.3G       1.4M        38M       288M
-/+ buffers/cache:       329M       1.6G
Swap:         8.0G         0B       8.0G

             total       used       free     shared    buffers     cached
Mem:          2.0G       659M       1.3G       1.4M        38M       288M
-/+ buffers/cache:       333M       1.6G
Swap:         8.0G         0B       8.0G

             total       used       free     shared    buffers     cached
Mem:          2.0G       659M       1.3G       1.4M        38M       288M
-/+ buffers/cache:       333M       1.6G
Swap:         8.0G         0B       8.0G

             total       used       free     shared    buffers     cached
Mem:          2.0G       681M       1.3G       1.4M        38M       288M
-/+ buffers/cache:       354M       1.6G
Swap:         8.0G         0B       8.0G

             total       used       free     shared    buffers     cached
Mem:          2.0G       665M       1.3G       1.4M        38M       289M
-/+ buffers/cache:       337M       1.6G
Swap:         8.0G         0B       8.0G

             total       used       free     shared    buffers     cached
Mem:          2.0G       665M       1.3G       1.4M        38M       289M
-/+ buffers/cache:       337M       1.6G
Swap:         8.0G         0B       8.0G

             total       used       free     shared    buffers     cached
Mem:          2.0G       666M       1.3G       1.4M        38M       289M
-/+ buffers/cache:       337M       1.6G
Swap:         8.0G         0B       8.0G

             total       used       free     shared    buffers     cached
Mem:          2.0G       666M       1.3G       1.4M        38M       289M
-/+ buffers/cache:       337M       1.6G
Swap:         8.0G         0B       8.0G

             total       used       free     shared    buffers     cached
Mem:          2.0G       666M       1.3G       1.4M        38M       289M
-/+ buffers/cache:       337M       1.6G
Swap:         8.0G         0B       8.0G

             total       used       free     shared    buffers     cached
Mem:          2.0G       666M       1.3G       1.4M        38M       289M
-/+ buffers/cache:       337M       1.6G
Swap:         8.0G         0B       8.0G

             total       used       free     shared    buffers     cached
Mem:          2.0G       666M       1.3G       1.4M        38M       289M
-/+ buffers/cache:       337M       1.6G
Swap:         8.0G         0B       8.0G

             total       used       free     shared    buffers     cached
Mem:          2.0G       666M       1.3G       1.4M        38M       289M
-/+ buffers/cache:       337M       1.6G
Swap:         8.0G         0B       8.0G

             total       used       free     shared    buffers     cached
Mem:          2.0G       666M       1.3G       1.4M        38M       289M
-/+ buffers/cache:       337M       1.6G
Swap:         8.0G         0B       8.0G

             total       used       free     shared    buffers     cached
Mem:          2.0G       666M       1.3G       1.4M        38M       289M
-/+ buffers/cache:       337M       1.6G
Swap:         8.0G         0B       8.0G

             total       used       free     shared    buffers     cached
Mem:          2.0G       666M       1.3G       1.4M        38M       289M
-/+ buffers/cache:       337M       1.6G
Swap:         8.0G         0B       8.0G

             total       used       free     shared    buffers     cached
Mem:          2.0G       666M       1.3G       1.4M        38M       289M
-/+ buffers/cache:       337M       1.6G
Swap:         8.0G         0B       8.0G

             total       used       free     shared    buffers     cached
Mem:          2.0G       666M       1.3G       1.4M        38M       289M
-/+ buffers/cache:       337M       1.6G
Swap:         8.0G         0B       8.0G

             total       used       free     shared    buffers     cached
Mem:          2.0G       666M       1.3G       1.4M        38M       289M
-/+ buffers/cache:       337M       1.6G
Swap:         8.0G         0B       8.0G

             total       used       free     shared    buffers     cached
Mem:          2.0G       666M       1.3G       1.4M        38M       289M
-/+ buffers/cache:       337M       1.6G
Swap:         8.0G         0B       8.0G

             total       used       free     shared    buffers     cached
Mem:          2.0G       666M       1.3G       1.4M        38M       289M
-/+ buffers/cache:       337M       1.6G
Swap:         8.0G         0B       8.0G

             total       used       free     shared    buffers     cached
Mem:          2.0G       666M       1.3G       1.4M        38M       289M
-/+ buffers/cache:       337M       1.6G
Swap:         8.0G         0B       8.0G

             total       used       free     shared    buffers     cached
Mem:          2.0G       666M       1.3G       1.4M        38M       289M
-/+ buffers/cache:       337M       1.6G
Swap:         8.0G         0B       8.0G

             total       used       free     shared    buffers     cached
Mem:          2.0G       666M       1.3G       1.4M        38M       289M
-/+ buffers/cache:       337M       1.6G
Swap:         8.0G         0B       8.0G

             total       used       free     shared    buffers     cached
Mem:          2.0G       666M       1.3G       1.4M        38M       289M
-/+ buffers/cache:       337M       1.6G
Swap:         8.0G         0B       8.0G

             total       used       free     shared    buffers     cached
Mem:          2.0G       666M       1.3G       1.4M        38M       289M
-/+ buffers/cache:       337M       1.6G
Swap:         8.0G         0B       8.0G

             total       used       free     shared    buffers     cached
Mem:          2.0G       672M       1.3G       1.4M        38M       289M
-/+ buffers/cache:       343M       1.6G
Swap:         8.0G         0B       8.0G

             total       used       free     shared    buffers     cached
Mem:          2.0G       690M       1.3G       1.4M        38M       289M
-/+ buffers/cache:       361M       1.6G
Swap:         8.0G         0B       8.0G

             total       used       free     shared    buffers     cached
Mem:          2.0G       708M       1.3G       1.4M        38M       289M
-/+ buffers/cache:       380M       1.6G
Swap:         8.0G         0B       8.0G

             total       used       free     shared    buffers     cached
Mem:          2.0G       725M       1.2G       1.4M        38M       289M
-/+ buffers/cache:       396M       1.6G
Swap:         8.0G         0B       8.0G

             total       used       free     shared    buffers     cached
Mem:          2.0G       743M       1.2G       1.4M        38M       289M
-/+ buffers/cache:       415M       1.5G
Swap:         8.0G         0B       8.0G

             total       used       free     shared    buffers     cached
Mem:          2.0G       761M       1.2G       1.4M        38M       289M
-/+ buffers/cache:       433M       1.5G
Swap:         8.0G         0B       8.0G

             total       used       free     shared    buffers     cached
Mem:          2.0G       779M       1.2G       1.4M        38M       289M
-/+ buffers/cache:       450M       1.5G
Swap:         8.0G         0B       8.0G

             total       used       free     shared    buffers     cached
Mem:          2.0G       793M       1.2G       1.4M        38M       289M
-/+ buffers/cache:       465M       1.5G
Swap:         8.0G         0B       8.0G

             total       used       free     shared    buffers     cached
Mem:          2.0G       809M       1.2G       1.4M        38M       289M
-/+ buffers/cache:       480M       1.5G
Swap:         8.0G         0B       8.0G

             total       used       free     shared    buffers     cached
Mem:          2.0G       825M       1.1G       1.4M        38M       289M
-/+ buffers/cache:       496M       1.5G
Swap:         8.0G         0B       8.0G

             total       used       free     shared    buffers     cached
Mem:          2.0G       846M       1.1G       1.4M        38M       289M
-/+ buffers/cache:       517M       1.4G
Swap:         8.0G         0B       8.0G

             total       used       free     shared    buffers     cached
Mem:          2.0G       860M       1.1G       1.4M        38M       289M
-/+ buffers/cache:       531M       1.4G
Swap:         8.0G         0B       8.0G

             total       used       free     shared    buffers     cached
Mem:          2.0G       876M       1.1G       1.4M        38M       289M
-/+ buffers/cache:       547M       1.4G
Swap:         8.0G         0B       8.0G

             total       used       free     shared    buffers     cached
Mem:          2.0G       890M       1.1G       1.4M        38M       289M
-/+ buffers/cache:       562M       1.4G
Swap:         8.0G         0B       8.0G

             total       used       free     shared    buffers     cached
Mem:          2.0G       904M       1.1G       1.4M        38M       289M
-/+ buffers/cache:       576M       1.4G
Swap:         8.0G         0B       8.0G

             total       used       free     shared    buffers     cached
Mem:          2.0G       919M       1.1G       1.4M        38M       289M
-/+ buffers/cache:       590M       1.4G
Swap:         8.0G         0B       8.0G

             total       used       free     shared    buffers     cached
Mem:          2.0G       935M       1.0G       1.4M        38M       289M
-/+ buffers/cache:       607M       1.4G
Swap:         8.0G         0B       8.0G

             total       used       free     shared    buffers     cached
Mem:          2.0G       950M       1.0G       1.4M        38M       289M
-/+ buffers/cache:       621M       1.3G
Swap:         8.0G         0B       8.0G

             total       used       free     shared    buffers     cached
Mem:          2.0G       965M       1.0G       1.4M        38M       289M
-/+ buffers/cache:       637M       1.3G
Swap:         8.0G         0B       8.0G

             total       used       free     shared    buffers     cached
Mem:          2.0G       981M       1.0G       1.4M        38M       289M
-/+ buffers/cache:       653M       1.3G
Swap:         8.0G         0B       8.0G

             total       used       free     shared    buffers     cached
Mem:          2.0G       996M       1.0G       1.4M        38M       289M
-/+ buffers/cache:       668M       1.3G
Swap:         8.0G         0B       8.0G

             total       used       free     shared    buffers     cached
Mem:          2.0G       1.0G       987M       1.4M        38M       289M
-/+ buffers/cache:       684M       1.3G
Swap:         8.0G         0B       8.0G

             total       used       free     shared    buffers     cached
Mem:          2.0G       1.0G       971M       1.4M        38M       289M
-/+ buffers/cache:       700M       1.3G
Swap:         8.0G         0B       8.0G

             total       used       free     shared    buffers     cached
Mem:          2.0G       1.0G       954M       1.4M        38M       289M
-/+ buffers/cache:       717M       1.3G
Swap:         8.0G         0B       8.0G

             total       used       free     shared    buffers     cached
Mem:          2.0G       1.0G       938M       1.4M        38M       289M
-/+ buffers/cache:       733M       1.2G
Swap:         8.0G         0B       8.0G

             total       used       free     shared    buffers     cached
Mem:          2.0G       1.1G       922M       1.4M        38M       289M
-/+ buffers/cache:       749M       1.2G
Swap:         8.0G         0B       8.0G

             total       used       free     shared    buffers     cached
Mem:          2.0G       1.1G       906M       1.4M        38M       289M
-/+ buffers/cache:       765M       1.2G
Swap:         8.0G         0B       8.0G

             total       used       free     shared    buffers     cached
Mem:          2.0G       1.1G       891M       1.4M        38M       289M
-/+ buffers/cache:       780M       1.2G
Swap:         8.0G         0B       8.0G

             total       used       free     shared    buffers     cached
Mem:          2.0G       1.1G       881M       1.4M        38M       289M
-/+ buffers/cache:       790M       1.2G
Swap:         8.0G         0B       8.0G

             total       used       free     shared    buffers     cached
Mem:          2.0G       1.1G       864M       1.4M        38M       289M
-/+ buffers/cache:       807M       1.2G
Swap:         8.0G         0B       8.0G

             total       used       free     shared    buffers     cached
Mem:          2.0G       1.1G       848M       1.4M        38M       289M
-/+ buffers/cache:       823M       1.1G
Swap:         8.0G         0B       8.0G

             total       used       free     shared    buffers     cached
Mem:          2.0G       1.1G       832M       1.4M        38M       289M
-/+ buffers/cache:       839M       1.1G
Swap:         8.0G         0B       8.0G

             total       used       free     shared    buffers     cached
Mem:          2.0G       1.2G       816M       1.4M        38M       289M
-/+ buffers/cache:       854M       1.1G
Swap:         8.0G         0B       8.0G

             total       used       free     shared    buffers     cached
Mem:          2.0G       1.2G       801M       1.4M        38M       289M
-/+ buffers/cache:       870M       1.1G
Swap:         8.0G         0B       8.0G

             total       used       free     shared    buffers     cached
Mem:          2.0G       1.2G       786M       1.4M        38M       289M
-/+ buffers/cache:       885M       1.1G
Swap:         8.0G         0B       8.0G

             total       used       free     shared    buffers     cached
Mem:          2.0G       1.2G       770M       1.4M        38M       289M
-/+ buffers/cache:       901M       1.1G
Swap:         8.0G         0B       8.0G

             total       used       free     shared    buffers     cached
Mem:          2.0G       1.2G       751M       1.4M        38M       290M
-/+ buffers/cache:       920M       1.1G
Swap:         8.0G         0B       8.0G

             total       used       free     shared    buffers     cached
Mem:          2.0G       1.2G       735M       1.4M        38M       290M
-/+ buffers/cache:       936M       1.0G
Swap:         8.0G         0B       8.0G

             total       used       free     shared    buffers     cached
Mem:          2.0G       1.3G       720M       1.4M        38M       290M
-/+ buffers/cache:       951M       1.0G
Swap:         8.0G         0B       8.0G

             total       used       free     shared    buffers     cached
Mem:          2.0G       1.3G       704M       1.4M        38M       290M
-/+ buffers/cache:       967M       1.0G
Swap:         8.0G         0B       8.0G

             total       used       free     shared    buffers     cached
Mem:          2.0G       1.3G       689M       1.4M        38M       290M
-/+ buffers/cache:       981M       1.0G
Swap:         8.0G         0B       8.0G

             total       used       free     shared    buffers     cached
Mem:          2.0G       1.3G       674M       1.4M        38M       290M
-/+ buffers/cache:       997M       1.0G
Swap:         8.0G         0B       8.0G

             total       used       free     shared    buffers     cached
Mem:          2.0G       1.3G       658M       1.4M        38M       290M
-/+ buffers/cache:       1.0G       987M
Swap:         8.0G         0B       8.0G

             total       used       free     shared    buffers     cached
Mem:          2.0G       1.3G       642M       1.4M        38M       290M
-/+ buffers/cache:       1.0G       971M
Swap:         8.0G         0B       8.0G

             total       used       free     shared    buffers     cached
Mem:          2.0G       1.3G       627M       1.4M        38M       290M
-/+ buffers/cache:       1.0G       956M
Swap:         8.0G         0B       8.0G

             total       used       free     shared    buffers     cached
Mem:          2.0G       1.4G       611M       1.4M        38M       290M
-/+ buffers/cache:       1.0G       940M
Swap:         8.0G         0B       8.0G

             total       used       free     shared    buffers     cached
Mem:          2.0G       1.4G       595M       1.4M        38M       290M
-/+ buffers/cache:       1.1G       924M
Swap:         8.0G         0B       8.0G

             total       used       free     shared    buffers     cached
Mem:          2.0G       1.4G       580M       1.4M        38M       290M
-/+ buffers/cache:       1.1G       909M
Swap:         8.0G         0B       8.0G

             total       used       free     shared    buffers     cached
Mem:          2.0G       1.4G       564M       1.4M        38M       290M
-/+ buffers/cache:       1.1G       893M
Swap:         8.0G         0B       8.0G

             total       used       free     shared    buffers     cached
Mem:          2.0G       1.4G       548M       1.4M        38M       290M
-/+ buffers/cache:       1.1G       877M
Swap:         8.0G         0B       8.0G

             total       used       free     shared    buffers     cached
Mem:          2.0G       1.4G       533M       1.4M        38M       290M
-/+ buffers/cache:       1.1G       862M
Swap:         8.0G         0B       8.0G

             total       used       free     shared    buffers     cached
Mem:          2.0G       1.4G       517M       1.4M        38M       290M
-/+ buffers/cache:       1.1G       846M
Swap:         8.0G         0B       8.0G

             total       used       free     shared    buffers     cached
Mem:          2.0G       1.5G       501M       1.4M        38M       290M
-/+ buffers/cache:       1.1G       830M
Swap:         8.0G         0B       8.0G

             total       used       free     shared    buffers     cached
Mem:          2.0G       1.5G       485M       1.4M        38M       290M
-/+ buffers/cache:       1.2G       814M
Swap:         8.0G         0B       8.0G

             total       used       free     shared    buffers     cached
Mem:          2.0G       1.5G       469M       1.4M        38M       290M
-/+ buffers/cache:       1.2G       798M
Swap:         8.0G         0B       8.0G

             total       used       free     shared    buffers     cached
Mem:          2.0G       1.5G       454M       1.4M        38M       290M
-/+ buffers/cache:       1.2G       783M
Swap:         8.0G         0B       8.0G

             total       used       free     shared    buffers     cached
Mem:          2.0G       1.5G       439M       1.4M        38M       290M
-/+ buffers/cache:       1.2G       768M
Swap:         8.0G         0B       8.0G

             total       used       free     shared    buffers     cached
Mem:          2.0G       1.5G       431M       1.4M        38M       290M
-/+ buffers/cache:       1.2G       760M
Swap:         8.0G         0B       8.0G

             total       used       free     shared    buffers     cached
Mem:          2.0G       1.5G       421M       1.4M        38M       290M
-/+ buffers/cache:       1.2G       751M
Swap:         8.0G         0B       8.0G

             total       used       free     shared    buffers     cached
Mem:          2.0G       1.6G       405M       1.4M        38M       290M
-/+ buffers/cache:       1.2G       734M
Swap:         8.0G         0B       8.0G

             total       used       free     shared    buffers     cached
Mem:          2.0G       1.6G       389M       1.4M        38M       290M
-/+ buffers/cache:       1.3G       718M
Swap:         8.0G         0B       8.0G

             total       used       free     shared    buffers     cached
Mem:          2.0G       1.6G       372M       1.4M        38M       290M
-/+ buffers/cache:       1.3G       702M
Swap:         8.0G         0B       8.0G

             total       used       free     shared    buffers     cached
Mem:          2.0G       1.6G       355M       1.4M        38M       290M
-/+ buffers/cache:       1.3G       684M
Swap:         8.0G         0B       8.0G

             total       used       free     shared    buffers     cached
Mem:          2.0G       1.6G       339M       1.4M        38M       290M
-/+ buffers/cache:       1.3G       668M
Swap:         8.0G         0B       8.0G

             total       used       free     shared    buffers     cached
Mem:          2.0G       1.6G       322M       1.4M        38M       290M
-/+ buffers/cache:       1.3G       651M
Swap:         8.0G         0B       8.0G

             total       used       free     shared    buffers     cached
Mem:          2.0G       1.7G       307M       1.4M        38M       290M
-/+ buffers/cache:       1.3G       636M
Swap:         8.0G         0B       8.0G

             total       used       free     shared    buffers     cached
Mem:          2.0G       1.7G       291M       1.4M        38M       290M
-/+ buffers/cache:       1.3G       620M
Swap:         8.0G         0B       8.0G

             total       used       free     shared    buffers     cached
Mem:          2.0G       1.7G       275M       1.4M        38M       290M
-/+ buffers/cache:       1.4G       604M
Swap:         8.0G         0B       8.0G

             total       used       free     shared    buffers     cached
Mem:          2.0G       1.7G       259M       1.4M        38M       290M
-/+ buffers/cache:       1.4G       588M
Swap:         8.0G         0B       8.0G

             total       used       free     shared    buffers     cached
Mem:          2.0G       1.7G       244M       1.4M        38M       290M
-/+ buffers/cache:       1.4G       573M
Swap:         8.0G         0B       8.0G

             total       used       free     shared    buffers     cached
Mem:          2.0G       1.7G       227M       1.4M        38M       290M
-/+ buffers/cache:       1.4G       556M
Swap:         8.0G         0B       8.0G

             total       used       free     shared    buffers     cached
Mem:          2.0G       1.7G       210M       1.4M        38M       290M
-/+ buffers/cache:       1.4G       539M
Swap:         8.0G         0B       8.0G

             total       used       free     shared    buffers     cached
Mem:          2.0G       1.8G       193M       1.4M        38M       290M
-/+ buffers/cache:       1.4G       522M
Swap:         8.0G         0B       8.0G

             total       used       free     shared    buffers     cached
Mem:          2.0G       1.8G       177M       1.4M        38M       290M
-/+ buffers/cache:       1.5G       506M
Swap:         8.0G         0B       8.0G

             total       used       free     shared    buffers     cached
Mem:          2.0G       1.8G       160M       1.4M        38M       290M
-/+ buffers/cache:       1.5G       489M
Swap:         8.0G         0B       8.0G

             total       used       free     shared    buffers     cached
Mem:          2.0G       1.8G       149M       1.4M        38M       290M
-/+ buffers/cache:       1.5G       478M
Swap:         8.0G         0B       8.0G

             total       used       free     shared    buffers     cached
Mem:          2.0G       1.8G       149M       1.4M        38M       290M
-/+ buffers/cache:       1.5G       478M
Swap:         8.0G         0B       8.0G

             total       used       free     shared    buffers     cached
Mem:          2.0G       1.8G       148M       1.4M        38M       290M
-/+ buffers/cache:       1.5G       477M
Swap:         8.0G         0B       8.0G

             total       used       free     shared    buffers     cached
Mem:          2.0G       1.8G       148M       1.4M        38M       290M
-/+ buffers/cache:       1.5G       477M
Swap:         8.0G         0B       8.0G

             total       used       free     shared    buffers     cached
Mem:          2.0G       1.8G       148M       1.4M        38M       290M
-/+ buffers/cache:       1.5G       477M
Swap:         8.0G         0B       8.0G

             total       used       free     shared    buffers     cached
Mem:          2.0G       1.8G       148M       1.4M        38M       290M
-/+ buffers/cache:       1.5G       477M
Swap:         8.0G         0B       8.0G

             total       used       free     shared    buffers     cached
Mem:          2.0G       1.8G       143M       1.4M        38M       290M
-/+ buffers/cache:       1.5G       472M
Swap:         8.0G         0B       8.0G

             total       used       free     shared    buffers     cached
Mem:          2.0G       1.8G       131M       1.4M        38M       290M
-/+ buffers/cache:       1.5G       460M
Swap:         8.0G         0B       8.0G

             total       used       free     shared    buffers     cached
Mem:          2.0G       1.8G       119M       1.4M        38M       290M
-/+ buffers/cache:       1.5G       448M
Swap:         8.0G         0B       8.0G

             total       used       free     shared    buffers     cached
Mem:          2.0G       1.8G       106M       1.4M        38M       290M
-/+ buffers/cache:       1.5G       435M
Swap:         8.0G         0B       8.0G

             total       used       free     shared    buffers     cached
Mem:          2.0G       1.9G        94M       1.4M        38M       290M
-/+ buffers/cache:       1.5G       423M
Swap:         8.0G         0B       8.0G

             total       used       free     shared    buffers     cached
Mem:          2.0G       1.9G        82M       1.4M        38M       290M
-/+ buffers/cache:       1.6G       411M
Swap:         8.0G         0B       8.0G

             total       used       free     shared    buffers     cached
Mem:          2.0G       1.9G        69M       1.4M        38M       290M
-/+ buffers/cache:       1.6G       398M
Swap:         8.0G         0B       8.0G

             total       used       free     shared    buffers     cached
Mem:          2.0G       1.9G        74M       1.4M        22M       288M
-/+ buffers/cache:       1.6G       385M
Swap:         8.0G         0B       8.0G

             total       used       free     shared    buffers     cached
Mem:          2.0G       1.9G        74M       1.4M        11M       288M
-/+ buffers/cache:       1.6G       373M
Swap:         8.0G         0B       8.0G

             total       used       free     shared    buffers     cached
Mem:          2.0G       1.9G        66M       1.4M        10M       283M
-/+ buffers/cache:       1.6G       361M
Swap:         8.0G         0B       8.0G

             total       used       free     shared    buffers     cached
Mem:          2.0G       1.9G        71M       1.4M        10M       266M
-/+ buffers/cache:       1.6G       348M
Swap:         8.0G        76K       8.0G

             total       used       free     shared    buffers     cached
Mem:          2.0G       1.9G        76M       1.2M       9.9M       247M
-/+ buffers/cache:       1.6G       334M
Swap:         8.0G       1.2M       8.0G

             total       used       free     shared    buffers     cached
Mem:          2.0G       1.9G        79M       1.1M       9.9M       232M
-/+ buffers/cache:       1.6G       322M
Swap:         8.0G       7.2M       8.0G

             total       used       free     shared    buffers     cached
Mem:          2.0G       1.9G        65M       1.1M       9.9M       232M
-/+ buffers/cache:       1.7G       308M
Swap:         8.0G       7.2M       8.0G

             total       used       free     shared    buffers     cached
Mem:          2.0G       1.9G        67M       1.1M       9.9M       223M
-/+ buffers/cache:       1.7G       300M
Swap:         8.0G       9.3M       8.0G

             total       used       free     shared    buffers     cached
Mem:          2.0G       1.9G        75M       1.0M       6.7M       204M
-/+ buffers/cache:       1.7G       287M
Swap:         8.0G        10M       8.0G

             total       used       free     shared    buffers     cached
Mem:          2.0G       1.9G        74M       1.0M       2.5M       196M
-/+ buffers/cache:       1.7G       273M
Swap:         8.0G        10M       8.0G

             total       used       free     shared    buffers     cached
Mem:          2.0G       1.9G        74M       1.0M       1.2M       184M
-/+ buffers/cache:       1.7G       260M
Swap:         8.0G        10M       8.0G

             total       used       free     shared    buffers     cached
Mem:          2.0G       1.9G        82M       1.0M       412K       163M
-/+ buffers/cache:       1.7G       246M
Swap:         8.0G        10M       8.0G

             total       used       free     shared    buffers     cached
Mem:          2.0G       1.9G        67M       1.0M       412K       163M
-/+ buffers/cache:       1.7G       231M
Swap:         8.0G        10M       8.0G

             total       used       free     shared    buffers     cached
Mem:          2.0G       1.9G        72M       1.0M       376K       143M
-/+ buffers/cache:       1.7G       216M
Swap:         8.0G        10M       8.0G

             total       used       free     shared    buffers     cached
Mem:          2.0G       1.9G        75M       1.0M        80K       126M
-/+ buffers/cache:       1.8G       202M
Swap:         8.0G        10M       8.0G

             total       used       free     shared    buffers     cached
Mem:          2.0G       1.9G        76M       1.0M        80K       111M
-/+ buffers/cache:       1.8G       188M
Swap:         8.0G        10M       8.0G

             total       used       free     shared    buffers     cached
Mem:          2.0G       1.9G        76M       1.0M        88K        98M
-/+ buffers/cache:       1.8G       175M
Swap:         8.0G        10M       8.0G

             total       used       free     shared    buffers     cached
Mem:          2.0G       1.9G        74M       1.0M       100K        86M
-/+ buffers/cache:       1.8G       161M
Swap:         8.0G        10M       8.0G

             total       used       free     shared    buffers     cached
Mem:          2.0G       1.9G        81M       1.0M       100K        67M
-/+ buffers/cache:       1.8G       148M
Swap:         8.0G        10M       8.0G

             total       used       free     shared    buffers     cached
Mem:          2.0G       1.9G        66M       1.0M       100K        67M
-/+ buffers/cache:       1.8G       133M
Swap:         8.0G        10M       8.0G

             total       used       free     shared    buffers     cached
Mem:          2.0G       1.9G        67M       1.0M       100K        51M
-/+ buffers/cache:       1.8G       119M
Swap:         8.0G        10M       8.0G

             total       used       free     shared    buffers     cached
Mem:          2.0G       1.9G        69M       1.0M       524K        36M
-/+ buffers/cache:       1.8G       106M
Swap:         8.0G        10M       8.0G

             total       used       free     shared    buffers     cached
Mem:          2.0G       1.9G        70M       1.0M       524K        21M
-/+ buffers/cache:       1.9G        92M
Swap:         8.0G        10M       8.0G

             total       used       free     shared    buffers     cached
Mem:          2.0G       1.9G        70M       1.0M       524K       7.3M
-/+ buffers/cache:       1.9G        78M
Swap:         8.0G        10M       8.0G

             total       used       free     shared    buffers     cached
Mem:          2.0G       1.9G        69M       1.0M       516K       2.9M
-/+ buffers/cache:       1.9G        72M
Swap:         8.0G        22M       8.0G

             total       used       free     shared    buffers     cached
Mem:          2.0G       1.9G        68M       760K       516K       2.7M
-/+ buffers/cache:       1.9G        71M
Swap:         8.0G        40M       8.0G

             total       used       free     shared    buffers     cached
Mem:          2.0G       1.9G        66M       724K       516K       2.2M
-/+ buffers/cache:       1.9G        69M
Swap:         8.0G        52M       7.9G

             total       used       free     shared    buffers     cached
Mem:          2.0G       1.9G        65M       724K       524K       2.2M
-/+ buffers/cache:       1.9G        68M
Swap:         8.0G        61M       7.9G

             total       used       free     shared    buffers     cached
Mem:          2.0G       1.9G        65M       672K       524K       2.0M
-/+ buffers/cache:       1.9G        67M
Swap:         8.0G        79M       7.9G

             total       used       free     shared    buffers     cached
Mem:          2.0G       1.9G        68M       672K       524K       1.9M
-/+ buffers/cache:       1.9G        71M
Swap:         8.0G        92M       7.9G

             total       used       free     shared    buffers     cached
Mem:          2.0G       1.9G        75M       668K       524K       1.9M
-/+ buffers/cache:       1.9G        78M
Swap:         8.0G       142M       7.9G

             total       used       free     shared    buffers     cached
Mem:          2.0G       1.9G        75M       644K       524K       1.9M
-/+ buffers/cache:       1.9G        77M
Swap:         8.0G       142M       7.9G

             total       used       free     shared    buffers     cached
Mem:          2.0G       1.9G        75M       644K       532K       1.9M
-/+ buffers/cache:       1.9G        78M
Swap:         8.0G       142M       7.9G

             total       used       free     shared    buffers     cached
Mem:          2.0G       1.9G        69M       644K       524K       1.9M
-/+ buffers/cache:       1.9G        72M
Swap:         8.0G       147M       7.9G

             total       used       free     shared    buffers     cached
Mem:          2.0G       1.9G        73M       576K       480K       1.8M
-/+ buffers/cache:       1.9G        76M
Swap:         8.0G       182M       7.8G

             total       used       free     shared    buffers     cached
Mem:          2.0G       1.9G        74M       568K       480K       1.9M
-/+ buffers/cache:       1.9G        77M
Swap:         8.0G       182M       7.8G

             total       used       free     shared    buffers     cached
Mem:          2.0G       1.9G        65M       568K        76K        17M
-/+ buffers/cache:       1.9G        82M
Swap:         8.0G       215M       7.8G

             total       used       free     shared    buffers     cached
Mem:          2.0G       1.9G        75M       564K       544K        15M
-/+ buffers/cache:       1.9G        92M
Swap:         8.0G       243M       7.8G

             total       used       free     shared    buffers     cached
Mem:          2.0G       1.9G        69M       536K       544K        17M
-/+ buffers/cache:       1.9G        86M
Swap:         8.0G       242M       7.8G

             total       used       free     shared    buffers     cached
Mem:          2.0G       1.9G        83M       536K       544K        15M
-/+ buffers/cache:       1.9G       100M
Swap:         8.0G       241M       7.8G

             total       used       free     shared    buffers     cached
Mem:          2.0G       1.9G        77M       536K       544K        15M
-/+ buffers/cache:       1.9G        94M
Swap:         8.0G       241M       7.8G

             total       used       free     shared    buffers     cached
Mem:          2.0G       1.9G        74M       536K        92K       5.1M
-/+ buffers/cache:       1.9G        79M
Swap:         8.0G       242M       7.8G

             total       used       free     shared    buffers     cached
Mem:          2.0G       1.9G        65M       536K       216K       7.1M
-/+ buffers/cache:       1.9G        73M
Swap:         8.0G       278M       7.7G

             total       used       free     shared    buffers     cached
Mem:          2.0G       1.9G        65M       536K       484K        19M
-/+ buffers/cache:       1.9G        85M
Swap:         8.0G       281M       7.7G

             total       used       free     shared    buffers     cached
Mem:          2.0G       1.9G        88M       540K        92K        22M
-/+ buffers/cache:       1.8G       110M
Swap:         8.0G       322M       7.7G

             total       used       free     shared    buffers     cached
Mem:          2.0G       1.9G        80M       540K        96K        22M
-/+ buffers/cache:       1.9G       103M
Swap:         8.0G       322M       7.7G

             total       used       free     shared    buffers     cached
Mem:          2.0G       1.9G        79M       540K        96K        22M
-/+ buffers/cache:       1.9G       101M
Swap:         8.0G       322M       7.7G

             total       used       free     shared    buffers     cached
Mem:          2.0G       1.9G        78M       540K       104K        22M
-/+ buffers/cache:       1.9G       101M
Swap:         8.0G       321M       7.7G

             total       used       free     shared    buffers     cached
Mem:          2.0G       1.9G        77M       540K       104K        22M
-/+ buffers/cache:       1.9G        99M
Swap:         8.0G       321M       7.7G

             total       used       free     shared    buffers     cached
Mem:          2.0G       1.9G        76M       540K       104K        22M
-/+ buffers/cache:       1.9G        98M
Swap:         8.0G       320M       7.7G

             total       used       free     shared    buffers     cached
Mem:          2.0G       1.9G        75M       540K       104K        22M
-/+ buffers/cache:       1.9G        97M
Swap:         8.0G       319M       7.7G

             total       used       free     shared    buffers     cached
Mem:          2.0G       1.9G        73M       540K       236K        23M
-/+ buffers/cache:       1.9G        96M
Swap:         8.0G       319M       7.7G

             total       used       free     shared    buffers     cached
Mem:          2.0G       1.9G        70M       540K       236K        24M
-/+ buffers/cache:       1.9G        95M
Swap:         8.0G       318M       7.7G

             total       used       free     shared    buffers     cached
Mem:          2.0G       1.9G        69M       540K       244K        24M
-/+ buffers/cache:       1.9G        93M
Swap:         8.0G       317M       7.7G

             total       used       free     shared    buffers     cached
Mem:          2.0G       1.9G        68M       540K       244K        24M
-/+ buffers/cache:       1.9G        92M
Swap:         8.0G       317M       7.7G

             total       used       free     shared    buffers     cached
Mem:          2.0G       1.9G        67M       540K       244K        24M
-/+ buffers/cache:       1.9G        92M
Swap:         8.0G       316M       7.7G

             total       used       free     shared    buffers     cached
Mem:          2.0G       1.9G        66M       540K       244K        24M
-/+ buffers/cache:       1.9G        91M
Swap:         8.0G       316M       7.7G

             total       used       free     shared    buffers     cached
Mem:          2.0G       1.9G        65M       540K       248K        24M
-/+ buffers/cache:       1.9G        90M
Swap:         8.0G       315M       7.7G

             total       used       free     shared    buffers     cached
Mem:          2.0G       1.9G        75M       540K       544K        22M
-/+ buffers/cache:       1.9G        98M
Swap:         8.0G       330M       7.7G

             total       used       free     shared    buffers     cached
Mem:          2.0G       1.9G        68M       540K       548K        28M
-/+ buffers/cache:       1.9G        97M
Swap:         8.0G       329M       7.7G

             total       used       free     shared    buffers     cached
Mem:          2.0G       1.9G        67M       540K       548K        28M
-/+ buffers/cache:       1.9G        96M
Swap:         8.0G       328M       7.7G

             total       used       free     shared    buffers     cached
Mem:          2.0G       1.9G        66M       540K       548K        28M
-/+ buffers/cache:       1.9G        95M
Swap:         8.0G       328M       7.7G

             total       used       free     shared    buffers     cached
Mem:          2.0G       1.9G        65M       540K       548K        28M
-/+ buffers/cache:       1.9G        94M
Swap:         8.0G       327M       7.7G

             total       used       free     shared    buffers     cached
Mem:          2.0G       1.9G        79M       536K       556K        28M
-/+ buffers/cache:       1.8G       107M
Swap:         8.0G       326M       7.7G

             total       used       free     shared    buffers     cached
Mem:          2.0G       1.9G        78M       536K       568K        28M
-/+ buffers/cache:       1.8G       106M
Swap:         8.0G       326M       7.7G

             total       used       free     shared    buffers     cached
Mem:          2.0G       1.9G        77M       536K       568K        28M
-/+ buffers/cache:       1.9G       105M
Swap:         8.0G       325M       7.7G

             total       used       free     shared    buffers     cached
Mem:          2.0G       1.9G        75M       536K       568K        28M
-/+ buffers/cache:       1.9G       104M
Swap:         8.0G       325M       7.7G

             total       used       free     shared    buffers     cached
Mem:          2.0G       1.9G        74M       536K       568K        28M
-/+ buffers/cache:       1.9G       103M
Swap:         8.0G       324M       7.7G

             total       used       free     shared    buffers     cached
Mem:          2.0G       1.9G        73M       536K       568K        28M
-/+ buffers/cache:       1.9G       102M
Swap:         8.0G       324M       7.7G

             total       used       free     shared    buffers     cached
Mem:          2.0G       1.9G        72M       536K       576K        28M
-/+ buffers/cache:       1.9G       101M
Swap:         8.0G       323M       7.7G

             total       used       free     shared    buffers     cached
Mem:          2.0G       1.9G        71M       536K       576K        28M
-/+ buffers/cache:       1.9G       100M
Swap:         8.0G       322M       7.7G

             total       used       free     shared    buffers     cached
Mem:          2.0G       1.9G        70M       536K       576K        28M
-/+ buffers/cache:       1.9G        99M
Swap:         8.0G       322M       7.7G

             total       used       free     shared    buffers     cached
Mem:          2.0G       1.9G        69M       536K       576K        28M
-/+ buffers/cache:       1.9G        98M
Swap:         8.0G       321M       7.7G

             total       used       free     shared    buffers     cached
Mem:          2.0G       1.9G        68M       536K       576K        28M
-/+ buffers/cache:       1.9G        97M
Swap:         8.0G       321M       7.7G

             total       used       free     shared    buffers     cached
Mem:          2.0G       1.9G        67M       536K       584K        28M
-/+ buffers/cache:       1.9G        96M
Swap:         8.0G       320M       7.7G

             total       used       free     shared    buffers     cached
Mem:          2.0G       1.9G        66M       536K       584K        28M
-/+ buffers/cache:       1.9G        95M
Swap:         8.0G       319M       7.7G

             total       used       free     shared    buffers     cached
Mem:          2.0G       1.9G        65M       536K       584K        28M
-/+ buffers/cache:       1.9G        94M
Swap:         8.0G       319M       7.7G

             total       used       free     shared    buffers     cached
Mem:          2.0G       1.9G        64M       536K       584K        28M
-/+ buffers/cache:       1.9G        93M
Swap:         8.0G       318M       7.7G

             total       used       free     shared    buffers     cached
Mem:          2.0G       1.9G        79M       536K       584K        26M
-/+ buffers/cache:       1.8G       106M
Swap:         8.0G       347M       7.7G

             total       used       free     shared    buffers     cached
Mem:          2.0G       1.9G        78M       536K       584K        26M
-/+ buffers/cache:       1.9G       105M
Swap:         8.0G       346M       7.7G

             total       used       free     shared    buffers     cached
Mem:          2.0G       1.9G        77M       536K       592K        26M
-/+ buffers/cache:       1.9G       103M
Swap:         8.0G       345M       7.7G

             total       used       free     shared    buffers     cached
Mem:          2.0G       1.9G        75M       536K       592K        26M
-/+ buffers/cache:       1.9G       102M
Swap:         8.0G       344M       7.7G

             total       used       free     shared    buffers     cached
Mem:          2.0G       1.9G        74M       536K       592K        26M
-/+ buffers/cache:       1.9G       101M
Swap:         8.0G       343M       7.7G

             total       used       free     shared    buffers     cached
Mem:          2.0G       1.9G        73M       536K       592K        26M
-/+ buffers/cache:       1.9G       100M
Swap:         8.0G       343M       7.7G

             total       used       free     shared    buffers     cached
Mem:          2.0G       1.9G        72M       536K       592K        26M
-/+ buffers/cache:       1.9G        99M
Swap:         8.0G       342M       7.7G

             total       used       free     shared    buffers     cached
Mem:          2.0G       1.9G        71M       536K       600K        26M
-/+ buffers/cache:       1.9G        98M
Swap:         8.0G       341M       7.7G

             total       used       free     shared    buffers     cached
Mem:          2.0G       1.9G        70M       536K       600K        26M
-/+ buffers/cache:       1.9G        97M
Swap:         8.0G       340M       7.7G

             total       used       free     shared    buffers     cached
Mem:          2.0G       1.9G        69M       536K       600K        26M
-/+ buffers/cache:       1.9G        96M
Swap:         8.0G       340M       7.7G

             total       used       free     shared    buffers     cached
Mem:          2.0G       1.9G        68M       536K       600K        26M
-/+ buffers/cache:       1.9G        95M
Swap:         8.0G       339M       7.7G

             total       used       free     shared    buffers     cached
Mem:          2.0G       1.9G        67M       536K       600K        26M
-/+ buffers/cache:       1.9G        94M
Swap:         8.0G       338M       7.7G

             total       used       free     shared    buffers     cached
Mem:          2.0G       1.9G        66M       536K       600K        26M
-/+ buffers/cache:       1.9G        93M
Swap:         8.0G       337M       7.7G

             total       used       free     shared    buffers     cached
Mem:          2.0G       1.9G        65M       536K       608K        26M
-/+ buffers/cache:       1.9G        92M
Swap:         8.0G       337M       7.7G

             total       used       free     shared    buffers     cached
Mem:          2.0G       1.9G        77M       536K       608K        25M
-/+ buffers/cache:       1.9G       103M
Swap:         8.0G       337M       7.7G

             total       used       free     shared    buffers     cached
Mem:          2.0G       1.9G        76M       536K       608K        25M
-/+ buffers/cache:       1.9G       102M
Swap:         8.0G       337M       7.7G

             total       used       free     shared    buffers     cached
Mem:          2.0G       1.9G        75M       536K       608K        25M
-/+ buffers/cache:       1.9G       101M
Swap:         8.0G       336M       7.7G

             total       used       free     shared    buffers     cached
Mem:          2.0G       1.9G        74M       536K       608K        25M
-/+ buffers/cache:       1.9G       100M
Swap:         8.0G       335M       7.7G

             total       used       free     shared    buffers     cached
Mem:          2.0G       1.9G        68M       536K       616K        30M
-/+ buffers/cache:       1.9G        99M
Swap:         8.0G       335M       7.7G

             total       used       free     shared    buffers     cached
Mem:          2.0G       1.9G        66M       536K       932K        30M
-/+ buffers/cache:       1.9G        98M
Swap:         8.0G       334M       7.7G

             total       used       free     shared    buffers     cached
Mem:          2.0G       1.9G        65M       536K       932K        30M
-/+ buffers/cache:       1.9G        96M
Swap:         8.0G       333M       7.7G

             total       used       free     shared    buffers     cached
Mem:          2.0G       1.9G        78M       536K       932K        28M
-/+ buffers/cache:       1.8G       107M
Swap:         8.0G       354M       7.7G

             total       used       free     shared    buffers     cached
Mem:          2.0G       1.9G        68M       536K       2.3M        33M
-/+ buffers/cache:       1.9G       104M
Swap:         8.0G       353M       7.7G

             total       used       free     shared    buffers     cached
Mem:          2.0G       1.9G        69M       584K       6.4M        42M
-/+ buffers/cache:       1.8G       119M
Swap:         8.0G       384M       7.6G
