             total       used       free     shared    buffers     cached
Mem:          992M       659M       332M       3.2M        38M       289M
-/+ buffers/cache:       331M       660M
Swap:         8.0G         0B       8.0G

             total       used       free     shared    buffers     cached
Mem:          992M       659M       333M       3.2M        38M       289M
-/+ buffers/cache:       330M       661M
Swap:         8.0G         0B       8.0G

             total       used       free     shared    buffers     cached
Mem:          992M       659M       333M       3.2M        38M       289M
-/+ buffers/cache:       330M       661M
Swap:         8.0G         0B       8.0G

             total       used       free     shared    buffers     cached
Mem:          992M       659M       333M       3.2M        38M       289M
-/+ buffers/cache:       330M       661M
Swap:         8.0G         0B       8.0G

             total       used       free     shared    buffers     cached
Mem:          992M       659M       333M       3.2M        38M       289M
-/+ buffers/cache:       330M       661M
Swap:         8.0G         0B       8.0G

             total       used       free     shared    buffers     cached
Mem:          992M       659M       333M       3.2M        38M       289M
-/+ buffers/cache:       330M       661M
Swap:         8.0G         0B       8.0G

             total       used       free     shared    buffers     cached
Mem:          992M       659M       333M       3.2M        38M       289M
-/+ buffers/cache:       330M       661M
Swap:         8.0G         0B       8.0G

             total       used       free     shared    buffers     cached
Mem:          992M       658M       333M       3.2M        38M       289M
-/+ buffers/cache:       330M       662M
Swap:         8.0G         0B       8.0G

             total       used       free     shared    buffers     cached
Mem:          992M       658M       333M       3.2M        38M       289M
-/+ buffers/cache:       329M       662M
Swap:         8.0G         0B       8.0G

             total       used       free     shared    buffers     cached
Mem:          992M       658M       333M       3.2M        38M       289M
-/+ buffers/cache:       329M       662M
Swap:         8.0G         0B       8.0G

             total       used       free     shared    buffers     cached
Mem:          992M       658M       333M       3.2M        38M       289M
-/+ buffers/cache:       329M       662M
Swap:         8.0G         0B       8.0G

             total       used       free     shared    buffers     cached
Mem:          992M       664M       328M       3.2M        38M       290M
-/+ buffers/cache:       334M       657M
Swap:         8.0G         0B       8.0G

             total       used       free     shared    buffers     cached
Mem:          992M       689M       302M       3.2M        38M       290M
-/+ buffers/cache:       360M       631M
Swap:         8.0G         0B       8.0G

             total       used       free     shared    buffers     cached
Mem:          992M       667M       324M       3.2M        38M       291M
-/+ buffers/cache:       337M       654M
Swap:         8.0G         0B       8.0G

             total       used       free     shared    buffers     cached
Mem:          992M       667M       324M       3.2M        38M       291M
-/+ buffers/cache:       337M       654M
Swap:         8.0G         0B       8.0G

             total       used       free     shared    buffers     cached
Mem:          992M       668M       323M       3.2M        38M       291M
-/+ buffers/cache:       337M       654M
Swap:         8.0G         0B       8.0G

             total       used       free     shared    buffers     cached
Mem:          992M       668M       323M       3.2M        38M       291M
-/+ buffers/cache:       337M       654M
Swap:         8.0G         0B       8.0G

             total       used       free     shared    buffers     cached
Mem:          992M       668M       323M       3.2M        38M       291M
-/+ buffers/cache:       337M       654M
Swap:         8.0G         0B       8.0G

             total       used       free     shared    buffers     cached
Mem:          992M       668M       323M       3.2M        38M       291M
-/+ buffers/cache:       337M       654M
Swap:         8.0G         0B       8.0G

             total       used       free     shared    buffers     cached
Mem:          992M       668M       323M       3.2M        38M       291M
-/+ buffers/cache:       337M       654M
Swap:         8.0G         0B       8.0G

             total       used       free     shared    buffers     cached
Mem:          992M       668M       323M       3.2M        38M       291M
-/+ buffers/cache:       337M       654M
Swap:         8.0G         0B       8.0G

             total       used       free     shared    buffers     cached
Mem:          992M       668M       323M       3.2M        38M       291M
-/+ buffers/cache:       338M       654M
Swap:         8.0G         0B       8.0G

             total       used       free     shared    buffers     cached
Mem:          992M       668M       323M       3.2M        38M       291M
-/+ buffers/cache:       338M       654M
Swap:         8.0G         0B       8.0G

             total       used       free     shared    buffers     cached
Mem:          992M       668M       323M       3.2M        38M       291M
-/+ buffers/cache:       338M       654M
Swap:         8.0G         0B       8.0G

             total       used       free     shared    buffers     cached
Mem:          992M       668M       323M       3.2M        38M       291M
-/+ buffers/cache:       338M       654M
Swap:         8.0G         0B       8.0G

             total       used       free     shared    buffers     cached
Mem:          992M       668M       323M       3.2M        38M       291M
-/+ buffers/cache:       338M       654M
Swap:         8.0G         0B       8.0G

             total       used       free     shared    buffers     cached
Mem:          992M       668M       323M       3.2M        38M       291M
-/+ buffers/cache:       338M       654M
Swap:         8.0G         0B       8.0G

             total       used       free     shared    buffers     cached
Mem:          992M       668M       323M       3.2M        38M       291M
-/+ buffers/cache:       338M       654M
Swap:         8.0G         0B       8.0G

             total       used       free     shared    buffers     cached
Mem:          992M       668M       323M       3.2M        38M       291M
-/+ buffers/cache:       338M       654M
Swap:         8.0G         0B       8.0G

             total       used       free     shared    buffers     cached
Mem:          992M       668M       323M       3.2M        38M       291M
-/+ buffers/cache:       338M       654M
Swap:         8.0G         0B       8.0G

             total       used       free     shared    buffers     cached
Mem:          992M       668M       323M       3.2M        38M       291M
-/+ buffers/cache:       338M       654M
Swap:         8.0G         0B       8.0G

             total       used       free     shared    buffers     cached
Mem:          992M       668M       323M       3.2M        38M       291M
-/+ buffers/cache:       338M       654M
Swap:         8.0G         0B       8.0G

             total       used       free     shared    buffers     cached
Mem:          992M       668M       323M       3.2M        38M       291M
-/+ buffers/cache:       338M       654M
Swap:         8.0G         0B       8.0G

             total       used       free     shared    buffers     cached
Mem:          992M       673M       318M       3.2M        38M       291M
-/+ buffers/cache:       343M       648M
Swap:         8.0G         0B       8.0G

             total       used       free     shared    buffers     cached
Mem:          992M       689M       302M       3.2M        38M       291M
-/+ buffers/cache:       359M       633M
Swap:         8.0G         0B       8.0G

             total       used       free     shared    buffers     cached
Mem:          992M       706M       285M       3.2M        38M       291M
-/+ buffers/cache:       376M       615M
Swap:         8.0G         0B       8.0G

             total       used       free     shared    buffers     cached
Mem:          992M       721M       270M       3.2M        38M       291M
-/+ buffers/cache:       391M       600M
Swap:         8.0G         0B       8.0G

             total       used       free     shared    buffers     cached
Mem:          992M       738M       253M       3.2M        38M       291M
-/+ buffers/cache:       408M       583M
Swap:         8.0G         0B       8.0G

             total       used       free     shared    buffers     cached
Mem:          992M       752M       239M       3.2M        38M       291M
-/+ buffers/cache:       422M       569M
Swap:         8.0G         0B       8.0G

             total       used       free     shared    buffers     cached
Mem:          992M       766M       225M       3.2M        38M       291M
-/+ buffers/cache:       436M       555M
Swap:         8.0G         0B       8.0G

             total       used       free     shared    buffers     cached
Mem:          992M       781M       210M       3.2M        38M       291M
-/+ buffers/cache:       450M       541M
Swap:         8.0G         0B       8.0G

             total       used       free     shared    buffers     cached
Mem:          992M       795M       196M       3.2M        38M       291M
-/+ buffers/cache:       464M       527M
Swap:         8.0G         0B       8.0G

             total       used       free     shared    buffers     cached
Mem:          992M       812M       179M       3.2M        38M       291M
-/+ buffers/cache:       481M       510M
Swap:         8.0G         0B       8.0G

             total       used       free     shared    buffers     cached
Mem:          992M       827M       164M       3.2M        38M       291M
-/+ buffers/cache:       497M       495M
Swap:         8.0G         0B       8.0G

             total       used       free     shared    buffers     cached
Mem:          992M       842M       149M       3.2M        38M       291M
-/+ buffers/cache:       512M       480M
Swap:         8.0G         0B       8.0G

             total       used       free     shared    buffers     cached
Mem:          992M       857M       134M       3.2M        38M       291M
-/+ buffers/cache:       527M       465M
Swap:         8.0G         0B       8.0G

             total       used       free     shared    buffers     cached
Mem:          992M       872M       119M       3.2M        38M       291M
-/+ buffers/cache:       541M       450M
Swap:         8.0G         0B       8.0G

             total       used       free     shared    buffers     cached
Mem:          992M       887M       104M       3.2M        38M       291M
-/+ buffers/cache:       557M       435M
Swap:         8.0G         0B       8.0G

             total       used       free     shared    buffers     cached
Mem:          992M       899M        92M       3.2M        38M       291M
-/+ buffers/cache:       569M       423M
Swap:         8.0G         0B       8.0G

             total       used       free     shared    buffers     cached
Mem:          992M       915M        76M       3.2M        38M       291M
-/+ buffers/cache:       585M       407M
Swap:         8.0G         0B       8.0G

             total       used       free     shared    buffers     cached
Mem:          992M       930M        61M       3.2M        38M       291M
-/+ buffers/cache:       600M       391M
Swap:         8.0G         0B       8.0G

             total       used       free     shared    buffers     cached
Mem:          992M       930M        62M       3.2M        23M       290M
-/+ buffers/cache:       616M       375M
Swap:         8.0G         0B       8.0G

             total       used       free     shared    buffers     cached
Mem:          992M       925M        66M       3.2M        10M       283M
-/+ buffers/cache:       631M       360M
Swap:         8.0G         0B       8.0G

             total       used       free     shared    buffers     cached
Mem:          992M       923M        69M       3.2M        10M       266M
-/+ buffers/cache:       646M       345M
Swap:         8.0G       112K       8.0G

             total       used       free     shared    buffers     cached
Mem:          992M       917M        74M       3.1M       9.8M       246M
-/+ buffers/cache:       661M       330M
Swap:         8.0G       208K       8.0G

             total       used       free     shared    buffers     cached
Mem:          992M       919M        72M       3.1M       9.8M       233M
-/+ buffers/cache:       675M       316M
Swap:         8.0G       3.2M       8.0G

             total       used       free     shared    buffers     cached
Mem:          992M       926M        66M       3.0M       9.8M       227M
-/+ buffers/cache:       688M       303M
Swap:         8.0G       3.2M       8.0G

             total       used       free     shared    buffers     cached
Mem:          992M       924M        67M       3.0M       9.8M       213M
-/+ buffers/cache:       701M       291M
Swap:         8.0G       5.6M       8.0G

             total       used       free     shared    buffers     cached
Mem:          992M       919M        73M       3.0M       2.6M       200M
-/+ buffers/cache:       716M       275M
Swap:         8.0G       5.6M       8.0G

             total       used       free     shared    buffers     cached
Mem:          992M       920M        71M       3.0M       1.2M       189M
-/+ buffers/cache:       729M       262M
Swap:         8.0G       5.6M       8.0G

             total       used       free     shared    buffers     cached
Mem:          992M       910M        81M       3.0M       232K       167M
-/+ buffers/cache:       742M       249M
Swap:         8.0G       5.6M       8.0G

             total       used       free     shared    buffers     cached
Mem:          992M       925M        66M       3.0M       240K       167M
-/+ buffers/cache:       757M       234M
Swap:         8.0G       5.6M       8.0G

             total       used       free     shared    buffers     cached
Mem:          992M       920M        71M       3.0M       236K       148M
-/+ buffers/cache:       772M       219M
Swap:         8.0G       5.6M       8.0G

             total       used       free     shared    buffers     cached
Mem:          992M       914M        77M       3.0M       108K       130M
-/+ buffers/cache:       783M       208M
Swap:         8.0G       5.6M       8.0G

             total       used       free     shared    buffers     cached
Mem:          992M       925M        66M       3.0M       120K       130M
-/+ buffers/cache:       795M       197M
Swap:         8.0G       5.6M       8.0G

             total       used       free     shared    buffers     cached
Mem:          992M       924M        67M       3.0M        76K       115M
-/+ buffers/cache:       808M       183M
Swap:         8.0G       5.6M       8.0G

             total       used       free     shared    buffers     cached
Mem:          992M       924M        67M       3.0M        76K       102M
-/+ buffers/cache:       821M       170M
Swap:         8.0G       5.6M       8.0G

             total       used       free     shared    buffers     cached
Mem:          992M       921M        70M       3.0M        84K        86M
-/+ buffers/cache:       835M       156M
Swap:         8.0G       5.6M       8.0G

             total       used       free     shared    buffers     cached
Mem:          992M       917M        75M       3.0M        84K        66M
-/+ buffers/cache:       850M       142M
Swap:         8.0G       5.6M       8.0G

             total       used       free     shared    buffers     cached
Mem:          992M       917M        74M       3.0M        84K        52M
-/+ buffers/cache:       865M       127M
Swap:         8.0G       5.6M       8.0G

             total       used       free     shared    buffers     cached
Mem:          992M       920M        72M       3.0M       232K        39M
-/+ buffers/cache:       880M       112M
Swap:         8.0G       5.6M       8.0G

             total       used       free     shared    buffers     cached
Mem:          992M       928M        63M       3.0M       2.7M        31M
-/+ buffers/cache:       894M        97M
Swap:         8.0G       5.8M       8.0G

             total       used       free     shared    buffers     cached
Mem:          992M       920M        71M       2.8M       2.7M        14M
-/+ buffers/cache:       903M        88M
Swap:         8.0G        15M       8.0G

             total       used       free     shared    buffers     cached
Mem:          992M       920M        71M       2.8M       148K       9.4M
-/+ buffers/cache:       911M        81M
Swap:         8.0G        15M       8.0G

             total       used       free     shared    buffers     cached
Mem:          992M       927M        65M       2.8M       368K       6.1M
-/+ buffers/cache:       920M        71M
Swap:         8.0G        16M       8.0G

             total       used       free     shared    buffers     cached
Mem:          992M       923M        68M       2.5M       368K       4.7M
-/+ buffers/cache:       918M        73M
Swap:         8.0G        43M       8.0G

             total       used       free     shared    buffers     cached
Mem:          992M       920M        71M       2.5M       368K       4.7M
-/+ buffers/cache:       915M        76M
Swap:         8.0G        44M       8.0G

             total       used       free     shared    buffers     cached
Mem:          992M       919M        73M       2.5M       368K       4.5M
-/+ buffers/cache:       914M        77M
Swap:         8.0G        62M       7.9G

             total       used       free     shared    buffers     cached
Mem:          992M       915M        76M       2.4M       364K       4.4M
-/+ buffers/cache:       910M        81M
Swap:         8.0G        81M       7.9G

             total       used       free     shared    buffers     cached
Mem:          992M       927M        64M       2.5M       364K       4.4M
-/+ buffers/cache:       923M        69M
Swap:         8.0G        81M       7.9G

             total       used       free     shared    buffers     cached
Mem:          992M       928M        64M       2.5M       364K       4.7M
-/+ buffers/cache:       923M        69M
Swap:         8.0G        89M       7.9G

             total       used       free     shared    buffers     cached
Mem:          992M       928M        63M       2.4M       364K       4.7M
-/+ buffers/cache:       923M        68M
Swap:         8.0G       120M       7.9G

             total       used       free     shared    buffers     cached
Mem:          992M       928M        64M       2.4M       364K       4.7M
-/+ buffers/cache:       923M        69M
Swap:         8.0G       120M       7.9G

             total       used       free     shared    buffers     cached
Mem:          992M       921M        70M       2.4M       372K       4.6M
-/+ buffers/cache:       916M        75M
Swap:         8.0G       134M       7.9G

             total       used       free     shared    buffers     cached
Mem:          992M       912M        79M       2.4M       372K       4.5M
-/+ buffers/cache:       907M        84M
Swap:         8.0G       162M       7.8G

             total       used       free     shared    buffers     cached
Mem:          992M       924M        67M       2.4M       372K       4.5M
-/+ buffers/cache:       919M        72M
Swap:         8.0G       162M       7.8G

             total       used       free     shared    buffers     cached
Mem:          992M       920M        71M       2.4M       344K       4.7M
-/+ buffers/cache:       915M        76M
Swap:         8.0G       178M       7.8G

             total       used       free     shared    buffers     cached
Mem:          992M       920M        72M       2.4M       344K       4.6M
-/+ buffers/cache:       915M        77M
Swap:         8.0G       189M       7.8G

             total       used       free     shared    buffers     cached
Mem:          992M       920M        72M       2.4M       352K       4.5M
-/+ buffers/cache:       915M        76M
Swap:         8.0G       210M       7.8G

             total       used       free     shared    buffers     cached
Mem:          992M       930M        61M       2.4M       352K       4.5M
-/+ buffers/cache:       926M        66M
Swap:         8.0G       210M       7.8G

             total       used       free     shared    buffers     cached
Mem:          992M       930M        61M       2.4M       352K       4.5M
-/+ buffers/cache:       926M        66M
Swap:         8.0G       210M       7.8G

             total       used       free     shared    buffers     cached
Mem:          992M       920M        71M       2.3M       312K       4.5M
-/+ buffers/cache:       915M        76M
Swap:         8.0G       239M       7.8G

             total       used       free     shared    buffers     cached
Mem:          992M       920M        71M       2.3M       252K       4.4M
-/+ buffers/cache:       915M        76M
Swap:         8.0G       242M       7.8G

             total       used       free     shared    buffers     cached
Mem:          992M       929M        63M       2.3M       260K       4.4M
-/+ buffers/cache:       924M        67M
Swap:         8.0G       242M       7.8G

             total       used       free     shared    buffers     cached
Mem:          992M       912M        79M       2.3M        88K       4.4M
-/+ buffers/cache:       907M        84M
Swap:         8.0G       275M       7.7G

             total       used       free     shared    buffers     cached
Mem:          992M       918M        74M       2.3M        88K       4.4M
-/+ buffers/cache:       913M        78M
Swap:         8.0G       275M       7.7G

             total       used       free     shared    buffers     cached
Mem:          992M       922M        69M       2.3M        88K       4.5M
-/+ buffers/cache:       917M        74M
Swap:         8.0G       275M       7.7G

             total       used       free     shared    buffers     cached
Mem:          992M       927M        64M       2.3M        88K       4.5M
-/+ buffers/cache:       923M        68M
Swap:         8.0G       275M       7.7G

             total       used       free     shared    buffers     cached
Mem:          992M       920M        71M       2.3M        84K       4.5M
-/+ buffers/cache:       915M        76M
Swap:         8.0G       278M       7.7G

             total       used       free     shared    buffers     cached
Mem:          992M       923M        68M       2.3M        92K       4.5M
-/+ buffers/cache:       918M        73M
Swap:         8.0G       278M       7.7G

             total       used       free     shared    buffers     cached
Mem:          992M       928M        63M       2.3M        92K       4.5M
-/+ buffers/cache:       923M        68M
Swap:         8.0G       278M       7.7G

             total       used       free     shared    buffers     cached
Mem:          992M       919M        72M       2.3M        92K       4.5M
-/+ buffers/cache:       915M        76M
Swap:         8.0G       305M       7.7G

             total       used       free     shared    buffers     cached
Mem:          992M       924M        67M       2.3M        92K       4.5M
-/+ buffers/cache:       920M        71M
Swap:         8.0G       305M       7.7G

             total       used       free     shared    buffers     cached
Mem:          992M       929M        62M       2.3M        92K       4.5M
-/+ buffers/cache:       925M        67M
Swap:         8.0G       305M       7.7G

             total       used       free     shared    buffers     cached
Mem:          992M       922M        69M       2.3M       100K       4.5M
-/+ buffers/cache:       917M        74M
Swap:         8.0G       305M       7.7G

             total       used       free     shared    buffers     cached
Mem:          992M       926M        65M       2.3M       100K       4.5M
-/+ buffers/cache:       922M        70M
Swap:         8.0G       305M       7.7G

             total       used       free     shared    buffers     cached
Mem:          992M       930M        61M       2.3M       100K       4.5M
-/+ buffers/cache:       926M        66M
Swap:         8.0G       305M       7.7G

             total       used       free     shared    buffers     cached
Mem:          992M       918M        73M       2.3M        88K       4.5M
-/+ buffers/cache:       914M        78M
Swap:         8.0G       322M       7.7G

             total       used       free     shared    buffers     cached
Mem:          992M       922M        69M       2.3M        88K       4.5M
-/+ buffers/cache:       918M        73M
Swap:         8.0G       322M       7.7G

             total       used       free     shared    buffers     cached
Mem:          992M       927M        64M       2.3M        96K       4.5M
-/+ buffers/cache:       922M        69M
Swap:         8.0G       322M       7.7G

             total       used       free     shared    buffers     cached
Mem:          992M       921M        70M         0B        96K       2.1M
-/+ buffers/cache:       919M        73M
Swap:         8.0G       327M       7.7G

             total       used       free     shared    buffers     cached
Mem:          992M       920M        71M         8K        96K       2.1M
-/+ buffers/cache:       918M        74M
Swap:         8.0G       326M       7.7G

             total       used       free     shared    buffers     cached
Mem:          992M       922M        70M         8K        96K       2.0M
-/+ buffers/cache:       919M        72M
Swap:         8.0G       321M       7.7G

             total       used       free     shared    buffers     cached
Mem:          992M       921M        70M         8K        88K       1.9M
-/+ buffers/cache:       919M        72M
Swap:         8.0G       322M       7.7G

             total       used       free     shared    buffers     cached
Mem:          992M       919M        72M         4K        80K       1.7M
-/+ buffers/cache:       917M        74M
Swap:         8.0G       323M       7.7G

             total       used       free     shared    buffers     cached
Mem:          992M       919M        72M         0B        88K       1.7M
-/+ buffers/cache:       918M        74M
Swap:         8.0G       321M       7.7G

             total       used       free     shared    buffers     cached
Mem:          992M       921M        70M         0B        96K       1.7M
-/+ buffers/cache:       920M        72M
Swap:         8.0G       322M       7.7G

             total       used       free     shared    buffers     cached
Mem:          992M       857M       134M         0B        96K       1.3M
-/+ buffers/cache:       856M       135M
Swap:         8.0G       473M       7.5G

             total       used       free     shared    buffers     cached
Mem:          992M       927M        64M         0B       108K        23M
-/+ buffers/cache:       903M        88M
Swap:         8.0G       417M       7.6G

             total       used       free     shared    buffers     cached
Mem:          992M       929M        62M         0B       528K        19M
-/+ buffers/cache:       909M        82M
Swap:         8.0G       366M       7.6G

             total       used       free     shared    buffers     cached
Mem:          992M       929M        62M         0B       540K        19M
-/+ buffers/cache:       909M        82M
Swap:         8.0G       347M       7.7G

             total       used       free     shared    buffers     cached
Mem:          992M       923M        69M         0B       536K        18M
-/+ buffers/cache:       904M        87M
Swap:         8.0G       352M       7.7G

             total       used       free     shared    buffers     cached
Mem:          992M       921M        70M         0B        80K       3.2M
-/+ buffers/cache:       918M        73M
Swap:         8.0G       334M       7.7G

             total       used       free     shared    buffers     cached
Mem:          992M       924M        67M         0B       220K       2.9M
-/+ buffers/cache:       921M        70M
Swap:         8.0G       334M       7.7G

             total       used       free     shared    buffers     cached
Mem:          992M       922M        69M         0B       484K       2.7M
-/+ buffers/cache:       919M        72M
Swap:         8.0G       339M       7.7G

             total       used       free     shared    buffers     cached
Mem:          992M       920M        72M         0B       488K       1.4M
-/+ buffers/cache:       918M        74M
Swap:         8.0G       343M       7.7G

             total       used       free     shared    buffers     cached
Mem:          992M       919M        73M         0B       452K       1.2M
-/+ buffers/cache:       917M        74M
Swap:         8.0G       340M       7.7G

             total       used       free     shared    buffers     cached
Mem:          992M       930M        61M         0B       452K       1.7M
-/+ buffers/cache:       928M        63M
Swap:         8.0G       326M       7.7G

             total       used       free     shared    buffers     cached
Mem:          992M       914M        77M         0B       452K       1.8M
-/+ buffers/cache:       912M        79M
Swap:         8.0G       356M       7.6G

             total       used       free     shared    buffers     cached
Mem:          992M       919M        73M         0B       456K       2.0M
-/+ buffers/cache:       916M        75M
Swap:         8.0G       355M       7.6G

             total       used       free     shared    buffers     cached
Mem:          992M       925M        66M         0B       456K       2.7M
-/+ buffers/cache:       922M        69M
Swap:         8.0G       354M       7.7G

             total       used       free     shared    buffers     cached
Mem:          992M       931M        60M         0B       464K       2.7M
-/+ buffers/cache:       928M        64M
Swap:         8.0G       354M       7.7G

             total       used       free     shared    buffers     cached
Mem:          992M       919M        72M         0B        76K       2.5M
-/+ buffers/cache:       917M        75M
Swap:         8.0G       362M       7.6G

             total       used       free     shared    buffers     cached
Mem:          992M       925M        67M         0B        76K       2.5M
-/+ buffers/cache:       922M        69M
Swap:         8.0G       362M       7.6G

             total       used       free     shared    buffers     cached
Mem:          992M       930M        61M         0B        76K       2.5M
-/+ buffers/cache:       927M        64M
Swap:         8.0G       362M       7.6G

             total       used       free     shared    buffers     cached
Mem:          992M       922M        69M         0B        76K       2.5M
-/+ buffers/cache:       920M        72M
Swap:         8.0G       370M       7.6G

             total       used       free     shared    buffers     cached
Mem:          992M       926M        65M         0B        84K       2.5M
-/+ buffers/cache:       924M        68M
Swap:         8.0G       370M       7.6G

             total       used       free     shared    buffers     cached
Mem:          992M       931M        61M         0B        84K       2.5M
-/+ buffers/cache:       928M        63M
Swap:         8.0G       370M       7.6G

             total       used       free     shared    buffers     cached
Mem:          992M       915M        76M         0B        84K       2.5M
-/+ buffers/cache:       912M        79M
Swap:         8.0G       385M       7.6G

             total       used       free     shared    buffers     cached
Mem:          992M       917M        74M         0B        84K       2.5M
-/+ buffers/cache:       914M        77M
Swap:         8.0G       384M       7.6G

             total       used       free     shared    buffers     cached
Mem:          992M       919M        72M         0B        84K       2.5M
-/+ buffers/cache:       917M        75M
Swap:         8.0G       383M       7.6G

             total       used       free     shared    buffers     cached
Mem:          992M       921M        70M         0B        92K       2.6M
-/+ buffers/cache:       919M        73M
Swap:         8.0G       382M       7.6G

             total       used       free     shared    buffers     cached
Mem:          992M       924M        68M         0B        92K       2.6M
-/+ buffers/cache:       921M        70M
Swap:         8.0G       381M       7.6G

             total       used       free     shared    buffers     cached
Mem:          992M       926M        65M         0B        92K       2.6M
-/+ buffers/cache:       923M        68M
Swap:         8.0G       380M       7.6G

             total       used       free     shared    buffers     cached
Mem:          992M       927M        64M         0B        92K       2.6M
-/+ buffers/cache:       924M        67M
Swap:         8.0G       379M       7.6G

             total       used       free     shared    buffers     cached
Mem:          992M       929M        63M         0B        92K       2.6M
-/+ buffers/cache:       926M        65M
Swap:         8.0G       379M       7.6G

             total       used       free     shared    buffers     cached
Mem:          992M       930M        61M         0B        92K       2.6M
-/+ buffers/cache:       927M        64M
Swap:         8.0G       378M       7.6G

             total       used       free     shared    buffers     cached
Mem:          992M       914M        77M         0B       100K       2.6M
-/+ buffers/cache:       912M        79M
Swap:         8.0G       399M       7.6G

             total       used       free     shared    buffers     cached
Mem:          992M       916M        75M         0B       100K       2.6M
-/+ buffers/cache:       914M        77M
Swap:         8.0G       398M       7.6G

             total       used       free     shared    buffers     cached
Mem:          992M       918M        73M         0B       100K       2.5M
-/+ buffers/cache:       916M        76M
Swap:         8.0G       398M       7.6G

             total       used       free     shared    buffers     cached
Mem:          992M       921M        71M         0B       100K       2.6M
-/+ buffers/cache:       918M        73M
Swap:         8.0G       397M       7.6G

             total       used       free     shared    buffers     cached
Mem:          992M       922M        69M         0B       100K       2.5M
-/+ buffers/cache:       920M        71M
Swap:         8.0G       395M       7.6G

             total       used       free     shared    buffers     cached
Mem:          992M       924M        67M         0B       108K       2.6M
-/+ buffers/cache:       921M        70M
Swap:         8.0G       395M       7.6G

             total       used       free     shared    buffers     cached
Mem:          992M       926M        65M         0B       108K       2.6M
-/+ buffers/cache:       923M        68M
Swap:         8.0G       394M       7.6G

             total       used       free     shared    buffers     cached
Mem:          992M       927M        64M         0B       108K       2.6M
-/+ buffers/cache:       925M        66M
Swap:         8.0G       393M       7.6G

             total       used       free     shared    buffers     cached
Mem:          992M       930M        62M         0B       108K       2.6M
-/+ buffers/cache:       927M        64M
Swap:         8.0G       392M       7.6G

             total       used       free     shared    buffers     cached
Mem:          992M       931M        60M         0B       108K       2.5M
-/+ buffers/cache:       928M        63M
Swap:         8.0G       391M       7.6G

             total       used       free     shared    buffers     cached
Mem:          992M       918M        73M         0B       116K       2.6M
-/+ buffers/cache:       915M        76M
Swap:         8.0G       401M       7.6G

             total       used       free     shared    buffers     cached
Mem:          992M       920M        72M         0B       116K       2.6M
-/+ buffers/cache:       917M        74M
Swap:         8.0G       400M       7.6G

             total       used       free     shared    buffers     cached
Mem:          992M       921M        70M         0B       116K       2.6M
-/+ buffers/cache:       919M        72M
Swap:         8.0G       399M       7.6G

             total       used       free     shared    buffers     cached
Mem:          992M       923M        68M         0B       116K       2.6M
-/+ buffers/cache:       920M        71M
Swap:         8.0G       398M       7.6G

             total       used       free     shared    buffers     cached
Mem:          992M       925M        67M         0B       116K       2.6M
-/+ buffers/cache:       922M        69M
Swap:         8.0G       397M       7.6G

             total       used       free     shared    buffers     cached
Mem:          992M       926M        65M         0B       116K       2.6M
-/+ buffers/cache:       924M        67M
Swap:         8.0G       396M       7.6G

             total       used       free     shared    buffers     cached
Mem:          992M       928M        63M         0B       124K       2.6M
-/+ buffers/cache:       925M        66M
Swap:         8.0G       396M       7.6G

             total       used       free     shared    buffers     cached
Mem:          992M       930M        61M         0B       124K       2.6M
-/+ buffers/cache:       927M        64M
Swap:         8.0G       395M       7.6G

             total       used       free     shared    buffers     cached
Mem:          992M       919M        72M         0B       124K       2.6M
-/+ buffers/cache:       917M        75M
Swap:         8.0G       416M       7.6G

             total       used       free     shared    buffers     cached
Mem:          992M       921M        70M         0B       124K       2.6M
-/+ buffers/cache:       918M        73M
Swap:         8.0G       415M       7.6G

             total       used       free     shared    buffers     cached
Mem:          992M       923M        69M         0B       124K       2.6M
-/+ buffers/cache:       920M        71M
Swap:         8.0G       414M       7.6G

             total       used       free     shared    buffers     cached
Mem:          992M       924M        67M         0B       132K       2.6M
-/+ buffers/cache:       921M        70M
Swap:         8.0G       413M       7.6G

             total       used       free     shared    buffers     cached
Mem:          992M       926M        65M         0B       132K       2.5M
-/+ buffers/cache:       923M        68M
Swap:         8.0G       413M       7.6G

             total       used       free     shared    buffers     cached
Mem:          992M       928M        63M         0B       132K       2.6M
-/+ buffers/cache:       925M        66M
Swap:         8.0G       411M       7.6G

             total       used       free     shared    buffers     cached
Mem:          992M       930M        62M         0B       132K       2.6M
-/+ buffers/cache:       927M        64M
Swap:         8.0G       410M       7.6G

             total       used       free     shared    buffers     cached
Mem:          992M       919M        72M         0B       132K       2.6M
-/+ buffers/cache:       917M        74M
Swap:         8.0G       414M       7.6G

             total       used       free     shared    buffers     cached
Mem:          992M       921M        70M         0B       140K       2.5M
-/+ buffers/cache:       919M        73M
Swap:         8.0G       413M       7.6G

             total       used       free     shared    buffers     cached
Mem:          992M       923M        68M         0B       140K       2.6M
-/+ buffers/cache:       920M        71M
Swap:         8.0G       412M       7.6G

             total       used       free     shared    buffers     cached
Mem:          992M       925M        67M         0B       140K       2.5M
-/+ buffers/cache:       922M        69M
Swap:         8.0G       411M       7.6G

             total       used       free     shared    buffers     cached
Mem:          992M       926M        65M         0B       140K       2.6M
-/+ buffers/cache:       923M        68M
Swap:         8.0G       410M       7.6G

             total       used       free     shared    buffers     cached
Mem:          992M       928M        63M         0B       140K       2.5M
-/+ buffers/cache:       925M        66M
Swap:         8.0G       409M       7.6G

             total       used       free     shared    buffers     cached
Mem:          992M       909M        82M         0B        80K        20M
-/+ buffers/cache:       888M       103M
Swap:         8.0G       452M       7.6G

             total       used       free     shared    buffers     cached
Mem:          992M       915M        77M         0B       1.8M        23M
-/+ buffers/cache:       889M       102M
Swap:         8.0G       451M       7.6G

             total       used       free     shared    buffers     cached
Mem:          992M       913M        78M         4K       2.3M        34M
-/+ buffers/cache:       876M       115M
Swap:         8.0G       464M       7.5G

             total       used       free     shared    buffers     cached
Mem:          992M       914M        77M        20K       2.3M        34M
-/+ buffers/cache:       877M       114M
Swap:         8.0G       464M       7.5G

             total       used       free     shared    buffers     cached
Mem:          992M       917M        74M        20K       2.3M        36M
-/+ buffers/cache:       879M       113M
Swap:         8.0G       463M       7.5G

             total       used       free     shared    buffers     cached
Mem:          992M       918M        73M        20K       2.3M        36M
-/+ buffers/cache:       880M       112M
Swap:         8.0G       463M       7.5G

             total       used       free     shared    buffers     cached
Mem:          992M       919M        73M        20K       2.3M        36M
-/+ buffers/cache:       880M       111M
Swap:         8.0G       462M       7.5G

             total       used       free     shared    buffers     cached
Mem:          992M       920M        72M        20K       2.3M        36M
-/+ buffers/cache:       881M       110M
Swap:         8.0G       462M       7.5G

             total       used       free     shared    buffers     cached
Mem:          992M       920M        71M        20K       2.3M        36M
-/+ buffers/cache:       882M       109M
Swap:         8.0G       462M       7.5G

             total       used       free     shared    buffers     cached
Mem:          992M       921M        70M        20K       2.3M        36M
-/+ buffers/cache:       883M       108M
Swap:         8.0G       461M       7.5G

             total       used       free     shared    buffers     cached
Mem:          992M       922M        69M        20K       2.3M        36M
-/+ buffers/cache:       883M       108M
Swap:         8.0G       461M       7.5G

             total       used       free     shared    buffers     cached
Mem:          992M       923M        68M        20K       2.3M        36M
-/+ buffers/cache:       885M       106M
Swap:         8.0G       461M       7.5G

             total       used       free     shared    buffers     cached
Mem:          992M       925M        66M        20K       2.3M        36M
-/+ buffers/cache:       886M       105M
Swap:         8.0G       460M       7.5G

             total       used       free     shared    buffers     cached
Mem:          992M       926M        65M        20K       2.3M        36M
-/+ buffers/cache:       887M       104M
Swap:         8.0G       459M       7.5G

             total       used       free     shared    buffers     cached
Mem:          992M       927M        64M        20K       2.3M        37M
-/+ buffers/cache:       888M       103M
Swap:         8.0G       459M       7.5G

             total       used       free     shared    buffers     cached
Mem:          992M       928M        63M        20K       2.3M        37M
-/+ buffers/cache:       889M       102M
Swap:         8.0G       458M       7.5G

             total       used       free     shared    buffers     cached
Mem:          992M       930M        62M        20K       2.3M        36M
-/+ buffers/cache:       890M       101M
Swap:         8.0G       458M       7.5G

             total       used       free     shared    buffers     cached
Mem:          992M       931M        60M        20K       2.3M        36M
-/+ buffers/cache:       892M       100M
Swap:         8.0G       458M       7.5G

             total       used       free     shared    buffers     cached
Mem:          992M       911M        80M        20K       2.3M        35M
-/+ buffers/cache:       874M       118M
Swap:         8.0G       481M       7.5G

             total       used       free     shared    buffers     cached
Mem:          992M       912M        79M        20K       2.3M        35M
-/+ buffers/cache:       875M       116M
Swap:         8.0G       480M       7.5G

             total       used       free     shared    buffers     cached
Mem:          992M       913M        78M        20K       2.3M        35M
-/+ buffers/cache:       876M       115M
Swap:         8.0G       480M       7.5G

             total       used       free     shared    buffers     cached
Mem:          992M       915M        77M        20K       2.3M        35M
-/+ buffers/cache:       877M       114M
Swap:         8.0G       479M       7.5G

             total       used       free     shared    buffers     cached
Mem:          992M       916M        75M        20K       2.3M        35M
-/+ buffers/cache:       878M       113M
Swap:         8.0G       479M       7.5G

             total       used       free     shared    buffers     cached
Mem:          992M       917M        74M        20K       2.3M        35M
-/+ buffers/cache:       880M       112M
Swap:         8.0G       478M       7.5G

             total       used       free     shared    buffers     cached
Mem:          992M       918M        73M        20K       2.3M        35M
-/+ buffers/cache:       881M       110M
Swap:         8.0G       478M       7.5G

             total       used       free     shared    buffers     cached
Mem:          992M       919M        72M        20K       2.3M        35M
-/+ buffers/cache:       882M       109M
Swap:         8.0G       477M       7.5G

             total       used       free     shared    buffers     cached
Mem:          992M       920M        71M        20K       2.3M        35M
-/+ buffers/cache:       883M       108M
Swap:         8.0G       477M       7.5G

             total       used       free     shared    buffers     cached
Mem:          992M       922M        70M        20K       2.3M        35M
-/+ buffers/cache:       884M       107M
Swap:         8.0G       476M       7.5G

             total       used       free     shared    buffers     cached
Mem:          992M       923M        68M        20K       2.3M        35M
-/+ buffers/cache:       885M       106M
Swap:         8.0G       476M       7.5G

             total       used       free     shared    buffers     cached
Mem:          992M       924M        67M        20K       2.3M        35M
-/+ buffers/cache:       886M       105M
Swap:         8.0G       475M       7.5G

             total       used       free     shared    buffers     cached
Mem:          992M       925M        66M        20K       2.3M        35M
-/+ buffers/cache:       888M       104M
Swap:         8.0G       475M       7.5G

             total       used       free     shared    buffers     cached
Mem:          992M       926M        65M        20K       2.3M        35M
-/+ buffers/cache:       889M       102M
Swap:         8.0G       474M       7.5G

             total       used       free     shared    buffers     cached
Mem:          992M       927M        64M        20K       2.3M        35M
-/+ buffers/cache:       890M       101M
Swap:         8.0G       474M       7.5G

             total       used       free     shared    buffers     cached
Mem:          992M       928M        63M        20K       2.3M        35M
-/+ buffers/cache:       891M       100M
Swap:         8.0G       473M       7.5G

             total       used       free     shared    buffers     cached
Mem:          992M       930M        62M        20K       2.3M        35M
-/+ buffers/cache:       892M        99M
Swap:         8.0G       473M       7.5G

             total       used       free     shared    buffers     cached
Mem:          992M       916M        75M        20K       2.3M        34M
-/+ buffers/cache:       880M       111M
Swap:         8.0G       484M       7.5G

             total       used       free     shared    buffers     cached
Mem:          992M       917M        74M        20K       2.3M        34M
-/+ buffers/cache:       880M       111M
Swap:         8.0G       484M       7.5G

             total       used       free     shared    buffers     cached
Mem:          992M       918M        73M        20K       2.3M        34M
-/+ buffers/cache:       881M       110M
Swap:         8.0G       483M       7.5G

             total       used       free     shared    buffers     cached
Mem:          992M       919M        72M        20K       2.3M        34M
-/+ buffers/cache:       882M       109M
Swap:         8.0G       482M       7.5G

             total       used       free     shared    buffers     cached
Mem:          992M       920M        71M        20K       2.3M        34M
-/+ buffers/cache:       884M       107M
Swap:         8.0G       482M       7.5G

             total       used       free     shared    buffers     cached
Mem:          992M       922M        69M        20K       2.3M        34M
-/+ buffers/cache:       885M       106M
Swap:         8.0G       481M       7.5G

             total       used       free     shared    buffers     cached
Mem:          992M       923M        68M        20K       2.3M        34M
-/+ buffers/cache:       886M       105M
Swap:         8.0G       481M       7.5G

             total       used       free     shared    buffers     cached
Mem:          992M       924M        67M        20K       2.3M        34M
-/+ buffers/cache:       888M       104M
Swap:         8.0G       480M       7.5G

             total       used       free     shared    buffers     cached
Mem:          992M       926M        66M        20K       2.3M        34M
-/+ buffers/cache:       889M       102M
Swap:         8.0G       479M       7.5G

             total       used       free     shared    buffers     cached
Mem:          992M       927M        64M        20K       2.3M        34M
-/+ buffers/cache:       890M       101M
Swap:         8.0G       479M       7.5G

             total       used       free     shared    buffers     cached
Mem:          992M       928M        63M        20K       2.3M        34M
-/+ buffers/cache:       892M        99M
Swap:         8.0G       478M       7.5G

             total       used       free     shared    buffers     cached
Mem:          992M       930M        61M        20K       2.3M        34M
-/+ buffers/cache:       893M        98M
Swap:         8.0G       477M       7.5G

             total       used       free     shared    buffers     cached
Mem:          992M       918M        73M        20K       2.3M        31M
-/+ buffers/cache:       883M       108M
Swap:         8.0G       485M       7.5G

             total       used       free     shared    buffers     cached
Mem:          992M       918M        73M        20K       2.3M        31M
-/+ buffers/cache:       884M       107M
Swap:         8.0G       484M       7.5G

             total       used       free     shared    buffers     cached
Mem:          992M       920M        72M        20K       2.3M        31M
-/+ buffers/cache:       885M       106M
Swap:         8.0G       484M       7.5G

             total       used       free     shared    buffers     cached
Mem:          992M       921M        70M        20K       2.3M        31M
-/+ buffers/cache:       887M       105M
Swap:         8.0G       483M       7.5G

             total       used       free     shared    buffers     cached
Mem:          992M       922M        69M        20K       2.3M        31M
-/+ buffers/cache:       888M       103M
Swap:         8.0G       482M       7.5G

             total       used       free     shared    buffers     cached
Mem:          992M       924M        67M        20K       2.3M        31M
-/+ buffers/cache:       889M       102M
Swap:         8.0G       482M       7.5G

             total       used       free     shared    buffers     cached
Mem:          992M       925M        66M        20K       2.3M        31M
-/+ buffers/cache:       891M       100M
Swap:         8.0G       481M       7.5G

             total       used       free     shared    buffers     cached
Mem:          992M       926M        65M        20K       2.3M        31M
-/+ buffers/cache:       892M        99M
Swap:         8.0G       480M       7.5G

             total       used       free     shared    buffers     cached
Mem:          992M       927M        64M        20K       2.3M        31M
-/+ buffers/cache:       893M        98M
Swap:         8.0G       480M       7.5G

             total       used       free     shared    buffers     cached
Mem:          992M       929M        62M        20K       2.3M        31M
-/+ buffers/cache:       895M        97M
Swap:         8.0G       479M       7.5G

             total       used       free     shared    buffers     cached
Mem:          992M       930M        61M        20K       2.3M        31M
-/+ buffers/cache:       896M        95M
Swap:         8.0G       478M       7.5G

             total       used       free     shared    buffers     cached
Mem:          992M       911M        80M        20K       1.6M        28M
-/+ buffers/cache:       881M       111M
Swap:         8.0G       499M       7.5G

             total       used       free     shared    buffers     cached
Mem:          992M       912M        79M        20K       1.6M        28M
-/+ buffers/cache:       882M       109M
Swap:         8.0G       498M       7.5G

             total       used       free     shared    buffers     cached
Mem:          992M       920M        71M        20K       1.6M        34M
-/+ buffers/cache:       883M       108M
Swap:         8.0G       497M       7.5G

             total       used       free     shared    buffers     cached
Mem:          992M       921M        71M        20K       1.6M        34M
-/+ buffers/cache:       884M       107M
Swap:         8.0G       497M       7.5G

             total       used       free     shared    buffers     cached
Mem:          992M       922M        69M        20K       1.6M        34M
-/+ buffers/cache:       885M       106M
Swap:         8.0G       496M       7.5G

             total       used       free     shared    buffers     cached
Mem:          992M       923M        68M        20K       1.6M        34M
-/+ buffers/cache:       887M       104M
Swap:         8.0G       496M       7.5G

             total       used       free     shared    buffers     cached
Mem:          992M       925M        67M        20K       1.6M        34M
-/+ buffers/cache:       888M       103M
Swap:         8.0G       495M       7.5G

             total       used       free     shared    buffers     cached
Mem:          992M       926M        66M        20K       1.6M        34M
-/+ buffers/cache:       889M       102M
Swap:         8.0G       494M       7.5G

             total       used       free     shared    buffers     cached
Mem:          992M       927M        64M        20K       1.6M        35M
-/+ buffers/cache:       891M       100M
Swap:         8.0G       494M       7.5G

             total       used       free     shared    buffers     cached
Mem:          992M       929M        62M        20K       1.6M        35M
-/+ buffers/cache:       892M        99M
Swap:         8.0G       493M       7.5G

             total       used       free     shared    buffers     cached
Mem:          992M       918M        73M        24K       628K        34M
-/+ buffers/cache:       883M       108M
Swap:         8.0G       501M       7.5G

             total       used       free     shared    buffers     cached
Mem:          992M       920M        72M        24K       628K        34M
-/+ buffers/cache:       884M       107M
Swap:         8.0G       501M       7.5G

             total       used       free     shared    buffers     cached
Mem:          992M       921M        70M        24K       628K        34M
-/+ buffers/cache:       885M       106M
Swap:         8.0G       500M       7.5G

             total       used       free     shared    buffers     cached
Mem:          992M       922M        69M        24K       628K        34M
-/+ buffers/cache:       887M       105M
Swap:         8.0G       499M       7.5G

             total       used       free     shared    buffers     cached
Mem:          992M       930M        62M        24K       636K        36M
-/+ buffers/cache:       893M        99M
Swap:         8.0G       496M       7.5G

             total       used       free     shared    buffers     cached
Mem:          992M       931M        61M        24K       636K        36M
-/+ buffers/cache:       894M        98M
Swap:         8.0G       496M       7.5G

             total       used       free     shared    buffers     cached
Mem:          992M       917M        74M        24K       144K        33M
-/+ buffers/cache:       883M       108M
Swap:         8.0G       503M       7.5G

             total       used       free     shared    buffers     cached
Mem:          992M       924M        67M        24K       144K        36M
-/+ buffers/cache:       888M       103M
Swap:         8.0G       501M       7.5G

             total       used       free     shared    buffers     cached
Mem:          992M       925M        66M        24K       144K        35M
-/+ buffers/cache:       889M       102M
Swap:         8.0G       501M       7.5G

             total       used       free     shared    buffers     cached
Mem:          992M       926M        65M        24K       152K        35M
-/+ buffers/cache:       890M       102M
Swap:         8.0G       500M       7.5G

             total       used       free     shared    buffers     cached
Mem:          992M       926M        65M        24K       152K        35M
-/+ buffers/cache:       890M       101M
Swap:         8.0G       500M       7.5G

             total       used       free     shared    buffers     cached
Mem:          992M       927M        64M        24K       152K        35M
-/+ buffers/cache:       891M       100M
Swap:         8.0G       499M       7.5G

             total       used       free     shared    buffers     cached
Mem:          992M       928M        63M        24K       152K        35M
-/+ buffers/cache:       892M       100M
Swap:         8.0G       499M       7.5G

             total       used       free     shared    buffers     cached
Mem:          992M       929M        62M        24K       152K        35M
-/+ buffers/cache:       893M        99M
Swap:         8.0G       499M       7.5G

             total       used       free     shared    buffers     cached
Mem:          992M       929M        62M        24K       152K        35M
-/+ buffers/cache:       893M        98M
Swap:         8.0G       498M       7.5G

             total       used       free     shared    buffers     cached
Mem:          992M       930M        61M        24K       160K        35M
-/+ buffers/cache:       894M        97M
Swap:         8.0G       498M       7.5G

             total       used       free     shared    buffers     cached
Mem:          992M       931M        61M        24K       160K        35M
-/+ buffers/cache:       894M        97M
Swap:         8.0G       498M       7.5G

             total       used       free     shared    buffers     cached
Mem:          992M       920M        71M       212K       1.7M        37M
-/+ buffers/cache:       881M       110M
Swap:         8.0G       513M       7.5G

             total       used       free     shared    buffers     cached
Mem:          992M       918M        73M       3.9M       5.2M        55M
-/+ buffers/cache:       858M       133M
Swap:         8.0G       557M       7.5G

             total       used       free     shared    buffers     cached
Mem:          992M       918M        73M       240K       5.1M        64M
-/+ buffers/cache:       848M       143M
Swap:         8.0G       556M       7.5G

             total       used       free     shared    buffers     cached
Mem:          992M       925M        67M       232K       5.3M        65M
-/+ buffers/cache:       854M       137M
Swap:         8.0G       553M       7.5G

             total       used       free     shared    buffers     cached
Mem:          992M       919M        73M       268K       4.8M        61M
-/+ buffers/cache:       852M       139M
Swap:         8.0G       566M       7.4G

             total       used       free     shared    buffers     cached
Mem:          992M       920M        71M       268K       4.8M        61M
-/+ buffers/cache:       854M       137M
Swap:         8.0G       565M       7.4G

             total       used       free     shared    buffers     cached
Mem:          992M       921M        70M       268K       4.8M        61M
-/+ buffers/cache:       855M       136M
Swap:         8.0G       565M       7.4G

             total       used       free     shared    buffers     cached
Mem:          992M       924M        67M       268K       4.9M        62M
-/+ buffers/cache:       857M       135M
Swap:         8.0G       564M       7.4G

             total       used       free     shared    buffers     cached
Mem:          992M       925M        66M       268K       4.9M        62M
-/+ buffers/cache:       858M       133M
Swap:         8.0G       563M       7.4G

             total       used       free     shared    buffers     cached
Mem:          992M       927M        65M       268K       4.9M        62M
-/+ buffers/cache:       859M       132M
Swap:         8.0G       563M       7.4G

             total       used       free     shared    buffers     cached
Mem:          992M       928M        63M       268K       4.9M        62M
-/+ buffers/cache:       861M       130M
Swap:         8.0G       562M       7.4G

             total       used       free     shared    buffers     cached
Mem:          992M       929M        62M       268K       4.9M        62M
-/+ buffers/cache:       862M       129M
Swap:         8.0G       561M       7.4G

             total       used       free     shared    buffers     cached
Mem:          992M       931M        60M       268K       4.9M        62M
-/+ buffers/cache:       864M       128M
Swap:         8.0G       561M       7.4G

             total       used       free     shared    buffers     cached
Mem:          992M       919M        72M       268K       4.9M        61M
-/+ buffers/cache:       853M       138M
Swap:         8.0G       565M       7.4G

             total       used       free     shared    buffers     cached
Mem:          992M       921M        70M       268K       4.9M        61M
-/+ buffers/cache:       854M       137M
Swap:         8.0G       564M       7.4G

             total       used       free     shared    buffers     cached
Mem:          992M       922M        69M       268K       4.9M        61M
-/+ buffers/cache:       855M       136M
Swap:         8.0G       564M       7.4G

             total       used       free     shared    buffers     cached
Mem:          992M       923M        68M       268K       4.9M        61M
-/+ buffers/cache:       857M       135M
Swap:         8.0G       563M       7.4G

             total       used       free     shared    buffers     cached
Mem:          992M       925M        66M       268K       4.9M        61M
-/+ buffers/cache:       858M       133M
Swap:         8.0G       563M       7.4G

             total       used       free     shared    buffers     cached
Mem:          992M       926M        65M       268K       4.9M        61M
-/+ buffers/cache:       859M       132M
Swap:         8.0G       562M       7.4G

             total       used       free     shared    buffers     cached
Mem:          992M       928M        64M       268K       4.9M        61M
-/+ buffers/cache:       861M       130M
Swap:         8.0G       561M       7.4G

             total       used       free     shared    buffers     cached
Mem:          992M       929M        62M       268K       4.9M        61M
-/+ buffers/cache:       862M       129M
Swap:         8.0G       561M       7.4G

             total       used       free     shared    buffers     cached
Mem:          992M       930M        61M       268K       4.9M        61M
-/+ buffers/cache:       863M       128M
Swap:         8.0G       560M       7.4G

             total       used       free     shared    buffers     cached
Mem:          992M       919M        72M       268K       4.9M        61M
-/+ buffers/cache:       853M       138M
Swap:         8.0G       573M       7.4G

             total       used       free     shared    buffers     cached
Mem:          992M       921M        70M       268K       4.9M        61M
-/+ buffers/cache:       855M       137M
Swap:         8.0G       573M       7.4G

             total       used       free     shared    buffers     cached
Mem:          992M       922M        69M       268K       4.9M        61M
-/+ buffers/cache:       856M       136M
Swap:         8.0G       572M       7.4G

             total       used       free     shared    buffers     cached
Mem:          992M       923M        68M       268K       4.9M        61M
-/+ buffers/cache:       857M       134M
Swap:         8.0G       572M       7.4G

             total       used       free     shared    buffers     cached
Mem:          992M       924M        67M       268K       4.9M        61M
-/+ buffers/cache:       858M       133M
Swap:         8.0G       571M       7.4G

             total       used       free     shared    buffers     cached
Mem:          992M       926M        65M       268K       4.9M        61M
-/+ buffers/cache:       860M       131M
Swap:         8.0G       570M       7.4G

             total       used       free     shared    buffers     cached
Mem:          992M       927M        64M       268K       4.9M        61M
-/+ buffers/cache:       861M       130M
Swap:         8.0G       570M       7.4G

             total       used       free     shared    buffers     cached
Mem:          992M       929M        62M       268K       4.9M        61M
-/+ buffers/cache:       863M       129M
Swap:         8.0G       569M       7.4G

             total       used       free     shared    buffers     cached
Mem:          992M       930M        61M       268K       4.9M        61M
-/+ buffers/cache:       864M       127M
Swap:         8.0G       568M       7.4G

             total       used       free     shared    buffers     cached
Mem:          992M       910M        82M       268K       4.1M        59M
-/+ buffers/cache:       846M       145M
Swap:         8.0G       582M       7.4G

             total       used       free     shared    buffers     cached
Mem:          992M       911M        81M       268K       4.1M        59M
-/+ buffers/cache:       847M       144M
Swap:         8.0G       582M       7.4G

             total       used       free     shared    buffers     cached
Mem:          992M       912M        80M       268K       4.1M        59M
-/+ buffers/cache:       848M       143M
Swap:         8.0G       581M       7.4G

             total       used       free     shared    buffers     cached
Mem:          992M       913M        78M       268K       4.1M        59M
-/+ buffers/cache:       849M       142M
Swap:         8.0G       581M       7.4G

             total       used       free     shared    buffers     cached
Mem:          992M       912M        79M       324K       7.2M        68M
-/+ buffers/cache:       837M       155M
Swap:         8.0G       594M       7.4G

             total       used       free     shared    buffers     cached
Mem:          992M       919M        72M       312K       8.6M        72M
-/+ buffers/cache:       838M       153M
Swap:         8.0G       593M       7.4G
