             total       used       free     shared    buffers     cached
Mem:          992M       657M       334M       3.2M        38M       289M
-/+ buffers/cache:       329M       662M
Swap:         8.0G         0B       8.0G

             total       used       free     shared    buffers     cached
Mem:          992M       657M       335M       3.2M        38M       289M
-/+ buffers/cache:       328M       663M
Swap:         8.0G         0B       8.0G

             total       used       free     shared    buffers     cached
Mem:          992M       657M       335M       3.2M        38M       289M
-/+ buffers/cache:       328M       663M
Swap:         8.0G         0B       8.0G

             total       used       free     shared    buffers     cached
Mem:          992M       657M       335M       3.2M        38M       289M
-/+ buffers/cache:       328M       663M
Swap:         8.0G         0B       8.0G

             total       used       free     shared    buffers     cached
Mem:          992M       657M       335M       3.2M        38M       289M
-/+ buffers/cache:       328M       663M
Swap:         8.0G         0B       8.0G

             total       used       free     shared    buffers     cached
Mem:          992M       657M       335M       3.2M        38M       289M
-/+ buffers/cache:       328M       663M
Swap:         8.0G         0B       8.0G

             total       used       free     shared    buffers     cached
Mem:          992M       657M       335M       3.2M        38M       289M
-/+ buffers/cache:       328M       663M
Swap:         8.0G         0B       8.0G

             total       used       free     shared    buffers     cached
Mem:          992M       656M       335M       3.2M        38M       289M
-/+ buffers/cache:       328M       663M
Swap:         8.0G         0B       8.0G

             total       used       free     shared    buffers     cached
Mem:          992M       657M       334M       3.2M        38M       290M
-/+ buffers/cache:       328M       663M
Swap:         8.0G         0B       8.0G

             total       used       free     shared    buffers     cached
Mem:          992M       657M       335M       3.2M        38M       290M
-/+ buffers/cache:       328M       663M
Swap:         8.0G         0B       8.0G

             total       used       free     shared    buffers     cached
Mem:          992M       660M       331M       3.2M        38M       290M
-/+ buffers/cache:       331M       660M
Swap:         8.0G         0B       8.0G

             total       used       free     shared    buffers     cached
Mem:          992M       682M       309M       3.2M        38M       290M
-/+ buffers/cache:       353M       638M
Swap:         8.0G         0B       8.0G

             total       used       free     shared    buffers     cached
Mem:          992M       703M       288M       3.2M        38M       290M
-/+ buffers/cache:       374M       618M
Swap:         8.0G         0B       8.0G

             total       used       free     shared    buffers     cached
Mem:          992M       666M       326M       3.2M        38M       291M
-/+ buffers/cache:       335M       656M
Swap:         8.0G         0B       8.0G

             total       used       free     shared    buffers     cached
Mem:          992M       666M       325M       3.2M        38M       291M
-/+ buffers/cache:       336M       655M
Swap:         8.0G         0B       8.0G

             total       used       free     shared    buffers     cached
Mem:          992M       666M       325M       3.2M        38M       291M
-/+ buffers/cache:       336M       655M
Swap:         8.0G         0B       8.0G

             total       used       free     shared    buffers     cached
Mem:          992M       666M       325M       3.2M        38M       291M
-/+ buffers/cache:       336M       655M
Swap:         8.0G         0B       8.0G

             total       used       free     shared    buffers     cached
Mem:          992M       666M       325M       3.2M        38M       291M
-/+ buffers/cache:       336M       655M
Swap:         8.0G         0B       8.0G

             total       used       free     shared    buffers     cached
Mem:          992M       666M       325M       3.2M        38M       291M
-/+ buffers/cache:       336M       655M
Swap:         8.0G         0B       8.0G

             total       used       free     shared    buffers     cached
Mem:          992M       666M       325M       3.2M        38M       291M
-/+ buffers/cache:       336M       655M
Swap:         8.0G         0B       8.0G

             total       used       free     shared    buffers     cached
Mem:          992M       666M       325M       3.2M        38M       291M
-/+ buffers/cache:       336M       655M
Swap:         8.0G         0B       8.0G

             total       used       free     shared    buffers     cached
Mem:          992M       667M       325M       3.2M        38M       291M
-/+ buffers/cache:       336M       655M
Swap:         8.0G         0B       8.0G

             total       used       free     shared    buffers     cached
Mem:          992M       667M       325M       3.2M        38M       291M
-/+ buffers/cache:       336M       655M
Swap:         8.0G         0B       8.0G

             total       used       free     shared    buffers     cached
Mem:          992M       667M       325M       3.2M        38M       291M
-/+ buffers/cache:       336M       655M
Swap:         8.0G         0B       8.0G

             total       used       free     shared    buffers     cached
Mem:          992M       667M       325M       3.2M        38M       291M
-/+ buffers/cache:       336M       655M
Swap:         8.0G         0B       8.0G

             total       used       free     shared    buffers     cached
Mem:          992M       667M       325M       3.2M        38M       291M
-/+ buffers/cache:       336M       655M
Swap:         8.0G         0B       8.0G

             total       used       free     shared    buffers     cached
Mem:          992M       666M       325M       3.2M        38M       291M
-/+ buffers/cache:       336M       655M
Swap:         8.0G         0B       8.0G

             total       used       free     shared    buffers     cached
Mem:          992M       666M       325M       3.2M        38M       291M
-/+ buffers/cache:       336M       655M
Swap:         8.0G         0B       8.0G

             total       used       free     shared    buffers     cached
Mem:          992M       666M       325M       3.2M        38M       291M
-/+ buffers/cache:       336M       655M
Swap:         8.0G         0B       8.0G

             total       used       free     shared    buffers     cached
Mem:          992M       666M       325M       3.2M        38M       291M
-/+ buffers/cache:       336M       655M
Swap:         8.0G         0B       8.0G

             total       used       free     shared    buffers     cached
Mem:          992M       666M       325M       3.2M        38M       291M
-/+ buffers/cache:       336M       655M
Swap:         8.0G         0B       8.0G

             total       used       free     shared    buffers     cached
Mem:          992M       666M       325M       3.2M        38M       291M
-/+ buffers/cache:       336M       655M
Swap:         8.0G         0B       8.0G

             total       used       free     shared    buffers     cached
Mem:          992M       666M       325M       3.2M        38M       291M
-/+ buffers/cache:       336M       655M
Swap:         8.0G         0B       8.0G

             total       used       free     shared    buffers     cached
Mem:          992M       673M       319M       3.2M        38M       291M
-/+ buffers/cache:       342M       649M
Swap:         8.0G         0B       8.0G

             total       used       free     shared    buffers     cached
Mem:          992M       691M       300M       3.2M        38M       291M
-/+ buffers/cache:       360M       631M
Swap:         8.0G         0B       8.0G

             total       used       free     shared    buffers     cached
Mem:          992M       708M       284M       3.2M        38M       291M
-/+ buffers/cache:       377M       614M
Swap:         8.0G         0B       8.0G

             total       used       free     shared    buffers     cached
Mem:          992M       725M       266M       3.2M        38M       291M
-/+ buffers/cache:       394M       597M
Swap:         8.0G         0B       8.0G

             total       used       free     shared    buffers     cached
Mem:          992M       741M       250M       3.2M        38M       291M
-/+ buffers/cache:       410M       581M
Swap:         8.0G         0B       8.0G

             total       used       free     shared    buffers     cached
Mem:          992M       758M       233M       3.2M        38M       291M
-/+ buffers/cache:       427M       564M
Swap:         8.0G         0B       8.0G

             total       used       free     shared    buffers     cached
Mem:          992M       774M       217M       3.2M        38M       291M
-/+ buffers/cache:       443M       548M
Swap:         8.0G         0B       8.0G

             total       used       free     shared    buffers     cached
Mem:          992M       788M       203M       3.2M        39M       291M
-/+ buffers/cache:       458M       534M
Swap:         8.0G         0B       8.0G

             total       used       free     shared    buffers     cached
Mem:          992M       806M       185M       3.2M        39M       291M
-/+ buffers/cache:       476M       516M
Swap:         8.0G         0B       8.0G

             total       used       free     shared    buffers     cached
Mem:          992M       820M       171M       3.2M        39M       291M
-/+ buffers/cache:       490M       502M
Swap:         8.0G         0B       8.0G

             total       used       free     shared    buffers     cached
Mem:          992M       836M       155M       3.2M        39M       291M
-/+ buffers/cache:       506M       485M
Swap:         8.0G         0B       8.0G

             total       used       free     shared    buffers     cached
Mem:          992M       853M       138M       3.2M        39M       291M
-/+ buffers/cache:       523M       468M
Swap:         8.0G         0B       8.0G

             total       used       free     shared    buffers     cached
Mem:          992M       870M       122M       3.2M        39M       291M
-/+ buffers/cache:       539M       452M
Swap:         8.0G         0B       8.0G

             total       used       free     shared    buffers     cached
Mem:          992M       886M       106M       3.2M        39M       291M
-/+ buffers/cache:       555M       436M
Swap:         8.0G         0B       8.0G

             total       used       free     shared    buffers     cached
Mem:          992M       900M        92M       3.2M        39M       291M
-/+ buffers/cache:       569M       422M
Swap:         8.0G         0B       8.0G

             total       used       free     shared    buffers     cached
Mem:          992M       916M        76M       3.2M        39M       291M
-/+ buffers/cache:       585M       406M
Swap:         8.0G         0B       8.0G

             total       used       free     shared    buffers     cached
Mem:          992M       933M        59M       3.2M        39M       291M
-/+ buffers/cache:       602M       389M
Swap:         8.0G         0B       8.0G

             total       used       free     shared    buffers     cached
Mem:          992M       924M        68M       3.2M        14M       290M
-/+ buffers/cache:       619M       372M
Swap:         8.0G         0B       8.0G

             total       used       free     shared    buffers     cached
Mem:          992M       914M        77M       3.2M        10M       268M
-/+ buffers/cache:       634M       357M
Swap:         8.0G        16K       8.0G

             total       used       free     shared    buffers     cached
Mem:          992M       930M        61M       3.2M        10M       268M
-/+ buffers/cache:       651M       340M
Swap:         8.0G        16K       8.0G

             total       used       free     shared    buffers     cached
Mem:          992M       926M        65M       3.1M       9.9M       249M
-/+ buffers/cache:       667M       324M
Swap:         8.0G       192K       8.0G

             total       used       free     shared    buffers     cached
Mem:          992M       927M        64M       3.1M       9.9M       234M
-/+ buffers/cache:       683M       308M
Swap:         8.0G       2.9M       8.0G

             total       used       free     shared    buffers     cached
Mem:          992M       914M        77M       3.0M       9.9M       210M
-/+ buffers/cache:       694M       297M
Swap:         8.0G       6.9M       8.0G

             total       used       free     shared    buffers     cached
Mem:          992M       931M        60M       3.0M       9.9M       210M
-/+ buffers/cache:       711M       280M
Swap:         8.0G       6.9M       8.0G

             total       used       free     shared    buffers     cached
Mem:          992M       921M        70M       3.0M       2.0M       193M
-/+ buffers/cache:       726M       265M
Swap:         8.0G       6.9M       8.0G

             total       used       free     shared    buffers     cached
Mem:          992M       912M        80M       3.0M       224K       171M
-/+ buffers/cache:       739M       252M
Swap:         8.0G       6.9M       8.0G

             total       used       free     shared    buffers     cached
Mem:          992M       924M        67M       3.0M       224K       171M
-/+ buffers/cache:       752M       239M
Swap:         8.0G       6.9M       8.0G

             total       used       free     shared    buffers     cached
Mem:          992M       918M        73M       3.0M       216K       151M
-/+ buffers/cache:       766M       225M
Swap:         8.0G       6.9M       8.0G

             total       used       free     shared    buffers     cached
Mem:          992M       914M        78M       3.0M       232K       133M
-/+ buffers/cache:       779M       212M
Swap:         8.0G       6.9M       8.0G

             total       used       free     shared    buffers     cached
Mem:          992M       922M        69M       3.0M       232K       133M
-/+ buffers/cache:       788M       203M
Swap:         8.0G       6.9M       8.0G

             total       used       free     shared    buffers     cached
Mem:          992M       920M        71M       3.0M        84K       118M
-/+ buffers/cache:       802M       189M
Swap:         8.0G       6.9M       8.0G

             total       used       free     shared    buffers     cached
Mem:          992M       921M        70M       3.0M        84K       104M
-/+ buffers/cache:       816M       175M
Swap:         8.0G       6.9M       8.0G

             total       used       free     shared    buffers     cached
Mem:          992M       921M        70M       3.0M        84K        90M
-/+ buffers/cache:       831M       160M
Swap:         8.0G       6.9M       8.0G

             total       used       free     shared    buffers     cached
Mem:          992M       913M        78M       3.0M        84K        68M
-/+ buffers/cache:       844M       147M
Swap:         8.0G       6.9M       8.0G

             total       used       free     shared    buffers     cached
Mem:          992M       929M        63M       3.0M        96K        68M
-/+ buffers/cache:       860M       131M
Swap:         8.0G       6.9M       8.0G

             total       used       free     shared    buffers     cached
Mem:          992M       929M        63M       3.0M       104K        53M
-/+ buffers/cache:       875M       116M
Swap:         8.0G       6.9M       8.0G

             total       used       free     shared    buffers     cached
Mem:          992M       924M        68M       3.0M       376K        34M
-/+ buffers/cache:       889M       102M
Swap:         8.0G       6.9M       8.0G

             total       used       free     shared    buffers     cached
Mem:          992M       920M        71M       2.8M       3.0M        17M
-/+ buffers/cache:       899M        92M
Swap:         8.0G        11M       8.0G

             total       used       free     shared    buffers     cached
Mem:          992M       919M        73M       2.5M       2.1M        13M
-/+ buffers/cache:       903M        88M
Swap:         8.0G        29M       8.0G

             total       used       free     shared    buffers     cached
Mem:          992M       920M        71M       2.5M        84K       7.0M
-/+ buffers/cache:       913M        78M
Swap:         8.0G        29M       8.0G

             total       used       free     shared    buffers     cached
Mem:          992M       921M        71M       2.5M       100K       5.2M
-/+ buffers/cache:       915M        76M
Swap:         8.0G        36M       8.0G

             total       used       free     shared    buffers     cached
Mem:          992M       907M        84M       2.5M       104K       4.6M
-/+ buffers/cache:       902M        89M
Swap:         8.0G        69M       7.9G

             total       used       free     shared    buffers     cached
Mem:          992M       919M        72M       2.5M       104K       4.6M
-/+ buffers/cache:       914M        77M
Swap:         8.0G        69M       7.9G

             total       used       free     shared    buffers     cached
Mem:          992M       918M        74M       2.5M       104K       4.5M
-/+ buffers/cache:       913M        78M
Swap:         8.0G        79M       7.9G

             total       used       free     shared    buffers     cached
Mem:          992M       928M        63M       2.5M       112K       4.5M
-/+ buffers/cache:       923M        68M
Swap:         8.0G        84M       7.9G

             total       used       free     shared    buffers     cached
Mem:          992M       912M        80M       2.4M       112K       4.4M
-/+ buffers/cache:       907M        84M
Swap:         8.0G       112M       7.9G

             total       used       free     shared    buffers     cached
Mem:          992M       926M        66M       2.4M       112K       4.4M
-/+ buffers/cache:       921M        70M
Swap:         8.0G       112M       7.9G

             total       used       free     shared    buffers     cached
Mem:          992M       923M        69M       2.4M       112K       4.5M
-/+ buffers/cache:       918M        73M
Swap:         8.0G       135M       7.9G

             total       used       free     shared    buffers     cached
Mem:          992M       923M        68M       2.4M       112K       4.5M
-/+ buffers/cache:       918M        73M
Swap:         8.0G       142M       7.9G

             total       used       free     shared    buffers     cached
Mem:          992M       916M        76M       2.4M        80K       4.4M
-/+ buffers/cache:       911M        80M
Swap:         8.0G       165M       7.8G

             total       used       free     shared    buffers     cached
Mem:          992M       929M        62M       2.4M        88K       4.4M
-/+ buffers/cache:       925M        66M
Swap:         8.0G       165M       7.8G

             total       used       free     shared    buffers     cached
Mem:          992M       916M        75M       2.4M        88K       4.4M
-/+ buffers/cache:       912M        80M
Swap:         8.0G       189M       7.8G

             total       used       free     shared    buffers     cached
Mem:          992M       928M        63M       2.4M        88K       4.4M
-/+ buffers/cache:       923M        68M
Swap:         8.0G       189M       7.8G

             total       used       free     shared    buffers     cached
Mem:          992M       926M        65M       2.4M        88K       4.7M
-/+ buffers/cache:       921M        70M
Swap:         8.0G       207M       7.8G

             total       used       free     shared    buffers     cached
Mem:          992M       924M        67M       2.4M        88K       4.7M
-/+ buffers/cache:       919M        72M
Swap:         8.0G       219M       7.8G

             total       used       free     shared    buffers     cached
Mem:          992M       925M        67M       2.4M        96K       4.7M
-/+ buffers/cache:       920M        71M
Swap:         8.0G       233M       7.8G

             total       used       free     shared    buffers     cached
Mem:          992M       924M        67M       2.4M        96K       4.7M
-/+ buffers/cache:       919M        72M
Swap:         8.0G       245M       7.8G

             total       used       free     shared    buffers     cached
Mem:          992M       921M        70M       2.3M        96K       4.6M
-/+ buffers/cache:       916M        75M
Swap:         8.0G       256M       7.7G

             total       used       free     shared    buffers     cached
Mem:          992M       929M        62M       2.3M        96K       4.6M
-/+ buffers/cache:       925M        67M
Swap:         8.0G       256M       7.7G

             total       used       free     shared    buffers     cached
Mem:          992M       919M        72M       2.3M        96K       4.5M
-/+ buffers/cache:       915M        76M
Swap:         8.0G       271M       7.7G

             total       used       free     shared    buffers     cached
Mem:          992M       925M        66M       2.3M       104K       4.5M
-/+ buffers/cache:       920M        71M
Swap:         8.0G       271M       7.7G

             total       used       free     shared    buffers     cached
Mem:          992M       918M        73M       2.3M       100K       4.5M
-/+ buffers/cache:       913M        78M
Swap:         8.0G       288M       7.7G

             total       used       free     shared    buffers     cached
Mem:          992M       925M        66M       2.3M       100K       4.5M
-/+ buffers/cache:       920M        71M
Swap:         8.0G       288M       7.7G

             total       used       free     shared    buffers     cached
Mem:          992M       931M        61M       2.3M       100K       4.5M
-/+ buffers/cache:       926M        65M
Swap:         8.0G       288M       7.7G

             total       used       free     shared    buffers     cached
Mem:          992M       913M        79M       2.3M        92K       4.5M
-/+ buffers/cache:       908M        83M
Swap:         8.0G       314M       7.7G

             total       used       free     shared    buffers     cached
Mem:          992M       918M        73M       2.3M        92K       4.5M
-/+ buffers/cache:       913M        78M
Swap:         8.0G       314M       7.7G

             total       used       free     shared    buffers     cached
Mem:          992M       921M        71M       2.3M       100K       4.5M
-/+ buffers/cache:       916M        75M
Swap:         8.0G       314M       7.7G

             total       used       free     shared    buffers     cached
Mem:          992M       926M        65M       2.3M       100K       4.5M
-/+ buffers/cache:       921M        70M
Swap:         8.0G       314M       7.7G

             total       used       free     shared    buffers     cached
Mem:          992M       929M        62M       2.3M        76K        22M
-/+ buffers/cache:       907M        85M
Swap:         8.0G       345M       7.7G

             total       used       free     shared    buffers     cached
Mem:          992M       924M        67M       2.3M       532K        23M
-/+ buffers/cache:       900M        91M
Swap:         8.0G       345M       7.7G

             total       used       free     shared    buffers     cached
Mem:          992M       922M        69M        44K       764K        18M
-/+ buffers/cache:       903M        88M
Swap:         8.0G       357M       7.6G

             total       used       free     shared    buffers     cached
Mem:          992M       920M        71M         4K       776K        16M
-/+ buffers/cache:       903M        89M
Swap:         8.0G       344M       7.7G

             total       used       free     shared    buffers     cached
Mem:          992M       921M        70M         4K       328K       6.3M
-/+ buffers/cache:       914M        77M
Swap:         8.0G       335M       7.7G

             total       used       free     shared    buffers     cached
Mem:          992M       922M        69M         4K       168K       3.6M
-/+ buffers/cache:       918M        73M
Swap:         8.0G       341M       7.7G

             total       used       free     shared    buffers     cached
Mem:          992M       921M        70M         4K       324K       3.7M
-/+ buffers/cache:       917M        74M
Swap:         8.0G       335M       7.7G

             total       used       free     shared    buffers     cached
Mem:          992M       920M        71M         0B        80K       616K
-/+ buffers/cache:       919M        72M
Swap:         8.0G       330M       7.7G

             total       used       free     shared    buffers     cached
Mem:          992M       916M        75M         0B       460K       5.7M
-/+ buffers/cache:       910M        81M
Swap:         8.0G       346M       7.7G

             total       used       free     shared    buffers     cached
Mem:          992M       925M        66M         0B       464K       5.9M
-/+ buffers/cache:       919M        72M
Swap:         8.0G       337M       7.7G

             total       used       free     shared    buffers     cached
Mem:          992M       891M       100M         0B       416K       4.1M
-/+ buffers/cache:       887M       104M
Swap:         8.0G       408M       7.6G

             total       used       free     shared    buffers     cached
Mem:          992M       896M        95M         0B        80K       2.4M
-/+ buffers/cache:       894M        98M
Swap:         8.0G       359M       7.6G

             total       used       free     shared    buffers     cached
Mem:          992M       921M        70M         0B       464K       2.4M
-/+ buffers/cache:       918M        73M
Swap:         8.0G       335M       7.7G

             total       used       free     shared    buffers     cached
Mem:          992M       921M        70M         0B       452K       2.1M
-/+ buffers/cache:       919M        73M
Swap:         8.0G       337M       7.7G

             total       used       free     shared    buffers     cached
Mem:          992M       920M        72M         0B       420K       1.9M
-/+ buffers/cache:       917M        74M
Swap:         8.0G       442M       7.6G

             total       used       free     shared    buffers     cached
Mem:          992M       920M        72M         0B       420K       2.1M
-/+ buffers/cache:       917M        74M
Swap:         8.0G       442M       7.6G

             total       used       free     shared    buffers     cached
Mem:          992M       919M        72M         0B       420K       2.0M
-/+ buffers/cache:       917M        74M
Swap:         8.0G       398M       7.6G

             total       used       free     shared    buffers     cached
Mem:          992M       920M        72M         0B       420K       2.0M
-/+ buffers/cache:       917M        74M
Swap:         8.0G       357M       7.6G

             total       used       free     shared    buffers     cached
Mem:          992M       920M        71M         0B       416K       1.8M
-/+ buffers/cache:       918M        74M
Swap:         8.0G       331M       7.7G

             total       used       free     shared    buffers     cached
Mem:          992M       922M        69M         0B       424K       2.1M
-/+ buffers/cache:       920M        72M
Swap:         8.0G       325M       7.7G

             total       used       free     shared    buffers     cached
Mem:          992M       925M        66M         0B       424K       2.1M
-/+ buffers/cache:       922M        69M
Swap:         8.0G       324M       7.7G

             total       used       free     shared    buffers     cached
Mem:          992M       929M        62M         0B       424K       2.2M
-/+ buffers/cache:       927M        64M
Swap:         8.0G       323M       7.7G

             total       used       free     shared    buffers     cached
Mem:          992M       921M        70M         0B       376K       2.1M
-/+ buffers/cache:       918M        73M
Swap:         8.0G       338M       7.7G

             total       used       free     shared    buffers     cached
Mem:          992M       927M        64M         0B       376K       2.2M
-/+ buffers/cache:       924M        67M
Swap:         8.0G       338M       7.7G

             total       used       free     shared    buffers     cached
Mem:          992M       913M        78M         0B       316K       2.1M
-/+ buffers/cache:       911M        80M
Swap:         8.0G       357M       7.6G

             total       used       free     shared    buffers     cached
Mem:          992M       919M        72M         0B       316K       2.1M
-/+ buffers/cache:       917M        74M
Swap:         8.0G       357M       7.6G

             total       used       free     shared    buffers     cached
Mem:          992M       923M        68M         0B       316K       2.2M
-/+ buffers/cache:       921M        71M
Swap:         8.0G       357M       7.6G

             total       used       free     shared    buffers     cached
Mem:          992M       928M        63M         0B       316K       2.1M
-/+ buffers/cache:       926M        65M
Swap:         8.0G       357M       7.6G

             total       used       free     shared    buffers     cached
Mem:          992M       930M        61M         0B       316K       2.2M
-/+ buffers/cache:       927M        64M
Swap:         8.0G       357M       7.6G

             total       used       free     shared    buffers     cached
Mem:          992M       915M        76M         0B       340K       2.9M
-/+ buffers/cache:       911M        80M
Swap:         8.0G       372M       7.6G

             total       used       free     shared    buffers     cached
Mem:          992M       916M        75M         0B       340K       2.9M
-/+ buffers/cache:       913M        78M
Swap:         8.0G       372M       7.6G

             total       used       free     shared    buffers     cached
Mem:          992M       918M        73M         0B       340K       3.1M
-/+ buffers/cache:       915M        77M
Swap:         8.0G       371M       7.6G

             total       used       free     shared    buffers     cached
Mem:          992M       919M        72M         0B       340K       3.1M
-/+ buffers/cache:       916M        75M
Swap:         8.0G       371M       7.6G

             total       used       free     shared    buffers     cached
Mem:          992M       921M        70M         0B       340K       3.1M
-/+ buffers/cache:       918M        74M
Swap:         8.0G       370M       7.6G

             total       used       free     shared    buffers     cached
Mem:          992M       922M        69M         0B       340K       3.1M
-/+ buffers/cache:       919M        73M
Swap:         8.0G       370M       7.6G

             total       used       free     shared    buffers     cached
Mem:          992M       923M        68M         0B       348K       3.1M
-/+ buffers/cache:       920M        71M
Swap:         8.0G       369M       7.6G

             total       used       free     shared    buffers     cached
Mem:          992M       925M        67M         0B       348K       3.1M
-/+ buffers/cache:       921M        70M
Swap:         8.0G       369M       7.6G

             total       used       free     shared    buffers     cached
Mem:          992M       926M        65M         0B       348K       3.1M
-/+ buffers/cache:       922M        69M
Swap:         8.0G       369M       7.6G

             total       used       free     shared    buffers     cached
Mem:          992M       927M        64M         0B       352K       3.1M
-/+ buffers/cache:       923M        68M
Swap:         8.0G       368M       7.6G

             total       used       free     shared    buffers     cached
Mem:          992M       928M        63M         0B       352K       3.1M
-/+ buffers/cache:       924M        67M
Swap:         8.0G       368M       7.6G

             total       used       free     shared    buffers     cached
Mem:          992M       929M        62M         0B       360K       3.2M
-/+ buffers/cache:       926M        66M
Swap:         8.0G       367M       7.6G

             total       used       free     shared    buffers     cached
Mem:          992M       930M        61M         0B       360K       3.3M
-/+ buffers/cache:       927M        65M
Swap:         8.0G       367M       7.6G

             total       used       free     shared    buffers     cached
Mem:          992M       916M        75M         0B       352K       3.1M
-/+ buffers/cache:       913M        78M
Swap:         8.0G       387M       7.6G

             total       used       free     shared    buffers     cached
Mem:          992M       917M        74M         0B       352K       3.1M
-/+ buffers/cache:       914M        78M
Swap:         8.0G       387M       7.6G

             total       used       free     shared    buffers     cached
Mem:          992M       919M        73M         0B       352K       3.1M
-/+ buffers/cache:       915M        76M
Swap:         8.0G       386M       7.6G

             total       used       free     shared    buffers     cached
Mem:          992M       920M        71M         0B       360K       3.1M
-/+ buffers/cache:       916M        75M
Swap:         8.0G       385M       7.6G

             total       used       free     shared    buffers     cached
Mem:          992M       921M        70M         0B       360K       3.1M
-/+ buffers/cache:       918M        74M
Swap:         8.0G       385M       7.6G

             total       used       free     shared    buffers     cached
Mem:          992M       923M        69M         0B       360K       3.1M
-/+ buffers/cache:       919M        72M
Swap:         8.0G       384M       7.6G

             total       used       free     shared    buffers     cached
Mem:          992M       924M        68M         0B       360K       3.1M
-/+ buffers/cache:       920M        71M
Swap:         8.0G       384M       7.6G

             total       used       free     shared    buffers     cached
Mem:          992M       925M        66M         0B       360K       3.1M
-/+ buffers/cache:       922M        70M
Swap:         8.0G       383M       7.6G

             total       used       free     shared    buffers     cached
Mem:          992M       926M        65M         0B       360K       3.1M
-/+ buffers/cache:       923M        68M
Swap:         8.0G       382M       7.6G

             total       used       free     shared    buffers     cached
Mem:          992M       928M        64M         0B       368K       3.1M
-/+ buffers/cache:       924M        67M
Swap:         8.0G       382M       7.6G

             total       used       free     shared    buffers     cached
Mem:          992M       929M        63M         0B       368K       3.1M
-/+ buffers/cache:       925M        66M
Swap:         8.0G       381M       7.6G

             total       used       free     shared    buffers     cached
Mem:          992M       930M        61M         0B       368K       3.1M
-/+ buffers/cache:       927M        65M
Swap:         8.0G       380M       7.6G

             total       used       free     shared    buffers     cached
Mem:          992M       912M        79M         0B       312K       2.8M
-/+ buffers/cache:       909M        82M
Swap:         8.0G       401M       7.6G

             total       used       free     shared    buffers     cached
Mem:          992M       914M        78M         0B       312K       2.8M
-/+ buffers/cache:       911M        81M
Swap:         8.0G       400M       7.6G

             total       used       free     shared    buffers     cached
Mem:          992M       915M        76M         0B       320K       2.8M
-/+ buffers/cache:       912M        79M
Swap:         8.0G       399M       7.6G

             total       used       free     shared    buffers     cached
Mem:          992M       917M        75M         0B       320K       2.8M
-/+ buffers/cache:       914M        78M
Swap:         8.0G       399M       7.6G

             total       used       free     shared    buffers     cached
Mem:          992M       918M        73M         0B       320K       2.8M
-/+ buffers/cache:       915M        76M
Swap:         8.0G       398M       7.6G

             total       used       free     shared    buffers     cached
Mem:          992M       920M        71M         0B       320K       2.8M
-/+ buffers/cache:       917M        75M
Swap:         8.0G       397M       7.6G

             total       used       free     shared    buffers     cached
Mem:          992M       929M        62M         0B        80K        20M
-/+ buffers/cache:       908M        83M
Swap:         8.0G       406M       7.6G

             total       used       free     shared    buffers     cached
Mem:          992M       912M        79M         0B       532K        19M
-/+ buffers/cache:       892M        99M
Swap:         8.0G       427M       7.6G

             total       used       free     shared    buffers     cached
Mem:          992M       914M        77M         0B       796K        19M
-/+ buffers/cache:       894M        97M
Swap:         8.0G       427M       7.6G

             total       used       free     shared    buffers     cached
Mem:          992M       916M        75M         0B       796K        19M
-/+ buffers/cache:       895M        96M
Swap:         8.0G       426M       7.6G

             total       used       free     shared    buffers     cached
Mem:          992M       917M        74M         0B       796K        19M
-/+ buffers/cache:       897M        95M
Swap:         8.0G       425M       7.6G

             total       used       free     shared    buffers     cached
Mem:          992M       919M        72M         0B       796K        19M
-/+ buffers/cache:       898M        93M
Swap:         8.0G       425M       7.6G

             total       used       free     shared    buffers     cached
Mem:          992M       921M        71M         0B       796K        19M
-/+ buffers/cache:       900M        91M
Swap:         8.0G       424M       7.6G

             total       used       free     shared    buffers     cached
Mem:          992M       922M        69M         0B       804K        19M
-/+ buffers/cache:       902M        90M
Swap:         8.0G       423M       7.6G

             total       used       free     shared    buffers     cached
Mem:          992M       924M        68M         0B       804K        19M
-/+ buffers/cache:       903M        88M
Swap:         8.0G       423M       7.6G

             total       used       free     shared    buffers     cached
Mem:          992M       925M        67M         0B       804K        19M
-/+ buffers/cache:       904M        87M
Swap:         8.0G       422M       7.6G

             total       used       free     shared    buffers     cached
Mem:          992M       926M        65M         0B       804K        19M
-/+ buffers/cache:       905M        86M
Swap:         8.0G       421M       7.6G

             total       used       free     shared    buffers     cached
Mem:          992M       927M        64M         0B       804K        19M
-/+ buffers/cache:       906M        85M
Swap:         8.0G       421M       7.6G

             total       used       free     shared    buffers     cached
Mem:          992M       928M        63M         0B       812K        19M
-/+ buffers/cache:       907M        84M
Swap:         8.0G       420M       7.6G

             total       used       free     shared    buffers     cached
Mem:          992M       929M        62M         0B       828K        19M
-/+ buffers/cache:       909M        83M
Swap:         8.0G       420M       7.6G

             total       used       free     shared    buffers     cached
Mem:          992M       931M        60M         0B       828K        20M
-/+ buffers/cache:       910M        81M
Swap:         8.0G       419M       7.6G

             total       used       free     shared    buffers     cached
Mem:          992M       917M        75M         0B       828K        19M
-/+ buffers/cache:       896M        95M
Swap:         8.0G       441M       7.6G

             total       used       free     shared    buffers     cached
Mem:          992M       917M        74M         0B       828K        19M
-/+ buffers/cache:       897M        94M
Swap:         8.0G       441M       7.6G

             total       used       free     shared    buffers     cached
Mem:          992M       918M        73M         0B       836K        19M
-/+ buffers/cache:       898M        93M
Swap:         8.0G       440M       7.6G

             total       used       free     shared    buffers     cached
Mem:          992M       919M        72M         0B       836K        19M
-/+ buffers/cache:       899M        93M
Swap:         8.0G       440M       7.6G

             total       used       free     shared    buffers     cached
Mem:          992M       922M        70M         0B       1.1M        20M
-/+ buffers/cache:       900M        91M
Swap:         8.0G       439M       7.6G

             total       used       free     shared    buffers     cached
Mem:          992M       904M        88M         0B       1.3M        30M
-/+ buffers/cache:       872M       119M
Swap:         8.0G       462M       7.5G

             total       used       free     shared    buffers     cached
Mem:          992M       905M        86M        16K       1.3M        30M
-/+ buffers/cache:       873M       118M
Swap:         8.0G       461M       7.5G

             total       used       free     shared    buffers     cached
Mem:          992M       906M        85M        16K       1.3M        30M
-/+ buffers/cache:       874M       117M
Swap:         8.0G       461M       7.5G

             total       used       free     shared    buffers     cached
Mem:          992M       906M        85M        16K       1.3M        30M
-/+ buffers/cache:       875M       116M
Swap:         8.0G       460M       7.5G

             total       used       free     shared    buffers     cached
Mem:          992M       907M        84M        16K       1.3M        30M
-/+ buffers/cache:       876M       116M
Swap:         8.0G       460M       7.5G

             total       used       free     shared    buffers     cached
Mem:          992M       909M        83M        16K       1.3M        30M
-/+ buffers/cache:       877M       114M
Swap:         8.0G       460M       7.5G

             total       used       free     shared    buffers     cached
Mem:          992M       910M        82M        16K       1.3M        30M
-/+ buffers/cache:       878M       113M
Swap:         8.0G       459M       7.5G

             total       used       free     shared    buffers     cached
Mem:          992M       911M        81M        16K       1.3M        30M
-/+ buffers/cache:       879M       112M
Swap:         8.0G       459M       7.5G

             total       used       free     shared    buffers     cached
Mem:          992M       912M        80M        16K       1.3M        30M
-/+ buffers/cache:       880M       111M
Swap:         8.0G       458M       7.5G

             total       used       free     shared    buffers     cached
Mem:          992M       914M        77M        16K       1.3M        31M
-/+ buffers/cache:       882M       110M
Swap:         8.0G       457M       7.6G

             total       used       free     shared    buffers     cached
Mem:          992M       915M        76M        16K       1.3M        31M
-/+ buffers/cache:       883M       109M
Swap:         8.0G       457M       7.6G

             total       used       free     shared    buffers     cached
Mem:          992M       916M        75M        16K       1.3M        31M
-/+ buffers/cache:       884M       107M
Swap:         8.0G       456M       7.6G

             total       used       free     shared    buffers     cached
Mem:          992M       917M        74M        16K       1.3M        31M
-/+ buffers/cache:       885M       107M
Swap:         8.0G       456M       7.6G

             total       used       free     shared    buffers     cached
Mem:          992M       918M        73M        16K       1.3M        31M
-/+ buffers/cache:       886M       106M
Swap:         8.0G       455M       7.6G

             total       used       free     shared    buffers     cached
Mem:          992M       920M        72M        16K       1.3M        31M
-/+ buffers/cache:       887M       104M
Swap:         8.0G       455M       7.6G

             total       used       free     shared    buffers     cached
Mem:          992M       921M        71M        16K       1.3M        31M
-/+ buffers/cache:       888M       103M
Swap:         8.0G       454M       7.6G

             total       used       free     shared    buffers     cached
Mem:          992M       922M        70M        16K       1.3M        31M
-/+ buffers/cache:       889M       102M
Swap:         8.0G       453M       7.6G

             total       used       free     shared    buffers     cached
Mem:          992M       923M        68M        16K       1.3M        31M
-/+ buffers/cache:       890M       101M
Swap:         8.0G       453M       7.6G

             total       used       free     shared    buffers     cached
Mem:          992M       924M        68M        16K       1.3M        31M
-/+ buffers/cache:       891M       100M
Swap:         8.0G       452M       7.6G

             total       used       free     shared    buffers     cached
Mem:          992M       925M        67M        16K       1.3M        31M
-/+ buffers/cache:       892M        99M
Swap:         8.0G       452M       7.6G

             total       used       free     shared    buffers     cached
Mem:          992M       926M        66M        16K       1.3M        31M
-/+ buffers/cache:       893M        98M
Swap:         8.0G       451M       7.6G

             total       used       free     shared    buffers     cached
Mem:          992M       927M        65M        16K       1.3M        31M
-/+ buffers/cache:       894M        97M
Swap:         8.0G       451M       7.6G

             total       used       free     shared    buffers     cached
Mem:          992M       928M        64M        16K       1.3M        31M
-/+ buffers/cache:       895M        96M
Swap:         8.0G       450M       7.6G

             total       used       free     shared    buffers     cached
Mem:          992M       929M        62M        16K       1.3M        31M
-/+ buffers/cache:       896M        95M
Swap:         8.0G       450M       7.6G

             total       used       free     shared    buffers     cached
Mem:          992M       930M        62M        16K       1.3M        31M
-/+ buffers/cache:       897M        94M
Swap:         8.0G       449M       7.6G

             total       used       free     shared    buffers     cached
Mem:          992M       931M        61M        16K       1.3M        31M
-/+ buffers/cache:       898M        93M
Swap:         8.0G       449M       7.6G

             total       used       free     shared    buffers     cached
Mem:          992M       906M        85M        16K       1.3M        30M
-/+ buffers/cache:       874M       117M
Swap:         8.0G       478M       7.5G

             total       used       free     shared    buffers     cached
Mem:          992M       907M        84M        16K       1.3M        30M
-/+ buffers/cache:       876M       116M
Swap:         8.0G       477M       7.5G

             total       used       free     shared    buffers     cached
Mem:          992M       908M        83M        16K       1.3M        30M
-/+ buffers/cache:       877M       115M
Swap:         8.0G       477M       7.5G

             total       used       free     shared    buffers     cached
Mem:          992M       909M        82M        16K       1.3M        30M
-/+ buffers/cache:       878M       113M
Swap:         8.0G       476M       7.5G

             total       used       free     shared    buffers     cached
Mem:          992M       910M        81M        16K       1.3M        30M
-/+ buffers/cache:       879M       113M
Swap:         8.0G       476M       7.5G

             total       used       free     shared    buffers     cached
Mem:          992M       911M        80M        16K       1.3M        30M
-/+ buffers/cache:       880M       111M
Swap:         8.0G       475M       7.5G

             total       used       free     shared    buffers     cached
Mem:          992M       913M        79M        16K       1.3M        30M
-/+ buffers/cache:       881M       110M
Swap:         8.0G       475M       7.5G

             total       used       free     shared    buffers     cached
Mem:          992M       914M        78M        16K       1.3M        30M
-/+ buffers/cache:       882M       109M
Swap:         8.0G       474M       7.5G

             total       used       free     shared    buffers     cached
Mem:          992M       915M        76M        16K       1.3M        30M
-/+ buffers/cache:       883M       108M
Swap:         8.0G       473M       7.5G

             total       used       free     shared    buffers     cached
Mem:          992M       916M        75M        16K       1.3M        30M
-/+ buffers/cache:       884M       107M
Swap:         8.0G       473M       7.5G

             total       used       free     shared    buffers     cached
Mem:          992M       917M        74M        16K       1.3M        30M
-/+ buffers/cache:       885M       106M
Swap:         8.0G       472M       7.5G

             total       used       free     shared    buffers     cached
Mem:          992M       918M        73M        16K       1.3M        30M
-/+ buffers/cache:       887M       105M
Swap:         8.0G       472M       7.5G

             total       used       free     shared    buffers     cached
Mem:          992M       919M        72M        16K       1.3M        30M
-/+ buffers/cache:       888M       103M
Swap:         8.0G       471M       7.5G

             total       used       free     shared    buffers     cached
Mem:          992M       920M        71M        16K       1.3M        30M
-/+ buffers/cache:       889M       102M
Swap:         8.0G       471M       7.5G

             total       used       free     shared    buffers     cached
Mem:          992M       926M        65M        16K       1.3M        34M
-/+ buffers/cache:       890M       101M
Swap:         8.0G       470M       7.5G

             total       used       free     shared    buffers     cached
Mem:          992M       927M        64M        16K       1.3M        34M
-/+ buffers/cache:       891M       100M
Swap:         8.0G       469M       7.5G

             total       used       free     shared    buffers     cached
Mem:          992M       928M        63M        16K       1.3M        34M
-/+ buffers/cache:       892M        99M
Swap:         8.0G       469M       7.5G

             total       used       free     shared    buffers     cached
Mem:          992M       929M        62M        16K       1.3M        34M
-/+ buffers/cache:       893M        98M
Swap:         8.0G       468M       7.5G

             total       used       free     shared    buffers     cached
Mem:          992M       930M        61M        16K       1.3M        34M
-/+ buffers/cache:       894M        97M
Swap:         8.0G       467M       7.5G

             total       used       free     shared    buffers     cached
Mem:          992M       912M        79M        16K       1.3M        34M
-/+ buffers/cache:       877M       114M
Swap:         8.0G       485M       7.5G

             total       used       free     shared    buffers     cached
Mem:          992M       913M        78M        16K       1.3M        34M
-/+ buffers/cache:       878M       113M
Swap:         8.0G       484M       7.5G

             total       used       free     shared    buffers     cached
Mem:          992M       915M        77M        16K       1.3M        34M
-/+ buffers/cache:       879M       112M
Swap:         8.0G       484M       7.5G

             total       used       free     shared    buffers     cached
Mem:          992M       916M        75M        16K       1.3M        34M
-/+ buffers/cache:       880M       111M
Swap:         8.0G       483M       7.5G

             total       used       free     shared    buffers     cached
Mem:          992M       917M        74M        16K       1.3M        34M
-/+ buffers/cache:       882M       110M
Swap:         8.0G       483M       7.5G

             total       used       free     shared    buffers     cached
Mem:          992M       918M        73M        16K       1.3M        34M
-/+ buffers/cache:       883M       109M
Swap:         8.0G       482M       7.5G

             total       used       free     shared    buffers     cached
Mem:          992M       919M        72M        16K       1.3M        34M
-/+ buffers/cache:       884M       107M
Swap:         8.0G       481M       7.5G

             total       used       free     shared    buffers     cached
Mem:          992M       920M        71M        16K       1.3M        34M
-/+ buffers/cache:       885M       106M
Swap:         8.0G       481M       7.5G

             total       used       free     shared    buffers     cached
Mem:          992M       921M        70M        16K       1.3M        33M
-/+ buffers/cache:       886M       105M
Swap:         8.0G       480M       7.5G

             total       used       free     shared    buffers     cached
Mem:          992M       922M        69M        16K       1.3M        34M
-/+ buffers/cache:       887M       104M
Swap:         8.0G       480M       7.5G

             total       used       free     shared    buffers     cached
Mem:          992M       923M        68M        16K       1.3M        34M
-/+ buffers/cache:       888M       103M
Swap:         8.0G       479M       7.5G

             total       used       free     shared    buffers     cached
Mem:          992M       925M        67M        16K       1.3M        33M
-/+ buffers/cache:       889M       102M
Swap:         8.0G       478M       7.5G

             total       used       free     shared    buffers     cached
Mem:          992M       926M        65M        16K       1.3M        34M
-/+ buffers/cache:       891M       101M
Swap:         8.0G       478M       7.5G

             total       used       free     shared    buffers     cached
Mem:          992M       927M        64M        16K       1.3M        34M
-/+ buffers/cache:       892M        99M
Swap:         8.0G       477M       7.5G

             total       used       free     shared    buffers     cached
Mem:          992M       928M        63M        16K       1.3M        33M
-/+ buffers/cache:       893M        98M
Swap:         8.0G       477M       7.5G

             total       used       free     shared    buffers     cached
Mem:          992M       929M        62M        16K       1.3M        34M
-/+ buffers/cache:       894M        97M
Swap:         8.0G       476M       7.5G

             total       used       free     shared    buffers     cached
Mem:          992M       931M        61M        16K       1.3M        34M
-/+ buffers/cache:       895M        96M
Swap:         8.0G       475M       7.5G

             total       used       free     shared    buffers     cached
Mem:          992M       920M        72M        16K       1.3M        33M
-/+ buffers/cache:       885M       106M
Swap:         8.0G       481M       7.5G

             total       used       free     shared    buffers     cached
Mem:          992M       921M        70M        16K       1.3M        33M
-/+ buffers/cache:       886M       105M
Swap:         8.0G       480M       7.5G

             total       used       free     shared    buffers     cached
Mem:          992M       923M        68M        16K       1.5M        34M
-/+ buffers/cache:       887M       104M
Swap:         8.0G       479M       7.5G

             total       used       free     shared    buffers     cached
Mem:          992M       924M        67M        20K       1.5M        34M
-/+ buffers/cache:       889M       103M
Swap:         8.0G       479M       7.5G

             total       used       free     shared    buffers     cached
Mem:          992M       925M        66M        20K       1.5M        34M
-/+ buffers/cache:       890M       102M
Swap:         8.0G       478M       7.5G

             total       used       free     shared    buffers     cached
Mem:          992M       927M        65M        20K       1.5M        34M
-/+ buffers/cache:       891M       100M
Swap:         8.0G       477M       7.5G

             total       used       free     shared    buffers     cached
Mem:          992M       928M        63M        20K       1.5M        34M
-/+ buffers/cache:       892M        99M
Swap:         8.0G       477M       7.5G

             total       used       free     shared    buffers     cached
Mem:          992M       916M        75M        20K       300K        32M
-/+ buffers/cache:       883M       108M
Swap:         8.0G       494M       7.5G

             total       used       free     shared    buffers     cached
Mem:          992M       917M        74M        20K       300K        32M
-/+ buffers/cache:       884M       107M
Swap:         8.0G       493M       7.5G

             total       used       free     shared    buffers     cached
Mem:          992M       918M        73M        20K       300K        32M
-/+ buffers/cache:       885M       106M
Swap:         8.0G       492M       7.5G

             total       used       free     shared    buffers     cached
Mem:          992M       926M        65M        20K       300K        35M
-/+ buffers/cache:       891M       100M
Swap:         8.0G       490M       7.5G

             total       used       free     shared    buffers     cached
Mem:          992M       927M        64M        20K       300K        35M
-/+ buffers/cache:       891M       100M
Swap:         8.0G       489M       7.5G

             total       used       free     shared    buffers     cached
Mem:          992M       928M        64M        20K       308K        35M
-/+ buffers/cache:       892M        99M
Swap:         8.0G       489M       7.5G

             total       used       free     shared    buffers     cached
Mem:          992M       928M        63M        20K       308K        35M
-/+ buffers/cache:       893M        98M
Swap:         8.0G       489M       7.5G

             total       used       free     shared    buffers     cached
Mem:          992M       929M        63M        20K       308K        35M
-/+ buffers/cache:       893M        98M
Swap:         8.0G       488M       7.5G

             total       used       free     shared    buffers     cached
Mem:          992M       929M        62M        20K       308K        35M
-/+ buffers/cache:       894M        97M
Swap:         8.0G       488M       7.5G

             total       used       free     shared    buffers     cached
Mem:          992M       930M        61M        20K       308K        35M
-/+ buffers/cache:       894M        97M
Swap:         8.0G       488M       7.5G

             total       used       free     shared    buffers     cached
Mem:          992M       931M        61M        20K       308K        35M
-/+ buffers/cache:       895M        96M
Swap:         8.0G       487M       7.5G

             total       used       free     shared    buffers     cached
Mem:          992M       917M        74M        20K       316K        34M
-/+ buffers/cache:       883M       108M
Swap:         8.0G       496M       7.5G

             total       used       free     shared    buffers     cached
Mem:          992M       918M        73M        20K       316K        34M
-/+ buffers/cache:       884M       108M
Swap:         8.0G       496M       7.5G

             total       used       free     shared    buffers     cached
Mem:          992M       923M        68M       228K       316K        36M
-/+ buffers/cache:       886M       105M
Swap:         8.0G       495M       7.5G

             total       used       free     shared    buffers     cached
Mem:          992M       930M        62M       3.9M       2.9M        54M
-/+ buffers/cache:       872M       119M
Swap:         8.0G       519M       7.5G

             total       used       free     shared    buffers     cached
Mem:          992M       922M        69M       3.9M       4.9M        63M
-/+ buffers/cache:       854M       138M
Swap:         8.0G       541M       7.5G

             total       used       free     shared    buffers     cached
Mem:          992M       923M        69M       244K       5.0M        65M
-/+ buffers/cache:       852M       139M
Swap:         8.0G       546M       7.5G

             total       used       free     shared    buffers     cached
Mem:          992M       928M        63M       236K       5.2M        66M
-/+ buffers/cache:       857M       134M
Swap:         8.0G       544M       7.5G

             total       used       free     shared    buffers     cached
Mem:          992M       930M        61M       236K       5.2M        66M
-/+ buffers/cache:       858M       133M
Swap:         8.0G       544M       7.5G

             total       used       free     shared    buffers     cached
Mem:          992M       919M        73M       236K       4.0M        63M
-/+ buffers/cache:       851M       140M
Swap:         8.0G       550M       7.5G

             total       used       free     shared    buffers     cached
Mem:          992M       920M        71M       236K       4.1M        64M
-/+ buffers/cache:       852M       139M
Swap:         8.0G       549M       7.5G

             total       used       free     shared    buffers     cached
Mem:          992M       922M        69M       236K       4.1M        64M
-/+ buffers/cache:       854M       138M
Swap:         8.0G       549M       7.5G

             total       used       free     shared    buffers     cached
Mem:          992M       923M        68M       236K       4.1M        64M
-/+ buffers/cache:       855M       136M
Swap:         8.0G       548M       7.5G

             total       used       free     shared    buffers     cached
Mem:          992M       925M        67M       236K       4.1M        64M
-/+ buffers/cache:       856M       135M
Swap:         8.0G       547M       7.5G

             total       used       free     shared    buffers     cached
Mem:          992M       926M        65M       236K       4.1M        64M
-/+ buffers/cache:       857M       134M
Swap:         8.0G       547M       7.5G

             total       used       free     shared    buffers     cached
Mem:          992M       927M        64M       236K       4.1M        64M
-/+ buffers/cache:       859M       132M
Swap:         8.0G       546M       7.5G

             total       used       free     shared    buffers     cached
Mem:          992M       928M        63M       236K       4.2M        64M
-/+ buffers/cache:       860M       131M
Swap:         8.0G       545M       7.5G

             total       used       free     shared    buffers     cached
Mem:          992M       929M        62M       236K       4.2M        64M
-/+ buffers/cache:       861M       130M
Swap:         8.0G       545M       7.5G

             total       used       free     shared    buffers     cached
Mem:          992M       931M        61M       236K       4.2M        64M
-/+ buffers/cache:       862M       129M
Swap:         8.0G       544M       7.5G

             total       used       free     shared    buffers     cached
Mem:          992M       914M        77M       236K       4.2M        61M
-/+ buffers/cache:       848M       143M
Swap:         8.0G       568M       7.4G

             total       used       free     shared    buffers     cached
Mem:          992M       915M        76M       236K       4.2M        61M
-/+ buffers/cache:       850M       142M
Swap:         8.0G       567M       7.4G

             total       used       free     shared    buffers     cached
Mem:          992M       917M        74M       236K       4.2M        61M
-/+ buffers/cache:       851M       141M
Swap:         8.0G       567M       7.4G

             total       used       free     shared    buffers     cached
Mem:          992M       918M        73M       236K       4.2M        62M
-/+ buffers/cache:       852M       140M
Swap:         8.0G       566M       7.4G

             total       used       free     shared    buffers     cached
Mem:          992M       919M        72M       236K       4.2M        61M
-/+ buffers/cache:       853M       138M
Swap:         8.0G       566M       7.4G

             total       used       free     shared    buffers     cached
Mem:          992M       920M        71M       236K       4.2M        61M
-/+ buffers/cache:       854M       137M
Swap:         8.0G       565M       7.4G

             total       used       free     shared    buffers     cached
Mem:          992M       922M        70M       236K       4.2M        62M
-/+ buffers/cache:       855M       136M
Swap:         8.0G       564M       7.4G

             total       used       free     shared    buffers     cached
Mem:          992M       923M        68M       236K       4.2M        62M
-/+ buffers/cache:       857M       135M
Swap:         8.0G       564M       7.4G

             total       used       free     shared    buffers     cached
Mem:          992M       924M        67M       236K       4.2M        61M
-/+ buffers/cache:       858M       133M
Swap:         8.0G       563M       7.4G

             total       used       free     shared    buffers     cached
Mem:          992M       925M        66M       236K       4.2M        62M
-/+ buffers/cache:       859M       132M
Swap:         8.0G       562M       7.4G

             total       used       free     shared    buffers     cached
Mem:          992M       927M        65M       236K       4.2M        61M
-/+ buffers/cache:       860M       131M
Swap:         8.0G       561M       7.4G

             total       used       free     shared    buffers     cached
Mem:          992M       928M        63M       236K       4.2M        61M
-/+ buffers/cache:       862M       130M
Swap:         8.0G       561M       7.4G

             total       used       free     shared    buffers     cached
Mem:          992M       929M        62M       236K       4.2M        61M
-/+ buffers/cache:       863M       128M
Swap:         8.0G       560M       7.4G

             total       used       free     shared    buffers     cached
Mem:          992M       930M        61M       236K       4.2M        62M
-/+ buffers/cache:       864M       127M
Swap:         8.0G       560M       7.5G

             total       used       free     shared    buffers     cached
Mem:          992M       910M        81M       236K       5.2M        60M
-/+ buffers/cache:       844M       147M
Swap:         8.0G       569M       7.4G

             total       used       free     shared    buffers     cached
Mem:          992M       913M        78M       284K       7.8M        67M
-/+ buffers/cache:       837M       154M
Swap:         8.0G       576M       7.4G
