             total       used       free     shared    buffers     cached
Mem:          2.0G       659M       1.3G       3.2M        38M       289M
-/+ buffers/cache:       331M       1.6G
Swap:         8.0G         0B       8.0G

             total       used       free     shared    buffers     cached
Mem:          2.0G       658M       1.3G       3.2M        38M       289M
-/+ buffers/cache:       330M       1.6G
Swap:         8.0G         0B       8.0G

             total       used       free     shared    buffers     cached
Mem:          2.0G       658M       1.3G       3.2M        38M       289M
-/+ buffers/cache:       330M       1.6G
Swap:         8.0G         0B       8.0G

             total       used       free     shared    buffers     cached
Mem:          2.0G       658M       1.3G       3.2M        38M       289M
-/+ buffers/cache:       330M       1.6G
Swap:         8.0G         0B       8.0G

             total       used       free     shared    buffers     cached
Mem:          2.0G       658M       1.3G       3.2M        38M       289M
-/+ buffers/cache:       330M       1.6G
Swap:         8.0G         0B       8.0G

             total       used       free     shared    buffers     cached
Mem:          2.0G       658M       1.3G       3.2M        38M       289M
-/+ buffers/cache:       330M       1.6G
Swap:         8.0G         0B       8.0G

             total       used       free     shared    buffers     cached
Mem:          2.0G       658M       1.3G       3.2M        38M       289M
-/+ buffers/cache:       330M       1.6G
Swap:         8.0G         0B       8.0G

             total       used       free     shared    buffers     cached
Mem:          2.0G       658M       1.3G       3.2M        38M       289M
-/+ buffers/cache:       330M       1.6G
Swap:         8.0G         0B       8.0G

             total       used       free     shared    buffers     cached
Mem:          2.0G       659M       1.3G       3.2M        38M       290M
-/+ buffers/cache:       330M       1.6G
Swap:         8.0G         0B       8.0G

             total       used       free     shared    buffers     cached
Mem:          2.0G       659M       1.3G       3.2M        38M       290M
-/+ buffers/cache:       330M       1.6G
Swap:         8.0G         0B       8.0G

             total       used       free     shared    buffers     cached
Mem:          2.0G       662M       1.3G       3.2M        38M       290M
-/+ buffers/cache:       333M       1.6G
Swap:         8.0G         0B       8.0G

             total       used       free     shared    buffers     cached
Mem:          2.0G       686M       1.3G       3.2M        38M       290M
-/+ buffers/cache:       357M       1.6G
Swap:         8.0G         0B       8.0G

             total       used       free     shared    buffers     cached
Mem:          2.0G       708M       1.3G       3.2M        38M       290M
-/+ buffers/cache:       378M       1.6G
Swap:         8.0G         0B       8.0G

             total       used       free     shared    buffers     cached
Mem:          2.0G       668M       1.3G       3.2M        38M       291M
-/+ buffers/cache:       337M       1.6G
Swap:         8.0G         0B       8.0G

             total       used       free     shared    buffers     cached
Mem:          2.0G       668M       1.3G       3.2M        38M       291M
-/+ buffers/cache:       338M       1.6G
Swap:         8.0G         0B       8.0G

             total       used       free     shared    buffers     cached
Mem:          2.0G       668M       1.3G       3.2M        38M       291M
-/+ buffers/cache:       338M       1.6G
Swap:         8.0G         0B       8.0G

             total       used       free     shared    buffers     cached
Mem:          2.0G       668M       1.3G       3.2M        38M       291M
-/+ buffers/cache:       338M       1.6G
Swap:         8.0G         0B       8.0G

             total       used       free     shared    buffers     cached
Mem:          2.0G       668M       1.3G       3.2M        38M       291M
-/+ buffers/cache:       338M       1.6G
Swap:         8.0G         0B       8.0G

             total       used       free     shared    buffers     cached
Mem:          2.0G       668M       1.3G       3.2M        38M       291M
-/+ buffers/cache:       338M       1.6G
Swap:         8.0G         0B       8.0G

             total       used       free     shared    buffers     cached
Mem:          2.0G       668M       1.3G       3.2M        38M       291M
-/+ buffers/cache:       338M       1.6G
Swap:         8.0G         0B       8.0G

             total       used       free     shared    buffers     cached
Mem:          2.0G       668M       1.3G       3.2M        38M       291M
-/+ buffers/cache:       338M       1.6G
Swap:         8.0G         0B       8.0G

             total       used       free     shared    buffers     cached
Mem:          2.0G       668M       1.3G       3.2M        38M       291M
-/+ buffers/cache:       338M       1.6G
Swap:         8.0G         0B       8.0G

             total       used       free     shared    buffers     cached
Mem:          2.0G       668M       1.3G       3.2M        38M       291M
-/+ buffers/cache:       338M       1.6G
Swap:         8.0G         0B       8.0G

             total       used       free     shared    buffers     cached
Mem:          2.0G       668M       1.3G       3.2M        38M       291M
-/+ buffers/cache:       338M       1.6G
Swap:         8.0G         0B       8.0G

             total       used       free     shared    buffers     cached
Mem:          2.0G       668M       1.3G       3.2M        38M       291M
-/+ buffers/cache:       338M       1.6G
Swap:         8.0G         0B       8.0G

             total       used       free     shared    buffers     cached
Mem:          2.0G       668M       1.3G       3.2M        38M       291M
-/+ buffers/cache:       338M       1.6G
Swap:         8.0G         0B       8.0G

             total       used       free     shared    buffers     cached
Mem:          2.0G       668M       1.3G       3.2M        38M       291M
-/+ buffers/cache:       338M       1.6G
Swap:         8.0G         0B       8.0G

             total       used       free     shared    buffers     cached
Mem:          2.0G       668M       1.3G       3.2M        38M       291M
-/+ buffers/cache:       338M       1.6G
Swap:         8.0G         0B       8.0G

             total       used       free     shared    buffers     cached
Mem:          2.0G       668M       1.3G       3.2M        38M       291M
-/+ buffers/cache:       338M       1.6G
Swap:         8.0G         0B       8.0G

             total       used       free     shared    buffers     cached
Mem:          2.0G       668M       1.3G       3.2M        38M       291M
-/+ buffers/cache:       338M       1.6G
Swap:         8.0G         0B       8.0G

             total       used       free     shared    buffers     cached
Mem:          2.0G       668M       1.3G       3.2M        38M       291M
-/+ buffers/cache:       338M       1.6G
Swap:         8.0G         0B       8.0G

             total       used       free     shared    buffers     cached
Mem:          2.0G       668M       1.3G       3.2M        38M       291M
-/+ buffers/cache:       338M       1.6G
Swap:         8.0G         0B       8.0G

             total       used       free     shared    buffers     cached
Mem:          2.0G       668M       1.3G       3.2M        38M       291M
-/+ buffers/cache:       338M       1.6G
Swap:         8.0G         0B       8.0G

             total       used       free     shared    buffers     cached
Mem:          2.0G       675M       1.3G       3.2M        38M       291M
-/+ buffers/cache:       344M       1.6G
Swap:         8.0G         0B       8.0G

             total       used       free     shared    buffers     cached
Mem:          2.0G       692M       1.3G       3.2M        38M       291M
-/+ buffers/cache:       361M       1.6G
Swap:         8.0G         0B       8.0G

             total       used       free     shared    buffers     cached
Mem:          2.0G       709M       1.3G       3.2M        38M       291M
-/+ buffers/cache:       378M       1.6G
Swap:         8.0G         0B       8.0G

             total       used       free     shared    buffers     cached
Mem:          2.0G       726M       1.2G       3.2M        38M       291M
-/+ buffers/cache:       395M       1.6G
Swap:         8.0G         0B       8.0G

             total       used       free     shared    buffers     cached
Mem:          2.0G       743M       1.2G       3.2M        38M       291M
-/+ buffers/cache:       412M       1.6G
Swap:         8.0G         0B       8.0G

             total       used       free     shared    buffers     cached
Mem:          2.0G       759M       1.2G       3.2M        38M       291M
-/+ buffers/cache:       428M       1.5G
Swap:         8.0G         0B       8.0G

             total       used       free     shared    buffers     cached
Mem:          2.0G       777M       1.2G       3.2M        39M       291M
-/+ buffers/cache:       446M       1.5G
Swap:         8.0G         0B       8.0G

             total       used       free     shared    buffers     cached
Mem:          2.0G       791M       1.2G       3.2M        39M       291M
-/+ buffers/cache:       460M       1.5G
Swap:         8.0G         0B       8.0G

             total       used       free     shared    buffers     cached
Mem:          2.0G       809M       1.2G       3.2M        39M       291M
-/+ buffers/cache:       478M       1.5G
Swap:         8.0G         0B       8.0G

             total       used       free     shared    buffers     cached
Mem:          2.0G       826M       1.1G       3.2M        39M       291M
-/+ buffers/cache:       496M       1.5G
Swap:         8.0G         0B       8.0G

             total       used       free     shared    buffers     cached
Mem:          2.0G       846M       1.1G       3.2M        39M       291M
-/+ buffers/cache:       515M       1.5G
Swap:         8.0G         0B       8.0G

             total       used       free     shared    buffers     cached
Mem:          2.0G       862M       1.1G       3.2M        39M       291M
-/+ buffers/cache:       531M       1.4G
Swap:         8.0G         0B       8.0G

             total       used       free     shared    buffers     cached
Mem:          2.0G       879M       1.1G       3.2M        39M       291M
-/+ buffers/cache:       548M       1.4G
Swap:         8.0G         0B       8.0G

             total       used       free     shared    buffers     cached
Mem:          2.0G       894M       1.1G       3.2M        39M       291M
-/+ buffers/cache:       563M       1.4G
Swap:         8.0G         0B       8.0G

             total       used       free     shared    buffers     cached
Mem:          2.0G       911M       1.1G       3.2M        39M       291M
-/+ buffers/cache:       580M       1.4G
Swap:         8.0G         0B       8.0G

             total       used       free     shared    buffers     cached
Mem:          2.0G       927M       1.0G       3.2M        39M       291M
-/+ buffers/cache:       596M       1.4G
Swap:         8.0G         0B       8.0G

             total       used       free     shared    buffers     cached
Mem:          2.0G       944M       1.0G       3.2M        39M       291M
-/+ buffers/cache:       614M       1.4G
Swap:         8.0G         0B       8.0G

             total       used       free     shared    buffers     cached
Mem:          2.0G       962M       1.0G       3.2M        39M       291M
-/+ buffers/cache:       631M       1.3G
Swap:         8.0G         0B       8.0G

             total       used       free     shared    buffers     cached
Mem:          2.0G       980M       1.0G       3.2M        39M       291M
-/+ buffers/cache:       649M       1.3G
Swap:         8.0G         0B       8.0G

             total       used       free     shared    buffers     cached
Mem:          2.0G       997M       1.0G       3.2M        39M       291M
-/+ buffers/cache:       666M       1.3G
Swap:         8.0G         0B       8.0G

             total       used       free     shared    buffers     cached
Mem:          2.0G       1.0G       984M       3.2M        39M       291M
-/+ buffers/cache:       684M       1.3G
Swap:         8.0G         0B       8.0G

             total       used       free     shared    buffers     cached
Mem:          2.0G       1.0G       966M       3.2M        39M       291M
-/+ buffers/cache:       702M       1.3G
Swap:         8.0G         0B       8.0G

             total       used       free     shared    buffers     cached
Mem:          2.0G       1.0G       949M       3.2M        39M       291M
-/+ buffers/cache:       719M       1.3G
Swap:         8.0G         0B       8.0G

             total       used       free     shared    buffers     cached
Mem:          2.0G       1.0G       932M       3.2M        39M       291M
-/+ buffers/cache:       737M       1.2G
Swap:         8.0G         0B       8.0G

             total       used       free     shared    buffers     cached
Mem:          2.0G       1.1G       915M       3.2M        39M       291M
-/+ buffers/cache:       753M       1.2G
Swap:         8.0G         0B       8.0G

             total       used       free     shared    buffers     cached
Mem:          2.0G       1.1G       899M       3.2M        39M       291M
-/+ buffers/cache:       769M       1.2G
Swap:         8.0G         0B       8.0G

             total       used       free     shared    buffers     cached
Mem:          2.0G       1.1G       883M       3.2M        39M       291M
-/+ buffers/cache:       786M       1.2G
Swap:         8.0G         0B       8.0G

             total       used       free     shared    buffers     cached
Mem:          2.0G       1.1G       872M       3.2M        39M       291M
-/+ buffers/cache:       796M       1.2G
Swap:         8.0G         0B       8.0G

             total       used       free     shared    buffers     cached
Mem:          2.0G       1.1G       855M       3.2M        39M       291M
-/+ buffers/cache:       813M       1.2G
Swap:         8.0G         0B       8.0G

             total       used       free     shared    buffers     cached
Mem:          2.0G       1.1G       837M       3.2M        39M       291M
-/+ buffers/cache:       831M       1.1G
Swap:         8.0G         0B       8.0G

             total       used       free     shared    buffers     cached
Mem:          2.0G       1.2G       821M       3.2M        39M       291M
-/+ buffers/cache:       847M       1.1G
Swap:         8.0G         0B       8.0G

             total       used       free     shared    buffers     cached
Mem:          2.0G       1.2G       805M       3.2M        39M       291M
-/+ buffers/cache:       863M       1.1G
Swap:         8.0G         0B       8.0G

             total       used       free     shared    buffers     cached
Mem:          2.0G       1.2G       789M       3.2M        39M       291M
-/+ buffers/cache:       879M       1.1G
Swap:         8.0G         0B       8.0G

             total       used       free     shared    buffers     cached
Mem:          2.0G       1.2G       771M       3.2M        39M       291M
-/+ buffers/cache:       897M       1.1G
Swap:         8.0G         0B       8.0G

             total       used       free     shared    buffers     cached
Mem:          2.0G       1.2G       754M       3.2M        39M       291M
-/+ buffers/cache:       914M       1.1G
Swap:         8.0G         0B       8.0G

             total       used       free     shared    buffers     cached
Mem:          2.0G       1.2G       738M       3.2M        39M       291M
-/+ buffers/cache:       930M       1.0G
Swap:         8.0G         0B       8.0G

             total       used       free     shared    buffers     cached
Mem:          2.0G       1.2G       721M       3.2M        39M       291M
-/+ buffers/cache:       947M       1.0G
Swap:         8.0G         0B       8.0G

             total       used       free     shared    buffers     cached
Mem:          2.0G       1.3G       701M       3.2M        39M       292M
-/+ buffers/cache:       967M       1.0G
Swap:         8.0G         0B       8.0G

             total       used       free     shared    buffers     cached
Mem:          2.0G       1.3G       685M       3.2M        39M       292M
-/+ buffers/cache:       983M       1.0G
Swap:         8.0G         0B       8.0G

             total       used       free     shared    buffers     cached
Mem:          2.0G       1.3G       668M       3.2M        39M       292M
-/+ buffers/cache:       1.0G       999M
Swap:         8.0G         0B       8.0G

             total       used       free     shared    buffers     cached
Mem:          2.0G       1.3G       652M       3.2M        39M       292M
-/+ buffers/cache:       1.0G       983M
Swap:         8.0G         0B       8.0G

             total       used       free     shared    buffers     cached
Mem:          2.0G       1.3G       635M       3.2M        39M       292M
-/+ buffers/cache:       1.0G       966M
Swap:         8.0G         0B       8.0G

             total       used       free     shared    buffers     cached
Mem:          2.0G       1.3G       619M       3.2M        39M       292M
-/+ buffers/cache:       1.0G       950M
Swap:         8.0G         0B       8.0G

             total       used       free     shared    buffers     cached
Mem:          2.0G       1.4G       602M       3.2M        39M       292M
-/+ buffers/cache:       1.0G       933M
Swap:         8.0G         0B       8.0G

             total       used       free     shared    buffers     cached
Mem:          2.0G       1.4G       586M       3.2M        39M       292M
-/+ buffers/cache:       1.1G       917M
Swap:         8.0G         0B       8.0G

             total       used       free     shared    buffers     cached
Mem:          2.0G       1.4G       570M       3.2M        39M       292M
-/+ buffers/cache:       1.1G       901M
Swap:         8.0G         0B       8.0G

             total       used       free     shared    buffers     cached
Mem:          2.0G       1.4G       554M       3.2M        39M       292M
-/+ buffers/cache:       1.1G       885M
Swap:         8.0G         0B       8.0G

             total       used       free     shared    buffers     cached
Mem:          2.0G       1.4G       537M       3.2M        39M       292M
-/+ buffers/cache:       1.1G       868M
Swap:         8.0G         0B       8.0G

             total       used       free     shared    buffers     cached
Mem:          2.0G       1.4G       520M       3.2M        39M       292M
-/+ buffers/cache:       1.1G       851M
Swap:         8.0G         0B       8.0G

             total       used       free     shared    buffers     cached
Mem:          2.0G       1.5G       504M       3.2M        39M       292M
-/+ buffers/cache:       1.1G       835M
Swap:         8.0G         0B       8.0G

             total       used       free     shared    buffers     cached
Mem:          2.0G       1.5G       487M       3.2M        39M       292M
-/+ buffers/cache:       1.2G       818M
Swap:         8.0G         0B       8.0G

             total       used       free     shared    buffers     cached
Mem:          2.0G       1.5G       470M       3.2M        39M       292M
-/+ buffers/cache:       1.2G       801M
Swap:         8.0G         0B       8.0G

             total       used       free     shared    buffers     cached
Mem:          2.0G       1.5G       454M       3.2M        39M       292M
-/+ buffers/cache:       1.2G       785M
Swap:         8.0G         0B       8.0G

             total       used       free     shared    buffers     cached
Mem:          2.0G       1.5G       437M       3.2M        39M       292M
-/+ buffers/cache:       1.2G       768M
Swap:         8.0G         0B       8.0G

             total       used       free     shared    buffers     cached
Mem:          2.0G       1.5G       428M       3.2M        39M       292M
-/+ buffers/cache:       1.2G       759M
Swap:         8.0G         0B       8.0G

             total       used       free     shared    buffers     cached
Mem:          2.0G       1.5G       417M       3.2M        39M       292M
-/+ buffers/cache:       1.2G       748M
Swap:         8.0G         0B       8.0G

             total       used       free     shared    buffers     cached
Mem:          2.0G       1.6G       399M       3.2M        39M       292M
-/+ buffers/cache:       1.2G       730M
Swap:         8.0G         0B       8.0G

             total       used       free     shared    buffers     cached
Mem:          2.0G       1.6G       381M       3.2M        39M       292M
-/+ buffers/cache:       1.3G       712M
Swap:         8.0G         0B       8.0G

             total       used       free     shared    buffers     cached
Mem:          2.0G       1.6G       364M       3.2M        39M       292M
-/+ buffers/cache:       1.3G       695M
Swap:         8.0G         0B       8.0G

             total       used       free     shared    buffers     cached
Mem:          2.0G       1.6G       345M       3.2M        39M       292M
-/+ buffers/cache:       1.3G       676M
Swap:         8.0G         0B       8.0G

             total       used       free     shared    buffers     cached
Mem:          2.0G       1.6G       327M       3.2M        39M       292M
-/+ buffers/cache:       1.3G       658M
Swap:         8.0G         0B       8.0G

             total       used       free     shared    buffers     cached
Mem:          2.0G       1.7G       310M       3.2M        39M       292M
-/+ buffers/cache:       1.3G       641M
Swap:         8.0G         0B       8.0G

             total       used       free     shared    buffers     cached
Mem:          2.0G       1.7G       293M       3.2M        39M       292M
-/+ buffers/cache:       1.3G       624M
Swap:         8.0G         0B       8.0G

             total       used       free     shared    buffers     cached
Mem:          2.0G       1.7G       275M       3.2M        39M       292M
-/+ buffers/cache:       1.4G       606M
Swap:         8.0G         0B       8.0G

             total       used       free     shared    buffers     cached
Mem:          2.0G       1.7G       258M       3.2M        39M       292M
-/+ buffers/cache:       1.4G       589M
Swap:         8.0G         0B       8.0G

             total       used       free     shared    buffers     cached
Mem:          2.0G       1.7G       240M       3.2M        39M       292M
-/+ buffers/cache:       1.4G       571M
Swap:         8.0G         0B       8.0G

             total       used       free     shared    buffers     cached
Mem:          2.0G       1.7G       223M       3.2M        39M       292M
-/+ buffers/cache:       1.4G       554M
Swap:         8.0G         0B       8.0G

             total       used       free     shared    buffers     cached
Mem:          2.0G       1.8G       205M       3.2M        39M       292M
-/+ buffers/cache:       1.4G       536M
Swap:         8.0G         0B       8.0G

             total       used       free     shared    buffers     cached
Mem:          2.0G       1.8G       187M       3.2M        39M       292M
-/+ buffers/cache:       1.4G       518M
Swap:         8.0G         0B       8.0G

             total       used       free     shared    buffers     cached
Mem:          2.0G       1.8G       170M       3.2M        39M       292M
-/+ buffers/cache:       1.5G       502M
Swap:         8.0G         0B       8.0G

             total       used       free     shared    buffers     cached
Mem:          2.0G       1.8G       155M       3.2M        39M       292M
-/+ buffers/cache:       1.5G       486M
Swap:         8.0G         0B       8.0G

             total       used       free     shared    buffers     cached
Mem:          2.0G       1.8G       138M       3.2M        39M       292M
-/+ buffers/cache:       1.5G       469M
Swap:         8.0G         0B       8.0G

             total       used       free     shared    buffers     cached
Mem:          2.0G       1.8G       123M       3.2M        39M       292M
-/+ buffers/cache:       1.5G       454M
Swap:         8.0G         0B       8.0G

             total       used       free     shared    buffers     cached
Mem:          2.0G       1.8G       105M       3.2M        39M       292M
-/+ buffers/cache:       1.5G       437M
Swap:         8.0G         0B       8.0G

             total       used       free     shared    buffers     cached
Mem:          2.0G       1.9G        89M       3.2M        39M       292M
-/+ buffers/cache:       1.5G       421M
Swap:         8.0G         0B       8.0G

             total       used       free     shared    buffers     cached
Mem:          2.0G       1.9G        74M       3.2M        39M       292M
-/+ buffers/cache:       1.6G       405M
Swap:         8.0G         0B       8.0G

             total       used       free     shared    buffers     cached
Mem:          2.0G       1.9G        79M       3.2M        17M       290M
-/+ buffers/cache:       1.6G       387M
Swap:         8.0G         0B       8.0G

             total       used       free     shared    buffers     cached
Mem:          2.0G       1.9G        79M       3.2M        10M       281M
-/+ buffers/cache:       1.6G       370M
Swap:         8.0G         0B       8.0G

             total       used       free     shared    buffers     cached
Mem:          2.0G       1.9G        65M       3.2M        10M       277M
-/+ buffers/cache:       1.6G       353M
Swap:         8.0G        60K       8.0G

             total       used       free     shared    buffers     cached
Mem:          2.0G       1.9G        64M       3.2M        10M       264M
-/+ buffers/cache:       1.6G       338M
Swap:         8.0G        76K       8.0G

             total       used       free     shared    buffers     cached
Mem:          2.0G       1.9G        65M       3.1M        10M       246M
-/+ buffers/cache:       1.6G       321M
Swap:         8.0G       208K       8.0G

             total       used       free     shared    buffers     cached
Mem:          2.0G       1.9G        64M       3.0M        10M       233M
-/+ buffers/cache:       1.7G       307M
Swap:         8.0G       5.6M       8.0G

             total       used       free     shared    buffers     cached
Mem:          2.0G       1.9G        80M       2.9M       9.3M       207M
-/+ buffers/cache:       1.7G       296M
Swap:         8.0G        11M       8.0G

             total       used       free     shared    buffers     cached
Mem:          2.0G       1.9G        63M       2.9M       9.3M       207M
-/+ buffers/cache:       1.7G       279M
Swap:         8.0G        11M       8.0G

             total       used       free     shared    buffers     cached
Mem:          2.0G       1.9G        72M       2.9M       1.5M       189M
-/+ buffers/cache:       1.7G       264M
Swap:         8.0G        11M       8.0G

             total       used       free     shared    buffers     cached
Mem:          2.0G       1.9G        69M       2.9M       316K       176M
-/+ buffers/cache:       1.7G       246M
Swap:         8.0G        11M       8.0G

             total       used       free     shared    buffers     cached
Mem:          2.0G       1.9G        75M       2.9M       316K       155M
-/+ buffers/cache:       1.7G       232M
Swap:         8.0G        11M       8.0G

             total       used       free     shared    buffers     cached
Mem:          2.0G       1.9G        78M       2.9M       316K       137M
-/+ buffers/cache:       1.7G       216M
Swap:         8.0G        11M       8.0G

             total       used       free     shared    buffers     cached
Mem:          2.0G       1.9G        78M       2.9M        76K       121M
-/+ buffers/cache:       1.8G       200M
Swap:         8.0G        11M       8.0G

             total       used       free     shared    buffers     cached
Mem:          2.0G       1.9G        77M       2.9M        80K       107M
-/+ buffers/cache:       1.8G       184M
Swap:         8.0G        11M       8.0G

             total       used       free     shared    buffers     cached
Mem:          2.0G       1.9G        74M       2.9M        92K        94M
-/+ buffers/cache:       1.8G       169M
Swap:         8.0G        11M       8.0G

             total       used       free     shared    buffers     cached
Mem:          2.0G       1.9G        81M       2.9M        92K        73M
-/+ buffers/cache:       1.8G       154M
Swap:         8.0G        11M       8.0G

             total       used       free     shared    buffers     cached
Mem:          2.0G       1.9G        72M       2.9M       100K        65M
-/+ buffers/cache:       1.8G       138M
Swap:         8.0G        11M       8.0G

             total       used       free     shared    buffers     cached
Mem:          2.0G       1.9G        65M       2.9M       100K        57M
-/+ buffers/cache:       1.8G       122M
Swap:         8.0G        11M       8.0G

             total       used       free     shared    buffers     cached
Mem:          2.0G       1.9G        82M       2.9M       112K        26M
-/+ buffers/cache:       1.8G       109M
Swap:         8.0G        11M       8.0G

             total       used       free     shared    buffers     cached
Mem:          2.0G       1.9G        67M       2.9M       244K        26M
-/+ buffers/cache:       1.9G        94M
Swap:         8.0G        11M       8.0G

             total       used       free     shared    buffers     cached
Mem:          2.0G       1.9G        75M       2.9M       508K       6.6M
-/+ buffers/cache:       1.9G        82M
Swap:         8.0G        12M       8.0G

             total       used       free     shared    buffers     cached
Mem:          2.0G       1.9G        79M       2.5M       332K       4.5M
-/+ buffers/cache:       1.9G        84M
Swap:         8.0G        29M       8.0G

             total       used       free     shared    buffers     cached
Mem:          2.0G       1.9G        84M       2.5M       336K       4.4M
-/+ buffers/cache:       1.9G        89M
Swap:         8.0G        51M       7.9G

             total       used       free     shared    buffers     cached
Mem:          2.0G       1.9G        68M       2.5M       336K       4.6M
-/+ buffers/cache:       1.9G        73M
Swap:         8.0G        51M       7.9G

             total       used       free     shared    buffers     cached
Mem:          2.0G       1.9G        84M       2.4M       336K       4.5M
-/+ buffers/cache:       1.9G        89M
Swap:         8.0G        98M       7.9G

             total       used       free     shared    buffers     cached
Mem:          2.0G       1.9G        68M       2.4M       336K       4.4M
-/+ buffers/cache:       1.9G        73M
Swap:         8.0G        98M       7.9G

             total       used       free     shared    buffers     cached
Mem:          2.0G       1.9G        66M       2.4M       344K       4.4M
-/+ buffers/cache:       1.9G        71M
Swap:         8.0G        98M       7.9G

             total       used       free     shared    buffers     cached
Mem:          2.0G       1.9G        65M       2.4M       344K       4.5M
-/+ buffers/cache:       1.9G        70M
Swap:         8.0G       113M       7.9G

             total       used       free     shared    buffers     cached
Mem:          2.0G       1.9G        74M       2.4M       316K       4.5M
-/+ buffers/cache:       1.9G        79M
Swap:         8.0G       144M       7.9G

             total       used       free     shared    buffers     cached
Mem:          2.0G       1.9G        79M       2.4M       260K       4.5M
-/+ buffers/cache:       1.9G        84M
Swap:         8.0G       158M       7.8G

             total       used       free     shared    buffers     cached
Mem:          2.0G       1.9G        86M       2.4M       264K       4.4M
-/+ buffers/cache:       1.9G        91M
Swap:         8.0G       192M       7.8G

             total       used       free     shared    buffers     cached
Mem:          2.0G       1.9G        73M       2.4M       264K       4.4M
-/+ buffers/cache:       1.9G        78M
Swap:         8.0G       192M       7.8G

             total       used       free     shared    buffers     cached
Mem:          2.0G       1.9G        72M       2.4M       256K       4.6M
-/+ buffers/cache:       1.9G        77M
Swap:         8.0G       192M       7.8G

             total       used       free     shared    buffers     cached
Mem:          2.0G       1.9G        74M       2.4M       256K       4.6M
-/+ buffers/cache:       1.9G        79M
Swap:         8.0G       208M       7.8G

             total       used       free     shared    buffers     cached
Mem:          2.0G       1.9G        70M       2.3M       256K       4.6M
-/+ buffers/cache:       1.9G        75M
Swap:         8.0G       208M       7.8G

             total       used       free     shared    buffers     cached
Mem:          2.0G       1.9G        65M       2.3M       256K       4.6M
-/+ buffers/cache:       1.9G        70M
Swap:         8.0G       208M       7.8G

             total       used       free     shared    buffers     cached
Mem:          2.0G       1.9G        79M       2.3M       256K       4.6M
-/+ buffers/cache:       1.9G        84M
Swap:         8.0G       223M       7.8G

             total       used       free     shared    buffers     cached
Mem:          2.0G       1.9G        78M       2.3M       112K       4.6M
-/+ buffers/cache:       1.9G        82M
Swap:         8.0G       239M       7.8G

             total       used       free     shared    buffers     cached
Mem:          2.0G       1.9G        75M       2.3M       104K       4.6M
-/+ buffers/cache:       1.9G        80M
Swap:         8.0G       251M       7.8G

             total       used       free     shared    buffers     cached
Mem:          2.0G       1.9G        81M       2.3M       104K       4.6M
-/+ buffers/cache:       1.9G        86M
Swap:         8.0G       278M       7.7G

             total       used       free     shared    buffers     cached
Mem:          2.0G       1.9G        68M       2.3M       108K       4.6M
-/+ buffers/cache:       1.9G        72M
Swap:         8.0G       278M       7.7G

             total       used       free     shared    buffers     cached
Mem:          2.0G       1.9G        65M       2.3M       108K       4.6M
-/+ buffers/cache:       1.9G        70M
Swap:         8.0G       278M       7.7G

             total       used       free     shared    buffers     cached
Mem:          2.0G       1.9G        65M       2.3M       116K       4.6M
-/+ buffers/cache:       1.9G        70M
Swap:         8.0G       278M       7.7G

             total       used       free     shared    buffers     cached
Mem:          2.0G       1.9G        65M       2.3M       116K       4.6M
-/+ buffers/cache:       1.9G        70M
Swap:         8.0G       278M       7.7G

             total       used       free     shared    buffers     cached
Mem:          2.0G       1.9G        65M       2.3M       116K       4.6M
-/+ buffers/cache:       1.9G        69M
Swap:         8.0G       277M       7.7G

             total       used       free     shared    buffers     cached
Mem:          2.0G       1.9G        65M       2.3M       116K       4.6M
-/+ buffers/cache:       1.9G        69M
Swap:         8.0G       277M       7.7G

             total       used       free     shared    buffers     cached
Mem:          2.0G       1.9G        82M       2.3M       112K       4.5M
-/+ buffers/cache:       1.9G        86M
Swap:         8.0G       293M       7.7G

             total       used       free     shared    buffers     cached
Mem:          2.0G       1.9G        81M       2.3M       112K       4.6M
-/+ buffers/cache:       1.9G        86M
Swap:         8.0G       292M       7.7G

             total       used       free     shared    buffers     cached
Mem:          2.0G       1.9G        81M       2.3M       120K       4.5M
-/+ buffers/cache:       1.9G        86M
Swap:         8.0G       292M       7.7G

             total       used       free     shared    buffers     cached
Mem:          2.0G       1.9G        80M       2.3M       120K       4.6M
-/+ buffers/cache:       1.9G        85M
Swap:         8.0G       292M       7.7G

             total       used       free     shared    buffers     cached
Mem:          2.0G       1.9G        80M       2.3M       120K       4.6M
-/+ buffers/cache:       1.9G        84M
Swap:         8.0G       292M       7.7G

             total       used       free     shared    buffers     cached
Mem:          2.0G       1.9G        79M       2.3M       120K       4.6M
-/+ buffers/cache:       1.9G        84M
Swap:         8.0G       292M       7.7G

             total       used       free     shared    buffers     cached
Mem:          2.0G       1.9G        79M       2.3M       120K       4.6M
-/+ buffers/cache:       1.9G        84M
Swap:         8.0G       291M       7.7G

             total       used       free     shared    buffers     cached
Mem:          2.0G       1.9G        78M       2.3M       128K       4.5M
-/+ buffers/cache:       1.9G        83M
Swap:         8.0G       291M       7.7G

             total       used       free     shared    buffers     cached
Mem:          2.0G       1.9G        78M       2.3M       128K       4.5M
-/+ buffers/cache:       1.9G        82M
Swap:         8.0G       291M       7.7G

             total       used       free     shared    buffers     cached
Mem:          2.0G       1.9G        77M       2.3M       128K       4.5M
-/+ buffers/cache:       1.9G        82M
Swap:         8.0G       291M       7.7G

             total       used       free     shared    buffers     cached
Mem:          2.0G       1.9G        77M       2.3M       128K       4.5M
-/+ buffers/cache:       1.9G        81M
Swap:         8.0G       290M       7.7G

             total       used       free     shared    buffers     cached
Mem:          2.0G       1.9G        76M       2.3M       128K       4.5M
-/+ buffers/cache:       1.9G        81M
Swap:         8.0G       290M       7.7G

             total       used       free     shared    buffers     cached
Mem:          2.0G       1.9G        76M       2.3M       136K       4.6M
-/+ buffers/cache:       1.9G        80M
Swap:         8.0G       290M       7.7G

             total       used       free     shared    buffers     cached
Mem:          2.0G       1.9G        75M       2.3M       136K       4.6M
-/+ buffers/cache:       1.9G        80M
Swap:         8.0G       290M       7.7G

             total       used       free     shared    buffers     cached
Mem:          2.0G       1.9G        75M       2.3M       136K       4.6M
-/+ buffers/cache:       1.9G        79M
Swap:         8.0G       289M       7.7G

             total       used       free     shared    buffers     cached
Mem:          2.0G       1.9G        73M       2.3M        76K        18M
-/+ buffers/cache:       1.9G        91M
Swap:         8.0G       331M       7.7G

             total       used       free     shared    buffers     cached
Mem:          2.0G       1.8G       111M       2.3M       800K        22M
-/+ buffers/cache:       1.8G       134M
Swap:         8.0G       373M       7.6G

             total       used       free     shared    buffers     cached
Mem:          2.0G       1.8G       109M       2.3M       800K        22M
-/+ buffers/cache:       1.8G       133M
Swap:         8.0G       372M       7.6G

             total       used       free     shared    buffers     cached
Mem:          2.0G       1.8G       109M       2.3M       808K        22M
-/+ buffers/cache:       1.8G       133M
Swap:         8.0G       372M       7.6G

             total       used       free     shared    buffers     cached
Mem:          2.0G       1.8G       108M       2.3M       812K        23M
-/+ buffers/cache:       1.8G       132M
Swap:         8.0G       372M       7.6G

             total       used       free     shared    buffers     cached
Mem:          2.0G       1.8G       107M       2.3M       812K        23M
-/+ buffers/cache:       1.8G       131M
Swap:         8.0G       371M       7.6G

             total       used       free     shared    buffers     cached
Mem:          2.0G       1.8G       106M       2.3M       812K        23M
-/+ buffers/cache:       1.8G       130M
Swap:         8.0G       371M       7.6G

             total       used       free     shared    buffers     cached
Mem:          2.0G       1.9G       105M       2.3M       812K        23M
-/+ buffers/cache:       1.8G       129M
Swap:         8.0G       370M       7.6G

             total       used       free     shared    buffers     cached
Mem:          2.0G       1.9G       104M       2.3M       820K        23M
-/+ buffers/cache:       1.8G       128M
Swap:         8.0G       369M       7.6G

             total       used       free     shared    buffers     cached
Mem:          2.0G       1.9G       103M       2.3M       820K        23M
-/+ buffers/cache:       1.8G       127M
Swap:         8.0G       369M       7.6G

             total       used       free     shared    buffers     cached
Mem:          2.0G       1.9G       101M       2.3M       1.1M        23M
-/+ buffers/cache:       1.8G       125M
Swap:         8.0G       368M       7.6G

             total       used       free     shared    buffers     cached
Mem:          2.0G       1.9G        70M       2.3M       1.4M        40M
-/+ buffers/cache:       1.8G       112M
Swap:         8.0G       359M       7.6G

             total       used       free     shared    buffers     cached
Mem:          2.0G       1.9G        68M       2.3M       1.4M        40M
-/+ buffers/cache:       1.8G       111M
Swap:         8.0G       358M       7.6G

             total       used       free     shared    buffers     cached
Mem:          2.0G       1.9G        67M       2.3M       1.4M        40M
-/+ buffers/cache:       1.8G       110M
Swap:         8.0G       357M       7.6G

             total       used       free     shared    buffers     cached
Mem:          2.0G       1.9G        67M       2.3M       1.4M        40M
-/+ buffers/cache:       1.8G       109M
Swap:         8.0G       357M       7.6G

             total       used       free     shared    buffers     cached
Mem:          2.0G       1.9G        93M       2.3M       1.4M        35M
-/+ buffers/cache:       1.8G       130M
Swap:         8.0G       365M       7.6G

             total       used       free     shared    buffers     cached
Mem:          2.0G       1.9G        92M       2.3M       1.4M        35M
-/+ buffers/cache:       1.8G       129M
Swap:         8.0G       365M       7.6G

             total       used       free     shared    buffers     cached
Mem:          2.0G       1.9G        91M       2.3M       1.4M        35M
-/+ buffers/cache:       1.8G       128M
Swap:         8.0G       364M       7.6G

             total       used       free     shared    buffers     cached
Mem:          2.0G       1.9G        90M       2.3M       1.4M        35M
-/+ buffers/cache:       1.8G       127M
Swap:         8.0G       364M       7.6G

             total       used       free     shared    buffers     cached
Mem:          2.0G       1.9G        88M       2.3M       1.4M        36M
-/+ buffers/cache:       1.8G       126M
Swap:         8.0G       363M       7.6G

             total       used       free     shared    buffers     cached
Mem:          2.0G       1.9G        86M       2.3M       1.4M        37M
-/+ buffers/cache:       1.8G       125M
Swap:         8.0G       362M       7.6G

             total       used       free     shared    buffers     cached
Mem:          2.0G       1.9G        86M       2.3M       1.4M        37M
-/+ buffers/cache:       1.8G       124M
Swap:         8.0G       362M       7.6G

             total       used       free     shared    buffers     cached
Mem:          2.0G       1.9G        85M       2.3M       1.4M        37M
-/+ buffers/cache:       1.8G       124M
Swap:         8.0G       362M       7.6G

             total       used       free     shared    buffers     cached
Mem:          2.0G       1.9G        84M       2.3M       1.4M        37M
-/+ buffers/cache:       1.8G       123M
Swap:         8.0G       361M       7.6G

             total       used       free     shared    buffers     cached
Mem:          2.0G       1.9G        84M       2.3M       1.4M        37M
-/+ buffers/cache:       1.8G       122M
Swap:         8.0G       361M       7.6G

             total       used       free     shared    buffers     cached
Mem:          2.0G       1.9G        83M       2.3M       1.4M        37M
-/+ buffers/cache:       1.8G       122M
Swap:         8.0G       361M       7.6G

             total       used       free     shared    buffers     cached
Mem:          2.0G       1.9G        82M       2.3M       1.4M        37M
-/+ buffers/cache:       1.8G       121M
Swap:         8.0G       360M       7.6G

             total       used       free     shared    buffers     cached
Mem:          2.0G       1.9G        82M       2.3M       1.4M        37M
-/+ buffers/cache:       1.8G       121M
Swap:         8.0G       360M       7.6G

             total       used       free     shared    buffers     cached
Mem:          2.0G       1.9G        81M       2.3M       1.4M        37M
-/+ buffers/cache:       1.8G       120M
Swap:         8.0G       360M       7.6G

             total       used       free     shared    buffers     cached
Mem:          2.0G       1.9G        81M       2.3M       1.4M        37M
-/+ buffers/cache:       1.8G       119M
Swap:         8.0G       359M       7.6G

             total       used       free     shared    buffers     cached
Mem:          2.0G       1.9G        80M       2.3M       1.4M        37M
-/+ buffers/cache:       1.8G       119M
Swap:         8.0G       359M       7.6G

             total       used       free     shared    buffers     cached
Mem:          2.0G       1.9G        80M       2.3M       1.4M        37M
-/+ buffers/cache:       1.8G       118M
Swap:         8.0G       359M       7.6G

             total       used       free     shared    buffers     cached
Mem:          2.0G       1.9G        79M       2.3M       1.4M        37M
-/+ buffers/cache:       1.8G       118M
Swap:         8.0G       358M       7.6G

             total       used       free     shared    buffers     cached
Mem:          2.0G       1.9G        78M       2.3M       1.4M        37M
-/+ buffers/cache:       1.8G       117M
Swap:         8.0G       358M       7.6G

             total       used       free     shared    buffers     cached
Mem:          2.0G       1.9G        78M       2.3M       1.4M        37M
-/+ buffers/cache:       1.8G       116M
Swap:         8.0G       358M       7.6G

             total       used       free     shared    buffers     cached
Mem:          2.0G       1.9G        77M       2.3M       1.4M        37M
-/+ buffers/cache:       1.8G       116M
Swap:         8.0G       357M       7.6G

             total       used       free     shared    buffers     cached
Mem:          2.0G       1.9G        77M       2.3M       1.4M        37M
-/+ buffers/cache:       1.8G       115M
Swap:         8.0G       357M       7.6G

             total       used       free     shared    buffers     cached
Mem:          2.0G       1.9G        76M       2.3M       1.4M        37M
-/+ buffers/cache:       1.8G       115M
Swap:         8.0G       357M       7.6G

             total       used       free     shared    buffers     cached
Mem:          2.0G       1.9G        76M       2.3M       1.4M        37M
-/+ buffers/cache:       1.8G       114M
Swap:         8.0G       357M       7.6G

             total       used       free     shared    buffers     cached
Mem:          2.0G       1.9G        75M       2.3M       1.4M        37M
-/+ buffers/cache:       1.8G       114M
Swap:         8.0G       356M       7.6G

             total       used       free     shared    buffers     cached
Mem:          2.0G       1.9G        74M       2.3M       1.4M        37M
-/+ buffers/cache:       1.8G       113M
Swap:         8.0G       356M       7.6G

             total       used       free     shared    buffers     cached
Mem:          2.0G       1.9G        74M       2.3M       1.4M        37M
-/+ buffers/cache:       1.8G       113M
Swap:         8.0G       356M       7.6G

             total       used       free     shared    buffers     cached
Mem:          2.0G       1.9G        73M       2.3M       1.4M        37M
-/+ buffers/cache:       1.8G       112M
Swap:         8.0G       355M       7.6G

             total       used       free     shared    buffers     cached
Mem:          2.0G       1.9G        73M       2.3M       1.4M        37M
-/+ buffers/cache:       1.8G       112M
Swap:         8.0G       355M       7.7G

             total       used       free     shared    buffers     cached
Mem:          2.0G       1.9G        72M       2.3M       1.4M        37M
-/+ buffers/cache:       1.8G       111M
Swap:         8.0G       354M       7.7G

             total       used       free     shared    buffers     cached
Mem:          2.0G       1.9G        72M       2.3M       1.4M        37M
-/+ buffers/cache:       1.8G       110M
Swap:         8.0G       354M       7.7G

             total       used       free     shared    buffers     cached
Mem:          2.0G       1.9G        71M       2.3M       1.4M        37M
-/+ buffers/cache:       1.8G       110M
Swap:         8.0G       354M       7.7G

             total       used       free     shared    buffers     cached
Mem:          2.0G       1.9G        70M       2.3M       1.4M        37M
-/+ buffers/cache:       1.8G       109M
Swap:         8.0G       354M       7.7G

             total       used       free     shared    buffers     cached
Mem:          2.0G       1.9G        70M       2.3M       1.4M        37M
-/+ buffers/cache:       1.8G       109M
Swap:         8.0G       353M       7.7G

             total       used       free     shared    buffers     cached
Mem:          2.0G       1.9G        69M       2.3M       1.4M        37M
-/+ buffers/cache:       1.8G       108M
Swap:         8.0G       353M       7.7G

             total       used       free     shared    buffers     cached
Mem:          2.0G       1.9G        69M       2.3M       1.4M        37M
-/+ buffers/cache:       1.8G       107M
Swap:         8.0G       353M       7.7G

             total       used       free     shared    buffers     cached
Mem:          2.0G       1.9G        68M       2.3M       1.4M        37M
-/+ buffers/cache:       1.8G       107M
Swap:         8.0G       352M       7.7G

             total       used       free     shared    buffers     cached
Mem:          2.0G       1.9G        68M       2.3M       1.4M        37M
-/+ buffers/cache:       1.8G       106M
Swap:         8.0G       352M       7.7G

             total       used       free     shared    buffers     cached
Mem:          2.0G       1.9G        67M       2.3M       1.4M        37M
-/+ buffers/cache:       1.8G       106M
Swap:         8.0G       352M       7.7G

             total       used       free     shared    buffers     cached
Mem:          2.0G       1.9G        66M       2.3M       1.4M        37M
-/+ buffers/cache:       1.9G       105M
Swap:         8.0G       351M       7.7G

             total       used       free     shared    buffers     cached
Mem:          2.0G       1.9G        80M       2.3M       1.4M        36M
-/+ buffers/cache:       1.8G       118M
Swap:         8.0G       366M       7.6G

             total       used       free     shared    buffers     cached
Mem:          2.0G       1.9G        80M       2.3M       1.4M        36M
-/+ buffers/cache:       1.8G       117M
Swap:         8.0G       366M       7.6G

             total       used       free     shared    buffers     cached
Mem:          2.0G       1.9G        79M       2.3M       1.4M        36M
-/+ buffers/cache:       1.8G       116M
Swap:         8.0G       365M       7.6G

             total       used       free     shared    buffers     cached
Mem:          2.0G       1.9G        78M       2.3M       1.4M        36M
-/+ buffers/cache:       1.8G       116M
Swap:         8.0G       365M       7.6G

             total       used       free     shared    buffers     cached
Mem:          2.0G       1.9G        78M       2.3M       1.4M        36M
-/+ buffers/cache:       1.8G       115M
Swap:         8.0G       365M       7.6G

             total       used       free     shared    buffers     cached
Mem:          2.0G       1.9G        75M       2.3M       1.4M        38M
-/+ buffers/cache:       1.8G       115M
Swap:         8.0G       364M       7.6G

             total       used       free     shared    buffers     cached
Mem:          2.0G       1.9G        74M       2.3M       1.4M        38M
-/+ buffers/cache:       1.8G       114M
Swap:         8.0G       364M       7.6G

             total       used       free     shared    buffers     cached
Mem:          2.0G       1.9G        74M       2.3M       1.4M        38M
-/+ buffers/cache:       1.8G       113M
Swap:         8.0G       363M       7.6G

             total       used       free     shared    buffers     cached
Mem:          2.0G       1.9G        73M       2.3M       1.4M        38M
-/+ buffers/cache:       1.8G       113M
Swap:         8.0G       363M       7.6G

             total       used       free     shared    buffers     cached
Mem:          2.0G       1.9G        73M       2.3M       1.4M        38M
-/+ buffers/cache:       1.8G       112M
Swap:         8.0G       363M       7.6G

             total       used       free     shared    buffers     cached
Mem:          2.0G       1.9G        72M       2.3M       1.4M        38M
-/+ buffers/cache:       1.8G       112M
Swap:         8.0G       362M       7.6G

             total       used       free     shared    buffers     cached
Mem:          2.0G       1.9G        71M       2.3M       1.4M        38M
-/+ buffers/cache:       1.8G       111M
Swap:         8.0G       362M       7.6G

             total       used       free     shared    buffers     cached
Mem:          2.0G       1.9G        71M       2.3M       1.4M        38M
-/+ buffers/cache:       1.8G       111M
Swap:         8.0G       362M       7.6G

             total       used       free     shared    buffers     cached
Mem:          2.0G       1.9G        70M       2.3M       1.4M        38M
-/+ buffers/cache:       1.8G       110M
Swap:         8.0G       361M       7.6G

             total       used       free     shared    buffers     cached
Mem:          2.0G       1.9G        70M       2.3M       1.4M        38M
-/+ buffers/cache:       1.8G       109M
Swap:         8.0G       361M       7.6G

             total       used       free     shared    buffers     cached
Mem:          2.0G       1.9G        69M       2.3M       1.4M        38M
-/+ buffers/cache:       1.8G       109M
Swap:         8.0G       361M       7.6G

             total       used       free     shared    buffers     cached
Mem:          2.0G       1.9G        68M       2.3M       1.4M        38M
-/+ buffers/cache:       1.8G       108M
Swap:         8.0G       360M       7.6G

             total       used       free     shared    buffers     cached
Mem:          2.0G       1.9G        68M       2.3M       1.4M        38M
-/+ buffers/cache:       1.8G       107M
Swap:         8.0G       360M       7.6G

             total       used       free     shared    buffers     cached
Mem:          2.0G       1.9G        67M       2.3M       1.4M        38M
-/+ buffers/cache:       1.8G       107M
Swap:         8.0G       359M       7.6G

             total       used       free     shared    buffers     cached
Mem:          2.0G       1.9G        67M       2.3M       1.4M        38M
-/+ buffers/cache:       1.8G       106M
Swap:         8.0G       359M       7.6G

             total       used       free     shared    buffers     cached
Mem:          2.0G       1.9G        82M       2.3M       1.4M        35M
-/+ buffers/cache:       1.8G       118M
Swap:         8.0G       371M       7.6G

             total       used       free     shared    buffers     cached
Mem:          2.0G       1.9G        80M       2.3M       1.6M        35M
-/+ buffers/cache:       1.8G       118M
Swap:         8.0G       370M       7.6G

             total       used       free     shared    buffers     cached
Mem:          2.0G       1.9G        79M       2.3M       1.6M        36M
-/+ buffers/cache:       1.8G       117M
Swap:         8.0G       370M       7.6G

             total       used       free     shared    buffers     cached
Mem:          2.0G       1.9G        79M       2.3M       1.6M        36M
-/+ buffers/cache:       1.8G       116M
Swap:         8.0G       369M       7.6G

             total       used       free     shared    buffers     cached
Mem:          2.0G       1.9G        78M       2.3M       1.6M        35M
-/+ buffers/cache:       1.8G       115M
Swap:         8.0G       368M       7.6G

             total       used       free     shared    buffers     cached
Mem:          2.0G       1.9G        72M       2.3M       1.6M        37M
-/+ buffers/cache:       1.8G       111M
Swap:         8.0G       365M       7.6G

             total       used       free     shared    buffers     cached
Mem:          2.0G       1.9G        71M       2.3M       1.6M        37M
-/+ buffers/cache:       1.8G       110M
Swap:         8.0G       364M       7.6G

             total       used       free     shared    buffers     cached
Mem:          2.0G       1.9G        70M       2.3M       1.6M        37M
-/+ buffers/cache:       1.8G       109M
Swap:         8.0G       362M       7.6G

             total       used       free     shared    buffers     cached
Mem:          2.0G       1.9G        78M       2.3M       264K        36M
-/+ buffers/cache:       1.8G       115M
Swap:         8.0G       370M       7.6G

             total       used       free     shared    buffers     cached
Mem:          2.0G       1.9G        78M       2.3M       264K        36M
-/+ buffers/cache:       1.8G       115M
Swap:         8.0G       369M       7.6G

             total       used       free     shared    buffers     cached
Mem:          2.0G       1.9G        78M       2.3M       272K        36M
-/+ buffers/cache:       1.8G       114M
Swap:         8.0G       368M       7.6G

             total       used       free     shared    buffers     cached
Mem:          2.0G       1.9G        77M       2.3M       272K        36M
-/+ buffers/cache:       1.8G       114M
Swap:         8.0G       368M       7.6G

             total       used       free     shared    buffers     cached
Mem:          2.0G       1.9G        77M       2.3M       272K        36M
-/+ buffers/cache:       1.8G       114M
Swap:         8.0G       367M       7.6G

             total       used       free     shared    buffers     cached
Mem:          2.0G       1.9G        76M       2.3M       272K        36M
-/+ buffers/cache:       1.8G       113M
Swap:         8.0G       367M       7.6G

             total       used       free     shared    buffers     cached
Mem:          2.0G       1.9G        76M       2.3M       272K        36M
-/+ buffers/cache:       1.8G       112M
Swap:         8.0G       366M       7.6G

             total       used       free     shared    buffers     cached
Mem:          2.0G       1.9G        75M       2.3M       284K        36M
-/+ buffers/cache:       1.8G       112M
Swap:         8.0G       366M       7.6G

             total       used       free     shared    buffers     cached
Mem:          2.0G       1.9G        75M       2.3M       284K        36M
-/+ buffers/cache:       1.8G       112M
Swap:         8.0G       365M       7.6G

             total       used       free     shared    buffers     cached
Mem:          2.0G       1.9G        74M       2.3M       284K        36M
-/+ buffers/cache:       1.8G       111M
Swap:         8.0G       364M       7.6G

             total       used       free     shared    buffers     cached
Mem:          2.0G       1.9G        72M       2.3M       284K        37M
-/+ buffers/cache:       1.8G       110M
Swap:         8.0G       363M       7.6G

             total       used       free     shared    buffers     cached
Mem:          2.0G       1.9G        73M       6.1M       2.9M        52M
-/+ buffers/cache:       1.8G       128M
Swap:         8.0G       399M       7.6G

             total       used       free     shared    buffers     cached
Mem:          2.0G       1.9G        84M       6.1M       4.3M        60M
-/+ buffers/cache:       1.8G       149M
Swap:         8.0G       428M       7.6G

             total       used       free     shared    buffers     cached
Mem:          2.0G       1.9G        76M       6.1M       4.4M        65M
-/+ buffers/cache:       1.8G       146M
Swap:         8.0G       427M       7.6G

             total       used       free     shared    buffers     cached
Mem:          2.0G       1.9G        68M       2.4M       4.6M        65M
-/+ buffers/cache:       1.8G       139M
Swap:         8.0G       423M       7.6G

             total       used       free     shared    buffers     cached
Mem:          2.0G       1.9G        67M       2.4M       4.6M        65M
-/+ buffers/cache:       1.8G       138M
Swap:         8.0G       422M       7.6G

             total       used       free     shared    buffers     cached
Mem:          2.0G       1.9G        66M       2.4M       4.6M        65M
-/+ buffers/cache:       1.8G       137M
Swap:         8.0G       421M       7.6G

             total       used       free     shared    buffers     cached
Mem:          2.0G       1.9G        80M       2.4M       4.3M        62M
-/+ buffers/cache:       1.8G       147M
Swap:         8.0G       424M       7.6G

             total       used       free     shared    buffers     cached
Mem:          2.0G       1.9G        78M       2.4M       4.4M        63M
-/+ buffers/cache:       1.8G       146M
Swap:         8.0G       423M       7.6G

             total       used       free     shared    buffers     cached
Mem:          2.0G       1.9G        78M       2.4M       4.4M        63M
-/+ buffers/cache:       1.8G       146M
Swap:         8.0G       422M       7.6G

             total       used       free     shared    buffers     cached
Mem:          2.0G       1.9G        77M       2.4M       4.4M        63M
-/+ buffers/cache:       1.8G       145M
Swap:         8.0G       421M       7.6G

             total       used       free     shared    buffers     cached
Mem:          2.0G       1.9G        76M       2.4M       4.4M        63M
-/+ buffers/cache:       1.8G       144M
Swap:         8.0G       420M       7.6G

             total       used       free     shared    buffers     cached
Mem:          2.0G       1.9G        75M       2.4M       4.4M        63M
-/+ buffers/cache:       1.8G       143M
Swap:         8.0G       419M       7.6G

             total       used       free     shared    buffers     cached
Mem:          2.0G       1.9G        74M       2.4M       4.4M        63M
-/+ buffers/cache:       1.8G       142M
Swap:         8.0G       418M       7.6G

             total       used       free     shared    buffers     cached
Mem:          2.0G       1.9G        73M       2.4M       4.4M        63M
-/+ buffers/cache:       1.8G       141M
Swap:         8.0G       417M       7.6G

             total       used       free     shared    buffers     cached
Mem:          2.0G       1.9G        72M       2.4M       4.4M        63M
-/+ buffers/cache:       1.8G       140M
Swap:         8.0G       417M       7.6G

             total       used       free     shared    buffers     cached
Mem:          2.0G       1.9G        71M       2.4M       4.4M        63M
-/+ buffers/cache:       1.8G       139M
Swap:         8.0G       416M       7.6G

             total       used       free     shared    buffers     cached
Mem:          2.0G       1.9G        70M       2.4M       4.4M        63M
-/+ buffers/cache:       1.8G       139M
Swap:         8.0G       415M       7.6G

             total       used       free     shared    buffers     cached
Mem:          2.0G       1.9G        70M       2.4M       4.4M        63M
-/+ buffers/cache:       1.8G       138M
Swap:         8.0G       414M       7.6G

             total       used       free     shared    buffers     cached
Mem:          2.0G       1.9G        69M       2.4M       4.4M        63M
-/+ buffers/cache:       1.8G       137M
Swap:         8.0G       413M       7.6G

             total       used       free     shared    buffers     cached
Mem:          2.0G       1.9G        68M       2.4M       4.4M        63M
-/+ buffers/cache:       1.8G       136M
Swap:         8.0G       413M       7.6G

             total       used       free     shared    buffers     cached
Mem:          2.0G       1.9G        67M       2.4M       4.4M        63M
-/+ buffers/cache:       1.8G       135M
Swap:         8.0G       412M       7.6G

             total       used       free     shared    buffers     cached
Mem:          2.0G       1.9G        66M       2.4M       4.4M        63M
-/+ buffers/cache:       1.8G       134M
Swap:         8.0G       411M       7.6G

             total       used       free     shared    buffers     cached
Mem:          2.0G       1.9G        87M       2.4M       4.4M        60M
-/+ buffers/cache:       1.8G       152M
Swap:         8.0G       440M       7.6G

             total       used       free     shared    buffers     cached
Mem:          2.0G       1.9G        85M       2.4M       4.4M        61M
-/+ buffers/cache:       1.8G       151M
Swap:         8.0G       440M       7.6G

             total       used       free     shared    buffers     cached
Mem:          2.0G       1.9G        85M       2.4M       4.4M        61M
-/+ buffers/cache:       1.8G       150M
Swap:         8.0G       439M       7.6G

             total       used       free     shared    buffers     cached
Mem:          2.0G       1.9G        84M       2.4M       4.4M        61M
-/+ buffers/cache:       1.8G       149M
Swap:         8.0G       438M       7.6G

             total       used       free     shared    buffers     cached
Mem:          2.0G       1.9G        82M       2.4M       4.4M        61M
-/+ buffers/cache:       1.8G       148M
Swap:         8.0G       437M       7.6G

             total       used       free     shared    buffers     cached
Mem:          2.0G       1.9G        80M       2.4M       5.0M        62M
-/+ buffers/cache:       1.8G       147M
Swap:         8.0G       436M       7.6G

             total       used       free     shared    buffers     cached
Mem:          2.0G       1.9G        72M       2.4M       6.0M        66M
-/+ buffers/cache:       1.8G       145M
Swap:         8.0G       435M       7.6G

             total       used       free     shared    buffers     cached
Mem:          2.0G       1.9G        79M       2.5M       8.6M        75M
-/+ buffers/cache:       1.8G       164M
Swap:         8.0G       449M       7.6G
