             total       used       free     shared    buffers     cached
Mem:          992M       656M       335M       3.2M        38M       289M
-/+ buffers/cache:       328M       663M
Swap:         8.0G         0B       8.0G

             total       used       free     shared    buffers     cached
Mem:          992M       655M       336M       3.2M        38M       289M
-/+ buffers/cache:       327M       665M
Swap:         8.0G         0B       8.0G

             total       used       free     shared    buffers     cached
Mem:          992M       655M       336M       3.2M        38M       289M
-/+ buffers/cache:       327M       665M
Swap:         8.0G         0B       8.0G

             total       used       free     shared    buffers     cached
Mem:          992M       656M       336M       3.2M        38M       289M
-/+ buffers/cache:       327M       664M
Swap:         8.0G         0B       8.0G

             total       used       free     shared    buffers     cached
Mem:          992M       655M       336M       3.2M        38M       289M
-/+ buffers/cache:       327M       664M
Swap:         8.0G         0B       8.0G

             total       used       free     shared    buffers     cached
Mem:          992M       656M       336M       3.2M        38M       289M
-/+ buffers/cache:       327M       664M
Swap:         8.0G         0B       8.0G

             total       used       free     shared    buffers     cached
Mem:          992M       655M       336M       3.2M        38M       289M
-/+ buffers/cache:       327M       664M
Swap:         8.0G         0B       8.0G

             total       used       free     shared    buffers     cached
Mem:          992M       655M       336M       3.2M        38M       289M
-/+ buffers/cache:       327M       665M
Swap:         8.0G         0B       8.0G

             total       used       free     shared    buffers     cached
Mem:          992M       655M       336M       3.2M        38M       289M
-/+ buffers/cache:       326M       665M
Swap:         8.0G         0B       8.0G

             total       used       free     shared    buffers     cached
Mem:          992M       655M       336M       3.2M        38M       289M
-/+ buffers/cache:       326M       665M
Swap:         8.0G         0B       8.0G

             total       used       free     shared    buffers     cached
Mem:          992M       658M       333M       3.2M        38M       289M
-/+ buffers/cache:       329M       662M
Swap:         8.0G         0B       8.0G

             total       used       free     shared    buffers     cached
Mem:          992M       670M       321M       3.2M        38M       290M
-/+ buffers/cache:       341M       650M
Swap:         8.0G         0B       8.0G

             total       used       free     shared    buffers     cached
Mem:          992M       702M       289M       3.2M        38M       290M
-/+ buffers/cache:       373M       618M
Swap:         8.0G         0B       8.0G

             total       used       free     shared    buffers     cached
Mem:          992M       664M       327M       3.2M        38M       291M
-/+ buffers/cache:       334M       657M
Swap:         8.0G         0B       8.0G

             total       used       free     shared    buffers     cached
Mem:          992M       672M       319M       3.2M        38M       291M
-/+ buffers/cache:       342M       650M
Swap:         8.0G         0B       8.0G

             total       used       free     shared    buffers     cached
Mem:          992M       665M       327M       3.2M        38M       291M
-/+ buffers/cache:       334M       657M
Swap:         8.0G         0B       8.0G

             total       used       free     shared    buffers     cached
Mem:          992M       665M       327M       3.2M        38M       291M
-/+ buffers/cache:       334M       657M
Swap:         8.0G         0B       8.0G

             total       used       free     shared    buffers     cached
Mem:          992M       665M       327M       3.2M        38M       291M
-/+ buffers/cache:       334M       657M
Swap:         8.0G         0B       8.0G

             total       used       free     shared    buffers     cached
Mem:          992M       665M       327M       3.2M        38M       291M
-/+ buffers/cache:       334M       657M
Swap:         8.0G         0B       8.0G

             total       used       free     shared    buffers     cached
Mem:          992M       665M       327M       3.2M        38M       291M
-/+ buffers/cache:       334M       657M
Swap:         8.0G         0B       8.0G

             total       used       free     shared    buffers     cached
Mem:          992M       665M       327M       3.2M        38M       291M
-/+ buffers/cache:       334M       657M
Swap:         8.0G         0B       8.0G

             total       used       free     shared    buffers     cached
Mem:          992M       665M       326M       3.2M        38M       291M
-/+ buffers/cache:       334M       657M
Swap:         8.0G         0B       8.0G

             total       used       free     shared    buffers     cached
Mem:          992M       665M       326M       3.2M        38M       291M
-/+ buffers/cache:       334M       657M
Swap:         8.0G         0B       8.0G

             total       used       free     shared    buffers     cached
Mem:          992M       665M       326M       3.2M        38M       291M
-/+ buffers/cache:       334M       657M
Swap:         8.0G         0B       8.0G

             total       used       free     shared    buffers     cached
Mem:          992M       665M       326M       3.2M        38M       291M
-/+ buffers/cache:       334M       657M
Swap:         8.0G         0B       8.0G

             total       used       free     shared    buffers     cached
Mem:          992M       665M       326M       3.2M        38M       291M
-/+ buffers/cache:       334M       657M
Swap:         8.0G         0B       8.0G

             total       used       free     shared    buffers     cached
Mem:          992M       665M       326M       3.2M        38M       291M
-/+ buffers/cache:       334M       657M
Swap:         8.0G         0B       8.0G

             total       used       free     shared    buffers     cached
Mem:          992M       665M       326M       3.2M        38M       291M
-/+ buffers/cache:       334M       657M
Swap:         8.0G         0B       8.0G

             total       used       free     shared    buffers     cached
Mem:          992M       665M       326M       3.2M        38M       291M
-/+ buffers/cache:       334M       657M
Swap:         8.0G         0B       8.0G

             total       used       free     shared    buffers     cached
Mem:          992M       665M       326M       3.2M        38M       291M
-/+ buffers/cache:       334M       657M
Swap:         8.0G         0B       8.0G

             total       used       free     shared    buffers     cached
Mem:          992M       665M       326M       3.2M        38M       291M
-/+ buffers/cache:       334M       657M
Swap:         8.0G         0B       8.0G

             total       used       free     shared    buffers     cached
Mem:          992M       665M       326M       3.2M        38M       291M
-/+ buffers/cache:       334M       657M
Swap:         8.0G         0B       8.0G

             total       used       free     shared    buffers     cached
Mem:          992M       665M       326M       3.2M        38M       291M
-/+ buffers/cache:       334M       657M
Swap:         8.0G         0B       8.0G

             total       used       free     shared    buffers     cached
Mem:          992M       670M       321M       3.2M        38M       291M
-/+ buffers/cache:       339M       652M
Swap:         8.0G         0B       8.0G

             total       used       free     shared    buffers     cached
Mem:          992M       689M       302M       3.2M        38M       291M
-/+ buffers/cache:       359M       633M
Swap:         8.0G         0B       8.0G

             total       used       free     shared    buffers     cached
Mem:          992M       706M       285M       3.2M        38M       291M
-/+ buffers/cache:       375M       616M
Swap:         8.0G         0B       8.0G

             total       used       free     shared    buffers     cached
Mem:          992M       723M       268M       3.2M        38M       291M
-/+ buffers/cache:       393M       599M
Swap:         8.0G         0B       8.0G

             total       used       free     shared    buffers     cached
Mem:          992M       738M       253M       3.2M        38M       291M
-/+ buffers/cache:       408M       583M
Swap:         8.0G         0B       8.0G

             total       used       free     shared    buffers     cached
Mem:          992M       752M       239M       3.2M        38M       291M
-/+ buffers/cache:       422M       569M
Swap:         8.0G         0B       8.0G

             total       used       free     shared    buffers     cached
Mem:          992M       766M       225M       3.2M        38M       291M
-/+ buffers/cache:       436M       555M
Swap:         8.0G         0B       8.0G

             total       used       free     shared    buffers     cached
Mem:          992M       779M       213M       3.2M        38M       291M
-/+ buffers/cache:       448M       543M
Swap:         8.0G         0B       8.0G

             total       used       free     shared    buffers     cached
Mem:          992M       792M       199M       3.2M        38M       291M
-/+ buffers/cache:       461M       530M
Swap:         8.0G         0B       8.0G

             total       used       free     shared    buffers     cached
Mem:          992M       806M       185M       3.2M        38M       291M
-/+ buffers/cache:       475M       516M
Swap:         8.0G         0B       8.0G

             total       used       free     shared    buffers     cached
Mem:          992M       822M       169M       3.2M        38M       291M
-/+ buffers/cache:       491M       500M
Swap:         8.0G         0B       8.0G

             total       used       free     shared    buffers     cached
Mem:          992M       837M       154M       3.2M        38M       291M
-/+ buffers/cache:       506M       485M
Swap:         8.0G         0B       8.0G

             total       used       free     shared    buffers     cached
Mem:          992M       853M       138M       3.2M        38M       291M
-/+ buffers/cache:       522M       469M
Swap:         8.0G         0B       8.0G

             total       used       free     shared    buffers     cached
Mem:          992M       868M       123M       3.2M        38M       291M
-/+ buffers/cache:       537M       454M
Swap:         8.0G         0B       8.0G

             total       used       free     shared    buffers     cached
Mem:          992M       884M       107M       3.2M        38M       291M
-/+ buffers/cache:       553M       438M
Swap:         8.0G         0B       8.0G

             total       used       free     shared    buffers     cached
Mem:          992M       896M        95M       3.2M        38M       291M
-/+ buffers/cache:       566M       426M
Swap:         8.0G         0B       8.0G

             total       used       free     shared    buffers     cached
Mem:          992M       910M        81M       3.2M        38M       291M
-/+ buffers/cache:       580M       412M
Swap:         8.0G         0B       8.0G

             total       used       free     shared    buffers     cached
Mem:          992M       925M        66M       3.2M        38M       291M
-/+ buffers/cache:       595M       397M
Swap:         8.0G         0B       8.0G

             total       used       free     shared    buffers     cached
Mem:          992M       916M        76M       3.2M        17M       290M
-/+ buffers/cache:       608M       383M
Swap:         8.0G         0B       8.0G

             total       used       free     shared    buffers     cached
Mem:          992M       931M        61M       3.2M        17M       290M
-/+ buffers/cache:       623M       368M
Swap:         8.0G         0B       8.0G

             total       used       free     shared    buffers     cached
Mem:          992M       930M        61M       3.2M        10M       280M
-/+ buffers/cache:       639M       353M
Swap:         8.0G         0B       8.0G

             total       used       free     shared    buffers     cached
Mem:          992M       930M        61M       3.2M       9.8M       264M
-/+ buffers/cache:       656M       336M
Swap:         8.0G        76K       8.0G

             total       used       free     shared    buffers     cached
Mem:          992M       927M        64M       3.1M       9.8M       245M
-/+ buffers/cache:       672M       320M
Swap:         8.0G       172K       8.0G

             total       used       free     shared    buffers     cached
Mem:          992M       930M        62M       3.0M       9.8M       233M
-/+ buffers/cache:       686M       305M
Swap:         8.0G       3.8M       8.0G

             total       used       free     shared    buffers     cached
Mem:          992M       914M        77M       2.9M       9.7M       207M
-/+ buffers/cache:       697M       294M
Swap:         8.0G       8.1M       8.0G

             total       used       free     shared    buffers     cached
Mem:          992M       927M        64M       2.9M       9.7M       207M
-/+ buffers/cache:       710M       281M
Swap:         8.0G       8.0M       8.0G

             total       used       free     shared    buffers     cached
Mem:          992M       927M        64M       2.9M       2.8M       201M
-/+ buffers/cache:       723M       268M
Swap:         8.0G       8.0M       8.0G

             total       used       free     shared    buffers     cached
Mem:          992M       928M        64M       2.9M       1.4M       190M
-/+ buffers/cache:       736M       255M
Swap:         8.0G       8.0M       8.0G

             total       used       free     shared    buffers     cached
Mem:          992M       925M        66M       2.9M       236K       177M
-/+ buffers/cache:       748M       244M
Swap:         8.0G       8.0M       8.0G

             total       used       free     shared    buffers     cached
Mem:          992M       917M        74M       2.9M       252K       156M
-/+ buffers/cache:       760M       231M
Swap:         8.0G       8.0M       8.0G

             total       used       free     shared    buffers     cached
Mem:          992M       913M        78M       2.9M       252K       138M
-/+ buffers/cache:       774M       217M
Swap:         8.0G       8.0M       8.0G

             total       used       free     shared    buffers     cached
Mem:          992M       919M        72M       2.9M       252K       138M
-/+ buffers/cache:       781M       210M
Swap:         8.0G       8.0M       8.0G

             total       used       free     shared    buffers     cached
Mem:          992M       918M        73M       2.9M       100K       122M
-/+ buffers/cache:       796M       196M
Swap:         8.0G       8.0M       8.0G

             total       used       free     shared    buffers     cached
Mem:          992M       917M        74M       2.9M       100K       107M
-/+ buffers/cache:       809M       182M
Swap:         8.0G       8.0M       8.0G

             total       used       free     shared    buffers     cached
Mem:          992M       920M        71M       2.9M       108K        95M
-/+ buffers/cache:       824M       167M
Swap:         8.0G       8.0M       8.0G

             total       used       free     shared    buffers     cached
Mem:          992M       911M        80M       2.9M       108K        74M
-/+ buffers/cache:       836M       155M
Swap:         8.0G       8.0M       8.0G

             total       used       free     shared    buffers     cached
Mem:          992M       926M        65M       2.9M       252K        75M
-/+ buffers/cache:       850M       141M
Swap:         8.0G       8.0M       8.0G

             total       used       free     shared    buffers     cached
Mem:          992M       920M        72M       2.9M       2.5M        54M
-/+ buffers/cache:       863M       128M
Swap:         8.0G       8.0M       8.0G

             total       used       free     shared    buffers     cached
Mem:          992M       920M        71M       2.9M       2.6M        42M
-/+ buffers/cache:       875M       116M
Swap:         8.0G       8.0M       8.0G

             total       used       free     shared    buffers     cached
Mem:          992M       926M        65M       2.9M       2.6M        36M
-/+ buffers/cache:       887M       104M
Swap:         8.0G       8.0M       8.0G

             total       used       free     shared    buffers     cached
Mem:          992M       923M        68M       2.9M       2.9M        22M
-/+ buffers/cache:       898M        93M
Swap:         8.0G        11M       8.0G

             total       used       free     shared    buffers     cached
Mem:          992M       921M        71M       2.9M       316K        10M
-/+ buffers/cache:       910M        81M
Swap:         8.0G        11M       8.0G

             total       used       free     shared    buffers     cached
Mem:          992M       923M        68M       2.8M       324K       5.3M
-/+ buffers/cache:       917M        74M
Swap:         8.0G        20M       8.0G

             total       used       free     shared    buffers     cached
Mem:          992M       919M        72M       2.5M       232K       4.3M
-/+ buffers/cache:       914M        77M
Swap:         8.0G        41M       8.0G

             total       used       free     shared    buffers     cached
Mem:          992M       907M        84M       2.5M       236K       4.2M
-/+ buffers/cache:       903M        88M
Swap:         8.0G        76M       7.9G

             total       used       free     shared    buffers     cached
Mem:          992M       921M        70M       2.4M       236K       4.2M
-/+ buffers/cache:       917M        74M
Swap:         8.0G        76M       7.9G

             total       used       free     shared    buffers     cached
Mem:          992M       922M        69M       2.4M       196K       4.2M
-/+ buffers/cache:       918M        74M
Swap:         8.0G        76M       7.9G

             total       used       free     shared    buffers     cached
Mem:          992M       908M        84M       2.4M       196K       4.4M
-/+ buffers/cache:       903M        88M
Swap:         8.0G       116M       7.9G

             total       used       free     shared    buffers     cached
Mem:          992M       921M        70M       2.4M       204K       4.4M
-/+ buffers/cache:       916M        75M
Swap:         8.0G       116M       7.9G

             total       used       free     shared    buffers     cached
Mem:          992M       919M        72M       2.4M       120K       4.5M
-/+ buffers/cache:       915M        77M
Swap:         8.0G       120M       7.9G

             total       used       free     shared    buffers     cached
Mem:          992M       927M        64M       2.4M       120K       4.4M
-/+ buffers/cache:       923M        69M
Swap:         8.0G       136M       7.9G

             total       used       free     shared    buffers     cached
Mem:          992M       927M        65M       2.4M       120K       4.4M
-/+ buffers/cache:       922M        69M
Swap:         8.0G       145M       7.9G

             total       used       free     shared    buffers     cached
Mem:          992M       922M        70M       2.4M        84K       4.3M
-/+ buffers/cache:       917M        74M
Swap:         8.0G       155M       7.8G

             total       used       free     shared    buffers     cached
Mem:          992M       914M        77M       2.4M        92K       4.7M
-/+ buffers/cache:       910M        82M
Swap:         8.0G       183M       7.8G

             total       used       free     shared    buffers     cached
Mem:          992M       925M        66M       2.4M        92K       4.7M
-/+ buffers/cache:       920M        71M
Swap:         8.0G       183M       7.8G

             total       used       free     shared    buffers     cached
Mem:          992M       924M        68M       2.4M        92K       4.6M
-/+ buffers/cache:       919M        72M
Swap:         8.0G       191M       7.8G

             total       used       free     shared    buffers     cached
Mem:          992M       923M        68M       2.4M        92K       4.6M
-/+ buffers/cache:       918M        73M
Swap:         8.0G       205M       7.8G

             total       used       free     shared    buffers     cached
Mem:          992M       923M        68M       2.4M        92K       4.5M
-/+ buffers/cache:       918M        73M
Swap:         8.0G       224M       7.8G

             total       used       free     shared    buffers     cached
Mem:          992M       926M        65M       2.4M        92K       4.5M
-/+ buffers/cache:       921M        70M
Swap:         8.0G       225M       7.8G

             total       used       free     shared    buffers     cached
Mem:          992M       921M        70M       2.3M       100K       4.4M
-/+ buffers/cache:       917M        75M
Swap:         8.0G       243M       7.8G

             total       used       free     shared    buffers     cached
Mem:          992M       930M        61M       2.3M       100K       4.4M
-/+ buffers/cache:       925M        66M
Swap:         8.0G       243M       7.8G

             total       used       free     shared    buffers     cached
Mem:          992M       924M        67M       2.3M        92K       4.4M
-/+ buffers/cache:       919M        72M
Swap:         8.0G       259M       7.7G

             total       used       free     shared    buffers     cached
Mem:          992M       931M        61M       2.3M        92K       4.4M
-/+ buffers/cache:       926M        65M
Swap:         8.0G       259M       7.7G

             total       used       free     shared    buffers     cached
Mem:          992M       913M        78M       2.3M        88K       4.3M
-/+ buffers/cache:       909M        83M
Swap:         8.0G       284M       7.7G

             total       used       free     shared    buffers     cached
Mem:          992M       918M        74M       2.3M        96K       4.4M
-/+ buffers/cache:       913M        78M
Swap:         8.0G       284M       7.7G

             total       used       free     shared    buffers     cached
Mem:          992M       923M        69M       2.3M        96K       4.4M
-/+ buffers/cache:       918M        73M
Swap:         8.0G       284M       7.7G

             total       used       free     shared    buffers     cached
Mem:          992M       928M        63M       2.3M        96K       4.4M
-/+ buffers/cache:       924M        67M
Swap:         8.0G       284M       7.7G

             total       used       free     shared    buffers     cached
Mem:          992M       920M        71M       2.3M        96K       4.4M
-/+ buffers/cache:       916M        75M
Swap:         8.0G       291M       7.7G

             total       used       free     shared    buffers     cached
Mem:          992M       925M        66M       2.3M        96K       4.4M
-/+ buffers/cache:       921M        71M
Swap:         8.0G       291M       7.7G

             total       used       free     shared    buffers     cached
Mem:          992M       929M        62M       2.3M       104K       4.4M
-/+ buffers/cache:       924M        67M
Swap:         8.0G       291M       7.7G

             total       used       free     shared    buffers     cached
Mem:          992M       910M        81M       2.3M       104K       4.3M
-/+ buffers/cache:       906M        86M
Swap:         8.0G       319M       7.7G

             total       used       free     shared    buffers     cached
Mem:          992M       914M        77M       2.3M       104K       4.3M
-/+ buffers/cache:       910M        81M
Swap:         8.0G       319M       7.7G

             total       used       free     shared    buffers     cached
Mem:          992M       918M        73M       2.3M       104K       4.3M
-/+ buffers/cache:       914M        77M
Swap:         8.0G       319M       7.7G

             total       used       free     shared    buffers     cached
Mem:          992M       921M        70M       2.3M       104K       4.3M
-/+ buffers/cache:       917M        74M
Swap:         8.0G       319M       7.7G

             total       used       free     shared    buffers     cached
Mem:          992M       925M        66M       2.3M       104K       4.3M
-/+ buffers/cache:       921M        70M
Swap:         8.0G       319M       7.7G

             total       used       free     shared    buffers     cached
Mem:          992M       928M        63M       2.3M       112K       4.3M
-/+ buffers/cache:       924M        68M
Swap:         8.0G       319M       7.7G

             total       used       free     shared    buffers     cached
Mem:          992M       917M        74M       2.3M       112K       4.3M
-/+ buffers/cache:       913M        78M
Swap:         8.0G       332M       7.7G

             total       used       free     shared    buffers     cached
Mem:          992M       917M        74M       1.5M       112K       3.4M
-/+ buffers/cache:       914M        77M
Swap:         8.0G       328M       7.7G

             total       used       free     shared    buffers     cached
Mem:          992M       925M        66M        16K       112K       1.9M
-/+ buffers/cache:       923M        68M
Swap:         8.0G       318M       7.7G

             total       used       free     shared    buffers     cached
Mem:          992M       921M        70M         8K       112K       1.9M
-/+ buffers/cache:       919M        72M
Swap:         8.0G       321M       7.7G

             total       used       free     shared    buffers     cached
Mem:          992M       918M        73M         4K       388K       1.9M
-/+ buffers/cache:       916M        75M
Swap:         8.0G       326M       7.7G

             total       used       free     shared    buffers     cached
Mem:          992M       918M        73M         4K       388K       1.9M
-/+ buffers/cache:       916M        75M
Swap:         8.0G       323M       7.7G

             total       used       free     shared    buffers     cached
Mem:          992M       922M        69M         4K       388K       1.9M
-/+ buffers/cache:       920M        71M
Swap:         8.0G       320M       7.7G

             total       used       free     shared    buffers     cached
Mem:          992M       926M        65M         4K       384K       1.8M
-/+ buffers/cache:       924M        67M
Swap:         8.0G       317M       7.7G

             total       used       free     shared    buffers     cached
Mem:          992M       887M       104M         0B       352K       1.7M
-/+ buffers/cache:       885M       106M
Swap:         8.0G       368M       7.6G

             total       used       free     shared    buffers     cached
Mem:          992M       913M        78M         0B       368K       1.7M
-/+ buffers/cache:       911M        80M
Swap:         8.0G       340M       7.7G

             total       used       free     shared    buffers     cached
Mem:          992M       919M        72M         0B       344K       1.5M
-/+ buffers/cache:       917M        74M
Swap:         8.0G       333M       7.7G

             total       used       free     shared    buffers     cached
Mem:          992M       920M        71M         0B       164K       1.4M
-/+ buffers/cache:       918M        73M
Swap:         8.0G       328M       7.7G

             total       used       free     shared    buffers     cached
Mem:          992M       923M        68M         0B        88K        11M
-/+ buffers/cache:       911M        80M
Swap:         8.0G       346M       7.7G

             total       used       free     shared    buffers     cached
Mem:          992M       922M        69M         0B       640K        12M
-/+ buffers/cache:       909M        82M
Swap:         8.0G       350M       7.7G

             total       used       free     shared    buffers     cached
Mem:          992M       919M        72M         0B       640K        10M
-/+ buffers/cache:       908M        84M
Swap:         8.0G       355M       7.7G

             total       used       free     shared    buffers     cached
Mem:          992M       919M        72M         0B       648K        10M
-/+ buffers/cache:       908M        83M
Swap:         8.0G       355M       7.7G

             total       used       free     shared    buffers     cached
Mem:          992M       921M        70M         0B       648K        10M
-/+ buffers/cache:       910M        82M
Swap:         8.0G       354M       7.7G

             total       used       free     shared    buffers     cached
Mem:          992M       924M        67M         0B       648K        10M
-/+ buffers/cache:       913M        78M
Swap:         8.0G       353M       7.7G

             total       used       free     shared    buffers     cached
Mem:          992M       931M        60M         0B       648K        10M
-/+ buffers/cache:       920M        72M
Swap:         8.0G       352M       7.7G

             total       used       free     shared    buffers     cached
Mem:          992M       907M        84M         0B       588K       7.8M
-/+ buffers/cache:       899M        92M
Swap:         8.0G       379M       7.6G

             total       used       free     shared    buffers     cached
Mem:          992M       912M        79M         0B       596K       8.1M
-/+ buffers/cache:       904M        88M
Swap:         8.0G       378M       7.6G

             total       used       free     shared    buffers     cached
Mem:          992M       918M        73M         0B       596K       8.1M
-/+ buffers/cache:       909M        82M
Swap:         8.0G       378M       7.6G

             total       used       free     shared    buffers     cached
Mem:          992M       924M        68M         0B       596K       8.1M
-/+ buffers/cache:       915M        76M
Swap:         8.0G       378M       7.6G

             total       used       free     shared    buffers     cached
Mem:          992M       929M        62M         0B       596K       8.3M
-/+ buffers/cache:       920M        71M
Swap:         8.0G       378M       7.6G

             total       used       free     shared    buffers     cached
Mem:          992M       915M        76M         0B       552K       6.0M
-/+ buffers/cache:       909M        82M
Swap:         8.0G       394M       7.6G

             total       used       free     shared    buffers     cached
Mem:          992M       920M        71M         0B       560K       6.0M
-/+ buffers/cache:       913M        78M
Swap:         8.0G       394M       7.6G

             total       used       free     shared    buffers     cached
Mem:          992M       924M        68M         0B       560K       6.0M
-/+ buffers/cache:       917M        74M
Swap:         8.0G       394M       7.6G

             total       used       free     shared    buffers     cached
Mem:          992M       925M        66M         0B       560K       6.0M
-/+ buffers/cache:       919M        72M
Swap:         8.0G       393M       7.6G

             total       used       free     shared    buffers     cached
Mem:          992M       927M        65M         0B       560K       6.0M
-/+ buffers/cache:       920M        71M
Swap:         8.0G       393M       7.6G

             total       used       free     shared    buffers     cached
Mem:          992M       928M        63M         0B       560K       6.0M
-/+ buffers/cache:       922M        69M
Swap:         8.0G       392M       7.6G

             total       used       free     shared    buffers     cached
Mem:          992M       930M        61M         0B       560K       6.0M
-/+ buffers/cache:       923M        68M
Swap:         8.0G       392M       7.6G

             total       used       free     shared    buffers     cached
Mem:          992M       920M        71M         0B       164K       5.4M
-/+ buffers/cache:       914M        77M
Swap:         8.0G       398M       7.6G

             total       used       free     shared    buffers     cached
Mem:          992M       921M        70M         0B       164K       5.5M
-/+ buffers/cache:       915M        76M
Swap:         8.0G       397M       7.6G

             total       used       free     shared    buffers     cached
Mem:          992M       922M        69M         0B       164K       5.5M
-/+ buffers/cache:       917M        74M
Swap:         8.0G       397M       7.6G

             total       used       free     shared    buffers     cached
Mem:          992M       924M        67M         0B       164K       5.5M
-/+ buffers/cache:       919M        73M
Swap:         8.0G       397M       7.6G

             total       used       free     shared    buffers     cached
Mem:          992M       926M        66M         0B       164K       5.5M
-/+ buffers/cache:       920M        71M
Swap:         8.0G       396M       7.6G

             total       used       free     shared    buffers     cached
Mem:          992M       927M        64M         0B       172K       5.4M
-/+ buffers/cache:       922M        69M
Swap:         8.0G       396M       7.6G

             total       used       free     shared    buffers     cached
Mem:          992M       929M        62M         0B       172K       5.5M
-/+ buffers/cache:       923M        68M
Swap:         8.0G       395M       7.6G

             total       used       free     shared    buffers     cached
Mem:          992M       931M        61M         0B       172K       5.5M
-/+ buffers/cache:       925M        66M
Swap:         8.0G       395M       7.6G

             total       used       free     shared    buffers     cached
Mem:          992M       917M        74M         0B       172K       5.0M
-/+ buffers/cache:       912M        79M
Swap:         8.0G       411M       7.6G

             total       used       free     shared    buffers     cached
Mem:          992M       919M        72M         0B       172K       5.0M
-/+ buffers/cache:       914M        77M
Swap:         8.0G       410M       7.6G

             total       used       free     shared    buffers     cached
Mem:          992M       921M        71M         0B       180K       5.0M
-/+ buffers/cache:       915M        76M
Swap:         8.0G       409M       7.6G

             total       used       free     shared    buffers     cached
Mem:          992M       922M        69M         0B       180K       5.0M
-/+ buffers/cache:       917M        74M
Swap:         8.0G       408M       7.6G

             total       used       free     shared    buffers     cached
Mem:          992M       924M        67M         0B       180K       5.0M
-/+ buffers/cache:       919M        72M
Swap:         8.0G       407M       7.6G

             total       used       free     shared    buffers     cached
Mem:          992M       926M        65M         0B       180K       5.0M
-/+ buffers/cache:       921M        71M
Swap:         8.0G       405M       7.6G

             total       used       free     shared    buffers     cached
Mem:          992M       927M        64M         0B       180K       5.0M
-/+ buffers/cache:       922M        69M
Swap:         8.0G       404M       7.6G

             total       used       free     shared    buffers     cached
Mem:          992M       929M        62M         0B       180K       5.0M
-/+ buffers/cache:       924M        67M
Swap:         8.0G       403M       7.6G

             total       used       free     shared    buffers     cached
Mem:          992M       931M        60M         0B       188K       5.0M
-/+ buffers/cache:       926M        66M
Swap:         8.0G       402M       7.6G

             total       used       free     shared    buffers     cached
Mem:          992M       919M        72M         0B       176K       4.7M
-/+ buffers/cache:       914M        77M
Swap:         8.0G       416M       7.6G

             total       used       free     shared    buffers     cached
Mem:          992M       921M        70M         0B       176K       4.8M
-/+ buffers/cache:       916M        75M
Swap:         8.0G       415M       7.6G

             total       used       free     shared    buffers     cached
Mem:          992M       923M        69M         0B       176K       4.8M
-/+ buffers/cache:       918M        74M
Swap:         8.0G       414M       7.6G

             total       used       free     shared    buffers     cached
Mem:          992M       924M        67M         0B       176K       4.7M
-/+ buffers/cache:       920M        72M
Swap:         8.0G       414M       7.6G

             total       used       free     shared    buffers     cached
Mem:          992M       926M        65M         0B       184K       4.8M
-/+ buffers/cache:       921M        70M
Swap:         8.0G       413M       7.6G

             total       used       free     shared    buffers     cached
Mem:          992M       928M        63M         0B       184K       4.8M
-/+ buffers/cache:       923M        68M
Swap:         8.0G       412M       7.6G

             total       used       free     shared    buffers     cached
Mem:          992M       930M        62M         0B       184K       4.8M
-/+ buffers/cache:       925M        66M
Swap:         8.0G       411M       7.6G

             total       used       free     shared    buffers     cached
Mem:          992M       918M        73M         0B       180K       4.6M
-/+ buffers/cache:       913M        78M
Swap:         8.0G       424M       7.6G

             total       used       free     shared    buffers     cached
Mem:          992M       920M        71M         0B       180K       4.6M
-/+ buffers/cache:       915M        76M
Swap:         8.0G       423M       7.6G

             total       used       free     shared    buffers     cached
Mem:          992M       922M        69M         0B       188K       4.6M
-/+ buffers/cache:       917M        74M
Swap:         8.0G       423M       7.6G

             total       used       free     shared    buffers     cached
Mem:          992M       924M        67M         0B       188K       4.6M
-/+ buffers/cache:       919M        72M
Swap:         8.0G       422M       7.6G

             total       used       free     shared    buffers     cached
Mem:          992M       926M        65M         0B       188K       4.6M
-/+ buffers/cache:       921M        70M
Swap:         8.0G       421M       7.6G

             total       used       free     shared    buffers     cached
Mem:          992M       928M        63M         0B       188K       4.6M
-/+ buffers/cache:       923M        68M
Swap:         8.0G       420M       7.6G

             total       used       free     shared    buffers     cached
Mem:          992M       930M        61M         0B       188K       4.6M
-/+ buffers/cache:       925M        66M
Swap:         8.0G       419M       7.6G

             total       used       free     shared    buffers     cached
Mem:          992M       918M        73M         0B       176K       4.3M
-/+ buffers/cache:       913M        78M
Swap:         8.0G       427M       7.6G

             total       used       free     shared    buffers     cached
Mem:          992M       920M        72M         0B       184K       4.3M
-/+ buffers/cache:       915M        76M
Swap:         8.0G       426M       7.6G

             total       used       free     shared    buffers     cached
Mem:          992M       922M        70M         0B       184K       4.3M
-/+ buffers/cache:       917M        74M
Swap:         8.0G       426M       7.6G

             total       used       free     shared    buffers     cached
Mem:          992M       923M        68M         0B       184K       4.4M
-/+ buffers/cache:       919M        72M
Swap:         8.0G       425M       7.6G

             total       used       free     shared    buffers     cached
Mem:          992M       925M        66M         0B       184K       4.3M
-/+ buffers/cache:       920M        71M
Swap:         8.0G       424M       7.6G

             total       used       free     shared    buffers     cached
Mem:          992M       926M        65M         0B       184K       4.4M
-/+ buffers/cache:       922M        69M
Swap:         8.0G       423M       7.6G

             total       used       free     shared    buffers     cached
Mem:          992M       928M        63M         0B       192K       4.3M
-/+ buffers/cache:       924M        67M
Swap:         8.0G       423M       7.6G

             total       used       free     shared    buffers     cached
Mem:          992M       930M        61M         0B       192K       4.3M
-/+ buffers/cache:       926M        66M
Swap:         8.0G       422M       7.6G

             total       used       free     shared    buffers     cached
Mem:          992M       916M        75M         0B       180K       3.8M
-/+ buffers/cache:       912M        79M
Swap:         8.0G       441M       7.6G

             total       used       free     shared    buffers     cached
Mem:          992M       920M        72M         0B       552K       4.5M
-/+ buffers/cache:       914M        77M
Swap:         8.0G       440M       7.6G

             total       used       free     shared    buffers     cached
Mem:          992M       910M        81M        16K       448K        32M
-/+ buffers/cache:       877M       114M
Swap:         8.0G       476M       7.5G

             total       used       free     shared    buffers     cached
Mem:          992M       914M        77M        16K       600K        34M
-/+ buffers/cache:       879M       112M
Swap:         8.0G       475M       7.5G

             total       used       free     shared    buffers     cached
Mem:          992M       915M        76M        40K       600K        34M
-/+ buffers/cache:       880M       111M
Swap:         8.0G       474M       7.5G

             total       used       free     shared    buffers     cached
Mem:          992M       916M        75M        40K       600K        34M
-/+ buffers/cache:       881M       110M
Swap:         8.0G       474M       7.5G

             total       used       free     shared    buffers     cached
Mem:          992M       917M        74M        40K       600K        34M
-/+ buffers/cache:       882M       109M
Swap:         8.0G       474M       7.5G

             total       used       free     shared    buffers     cached
Mem:          992M       919M        73M        40K       608K        34M
-/+ buffers/cache:       884M       108M
Swap:         8.0G       473M       7.5G

             total       used       free     shared    buffers     cached
Mem:          992M       920M        72M        40K       608K        34M
-/+ buffers/cache:       885M       107M
Swap:         8.0G       473M       7.5G

             total       used       free     shared    buffers     cached
Mem:          992M       921M        70M        40K       608K        34M
-/+ buffers/cache:       886M       105M
Swap:         8.0G       472M       7.5G

             total       used       free     shared    buffers     cached
Mem:          992M       924M        68M        40K       608K        35M
-/+ buffers/cache:       888M       103M
Swap:         8.0G       471M       7.5G

             total       used       free     shared    buffers     cached
Mem:          992M       925M        67M        40K       608K        35M
-/+ buffers/cache:       889M       102M
Swap:         8.0G       471M       7.5G

             total       used       free     shared    buffers     cached
Mem:          992M       926M        65M        40K       608K        35M
-/+ buffers/cache:       890M       101M
Swap:         8.0G       470M       7.5G

             total       used       free     shared    buffers     cached
Mem:          992M       927M        64M        40K       620K        35M
-/+ buffers/cache:       892M       100M
Swap:         8.0G       469M       7.5G

             total       used       free     shared    buffers     cached
Mem:          992M       928M        63M        40K       620K        35M
-/+ buffers/cache:       892M        99M
Swap:         8.0G       469M       7.5G

             total       used       free     shared    buffers     cached
Mem:          992M       929M        62M        40K       620K        35M
-/+ buffers/cache:       893M        98M
Swap:         8.0G       469M       7.5G

             total       used       free     shared    buffers     cached
Mem:          992M       930M        61M        40K       620K        35M
-/+ buffers/cache:       895M        97M
Swap:         8.0G       468M       7.5G

             total       used       free     shared    buffers     cached
Mem:          992M       919M        72M        40K       408K        31M
-/+ buffers/cache:       887M       104M
Swap:         8.0G       480M       7.5G

             total       used       free     shared    buffers     cached
Mem:          992M       920M        71M        40K       416K        31M
-/+ buffers/cache:       888M       104M
Swap:         8.0G       480M       7.5G

             total       used       free     shared    buffers     cached
Mem:          992M       921M        70M        40K       416K        31M
-/+ buffers/cache:       889M       102M
Swap:         8.0G       479M       7.5G

             total       used       free     shared    buffers     cached
Mem:          992M       922M        69M        40K       416K        31M
-/+ buffers/cache:       890M       101M
Swap:         8.0G       479M       7.5G

             total       used       free     shared    buffers     cached
Mem:          992M       923M        68M        40K       416K        31M
-/+ buffers/cache:       891M       100M
Swap:         8.0G       478M       7.5G

             total       used       free     shared    buffers     cached
Mem:          992M       924M        67M        40K       416K        31M
-/+ buffers/cache:       892M        99M
Swap:         8.0G       478M       7.5G

             total       used       free     shared    buffers     cached
Mem:          992M       926M        66M        40K       424K        31M
-/+ buffers/cache:       893M        98M
Swap:         8.0G       477M       7.5G

             total       used       free     shared    buffers     cached
Mem:          992M       927M        64M        40K       424K        31M
-/+ buffers/cache:       895M        96M
Swap:         8.0G       476M       7.5G

             total       used       free     shared    buffers     cached
Mem:          992M       928M        63M        40K       424K        31M
-/+ buffers/cache:       896M        96M
Swap:         8.0G       476M       7.5G

             total       used       free     shared    buffers     cached
Mem:          992M       929M        62M        40K       424K        31M
-/+ buffers/cache:       897M        94M
Swap:         8.0G       475M       7.5G

             total       used       free     shared    buffers     cached
Mem:          992M       930M        61M        40K       424K        31M
-/+ buffers/cache:       898M        93M
Swap:         8.0G       475M       7.5G

             total       used       free     shared    buffers     cached
Mem:          992M       916M        75M        40K       424K        30M
-/+ buffers/cache:       885M       106M
Swap:         8.0G       481M       7.5G

             total       used       free     shared    buffers     cached
Mem:          992M       916M        75M        40K       432K        30M
-/+ buffers/cache:       885M       106M
Swap:         8.0G       480M       7.5G

             total       used       free     shared    buffers     cached
Mem:          992M       917M        74M        40K       432K        30M
-/+ buffers/cache:       886M       105M
Swap:         8.0G       480M       7.5G

             total       used       free     shared    buffers     cached
Mem:          992M       919M        73M        40K       432K        30M
-/+ buffers/cache:       888M       104M
Swap:         8.0G       479M       7.5G

             total       used       free     shared    buffers     cached
Mem:          992M       919M        72M        40K       432K        30M
-/+ buffers/cache:       888M       103M
Swap:         8.0G       479M       7.5G

             total       used       free     shared    buffers     cached
Mem:          992M       920M        71M        40K       432K        30M
-/+ buffers/cache:       890M       102M
Swap:         8.0G       478M       7.5G

             total       used       free     shared    buffers     cached
Mem:          992M       921M        70M        40K       440K        30M
-/+ buffers/cache:       891M       101M
Swap:         8.0G       478M       7.5G

             total       used       free     shared    buffers     cached
Mem:          992M       923M        69M        40K       440K        30M
-/+ buffers/cache:       892M       100M
Swap:         8.0G       477M       7.5G

             total       used       free     shared    buffers     cached
Mem:          992M       924M        67M        40K       440K        30M
-/+ buffers/cache:       893M        98M
Swap:         8.0G       477M       7.5G

             total       used       free     shared    buffers     cached
Mem:          992M       925M        67M        40K       440K        30M
-/+ buffers/cache:       894M        97M
Swap:         8.0G       476M       7.5G

             total       used       free     shared    buffers     cached
Mem:          992M       926M        65M        40K       440K        30M
-/+ buffers/cache:       895M        96M
Swap:         8.0G       476M       7.5G

             total       used       free     shared    buffers     cached
Mem:          992M       927M        64M        40K       440K        30M
-/+ buffers/cache:       896M        95M
Swap:         8.0G       475M       7.5G

             total       used       free     shared    buffers     cached
Mem:          992M       928M        63M        40K       448K        30M
-/+ buffers/cache:       897M        94M
Swap:         8.0G       474M       7.5G

             total       used       free     shared    buffers     cached
Mem:          992M       929M        62M        40K       448K        30M
-/+ buffers/cache:       899M        93M
Swap:         8.0G       474M       7.5G

             total       used       free     shared    buffers     cached
Mem:          992M       931M        60M        40K       448K        30M
-/+ buffers/cache:       900M        91M
Swap:         8.0G       473M       7.5G

             total       used       free     shared    buffers     cached
Mem:          992M       920M        71M        40K       428K        29M
-/+ buffers/cache:       890M       101M
Swap:         8.0G       478M       7.5G

             total       used       free     shared    buffers     cached
Mem:          992M       921M        70M        40K       428K        29M
-/+ buffers/cache:       892M        99M
Swap:         8.0G       477M       7.5G

             total       used       free     shared    buffers     cached
Mem:          992M       922M        69M        40K       436K        29M
-/+ buffers/cache:       893M        98M
Swap:         8.0G       477M       7.5G

             total       used       free     shared    buffers     cached
Mem:          992M       924M        68M        40K       436K        29M
-/+ buffers/cache:       894M        97M
Swap:         8.0G       476M       7.5G

             total       used       free     shared    buffers     cached
Mem:          992M       925M        66M        40K       436K        29M
-/+ buffers/cache:       895M        96M
Swap:         8.0G       476M       7.5G

             total       used       free     shared    buffers     cached
Mem:          992M       926M        65M        40K       436K        29M
-/+ buffers/cache:       896M        95M
Swap:         8.0G       475M       7.5G

             total       used       free     shared    buffers     cached
Mem:          992M       927M        64M        40K       436K        29M
-/+ buffers/cache:       897M        94M
Swap:         8.0G       475M       7.5G

             total       used       free     shared    buffers     cached
Mem:          992M       928M        63M        40K       436K        29M
-/+ buffers/cache:       899M        93M
Swap:         8.0G       474M       7.5G

             total       used       free     shared    buffers     cached
Mem:          992M       929M        62M        40K       444K        29M
-/+ buffers/cache:       900M        91M
Swap:         8.0G       474M       7.5G

             total       used       free     shared    buffers     cached
Mem:          992M       930M        61M        40K       444K        29M
-/+ buffers/cache:       901M        91M
Swap:         8.0G       473M       7.5G

             total       used       free     shared    buffers     cached
Mem:          992M       915M        76M        40K       444K        27M
-/+ buffers/cache:       887M       104M
Swap:         8.0G       491M       7.5G

             total       used       free     shared    buffers     cached
Mem:          992M       915M        76M        40K       444K        27M
-/+ buffers/cache:       888M       104M
Swap:         8.0G       491M       7.5G

             total       used       free     shared    buffers     cached
Mem:          992M       917M        75M        40K       444K        27M
-/+ buffers/cache:       889M       103M
Swap:         8.0G       490M       7.5G

             total       used       free     shared    buffers     cached
Mem:          992M       918M        73M        40K       452K        27M
-/+ buffers/cache:       890M       101M
Swap:         8.0G       490M       7.5G

             total       used       free     shared    buffers     cached
Mem:          992M       919M        72M        40K       452K        27M
-/+ buffers/cache:       891M       100M
Swap:         8.0G       489M       7.5G

             total       used       free     shared    buffers     cached
Mem:          992M       920M        71M        40K       452K        27M
-/+ buffers/cache:       892M        99M
Swap:         8.0G       488M       7.5G

             total       used       free     shared    buffers     cached
Mem:          992M       921M        70M        40K       452K        27M
-/+ buffers/cache:       893M        98M
Swap:         8.0G       488M       7.5G

             total       used       free     shared    buffers     cached
Mem:          992M       922M        69M        40K       452K        27M
-/+ buffers/cache:       894M        97M
Swap:         8.0G       487M       7.5G

             total       used       free     shared    buffers     cached
Mem:          992M       924M        68M        40K       452K        27M
-/+ buffers/cache:       896M        95M
Swap:         8.0G       486M       7.5G

             total       used       free     shared    buffers     cached
Mem:          992M       925M        66M        40K       460K        27M
-/+ buffers/cache:       897M        94M
Swap:         8.0G       486M       7.5G

             total       used       free     shared    buffers     cached
Mem:          992M       926M        65M        40K       460K        27M
-/+ buffers/cache:       898M        93M
Swap:         8.0G       485M       7.5G

             total       used       free     shared    buffers     cached
Mem:          992M       928M        64M        40K       460K        27M
-/+ buffers/cache:       899M        92M
Swap:         8.0G       485M       7.5G

             total       used       free     shared    buffers     cached
Mem:          992M       930M        61M        40K       596K        28M
-/+ buffers/cache:       901M        90M
Swap:         8.0G       484M       7.5G

             total       used       free     shared    buffers     cached
Mem:          992M       908M        83M        44K       596K        26M
-/+ buffers/cache:       881M       110M
Swap:         8.0G       504M       7.5G

             total       used       free     shared    buffers     cached
Mem:          992M       909M        82M        44K       604K        26M
-/+ buffers/cache:       882M       109M
Swap:         8.0G       503M       7.5G

             total       used       free     shared    buffers     cached
Mem:          992M       910M        81M        44K       604K        26M
-/+ buffers/cache:       883M       108M
Swap:         8.0G       503M       7.5G

             total       used       free     shared    buffers     cached
Mem:          992M       912M        80M        44K       604K        26M
-/+ buffers/cache:       884M       107M
Swap:         8.0G       502M       7.5G

             total       used       free     shared    buffers     cached
Mem:          992M       920M        72M        44K       604K        28M
-/+ buffers/cache:       890M       101M
Swap:         8.0G       499M       7.5G

             total       used       free     shared    buffers     cached
Mem:          992M       921M        70M        44K       604K        28M
-/+ buffers/cache:       891M       100M
Swap:         8.0G       498M       7.5G

             total       used       free     shared    buffers     cached
Mem:          992M       922M        69M        44K       604K        28M
-/+ buffers/cache:       893M        99M
Swap:         8.0G       498M       7.5G

             total       used       free     shared    buffers     cached
Mem:          992M       930M        61M        44K       612K        31M
-/+ buffers/cache:       898M        93M
Swap:         8.0G       495M       7.5G

             total       used       free     shared    buffers     cached
Mem:          992M       931M        61M        44K       612K        31M
-/+ buffers/cache:       899M        92M
Swap:         8.0G       495M       7.5G

             total       used       free     shared    buffers     cached
Mem:          992M       912M        79M        44K       612K        25M
-/+ buffers/cache:       886M       105M
Swap:         8.0G       509M       7.5G

             total       used       free     shared    buffers     cached
Mem:          992M       913M        79M        44K       612K        25M
-/+ buffers/cache:       887M       105M
Swap:         8.0G       509M       7.5G

             total       used       free     shared    buffers     cached
Mem:          992M       913M        78M        44K       612K        25M
-/+ buffers/cache:       887M       104M
Swap:         8.0G       508M       7.5G

             total       used       free     shared    buffers     cached
Mem:          992M       914M        77M        44K       620K        25M
-/+ buffers/cache:       888M       103M
Swap:         8.0G       508M       7.5G

             total       used       free     shared    buffers     cached
Mem:          992M       915M        76M        44K       620K        25M
-/+ buffers/cache:       889M       102M
Swap:         8.0G       508M       7.5G

             total       used       free     shared    buffers     cached
Mem:          992M       915M        76M        44K       620K        25M
-/+ buffers/cache:       889M       102M
Swap:         8.0G       507M       7.5G

             total       used       free     shared    buffers     cached
Mem:          992M       916M        75M        44K       620K        25M
-/+ buffers/cache:       890M       101M
Swap:         8.0G       507M       7.5G

             total       used       free     shared    buffers     cached
Mem:          992M       917M        74M        44K       620K        25M
-/+ buffers/cache:       891M       100M
Swap:         8.0G       507M       7.5G

             total       used       free     shared    buffers     cached
Mem:          992M       922M        70M       200K       620K        28M
-/+ buffers/cache:       893M        99M
Swap:         8.0G       506M       7.5G

             total       used       free     shared    buffers     cached
Mem:          992M       916M        75M       200K       1.8M        40M
-/+ buffers/cache:       873M       118M
Swap:         8.0G       530M       7.5G

             total       used       free     shared    buffers     cached
Mem:          992M       929M        62M       3.9M       5.3M        54M
-/+ buffers/cache:       869M       122M
Swap:         8.0G       546M       7.5G

             total       used       free     shared    buffers     cached
Mem:          992M       920M        71M       232K       5.3M        62M
-/+ buffers/cache:       852M       139M
Swap:         8.0G       569M       7.4G

             total       used       free     shared    buffers     cached
Mem:          992M       928M        63M       224K       5.4M        64M
-/+ buffers/cache:       858M       133M
Swap:         8.0G       567M       7.4G

             total       used       free     shared    buffers     cached
Mem:          992M       929M        62M       224K       5.4M        64M
-/+ buffers/cache:       859M       132M
Swap:         8.0G       566M       7.4G

             total       used       free     shared    buffers     cached
Mem:          992M       930M        62M       224K       5.4M        64M
-/+ buffers/cache:       860M       132M
Swap:         8.0G       566M       7.4G

             total       used       free     shared    buffers     cached
Mem:          992M       931M        60M       224K       5.4M        64M
-/+ buffers/cache:       861M       130M
Swap:         8.0G       565M       7.4G

             total       used       free     shared    buffers     cached
Mem:          992M       918M        73M       224K       5.3M        63M
-/+ buffers/cache:       849M       142M
Swap:         8.0G       565M       7.4G

             total       used       free     shared    buffers     cached
Mem:          992M       920M        72M       224K       5.3M        63M
-/+ buffers/cache:       851M       140M
Swap:         8.0G       564M       7.4G

             total       used       free     shared    buffers     cached
Mem:          992M       921M        70M       224K       5.3M        63M
-/+ buffers/cache:       852M       139M
Swap:         8.0G       563M       7.4G

             total       used       free     shared    buffers     cached
Mem:          992M       922M        69M       224K       5.3M        63M
-/+ buffers/cache:       854M       138M
Swap:         8.0G       563M       7.4G

             total       used       free     shared    buffers     cached
Mem:          992M       924M        68M       224K       5.3M        63M
-/+ buffers/cache:       855M       136M
Swap:         8.0G       562M       7.4G

             total       used       free     shared    buffers     cached
Mem:          992M       925M        66M       224K       5.3M        63M
-/+ buffers/cache:       856M       135M
Swap:         8.0G       562M       7.4G

             total       used       free     shared    buffers     cached
Mem:          992M       927M        65M       224K       5.3M        63M
-/+ buffers/cache:       858M       134M
Swap:         8.0G       561M       7.4G

             total       used       free     shared    buffers     cached
Mem:          992M       928M        63M       224K       5.3M        63M
-/+ buffers/cache:       859M       132M
Swap:         8.0G       560M       7.4G

             total       used       free     shared    buffers     cached
Mem:          992M       929M        62M       224K       5.3M        63M
-/+ buffers/cache:       860M       131M
Swap:         8.0G       560M       7.5G

             total       used       free     shared    buffers     cached
Mem:          992M       911M        81M       224K       4.4M        61M
-/+ buffers/cache:       845M       146M
Swap:         8.0G       577M       7.4G

             total       used       free     shared    buffers     cached
Mem:          992M       911M        80M       224K       4.4M        61M
-/+ buffers/cache:       845M       146M
Swap:         8.0G       577M       7.4G

             total       used       free     shared    buffers     cached
Mem:          992M       912M        79M       224K       4.4M        61M
-/+ buffers/cache:       847M       145M
Swap:         8.0G       576M       7.4G

             total       used       free     shared    buffers     cached
Mem:          992M       914M        77M       224K       4.4M        61M
-/+ buffers/cache:       848M       143M
Swap:         8.0G       575M       7.4G

             total       used       free     shared    buffers     cached
Mem:          992M       915M        76M       224K       4.4M        61M
-/+ buffers/cache:       850M       142M
Swap:         8.0G       575M       7.4G

             total       used       free     shared    buffers     cached
Mem:          992M       916M        75M       224K       4.4M        61M
-/+ buffers/cache:       851M       140M
Swap:         8.0G       574M       7.4G

             total       used       free     shared    buffers     cached
Mem:          992M       918M        73M       224K       4.4M        61M
-/+ buffers/cache:       853M       139M
Swap:         8.0G       573M       7.4G

             total       used       free     shared    buffers     cached
Mem:          992M       919M        72M       224K       4.4M        61M
-/+ buffers/cache:       854M       138M
Swap:         8.0G       573M       7.4G

             total       used       free     shared    buffers     cached
Mem:          992M       920M        71M       224K       4.4M        61M
-/+ buffers/cache:       855M       136M
Swap:         8.0G       572M       7.4G

             total       used       free     shared    buffers     cached
Mem:          992M       922M        69M       224K       4.4M        61M
-/+ buffers/cache:       856M       135M
Swap:         8.0G       571M       7.4G

             total       used       free     shared    buffers     cached
Mem:          992M       923M        68M       224K       4.4M        61M
-/+ buffers/cache:       858M       133M
Swap:         8.0G       571M       7.4G

             total       used       free     shared    buffers     cached
Mem:          992M       925M        66M       224K       4.4M        61M
-/+ buffers/cache:       859M       132M
Swap:         8.0G       570M       7.4G

             total       used       free     shared    buffers     cached
Mem:          992M       926M        65M       224K       4.4M        61M
-/+ buffers/cache:       861M       130M
Swap:         8.0G       569M       7.4G

             total       used       free     shared    buffers     cached
Mem:          992M       928M        64M       224K       4.4M        61M
-/+ buffers/cache:       862M       129M
Swap:         8.0G       569M       7.4G

             total       used       free     shared    buffers     cached
Mem:          992M       929M        62M       224K       4.4M        61M
-/+ buffers/cache:       863M       128M
Swap:         8.0G       568M       7.4G

             total       used       free     shared    buffers     cached
Mem:          992M       930M        61M       224K       4.4M        61M
-/+ buffers/cache:       865M       126M
Swap:         8.0G       567M       7.4G

             total       used       free     shared    buffers     cached
Mem:          992M       918M        73M       224K       4.4M        59M
-/+ buffers/cache:       854M       137M
Swap:         8.0G       575M       7.4G

             total       used       free     shared    buffers     cached
Mem:          992M       919M        72M       224K       4.4M        59M
-/+ buffers/cache:       856M       135M
Swap:         8.0G       574M       7.4G

             total       used       free     shared    buffers     cached
Mem:          992M       928M        63M       224K       5.5M        63M
-/+ buffers/cache:       859M       132M
Swap:         8.0G       573M       7.4G

             total       used       free     shared    buffers     cached
Mem:          992M       918M        73M       272K       8.9M        71M
-/+ buffers/cache:       838M       153M
Swap:         8.0G       600M       7.4G
