             total       used       free     shared    buffers     cached
Mem:          992M       656M       335M       3.2M        38M       289M
-/+ buffers/cache:       329M       663M
Swap:         8.0G         0B       8.0G

             total       used       free     shared    buffers     cached
Mem:          992M       657M       334M       1.4M        38M       287M
-/+ buffers/cache:       331M       661M
Swap:         8.0G         0B       8.0G

             total       used       free     shared    buffers     cached
Mem:          992M       657M       334M       1.4M        38M       287M
-/+ buffers/cache:       331M       661M
Swap:         8.0G         0B       8.0G

             total       used       free     shared    buffers     cached
Mem:          992M       657M       334M       1.4M        38M       287M
-/+ buffers/cache:       331M       661M
Swap:         8.0G         0B       8.0G

             total       used       free     shared    buffers     cached
Mem:          992M       657M       334M       1.4M        38M       287M
-/+ buffers/cache:       331M       661M
Swap:         8.0G         0B       8.0G

             total       used       free     shared    buffers     cached
Mem:          992M       657M       334M       1.4M        38M       287M
-/+ buffers/cache:       331M       661M
Swap:         8.0G         0B       8.0G

             total       used       free     shared    buffers     cached
Mem:          992M       657M       335M       1.4M        38M       287M
-/+ buffers/cache:       330M       661M
Swap:         8.0G         0B       8.0G

             total       used       free     shared    buffers     cached
Mem:          992M       656M       335M       1.4M        38M       288M
-/+ buffers/cache:       330M       661M
Swap:         8.0G         0B       8.0G

             total       used       free     shared    buffers     cached
Mem:          992M       660M       331M       1.4M        38M       288M
-/+ buffers/cache:       333M       658M
Swap:         8.0G         0B       8.0G

             total       used       free     shared    buffers     cached
Mem:          992M       670M       321M       1.4M        38M       288M
-/+ buffers/cache:       344M       648M
Swap:         8.0G         0B       8.0G

             total       used       free     shared    buffers     cached
Mem:          992M       679M       312M       1.4M        38M       288M
-/+ buffers/cache:       352M       639M
Swap:         8.0G         0B       8.0G

             total       used       free     shared    buffers     cached
Mem:          992M       665M       327M       1.4M        38M       289M
-/+ buffers/cache:       337M       654M
Swap:         8.0G         0B       8.0G

             total       used       free     shared    buffers     cached
Mem:          992M       666M       326M       1.4M        38M       289M
-/+ buffers/cache:       338M       653M
Swap:         8.0G         0B       8.0G

             total       used       free     shared    buffers     cached
Mem:          992M       673M       318M       1.4M        38M       289M
-/+ buffers/cache:       345M       646M
Swap:         8.0G         0B       8.0G

             total       used       free     shared    buffers     cached
Mem:          992M       666M       325M       1.4M        38M       289M
-/+ buffers/cache:       338M       653M
Swap:         8.0G         0B       8.0G

             total       used       free     shared    buffers     cached
Mem:          992M       666M       325M       1.4M        38M       289M
-/+ buffers/cache:       338M       653M
Swap:         8.0G         0B       8.0G

             total       used       free     shared    buffers     cached
Mem:          992M       666M       325M       1.4M        38M       289M
-/+ buffers/cache:       338M       653M
Swap:         8.0G         0B       8.0G

             total       used       free     shared    buffers     cached
Mem:          992M       666M       325M       1.4M        38M       289M
-/+ buffers/cache:       338M       653M
Swap:         8.0G         0B       8.0G

             total       used       free     shared    buffers     cached
Mem:          992M       666M       325M       1.4M        38M       289M
-/+ buffers/cache:       338M       653M
Swap:         8.0G         0B       8.0G

             total       used       free     shared    buffers     cached
Mem:          992M       666M       325M       1.4M        38M       289M
-/+ buffers/cache:       338M       653M
Swap:         8.0G         0B       8.0G

             total       used       free     shared    buffers     cached
Mem:          992M       666M       325M       1.4M        38M       289M
-/+ buffers/cache:       338M       653M
Swap:         8.0G         0B       8.0G

             total       used       free     shared    buffers     cached
Mem:          992M       666M       325M       1.4M        38M       289M
-/+ buffers/cache:       338M       653M
Swap:         8.0G         0B       8.0G

             total       used       free     shared    buffers     cached
Mem:          992M       666M       325M       1.4M        38M       289M
-/+ buffers/cache:       338M       653M
Swap:         8.0G         0B       8.0G

             total       used       free     shared    buffers     cached
Mem:          992M       666M       325M       1.4M        38M       289M
-/+ buffers/cache:       338M       653M
Swap:         8.0G         0B       8.0G

             total       used       free     shared    buffers     cached
Mem:          992M       666M       325M       1.4M        38M       289M
-/+ buffers/cache:       338M       653M
Swap:         8.0G         0B       8.0G

             total       used       free     shared    buffers     cached
Mem:          992M       666M       325M       1.4M        38M       289M
-/+ buffers/cache:       338M       653M
Swap:         8.0G         0B       8.0G

             total       used       free     shared    buffers     cached
Mem:          992M       666M       325M       1.4M        38M       289M
-/+ buffers/cache:       338M       653M
Swap:         8.0G         0B       8.0G

             total       used       free     shared    buffers     cached
Mem:          992M       666M       325M       1.4M        38M       289M
-/+ buffers/cache:       338M       653M
Swap:         8.0G         0B       8.0G

             total       used       free     shared    buffers     cached
Mem:          992M       666M       325M       1.4M        38M       289M
-/+ buffers/cache:       338M       653M
Swap:         8.0G         0B       8.0G

             total       used       free     shared    buffers     cached
Mem:          992M       666M       325M       1.4M        38M       289M
-/+ buffers/cache:       338M       653M
Swap:         8.0G         0B       8.0G

             total       used       free     shared    buffers     cached
Mem:          992M       666M       325M       1.4M        38M       289M
-/+ buffers/cache:       338M       653M
Swap:         8.0G         0B       8.0G

             total       used       free     shared    buffers     cached
Mem:          992M       666M       325M       1.4M        38M       289M
-/+ buffers/cache:       338M       653M
Swap:         8.0G         0B       8.0G

             total       used       free     shared    buffers     cached
Mem:          992M       666M       325M       1.4M        38M       289M
-/+ buffers/cache:       338M       653M
Swap:         8.0G         0B       8.0G

             total       used       free     shared    buffers     cached
Mem:          992M       673M       319M       1.4M        38M       289M
-/+ buffers/cache:       344M       647M
Swap:         8.0G         0B       8.0G

             total       used       free     shared    buffers     cached
Mem:          992M       689M       302M       1.4M        38M       289M
-/+ buffers/cache:       361M       630M
Swap:         8.0G         0B       8.0G

             total       used       free     shared    buffers     cached
Mem:          992M       706M       285M       1.4M        38M       289M
-/+ buffers/cache:       378M       613M
Swap:         8.0G         0B       8.0G

             total       used       free     shared    buffers     cached
Mem:          992M       722M       269M       1.4M        38M       289M
-/+ buffers/cache:       394M       597M
Swap:         8.0G         0B       8.0G

             total       used       free     shared    buffers     cached
Mem:          992M       740M       252M       1.4M        38M       289M
-/+ buffers/cache:       411M       580M
Swap:         8.0G         0B       8.0G

             total       used       free     shared    buffers     cached
Mem:          992M       756M       235M       1.4M        38M       289M
-/+ buffers/cache:       428M       563M
Swap:         8.0G         0B       8.0G

             total       used       free     shared    buffers     cached
Mem:          992M       774M       217M       1.4M        38M       289M
-/+ buffers/cache:       446M       546M
Swap:         8.0G         0B       8.0G

             total       used       free     shared    buffers     cached
Mem:          992M       788M       203M       1.4M        38M       289M
-/+ buffers/cache:       460M       531M
Swap:         8.0G         0B       8.0G

             total       used       free     shared    buffers     cached
Mem:          992M       805M       186M       1.4M        38M       289M
-/+ buffers/cache:       477M       514M
Swap:         8.0G         0B       8.0G

             total       used       free     shared    buffers     cached
Mem:          992M       822M       169M       1.4M        38M       289M
-/+ buffers/cache:       494M       497M
Swap:         8.0G         0B       8.0G

             total       used       free     shared    buffers     cached
Mem:          992M       843M       148M       1.4M        38M       289M
-/+ buffers/cache:       515M       476M
Swap:         8.0G         0B       8.0G

             total       used       free     shared    buffers     cached
Mem:          992M       859M       132M       1.4M        38M       289M
-/+ buffers/cache:       531M       460M
Swap:         8.0G         0B       8.0G

             total       used       free     shared    buffers     cached
Mem:          992M       874M       117M       1.4M        38M       289M
-/+ buffers/cache:       546M       445M
Swap:         8.0G         0B       8.0G

             total       used       free     shared    buffers     cached
Mem:          992M       891M       100M       1.4M        38M       289M
-/+ buffers/cache:       562M       429M
Swap:         8.0G         0B       8.0G

             total       used       free     shared    buffers     cached
Mem:          992M       904M        87M       1.4M        38M       289M
-/+ buffers/cache:       576M       415M
Swap:         8.0G         0B       8.0G

             total       used       free     shared    buffers     cached
Mem:          992M       920M        71M       1.4M        38M       289M
-/+ buffers/cache:       592M       399M
Swap:         8.0G         0B       8.0G

             total       used       free     shared    buffers     cached
Mem:          992M       922M        69M       1.4M        24M       288M
-/+ buffers/cache:       610M       381M
Swap:         8.0G         0B       8.0G

             total       used       free     shared    buffers     cached
Mem:          992M       917M        74M       1.4M        10M       281M
-/+ buffers/cache:       625M       366M
Swap:         8.0G        16K       8.0G

             total       used       free     shared    buffers     cached
Mem:          992M       933M        58M       1.4M        10M       281M
-/+ buffers/cache:       641M       350M
Swap:         8.0G        16K       8.0G

             total       used       free     shared    buffers     cached
Mem:          992M       930M        61M       1.4M       9.7M       264M
-/+ buffers/cache:       656M       335M
Swap:         8.0G       124K       8.0G

             total       used       free     shared    buffers     cached
Mem:          992M       928M        64M       1.3M       9.6M       244M
-/+ buffers/cache:       673M       318M
Swap:         8.0G       368K       8.0G

             total       used       free     shared    buffers     cached
Mem:          992M       930M        61M       1.2M       9.6M       232M
-/+ buffers/cache:       687M       304M
Swap:         8.0G       4.2M       8.0G

             total       used       free     shared    buffers     cached
Mem:          992M       913M        79M       1.1M       8.1M       205M
-/+ buffers/cache:       699M       292M
Swap:         8.0G       9.9M       8.0G

             total       used       free     shared    buffers     cached
Mem:          992M       929M        63M       1.1M       8.1M       205M
-/+ buffers/cache:       715M       276M
Swap:         8.0G       9.9M       8.0G

             total       used       free     shared    buffers     cached
Mem:          992M       930M        61M       1.1M       2.6M       198M
-/+ buffers/cache:       729M       262M
Swap:         8.0G       9.9M       8.0G

             total       used       free     shared    buffers     cached
Mem:          992M       920M        72M       1.1M       208K       174M
-/+ buffers/cache:       745M       246M
Swap:         8.0G       9.9M       8.0G

             total       used       free     shared    buffers     cached
Mem:          992M       914M        78M       1.1M       196K       154M
-/+ buffers/cache:       759M       232M
Swap:         8.0G       9.9M       8.0G

             total       used       free     shared    buffers     cached
Mem:          992M       928M        63M       1.1M       204K       153M
-/+ buffers/cache:       774M       218M
Swap:         8.0G       9.9M       8.0G

             total       used       free     shared    buffers     cached
Mem:          992M       919M        72M       1.1M       360K       135M
-/+ buffers/cache:       783M       208M
Swap:         8.0G       9.9M       8.0G

             total       used       free     shared    buffers     cached
Mem:          992M       920M        71M       1.1M       216K       119M
-/+ buffers/cache:       800M       191M
Swap:         8.0G       9.9M       8.0G

             total       used       free     shared    buffers     cached
Mem:          992M       921M        70M       1.1M       216K       105M
-/+ buffers/cache:       815M       176M
Swap:         8.0G       9.9M       8.0G

             total       used       free     shared    buffers     cached
Mem:          992M       924M        67M       1.1M       216K        93M
-/+ buffers/cache:       830M       161M
Swap:         8.0G       9.9M       8.0G

             total       used       free     shared    buffers     cached
Mem:          992M       920M        71M       1.1M       216K        72M
-/+ buffers/cache:       848M       143M
Swap:         8.0G       9.9M       8.0G

             total       used       free     shared    buffers     cached
Mem:          992M       917M        74M       1.1M       220K        55M
-/+ buffers/cache:       862M       129M
Swap:         8.0G       9.9M       8.0G

             total       used       free     shared    buffers     cached
Mem:          992M       921M        71M       1.1M       500K        42M
-/+ buffers/cache:       877M       114M
Swap:         8.0G       9.9M       8.0G

             total       used       free     shared    buffers     cached
Mem:          992M       922M        69M       1.1M       2.9M        26M
-/+ buffers/cache:       892M        99M
Swap:         8.0G       9.9M       8.0G

             total       used       free     shared    buffers     cached
Mem:          992M       928M        63M       1.1M       3.1M        18M
-/+ buffers/cache:       906M        85M
Swap:         8.0G        10M       8.0G

             total       used       free     shared    buffers     cached
Mem:          992M       930M        61M       1.0M       2.0M        12M
-/+ buffers/cache:       916M        76M
Swap:         8.0G        16M       8.0G

             total       used       free     shared    buffers     cached
Mem:          992M       924M        67M       1.0M       352K       3.2M
-/+ buffers/cache:       921M        70M
Swap:         8.0G        25M       8.0G

             total       used       free     shared    buffers     cached
Mem:          992M       918M        73M       688K       340K       2.6M
-/+ buffers/cache:       915M        76M
Swap:         8.0G        57M       7.9G

             total       used       free     shared    buffers     cached
Mem:          992M       920M        71M       700K       340K       2.7M
-/+ buffers/cache:       917M        74M
Swap:         8.0G        57M       7.9G

             total       used       free     shared    buffers     cached
Mem:          992M       917M        75M       700K       348K       2.8M
-/+ buffers/cache:       913M        78M
Swap:         8.0G        95M       7.9G

             total       used       free     shared    buffers     cached
Mem:          992M       918M        73M       668K       340K       2.8M
-/+ buffers/cache:       915M        76M
Swap:         8.0G        95M       7.9G

             total       used       free     shared    buffers     cached
Mem:          992M       917M        74M       668K       348K       2.8M
-/+ buffers/cache:       914M        77M
Swap:         8.0G       117M       7.9G

             total       used       free     shared    buffers     cached
Mem:          992M       920M        71M       664K       340K       2.7M
-/+ buffers/cache:       917M        74M
Swap:         8.0G       121M       7.9G

             total       used       free     shared    buffers     cached
Mem:          992M       929M        62M       664K       340K       2.7M
-/+ buffers/cache:       926M        65M
Swap:         8.0G       127M       7.9G

             total       used       free     shared    buffers     cached
Mem:          992M       928M        63M       644K       340K       2.9M
-/+ buffers/cache:       924M        67M
Swap:         8.0G       149M       7.9G

             total       used       free     shared    buffers     cached
Mem:          992M       920M        71M       572K       328K       2.8M
-/+ buffers/cache:       917M        74M
Swap:         8.0G       166M       7.8G

             total       used       free     shared    buffers     cached
Mem:          992M       916M        75M       572K       336K       2.8M
-/+ buffers/cache:       913M        78M
Swap:         8.0G       213M       7.8G

             total       used       free     shared    buffers     cached
Mem:          992M       930M        61M       568K       336K       2.8M
-/+ buffers/cache:       927M        64M
Swap:         8.0G       213M       7.8G

             total       used       free     shared    buffers     cached
Mem:          992M       919M        73M       568K       336K       2.8M
-/+ buffers/cache:       915M        76M
Swap:         8.0G       213M       7.8G

             total       used       free     shared    buffers     cached
Mem:          992M       908M        83M       568K       268K       3.1M
-/+ buffers/cache:       905M        87M
Swap:         8.0G       258M       7.7G

             total       used       free     shared    buffers     cached
Mem:          992M       922M        69M       540K       268K       3.1M
-/+ buffers/cache:       919M        73M
Swap:         8.0G       258M       7.7G

             total       used       free     shared    buffers     cached
Mem:          992M       920M        71M       540K        76K        19M
-/+ buffers/cache:       900M        91M
Swap:         8.0G       295M       7.7G

             total       used       free     shared    buffers     cached
Mem:          992M       921M        70M       540K        84K        20M
-/+ buffers/cache:       900M        91M
Swap:         8.0G       295M       7.7G

             total       used       free     shared    buffers     cached
Mem:          992M       927M        64M       540K       536K        20M
-/+ buffers/cache:       906M        85M
Swap:         8.0G       295M       7.7G

             total       used       free     shared    buffers     cached
Mem:          992M       920M        71M       540K       536K        20M
-/+ buffers/cache:       899M        92M
Swap:         8.0G       295M       7.7G

             total       used       free     shared    buffers     cached
Mem:          992M       926M        66M       540K       536K        20M
-/+ buffers/cache:       905M        87M
Swap:         8.0G       295M       7.7G

             total       used       free     shared    buffers     cached
Mem:          992M       931M        60M       540K       536K        20M
-/+ buffers/cache:       910M        82M
Swap:         8.0G       295M       7.7G

             total       used       free     shared    buffers     cached
Mem:          992M       913M        78M       540K       540K        18M
-/+ buffers/cache:       894M        97M
Swap:         8.0G       317M       7.7G

             total       used       free     shared    buffers     cached
Mem:          992M       917M        74M       540K       540K        18M
-/+ buffers/cache:       898M        93M
Swap:         8.0G       317M       7.7G

             total       used       free     shared    buffers     cached
Mem:          992M       922M        69M       540K       540K        18M
-/+ buffers/cache:       903M        88M
Swap:         8.0G       317M       7.7G

             total       used       free     shared    buffers     cached
Mem:          992M       928M        63M       540K       540K        18M
-/+ buffers/cache:       909M        82M
Swap:         8.0G       317M       7.7G

             total       used       free     shared    buffers     cached
Mem:          992M       917M        74M       540K       524K        15M
-/+ buffers/cache:       901M        90M
Swap:         8.0G       327M       7.7G

             total       used       free     shared    buffers     cached
Mem:          992M       921M        70M       540K       532K        15M
-/+ buffers/cache:       905M        86M
Swap:         8.0G       327M       7.7G

             total       used       free     shared    buffers     cached
Mem:          992M       926M        66M       540K       532K        15M
-/+ buffers/cache:       910M        81M
Swap:         8.0G       327M       7.7G

             total       used       free     shared    buffers     cached
Mem:          992M       919M        72M       540K        80K       7.8M
-/+ buffers/cache:       911M        80M
Swap:         8.0G       329M       7.7G

             total       used       free     shared    buffers     cached
Mem:          992M       923M        68M       540K        88K       7.8M
-/+ buffers/cache:       915M        76M
Swap:         8.0G       329M       7.7G

             total       used       free     shared    buffers     cached
Mem:          992M       927M        64M       540K        88K       7.8M
-/+ buffers/cache:       919M        72M
Swap:         8.0G       329M       7.7G

             total       used       free     shared    buffers     cached
Mem:          992M       914M        77M       540K       380K       2.6M
-/+ buffers/cache:       911M        80M
Swap:         8.0G       343M       7.7G

             total       used       free     shared    buffers     cached
Mem:          992M       919M        72M       540K       520K       2.6M
-/+ buffers/cache:       916M        75M
Swap:         8.0G       343M       7.7G

             total       used       free     shared    buffers     cached
Mem:          992M       924M        67M       540K       520K       2.6M
-/+ buffers/cache:       921M        70M
Swap:         8.0G       341M       7.7G

             total       used       free     shared    buffers     cached
Mem:          992M       919M        73M         8K       512K       1.6M
-/+ buffers/cache:       916M        75M
Swap:         8.0G       339M       7.7G

             total       used       free     shared    buffers     cached
Mem:          992M       922M        69M         8K       432K       1.3M
-/+ buffers/cache:       921M        71M
Swap:         8.0G       332M       7.7G

             total       used       free     shared    buffers     cached
Mem:          992M       919M        72M         8K        84K       1.5M
-/+ buffers/cache:       918M        73M
Swap:         8.0G       333M       7.7G

             total       used       free     shared    buffers     cached
Mem:          992M       920M        71M         0B        88K       1.4M
-/+ buffers/cache:       919M        73M
Swap:         8.0G       334M       7.7G

             total       used       free     shared    buffers     cached
Mem:          992M       927M        64M         0B        88K       1.4M
-/+ buffers/cache:       926M        65M
Swap:         8.0G       327M       7.7G

             total       used       free     shared    buffers     cached
Mem:          992M       920M        71M         0B        88K       1.5M
-/+ buffers/cache:       918M        73M
Swap:         8.0G       335M       7.7G

             total       used       free     shared    buffers     cached
Mem:          992M       922M        69M         0B        88K       1.5M
-/+ buffers/cache:       921M        70M
Swap:         8.0G       337M       7.7G

             total       used       free     shared    buffers     cached
Mem:          992M       920M        71M         0B        88K       1.5M
-/+ buffers/cache:       919M        73M
Swap:         8.0G       343M       7.7G

             total       used       free     shared    buffers     cached
Mem:          992M       919M        72M         0B        96K       1.5M
-/+ buffers/cache:       918M        73M
Swap:         8.0G       346M       7.7G

             total       used       free     shared    buffers     cached
Mem:          992M       922M        70M         0B        96K       1.5M
-/+ buffers/cache:       920M        71M
Swap:         8.0G       351M       7.7G

             total       used       free     shared    buffers     cached
Mem:          992M       918M        73M         0B        96K       1.5M
-/+ buffers/cache:       917M        74M
Swap:         8.0G       344M       7.7G

             total       used       free     shared    buffers     cached
Mem:          992M       915M        77M         0B        96K       1.4M
-/+ buffers/cache:       913M        78M
Swap:         8.0G       366M       7.6G

             total       used       free     shared    buffers     cached
Mem:          992M       920M        71M         0B        96K       1.8M
-/+ buffers/cache:       918M        73M
Swap:         8.0G       355M       7.7G

             total       used       free     shared    buffers     cached
Mem:          992M       923M        68M         0B        96K       1.8M
-/+ buffers/cache:       922M        70M
Swap:         8.0G       353M       7.7G

             total       used       free     shared    buffers     cached
Mem:          992M       924M        67M         0B       104K       2.2M
-/+ buffers/cache:       922M        69M
Swap:         8.0G       353M       7.7G

             total       used       free     shared    buffers     cached
Mem:          992M       917M        74M         0B        76K       2.2M
-/+ buffers/cache:       915M        77M
Swap:         8.0G       363M       7.6G

             total       used       free     shared    buffers     cached
Mem:          992M       924M        67M         0B        76K       2.2M
-/+ buffers/cache:       922M        69M
Swap:         8.0G       362M       7.6G

             total       used       free     shared    buffers     cached
Mem:          992M       919M        72M         0B        76K       2.1M
-/+ buffers/cache:       917M        74M
Swap:         8.0G       374M       7.6G

             total       used       free     shared    buffers     cached
Mem:          992M       926M        65M         0B        76K       2.1M
-/+ buffers/cache:       924M        68M
Swap:         8.0G       374M       7.6G

             total       used       free     shared    buffers     cached
Mem:          992M       918M        73M         0B        84K       2.1M
-/+ buffers/cache:       916M        75M
Swap:         8.0G       385M       7.6G

             total       used       free     shared    buffers     cached
Mem:          992M       924M        68M         0B        84K       2.1M
-/+ buffers/cache:       921M        70M
Swap:         8.0G       385M       7.6G

             total       used       free     shared    buffers     cached
Mem:          992M       929M        62M         0B        84K       2.1M
-/+ buffers/cache:       927M        65M
Swap:         8.0G       384M       7.6G

             total       used       free     shared    buffers     cached
Mem:          992M       904M        87M         0B        84K       2.1M
-/+ buffers/cache:       902M        90M
Swap:         8.0G       410M       7.6G

             total       used       free     shared    buffers     cached
Mem:          992M       908M        83M         0B       204K       2.9M
-/+ buffers/cache:       905M        86M
Swap:         8.0G       408M       7.6G

             total       used       free     shared    buffers     cached
Mem:          992M       911M        81M         0B       212K       2.9M
-/+ buffers/cache:       908M        84M
Swap:         8.0G       407M       7.6G

             total       used       free     shared    buffers     cached
Mem:          992M       914M        77M         0B       212K       3.1M
-/+ buffers/cache:       911M        81M
Swap:         8.0G       406M       7.6G

             total       used       free     shared    buffers     cached
Mem:          992M       917M        75M         0B       212K       3.1M
-/+ buffers/cache:       913M        78M
Swap:         8.0G       405M       7.6G

             total       used       free     shared    buffers     cached
Mem:          992M       919M        72M         0B       212K       3.1M
-/+ buffers/cache:       916M        75M
Swap:         8.0G       404M       7.6G

             total       used       free     shared    buffers     cached
Mem:          992M       922M        69M         0B       212K       3.1M
-/+ buffers/cache:       919M        73M
Swap:         8.0G       403M       7.6G

             total       used       free     shared    buffers     cached
Mem:          992M       925M        66M         0B       212K       3.1M
-/+ buffers/cache:       922M        69M
Swap:         8.0G       401M       7.6G

             total       used       free     shared    buffers     cached
Mem:          992M       928M        63M         0B       220K       3.1M
-/+ buffers/cache:       925M        66M
Swap:         8.0G       400M       7.6G

             total       used       free     shared    buffers     cached
Mem:          992M       920M        71M         0B       220K       3.1M
-/+ buffers/cache:       916M        75M
Swap:         8.0G       411M       7.6G

             total       used       free     shared    buffers     cached
Mem:          992M       922M        69M         0B       220K       3.0M
-/+ buffers/cache:       919M        72M
Swap:         8.0G       410M       7.6G

             total       used       free     shared    buffers     cached
Mem:          992M       925M        66M         0B       220K       3.0M
-/+ buffers/cache:       922M        70M
Swap:         8.0G       409M       7.6G

             total       used       free     shared    buffers     cached
Mem:          992M       927M        64M         0B       220K       3.0M
-/+ buffers/cache:       924M        67M
Swap:         8.0G       408M       7.6G

             total       used       free     shared    buffers     cached
Mem:          992M       930M        61M         0B       228K       3.2M
-/+ buffers/cache:       927M        64M
Swap:         8.0G       407M       7.6G

             total       used       free     shared    buffers     cached
Mem:          992M       919M        72M         0B       228K       3.2M
-/+ buffers/cache:       916M        75M
Swap:         8.0G       421M       7.6G

             total       used       free     shared    buffers     cached
Mem:          992M       922M        69M         0B       228K       3.2M
-/+ buffers/cache:       918M        73M
Swap:         8.0G       420M       7.6G

             total       used       free     shared    buffers     cached
Mem:          992M       924M        67M         0B       228K       3.2M
-/+ buffers/cache:       921M        70M
Swap:         8.0G       418M       7.6G

             total       used       free     shared    buffers     cached
Mem:          992M       927M        64M         0B       228K       3.2M
-/+ buffers/cache:       924M        67M
Swap:         8.0G       417M       7.6G

             total       used       free     shared    buffers     cached
Mem:          992M       929M        62M         0B       236K       3.2M
-/+ buffers/cache:       926M        65M
Swap:         8.0G       416M       7.6G

             total       used       free     shared    buffers     cached
Mem:          992M       895M        96M         0B       216K        23M
-/+ buffers/cache:       871M       120M
Swap:         8.0G       475M       7.5G

             total       used       free     shared    buffers     cached
Mem:          992M       898M        93M         0B       236K        23M
-/+ buffers/cache:       874M       117M
Swap:         8.0G       474M       7.5G

             total       used       free     shared    buffers     cached
Mem:          992M       901M        90M         0B       552K        23M
-/+ buffers/cache:       877M       114M
Swap:         8.0G       473M       7.5G

             total       used       free     shared    buffers     cached
Mem:          992M       904M        88M         0B       552K        23M
-/+ buffers/cache:       880M       112M
Swap:         8.0G       472M       7.5G

             total       used       free     shared    buffers     cached
Mem:          992M       906M        85M         0B       560K        23M
-/+ buffers/cache:       882M       109M
Swap:         8.0G       471M       7.5G

             total       used       free     shared    buffers     cached
Mem:          992M       907M        84M         0B       568K        23M
-/+ buffers/cache:       883M       108M
Swap:         8.0G       470M       7.5G

             total       used       free     shared    buffers     cached
Mem:          992M       910M        82M         0B       568K        23M
-/+ buffers/cache:       885M       106M
Swap:         8.0G       469M       7.5G

             total       used       free     shared    buffers     cached
Mem:          992M       912M        79M         0B       568K        23M
-/+ buffers/cache:       888M       103M
Swap:         8.0G       469M       7.5G

             total       used       free     shared    buffers     cached
Mem:          992M       914M        77M         0B       568K        23M
-/+ buffers/cache:       890M       101M
Swap:         8.0G       468M       7.5G

             total       used       free     shared    buffers     cached
Mem:          992M       917M        74M         0B       568K        23M
-/+ buffers/cache:       893M        98M
Swap:         8.0G       467M       7.5G

             total       used       free     shared    buffers     cached
Mem:          992M       919M        72M         0B       576K        23M
-/+ buffers/cache:       895M        96M
Swap:         8.0G       465M       7.5G

             total       used       free     shared    buffers     cached
Mem:          992M       922M        69M         0B       576K        23M
-/+ buffers/cache:       898M        94M
Swap:         8.0G       465M       7.5G

             total       used       free     shared    buffers     cached
Mem:          992M       924M        67M         0B       576K        23M
-/+ buffers/cache:       900M        91M
Swap:         8.0G       464M       7.5G

             total       used       free     shared    buffers     cached
Mem:          992M       927M        65M         0B       576K        23M
-/+ buffers/cache:       902M        89M
Swap:         8.0G       463M       7.5G

             total       used       free     shared    buffers     cached
Mem:          992M       929M        62M         0B       576K        23M
-/+ buffers/cache:       905M        86M
Swap:         8.0G       462M       7.5G

             total       used       free     shared    buffers     cached
Mem:          992M       906M        86M         0B       584K        20M
-/+ buffers/cache:       884M       107M
Swap:         8.0G       475M       7.5G

             total       used       free     shared    buffers     cached
Mem:          992M       908M        83M         0B       584K        20M
-/+ buffers/cache:       887M       104M
Swap:         8.0G       474M       7.5G

             total       used       free     shared    buffers     cached
Mem:          992M       911M        80M         0B       584K        20M
-/+ buffers/cache:       889M       102M
Swap:         8.0G       473M       7.5G

             total       used       free     shared    buffers     cached
Mem:          992M       913M        78M         0B       584K        20M
-/+ buffers/cache:       892M        99M
Swap:         8.0G       472M       7.5G

             total       used       free     shared    buffers     cached
Mem:          992M       916M        75M         0B       584K        20M
-/+ buffers/cache:       895M        97M
Swap:         8.0G       470M       7.5G

             total       used       free     shared    buffers     cached
Mem:          992M       918M        73M         0B       584K        20M
-/+ buffers/cache:       897M        94M
Swap:         8.0G       469M       7.5G

             total       used       free     shared    buffers     cached
Mem:          992M       920M        71M         0B       592K        20M
-/+ buffers/cache:       899M        92M
Swap:         8.0G       469M       7.5G

             total       used       free     shared    buffers     cached
Mem:          992M       923M        68M         0B       592K        20M
-/+ buffers/cache:       901M        90M
Swap:         8.0G       468M       7.5G

             total       used       free     shared    buffers     cached
Mem:          992M       926M        65M         0B       592K        20M
-/+ buffers/cache:       904M        87M
Swap:         8.0G       466M       7.5G

             total       used       free     shared    buffers     cached
Mem:          992M       928M        63M         0B       592K        20M
-/+ buffers/cache:       907M        84M
Swap:         8.0G       465M       7.5G

             total       used       free     shared    buffers     cached
Mem:          992M       931M        60M         0B       592K        20M
-/+ buffers/cache:       910M        82M
Swap:         8.0G       464M       7.5G

             total       used       free     shared    buffers     cached
Mem:          992M       915M        76M         0B       600K        20M
-/+ buffers/cache:       894M        97M
Swap:         8.0G       484M       7.5G

             total       used       free     shared    buffers     cached
Mem:          992M       917M        74M         0B       600K        20M
-/+ buffers/cache:       897M        95M
Swap:         8.0G       483M       7.5G

             total       used       free     shared    buffers     cached
Mem:          992M       920M        72M         0B       600K        20M
-/+ buffers/cache:       898M        93M
Swap:         8.0G       482M       7.5G

             total       used       free     shared    buffers     cached
Mem:          992M       921M        70M         0B       600K        20M
-/+ buffers/cache:       899M        92M
Swap:         8.0G       482M       7.5G

             total       used       free     shared    buffers     cached
Mem:          992M       922M        69M         0B       600K        20M
-/+ buffers/cache:       901M        90M
Swap:         8.0G       481M       7.5G

             total       used       free     shared    buffers     cached
Mem:          992M       923M        68M         0B       608K        20M
-/+ buffers/cache:       902M        89M
Swap:         8.0G       481M       7.5G

             total       used       free     shared    buffers     cached
Mem:          992M       925M        67M         0B       608K        20M
-/+ buffers/cache:       903M        88M
Swap:         8.0G       480M       7.5G

             total       used       free     shared    buffers     cached
Mem:          992M       926M        65M         0B       608K        20M
-/+ buffers/cache:       904M        87M
Swap:         8.0G       480M       7.5G

             total       used       free     shared    buffers     cached
Mem:          992M       929M        62M         0B       896K        21M
-/+ buffers/cache:       907M        84M
Swap:         8.0G       479M       7.5G

             total       used       free     shared    buffers     cached
Mem:          992M       929M        63M         0B       884K        26M
-/+ buffers/cache:       901M        90M
Swap:         8.0G       485M       7.5G

             total       used       free     shared    buffers     cached
Mem:          992M       915M        76M        16K       536K        29M
-/+ buffers/cache:       885M       106M
Swap:         8.0G       507M       7.5G

             total       used       free     shared    buffers     cached
Mem:          992M       916M        75M        16K       544K        29M
-/+ buffers/cache:       886M       105M
Swap:         8.0G       507M       7.5G

             total       used       free     shared    buffers     cached
Mem:          992M       918M        74M        16K       544K        29M
-/+ buffers/cache:       888M       104M
Swap:         8.0G       506M       7.5G

             total       used       free     shared    buffers     cached
Mem:          992M       919M        72M        16K       552K        29M
-/+ buffers/cache:       889M       102M
Swap:         8.0G       506M       7.5G

             total       used       free     shared    buffers     cached
Mem:          992M       920M        71M        16K       552K        29M
-/+ buffers/cache:       890M       101M
Swap:         8.0G       505M       7.5G

             total       used       free     shared    buffers     cached
Mem:          992M       922M        70M        16K       552K        29M
-/+ buffers/cache:       892M        99M
Swap:         8.0G       504M       7.5G

             total       used       free     shared    buffers     cached
Mem:          992M       925M        66M        16K       688K        30M
-/+ buffers/cache:       894M        97M
Swap:         8.0G       503M       7.5G

             total       used       free     shared    buffers     cached
Mem:          992M       926M        65M        16K       688K        30M
-/+ buffers/cache:       895M        96M
Swap:         8.0G       503M       7.5G

             total       used       free     shared    buffers     cached
Mem:          992M       928M        64M        16K       692K        30M
-/+ buffers/cache:       897M        95M
Swap:         8.0G       502M       7.5G

             total       used       free     shared    buffers     cached
Mem:          992M       929M        62M        16K       692K        30M
-/+ buffers/cache:       898M        94M
Swap:         8.0G       501M       7.5G

             total       used       free     shared    buffers     cached
Mem:          992M       930M        61M        16K       692K        30M
-/+ buffers/cache:       899M        92M
Swap:         8.0G       501M       7.5G

             total       used       free     shared    buffers     cached
Mem:          992M       916M        75M        16K       692K        29M
-/+ buffers/cache:       886M       105M
Swap:         8.0G       500M       7.5G

             total       used       free     shared    buffers     cached
Mem:          992M       918M        74M        16K       700K        29M
-/+ buffers/cache:       888M       104M
Swap:         8.0G       500M       7.5G

             total       used       free     shared    buffers     cached
Mem:          992M       919M        73M        16K       700K        29M
-/+ buffers/cache:       889M       103M
Swap:         8.0G       499M       7.5G

             total       used       free     shared    buffers     cached
Mem:          992M       920M        71M        16K       700K        29M
-/+ buffers/cache:       890M       101M
Swap:         8.0G       499M       7.5G

             total       used       free     shared    buffers     cached
Mem:          992M       922M        70M        16K       700K        29M
-/+ buffers/cache:       892M       100M
Swap:         8.0G       498M       7.5G

             total       used       free     shared    buffers     cached
Mem:          992M       923M        68M        16K       700K        29M
-/+ buffers/cache:       893M        98M
Swap:         8.0G       497M       7.5G

             total       used       free     shared    buffers     cached
Mem:          992M       924M        67M        16K       708K        29M
-/+ buffers/cache:       894M        97M
Swap:         8.0G       497M       7.5G

             total       used       free     shared    buffers     cached
Mem:          992M       925M        66M        16K       708K        29M
-/+ buffers/cache:       896M        96M
Swap:         8.0G       496M       7.5G

             total       used       free     shared    buffers     cached
Mem:          992M       927M        64M        16K       708K        29M
-/+ buffers/cache:       897M        94M
Swap:         8.0G       495M       7.5G

             total       used       free     shared    buffers     cached
Mem:          992M       928M        63M        16K       708K        29M
-/+ buffers/cache:       898M        93M
Swap:         8.0G       495M       7.5G

             total       used       free     shared    buffers     cached
Mem:          992M       929M        62M        16K       708K        29M
-/+ buffers/cache:       899M        92M
Swap:         8.0G       494M       7.5G

             total       used       free     shared    buffers     cached
Mem:          992M       914M        77M        16K       708K        27M
-/+ buffers/cache:       886M       105M
Swap:         8.0G       512M       7.5G

             total       used       free     shared    buffers     cached
Mem:          992M       915M        76M        16K       716K        27M
-/+ buffers/cache:       887M       104M
Swap:         8.0G       511M       7.5G

             total       used       free     shared    buffers     cached
Mem:          992M       922M        69M        16K       716K        32M
-/+ buffers/cache:       889M       102M
Swap:         8.0G       510M       7.5G

             total       used       free     shared    buffers     cached
Mem:          992M       923M        68M        16K       716K        32M
-/+ buffers/cache:       890M       101M
Swap:         8.0G       510M       7.5G

             total       used       free     shared    buffers     cached
Mem:          992M       924M        67M        16K       728K        32M
-/+ buffers/cache:       891M       100M
Swap:         8.0G       509M       7.5G

             total       used       free     shared    buffers     cached
Mem:          992M       926M        65M        16K       728K        32M
-/+ buffers/cache:       893M        98M
Swap:         8.0G       509M       7.5G

             total       used       free     shared    buffers     cached
Mem:          992M       927M        64M        16K       736K        32M
-/+ buffers/cache:       894M        97M
Swap:         8.0G       508M       7.5G

             total       used       free     shared    buffers     cached
Mem:          992M       929M        62M        16K       736K        32M
-/+ buffers/cache:       896M        96M
Swap:         8.0G       507M       7.5G

             total       used       free     shared    buffers     cached
Mem:          992M       930M        61M        16K       736K        32M
-/+ buffers/cache:       897M        94M
Swap:         8.0G       507M       7.5G

             total       used       free     shared    buffers     cached
Mem:          992M       920M        71M        16K       736K        32M
-/+ buffers/cache:       887M       104M
Swap:         8.0G       507M       7.5G

             total       used       free     shared    buffers     cached
Mem:          992M       921M        70M        16K       736K        32M
-/+ buffers/cache:       889M       103M
Swap:         8.0G       506M       7.5G

             total       used       free     shared    buffers     cached
Mem:          992M       923M        69M        16K       736K        32M
-/+ buffers/cache:       890M       101M
Swap:         8.0G       505M       7.5G

             total       used       free     shared    buffers     cached
Mem:          992M       924M        67M        16K       744K        32M
-/+ buffers/cache:       891M       100M
Swap:         8.0G       505M       7.5G

             total       used       free     shared    buffers     cached
Mem:          992M       925M        66M        16K       744K        31M
-/+ buffers/cache:       893M        98M
Swap:         8.0G       504M       7.5G

             total       used       free     shared    buffers     cached
Mem:          992M       927M        64M        16K       744K        32M
-/+ buffers/cache:       894M        97M
Swap:         8.0G       503M       7.5G

             total       used       free     shared    buffers     cached
Mem:          992M       928M        63M        16K       744K        32M
-/+ buffers/cache:       896M        96M
Swap:         8.0G       502M       7.5G

             total       used       free     shared    buffers     cached
Mem:          992M       930M        62M        16K       744K        32M
-/+ buffers/cache:       897M        94M
Swap:         8.0G       502M       7.5G

             total       used       free     shared    buffers     cached
Mem:          992M       913M        78M        16K       436K        29M
-/+ buffers/cache:       883M       108M
Swap:         8.0G       528M       7.5G

             total       used       free     shared    buffers     cached
Mem:          992M       914M        77M        16K       436K        29M
-/+ buffers/cache:       884M       107M
Swap:         8.0G       527M       7.5G

             total       used       free     shared    buffers     cached
Mem:          992M       916M        76M        16K       436K        29M
-/+ buffers/cache:       886M       106M
Swap:         8.0G       526M       7.5G

             total       used       free     shared    buffers     cached
Mem:          992M       917M        74M        16K       436K        29M
-/+ buffers/cache:       887M       104M
Swap:         8.0G       526M       7.5G

             total       used       free     shared    buffers     cached
Mem:          992M       918M        73M        16K       436K        29M
-/+ buffers/cache:       888M       103M
Swap:         8.0G       525M       7.5G

             total       used       free     shared    buffers     cached
Mem:          992M       920M        72M        16K       436K        29M
-/+ buffers/cache:       890M       102M
Swap:         8.0G       525M       7.5G

             total       used       free     shared    buffers     cached
Mem:          992M       921M        70M        16K       444K        29M
-/+ buffers/cache:       891M       100M
Swap:         8.0G       524M       7.5G

             total       used       free     shared    buffers     cached
Mem:          992M       922M        69M        16K       444K        29M
-/+ buffers/cache:       892M        99M
Swap:         8.0G       523M       7.5G

             total       used       free     shared    buffers     cached
Mem:          992M       923M        68M        16K       444K        29M
-/+ buffers/cache:       893M        98M
Swap:         8.0G       523M       7.5G

             total       used       free     shared    buffers     cached
Mem:          992M       925M        67M        16K       444K        29M
-/+ buffers/cache:       895M        97M
Swap:         8.0G       522M       7.5G

             total       used       free     shared    buffers     cached
Mem:          992M       926M        65M        16K       444K        29M
-/+ buffers/cache:       896M        95M
Swap:         8.0G       521M       7.5G

             total       used       free     shared    buffers     cached
Mem:          992M       927M        64M        16K       452K        29M
-/+ buffers/cache:       897M        94M
Swap:         8.0G       520M       7.5G

             total       used       free     shared    buffers     cached
Mem:          992M       929M        62M        16K       452K        29M
-/+ buffers/cache:       899M        92M
Swap:         8.0G       520M       7.5G

             total       used       free     shared    buffers     cached
Mem:          992M       930M        61M        16K       452K        29M
-/+ buffers/cache:       900M        91M
Swap:         8.0G       519M       7.5G

             total       used       free     shared    buffers     cached
Mem:          992M       918M        73M        16K       452K        29M
-/+ buffers/cache:       889M       103M
Swap:         8.0G       521M       7.5G

             total       used       free     shared    buffers     cached
Mem:          992M       919M        72M        16K       452K        29M
-/+ buffers/cache:       890M       101M
Swap:         8.0G       520M       7.5G

             total       used       free     shared    buffers     cached
Mem:          992M       921M        70M        16K       452K        29M
-/+ buffers/cache:       891M       100M
Swap:         8.0G       519M       7.5G

             total       used       free     shared    buffers     cached
Mem:          992M       922M        69M        16K       460K        29M
-/+ buffers/cache:       892M        99M
Swap:         8.0G       518M       7.5G

             total       used       free     shared    buffers     cached
Mem:          992M       924M        68M        16K       460K        29M
-/+ buffers/cache:       894M        97M
Swap:         8.0G       518M       7.5G

             total       used       free     shared    buffers     cached
Mem:          992M       925M        66M        16K       460K        29M
-/+ buffers/cache:       895M        96M
Swap:         8.0G       517M       7.5G

             total       used       free     shared    buffers     cached
Mem:          992M       927M        65M        16K       460K        29M
-/+ buffers/cache:       897M        94M
Swap:         8.0G       516M       7.5G

             total       used       free     shared    buffers     cached
Mem:          992M       928M        63M        16K       460K        29M
-/+ buffers/cache:       898M        93M
Swap:         8.0G       515M       7.5G

             total       used       free     shared    buffers     cached
Mem:          992M       929M        62M        16K       468K        29M
-/+ buffers/cache:       900M        92M
Swap:         8.0G       515M       7.5G

             total       used       free     shared    buffers     cached
Mem:          992M       914M        78M        16K       468K        27M
-/+ buffers/cache:       886M       105M
Swap:         8.0G       530M       7.5G

             total       used       free     shared    buffers     cached
Mem:          992M       915M        77M        16K       468K        26M
-/+ buffers/cache:       887M       104M
Swap:         8.0G       537M       7.5G

             total       used       free     shared    buffers     cached
Mem:          992M       917M        75M        16K       468K        27M
-/+ buffers/cache:       889M       102M
Swap:         8.0G       536M       7.5G

             total       used       free     shared    buffers     cached
Mem:          992M       919M        72M        20K       604K        27M
-/+ buffers/cache:       890M       101M
Swap:         8.0G       535M       7.5G

             total       used       free     shared    buffers     cached
Mem:          992M       920M        71M        20K       604K        27M
-/+ buffers/cache:       892M        99M
Swap:         8.0G       534M       7.5G

             total       used       free     shared    buffers     cached
Mem:          992M       929M        62M        20K       612K        29M
-/+ buffers/cache:       899M        93M
Swap:         8.0G       531M       7.5G

             total       used       free     shared    buffers     cached
Mem:          992M       930M        61M        20K       612K        29M
-/+ buffers/cache:       900M        91M
Swap:         8.0G       530M       7.5G

             total       used       free     shared    buffers     cached
Mem:          992M       919M        72M        20K       432K        29M
-/+ buffers/cache:       890M       101M
Swap:         8.0G       532M       7.5G

             total       used       free     shared    buffers     cached
Mem:          992M       924M        67M        20K       432K        30M
-/+ buffers/cache:       893M        98M
Swap:         8.0G       531M       7.5G

             total       used       free     shared    buffers     cached
Mem:          992M       925M        66M        20K       432K        30M
-/+ buffers/cache:       895M        97M
Swap:         8.0G       530M       7.5G

             total       used       free     shared    buffers     cached
Mem:          992M       926M        65M        20K       440K        30M
-/+ buffers/cache:       895M        96M
Swap:         8.0G       530M       7.5G

             total       used       free     shared    buffers     cached
Mem:          992M       927M        65M        20K       440K        30M
-/+ buffers/cache:       896M        95M
Swap:         8.0G       529M       7.5G

             total       used       free     shared    buffers     cached
Mem:          992M       927M        64M        20K       440K        30M
-/+ buffers/cache:       897M        94M
Swap:         8.0G       529M       7.5G

             total       used       free     shared    buffers     cached
Mem:          992M       929M        63M        20K       440K        30M
-/+ buffers/cache:       898M        93M
Swap:         8.0G       528M       7.5G

             total       used       free     shared    buffers     cached
Mem:          992M       929M        62M        20K       440K        30M
-/+ buffers/cache:       899M        92M
Swap:         8.0G       528M       7.5G

             total       used       free     shared    buffers     cached
Mem:          992M       930M        61M        20K       440K        30M
-/+ buffers/cache:       900M        91M
Swap:         8.0G       527M       7.5G

             total       used       free     shared    buffers     cached
Mem:          992M       917M        74M        20K       280K        26M
-/+ buffers/cache:       891M       101M
Swap:         8.0G       535M       7.5G

             total       used       free     shared    buffers     cached
Mem:          992M       918M        73M        20K       280K        26M
-/+ buffers/cache:       891M       100M
Swap:         8.0G       534M       7.5G

             total       used       free     shared    buffers     cached
Mem:          992M       926M        65M       176K       1.1M        36M
-/+ buffers/cache:       888M       103M
Swap:         8.0G       534M       7.5G

             total       used       free     shared    buffers     cached
Mem:          992M       929M        62M       3.8M       5.0M        58M
-/+ buffers/cache:       865M       126M
Swap:         8.0G       562M       7.4G

             total       used       free     shared    buffers     cached
Mem:          992M       928M        64M       228K       4.9M        64M
-/+ buffers/cache:       858M       133M
Swap:         8.0G       577M       7.4G

             total       used       free     shared    buffers     cached
Mem:          992M       929M        63M       220K       4.9M        64M
-/+ buffers/cache:       859M       132M
Swap:         8.0G       577M       7.4G

             total       used       free     shared    buffers     cached
Mem:          992M       930M        61M       220K       4.9M        65M
-/+ buffers/cache:       860M       131M
Swap:         8.0G       576M       7.4G

             total       used       free     shared    buffers     cached
Mem:          992M       917M        75M       220K       4.1M        62M
-/+ buffers/cache:       850M       141M
Swap:         8.0G       583M       7.4G

             total       used       free     shared    buffers     cached
Mem:          992M       918M        74M       220K       4.1M        62M
-/+ buffers/cache:       851M       140M
Swap:         8.0G       582M       7.4G

             total       used       free     shared    buffers     cached
Mem:          992M       919M        72M       220K       4.1M        62M
-/+ buffers/cache:       853M       139M
Swap:         8.0G       581M       7.4G

             total       used       free     shared    buffers     cached
Mem:          992M       921M        70M       220K       4.3M        63M
-/+ buffers/cache:       854M       137M
Swap:         8.0G       581M       7.4G

             total       used       free     shared    buffers     cached
Mem:          992M       923M        68M       220K       4.3M        63M
-/+ buffers/cache:       856M       136M
Swap:         8.0G       580M       7.4G

             total       used       free     shared    buffers     cached
Mem:          992M       924M        67M       220K       4.3M        63M
-/+ buffers/cache:       857M       134M
Swap:         8.0G       579M       7.4G

             total       used       free     shared    buffers     cached
Mem:          992M       926M        66M       220K       4.3M        63M
-/+ buffers/cache:       858M       133M
Swap:         8.0G       579M       7.4G

             total       used       free     shared    buffers     cached
Mem:          992M       927M        64M       220K       4.3M        63M
-/+ buffers/cache:       860M       132M
Swap:         8.0G       578M       7.4G

             total       used       free     shared    buffers     cached
Mem:          992M       929M        63M       220K       4.3M        63M
-/+ buffers/cache:       861M       130M
Swap:         8.0G       578M       7.4G

             total       used       free     shared    buffers     cached
Mem:          992M       930M        61M       220K       4.3M        63M
-/+ buffers/cache:       862M       129M
Swap:         8.0G       577M       7.4G

             total       used       free     shared    buffers     cached
Mem:          992M       920M        72M       220K       4.3M        61M
-/+ buffers/cache:       854M       138M
Swap:         8.0G       581M       7.4G

             total       used       free     shared    buffers     cached
Mem:          992M       920M        71M       220K       4.3M        61M
-/+ buffers/cache:       854M       137M
Swap:         8.0G       581M       7.4G

             total       used       free     shared    buffers     cached
Mem:          992M       922M        69M       220K       4.3M        61M
-/+ buffers/cache:       856M       135M
Swap:         8.0G       580M       7.4G

             total       used       free     shared    buffers     cached
Mem:          992M       923M        68M       220K       4.3M        61M
-/+ buffers/cache:       857M       134M
Swap:         8.0G       580M       7.4G

             total       used       free     shared    buffers     cached
Mem:          992M       925M        67M       220K       4.3M        61M
-/+ buffers/cache:       858M       133M
Swap:         8.0G       579M       7.4G

             total       used       free     shared    buffers     cached
Mem:          992M       926M        65M       220K       4.3M        61M
-/+ buffers/cache:       860M       131M
Swap:         8.0G       578M       7.4G

             total       used       free     shared    buffers     cached
Mem:          992M       928M        64M       220K       4.3M        61M
-/+ buffers/cache:       861M       130M
Swap:         8.0G       578M       7.4G

             total       used       free     shared    buffers     cached
Mem:          992M       929M        62M       220K       4.3M        61M
-/+ buffers/cache:       863M       128M
Swap:         8.0G       577M       7.4G

             total       used       free     shared    buffers     cached
Mem:          992M       930M        61M       220K       4.3M        61M
-/+ buffers/cache:       864M       127M
Swap:         8.0G       576M       7.4G

             total       used       free     shared    buffers     cached
Mem:          992M       903M        89M       220K       4.0M        58M
-/+ buffers/cache:       841M       151M
Swap:         8.0G       595M       7.4G

             total       used       free     shared    buffers     cached
Mem:          992M       904M        87M       220K       4.0M        58M
-/+ buffers/cache:       842M       149M
Swap:         8.0G       594M       7.4G

             total       used       free     shared    buffers     cached
Mem:          992M       905M        86M       220K       4.0M        58M
-/+ buffers/cache:       843M       148M
Swap:         8.0G       594M       7.4G

             total       used       free     shared    buffers     cached
Mem:          992M       906M        85M       220K       4.0M        58M
-/+ buffers/cache:       844M       147M
Swap:         8.0G       593M       7.4G

             total       used       free     shared    buffers     cached
Mem:          992M       908M        83M       220K       4.0M        58M
-/+ buffers/cache:       846M       145M
Swap:         8.0G       593M       7.4G

             total       used       free     shared    buffers     cached
Mem:          992M       909M        82M       220K       4.0M        58M
-/+ buffers/cache:       847M       144M
Swap:         8.0G       592M       7.4G

             total       used       free     shared    buffers     cached
Mem:          992M       917M        74M       220K       5.1M        62M
-/+ buffers/cache:       850M       141M
Swap:         8.0G       591M       7.4G

             total       used       free     shared    buffers     cached
Mem:          992M       917M        74M       268K       8.6M        74M
-/+ buffers/cache:       835M       157M
Swap:         8.0G       612M       7.4G

             total       used       free     shared    buffers     cached
Mem:          992M       924M        67M       268K       8.6M        74M
-/+ buffers/cache:       841M       150M
Swap:         8.0G       611M       7.4G
