             total       used       free     shared    buffers     cached
Mem:          2.0G       654M       1.3G       3.2M        38M       286M
-/+ buffers/cache:       328M       1.6G
Swap:         8.0G         0B       8.0G

             total       used       free     shared    buffers     cached
Mem:          2.0G       653M       1.3G       1.4M        38M       285M
-/+ buffers/cache:       329M       1.6G
Swap:         8.0G         0B       8.0G

             total       used       free     shared    buffers     cached
Mem:          2.0G       653M       1.3G       1.4M        38M       285M
-/+ buffers/cache:       329M       1.6G
Swap:         8.0G         0B       8.0G

             total       used       free     shared    buffers     cached
Mem:          2.0G       653M       1.3G       1.4M        38M       285M
-/+ buffers/cache:       329M       1.6G
Swap:         8.0G         0B       8.0G

             total       used       free     shared    buffers     cached
Mem:          2.0G       653M       1.3G       1.4M        38M       285M
-/+ buffers/cache:       329M       1.6G
Swap:         8.0G         0B       8.0G

             total       used       free     shared    buffers     cached
Mem:          2.0G       653M       1.3G       1.4M        38M       285M
-/+ buffers/cache:       329M       1.6G
Swap:         8.0G         0B       8.0G

             total       used       free     shared    buffers     cached
Mem:          2.0G       653M       1.3G       1.4M        38M       285M
-/+ buffers/cache:       329M       1.6G
Swap:         8.0G         0B       8.0G

             total       used       free     shared    buffers     cached
Mem:          2.0G       652M       1.3G       1.4M        38M       285M
-/+ buffers/cache:       328M       1.6G
Swap:         8.0G         0B       8.0G

             total       used       free     shared    buffers     cached
Mem:          2.0G       653M       1.3G       1.4M        38M       285M
-/+ buffers/cache:       328M       1.6G
Swap:         8.0G         0B       8.0G

             total       used       free     shared    buffers     cached
Mem:          2.0G       656M       1.3G       1.4M        38M       285M
-/+ buffers/cache:       331M       1.6G
Swap:         8.0G         0B       8.0G

             total       used       free     shared    buffers     cached
Mem:          2.0G       665M       1.3G       1.4M        38M       285M
-/+ buffers/cache:       341M       1.6G
Swap:         8.0G         0B       8.0G

             total       used       free     shared    buffers     cached
Mem:          2.0G       683M       1.3G       1.4M        38M       286M
-/+ buffers/cache:       358M       1.6G
Swap:         8.0G         0B       8.0G

             total       used       free     shared    buffers     cached
Mem:          2.0G       690M       1.3G       1.4M        38M       289M
-/+ buffers/cache:       361M       1.6G
Swap:         8.0G         0B       8.0G

             total       used       free     shared    buffers     cached
Mem:          2.0G       738M       1.2G       1.4M        38M       290M
-/+ buffers/cache:       409M       1.6G
Swap:         8.0G         0B       8.0G

             total       used       free     shared    buffers     cached
Mem:          2.0G       734M       1.2G       1.4M        38M       290M
-/+ buffers/cache:       405M       1.6G
Swap:         8.0G         0B       8.0G

             total       used       free     shared    buffers     cached
Mem:          2.0G       724M       1.2G       1.4M        39M       292M
-/+ buffers/cache:       392M       1.6G
Swap:         8.0G         0B       8.0G

             total       used       free     shared    buffers     cached
Mem:          2.0G       720M       1.3G       1.5M        39M       294M
-/+ buffers/cache:       385M       1.6G
Swap:         8.0G         0B       8.0G

             total       used       free     shared    buffers     cached
Mem:          2.0G       720M       1.2G       1.5M        39M       294M
-/+ buffers/cache:       386M       1.6G
Swap:         8.0G         0B       8.0G

             total       used       free     shared    buffers     cached
Mem:          2.0G       720M       1.2G       1.5M        39M       294M
-/+ buffers/cache:       386M       1.6G
Swap:         8.0G         0B       8.0G

             total       used       free     shared    buffers     cached
Mem:          2.0G       720M       1.2G       1.5M        39M       294M
-/+ buffers/cache:       386M       1.6G
Swap:         8.0G         0B       8.0G

             total       used       free     shared    buffers     cached
Mem:          2.0G       720M       1.2G       1.5M        39M       294M
-/+ buffers/cache:       386M       1.6G
Swap:         8.0G         0B       8.0G

             total       used       free     shared    buffers     cached
Mem:          2.0G       720M       1.2G       1.5M        39M       294M
-/+ buffers/cache:       386M       1.6G
Swap:         8.0G         0B       8.0G

             total       used       free     shared    buffers     cached
Mem:          2.0G       720M       1.2G       1.5M        39M       295M
-/+ buffers/cache:       386M       1.6G
Swap:         8.0G         0B       8.0G

             total       used       free     shared    buffers     cached
Mem:          2.0G       720M       1.2G       1.5M        39M       295M
-/+ buffers/cache:       386M       1.6G
Swap:         8.0G         0B       8.0G

             total       used       free     shared    buffers     cached
Mem:          2.0G       720M       1.2G       1.5M        39M       295M
-/+ buffers/cache:       386M       1.6G
Swap:         8.0G         0B       8.0G

             total       used       free     shared    buffers     cached
Mem:          2.0G       720M       1.2G       1.5M        39M       295M
-/+ buffers/cache:       386M       1.6G
Swap:         8.0G         0B       8.0G

             total       used       free     shared    buffers     cached
Mem:          2.0G       720M       1.2G       1.5M        39M       294M
-/+ buffers/cache:       386M       1.6G
Swap:         8.0G         0B       8.0G

             total       used       free     shared    buffers     cached
Mem:          2.0G       720M       1.2G       1.5M        39M       295M
-/+ buffers/cache:       386M       1.6G
Swap:         8.0G         0B       8.0G

             total       used       free     shared    buffers     cached
Mem:          2.0G       720M       1.2G       1.5M        39M       295M
-/+ buffers/cache:       386M       1.6G
Swap:         8.0G         0B       8.0G

             total       used       free     shared    buffers     cached
Mem:          2.0G       720M       1.2G       1.5M        39M       295M
-/+ buffers/cache:       386M       1.6G
Swap:         8.0G         0B       8.0G

             total       used       free     shared    buffers     cached
Mem:          2.0G       720M       1.2G       1.5M        39M       295M
-/+ buffers/cache:       386M       1.6G
Swap:         8.0G         0B       8.0G

             total       used       free     shared    buffers     cached
Mem:          2.0G       720M       1.2G       1.5M        39M       294M
-/+ buffers/cache:       386M       1.6G
Swap:         8.0G         0B       8.0G

             total       used       free     shared    buffers     cached
Mem:          2.0G       720M       1.2G       1.5M        39M       295M
-/+ buffers/cache:       386M       1.6G
Swap:         8.0G         0B       8.0G

             total       used       free     shared    buffers     cached
Mem:          2.0G       726M       1.2G       1.5M        39M       295M
-/+ buffers/cache:       392M       1.6G
Swap:         8.0G         0B       8.0G

             total       used       free     shared    buffers     cached
Mem:          2.0G       740M       1.2G       1.5M        39M       295M
-/+ buffers/cache:       406M       1.6G
Swap:         8.0G         0B       8.0G

             total       used       free     shared    buffers     cached
Mem:          2.0G       756M       1.2G       1.5M        39M       295M
-/+ buffers/cache:       421M       1.5G
Swap:         8.0G         0B       8.0G

             total       used       free     shared    buffers     cached
Mem:          2.0G       774M       1.2G       1.5M        39M       295M
-/+ buffers/cache:       439M       1.5G
Swap:         8.0G         0B       8.0G

             total       used       free     shared    buffers     cached
Mem:          2.0G       790M       1.2G       1.5M        39M       295M
-/+ buffers/cache:       455M       1.5G
Swap:         8.0G         0B       8.0G

             total       used       free     shared    buffers     cached
Mem:          2.0G       803M       1.2G       1.5M        39M       295M
-/+ buffers/cache:       469M       1.5G
Swap:         8.0G         0B       8.0G

             total       used       free     shared    buffers     cached
Mem:          2.0G       818M       1.2G       1.5M        39M       295M
-/+ buffers/cache:       483M       1.5G
Swap:         8.0G         0B       8.0G

             total       used       free     shared    buffers     cached
Mem:          2.0G       833M       1.1G       1.5M        39M       295M
-/+ buffers/cache:       499M       1.5G
Swap:         8.0G         0B       8.0G

             total       used       free     shared    buffers     cached
Mem:          2.0G       849M       1.1G       1.5M        39M       295M
-/+ buffers/cache:       515M       1.5G
Swap:         8.0G         0B       8.0G

             total       used       free     shared    buffers     cached
Mem:          2.0G       868M       1.1G       1.5M        39M       295M
-/+ buffers/cache:       534M       1.4G
Swap:         8.0G         0B       8.0G

             total       used       free     shared    buffers     cached
Mem:          2.0G       886M       1.1G       1.5M        39M       295M
-/+ buffers/cache:       552M       1.4G
Swap:         8.0G         0B       8.0G

             total       used       free     shared    buffers     cached
Mem:          2.0G       903M       1.1G       1.5M        39M       295M
-/+ buffers/cache:       569M       1.4G
Swap:         8.0G         0B       8.0G

             total       used       free     shared    buffers     cached
Mem:          2.0G       921M       1.1G       1.5M        39M       295M
-/+ buffers/cache:       587M       1.4G
Swap:         8.0G         0B       8.0G

             total       used       free     shared    buffers     cached
Mem:          2.0G       940M       1.0G       1.5M        39M       295M
-/+ buffers/cache:       606M       1.4G
Swap:         8.0G         0B       8.0G

             total       used       free     shared    buffers     cached
Mem:          2.0G       954M       1.0G       1.5M        39M       295M
-/+ buffers/cache:       620M       1.3G
Swap:         8.0G         0B       8.0G

             total       used       free     shared    buffers     cached
Mem:          2.0G       970M       1.0G       1.5M        39M       295M
-/+ buffers/cache:       636M       1.3G
Swap:         8.0G         0B       8.0G

             total       used       free     shared    buffers     cached
Mem:          2.0G       985M       1.0G       1.5M        39M       295M
-/+ buffers/cache:       651M       1.3G
Swap:         8.0G         0B       8.0G

             total       used       free     shared    buffers     cached
Mem:          2.0G       999M       1.0G       1.5M        39M       295M
-/+ buffers/cache:       665M       1.3G
Swap:         8.0G         0B       8.0G

             total       used       free     shared    buffers     cached
Mem:          2.0G       1.0G       986M       1.5M        39M       295M
-/+ buffers/cache:       679M       1.3G
Swap:         8.0G         0B       8.0G

             total       used       free     shared    buffers     cached
Mem:          2.0G       1.0G       972M       1.5M        39M       295M
-/+ buffers/cache:       693M       1.3G
Swap:         8.0G         0B       8.0G

             total       used       free     shared    buffers     cached
Mem:          2.0G       1.0G       957M       1.5M        39M       295M
-/+ buffers/cache:       708M       1.3G
Swap:         8.0G         0B       8.0G

             total       used       free     shared    buffers     cached
Mem:          2.0G       1.0G       940M       1.5M        39M       295M
-/+ buffers/cache:       725M       1.2G
Swap:         8.0G         0B       8.0G

             total       used       free     shared    buffers     cached
Mem:          2.0G       1.1G       923M       1.5M        39M       295M
-/+ buffers/cache:       742M       1.2G
Swap:         8.0G         0B       8.0G

             total       used       free     shared    buffers     cached
Mem:          2.0G       1.1G       906M       1.5M        39M       295M
-/+ buffers/cache:       759M       1.2G
Swap:         8.0G         0B       8.0G

             total       used       free     shared    buffers     cached
Mem:          2.0G       1.1G       888M       1.5M        39M       295M
-/+ buffers/cache:       777M       1.2G
Swap:         8.0G         0B       8.0G

             total       used       free     shared    buffers     cached
Mem:          2.0G       1.1G       869M       1.5M        39M       295M
-/+ buffers/cache:       795M       1.2G
Swap:         8.0G         0B       8.0G

             total       used       free     shared    buffers     cached
Mem:          2.0G       1.1G       854M       1.5M        39M       295M
-/+ buffers/cache:       810M       1.2G
Swap:         8.0G         0B       8.0G

             total       used       free     shared    buffers     cached
Mem:          2.0G       1.1G       842M       1.5M        39M       295M
-/+ buffers/cache:       823M       1.1G
Swap:         8.0G         0B       8.0G

             total       used       free     shared    buffers     cached
Mem:          2.0G       1.1G       831M       1.5M        39M       295M
-/+ buffers/cache:       834M       1.1G
Swap:         8.0G         0B       8.0G

             total       used       free     shared    buffers     cached
Mem:          2.0G       1.2G       821M       1.5M        39M       295M
-/+ buffers/cache:       843M       1.1G
Swap:         8.0G         0B       8.0G

             total       used       free     shared    buffers     cached
Mem:          2.0G       1.2G       808M       1.5M        39M       295M
-/+ buffers/cache:       856M       1.1G
Swap:         8.0G         0B       8.0G

             total       used       free     shared    buffers     cached
Mem:          2.0G       1.2G       794M       1.5M        39M       295M
-/+ buffers/cache:       870M       1.1G
Swap:         8.0G         0B       8.0G

             total       used       free     shared    buffers     cached
Mem:          2.0G       1.2G       781M       1.5M        39M       295M
-/+ buffers/cache:       883M       1.1G
Swap:         8.0G         0B       8.0G

             total       used       free     shared    buffers     cached
Mem:          2.0G       1.2G       767M       1.5M        39M       295M
-/+ buffers/cache:       898M       1.1G
Swap:         8.0G         0B       8.0G

             total       used       free     shared    buffers     cached
Mem:          2.0G       1.2G       754M       1.5M        39M       295M
-/+ buffers/cache:       911M       1.1G
Swap:         8.0G         0B       8.0G

             total       used       free     shared    buffers     cached
Mem:          2.0G       1.2G       740M       1.5M        39M       295M
-/+ buffers/cache:       925M       1.0G
Swap:         8.0G         0B       8.0G

             total       used       free     shared    buffers     cached
Mem:          2.0G       1.2G       724M       1.5M        39M       295M
-/+ buffers/cache:       940M       1.0G
Swap:         8.0G         0B       8.0G

             total       used       free     shared    buffers     cached
Mem:          2.0G       1.3G       707M       1.5M        39M       295M
-/+ buffers/cache:       957M       1.0G
Swap:         8.0G         0B       8.0G

             total       used       free     shared    buffers     cached
Mem:          2.0G       1.3G       690M       1.5M        39M       295M
-/+ buffers/cache:       974M       1.0G
Swap:         8.0G         0B       8.0G

             total       used       free     shared    buffers     cached
Mem:          2.0G       1.3G       674M       1.5M        39M       295M
-/+ buffers/cache:       990M       1.0G
Swap:         8.0G         0B       8.0G

             total       used       free     shared    buffers     cached
Mem:          2.0G       1.3G       658M       1.5M        39M       295M
-/+ buffers/cache:       1.0G       993M
Swap:         8.0G         0B       8.0G

             total       used       free     shared    buffers     cached
Mem:          2.0G       1.3G       640M       1.5M        39M       295M
-/+ buffers/cache:       1.0G       975M
Swap:         8.0G         0B       8.0G

             total       used       free     shared    buffers     cached
Mem:          2.0G       1.3G       627M       1.5M        39M       295M
-/+ buffers/cache:       1.0G       962M
Swap:         8.0G         0B       8.0G

             total       used       free     shared    buffers     cached
Mem:          2.0G       1.4G       614M       1.5M        39M       295M
-/+ buffers/cache:       1.0G       949M
Swap:         8.0G         0B       8.0G

             total       used       free     shared    buffers     cached
Mem:          2.0G       1.4G       601M       1.5M        39M       295M
-/+ buffers/cache:       1.0G       936M
Swap:         8.0G         0B       8.0G

             total       used       free     shared    buffers     cached
Mem:          2.0G       1.4G       589M       1.5M        39M       295M
-/+ buffers/cache:       1.1G       924M
Swap:         8.0G         0B       8.0G

             total       used       free     shared    buffers     cached
Mem:          2.0G       1.4G       576M       1.5M        39M       295M
-/+ buffers/cache:       1.1G       911M
Swap:         8.0G         0B       8.0G

             total       used       free     shared    buffers     cached
Mem:          2.0G       1.4G       563M       1.5M        39M       295M
-/+ buffers/cache:       1.1G       898M
Swap:         8.0G         0B       8.0G

             total       used       free     shared    buffers     cached
Mem:          2.0G       1.4G       551M       1.5M        39M       295M
-/+ buffers/cache:       1.1G       886M
Swap:         8.0G         0B       8.0G

             total       used       free     shared    buffers     cached
Mem:          2.0G       1.4G       538M       1.5M        39M       295M
-/+ buffers/cache:       1.1G       873M
Swap:         8.0G         0B       8.0G

             total       used       free     shared    buffers     cached
Mem:          2.0G       1.4G       525M       1.5M        39M       295M
-/+ buffers/cache:       1.1G       860M
Swap:         8.0G         0B       8.0G

             total       used       free     shared    buffers     cached
Mem:          2.0G       1.5G       513M       1.5M        39M       295M
-/+ buffers/cache:       1.1G       848M
Swap:         8.0G         0B       8.0G

             total       used       free     shared    buffers     cached
Mem:          2.0G       1.5G       500M       1.5M        39M       295M
-/+ buffers/cache:       1.1G       835M
Swap:         8.0G         0B       8.0G

             total       used       free     shared    buffers     cached
Mem:          2.0G       1.5G       487M       1.5M        39M       295M
-/+ buffers/cache:       1.2G       822M
Swap:         8.0G         0B       8.0G

             total       used       free     shared    buffers     cached
Mem:          2.0G       1.5G       473M       1.5M        39M       295M
-/+ buffers/cache:       1.2G       808M
Swap:         8.0G         0B       8.0G

             total       used       free     shared    buffers     cached
Mem:          2.0G       1.5G       460M       1.5M        39M       295M
-/+ buffers/cache:       1.2G       795M
Swap:         8.0G         0B       8.0G

             total       used       free     shared    buffers     cached
Mem:          2.0G       1.5G       446M       1.5M        39M       295M
-/+ buffers/cache:       1.2G       781M
Swap:         8.0G         0B       8.0G

             total       used       free     shared    buffers     cached
Mem:          2.0G       1.5G       433M       1.5M        39M       295M
-/+ buffers/cache:       1.2G       768M
Swap:         8.0G         0B       8.0G

             total       used       free     shared    buffers     cached
Mem:          2.0G       1.5G       421M       1.5M        39M       295M
-/+ buffers/cache:       1.2G       756M
Swap:         8.0G         0B       8.0G

             total       used       free     shared    buffers     cached
Mem:          2.0G       1.6G       408M       1.5M        39M       295M
-/+ buffers/cache:       1.2G       743M
Swap:         8.0G         0B       8.0G

             total       used       free     shared    buffers     cached
Mem:          2.0G       1.6G       395M       1.5M        39M       295M
-/+ buffers/cache:       1.2G       730M
Swap:         8.0G         0B       8.0G

             total       used       free     shared    buffers     cached
Mem:          2.0G       1.6G       382M       1.5M        39M       295M
-/+ buffers/cache:       1.3G       717M
Swap:         8.0G         0B       8.0G

             total       used       free     shared    buffers     cached
Mem:          2.0G       1.6G       378M       1.5M        39M       295M
-/+ buffers/cache:       1.3G       713M
Swap:         8.0G         0B       8.0G

             total       used       free     shared    buffers     cached
Mem:          2.0G       1.6G       364M       1.5M        39M       295M
-/+ buffers/cache:       1.3G       699M
Swap:         8.0G         0B       8.0G

             total       used       free     shared    buffers     cached
Mem:          2.0G       1.6G       351M       1.5M        39M       295M
-/+ buffers/cache:       1.3G       686M
Swap:         8.0G         0B       8.0G

             total       used       free     shared    buffers     cached
Mem:          2.0G       1.6G       337M       1.5M        39M       295M
-/+ buffers/cache:       1.3G       672M
Swap:         8.0G         0B       8.0G

             total       used       free     shared    buffers     cached
Mem:          2.0G       1.6G       322M       1.5M        39M       295M
-/+ buffers/cache:       1.3G       657M
Swap:         8.0G         0B       8.0G

             total       used       free     shared    buffers     cached
Mem:          2.0G       1.7G       304M       1.5M        39M       295M
-/+ buffers/cache:       1.3G       639M
Swap:         8.0G         0B       8.0G

             total       used       free     shared    buffers     cached
Mem:          2.0G       1.7G       286M       1.5M        39M       295M
-/+ buffers/cache:       1.3G       621M
Swap:         8.0G         0B       8.0G

             total       used       free     shared    buffers     cached
Mem:          2.0G       1.7G       269M       1.5M        39M       295M
-/+ buffers/cache:       1.4G       604M
Swap:         8.0G         0B       8.0G

             total       used       free     shared    buffers     cached
Mem:          2.0G       1.7G       252M       1.5M        39M       295M
-/+ buffers/cache:       1.4G       587M
Swap:         8.0G         0B       8.0G

             total       used       free     shared    buffers     cached
Mem:          2.0G       1.7G       238M       1.5M        39M       295M
-/+ buffers/cache:       1.4G       573M
Swap:         8.0G         0B       8.0G

             total       used       free     shared    buffers     cached
Mem:          2.0G       1.7G       225M       1.5M        39M       295M
-/+ buffers/cache:       1.4G       560M
Swap:         8.0G         0B       8.0G

             total       used       free     shared    buffers     cached
Mem:          2.0G       1.7G       213M       1.5M        39M       295M
-/+ buffers/cache:       1.4G       548M
Swap:         8.0G         0B       8.0G

             total       used       free     shared    buffers     cached
Mem:          2.0G       1.8G       200M       1.5M        39M       295M
-/+ buffers/cache:       1.4G       535M
Swap:         8.0G         0B       8.0G

             total       used       free     shared    buffers     cached
Mem:          2.0G       1.8G       184M       1.5M        39M       295M
-/+ buffers/cache:       1.4G       519M
Swap:         8.0G         0B       8.0G

             total       used       free     shared    buffers     cached
Mem:          2.0G       1.8G       168M       1.5M        39M       295M
-/+ buffers/cache:       1.5G       503M
Swap:         8.0G         0B       8.0G

             total       used       free     shared    buffers     cached
Mem:          2.0G       1.8G       154M       1.5M        39M       295M
-/+ buffers/cache:       1.5G       488M
Swap:         8.0G         0B       8.0G

             total       used       free     shared    buffers     cached
Mem:          2.0G       1.8G       140M       1.5M        39M       295M
-/+ buffers/cache:       1.5G       475M
Swap:         8.0G         0B       8.0G

             total       used       free     shared    buffers     cached
Mem:          2.0G       1.8G       125M       1.5M        39M       295M
-/+ buffers/cache:       1.5G       459M
Swap:         8.0G         0B       8.0G

             total       used       free     shared    buffers     cached
Mem:          2.0G       1.8G       107M       1.5M        39M       295M
-/+ buffers/cache:       1.5G       441M
Swap:         8.0G         0B       8.0G

             total       used       free     shared    buffers     cached
Mem:          2.0G       1.9G        87M       1.5M        39M       295M
-/+ buffers/cache:       1.5G       422M
Swap:         8.0G         0B       8.0G

             total       used       free     shared    buffers     cached
Mem:          2.0G       1.9G        72M       1.5M        39M       295M
-/+ buffers/cache:       1.6G       407M
Swap:         8.0G         0B       8.0G

             total       used       free     shared    buffers     cached
Mem:          2.0G       1.9G        74M       1.5M        23M       293M
-/+ buffers/cache:       1.6G       392M
Swap:         8.0G         0B       8.0G

             total       used       free     shared    buffers     cached
Mem:          2.0G       1.9G        81M       1.5M        11M       287M
-/+ buffers/cache:       1.6G       379M
Swap:         8.0G         0B       8.0G

             total       used       free     shared    buffers     cached
Mem:          2.0G       1.9G        67M       1.5M        11M       287M
-/+ buffers/cache:       1.6G       365M
Swap:         8.0G         0B       8.0G

             total       used       free     shared    buffers     cached
Mem:          2.0G       1.9G        70M       1.4M        10M       269M
-/+ buffers/cache:       1.6G       350M
Swap:         8.0G        76K       8.0G

             total       used       free     shared    buffers     cached
Mem:          2.0G       1.9G        71M       1.3M        10M       250M
-/+ buffers/cache:       1.6G       331M
Swap:         8.0G       776K       8.0G

             total       used       free     shared    buffers     cached
Mem:          2.0G       1.9G        67M       1.2M        10M       236M
-/+ buffers/cache:       1.6G       314M
Swap:         8.0G       8.2M       8.0G

             total       used       free     shared    buffers     cached
Mem:          2.0G       1.9G        63M       1.1M        10M       230M
-/+ buffers/cache:       1.7G       304M
Swap:         8.0G       9.4M       8.0G

             total       used       free     shared    buffers     cached
Mem:          2.0G       1.9G        85M       1.0M       2.7M       198M
-/+ buffers/cache:       1.7G       287M
Swap:         8.0G        16M       8.0G

             total       used       free     shared    buffers     cached
Mem:          2.0G       1.9G        65M       1.0M       2.7M       198M
-/+ buffers/cache:       1.7G       267M
Swap:         8.0G        16M       8.0G

             total       used       free     shared    buffers     cached
Mem:          2.0G       1.9G        80M       1.0M       1.1M       165M
-/+ buffers/cache:       1.7G       247M
Swap:         8.0G        16M       8.0G

             total       used       free     shared    buffers     cached
Mem:          2.0G       1.9G        81M       1.0M       1.0M       146M
-/+ buffers/cache:       1.7G       228M
Swap:         8.0G        16M       8.0G

             total       used       free     shared    buffers     cached
Mem:          2.0G       1.9G        63M       1.0M       1.0M       146M
-/+ buffers/cache:       1.7G       210M
Swap:         8.0G        16M       8.0G

             total       used       free     shared    buffers     cached
Mem:          2.0G       1.9G        62M       1.0M       232K       129M
-/+ buffers/cache:       1.8G       192M
Swap:         8.0G        16M       8.0G

             total       used       free     shared    buffers     cached
Mem:          2.0G       1.9G        76M       1.0M       220K       100M
-/+ buffers/cache:       1.8G       176M
Swap:         8.0G        16M       8.0G

             total       used       free     shared    buffers     cached
Mem:          2.0G       1.9G        70M       1.0M       240K        88M
-/+ buffers/cache:       1.8G       159M
Swap:         8.0G        16M       8.0G

             total       used       free     shared    buffers     cached
Mem:          2.0G       1.9G        76M       1.0M       240K        68M
-/+ buffers/cache:       1.8G       144M
Swap:         8.0G        16M       8.0G

             total       used       free     shared    buffers     cached
Mem:          2.0G       1.9G        75M       1.0M       240K        52M
-/+ buffers/cache:       1.8G       129M
Swap:         8.0G        16M       8.0G

             total       used       free     shared    buffers     cached
Mem:          2.0G       1.9G        73M       1.0M       240K        38M
-/+ buffers/cache:       1.8G       112M
Swap:         8.0G        16M       8.0G

             total       used       free     shared    buffers     cached
Mem:          2.0G       1.9G        73M       1.0M       508K        20M
-/+ buffers/cache:       1.9G        95M
Swap:         8.0G        16M       8.0G

             total       used       free     shared    buffers     cached
Mem:          2.0G       1.9G        72M       1.0M       508K       4.0M
-/+ buffers/cache:       1.9G        77M
Swap:         8.0G        16M       8.0G

             total       used       free     shared    buffers     cached
Mem:          2.0G       1.9G        64M       740K       468K       2.2M
-/+ buffers/cache:       1.9G        66M
Swap:         8.0G       110M       7.9G

             total       used       free     shared    buffers     cached
Mem:          2.0G       1.9G        96M       600K       468K       2.1M
-/+ buffers/cache:       1.9G        99M
Swap:         8.0G       286M       7.7G

             total       used       free     shared    buffers     cached
Mem:          2.0G       1.8G       113M       600K       472K       2.1M
-/+ buffers/cache:       1.8G       116M
Swap:         8.0G       287M       7.7G

             total       used       free     shared    buffers     cached
Mem:          2.0G       1.9G       101M       600K       472K       2.1M
-/+ buffers/cache:       1.9G       103M
Swap:         8.0G       287M       7.7G

             total       used       free     shared    buffers     cached
Mem:          2.0G       1.9G        84M       600K       472K       2.2M
-/+ buffers/cache:       1.9G        86M
Swap:         8.0G       286M       7.7G

             total       used       free     shared    buffers     cached
Mem:          2.0G       1.9G        70M       600K       472K       2.1M
-/+ buffers/cache:       1.9G        73M
Swap:         8.0G       286M       7.7G

             total       used       free     shared    buffers     cached
Mem:          2.0G       1.9G        77M       600K       480K       2.4M
-/+ buffers/cache:       1.9G        80M
Swap:         8.0G       286M       7.7G

             total       used       free     shared    buffers     cached
Mem:          2.0G       1.9G        72M       600K       480K       2.4M
-/+ buffers/cache:       1.9G        75M
Swap:         8.0G       286M       7.7G

             total       used       free     shared    buffers     cached
Mem:          2.0G       1.9G        65M       600K       480K       2.4M
-/+ buffers/cache:       1.9G        68M
Swap:         8.0G       286M       7.7G

             total       used       free     shared    buffers     cached
Mem:          2.0G       1.9G        71M       600K       480K       2.4M
-/+ buffers/cache:       1.9G        74M
Swap:         8.0G       286M       7.7G

             total       used       free     shared    buffers     cached
Mem:          2.0G       1.9G        64M       600K       480K       2.4M
-/+ buffers/cache:       1.9G        67M
Swap:         8.0G       286M       7.7G

             total       used       free     shared    buffers     cached
Mem:          2.0G       1.9G        70M       600K       488K       2.4M
-/+ buffers/cache:       1.9G        73M
Swap:         8.0G       286M       7.7G

             total       used       free     shared    buffers     cached
Mem:          2.0G       1.9G        78M       600K       488K       2.4M
-/+ buffers/cache:       1.9G        80M
Swap:         8.0G       286M       7.7G

             total       used       free     shared    buffers     cached
Mem:          2.0G       1.9G        65M       600K       488K       2.5M
-/+ buffers/cache:       1.9G        68M
Swap:         8.0G       286M       7.7G

             total       used       free     shared    buffers     cached
Mem:          2.0G       1.9G        72M       600K       488K       2.5M
-/+ buffers/cache:       1.9G        75M
Swap:         8.0G       286M       7.7G

             total       used       free     shared    buffers     cached
Mem:          2.0G       1.9G        66M       600K       488K       2.5M
-/+ buffers/cache:       1.9G        69M
Swap:         8.0G       286M       7.7G

             total       used       free     shared    buffers     cached
Mem:          2.0G       1.9G        72M       600K       496K       2.5M
-/+ buffers/cache:       1.9G        75M
Swap:         8.0G       287M       7.7G

             total       used       free     shared    buffers     cached
Mem:          2.0G       1.9G        77M       588K       496K       2.5M
-/+ buffers/cache:       1.9G        80M
Swap:         8.0G       327M       7.7G

             total       used       free     shared    buffers     cached
Mem:          2.0G       1.9G        92M       588K       496K       2.5M
-/+ buffers/cache:       1.9G        95M
Swap:         8.0G       399M       7.6G

             total       used       free     shared    buffers     cached
Mem:          2.0G       1.9G        87M       588K       496K       2.5M
-/+ buffers/cache:       1.9G        90M
Swap:         8.0G       399M       7.6G

             total       used       free     shared    buffers     cached
Mem:          2.0G       1.9G        79M       588K       496K       2.5M
-/+ buffers/cache:       1.9G        82M
Swap:         8.0G       399M       7.6G

             total       used       free     shared    buffers     cached
Mem:          2.0G       1.9G        76M       588K       496K       2.5M
-/+ buffers/cache:       1.9G        79M
Swap:         8.0G       398M       7.6G

             total       used       free     shared    buffers     cached
Mem:          2.0G       1.9G        76M       588K       504K       2.5M
-/+ buffers/cache:       1.9G        79M
Swap:         8.0G       398M       7.6G

             total       used       free     shared    buffers     cached
Mem:          2.0G       1.9G        76M       588K       504K       2.5M
-/+ buffers/cache:       1.9G        79M
Swap:         8.0G       397M       7.6G

             total       used       free     shared    buffers     cached
Mem:          2.0G       1.9G        75M       588K       504K       2.5M
-/+ buffers/cache:       1.9G        78M
Swap:         8.0G       396M       7.6G

             total       used       free     shared    buffers     cached
Mem:          2.0G       1.9G        75M       588K       504K       2.5M
-/+ buffers/cache:       1.9G        78M
Swap:         8.0G       395M       7.6G

             total       used       free     shared    buffers     cached
Mem:          2.0G       1.9G        75M       588K       504K       2.5M
-/+ buffers/cache:       1.9G        78M
Swap:         8.0G       394M       7.6G

             total       used       free     shared    buffers     cached
Mem:          2.0G       1.9G        74M       588K       512K       2.5M
-/+ buffers/cache:       1.9G        77M
Swap:         8.0G       394M       7.6G

             total       used       free     shared    buffers     cached
Mem:          2.0G       1.9G        74M       588K       512K       2.5M
-/+ buffers/cache:       1.9G        77M
Swap:         8.0G       393M       7.6G

             total       used       free     shared    buffers     cached
Mem:          2.0G       1.9G        73M       588K       512K       2.5M
-/+ buffers/cache:       1.9G        76M
Swap:         8.0G       392M       7.6G

             total       used       free     shared    buffers     cached
Mem:          2.0G       1.9G        73M       588K       512K       2.5M
-/+ buffers/cache:       1.9G        76M
Swap:         8.0G       391M       7.6G

             total       used       free     shared    buffers     cached
Mem:          2.0G       1.9G        72M       588K       512K       2.5M
-/+ buffers/cache:       1.9G        75M
Swap:         8.0G       390M       7.6G

             total       used       free     shared    buffers     cached
Mem:          2.0G       1.9G        72M       588K       520K       2.5M
-/+ buffers/cache:       1.9G        75M
Swap:         8.0G       390M       7.6G

             total       used       free     shared    buffers     cached
Mem:          2.0G       1.9G        71M       588K       532K       2.5M
-/+ buffers/cache:       1.9G        74M
Swap:         8.0G       389M       7.6G

             total       used       free     shared    buffers     cached
Mem:          2.0G       1.9G        71M       588K       532K       2.5M
-/+ buffers/cache:       1.9G        74M
Swap:         8.0G       388M       7.6G

             total       used       free     shared    buffers     cached
Mem:          2.0G       1.9G        71M       588K       532K       2.5M
-/+ buffers/cache:       1.9G        74M
Swap:         8.0G       387M       7.6G

             total       used       free     shared    buffers     cached
Mem:          2.0G       1.9G        70M       588K       532K       2.5M
-/+ buffers/cache:       1.9G        73M
Swap:         8.0G       386M       7.6G

             total       used       free     shared    buffers     cached
Mem:          2.0G       1.9G        70M       588K       532K       2.5M
-/+ buffers/cache:       1.9G        73M
Swap:         8.0G       385M       7.6G

             total       used       free     shared    buffers     cached
Mem:          2.0G       1.9G        70M       588K       540K       2.5M
-/+ buffers/cache:       1.9G        73M
Swap:         8.0G       385M       7.6G

             total       used       free     shared    buffers     cached
Mem:          2.0G       1.9G        69M       588K       540K       2.5M
-/+ buffers/cache:       1.9G        72M
Swap:         8.0G       384M       7.6G

             total       used       free     shared    buffers     cached
Mem:          2.0G       1.9G        69M       588K       540K       2.5M
-/+ buffers/cache:       1.9G        72M
Swap:         8.0G       384M       7.6G

             total       used       free     shared    buffers     cached
Mem:          2.0G       1.9G        69M       588K       540K       2.5M
-/+ buffers/cache:       1.9G        72M
Swap:         8.0G       383M       7.6G

             total       used       free     shared    buffers     cached
Mem:          2.0G       1.9G        69M       588K       540K       2.5M
-/+ buffers/cache:       1.9G        72M
Swap:         8.0G       383M       7.6G

             total       used       free     shared    buffers     cached
Mem:          2.0G       1.9G        68M       588K       548K       2.5M
-/+ buffers/cache:       1.9G        72M
Swap:         8.0G       382M       7.6G

             total       used       free     shared    buffers     cached
Mem:          2.0G       1.9G        79M       588K       568K       7.3M
-/+ buffers/cache:       1.9G        87M
Swap:         8.0G       381M       7.6G

             total       used       free     shared    buffers     cached
Mem:          2.0G       1.9G        77M       588K       156K        16M
-/+ buffers/cache:       1.9G        94M
Swap:         8.0G       451M       7.6G

             total       used       free     shared    buffers     cached
Mem:          2.0G       1.9G        79M       588K       568K        17M
-/+ buffers/cache:       1.9G        97M
Swap:         8.0G       451M       7.6G

             total       used       free     shared    buffers     cached
Mem:          2.0G       1.9G        78M       592K       884K        24M
-/+ buffers/cache:       1.9G       103M
Swap:         8.0G       442M       7.6G

             total       used       free     shared    buffers     cached
Mem:          2.0G       1.9G        77M       592K       884K        24M
-/+ buffers/cache:       1.9G       102M
Swap:         8.0G       442M       7.6G

             total       used       free     shared    buffers     cached
Mem:          2.0G       1.9G        76M       592K       884K        24M
-/+ buffers/cache:       1.9G       101M
Swap:         8.0G       441M       7.6G

             total       used       free     shared    buffers     cached
Mem:          2.0G       1.9G        75M       592K       884K        24M
-/+ buffers/cache:       1.9G       101M
Swap:         8.0G       440M       7.6G

             total       used       free     shared    buffers     cached
Mem:          2.0G       1.9G        72M       592K       892K        26M
-/+ buffers/cache:       1.9G        99M
Swap:         8.0G       439M       7.6G

             total       used       free     shared    buffers     cached
Mem:          2.0G       1.9G        71M       592K       2.4M        34M
-/+ buffers/cache:       1.8G       108M
Swap:         8.0G       438M       7.6G

             total       used       free     shared    buffers     cached
Mem:          2.0G       1.9G        65M       1.1M       5.7M        50M
-/+ buffers/cache:       1.8G       121M
Swap:         8.0G       435M       7.6G

             total       used       free     shared    buffers     cached
Mem:          2.0G       1.9G        81M       1.2M       5.7M        41M
-/+ buffers/cache:       1.8G       129M
Swap:         8.0G       519M       7.5G

             total       used       free     shared    buffers     cached
Mem:          2.0G       1.9G        85M       1.2M       5.7M        41M
-/+ buffers/cache:       1.8G       133M
Swap:         8.0G       519M       7.5G

             total       used       free     shared    buffers     cached
Mem:          2.0G       1.9G        75M       1.2M       6.3M        48M
-/+ buffers/cache:       1.8G       130M
Swap:         8.0G       518M       7.5G

             total       used       free     shared    buffers     cached
Mem:          2.0G       1.9G        73M       1.2M       6.3M        48M
-/+ buffers/cache:       1.8G       128M
Swap:         8.0G       517M       7.5G

             total       used       free     shared    buffers     cached
Mem:          2.0G       1.9G        71M       1.2M       6.3M        48M
-/+ buffers/cache:       1.8G       126M
Swap:         8.0G       517M       7.5G

             total       used       free     shared    buffers     cached
Mem:          2.0G       1.9G        71M       1.2M       6.3M        48M
-/+ buffers/cache:       1.8G       126M
Swap:         8.0G       516M       7.5G

             total       used       free     shared    buffers     cached
Mem:          2.0G       1.9G        68M       1.2M       6.3M        49M
-/+ buffers/cache:       1.8G       124M
Swap:         8.0G       516M       7.5G

             total       used       free     shared    buffers     cached
Mem:          2.0G       1.9G        72M       1.2M       4.9M        64M
-/+ buffers/cache:       1.8G       141M
Swap:         8.0G       507M       7.5G

             total       used       free     shared    buffers     cached
Mem:          2.0G       1.9G        76M       1.3M       4.7M        85M
-/+ buffers/cache:       1.8G       166M
Swap:         8.0G       505M       7.5G

             total       used       free     shared    buffers     cached
Mem:          2.0G       1.9G        74M       1.3M       4.7M        85M
-/+ buffers/cache:       1.8G       165M
Swap:         8.0G       505M       7.5G

             total       used       free     shared    buffers     cached
Mem:          2.0G       1.9G        74M       1.3M       4.7M        85M
-/+ buffers/cache:       1.8G       165M
Swap:         8.0G       505M       7.5G

             total       used       free     shared    buffers     cached
Mem:          2.0G       1.9G        74M       1.3M       4.7M        85M
-/+ buffers/cache:       1.8G       164M
Swap:         8.0G       504M       7.5G

             total       used       free     shared    buffers     cached
Mem:          2.0G       1.9G        73M       1.3M       4.7M        85M
-/+ buffers/cache:       1.8G       163M
Swap:         8.0G       504M       7.5G

             total       used       free     shared    buffers     cached
Mem:          2.0G       1.9G        72M       1.3M       4.7M        85M
-/+ buffers/cache:       1.8G       162M
Swap:         8.0G       504M       7.5G

             total       used       free     shared    buffers     cached
Mem:          2.0G       1.9G        71M       1.3M       4.7M        86M
-/+ buffers/cache:       1.8G       162M
Swap:         8.0G       503M       7.5G

             total       used       free     shared    buffers     cached
Mem:          2.0G       1.9G        70M       1.3M       4.8M        86M
-/+ buffers/cache:       1.8G       161M
Swap:         8.0G       502M       7.5G

             total       used       free     shared    buffers     cached
Mem:          2.0G       1.9G        69M       1.3M       4.8M        86M
-/+ buffers/cache:       1.8G       160M
Swap:         8.0G       502M       7.5G

             total       used       free     shared    buffers     cached
Mem:          2.0G       1.9G        68M       1.3M       4.8M        86M
-/+ buffers/cache:       1.8G       159M
Swap:         8.0G       502M       7.5G

             total       used       free     shared    buffers     cached
Mem:          2.0G       1.9G        67M       1.3M       4.8M        86M
-/+ buffers/cache:       1.8G       158M
Swap:         8.0G       501M       7.5G

             total       used       free     shared    buffers     cached
Mem:          2.0G       1.9G        66M       1.3M       4.8M        86M
-/+ buffers/cache:       1.8G       157M
Swap:         8.0G       501M       7.5G

             total       used       free     shared    buffers     cached
Mem:          2.0G       1.9G        66M       1.3M       4.8M        86M
-/+ buffers/cache:       1.8G       157M
Swap:         8.0G       500M       7.5G

             total       used       free     shared    buffers     cached
Mem:          2.0G       1.9G        65M       1.3M       4.8M        86M
-/+ buffers/cache:       1.8G       156M
Swap:         8.0G       500M       7.5G

             total       used       free     shared    buffers     cached
Mem:          2.0G       1.9G        77M       1.3M       4.6M        84M
-/+ buffers/cache:       1.8G       167M
Swap:         8.0G       499M       7.5G

             total       used       free     shared    buffers     cached
Mem:          2.0G       1.9G        77M       1.3M       4.6M        84M
-/+ buffers/cache:       1.8G       167M
Swap:         8.0G       499M       7.5G

             total       used       free     shared    buffers     cached
Mem:          2.0G       1.9G        76M       1.3M       4.6M        84M
-/+ buffers/cache:       1.8G       166M
Swap:         8.0G       498M       7.5G

             total       used       free     shared    buffers     cached
Mem:          2.0G       1.9G        75M       1.3M       4.6M        84M
-/+ buffers/cache:       1.8G       165M
Swap:         8.0G       498M       7.5G

             total       used       free     shared    buffers     cached
Mem:          2.0G       1.9G        75M       1.3M       4.6M        84M
-/+ buffers/cache:       1.8G       164M
Swap:         8.0G       498M       7.5G

             total       used       free     shared    buffers     cached
Mem:          2.0G       1.9G        74M       1.3M       4.6M        84M
-/+ buffers/cache:       1.8G       163M
Swap:         8.0G       497M       7.5G

             total       used       free     shared    buffers     cached
Mem:          2.0G       1.9G        73M       1.3M       4.6M        84M
-/+ buffers/cache:       1.8G       163M
Swap:         8.0G       497M       7.5G

             total       used       free     shared    buffers     cached
Mem:          2.0G       1.9G        72M       1.3M       4.6M        84M
-/+ buffers/cache:       1.8G       162M
Swap:         8.0G       496M       7.5G

             total       used       free     shared    buffers     cached
Mem:          2.0G       1.9G        71M       1.3M       4.6M        84M
-/+ buffers/cache:       1.8G       161M
Swap:         8.0G       496M       7.5G

             total       used       free     shared    buffers     cached
Mem:          2.0G       1.9G        70M       1.3M       4.6M        84M
-/+ buffers/cache:       1.8G       160M
Swap:         8.0G       495M       7.5G

             total       used       free     shared    buffers     cached
Mem:          2.0G       1.9G        69M       1.3M       4.6M        84M
-/+ buffers/cache:       1.8G       159M
Swap:         8.0G       495M       7.5G

             total       used       free     shared    buffers     cached
Mem:          2.0G       1.9G        69M       1.3M       4.6M        84M
-/+ buffers/cache:       1.8G       158M
Swap:         8.0G       495M       7.5G

             total       used       free     shared    buffers     cached
Mem:          2.0G       1.9G        68M       1.3M       4.6M        84M
-/+ buffers/cache:       1.8G       157M
Swap:         8.0G       494M       7.5G

             total       used       free     shared    buffers     cached
Mem:          2.0G       1.9G        67M       1.3M       4.6M        84M
-/+ buffers/cache:       1.8G       156M
Swap:         8.0G       494M       7.5G

             total       used       free     shared    buffers     cached
Mem:          2.0G       1.9G        66M       1.3M       4.6M        84M
-/+ buffers/cache:       1.8G       155M
Swap:         8.0G       493M       7.5G

             total       used       free     shared    buffers     cached
Mem:          2.0G       1.9G        65M       1.3M       4.6M        84M
-/+ buffers/cache:       1.8G       155M
Swap:         8.0G       493M       7.5G

             total       used       free     shared    buffers     cached
Mem:          2.0G       1.9G        76M       1.3M       4.6M        75M
-/+ buffers/cache:       1.8G       157M
Swap:         8.0G       536M       7.5G

             total       used       free     shared    buffers     cached
Mem:          2.0G       1.9G        79M       1.3M       4.6M        75M
-/+ buffers/cache:       1.8G       159M
Swap:         8.0G       536M       7.5G

             total       used       free     shared    buffers     cached
Mem:          2.0G       1.9G        78M       1.3M       4.6M        75M
-/+ buffers/cache:       1.8G       158M
Swap:         8.0G       535M       7.5G

             total       used       free     shared    buffers     cached
Mem:          2.0G       1.9G        77M       1.3M       4.6M        75M
-/+ buffers/cache:       1.8G       157M
Swap:         8.0G       535M       7.5G

             total       used       free     shared    buffers     cached
Mem:          2.0G       1.9G        76M       1.3M       4.6M        75M
-/+ buffers/cache:       1.8G       156M
Swap:         8.0G       534M       7.5G

             total       used       free     shared    buffers     cached
Mem:          2.0G       1.9G        76M       1.3M       4.6M        75M
-/+ buffers/cache:       1.8G       156M
Swap:         8.0G       534M       7.5G

             total       used       free     shared    buffers     cached
Mem:          2.0G       1.9G        75M       1.3M       4.6M        75M
-/+ buffers/cache:       1.8G       156M
Swap:         8.0G       534M       7.5G

             total       used       free     shared    buffers     cached
Mem:          2.0G       1.9G        74M       1.3M       4.6M        75M
-/+ buffers/cache:       1.8G       155M
Swap:         8.0G       533M       7.5G

             total       used       free     shared    buffers     cached
Mem:          2.0G       1.9G        74M       1.3M       4.6M        75M
-/+ buffers/cache:       1.8G       154M
Swap:         8.0G       533M       7.5G

             total       used       free     shared    buffers     cached
Mem:          2.0G       1.9G        73M       1.3M       4.6M        75M
-/+ buffers/cache:       1.8G       153M
Swap:         8.0G       532M       7.5G

             total       used       free     shared    buffers     cached
Mem:          2.0G       1.9G        72M       1.3M       4.6M        75M
-/+ buffers/cache:       1.8G       152M
Swap:         8.0G       532M       7.5G

             total       used       free     shared    buffers     cached
Mem:          2.0G       1.9G        70M       1.3M       4.6M        76M
-/+ buffers/cache:       1.8G       151M
Swap:         8.0G       531M       7.5G

             total       used       free     shared    buffers     cached
Mem:          2.0G       1.9G        69M       1.3M       4.6M        76M
-/+ buffers/cache:       1.8G       150M
Swap:         8.0G       531M       7.5G

             total       used       free     shared    buffers     cached
Mem:          2.0G       1.9G        68M       1.3M       4.6M        76M
-/+ buffers/cache:       1.8G       149M
Swap:         8.0G       530M       7.5G

             total       used       free     shared    buffers     cached
Mem:          2.0G       1.9G        67M       1.3M       4.6M        76M
-/+ buffers/cache:       1.8G       149M
Swap:         8.0G       530M       7.5G

             total       used       free     shared    buffers     cached
Mem:          2.0G       1.9G        66M       1.3M       4.6M        76M
-/+ buffers/cache:       1.8G       148M
Swap:         8.0G       529M       7.5G

             total       used       free     shared    buffers     cached
Mem:          2.0G       1.9G        77M       1.3M       5.7M        81M
-/+ buffers/cache:       1.8G       164M
Swap:         8.0G       529M       7.5G

             total       used       free     shared    buffers     cached
Mem:          2.0G       1.9G        73M       1.3M       1.9M       101M
-/+ buffers/cache:       1.8G       177M
Swap:         8.0G       542M       7.5G

             total       used       free     shared    buffers     cached
Mem:          2.0G       1.9G        80M       1.3M       1.9M       101M
-/+ buffers/cache:       1.8G       184M
Swap:         8.0G       541M       7.5G

             total       used       free     shared    buffers     cached
Mem:          2.0G       1.9G        74M       1.3M       1.9M       103M
-/+ buffers/cache:       1.8G       180M
Swap:         8.0G       539M       7.5G

             total       used       free     shared    buffers     cached
Mem:          2.0G       1.9G        73M       1.3M       1.9M       103M
-/+ buffers/cache:       1.8G       179M
Swap:         8.0G       539M       7.5G

             total       used       free     shared    buffers     cached
Mem:          2.0G       1.9G        68M       1.3M       1.9M       104M
-/+ buffers/cache:       1.8G       174M
Swap:         8.0G       537M       7.5G

             total       used       free     shared    buffers     cached
Mem:          2.0G       1.9G        67M       1.3M       1.9M       104M
-/+ buffers/cache:       1.8G       174M
Swap:         8.0G       537M       7.5G

             total       used       free     shared    buffers     cached
Mem:          2.0G       1.9G        81M       1.3M       2.6M        95M
-/+ buffers/cache:       1.8G       180M
Swap:         8.0G       536M       7.5G

             total       used       free     shared    buffers     cached
Mem:          2.0G       1.9G        75M       1.3M       2.6M        97M
-/+ buffers/cache:       1.8G       176M
Swap:         8.0G       536M       7.5G

             total       used       free     shared    buffers     cached
Mem:          2.0G       1.9G        71M       1.3M       3.0M        98M
-/+ buffers/cache:       1.8G       173M
Swap:         8.0G       535M       7.5G

             total       used       free     shared    buffers     cached
Mem:          2.0G       1.9G        79M       1.3M       3.2M        92M
-/+ buffers/cache:       1.8G       175M
Swap:         8.0G       535M       7.5G

             total       used       free     shared    buffers     cached
Mem:          2.0G       1.9G        72M       1.3M       3.2M        99M
-/+ buffers/cache:       1.8G       175M
Swap:         8.0G       535M       7.5G

             total       used       free     shared    buffers     cached
Mem:          2.0G       1.9G        66M       1.3M       3.5M       105M
-/+ buffers/cache:       1.8G       175M
Swap:         8.0G       535M       7.5G

             total       used       free     shared    buffers     cached
Mem:          2.0G       1.9G        75M       1.3M       3.7M        95M
-/+ buffers/cache:       1.8G       174M
Swap:         8.0G       535M       7.5G

             total       used       free     shared    buffers     cached
Mem:          2.0G       1.9G        70M       1.3M       3.8M        99M
-/+ buffers/cache:       1.8G       174M
Swap:         8.0G       535M       7.5G

             total       used       free     shared    buffers     cached
Mem:          2.0G       1.9G        68M       1.3M       4.2M        99M
-/+ buffers/cache:       1.8G       171M
Swap:         8.0G       534M       7.5G

             total       used       free     shared    buffers     cached
Mem:          2.0G       1.9G        78M       3.2M       5.8M        75M
-/+ buffers/cache:       1.8G       160M
Swap:         8.0G       545M       7.5G

             total       used       free     shared    buffers     cached
Mem:          2.0G       1.9G        82M       1.4M       6.2M        71M
-/+ buffers/cache:       1.8G       160M
Swap:         8.0G       540M       7.5G

             total       used       free     shared    buffers     cached
Mem:          2.0G       1.9G        79M       1.3M       6.5M        72M
-/+ buffers/cache:       1.8G       158M
Swap:         8.0G       539M       7.5G

             total       used       free     shared    buffers     cached
Mem:          2.0G       1.9G        78M       1.3M       6.5M        73M
-/+ buffers/cache:       1.8G       158M
Swap:         8.0G       539M       7.5G

             total       used       free     shared    buffers     cached
Mem:          2.0G       1.9G        80M       1.3M       5.4M        69M
-/+ buffers/cache:       1.8G       154M
Swap:         8.0G       589M       7.4G

             total       used       free     shared    buffers     cached
Mem:          2.0G       1.9G        80M       1.3M       5.4M        70M
-/+ buffers/cache:       1.8G       155M
Swap:         8.0G       589M       7.4G

             total       used       free     shared    buffers     cached
Mem:          2.0G       1.9G        73M       1.3M       4.9M        90M
-/+ buffers/cache:       1.8G       169M
Swap:         8.0G       589M       7.4G

             total       used       free     shared    buffers     cached
Mem:          2.0G       1.9G        70M       1.3M       1.1M        97M
-/+ buffers/cache:       1.8G       169M
Swap:         8.0G       589M       7.4G

             total       used       free     shared    buffers     cached
Mem:          2.0G       1.9G        66M       1.3M       1.3M       101M
-/+ buffers/cache:       1.8G       168M
Swap:         8.0G       588M       7.4G

             total       used       free     shared    buffers     cached
Mem:          2.0G       1.9G        75M       1.3M       1.3M        90M
-/+ buffers/cache:       1.8G       167M
Swap:         8.0G       588M       7.4G

             total       used       free     shared    buffers     cached
Mem:          2.0G       1.9G        72M       1.3M       1.6M        99M
-/+ buffers/cache:       1.8G       173M
Swap:         8.0G       588M       7.4G

             total       used       free     shared    buffers     cached
Mem:          2.0G       1.9G        76M       1.3M       1.6M        94M
-/+ buffers/cache:       1.8G       172M
Swap:         8.0G       588M       7.4G

             total       used       free     shared    buffers     cached
Mem:          2.0G       1.9G        69M       1.3M       1.6M       106M
-/+ buffers/cache:       1.8G       177M
Swap:         8.0G       587M       7.4G

             total       used       free     shared    buffers     cached
Mem:          2.0G       1.9G        74M       1.3M       1.1M       110M
-/+ buffers/cache:       1.8G       186M
Swap:         8.0G       587M       7.4G

             total       used       free     shared    buffers     cached
Mem:          2.0G       1.9G        75M       1.3M       1.7M       106M
-/+ buffers/cache:       1.8G       184M
Swap:         8.0G       587M       7.4G

             total       used       free     shared    buffers     cached
Mem:          2.0G       1.9G        75M       1.3M       1.8M       106M
-/+ buffers/cache:       1.8G       184M
Swap:         8.0G       587M       7.4G

             total       used       free     shared    buffers     cached
Mem:          2.0G       1.9G        75M       1.3M       1.8M       106M
-/+ buffers/cache:       1.8G       184M
Swap:         8.0G       587M       7.4G

             total       used       free     shared    buffers     cached
Mem:          2.0G       1.9G        75M       1.3M       1.8M       106M
-/+ buffers/cache:       1.8G       184M
Swap:         8.0G       587M       7.4G

             total       used       free     shared    buffers     cached
Mem:          2.0G       1.9G        78M       1.3M       4.5M       105M
-/+ buffers/cache:       1.8G       189M
Swap:         8.0G       586M       7.4G

             total       used       free     shared    buffers     cached
Mem:          2.0G       1.9G        65M       1.3M       7.7M       100M
-/+ buffers/cache:       1.8G       173M
Swap:         8.0G       585M       7.4G

             total       used       free     shared    buffers     cached
Mem:          2.0G       1.9G        76M       1.3M       7.1M        78M
-/+ buffers/cache:       1.8G       161M
Swap:         8.0G       584M       7.4G

             total       used       free     shared    buffers     cached
Mem:          2.0G       1.9G        74M       1.3M       7.2M        56M
-/+ buffers/cache:       1.8G       138M
Swap:         8.0G       584M       7.4G

             total       used       free     shared    buffers     cached
Mem:          2.0G       1.9G        71M       1.3M       5.0M        25M
-/+ buffers/cache:       1.9G       102M
Swap:         8.0G       584M       7.4G

             total       used       free     shared    buffers     cached
Mem:          2.0G       1.9G        74M       1.3M       1.3M        12M
-/+ buffers/cache:       1.9G        89M
Swap:         8.0G       594M       7.4G

             total       used       free     shared    buffers     cached
Mem:          2.0G       1.9G        79M       1.3M       760K       9.0M
-/+ buffers/cache:       1.9G        89M
Swap:         8.0G       611M       7.4G

             total       used       free     shared    buffers     cached
Mem:          2.0G       1.9G        75M       1.3M       368K       9.9M
-/+ buffers/cache:       1.9G        85M
Swap:         8.0G       704M       7.3G

             total       used       free     shared    buffers     cached
Mem:          2.0G       1.9G        78M       1.3M       1.4M        23M
-/+ buffers/cache:       1.9G       103M
Swap:         8.0G       705M       7.3G

             total       used       free     shared    buffers     cached
Mem:          2.0G       1.9G        79M       1.3M       2.7M        35M
-/+ buffers/cache:       1.8G       117M
Swap:         8.0G       708M       7.3G

             total       used       free     shared    buffers     cached
Mem:          2.0G       1.9G        70M       1.3M       2.8M        38M
-/+ buffers/cache:       1.8G       111M
Swap:         8.0G       708M       7.3G

             total       used       free     shared    buffers     cached
Mem:          2.0G       1.9G        77M       1.3M       1.5M        32M
-/+ buffers/cache:       1.8G       111M
Swap:         8.0G       729M       7.3G

             total       used       free     shared    buffers     cached
Mem:          2.0G       1.9G        76M       1.3M       1.6M        33M
-/+ buffers/cache:       1.8G       111M
Swap:         8.0G       729M       7.3G

             total       used       free     shared    buffers     cached
Mem:          2.0G       1.9G        68M       1.3M       1.6M        35M
-/+ buffers/cache:       1.9G       105M
Swap:         8.0G       729M       7.3G

             total       used       free     shared    buffers     cached
Mem:          2.0G       1.9G        73M       1.3M       1.5M        35M
-/+ buffers/cache:       1.8G       110M
Swap:         8.0G       728M       7.3G

             total       used       free     shared    buffers     cached
Mem:          2.0G       1.9G        66M       1.3M       1.5M        37M
-/+ buffers/cache:       1.9G       105M
Swap:         8.0G       728M       7.3G

             total       used       free     shared    buffers     cached
Mem:          2.0G       1.9G        74M       1.3M       1.6M        34M
-/+ buffers/cache:       1.8G       110M
Swap:         8.0G       750M       7.3G

             total       used       free     shared    buffers     cached
Mem:          2.0G       1.9G        68M       1.3M       1.6M        35M
-/+ buffers/cache:       1.9G       105M
Swap:         8.0G       750M       7.3G

             total       used       free     shared    buffers     cached
Mem:          2.0G       1.9G        72M       1.3M       1.4M        41M
-/+ buffers/cache:       1.8G       115M
Swap:         8.0G       749M       7.3G

             total       used       free     shared    buffers     cached
Mem:          2.0G       1.9G        65M       1.3M       1.4M        43M
-/+ buffers/cache:       1.8G       110M
Swap:         8.0G       749M       7.3G

             total       used       free     shared    buffers     cached
Mem:          2.0G       1.9G        66M       1.3M       1.7M        38M
-/+ buffers/cache:       1.8G       106M
Swap:         8.0G       764M       7.3G

             total       used       free     shared    buffers     cached
Mem:          2.0G       1.9G        76M       1.3M       2.5M        37M
-/+ buffers/cache:       1.8G       116M
Swap:         8.0G       779M       7.2G

             total       used       free     shared    buffers     cached
Mem:          2.0G       1.9G        75M       1.3M       2.7M        36M
-/+ buffers/cache:       1.8G       115M
Swap:         8.0G       790M       7.2G

             total       used       free     shared    buffers     cached
Mem:          2.0G       1.9G        65M       1.3M       3.1M        55M
-/+ buffers/cache:       1.8G       124M
Swap:         8.0G       795M       7.2G

             total       used       free     shared    buffers     cached
Mem:          2.0G       1.9G        67M       872K       1.2M        60M
-/+ buffers/cache:       1.8G       129M
Swap:         8.0G       814M       7.2G

             total       used       free     shared    buffers     cached
Mem:          2.0G       1.9G        74M       872K       1.3M        62M
-/+ buffers/cache:       1.8G       138M
Swap:         8.0G       814M       7.2G

             total       used       free     shared    buffers     cached
Mem:          2.0G       1.9G        70M       872K       1.7M        58M
-/+ buffers/cache:       1.8G       130M
Swap:         8.0G       1.0G       7.0G

             total       used       free     shared    buffers     cached
Mem:          2.0G       1.8G       120M       872K       1.7M        57M
-/+ buffers/cache:       1.8G       179M
Swap:         8.0G       1.0G       7.0G

             total       used       free     shared    buffers     cached
Mem:          2.0G       1.8G       124M       872K       1.7M        58M
-/+ buffers/cache:       1.8G       185M
Swap:         8.0G       1.0G       7.0G

             total       used       free     shared    buffers     cached
Mem:          2.0G       1.8G       124M       872K       1.7M        59M
-/+ buffers/cache:       1.8G       185M
Swap:         8.0G       1.0G       7.0G

             total       used       free     shared    buffers     cached
Mem:          2.0G       1.8G       126M       872K       1.7M        59M
-/+ buffers/cache:       1.8G       188M
Swap:         8.0G       1.0G       7.0G

             total       used       free     shared    buffers     cached
Mem:          2.0G       1.8G       108M       872K       1.7M        64M
-/+ buffers/cache:       1.8G       174M
Swap:         8.0G       1.0G       7.0G

             total       used       free     shared    buffers     cached
Mem:          2.0G       1.8G       118M       872K       5.0M        76M
-/+ buffers/cache:       1.8G       200M
Swap:         8.0G       1.0G       7.0G

             total       used       free     shared    buffers     cached
Mem:          2.0G       1.9G       104M       872K       6.3M        90M
-/+ buffers/cache:       1.8G       201M
Swap:         8.0G       1.0G       7.0G
