             total       used       free     shared    buffers     cached
Mem:          992M       655M       336M       3.2M        41M       287M
-/+ buffers/cache:       326M       665M
Swap:         8.0G         0B       8.0G

             total       used       free     shared    buffers     cached
Mem:          992M       654M       337M       3.2M        41M       287M
-/+ buffers/cache:       325M       666M
Swap:         8.0G         0B       8.0G

             total       used       free     shared    buffers     cached
Mem:          992M       654M       337M       3.2M        41M       287M
-/+ buffers/cache:       325M       666M
Swap:         8.0G         0B       8.0G

             total       used       free     shared    buffers     cached
Mem:          992M       654M       337M       3.2M        41M       287M
-/+ buffers/cache:       325M       666M
Swap:         8.0G         0B       8.0G

             total       used       free     shared    buffers     cached
Mem:          992M       654M       337M       3.2M        41M       287M
-/+ buffers/cache:       325M       666M
Swap:         8.0G         0B       8.0G

             total       used       free     shared    buffers     cached
Mem:          992M       654M       337M       3.2M        41M       287M
-/+ buffers/cache:       325M       666M
Swap:         8.0G         0B       8.0G

             total       used       free     shared    buffers     cached
Mem:          992M       654M       337M       3.2M        41M       287M
-/+ buffers/cache:       324M       667M
Swap:         8.0G         0B       8.0G

             total       used       free     shared    buffers     cached
Mem:          992M       654M       337M       3.2M        41M       287M
-/+ buffers/cache:       324M       667M
Swap:         8.0G         0B       8.0G

             total       used       free     shared    buffers     cached
Mem:          992M       657M       334M       3.2M        41M       287M
-/+ buffers/cache:       328M       663M
Swap:         8.0G         0B       8.0G

             total       used       free     shared    buffers     cached
Mem:          992M       674M       317M       3.2M        41M       287M
-/+ buffers/cache:       345M       647M
Swap:         8.0G         0B       8.0G

             total       used       free     shared    buffers     cached
Mem:          992M       703M       288M       3.2M        41M       289M
-/+ buffers/cache:       371M       620M
Swap:         8.0G         0B       8.0G

             total       used       free     shared    buffers     cached
Mem:          992M       691M       300M       3.2M        42M       291M
-/+ buffers/cache:       358M       634M
Swap:         8.0G         0B       8.0G

             total       used       free     shared    buffers     cached
Mem:          992M       727M       264M       3.3M        42M       292M
-/+ buffers/cache:       393M       598M
Swap:         8.0G         0B       8.0G

             total       used       free     shared    buffers     cached
Mem:          992M       734M       257M       3.3M        42M       292M
-/+ buffers/cache:       400M       591M
Swap:         8.0G         0B       8.0G

             total       used       free     shared    buffers     cached
Mem:          992M       737M       255M       3.3M        42M       292M
-/+ buffers/cache:       402M       589M
Swap:         8.0G         0B       8.0G

             total       used       free     shared    buffers     cached
Mem:          992M       721M       270M       3.3M        42M       296M
-/+ buffers/cache:       382M       609M
Swap:         8.0G         0B       8.0G

             total       used       free     shared    buffers     cached
Mem:          992M       722M       269M       3.3M        42M       296M
-/+ buffers/cache:       383M       608M
Swap:         8.0G         0B       8.0G

             total       used       free     shared    buffers     cached
Mem:          992M       722M       269M       3.3M        42M       296M
-/+ buffers/cache:       383M       608M
Swap:         8.0G         0B       8.0G

             total       used       free     shared    buffers     cached
Mem:          992M       722M       269M       3.3M        42M       296M
-/+ buffers/cache:       383M       608M
Swap:         8.0G         0B       8.0G

             total       used       free     shared    buffers     cached
Mem:          992M       722M       269M       3.3M        42M       296M
-/+ buffers/cache:       383M       608M
Swap:         8.0G         0B       8.0G

             total       used       free     shared    buffers     cached
Mem:          992M       722M       269M       3.3M        42M       296M
-/+ buffers/cache:       383M       608M
Swap:         8.0G         0B       8.0G

             total       used       free     shared    buffers     cached
Mem:          992M       723M       269M       3.3M        42M       296M
-/+ buffers/cache:       383M       608M
Swap:         8.0G         0B       8.0G

             total       used       free     shared    buffers     cached
Mem:          992M       723M       269M       3.3M        42M       296M
-/+ buffers/cache:       383M       608M
Swap:         8.0G         0B       8.0G

             total       used       free     shared    buffers     cached
Mem:          992M       723M       269M       3.3M        42M       296M
-/+ buffers/cache:       383M       608M
Swap:         8.0G         0B       8.0G

             total       used       free     shared    buffers     cached
Mem:          992M       723M       269M       3.3M        42M       296M
-/+ buffers/cache:       383M       608M
Swap:         8.0G         0B       8.0G

             total       used       free     shared    buffers     cached
Mem:          992M       723M       269M       3.3M        42M       296M
-/+ buffers/cache:       383M       608M
Swap:         8.0G         0B       8.0G

             total       used       free     shared    buffers     cached
Mem:          992M       723M       269M       3.3M        42M       296M
-/+ buffers/cache:       383M       608M
Swap:         8.0G         0B       8.0G

             total       used       free     shared    buffers     cached
Mem:          992M       723M       269M       3.3M        42M       296M
-/+ buffers/cache:       383M       608M
Swap:         8.0G         0B       8.0G

             total       used       free     shared    buffers     cached
Mem:          992M       723M       269M       3.3M        42M       296M
-/+ buffers/cache:       383M       608M
Swap:         8.0G         0B       8.0G

             total       used       free     shared    buffers     cached
Mem:          992M       723M       269M       3.3M        42M       296M
-/+ buffers/cache:       383M       608M
Swap:         8.0G         0B       8.0G

             total       used       free     shared    buffers     cached
Mem:          992M       723M       269M       3.3M        42M       296M
-/+ buffers/cache:       383M       608M
Swap:         8.0G         0B       8.0G

             total       used       free     shared    buffers     cached
Mem:          992M       723M       269M       3.3M        42M       296M
-/+ buffers/cache:       383M       608M
Swap:         8.0G         0B       8.0G

             total       used       free     shared    buffers     cached
Mem:          992M       722M       269M       3.3M        42M       296M
-/+ buffers/cache:       383M       608M
Swap:         8.0G         0B       8.0G

             total       used       free     shared    buffers     cached
Mem:          992M       729M       262M       3.3M        42M       296M
-/+ buffers/cache:       389M       602M
Swap:         8.0G         0B       8.0G

             total       used       free     shared    buffers     cached
Mem:          992M       747M       245M       3.3M        42M       296M
-/+ buffers/cache:       407M       584M
Swap:         8.0G         0B       8.0G

             total       used       free     shared    buffers     cached
Mem:          992M       765M       226M       3.3M        42M       296M
-/+ buffers/cache:       425M       566M
Swap:         8.0G         0B       8.0G

             total       used       free     shared    buffers     cached
Mem:          992M       783M       208M       3.3M        42M       296M
-/+ buffers/cache:       443M       548M
Swap:         8.0G         0B       8.0G

             total       used       free     shared    buffers     cached
Mem:          992M       798M       193M       3.3M        42M       296M
-/+ buffers/cache:       459M       533M
Swap:         8.0G         0B       8.0G

             total       used       free     shared    buffers     cached
Mem:          992M       815M       176M       3.3M        42M       296M
-/+ buffers/cache:       475M       516M
Swap:         8.0G         0B       8.0G

             total       used       free     shared    buffers     cached
Mem:          992M       832M       159M       3.3M        42M       296M
-/+ buffers/cache:       493M       499M
Swap:         8.0G         0B       8.0G

             total       used       free     shared    buffers     cached
Mem:          992M       845M       146M       3.3M        42M       296M
-/+ buffers/cache:       506M       485M
Swap:         8.0G         0B       8.0G

             total       used       free     shared    buffers     cached
Mem:          992M       860M       131M       3.3M        42M       296M
-/+ buffers/cache:       520M       471M
Swap:         8.0G         0B       8.0G

             total       used       free     shared    buffers     cached
Mem:          992M       875M       116M       3.3M        42M       296M
-/+ buffers/cache:       536M       455M
Swap:         8.0G         0B       8.0G

             total       used       free     shared    buffers     cached
Mem:          992M       892M        99M       3.3M        42M       296M
-/+ buffers/cache:       553M       438M
Swap:         8.0G         0B       8.0G

             total       used       free     shared    buffers     cached
Mem:          992M       906M        85M       3.3M        42M       296M
-/+ buffers/cache:       567M       424M
Swap:         8.0G         0B       8.0G

             total       used       free     shared    buffers     cached
Mem:          992M       921M        70M       3.3M        42M       296M
-/+ buffers/cache:       581M       410M
Swap:         8.0G         0B       8.0G

             total       used       free     shared    buffers     cached
Mem:          992M       923M        69M       3.3M        30M       295M
-/+ buffers/cache:       596M       395M
Swap:         8.0G         0B       8.0G

             total       used       free     shared    buffers     cached
Mem:          992M       928M        63M       3.3M        22M       295M
-/+ buffers/cache:       609M       382M
Swap:         8.0G         0B       8.0G

             total       used       free     shared    buffers     cached
Mem:          992M       923M        68M       3.3M        14M       286M
-/+ buffers/cache:       622M       369M
Swap:         8.0G         0B       8.0G

             total       used       free     shared    buffers     cached
Mem:          992M       923M        69M       3.2M        13M       269M
-/+ buffers/cache:       639M       352M
Swap:         8.0G       152K       8.0G

             total       used       free     shared    buffers     cached
Mem:          992M       918M        73M       3.2M        13M       249M
-/+ buffers/cache:       655M       336M
Swap:         8.0G       164K       8.0G

             total       used       free     shared    buffers     cached
Mem:          992M       923M        68M       3.1M        13M       237M
-/+ buffers/cache:       672M       320M
Swap:         8.0G       4.3M       8.0G

             total       used       free     shared    buffers     cached
Mem:          992M       913M        78M       2.9M        13M       215M
-/+ buffers/cache:       683M       308M
Swap:         8.0G        13M       8.0G

             total       used       free     shared    buffers     cached
Mem:          992M       928M        63M       2.9M        13M       215M
-/+ buffers/cache:       699M       292M
Swap:         8.0G        13M       8.0G

             total       used       free     shared    buffers     cached
Mem:          992M       920M        71M       2.9M       2.8M       201M
-/+ buffers/cache:       716M       275M
Swap:         8.0G        13M       8.0G

             total       used       free     shared    buffers     cached
Mem:          992M       923M        68M       2.9M       1.5M       189M
-/+ buffers/cache:       732M       259M
Swap:         8.0G        13M       8.0G

             total       used       free     shared    buffers     cached
Mem:          992M       911M        80M       2.9M       944K       164M
-/+ buffers/cache:       745M       246M
Swap:         8.0G        13M       8.0G

             total       used       free     shared    buffers     cached
Mem:          992M       926M        66M       2.9M       952K       164M
-/+ buffers/cache:       760M       231M
Swap:         8.0G        13M       8.0G

             total       used       free     shared    buffers     cached
Mem:          992M       921M        70M       2.9M       964K       145M
-/+ buffers/cache:       775M       216M
Swap:         8.0G        12M       8.0G

             total       used       free     shared    buffers     cached
Mem:          992M       917M        74M       2.9M        80K       129M
-/+ buffers/cache:       788M       203M
Swap:         8.0G        12M       8.0G

             total       used       free     shared    buffers     cached
Mem:          992M       929M        62M       2.9M        80K       129M
-/+ buffers/cache:       800M       191M
Swap:         8.0G        12M       8.0G

             total       used       free     shared    buffers     cached
Mem:          992M       924M        67M       2.9M        84K       114M
-/+ buffers/cache:       810M       181M
Swap:         8.0G        12M       8.0G

             total       used       free     shared    buffers     cached
Mem:          992M       921M        70M       2.9M        84K       100M
-/+ buffers/cache:       820M       171M
Swap:         8.0G        12M       8.0G

             total       used       free     shared    buffers     cached
Mem:          992M       930M        61M       2.9M        92K       100M
-/+ buffers/cache:       829M       162M
Swap:         8.0G        12M       8.0G

             total       used       free     shared    buffers     cached
Mem:          992M       922M        70M       2.9M        92K        78M
-/+ buffers/cache:       843M       148M
Swap:         8.0G        12M       8.0G

             total       used       free     shared    buffers     cached
Mem:          992M       921M        71M       2.9M       504K        60M
-/+ buffers/cache:       859M       132M
Swap:         8.0G        12M       8.0G

             total       used       free     shared    buffers     cached
Mem:          992M       923M        68M       2.9M       776K        48M
-/+ buffers/cache:       873M       118M
Swap:         8.0G        12M       8.0G

             total       used       free     shared    buffers     cached
Mem:          992M       918M        73M       2.9M       784K        32M
-/+ buffers/cache:       885M       106M
Swap:         8.0G        12M       8.0G

             total       used       free     shared    buffers     cached
Mem:          992M       919M        72M       2.9M       3.2M        32M
-/+ buffers/cache:       883M       108M
Swap:         8.0G        24M       8.0G

             total       used       free     shared    buffers     cached
Mem:          992M       924M        67M       2.6M       2.6M        30M
-/+ buffers/cache:       891M       100M
Swap:         8.0G        28M       8.0G

             total       used       free     shared    buffers     cached
Mem:          992M       916M        75M       2.6M       2.9M        24M
-/+ buffers/cache:       889M       102M
Swap:         8.0G        57M       7.9G

             total       used       free     shared    buffers     cached
Mem:          992M       929M        62M       2.6M       2.9M        24M
-/+ buffers/cache:       902M        89M
Swap:         8.0G        57M       7.9G

             total       used       free     shared    buffers     cached
Mem:          992M       927M        64M       2.6M       364K        13M
-/+ buffers/cache:       913M        78M
Swap:         8.0G        57M       7.9G

             total       used       free     shared    buffers     cached
Mem:          992M       929M        62M       2.6M       408K       6.5M
-/+ buffers/cache:       922M        69M
Swap:         8.0G        58M       7.9G

             total       used       free     shared    buffers     cached
Mem:          992M       928M        63M       2.6M       416K       5.9M
-/+ buffers/cache:       922M        70M
Swap:         8.0G        65M       7.9G

             total       used       free     shared    buffers     cached
Mem:          992M       928M        63M       2.6M       416K       5.6M
-/+ buffers/cache:       922M        69M
Swap:         8.0G        80M       7.9G

             total       used       free     shared    buffers     cached
Mem:          992M       925M        66M       2.6M       416K       5.6M
-/+ buffers/cache:       919M        72M
Swap:         8.0G        96M       7.9G

             total       used       free     shared    buffers     cached
Mem:          992M       926M        65M       2.6M       412K       5.2M
-/+ buffers/cache:       920M        71M
Swap:         8.0G       106M       7.9G

             total       used       free     shared    buffers     cached
Mem:          992M       923M        68M       2.6M       392K       4.8M
-/+ buffers/cache:       918M        73M
Swap:         8.0G       124M       7.9G

             total       used       free     shared    buffers     cached
Mem:          992M       923M        68M       2.6M       392K       4.7M
-/+ buffers/cache:       918M        73M
Swap:         8.0G       131M       7.9G

             total       used       free     shared    buffers     cached
Mem:          992M       922M        69M       2.5M       356K       4.7M
-/+ buffers/cache:       917M        74M
Swap:         8.0G       147M       7.9G

             total       used       free     shared    buffers     cached
Mem:          992M       922M        69M       2.6M       356K       4.6M
-/+ buffers/cache:       917M        74M
Swap:         8.0G       164M       7.8G

             total       used       free     shared    buffers     cached
Mem:          992M       923M        68M       2.5M       356K       4.6M
-/+ buffers/cache:       918M        73M
Swap:         8.0G       173M       7.8G

             total       used       free     shared    buffers     cached
Mem:          992M       917M        74M       2.5M       356K       4.6M
-/+ buffers/cache:       912M        79M
Swap:         8.0G       203M       7.8G

             total       used       free     shared    buffers     cached
Mem:          992M       931M        60M       2.5M       356K       4.8M
-/+ buffers/cache:       926M        66M
Swap:         8.0G       203M       7.8G

             total       used       free     shared    buffers     cached
Mem:          992M       930M        61M       2.5M       364K       4.8M
-/+ buffers/cache:       925M        66M
Swap:         8.0G       203M       7.8G

             total       used       free     shared    buffers     cached
Mem:          992M       918M        73M       2.5M       364K       4.7M
-/+ buffers/cache:       913M        78M
Swap:         8.0G       230M       7.8G

             total       used       free     shared    buffers     cached
Mem:          992M       921M        71M       2.5M       364K       4.7M
-/+ buffers/cache:       916M        76M
Swap:         8.0G       245M       7.8G

             total       used       free     shared    buffers     cached
Mem:          992M       929M        63M       2.5M       364K       4.7M
-/+ buffers/cache:       924M        68M
Swap:         8.0G       250M       7.8G

             total       used       free     shared    buffers     cached
Mem:          992M       924M        67M       2.5M       364K       4.7M
-/+ buffers/cache:       919M        72M
Swap:         8.0G       259M       7.7G

             total       used       free     shared    buffers     cached
Mem:          992M       911M        81M       2.5M       372K       4.6M
-/+ buffers/cache:       906M        86M
Swap:         8.0G       280M       7.7G

             total       used       free     shared    buffers     cached
Mem:          992M       922M        69M       2.5M       372K       4.6M
-/+ buffers/cache:       917M        74M
Swap:         8.0G       280M       7.7G

             total       used       free     shared    buffers     cached
Mem:          992M       917M        75M       2.5M       348K       4.6M
-/+ buffers/cache:       912M        80M
Swap:         8.0G       307M       7.7G

             total       used       free     shared    buffers     cached
Mem:          992M       924M        67M       2.5M       348K       4.6M
-/+ buffers/cache:       919M        72M
Swap:         8.0G       307M       7.7G

             total       used       free     shared    buffers     cached
Mem:          992M       931M        61M       2.5M       348K       4.6M
-/+ buffers/cache:       926M        65M
Swap:         8.0G       307M       7.7G

             total       used       free     shared    buffers     cached
Mem:          992M       926M        65M       2.5M       356K       4.6M
-/+ buffers/cache:       921M        70M
Swap:         8.0G       310M       7.7G

             total       used       free     shared    buffers     cached
Mem:          992M       918M        73M       2.5M       356K       4.5M
-/+ buffers/cache:       913M        78M
Swap:         8.0G       337M       7.7G

             total       used       free     shared    buffers     cached
Mem:          992M       923M        69M       2.5M       356K       4.6M
-/+ buffers/cache:       918M        73M
Swap:         8.0G       337M       7.7G

             total       used       free     shared    buffers     cached
Mem:          992M       929M        62M       2.5M       356K       4.5M
-/+ buffers/cache:       924M        67M
Swap:         8.0G       337M       7.7G

             total       used       free     shared    buffers     cached
Mem:          992M       922M        69M       2.5M       356K       4.5M
-/+ buffers/cache:       917M        74M
Swap:         8.0G       337M       7.7G

             total       used       free     shared    buffers     cached
Mem:          992M       927M        64M       2.5M       356K       4.5M
-/+ buffers/cache:       922M        69M
Swap:         8.0G       337M       7.7G

             total       used       free     shared    buffers     cached
Mem:          992M       917M        75M       1.2M       364K       3.3M
-/+ buffers/cache:       913M        78M
Swap:         8.0G       355M       7.7G

             total       used       free     shared    buffers     cached
Mem:          992M       920M        71M       1.2M       364K       3.3M
-/+ buffers/cache:       917M        75M
Swap:         8.0G       355M       7.7G

             total       used       free     shared    buffers     cached
Mem:          992M       925M        66M       1.2M       364K       3.3M
-/+ buffers/cache:       922M        69M
Swap:         8.0G       355M       7.7G

             total       used       free     shared    buffers     cached
Mem:          992M       930M        62M       1.2M       364K       3.2M
-/+ buffers/cache:       926M        65M
Swap:         8.0G       355M       7.7G

             total       used       free     shared    buffers     cached
Mem:          992M       916M        76M       280K       352K       2.2M
-/+ buffers/cache:       913M        78M
Swap:         8.0G       372M       7.6G

             total       used       free     shared    buffers     cached
Mem:          992M       919M        73M       296K       360K       2.3M
-/+ buffers/cache:       916M        75M
Swap:         8.0G       372M       7.6G

             total       used       free     shared    buffers     cached
Mem:          992M       922M        69M       296K       360K       2.2M
-/+ buffers/cache:       919M        72M
Swap:         8.0G       372M       7.6G

             total       used       free     shared    buffers     cached
Mem:          992M       926M        65M       296K       360K       2.3M
-/+ buffers/cache:       923M        68M
Swap:         8.0G       372M       7.6G

             total       used       free     shared    buffers     cached
Mem:          992M       920M        71M       296K       304K       2.2M
-/+ buffers/cache:       918M        74M
Swap:         8.0G       379M       7.6G

             total       used       free     shared    buffers     cached
Mem:          992M       922M        69M       296K       148K       2.3M
-/+ buffers/cache:       919M        72M
Swap:         8.0G       372M       7.6G

             total       used       free     shared    buffers     cached
Mem:          992M       919M        72M       296K        84K       2.2M
-/+ buffers/cache:       917M        74M
Swap:         8.0G       374M       7.6G

             total       used       free     shared    buffers     cached
Mem:          992M       922M        69M       296K        84K       2.2M
-/+ buffers/cache:       920M        72M
Swap:         8.0G       370M       7.6G

             total       used       free     shared    buffers     cached
Mem:          992M       919M        72M       232K        84K       2.1M
-/+ buffers/cache:       917M        74M
Swap:         8.0G       372M       7.6G

             total       used       free     shared    buffers     cached
Mem:          992M       919M        73M       196K        80K       2.0M
-/+ buffers/cache:       917M        75M
Swap:         8.0G       374M       7.6G

             total       used       free     shared    buffers     cached
Mem:          992M       922M        70M       196K        80K       2.0M
-/+ buffers/cache:       920M        72M
Swap:         8.0G       374M       7.6G

             total       used       free     shared    buffers     cached
Mem:          992M       916M        75M       196K        76K       1.9M
-/+ buffers/cache:       914M        77M
Swap:         8.0G       374M       7.6G

             total       used       free     shared    buffers     cached
Mem:          992M       917M        74M       196K        84K       1.9M
-/+ buffers/cache:       915M        76M
Swap:         8.0G       371M       7.6G

             total       used       free     shared    buffers     cached
Mem:          992M       919M        72M       196K        84K       1.7M
-/+ buffers/cache:       918M        74M
Swap:         8.0G       373M       7.6G

             total       used       free     shared    buffers     cached
Mem:          992M       921M        70M       132K        84K       1.5M
-/+ buffers/cache:       920M        72M
Swap:         8.0G       379M       7.6G

             total       used       free     shared    buffers     cached
Mem:          992M       925M        66M         0B        84K       1.4M
-/+ buffers/cache:       924M        67M
Swap:         8.0G       376M       7.6G

             total       used       free     shared    buffers     cached
Mem:          992M       918M        73M         0B        84K       1.3M
-/+ buffers/cache:       917M        74M
Swap:         8.0G       392M       7.6G

             total       used       free     shared    buffers     cached
Mem:          992M       920M        71M         0B        92K       1.3M
-/+ buffers/cache:       918M        73M
Swap:         8.0G       396M       7.6G

             total       used       free     shared    buffers     cached
Mem:          992M       920M        71M         0B        92K       1.3M
-/+ buffers/cache:       918M        73M
Swap:         8.0G       396M       7.6G

             total       used       free     shared    buffers     cached
Mem:          992M       928M        64M         0B        92K       1.7M
-/+ buffers/cache:       926M        65M
Swap:         8.0G       386M       7.6G

             total       used       free     shared    buffers     cached
Mem:          992M       890M       102M         0B        92K       1.7M
-/+ buffers/cache:       888M       103M
Swap:         8.0G       427M       7.6G

             total       used       free     shared    buffers     cached
Mem:          992M       895M        96M         0B       120K       1.7M
-/+ buffers/cache:       893M        98M
Swap:         8.0G       426M       7.6G

             total       used       free     shared    buffers     cached
Mem:          992M       902M        89M         0B       264K       2.4M
-/+ buffers/cache:       900M        92M
Swap:         8.0G       425M       7.6G

             total       used       free     shared    buffers     cached
Mem:          992M       917M        74M         0B        80K        18M
-/+ buffers/cache:       898M        93M
Swap:         8.0G       431M       7.6G

             total       used       free     shared    buffers     cached
Mem:          992M       923M        68M         0B       112K        19M
-/+ buffers/cache:       904M        87M
Swap:         8.0G       431M       7.6G

             total       used       free     shared    buffers     cached
Mem:          992M       929M        62M         0B       504K        19M
-/+ buffers/cache:       910M        81M
Swap:         8.0G       431M       7.6G

             total       used       free     shared    buffers     cached
Mem:          992M       919M        72M         0B       508K        12M
-/+ buffers/cache:       906M        85M
Swap:         8.0G       446M       7.6G

             total       used       free     shared    buffers     cached
Mem:          992M       925M        67M         0B       508K        12M
-/+ buffers/cache:       911M        80M
Swap:         8.0G       446M       7.6G

             total       used       free     shared    buffers     cached
Mem:          992M       929M        62M         0B       516K        12M
-/+ buffers/cache:       916M        75M
Swap:         8.0G       446M       7.6G

             total       used       free     shared    buffers     cached
Mem:          992M       917M        74M         0B       516K       7.9M
-/+ buffers/cache:       909M        82M
Swap:         8.0G       453M       7.6G

             total       used       free     shared    buffers     cached
Mem:          992M       920M        71M         0B       516K       8.1M
-/+ buffers/cache:       911M        80M
Swap:         8.0G       452M       7.6G

             total       used       free     shared    buffers     cached
Mem:          992M       922M        69M         0B       516K       8.1M
-/+ buffers/cache:       913M        78M
Swap:         8.0G       451M       7.6G

             total       used       free     shared    buffers     cached
Mem:          992M       924M        67M         0B       516K       8.1M
-/+ buffers/cache:       916M        75M
Swap:         8.0G       450M       7.6G

             total       used       free     shared    buffers     cached
Mem:          992M       927M        64M         0B       524K       8.2M
-/+ buffers/cache:       918M        73M
Swap:         8.0G       449M       7.6G

             total       used       free     shared    buffers     cached
Mem:          992M       929M        62M         0B       524K       8.3M
-/+ buffers/cache:       920M        71M
Swap:         8.0G       448M       7.6G

             total       used       free     shared    buffers     cached
Mem:          992M       920M        72M         0B        80K       4.6M
-/+ buffers/cache:       915M        76M
Swap:         8.0G       448M       7.6G

             total       used       free     shared    buffers     cached
Mem:          992M       922M        69M         0B       212K       4.5M
-/+ buffers/cache:       917M        74M
Swap:         8.0G       447M       7.6G

             total       used       free     shared    buffers     cached
Mem:          992M       924M        67M         0B       212K       4.6M
-/+ buffers/cache:       920M        72M
Swap:         8.0G       446M       7.6G

             total       used       free     shared    buffers     cached
Mem:          992M       926M        65M         0B       220K       4.6M
-/+ buffers/cache:       922M        69M
Swap:         8.0G       445M       7.6G

             total       used       free     shared    buffers     cached
Mem:          992M       929M        62M         0B       220K       4.6M
-/+ buffers/cache:       924M        67M
Swap:         8.0G       444M       7.6G

             total       used       free     shared    buffers     cached
Mem:          992M       920M        72M         0B       220K       4.6M
-/+ buffers/cache:       915M        76M
Swap:         8.0G       460M       7.5G

             total       used       free     shared    buffers     cached
Mem:          992M       922M        69M         0B       220K       4.6M
-/+ buffers/cache:       917M        74M
Swap:         8.0G       459M       7.5G

             total       used       free     shared    buffers     cached
Mem:          992M       925M        67M         0B       220K       4.6M
-/+ buffers/cache:       920M        71M
Swap:         8.0G       458M       7.5G

             total       used       free     shared    buffers     cached
Mem:          992M       927M        65M         0B       220K       4.6M
-/+ buffers/cache:       922M        69M
Swap:         8.0G       457M       7.6G

             total       used       free     shared    buffers     cached
Mem:          992M       929M        62M         0B       228K       4.5M
-/+ buffers/cache:       924M        67M
Swap:         8.0G       455M       7.6G

             total       used       free     shared    buffers     cached
Mem:          992M       918M        73M         0B       228K       4.2M
-/+ buffers/cache:       914M        77M
Swap:         8.0G       462M       7.5G

             total       used       free     shared    buffers     cached
Mem:          992M       920M        72M         0B       228K       4.2M
-/+ buffers/cache:       915M        76M
Swap:         8.0G       462M       7.5G

             total       used       free     shared    buffers     cached
Mem:          992M       922M        69M         0B       228K       4.2M
-/+ buffers/cache:       918M        74M
Swap:         8.0G       460M       7.5G

             total       used       free     shared    buffers     cached
Mem:          992M       924M        67M         0B       228K       4.2M
-/+ buffers/cache:       920M        71M
Swap:         8.0G       459M       7.5G

             total       used       free     shared    buffers     cached
Mem:          992M       927M        65M         0B       236K       4.2M
-/+ buffers/cache:       922M        69M
Swap:         8.0G       458M       7.5G

             total       used       free     shared    buffers     cached
Mem:          992M       929M        62M         0B       236K       4.2M
-/+ buffers/cache:       924M        67M
Swap:         8.0G       457M       7.5G

             total       used       free     shared    buffers     cached
Mem:          992M       919M        73M         0B       236K       3.9M
-/+ buffers/cache:       914M        77M
Swap:         8.0G       467M       7.5G

             total       used       free     shared    buffers     cached
Mem:          992M       920M        71M         0B       236K       3.9M
-/+ buffers/cache:       916M        75M
Swap:         8.0G       466M       7.5G

             total       used       free     shared    buffers     cached
Mem:          992M       922M        69M         0B       236K       3.9M
-/+ buffers/cache:       918M        73M
Swap:         8.0G       465M       7.5G

             total       used       free     shared    buffers     cached
Mem:          992M       925M        67M         0B       244K       3.9M
-/+ buffers/cache:       921M        71M
Swap:         8.0G       464M       7.5G

             total       used       free     shared    buffers     cached
Mem:          992M       927M        64M         0B       244K       3.9M
-/+ buffers/cache:       923M        68M
Swap:         8.0G       463M       7.5G

             total       used       free     shared    buffers     cached
Mem:          992M       929M        62M         0B       244K       3.9M
-/+ buffers/cache:       925M        66M
Swap:         8.0G       461M       7.5G

             total       used       free     shared    buffers     cached
Mem:          992M       918M        73M         0B       244K       3.6M
-/+ buffers/cache:       914M        77M
Swap:         8.0G       474M       7.5G

             total       used       free     shared    buffers     cached
Mem:          992M       920M        71M         0B       244K       3.6M
-/+ buffers/cache:       916M        75M
Swap:         8.0G       473M       7.5G

             total       used       free     shared    buffers     cached
Mem:          992M       923M        69M         0B       244K       3.7M
-/+ buffers/cache:       919M        72M
Swap:         8.0G       472M       7.5G

             total       used       free     shared    buffers     cached
Mem:          992M       925M        66M         0B       252K       3.7M
-/+ buffers/cache:       921M        70M
Swap:         8.0G       471M       7.5G

             total       used       free     shared    buffers     cached
Mem:          992M       927M        64M         0B       252K       3.7M
-/+ buffers/cache:       923M        68M
Swap:         8.0G       470M       7.5G

             total       used       free     shared    buffers     cached
Mem:          992M       930M        61M         0B       252K       3.7M
-/+ buffers/cache:       926M        65M
Swap:         8.0G       469M       7.5G

             total       used       free     shared    buffers     cached
Mem:          992M       921M        71M         0B       252K       3.4M
-/+ buffers/cache:       917M        74M
Swap:         8.0G       479M       7.5G

             total       used       free     shared    buffers     cached
Mem:          992M       923M        68M         0B       252K       3.3M
-/+ buffers/cache:       919M        72M
Swap:         8.0G       478M       7.5G

             total       used       free     shared    buffers     cached
Mem:          992M       925M        66M         0B       260K       3.3M
-/+ buffers/cache:       922M        70M
Swap:         8.0G       477M       7.5G

             total       used       free     shared    buffers     cached
Mem:          992M       928M        63M         0B       260K       3.4M
-/+ buffers/cache:       924M        67M
Swap:         8.0G       476M       7.5G

             total       used       free     shared    buffers     cached
Mem:          992M       930M        61M         0B       260K       3.4M
-/+ buffers/cache:       927M        65M
Swap:         8.0G       475M       7.5G

             total       used       free     shared    buffers     cached
Mem:          992M       915M        76M         0B       260K       2.8M
-/+ buffers/cache:       912M        79M
Swap:         8.0G       490M       7.5G

             total       used       free     shared    buffers     cached
Mem:          992M       917M        74M         0B       260K       2.8M
-/+ buffers/cache:       914M        77M
Swap:         8.0G       489M       7.5G

             total       used       free     shared    buffers     cached
Mem:          992M       919M        72M         0B       268K       2.8M
-/+ buffers/cache:       916M        75M
Swap:         8.0G       489M       7.5G

             total       used       free     shared    buffers     cached
Mem:          992M       922M        70M         0B       268K       2.8M
-/+ buffers/cache:       918M        73M
Swap:         8.0G       487M       7.5G

             total       used       free     shared    buffers     cached
Mem:          992M       924M        67M         0B       268K       2.8M
-/+ buffers/cache:       921M        71M
Swap:         8.0G       486M       7.5G

             total       used       free     shared    buffers     cached
Mem:          992M       926M        65M         0B       268K       2.8M
-/+ buffers/cache:       923M        68M
Swap:         8.0G       485M       7.5G

             total       used       free     shared    buffers     cached
Mem:          992M       928M        63M         0B       268K       2.8M
-/+ buffers/cache:       925M        66M
Swap:         8.0G       484M       7.5G

             total       used       free     shared    buffers     cached
Mem:          992M       920M        72M         0B       640K       2.3M
-/+ buffers/cache:       917M        74M
Swap:         8.0G       497M       7.5G

             total       used       free     shared    buffers     cached
Mem:          992M       904M        87M         0B        88K        26M
-/+ buffers/cache:       878M       113M
Swap:         8.0G       529M       7.5G

             total       used       free     shared    buffers     cached
Mem:          992M       907M        84M        20K       240K        27M
-/+ buffers/cache:       880M       112M
Swap:         8.0G       528M       7.5G

             total       used       free     shared    buffers     cached
Mem:          992M       909M        82M        20K       244K        27M
-/+ buffers/cache:       882M       109M
Swap:         8.0G       527M       7.5G

             total       used       free     shared    buffers     cached
Mem:          992M       910M        81M        20K       244K        27M
-/+ buffers/cache:       882M       109M
Swap:         8.0G       527M       7.5G

             total       used       free     shared    buffers     cached
Mem:          992M       913M        78M        20K       244K        28M
-/+ buffers/cache:       884M       108M
Swap:         8.0G       526M       7.5G

             total       used       free     shared    buffers     cached
Mem:          992M       914M        77M        20K       252K        28M
-/+ buffers/cache:       885M       106M
Swap:         8.0G       526M       7.5G

             total       used       free     shared    buffers     cached
Mem:          992M       916M        75M        20K       252K        29M
-/+ buffers/cache:       886M       105M
Swap:         8.0G       525M       7.5G

             total       used       free     shared    buffers     cached
Mem:          992M       924M        67M        20K       252K        35M
-/+ buffers/cache:       889M       103M
Swap:         8.0G       524M       7.5G

             total       used       free     shared    buffers     cached
Mem:          992M       927M        64M        20K       656K        36M
-/+ buffers/cache:       891M       101M
Swap:         8.0G       523M       7.5G

             total       used       free     shared    buffers     cached
Mem:          992M       919M        73M        20K       2.2M        35M
-/+ buffers/cache:       881M       110M
Swap:         8.0G       539M       7.5G

             total       used       free     shared    buffers     cached
Mem:          992M       920M        71M        24K       2.2M        35M
-/+ buffers/cache:       882M       109M
Swap:         8.0G       539M       7.5G

             total       used       free     shared    buffers     cached
Mem:          992M       921M        71M        24K       2.2M        35M
-/+ buffers/cache:       883M       108M
Swap:         8.0G       538M       7.5G

             total       used       free     shared    buffers     cached
Mem:          992M       922M        69M        24K       2.2M        35M
-/+ buffers/cache:       884M       107M
Swap:         8.0G       538M       7.5G

             total       used       free     shared    buffers     cached
Mem:          992M       923M        68M        24K       2.2M        35M
-/+ buffers/cache:       886M       105M
Swap:         8.0G       537M       7.5G

             total       used       free     shared    buffers     cached
Mem:          992M       925M        67M        24K       2.2M        35M
-/+ buffers/cache:       887M       104M
Swap:         8.0G       537M       7.5G

             total       used       free     shared    buffers     cached
Mem:          992M       926M        65M        24K       2.2M        35M
-/+ buffers/cache:       889M       103M
Swap:         8.0G       536M       7.5G

             total       used       free     shared    buffers     cached
Mem:          992M       927M        64M        24K       2.2M        35M
-/+ buffers/cache:       890M       101M
Swap:         8.0G       535M       7.5G

             total       used       free     shared    buffers     cached
Mem:          992M       929M        63M        24K       2.2M        35M
-/+ buffers/cache:       891M       100M
Swap:         8.0G       535M       7.5G

             total       used       free     shared    buffers     cached
Mem:          992M       930M        61M        24K       2.2M        35M
-/+ buffers/cache:       892M        99M
Swap:         8.0G       534M       7.5G

             total       used       free     shared    buffers     cached
Mem:          992M       917M        74M        24K       2.2M        33M
-/+ buffers/cache:       881M       110M
Swap:         8.0G       542M       7.5G

             total       used       free     shared    buffers     cached
Mem:          992M       918M        73M        24K       2.2M        33M
-/+ buffers/cache:       882M       109M
Swap:         8.0G       542M       7.5G

             total       used       free     shared    buffers     cached
Mem:          992M       920M        72M        24K       2.2M        33M
-/+ buffers/cache:       884M       107M
Swap:         8.0G       541M       7.5G

             total       used       free     shared    buffers     cached
Mem:          992M       921M        70M        24K       2.2M        33M
-/+ buffers/cache:       885M       106M
Swap:         8.0G       541M       7.5G

             total       used       free     shared    buffers     cached
Mem:          992M       922M        69M        24K       2.2M        33M
-/+ buffers/cache:       887M       105M
Swap:         8.0G       540M       7.5G

             total       used       free     shared    buffers     cached
Mem:          992M       924M        67M        24K       2.2M        33M
-/+ buffers/cache:       888M       103M
Swap:         8.0G       539M       7.5G

             total       used       free     shared    buffers     cached
Mem:          992M       925M        66M        24K       2.2M        33M
-/+ buffers/cache:       889M       102M
Swap:         8.0G       538M       7.5G

             total       used       free     shared    buffers     cached
Mem:          992M       927M        64M        24K       2.2M        33M
-/+ buffers/cache:       891M       100M
Swap:         8.0G       538M       7.5G

             total       used       free     shared    buffers     cached
Mem:          992M       928M        63M        24K       2.2M        33M
-/+ buffers/cache:       892M        99M
Swap:         8.0G       537M       7.5G

             total       used       free     shared    buffers     cached
Mem:          992M       930M        61M        24K       2.2M        33M
-/+ buffers/cache:       894M        97M
Swap:         8.0G       536M       7.5G

             total       used       free     shared    buffers     cached
Mem:          992M       909M        82M        24K       2.2M        31M
-/+ buffers/cache:       875M       116M
Swap:         8.0G       549M       7.5G

             total       used       free     shared    buffers     cached
Mem:          992M       910M        81M        24K       2.2M        31M
-/+ buffers/cache:       877M       115M
Swap:         8.0G       549M       7.5G

             total       used       free     shared    buffers     cached
Mem:          992M       912M        79M        24K       2.2M        31M
-/+ buffers/cache:       878M       113M
Swap:         8.0G       548M       7.5G

             total       used       free     shared    buffers     cached
Mem:          992M       913M        78M        24K       2.2M        31M
-/+ buffers/cache:       879M       112M
Swap:         8.0G       547M       7.5G

             total       used       free     shared    buffers     cached
Mem:          992M       915M        76M        24K       2.2M        31M
-/+ buffers/cache:       881M       110M
Swap:         8.0G       547M       7.5G

             total       used       free     shared    buffers     cached
Mem:          992M       916M        75M        24K       2.2M        31M
-/+ buffers/cache:       882M       109M
Swap:         8.0G       546M       7.5G

             total       used       free     shared    buffers     cached
Mem:          992M       917M        74M        24K       2.2M        31M
-/+ buffers/cache:       883M       108M
Swap:         8.0G       545M       7.5G

             total       used       free     shared    buffers     cached
Mem:          992M       919M        73M        24K       2.2M        31M
-/+ buffers/cache:       885M       106M
Swap:         8.0G       545M       7.5G

             total       used       free     shared    buffers     cached
Mem:          992M       920M        71M        24K       2.2M        31M
-/+ buffers/cache:       886M       105M
Swap:         8.0G       544M       7.5G

             total       used       free     shared    buffers     cached
Mem:          992M       922M        70M        24K       2.2M        31M
-/+ buffers/cache:       888M       104M
Swap:         8.0G       543M       7.5G

             total       used       free     shared    buffers     cached
Mem:          992M       923M        68M        24K       2.2M        31M
-/+ buffers/cache:       889M       102M
Swap:         8.0G       543M       7.5G

             total       used       free     shared    buffers     cached
Mem:          992M       924M        67M        24K       2.2M        31M
-/+ buffers/cache:       890M       101M
Swap:         8.0G       542M       7.5G

             total       used       free     shared    buffers     cached
Mem:          992M       925M        66M        24K       2.2M        31M
-/+ buffers/cache:       892M       100M
Swap:         8.0G       542M       7.5G

             total       used       free     shared    buffers     cached
Mem:          992M       927M        64M        24K       2.2M        31M
-/+ buffers/cache:       893M        98M
Swap:         8.0G       541M       7.5G

             total       used       free     shared    buffers     cached
Mem:          992M       928M        63M        24K       2.2M        31M
-/+ buffers/cache:       894M        97M
Swap:         8.0G       540M       7.5G

             total       used       free     shared    buffers     cached
Mem:          992M       930M        62M        24K       2.2M        31M
-/+ buffers/cache:       896M        95M
Swap:         8.0G       540M       7.5G

             total       used       free     shared    buffers     cached
Mem:          992M       919M        72M        24K       2.2M        31M
-/+ buffers/cache:       886M       106M
Swap:         8.0G       550M       7.5G

             total       used       free     shared    buffers     cached
Mem:          992M       920M        71M        24K       2.2M        31M
-/+ buffers/cache:       887M       104M
Swap:         8.0G       549M       7.5G

             total       used       free     shared    buffers     cached
Mem:          992M       921M        70M        24K       2.2M        30M
-/+ buffers/cache:       888M       103M
Swap:         8.0G       548M       7.5G

             total       used       free     shared    buffers     cached
Mem:          992M       923M        69M        24K       2.2M        30M
-/+ buffers/cache:       889M       102M
Swap:         8.0G       548M       7.5G

             total       used       free     shared    buffers     cached
Mem:          992M       924M        67M        24K       2.3M        31M
-/+ buffers/cache:       891M       100M
Swap:         8.0G       547M       7.5G

             total       used       free     shared    buffers     cached
Mem:          992M       925M        66M        24K       2.3M        31M
-/+ buffers/cache:       892M        99M
Swap:         8.0G       546M       7.5G

             total       used       free     shared    buffers     cached
Mem:          992M       927M        64M        24K       2.3M        30M
-/+ buffers/cache:       894M        97M
Swap:         8.0G       546M       7.5G

             total       used       free     shared    buffers     cached
Mem:          992M       928M        63M        24K       2.3M        30M
-/+ buffers/cache:       895M        96M
Swap:         8.0G       545M       7.5G

             total       used       free     shared    buffers     cached
Mem:          992M       930M        62M        24K       2.3M        30M
-/+ buffers/cache:       896M        95M
Swap:         8.0G       544M       7.5G

             total       used       free     shared    buffers     cached
Mem:          992M       927M        65M        24K       2.3M        30M
-/+ buffers/cache:       894M        97M
Swap:         8.0G       548M       7.5G

             total       used       free     shared    buffers     cached
Mem:          992M       915M        76M        24K       2.3M        26M
-/+ buffers/cache:       886M       105M
Swap:         8.0G       558M       7.5G

             total       used       free     shared    buffers     cached
Mem:          992M       917M        74M        24K       2.3M        26M
-/+ buffers/cache:       888M       103M
Swap:         8.0G       557M       7.5G

             total       used       free     shared    buffers     cached
Mem:          992M       918M        73M        24K       2.3M        26M
-/+ buffers/cache:       889M       102M
Swap:         8.0G       556M       7.5G

             total       used       free     shared    buffers     cached
Mem:          992M       920M        72M        24K       2.3M        26M
-/+ buffers/cache:       891M       101M
Swap:         8.0G       556M       7.5G

             total       used       free     shared    buffers     cached
Mem:          992M       921M        70M        24K       2.3M        26M
-/+ buffers/cache:       892M        99M
Swap:         8.0G       555M       7.5G

             total       used       free     shared    buffers     cached
Mem:          992M       923M        69M        24K       2.3M        26M
-/+ buffers/cache:       894M        98M
Swap:         8.0G       554M       7.5G

             total       used       free     shared    buffers     cached
Mem:          992M       924M        67M        24K       2.3M        27M
-/+ buffers/cache:       895M        96M
Swap:         8.0G       554M       7.5G

             total       used       free     shared    buffers     cached
Mem:          992M       926M        65M        24K       2.3M        27M
-/+ buffers/cache:       897M        95M
Swap:         8.0G       553M       7.5G

             total       used       free     shared    buffers     cached
Mem:          992M       932M        59M        24K       2.2M        41M
-/+ buffers/cache:       888M       103M
Swap:         8.0G       563M       7.4G

             total       used       free     shared    buffers     cached
Mem:          992M       916M        76M        28K       2.8M        49M
-/+ buffers/cache:       863M       128M
Swap:         8.0G       583M       7.4G

             total       used       free     shared    buffers     cached
Mem:          992M       917M        74M        28K       2.8M        49M
-/+ buffers/cache:       864M       127M
Swap:         8.0G       582M       7.4G

             total       used       free     shared    buffers     cached
Mem:          992M       919M        72M        28K       2.8M        50M
-/+ buffers/cache:       866M       125M
Swap:         8.0G       582M       7.4G

             total       used       free     shared    buffers     cached
Mem:          992M       918M        73M        28K       1.9M        60M
-/+ buffers/cache:       856M       135M
Swap:         8.0G       583M       7.4G

             total       used       free     shared    buffers     cached
Mem:          992M       920M        71M        28K       1.9M        60M
-/+ buffers/cache:       857M       134M
Swap:         8.0G       582M       7.4G

             total       used       free     shared    buffers     cached
Mem:          992M       927M        64M        28K       2.1M        63M
-/+ buffers/cache:       862M       129M
Swap:         8.0G       580M       7.4G

             total       used       free     shared    buffers     cached
Mem:          992M       928M        63M        28K       2.1M        63M
-/+ buffers/cache:       862M       129M
Swap:         8.0G       580M       7.4G

             total       used       free     shared    buffers     cached
Mem:          992M       929M        62M        28K       2.1M        63M
-/+ buffers/cache:       863M       128M
Swap:         8.0G       579M       7.4G

             total       used       free     shared    buffers     cached
Mem:          992M       929M        62M        28K       2.1M        63M
-/+ buffers/cache:       864M       127M
Swap:         8.0G       579M       7.4G

             total       used       free     shared    buffers     cached
Mem:          992M       930M        61M        28K       2.1M        63M
-/+ buffers/cache:       865M       127M
Swap:         8.0G       579M       7.4G

             total       used       free     shared    buffers     cached
Mem:          992M       915M        76M        28K       2.2M        47M
-/+ buffers/cache:       866M       125M
Swap:         8.0G       578M       7.4G

             total       used       free     shared    buffers     cached
Mem:          992M       915M        76M        28K       2.2M        47M
-/+ buffers/cache:       866M       125M
Swap:         8.0G       578M       7.4G

             total       used       free     shared    buffers     cached
Mem:          992M       916M        75M        28K       2.2M        47M
-/+ buffers/cache:       867M       124M
Swap:         8.0G       578M       7.4G

             total       used       free     shared    buffers     cached
Mem:          992M       917M        74M        28K       2.2M        47M
-/+ buffers/cache:       868M       124M
Swap:         8.0G       577M       7.4G

             total       used       free     shared    buffers     cached
Mem:          992M       917M        74M        28K       2.2M        47M
-/+ buffers/cache:       868M       123M
Swap:         8.0G       577M       7.4G

             total       used       free     shared    buffers     cached
Mem:          992M       913M        78M       236K       1.8M        35M
-/+ buffers/cache:       876M       115M
Swap:         8.0G       582M       7.4G

             total       used       free     shared    buffers     cached
Mem:          992M       927M        64M       3.9M       5.2M        53M
-/+ buffers/cache:       869M       122M
Swap:         8.0G       610M       7.4G

             total       used       free     shared    buffers     cached
Mem:          992M       919M        72M       3.9M       3.7M        59M
-/+ buffers/cache:       857M       135M
Swap:         8.0G       615M       7.4G

             total       used       free     shared    buffers     cached
Mem:          992M       917M        75M       256K       4.1M        60M
-/+ buffers/cache:       852M       139M
Swap:         8.0G       628M       7.4G

             total       used       free     shared    buffers     cached
Mem:          992M       918M        73M       284K       4.1M        60M
-/+ buffers/cache:       853M       138M
Swap:         8.0G       628M       7.4G

             total       used       free     shared    buffers     cached
Mem:          992M       919M        72M       284K       4.1M        60M
-/+ buffers/cache:       855M       136M
Swap:         8.0G       627M       7.4G

             total       used       free     shared    buffers     cached
Mem:          992M       920M        72M       284K       4.1M        60M
-/+ buffers/cache:       855M       136M
Swap:         8.0G       627M       7.4G

             total       used       free     shared    buffers     cached
Mem:          992M       921M        70M       284K       4.1M        60M
-/+ buffers/cache:       856M       135M
Swap:         8.0G       626M       7.4G

             total       used       free     shared    buffers     cached
Mem:          992M       922M        69M       284K       4.1M        60M
-/+ buffers/cache:       858M       133M
Swap:         8.0G       625M       7.4G

             total       used       free     shared    buffers     cached
Mem:          992M       925M        66M       284K       4.2M        61M
-/+ buffers/cache:       859M       132M
Swap:         8.0G       625M       7.4G

             total       used       free     shared    buffers     cached
Mem:          992M       926M        65M       284K       4.2M        61M
-/+ buffers/cache:       861M       130M
Swap:         8.0G       624M       7.4G

             total       used       free     shared    buffers     cached
Mem:          992M       927M        64M       284K       4.2M        61M
-/+ buffers/cache:       862M       129M
Swap:         8.0G       623M       7.4G

             total       used       free     shared    buffers     cached
Mem:          992M       929M        62M       284K       4.2M        61M
-/+ buffers/cache:       863M       128M
Swap:         8.0G       623M       7.4G

             total       used       free     shared    buffers     cached
Mem:          992M       930M        61M       284K       4.2M        61M
-/+ buffers/cache:       865M       126M
Swap:         8.0G       622M       7.4G

             total       used       free     shared    buffers     cached
Mem:          992M       916M        75M       284K       3.7M        60M
-/+ buffers/cache:       852M       140M
Swap:         8.0G       631M       7.4G

             total       used       free     shared    buffers     cached
Mem:          992M       917M        74M       284K       3.7M        60M
-/+ buffers/cache:       853M       139M
Swap:         8.0G       630M       7.4G

             total       used       free     shared    buffers     cached
Mem:          992M       918M        73M       284K       3.7M        60M
-/+ buffers/cache:       854M       137M
Swap:         8.0G       629M       7.4G

             total       used       free     shared    buffers     cached
Mem:          992M       920M        71M       284K       3.7M        60M
-/+ buffers/cache:       856M       136M
Swap:         8.0G       629M       7.4G

             total       used       free     shared    buffers     cached
Mem:          992M       921M        70M       284K       3.7M        60M
-/+ buffers/cache:       857M       134M
Swap:         8.0G       628M       7.4G

             total       used       free     shared    buffers     cached
Mem:          992M       923M        69M       284K       3.7M        60M
-/+ buffers/cache:       858M       133M
Swap:         8.0G       627M       7.4G

             total       used       free     shared    buffers     cached
Mem:          992M       924M        67M       284K       3.7M        60M
-/+ buffers/cache:       860M       131M
Swap:         8.0G       627M       7.4G

             total       used       free     shared    buffers     cached
Mem:          992M       926M        66M       284K       3.7M        60M
-/+ buffers/cache:       861M       130M
Swap:         8.0G       626M       7.4G

             total       used       free     shared    buffers     cached
Mem:          992M       927M        64M       284K       3.7M        60M
-/+ buffers/cache:       863M       128M
Swap:         8.0G       625M       7.4G

             total       used       free     shared    buffers     cached
Mem:          992M       929M        63M       284K       3.7M        60M
-/+ buffers/cache:       864M       127M
Swap:         8.0G       625M       7.4G

             total       used       free     shared    buffers     cached
Mem:          992M       930M        61M       284K       3.7M        60M
-/+ buffers/cache:       865M       126M
Swap:         8.0G       624M       7.4G

             total       used       free     shared    buffers     cached
Mem:          992M       919M        73M       284K       3.7M        60M
-/+ buffers/cache:       855M       137M
Swap:         8.0G       636M       7.4G

             total       used       free     shared    buffers     cached
Mem:          992M       920M        71M       284K       3.7M        60M
-/+ buffers/cache:       856M       135M
Swap:         8.0G       636M       7.4G

             total       used       free     shared    buffers     cached
Mem:          992M       921M        70M       284K       3.7M        60M
-/+ buffers/cache:       857M       134M
Swap:         8.0G       635M       7.4G

             total       used       free     shared    buffers     cached
Mem:          992M       923M        68M       284K       3.7M        60M
-/+ buffers/cache:       859M       132M
Swap:         8.0G       634M       7.4G

             total       used       free     shared    buffers     cached
Mem:          992M       924M        67M       284K       3.7M        60M
-/+ buffers/cache:       860M       131M
Swap:         8.0G       634M       7.4G

             total       used       free     shared    buffers     cached
Mem:          992M       926M        66M       284K       3.7M        60M
-/+ buffers/cache:       862M       130M
Swap:         8.0G       633M       7.4G

             total       used       free     shared    buffers     cached
Mem:          992M       927M        64M       284K       3.7M        60M
-/+ buffers/cache:       863M       128M
Swap:         8.0G       632M       7.4G

             total       used       free     shared    buffers     cached
Mem:          992M       928M        63M       284K       3.7M        60M
-/+ buffers/cache:       864M       127M
Swap:         8.0G       631M       7.4G

             total       used       free     shared    buffers     cached
Mem:          992M       930M        61M       284K       3.7M        60M
-/+ buffers/cache:       866M       125M
Swap:         8.0G       631M       7.4G

             total       used       free     shared    buffers     cached
Mem:          992M       912M        79M       284K       3.7M        58M
-/+ buffers/cache:       850M       141M
Swap:         8.0G       641M       7.4G

             total       used       free     shared    buffers     cached
Mem:          992M       913M        78M       284K       3.7M        58M
-/+ buffers/cache:       851M       140M
Swap:         8.0G       640M       7.4G

             total       used       free     shared    buffers     cached
Mem:          992M       915M        76M       284K       3.8M        58M
-/+ buffers/cache:       853M       138M
Swap:         8.0G       639M       7.4G

             total       used       free     shared    buffers     cached
Mem:          992M       917M        75M       284K       3.8M        58M
-/+ buffers/cache:       854M       137M
Swap:         8.0G       638M       7.4G

             total       used       free     shared    buffers     cached
Mem:          992M       917M        74M       336K       8.1M        69M
-/+ buffers/cache:       839M       152M
Swap:         8.0G       657M       7.4G
