             total       used       free     shared    buffers     cached
Mem:          992M       659M       332M       3.2M        38M       289M
-/+ buffers/cache:       331M       661M
Swap:         8.0G         0B       8.0G

             total       used       free     shared    buffers     cached
Mem:          992M       662M       329M       3.2M        38M       290M
-/+ buffers/cache:       333M       658M
Swap:         8.0G         0B       8.0G

             total       used       free     shared    buffers     cached
Mem:          992M       688M       304M       3.2M        38M       290M
-/+ buffers/cache:       359M       633M
Swap:         8.0G         0B       8.0G

             total       used       free     shared    buffers     cached
Mem:          992M       666M       326M       3.2M        38M       291M
-/+ buffers/cache:       336M       655M
Swap:         8.0G         0B       8.0G

             total       used       free     shared    buffers     cached
Mem:          992M       666M       326M       3.2M        38M       290M
-/+ buffers/cache:       336M       655M
Swap:         8.0G         0B       8.0G

             total       used       free     shared    buffers     cached
Mem:          992M       666M       325M       3.2M        38M       291M
-/+ buffers/cache:       336M       655M
Swap:         8.0G         0B       8.0G

             total       used       free     shared    buffers     cached
Mem:          992M       666M       325M       3.2M        38M       291M
-/+ buffers/cache:       336M       655M
Swap:         8.0G         0B       8.0G

             total       used       free     shared    buffers     cached
Mem:          992M       666M       325M       3.2M        38M       291M
-/+ buffers/cache:       336M       655M
Swap:         8.0G         0B       8.0G

             total       used       free     shared    buffers     cached
Mem:          992M       666M       325M       3.2M        38M       291M
-/+ buffers/cache:       336M       655M
Swap:         8.0G         0B       8.0G

             total       used       free     shared    buffers     cached
Mem:          992M       666M       325M       3.2M        38M       291M
-/+ buffers/cache:       336M       655M
Swap:         8.0G         0B       8.0G

             total       used       free     shared    buffers     cached
Mem:          992M       666M       325M       3.2M        38M       291M
-/+ buffers/cache:       336M       655M
Swap:         8.0G         0B       8.0G

             total       used       free     shared    buffers     cached
Mem:          992M       668M       323M       3.2M        38M       291M
-/+ buffers/cache:       338M       654M
Swap:         8.0G         0B       8.0G

             total       used       free     shared    buffers     cached
Mem:          992M       668M       323M       3.2M        38M       291M
-/+ buffers/cache:       338M       654M
Swap:         8.0G         0B       8.0G

             total       used       free     shared    buffers     cached
Mem:          992M       668M       323M       3.2M        38M       291M
-/+ buffers/cache:       338M       654M
Swap:         8.0G         0B       8.0G

             total       used       free     shared    buffers     cached
Mem:          992M       668M       323M       3.2M        38M       291M
-/+ buffers/cache:       338M       654M
Swap:         8.0G         0B       8.0G

             total       used       free     shared    buffers     cached
Mem:          992M       668M       323M       3.2M        38M       291M
-/+ buffers/cache:       338M       654M
Swap:         8.0G         0B       8.0G

             total       used       free     shared    buffers     cached
Mem:          992M       668M       323M       3.2M        38M       291M
-/+ buffers/cache:       338M       654M
Swap:         8.0G         0B       8.0G

             total       used       free     shared    buffers     cached
Mem:          992M       668M       323M       3.2M        38M       291M
-/+ buffers/cache:       338M       654M
Swap:         8.0G         0B       8.0G

             total       used       free     shared    buffers     cached
Mem:          992M       668M       323M       3.2M        38M       291M
-/+ buffers/cache:       337M       654M
Swap:         8.0G         0B       8.0G

             total       used       free     shared    buffers     cached
Mem:          992M       668M       323M       3.2M        38M       291M
-/+ buffers/cache:       337M       654M
Swap:         8.0G         0B       8.0G

             total       used       free     shared    buffers     cached
Mem:          992M       668M       323M       3.2M        38M       291M
-/+ buffers/cache:       337M       654M
Swap:         8.0G         0B       8.0G

             total       used       free     shared    buffers     cached
Mem:          992M       669M       323M       3.2M        38M       291M
-/+ buffers/cache:       338M       653M
Swap:         8.0G         0B       8.0G

             total       used       free     shared    buffers     cached
Mem:          992M       669M       323M       3.2M        38M       291M
-/+ buffers/cache:       338M       653M
Swap:         8.0G         0B       8.0G

             total       used       free     shared    buffers     cached
Mem:          992M       669M       323M       3.2M        38M       291M
-/+ buffers/cache:       338M       653M
Swap:         8.0G         0B       8.0G

             total       used       free     shared    buffers     cached
Mem:          992M       669M       323M       3.2M        38M       291M
-/+ buffers/cache:       338M       653M
Swap:         8.0G         0B       8.0G

             total       used       free     shared    buffers     cached
Mem:          992M       669M       323M       3.2M        38M       291M
-/+ buffers/cache:       338M       653M
Swap:         8.0G         0B       8.0G

             total       used       free     shared    buffers     cached
Mem:          992M       669M       323M       3.2M        38M       291M
-/+ buffers/cache:       338M       653M
Swap:         8.0G         0B       8.0G

             total       used       free     shared    buffers     cached
Mem:          992M       669M       323M       3.2M        38M       291M
-/+ buffers/cache:       338M       653M
Swap:         8.0G         0B       8.0G

             total       used       free     shared    buffers     cached
Mem:          992M       669M       323M       3.2M        38M       291M
-/+ buffers/cache:       338M       653M
Swap:         8.0G         0B       8.0G

             total       used       free     shared    buffers     cached
Mem:          992M       669M       323M       3.2M        38M       291M
-/+ buffers/cache:       338M       653M
Swap:         8.0G         0B       8.0G

             total       used       free     shared    buffers     cached
Mem:          992M       669M       323M       3.2M        38M       291M
-/+ buffers/cache:       338M       653M
Swap:         8.0G         0B       8.0G

             total       used       free     shared    buffers     cached
Mem:          992M       669M       323M       3.2M        38M       291M
-/+ buffers/cache:       338M       653M
Swap:         8.0G         0B       8.0G

             total       used       free     shared    buffers     cached
Mem:          992M       669M       323M       3.2M        38M       291M
-/+ buffers/cache:       338M       653M
Swap:         8.0G         0B       8.0G

             total       used       free     shared    buffers     cached
Mem:          992M       675M       316M       3.2M        38M       291M
-/+ buffers/cache:       344M       647M
Swap:         8.0G         0B       8.0G

             total       used       free     shared    buffers     cached
Mem:          992M       694M       297M       3.2M        38M       291M
-/+ buffers/cache:       363M       628M
Swap:         8.0G         0B       8.0G

             total       used       free     shared    buffers     cached
Mem:          992M       714M       277M       3.2M        38M       291M
-/+ buffers/cache:       383M       608M
Swap:         8.0G         0B       8.0G

             total       used       free     shared    buffers     cached
Mem:          992M       731M       260M       3.2M        38M       291M
-/+ buffers/cache:       400M       591M
Swap:         8.0G         0B       8.0G

             total       used       free     shared    buffers     cached
Mem:          992M       747M       244M       3.2M        38M       291M
-/+ buffers/cache:       416M       575M
Swap:         8.0G         0B       8.0G

             total       used       free     shared    buffers     cached
Mem:          992M       764M       227M       3.2M        38M       291M
-/+ buffers/cache:       434M       558M
Swap:         8.0G         0B       8.0G

             total       used       free     shared    buffers     cached
Mem:          992M       780M       211M       3.2M        38M       291M
-/+ buffers/cache:       450M       542M
Swap:         8.0G         0B       8.0G

             total       used       free     shared    buffers     cached
Mem:          992M       796M       196M       3.2M        38M       291M
-/+ buffers/cache:       465M       526M
Swap:         8.0G         0B       8.0G

             total       used       free     shared    buffers     cached
Mem:          992M       814M       178M       3.2M        38M       291M
-/+ buffers/cache:       483M       508M
Swap:         8.0G         0B       8.0G

             total       used       free     shared    buffers     cached
Mem:          992M       830M       161M       3.2M        38M       291M
-/+ buffers/cache:       500M       492M
Swap:         8.0G         0B       8.0G

             total       used       free     shared    buffers     cached
Mem:          992M       848M       143M       3.2M        38M       291M
-/+ buffers/cache:       517M       474M
Swap:         8.0G         0B       8.0G

             total       used       free     shared    buffers     cached
Mem:          992M       865M       126M       3.2M        38M       291M
-/+ buffers/cache:       534M       457M
Swap:         8.0G         0B       8.0G

             total       used       free     shared    buffers     cached
Mem:          992M       883M       109M       3.2M        38M       291M
-/+ buffers/cache:       552M       439M
Swap:         8.0G         0B       8.0G

             total       used       free     shared    buffers     cached
Mem:          992M       897M        95M       3.2M        38M       291M
-/+ buffers/cache:       566M       425M
Swap:         8.0G         0B       8.0G

             total       used       free     shared    buffers     cached
Mem:          992M       914M        77M       3.2M        38M       291M
-/+ buffers/cache:       583M       408M
Swap:         8.0G         0B       8.0G

             total       used       free     shared    buffers     cached
Mem:          992M       932M        59M       3.2M        38M       291M
-/+ buffers/cache:       601M       390M
Swap:         8.0G         0B       8.0G

             total       used       free     shared    buffers     cached
Mem:          992M       926M        66M       3.2M        17M       290M
-/+ buffers/cache:       618M       374M
Swap:         8.0G         4K       8.0G

             total       used       free     shared    buffers     cached
Mem:          992M       924M        67M       3.2M        10M       281M
-/+ buffers/cache:       632M       359M
Swap:         8.0G        16K       8.0G

             total       used       free     shared    buffers     cached
Mem:          992M       922M        69M       3.2M       9.8M       264M
-/+ buffers/cache:       647M       344M
Swap:         8.0G       128K       8.0G

             total       used       free     shared    buffers     cached
Mem:          992M       920M        72M       3.1M       9.8M       246M
-/+ buffers/cache:       663M       328M
Swap:         8.0G       280K       8.0G

             total       used       free     shared    buffers     cached
Mem:          992M       920M        71M       3.0M       9.8M       232M
-/+ buffers/cache:       678M       314M
Swap:         8.0G       3.8M       8.0G

             total       used       free     shared    buffers     cached
Mem:          992M       920M        71M       3.0M       9.8M       220M
-/+ buffers/cache:       690M       301M
Swap:         8.0G       6.2M       8.0G

             total       used       free     shared    buffers     cached
Mem:          992M       924M        67M       3.0M       9.8M       209M
-/+ buffers/cache:       705M       286M
Swap:         8.0G       7.0M       8.0G

             total       used       free     shared    buffers     cached
Mem:          992M       928M        63M       3.0M       3.1M       202M
-/+ buffers/cache:       722M       269M
Swap:         8.0G       7.0M       8.0G

             total       used       free     shared    buffers     cached
Mem:          992M       919M        72M       3.0M       696K       181M
-/+ buffers/cache:       737M       254M
Swap:         8.0G       7.0M       8.0G

             total       used       free     shared    buffers     cached
Mem:          992M       928M        64M       3.0M       272K       175M
-/+ buffers/cache:       752M       239M
Swap:         8.0G       7.0M       8.0G

             total       used       free     shared    buffers     cached
Mem:          992M       920M        71M       3.0M       232K       154M
-/+ buffers/cache:       765M       226M
Swap:         8.0G       7.0M       8.0G

             total       used       free     shared    buffers     cached
Mem:          992M       915M        76M       3.0M       248K       136M
-/+ buffers/cache:       778M       213M
Swap:         8.0G       7.0M       8.0G

             total       used       free     shared    buffers     cached
Mem:          992M       924M        67M       3.0M       680K       139M
-/+ buffers/cache:       785M       207M
Swap:         8.0G       7.0M       8.0G

             total       used       free     shared    buffers     cached
Mem:          992M       925M        66M       3.0M       508K       123M
-/+ buffers/cache:       801M       190M
Swap:         8.0G       7.1M       8.0G

             total       used       free     shared    buffers     cached
Mem:          992M       930M        62M       3.0M       500K       111M
-/+ buffers/cache:       818M       173M
Swap:         8.0G       7.1M       8.0G

             total       used       free     shared    buffers     cached
Mem:          992M       920M        71M       3.0M       500K        88M
-/+ buffers/cache:       831M       160M
Swap:         8.0G       7.1M       8.0G

             total       used       free     shared    buffers     cached
Mem:          992M       912M        79M       3.0M       500K        67M
-/+ buffers/cache:       844M       147M
Swap:         8.0G       7.1M       8.0G

             total       used       free     shared    buffers     cached
Mem:          992M       926M        65M       3.0M       500K        67M
-/+ buffers/cache:       858M       133M
Swap:         8.0G       7.1M       8.0G

             total       used       free     shared    buffers     cached
Mem:          992M       921M        70M       3.0M       640K        52M
-/+ buffers/cache:       868M       123M
Swap:         8.0G       7.1M       8.0G

             total       used       free     shared    buffers     cached
Mem:          992M       913M        78M       3.0M       912K        31M
-/+ buffers/cache:       881M       110M
Swap:         8.0G       7.1M       8.0G

             total       used       free     shared    buffers     cached
Mem:          992M       926M        65M       3.0M       912K        31M
-/+ buffers/cache:       894M        97M
Swap:         8.0G       7.1M       8.0G

             total       used       free     shared    buffers     cached
Mem:          992M       927M        64M       3.0M       900K        18M
-/+ buffers/cache:       907M        84M
Swap:         8.0G       7.2M       8.0G

             total       used       free     shared    buffers     cached
Mem:          992M       905M        86M       2.5M        76K        21M
-/+ buffers/cache:       883M       108M
Swap:         8.0G        65M       7.9G

             total       used       free     shared    buffers     cached
Mem:          992M       921M        70M       2.5M       780K        21M
-/+ buffers/cache:       899M        93M
Swap:         8.0G        65M       7.9G

             total       used       free     shared    buffers     cached
Mem:          992M       919M        73M       2.5M       780K        21M
-/+ buffers/cache:       896M        95M
Swap:         8.0G        65M       7.9G

             total       used       free     shared    buffers     cached
Mem:          992M       929M        62M       2.5M       780K        21M
-/+ buffers/cache:       906M        85M
Swap:         8.0G        65M       7.9G

             total       used       free     shared    buffers     cached
Mem:          992M       922M        69M       2.4M       736K        19M
-/+ buffers/cache:       902M        89M
Swap:         8.0G        93M       7.9G

             total       used       free     shared    buffers     cached
Mem:          992M       921M        71M       2.4M       736K        15M
-/+ buffers/cache:       905M        86M
Swap:         8.0G        93M       7.9G

             total       used       free     shared    buffers     cached
Mem:          992M       920M        72M       2.4M        80K       7.2M
-/+ buffers/cache:       912M        79M
Swap:         8.0G        98M       7.9G

             total       used       free     shared    buffers     cached
Mem:          992M       917M        74M       2.4M       224K       5.3M
-/+ buffers/cache:       912M        80M
Swap:         8.0G       117M       7.9G

             total       used       free     shared    buffers     cached
Mem:          992M       911M        81M       2.4M       224K       4.7M
-/+ buffers/cache:       906M        85M
Swap:         8.0G       137M       7.9G

             total       used       free     shared    buffers     cached
Mem:          992M       923M        68M       2.4M       248K       4.7M
-/+ buffers/cache:       918M        73M
Swap:         8.0G       137M       7.9G

             total       used       free     shared    buffers     cached
Mem:          992M       921M        70M       2.4M       252K       4.3M
-/+ buffers/cache:       916M        75M
Swap:         8.0G       163M       7.8G

             total       used       free     shared    buffers     cached
Mem:          992M       918M        73M       2.4M       252K       4.3M
-/+ buffers/cache:       914M        78M
Swap:         8.0G       163M       7.8G

             total       used       free     shared    buffers     cached
Mem:          992M       913M        78M       2.4M       260K       4.2M
-/+ buffers/cache:       908M        83M
Swap:         8.0G       189M       7.8G

             total       used       free     shared    buffers     cached
Mem:          992M       927M        64M       2.4M       260K       4.1M
-/+ buffers/cache:       922M        69M
Swap:         8.0G       189M       7.8G

             total       used       free     shared    buffers     cached
Mem:          992M       923M        68M       2.4M       260K       4.0M
-/+ buffers/cache:       918M        73M
Swap:         8.0G       204M       7.8G

             total       used       free     shared    buffers     cached
Mem:          992M       918M        74M       2.4M       260K       4.0M
-/+ buffers/cache:       913M        78M
Swap:         8.0G       219M       7.8G

             total       used       free     shared    buffers     cached
Mem:          992M       915M        76M       2.4M       260K       3.9M
-/+ buffers/cache:       911M        80M
Swap:         8.0G       230M       7.8G

             total       used       free     shared    buffers     cached
Mem:          992M       927M        64M       2.3M       268K       3.9M
-/+ buffers/cache:       923M        68M
Swap:         8.0G       230M       7.8G

             total       used       free     shared    buffers     cached
Mem:          992M       920M        71M       2.3M       268K       3.9M
-/+ buffers/cache:       916M        75M
Swap:         8.0G       254M       7.7G

             total       used       free     shared    buffers     cached
Mem:          992M       928M        63M       2.3M       268K       3.9M
-/+ buffers/cache:       924M        68M
Swap:         8.0G       254M       7.7G

             total       used       free     shared    buffers     cached
Mem:          992M       922M        69M       2.3M       268K       3.8M
-/+ buffers/cache:       918M        74M
Swap:         8.0G       259M       7.7G

             total       used       free     shared    buffers     cached
Mem:          992M       929M        63M       2.3M       268K       3.8M
-/+ buffers/cache:       924M        67M
Swap:         8.0G       259M       7.7G

             total       used       free     shared    buffers     cached
Mem:          992M       915M        76M       2.3M       224K       3.8M
-/+ buffers/cache:       911M        80M
Swap:         8.0G       280M       7.7G

             total       used       free     shared    buffers     cached
Mem:          992M       921M        70M       2.3M       224K       3.8M
-/+ buffers/cache:       917M        74M
Swap:         8.0G       280M       7.7G

             total       used       free     shared    buffers     cached
Mem:          992M       926M        65M       2.3M       224K       3.8M
-/+ buffers/cache:       922M        69M
Swap:         8.0G       280M       7.7G

             total       used       free     shared    buffers     cached
Mem:          992M       916M        75M       2.3M       176K       3.7M
-/+ buffers/cache:       912M        79M
Swap:         8.0G       299M       7.7G

             total       used       free     shared    buffers     cached
Mem:          992M       921M        70M       2.3M       176K       3.7M
-/+ buffers/cache:       917M        74M
Swap:         8.0G       299M       7.7G

             total       used       free     shared    buffers     cached
Mem:          992M       925M        66M       2.3M       176K       3.7M
-/+ buffers/cache:       921M        70M
Swap:         8.0G       299M       7.7G

             total       used       free     shared    buffers     cached
Mem:          992M       915M        76M       1.6M       152K       2.9M
-/+ buffers/cache:       912M        79M
Swap:         8.0G       310M       7.7G

             total       used       free     shared    buffers     cached
Mem:          992M       919M        72M       1.6M       152K       3.0M
-/+ buffers/cache:       916M        75M
Swap:         8.0G       310M       7.7G

             total       used       free     shared    buffers     cached
Mem:          992M       923M        68M       1.6M       152K       3.0M
-/+ buffers/cache:       920M        71M
Swap:         8.0G       310M       7.7G

             total       used       free     shared    buffers     cached
Mem:          992M       927M        64M       1.6M       152K       2.9M
-/+ buffers/cache:       924M        67M
Swap:         8.0G       310M       7.7G

             total       used       free     shared    buffers     cached
Mem:          992M       918M        73M        40K       132K       1.4M
-/+ buffers/cache:       917M        74M
Swap:         8.0G       323M       7.7G

             total       used       free     shared    buffers     cached
Mem:          992M       921M        70M        12K       140K       1.4M
-/+ buffers/cache:       920M        72M
Swap:         8.0G       323M       7.7G

             total       used       free     shared    buffers     cached
Mem:          992M       925M        66M        12K       140K       1.4M
-/+ buffers/cache:       924M        68M
Swap:         8.0G       323M       7.7G

             total       used       free     shared    buffers     cached
Mem:          992M       916M        75M        12K       136K       1.4M
-/+ buffers/cache:       915M        76M
Swap:         8.0G       333M       7.7G

             total       used       free     shared    buffers     cached
Mem:          992M       920M        71M        12K       136K       1.4M
-/+ buffers/cache:       919M        73M
Swap:         8.0G       333M       7.7G

             total       used       free     shared    buffers     cached
Mem:          992M       926M        65M        12K       136K       1.4M
-/+ buffers/cache:       924M        67M
Swap:         8.0G       330M       7.7G

             total       used       free     shared    buffers     cached
Mem:          992M       927M        65M        12K       124K       1.4M
-/+ buffers/cache:       925M        66M
Swap:         8.0G       328M       7.7G

             total       used       free     shared    buffers     cached
Mem:          992M       919M        72M        12K       104K       1.4M
-/+ buffers/cache:       918M        74M
Swap:         8.0G       332M       7.7G

             total       used       free     shared    buffers     cached
Mem:          992M       918M        73M         4K       100K       1.4M
-/+ buffers/cache:       916M        75M
Swap:         8.0G       331M       7.7G

             total       used       free     shared    buffers     cached
Mem:          992M       917M        74M         4K       100K       1.4M
-/+ buffers/cache:       916M        75M
Swap:         8.0G       329M       7.7G

             total       used       free     shared    buffers     cached
Mem:          992M       918M        73M         0B       100K       1.4M
-/+ buffers/cache:       917M        75M
Swap:         8.0G       326M       7.7G

             total       used       free     shared    buffers     cached
Mem:          992M       919M        72M         0B       100K       1.3M
-/+ buffers/cache:       917M        74M
Swap:         8.0G       326M       7.7G

             total       used       free     shared    buffers     cached
Mem:          992M       926M        66M         0B       108K       1.4M
-/+ buffers/cache:       924M        67M
Swap:         8.0G       322M       7.7G

             total       used       free     shared    buffers     cached
Mem:          992M       919M        72M         0B       480K       1.4M
-/+ buffers/cache:       917M        74M
Swap:         8.0G       329M       7.7G

             total       used       free     shared    buffers     cached
Mem:          992M       922M        69M         0B       452K       1.3M
-/+ buffers/cache:       921M        71M
Swap:         8.0G       331M       7.7G

             total       used       free     shared    buffers     cached
Mem:          992M       922M        70M         0B       168K       1.4M
-/+ buffers/cache:       920M        71M
Swap:         8.0G       338M       7.7G

             total       used       free     shared    buffers     cached
Mem:          992M       917M        74M         0B       120K       1.5M
-/+ buffers/cache:       916M        75M
Swap:         8.0G       341M       7.7G

             total       used       free     shared    buffers     cached
Mem:          992M       922M        70M         0B       176K       1.8M
-/+ buffers/cache:       920M        72M
Swap:         8.0G       428M       7.6G

             total       used       free     shared    buffers     cached
Mem:          992M       881M       110M         0B        88K       2.0M
-/+ buffers/cache:       879M       113M
Swap:         8.0G       415M       7.6G

             total       used       free     shared    buffers     cached
Mem:          992M       920M        71M         0B        88K       2.3M
-/+ buffers/cache:       918M        73M
Swap:         8.0G       370M       7.6G

             total       used       free     shared    buffers     cached
Mem:          992M       908M        83M         0B        88K       2.7M
-/+ buffers/cache:       905M        86M
Swap:         8.0G       356M       7.6G

             total       used       free     shared    buffers     cached
Mem:          992M       912M        79M         0B        88K       2.8M
-/+ buffers/cache:       909M        82M
Swap:         8.0G       355M       7.6G

             total       used       free     shared    buffers     cached
Mem:          992M       916M        75M         0B        96K       2.8M
-/+ buffers/cache:       913M        78M
Swap:         8.0G       354M       7.7G

             total       used       free     shared    buffers     cached
Mem:          992M       923M        69M         0B        96K       2.8M
-/+ buffers/cache:       920M        71M
Swap:         8.0G       353M       7.7G

             total       used       free     shared    buffers     cached
Mem:          992M       928M        63M         0B        96K       2.8M
-/+ buffers/cache:       925M        66M
Swap:         8.0G       353M       7.7G

             total       used       free     shared    buffers     cached
Mem:          992M       917M        75M         0B        96K       2.6M
-/+ buffers/cache:       914M        77M
Swap:         8.0G       364M       7.6G

             total       used       free     shared    buffers     cached
Mem:          992M       923M        69M         0B        96K       2.6M
-/+ buffers/cache:       920M        71M
Swap:         8.0G       364M       7.6G

             total       used       free     shared    buffers     cached
Mem:          992M       928M        63M         0B        96K       2.6M
-/+ buffers/cache:       925M        66M
Swap:         8.0G       364M       7.6G

             total       used       free     shared    buffers     cached
Mem:          992M       908M        83M         0B        76K        14M
-/+ buffers/cache:       894M        97M
Swap:         8.0G       406M       7.6G

             total       used       free     shared    buffers     cached
Mem:          992M       920M        71M         0B       2.1M        19M
-/+ buffers/cache:       898M        93M
Swap:         8.0G       406M       7.6G

             total       used       free     shared    buffers     cached
Mem:          992M       923M        68M         4K       2.1M        20M
-/+ buffers/cache:       900M        91M
Swap:         8.0G       405M       7.6G

             total       used       free     shared    buffers     cached
Mem:          992M       925M        66M         4K       2.1M        20M
-/+ buffers/cache:       902M        89M
Swap:         8.0G       404M       7.6G

             total       used       free     shared    buffers     cached
Mem:          992M       927M        65M         4K       2.1M        20M
-/+ buffers/cache:       904M        88M
Swap:         8.0G       403M       7.6G

             total       used       free     shared    buffers     cached
Mem:          992M       929M        62M         4K       2.1M        20M
-/+ buffers/cache:       906M        86M
Swap:         8.0G       402M       7.6G

             total       used       free     shared    buffers     cached
Mem:          992M       931M        60M         4K       2.1M        20M
-/+ buffers/cache:       908M        84M
Swap:         8.0G       401M       7.6G

             total       used       free     shared    buffers     cached
Mem:          992M       913M        78M         4K       2.1M        17M
-/+ buffers/cache:       893M        98M
Swap:         8.0G       422M       7.6G

             total       used       free     shared    buffers     cached
Mem:          992M       915M        76M         4K       2.1M        17M
-/+ buffers/cache:       896M        96M
Swap:         8.0G       422M       7.6G

             total       used       free     shared    buffers     cached
Mem:          992M       917M        74M         4K       2.1M        17M
-/+ buffers/cache:       898M        94M
Swap:         8.0G       421M       7.6G

             total       used       free     shared    buffers     cached
Mem:          992M       920M        72M         4K       2.1M        17M
-/+ buffers/cache:       900M        91M
Swap:         8.0G       420M       7.6G

             total       used       free     shared    buffers     cached
Mem:          992M       922M        69M         4K       2.1M        17M
-/+ buffers/cache:       902M        89M
Swap:         8.0G       419M       7.6G

             total       used       free     shared    buffers     cached
Mem:          992M       924M        67M         4K       2.1M        17M
-/+ buffers/cache:       904M        87M
Swap:         8.0G       418M       7.6G

             total       used       free     shared    buffers     cached
Mem:          992M       926M        65M         4K       2.1M        17M
-/+ buffers/cache:       906M        85M
Swap:         8.0G       417M       7.6G

             total       used       free     shared    buffers     cached
Mem:          992M       928M        64M         4K       2.1M        17M
-/+ buffers/cache:       908M        83M
Swap:         8.0G       416M       7.6G

             total       used       free     shared    buffers     cached
Mem:          992M       929M        62M         4K       2.1M        17M
-/+ buffers/cache:       910M        82M
Swap:         8.0G       415M       7.6G

             total       used       free     shared    buffers     cached
Mem:          992M       918M        73M         4K       2.1M        16M
-/+ buffers/cache:       899M        92M
Swap:         8.0G       423M       7.6G

             total       used       free     shared    buffers     cached
Mem:          992M       919M        72M         4K       2.1M        16M
-/+ buffers/cache:       901M        90M
Swap:         8.0G       422M       7.6G

             total       used       free     shared    buffers     cached
Mem:          992M       922M        69M         4K       2.1M        16M
-/+ buffers/cache:       903M        88M
Swap:         8.0G       421M       7.6G

             total       used       free     shared    buffers     cached
Mem:          992M       924M        67M         4K       2.1M        16M
-/+ buffers/cache:       906M        85M
Swap:         8.0G       420M       7.6G

             total       used       free     shared    buffers     cached
Mem:          992M       927M        65M         4K       2.1M        16M
-/+ buffers/cache:       908M        83M
Swap:         8.0G       419M       7.6G

             total       used       free     shared    buffers     cached
Mem:          992M       929M        62M         4K       2.1M        16M
-/+ buffers/cache:       910M        81M
Swap:         8.0G       418M       7.6G

             total       used       free     shared    buffers     cached
Mem:          992M       931M        61M         4K       2.1M        16M
-/+ buffers/cache:       912M        79M
Swap:         8.0G       417M       7.6G

             total       used       free     shared    buffers     cached
Mem:          992M       915M        76M         4K       2.1M        14M
-/+ buffers/cache:       899M        93M
Swap:         8.0G       437M       7.6G

             total       used       free     shared    buffers     cached
Mem:          992M       917M        74M         4K       2.1M        14M
-/+ buffers/cache:       901M        91M
Swap:         8.0G       436M       7.6G

             total       used       free     shared    buffers     cached
Mem:          992M       919M        72M         4K       2.1M        14M
-/+ buffers/cache:       903M        88M
Swap:         8.0G       435M       7.6G

             total       used       free     shared    buffers     cached
Mem:          992M       921M        70M         4K       2.1M        14M
-/+ buffers/cache:       904M        87M
Swap:         8.0G       434M       7.6G

             total       used       free     shared    buffers     cached
Mem:          992M       923M        68M         4K       2.1M        14M
-/+ buffers/cache:       907M        85M
Swap:         8.0G       433M       7.6G

             total       used       free     shared    buffers     cached
Mem:          992M       925M        66M         4K       2.1M        14M
-/+ buffers/cache:       909M        83M
Swap:         8.0G       432M       7.6G

             total       used       free     shared    buffers     cached
Mem:          992M       927M        64M         4K       2.1M        14M
-/+ buffers/cache:       910M        81M
Swap:         8.0G       431M       7.6G

             total       used       free     shared    buffers     cached
Mem:          992M       929M        62M         4K       2.1M        14M
-/+ buffers/cache:       913M        78M
Swap:         8.0G       430M       7.6G

             total       used       free     shared    buffers     cached
Mem:          992M       918M        73M         4K       2.1M        11M
-/+ buffers/cache:       904M        87M
Swap:         8.0G       440M       7.6G

             total       used       free     shared    buffers     cached
Mem:          992M       920M        72M         4K       2.1M        11M
-/+ buffers/cache:       906M        86M
Swap:         8.0G       439M       7.6G

             total       used       free     shared    buffers     cached
Mem:          992M       922M        70M         4K       2.1M        11M
-/+ buffers/cache:       908M        84M
Swap:         8.0G       438M       7.6G

             total       used       free     shared    buffers     cached
Mem:          992M       924M        68M         4K       2.1M        11M
-/+ buffers/cache:       910M        82M
Swap:         8.0G       437M       7.6G

             total       used       free     shared    buffers     cached
Mem:          992M       926M        65M         4K       2.1M        11M
-/+ buffers/cache:       912M        79M
Swap:         8.0G       436M       7.6G

             total       used       free     shared    buffers     cached
Mem:          992M       928M        63M         4K       2.1M        11M
-/+ buffers/cache:       914M        77M
Swap:         8.0G       435M       7.6G

             total       used       free     shared    buffers     cached
Mem:          992M       930M        61M         4K       2.1M        11M
-/+ buffers/cache:       916M        75M
Swap:         8.0G       434M       7.6G

             total       used       free     shared    buffers     cached
Mem:          992M       919M        72M         4K       2.1M        10M
-/+ buffers/cache:       906M        85M
Swap:         8.0G       440M       7.6G

             total       used       free     shared    buffers     cached
Mem:          992M       921M        70M         4K       2.1M        10M
-/+ buffers/cache:       908M        83M
Swap:         8.0G       439M       7.6G

             total       used       free     shared    buffers     cached
Mem:          992M       923M        68M         4K       2.1M        10M
-/+ buffers/cache:       910M        81M
Swap:         8.0G       438M       7.6G

             total       used       free     shared    buffers     cached
Mem:          992M       925M        66M         4K       2.1M        10M
-/+ buffers/cache:       912M        79M
Swap:         8.0G       437M       7.6G

             total       used       free     shared    buffers     cached
Mem:          992M       928M        64M         4K       2.1M        10M
-/+ buffers/cache:       915M        77M
Swap:         8.0G       436M       7.6G

             total       used       free     shared    buffers     cached
Mem:          992M       930M        62M         4K       2.1M        10M
-/+ buffers/cache:       917M        74M
Swap:         8.0G       435M       7.6G

             total       used       free     shared    buffers     cached
Mem:          992M       920M        72M         4K       220K       4.2M
-/+ buffers/cache:       915M        76M
Swap:         8.0G       434M       7.6G

             total       used       free     shared    buffers     cached
Mem:          992M       922M        69M         4K       508K       4.4M
-/+ buffers/cache:       917M        74M
Swap:         8.0G       433M       7.6G

             total       used       free     shared    buffers     cached
Mem:          992M       925M        67M         4K       512K       4.4M
-/+ buffers/cache:       920M        72M
Swap:         8.0G       432M       7.6G

             total       used       free     shared    buffers     cached
Mem:          992M       929M        63M         4K       512K       6.1M
-/+ buffers/cache:       922M        69M
Swap:         8.0G       431M       7.6G

             total       used       free     shared    buffers     cached
Mem:          992M       930M        62M         4K       520K       6.1M
-/+ buffers/cache:       923M        68M
Swap:         8.0G       431M       7.6G

             total       used       free     shared    buffers     cached
Mem:          992M       929M        62M         4K       1.1M        15M
-/+ buffers/cache:       912M        79M
Swap:         8.0G       451M       7.6G

             total       used       free     shared    buffers     cached
Mem:          992M       922M        69M        20K       644K        33M
-/+ buffers/cache:       887M       104M
Swap:         8.0G       476M       7.5G

             total       used       free     shared    buffers     cached
Mem:          992M       923M        68M        20K       644K        33M
-/+ buffers/cache:       889M       102M
Swap:         8.0G       475M       7.5G

             total       used       free     shared    buffers     cached
Mem:          992M       925M        67M        20K       644K        33M
-/+ buffers/cache:       890M       101M
Swap:         8.0G       475M       7.5G

             total       used       free     shared    buffers     cached
Mem:          992M       925M        66M        20K       664K        33M
-/+ buffers/cache:       891M       100M
Swap:         8.0G       474M       7.5G

             total       used       free     shared    buffers     cached
Mem:          992M       927M        65M        20K       664K        33M
-/+ buffers/cache:       892M        99M
Swap:         8.0G       474M       7.5G

             total       used       free     shared    buffers     cached
Mem:          992M       928M        64M        20K       664K        33M
-/+ buffers/cache:       893M        98M
Swap:         8.0G       473M       7.5G

             total       used       free     shared    buffers     cached
Mem:          992M       929M        62M        20K       664K        33M
-/+ buffers/cache:       895M        97M
Swap:         8.0G       473M       7.5G

             total       used       free     shared    buffers     cached
Mem:          992M       930M        61M        20K       664K        33M
-/+ buffers/cache:       896M        96M
Swap:         8.0G       472M       7.5G

             total       used       free     shared    buffers     cached
Mem:          992M       912M        79M        20K       104K        26M
-/+ buffers/cache:       885M       106M
Swap:         8.0G       485M       7.5G

             total       used       free     shared    buffers     cached
Mem:          992M       914M        78M        20K       112K        27M
-/+ buffers/cache:       886M       105M
Swap:         8.0G       485M       7.5G

             total       used       free     shared    buffers     cached
Mem:          992M       927M        65M        20K       516K        35M
-/+ buffers/cache:       890M       101M
Swap:         8.0G       483M       7.5G

             total       used       free     shared    buffers     cached
Mem:          992M       929M        63M        20K       964K        35M
-/+ buffers/cache:       892M        99M
Swap:         8.0G       482M       7.5G

             total       used       free     shared    buffers     cached
Mem:          992M       930M        61M        20K       964K        35M
-/+ buffers/cache:       893M        98M
Swap:         8.0G       481M       7.5G

             total       used       free     shared    buffers     cached
Mem:          992M       918M        74M        20K       964K        35M
-/+ buffers/cache:       881M       110M
Swap:         8.0G       482M       7.5G

             total       used       free     shared    buffers     cached
Mem:          992M       918M        73M        20K       972K        35M
-/+ buffers/cache:       882M       109M
Swap:         8.0G       481M       7.5G

             total       used       free     shared    buffers     cached
Mem:          992M       920M        71M        20K       976K        35M
-/+ buffers/cache:       883M       108M
Swap:         8.0G       480M       7.5G

             total       used       free     shared    buffers     cached
Mem:          992M       921M        70M        20K       976K        35M
-/+ buffers/cache:       884M       107M
Swap:         8.0G       480M       7.5G

             total       used       free     shared    buffers     cached
Mem:          992M       923M        69M        20K       976K        35M
-/+ buffers/cache:       886M       105M
Swap:         8.0G       479M       7.5G

             total       used       free     shared    buffers     cached
Mem:          992M       924M        68M        20K       976K        35M
-/+ buffers/cache:       887M       104M
Swap:         8.0G       479M       7.5G

             total       used       free     shared    buffers     cached
Mem:          992M       925M        66M        20K       976K        35M
-/+ buffers/cache:       888M       103M
Swap:         8.0G       478M       7.5G

             total       used       free     shared    buffers     cached
Mem:          992M       926M        65M        20K       984K        35M
-/+ buffers/cache:       890M       101M
Swap:         8.0G       477M       7.5G

             total       used       free     shared    buffers     cached
Mem:          992M       928M        63M        20K       984K        35M
-/+ buffers/cache:       892M       100M
Swap:         8.0G       476M       7.5G

             total       used       free     shared    buffers     cached
Mem:          992M       929M        62M        20K       984K        35M
-/+ buffers/cache:       893M        98M
Swap:         8.0G       476M       7.5G

             total       used       free     shared    buffers     cached
Mem:          992M       930M        61M        20K       984K        35M
-/+ buffers/cache:       894M        97M
Swap:         8.0G       475M       7.5G

             total       used       free     shared    buffers     cached
Mem:          992M       913M        78M        20K       960K        33M
-/+ buffers/cache:       878M       113M
Swap:         8.0G       502M       7.5G

             total       used       free     shared    buffers     cached
Mem:          992M       914M        77M        16K       968K        33M
-/+ buffers/cache:       879M       112M
Swap:         8.0G       502M       7.5G

             total       used       free     shared    buffers     cached
Mem:          992M       915M        76M        16K       968K        33M
-/+ buffers/cache:       880M       111M
Swap:         8.0G       501M       7.5G

             total       used       free     shared    buffers     cached
Mem:          992M       916M        75M        16K       968K        33M
-/+ buffers/cache:       882M       110M
Swap:         8.0G       500M       7.5G

             total       used       free     shared    buffers     cached
Mem:          992M       918M        73M        16K       968K        33M
-/+ buffers/cache:       883M       108M
Swap:         8.0G       500M       7.5G

             total       used       free     shared    buffers     cached
Mem:          992M       919M        72M        16K       968K        33M
-/+ buffers/cache:       884M       107M
Swap:         8.0G       499M       7.5G

             total       used       free     shared    buffers     cached
Mem:          992M       920M        71M        16K       968K        33M
-/+ buffers/cache:       886M       105M
Swap:         8.0G       499M       7.5G

             total       used       free     shared    buffers     cached
Mem:          992M       922M        70M        16K       976K        33M
-/+ buffers/cache:       887M       104M
Swap:         8.0G       498M       7.5G

             total       used       free     shared    buffers     cached
Mem:          992M       923M        68M        16K       976K        33M
-/+ buffers/cache:       889M       103M
Swap:         8.0G       497M       7.5G

             total       used       free     shared    buffers     cached
Mem:          992M       925M        67M        16K       976K        33M
-/+ buffers/cache:       890M       101M
Swap:         8.0G       497M       7.5G

             total       used       free     shared    buffers     cached
Mem:          992M       926M        65M        16K       976K        33M
-/+ buffers/cache:       891M       100M
Swap:         8.0G       496M       7.5G

             total       used       free     shared    buffers     cached
Mem:          992M       927M        64M        16K       976K        33M
-/+ buffers/cache:       893M        99M
Swap:         8.0G       495M       7.5G

             total       used       free     shared    buffers     cached
Mem:          992M       929M        62M        16K       984K        33M
-/+ buffers/cache:       894M        97M
Swap:         8.0G       495M       7.5G

             total       used       free     shared    buffers     cached
Mem:          992M       930M        61M        16K       984K        33M
-/+ buffers/cache:       896M        96M
Swap:         8.0G       494M       7.5G

             total       used       free     shared    buffers     cached
Mem:          992M       920M        72M        16K       984K        33M
-/+ buffers/cache:       885M       106M
Swap:         8.0G       496M       7.5G

             total       used       free     shared    buffers     cached
Mem:          992M       921M        71M        16K       984K        33M
-/+ buffers/cache:       886M       105M
Swap:         8.0G       495M       7.5G

             total       used       free     shared    buffers     cached
Mem:          992M       922M        69M        16K       984K        33M
-/+ buffers/cache:       888M       103M
Swap:         8.0G       494M       7.5G

             total       used       free     shared    buffers     cached
Mem:          992M       924M        67M        16K       984K        33M
-/+ buffers/cache:       890M       102M
Swap:         8.0G       493M       7.5G

             total       used       free     shared    buffers     cached
Mem:          992M       925M        66M        16K       992K        33M
-/+ buffers/cache:       891M       100M
Swap:         8.0G       493M       7.5G

             total       used       free     shared    buffers     cached
Mem:          992M       927M        64M        16K       992K        33M
-/+ buffers/cache:       892M        99M
Swap:         8.0G       492M       7.5G

             total       used       free     shared    buffers     cached
Mem:          992M       928M        63M        16K       992K        33M
-/+ buffers/cache:       894M        97M
Swap:         8.0G       491M       7.5G

             total       used       free     shared    buffers     cached
Mem:          992M       930M        61M        16K       992K        33M
-/+ buffers/cache:       896M        96M
Swap:         8.0G       490M       7.5G

             total       used       free     shared    buffers     cached
Mem:          992M       917M        74M        16K       988K        31M
-/+ buffers/cache:       885M       106M
Swap:         8.0G       507M       7.5G

             total       used       free     shared    buffers     cached
Mem:          992M       918M        73M        16K       996K        31M
-/+ buffers/cache:       886M       105M
Swap:         8.0G       507M       7.5G

             total       used       free     shared    buffers     cached
Mem:          992M       919M        72M        16K       996K        31M
-/+ buffers/cache:       887M       104M
Swap:         8.0G       506M       7.5G

             total       used       free     shared    buffers     cached
Mem:          992M       921M        71M        16K       996K        31M
-/+ buffers/cache:       889M       103M
Swap:         8.0G       506M       7.5G

             total       used       free     shared    buffers     cached
Mem:          992M       922M        69M        16K       996K        31M
-/+ buffers/cache:       890M       101M
Swap:         8.0G       505M       7.5G

             total       used       free     shared    buffers     cached
Mem:          992M       924M        67M        16K       996K        31M
-/+ buffers/cache:       892M       100M
Swap:         8.0G       504M       7.5G

             total       used       free     shared    buffers     cached
Mem:          992M       925M        66M        16K       996K        31M
-/+ buffers/cache:       893M        98M
Swap:         8.0G       504M       7.5G

             total       used       free     shared    buffers     cached
Mem:          992M       927M        64M        16K       1.0M        31M
-/+ buffers/cache:       895M        97M
Swap:         8.0G       503M       7.5G

             total       used       free     shared    buffers     cached
Mem:          992M       928M        63M        16K       1.0M        31M
-/+ buffers/cache:       896M        95M
Swap:         8.0G       502M       7.5G

             total       used       free     shared    buffers     cached
Mem:          992M       919M        72M        20K       1.1M        32M
-/+ buffers/cache:       886M       105M
Swap:         8.0G       503M       7.5G

             total       used       free     shared    buffers     cached
Mem:          992M       921M        70M        20K       1.1M        32M
-/+ buffers/cache:       888M       104M
Swap:         8.0G       502M       7.5G

             total       used       free     shared    buffers     cached
Mem:          992M       923M        69M        20K       1.1M        32M
-/+ buffers/cache:       889M       102M
Swap:         8.0G       501M       7.5G

             total       used       free     shared    buffers     cached
Mem:          992M       924M        67M        20K       1.1M        32M
-/+ buffers/cache:       891M       101M
Swap:         8.0G       501M       7.5G

             total       used       free     shared    buffers     cached
Mem:          992M       928M        63M        20K       1.1M        32M
-/+ buffers/cache:       894M        97M
Swap:         8.0G       499M       7.5G

             total       used       free     shared    buffers     cached
Mem:          992M       918M        73M        20K       1.1M        32M
-/+ buffers/cache:       885M       107M
Swap:         8.0G       508M       7.5G

             total       used       free     shared    buffers     cached
Mem:          992M       920M        72M        20K       1.1M        32M
-/+ buffers/cache:       886M       106M
Swap:         8.0G       508M       7.5G

             total       used       free     shared    buffers     cached
Mem:          992M       923M        68M        20K       1.1M        34M
-/+ buffers/cache:       888M       104M
Swap:         8.0G       507M       7.5G

             total       used       free     shared    buffers     cached
Mem:          992M       927M        64M        20K       1.1M        35M
-/+ buffers/cache:       891M       100M
Swap:         8.0G       505M       7.5G

             total       used       free     shared    buffers     cached
Mem:          992M       928M        63M        20K       1.1M        35M
-/+ buffers/cache:       892M        99M
Swap:         8.0G       505M       7.5G

             total       used       free     shared    buffers     cached
Mem:          992M       929M        63M        20K       1.1M        35M
-/+ buffers/cache:       892M        99M
Swap:         8.0G       504M       7.5G

             total       used       free     shared    buffers     cached
Mem:          992M       929M        62M        20K       1.1M        35M
-/+ buffers/cache:       893M        98M
Swap:         8.0G       504M       7.5G

             total       used       free     shared    buffers     cached
Mem:          992M       930M        61M        20K       1.1M        35M
-/+ buffers/cache:       894M        98M
Swap:         8.0G       504M       7.5G

             total       used       free     shared    buffers     cached
Mem:          992M       930M        61M        20K       1.1M        35M
-/+ buffers/cache:       894M        97M
Swap:         8.0G       503M       7.5G

             total       used       free     shared    buffers     cached
Mem:          992M       920M        71M        20K       1.1M        32M
-/+ buffers/cache:       887M       105M
Swap:         8.0G       508M       7.5G

             total       used       free     shared    buffers     cached
Mem:          992M       920M        71M        20K       1.1M        32M
-/+ buffers/cache:       887M       104M
Swap:         8.0G       507M       7.5G

             total       used       free     shared    buffers     cached
Mem:          992M       921M        71M        20K       1.1M        32M
-/+ buffers/cache:       887M       104M
Swap:         8.0G       507M       7.5G

             total       used       free     shared    buffers     cached
Mem:          992M       921M        70M        20K       1.1M        32M
-/+ buffers/cache:       888M       103M
Swap:         8.0G       507M       7.5G

             total       used       free     shared    buffers     cached
Mem:          992M       923M        68M       3.9M       3.2M        50M
-/+ buffers/cache:       870M       121M
Swap:         8.0G       552M       7.5G

             total       used       free     shared    buffers     cached
Mem:          992M       919M        72M       3.9M       5.2M        63M
-/+ buffers/cache:       851M       141M
Swap:         8.0G       569M       7.4G

             total       used       free     shared    buffers     cached
Mem:          992M       920M        71M       3.9M       5.2M        69M
-/+ buffers/cache:       846M       145M
Swap:         8.0G       577M       7.4G

             total       used       free     shared    buffers     cached
Mem:          992M       917M        75M       272K       5.5M        65M
-/+ buffers/cache:       845M       146M
Swap:         8.0G       572M       7.4G

             total       used       free     shared    buffers     cached
Mem:          992M       918M        73M       256K       5.5M        65M
-/+ buffers/cache:       847M       144M
Swap:         8.0G       571M       7.4G

             total       used       free     shared    buffers     cached
Mem:          992M       919M        72M       256K       5.5M        65M
-/+ buffers/cache:       848M       143M
Swap:         8.0G       570M       7.4G

             total       used       free     shared    buffers     cached
Mem:          992M       920M        71M       256K       5.5M        65M
-/+ buffers/cache:       849M       142M
Swap:         8.0G       570M       7.4G

             total       used       free     shared    buffers     cached
Mem:          992M       923M        68M       256K       5.6M        66M
-/+ buffers/cache:       851M       140M
Swap:         8.0G       569M       7.4G

             total       used       free     shared    buffers     cached
Mem:          992M       924M        67M       256K       5.6M        66M
-/+ buffers/cache:       852M       139M
Swap:         8.0G       569M       7.4G

             total       used       free     shared    buffers     cached
Mem:          992M       926M        66M       256K       5.6M        66M
-/+ buffers/cache:       853M       138M
Swap:         8.0G       568M       7.4G

             total       used       free     shared    buffers     cached
Mem:          992M       927M        64M       256K       5.6M        66M
-/+ buffers/cache:       855M       136M
Swap:         8.0G       568M       7.4G

             total       used       free     shared    buffers     cached
Mem:          992M       928M        63M       256K       5.6M        66M
-/+ buffers/cache:       856M       135M
Swap:         8.0G       567M       7.4G

             total       used       free     shared    buffers     cached
Mem:          992M       930M        61M       256K       5.7M        66M
-/+ buffers/cache:       858M       133M
Swap:         8.0G       566M       7.4G

             total       used       free     shared    buffers     cached
Mem:          992M       911M        80M       256K       5.5M        63M
-/+ buffers/cache:       843M       149M
Swap:         8.0G       583M       7.4G

             total       used       free     shared    buffers     cached
Mem:          992M       912M        79M       256K       5.5M        63M
-/+ buffers/cache:       844M       148M
Swap:         8.0G       582M       7.4G

             total       used       free     shared    buffers     cached
Mem:          992M       914M        78M       256K       5.5M        63M
-/+ buffers/cache:       845M       146M
Swap:         8.0G       582M       7.4G

             total       used       free     shared    buffers     cached
Mem:          992M       915M        76M       256K       5.5M        63M
-/+ buffers/cache:       846M       145M
Swap:         8.0G       581M       7.4G

             total       used       free     shared    buffers     cached
Mem:          992M       916M        75M       256K       5.5M        63M
-/+ buffers/cache:       847M       144M
Swap:         8.0G       581M       7.4G

             total       used       free     shared    buffers     cached
Mem:          992M       917M        74M       256K       5.5M        63M
-/+ buffers/cache:       848M       143M
Swap:         8.0G       580M       7.4G

             total       used       free     shared    buffers     cached
Mem:          992M       918M        73M       256K       5.5M        63M
-/+ buffers/cache:       849M       142M
Swap:         8.0G       579M       7.4G

             total       used       free     shared    buffers     cached
Mem:          992M       920M        72M       256K       5.5M        63M
-/+ buffers/cache:       851M       140M
Swap:         8.0G       579M       7.4G

             total       used       free     shared    buffers     cached
Mem:          992M       921M        70M       256K       5.5M        63M
-/+ buffers/cache:       852M       139M
Swap:         8.0G       578M       7.4G

             total       used       free     shared    buffers     cached
Mem:          992M       922M        69M       256K       5.5M        63M
-/+ buffers/cache:       853M       138M
Swap:         8.0G       578M       7.4G

             total       used       free     shared    buffers     cached
Mem:          992M       924M        68M       256K       5.5M        63M
-/+ buffers/cache:       855M       136M
Swap:         8.0G       577M       7.4G

             total       used       free     shared    buffers     cached
Mem:          992M       925M        66M       256K       5.5M        63M
-/+ buffers/cache:       856M       135M
Swap:         8.0G       576M       7.4G

             total       used       free     shared    buffers     cached
Mem:          992M       926M        65M       256K       5.5M        63M
-/+ buffers/cache:       858M       134M
Swap:         8.0G       576M       7.4G

             total       used       free     shared    buffers     cached
Mem:          992M       928M        63M       256K       5.5M        63M
-/+ buffers/cache:       859M       132M
Swap:         8.0G       575M       7.4G

             total       used       free     shared    buffers     cached
Mem:          992M       929M        62M       256K       5.5M        63M
-/+ buffers/cache:       860M       131M
Swap:         8.0G       574M       7.4G

             total       used       free     shared    buffers     cached
Mem:          992M       931M        61M       256K       5.5M        63M
-/+ buffers/cache:       862M       130M
Swap:         8.0G       574M       7.4G

             total       used       free     shared    buffers     cached
Mem:          992M       917M        74M       256K       4.9M        62M
-/+ buffers/cache:       850M       141M
Swap:         8.0G       588M       7.4G

             total       used       free     shared    buffers     cached
Mem:          992M       919M        72M       256K       4.9M        62M
-/+ buffers/cache:       851M       140M
Swap:         8.0G       588M       7.4G

             total       used       free     shared    buffers     cached
Mem:          992M       920M        71M       256K       4.9M        62M
-/+ buffers/cache:       853M       138M
Swap:         8.0G       587M       7.4G

             total       used       free     shared    buffers     cached
Mem:          992M       922M        70M       256K       4.9M        62M
-/+ buffers/cache:       854M       137M
Swap:         8.0G       586M       7.4G

             total       used       free     shared    buffers     cached
Mem:          992M       923M        68M       256K       4.9M        62M
-/+ buffers/cache:       856M       136M
Swap:         8.0G       585M       7.4G

             total       used       free     shared    buffers     cached
Mem:          992M       924M        67M       256K       4.9M        62M
-/+ buffers/cache:       857M       135M
Swap:         8.0G       585M       7.4G

             total       used       free     shared    buffers     cached
Mem:          992M       925M        66M       256K       4.9M        62M
-/+ buffers/cache:       858M       133M
Swap:         8.0G       584M       7.4G

             total       used       free     shared    buffers     cached
Mem:          992M       926M        65M       256K       4.9M        62M
-/+ buffers/cache:       859M       132M
Swap:         8.0G       583M       7.4G

             total       used       free     shared    buffers     cached
Mem:          992M       928M        63M       256K       4.9M        62M
-/+ buffers/cache:       861M       131M
Swap:         8.0G       583M       7.4G

             total       used       free     shared    buffers     cached
Mem:          992M       919M        72M       256K       4.5M        63M
-/+ buffers/cache:       851M       140M
Swap:         8.0G       586M       7.4G

             total       used       free     shared    buffers     cached
Mem:          992M       893M        98M       304K       8.0M        69M
-/+ buffers/cache:       816M       176M
Swap:         8.0G       615M       7.4G

             total       used       free     shared    buffers     cached
Mem:          992M       898M        94M       296K       8.3M        71M
-/+ buffers/cache:       818M       174M
Swap:         8.0G       614M       7.4G
