             total       used       free     shared    buffers     cached
Mem:          992M       660M       331M       3.2M        38M       289M
-/+ buffers/cache:       332M       660M
Swap:         8.0G         0B       8.0G

             total       used       free     shared    buffers     cached
Mem:          992M       659M       332M       3.2M        38M       289M
-/+ buffers/cache:       330M       661M
Swap:         8.0G         0B       8.0G

             total       used       free     shared    buffers     cached
Mem:          992M       659M       332M       3.2M        38M       289M
-/+ buffers/cache:       330M       661M
Swap:         8.0G         0B       8.0G

             total       used       free     shared    buffers     cached
Mem:          992M       659M       332M       3.2M        38M       289M
-/+ buffers/cache:       330M       661M
Swap:         8.0G         0B       8.0G

             total       used       free     shared    buffers     cached
Mem:          992M       659M       332M       3.2M        38M       289M
-/+ buffers/cache:       330M       661M
Swap:         8.0G         0B       8.0G

             total       used       free     shared    buffers     cached
Mem:          992M       659M       332M       3.2M        38M       289M
-/+ buffers/cache:       330M       661M
Swap:         8.0G         0B       8.0G

             total       used       free     shared    buffers     cached
Mem:          992M       659M       332M       3.2M        38M       289M
-/+ buffers/cache:       330M       661M
Swap:         8.0G         0B       8.0G

             total       used       free     shared    buffers     cached
Mem:          992M       659M       332M       3.2M        38M       289M
-/+ buffers/cache:       330M       661M
Swap:         8.0G         0B       8.0G

             total       used       free     shared    buffers     cached
Mem:          992M       659M       333M       3.2M        38M       289M
-/+ buffers/cache:       330M       661M
Swap:         8.0G         0B       8.0G

             total       used       free     shared    buffers     cached
Mem:          992M       659M       333M       3.2M        38M       289M
-/+ buffers/cache:       330M       661M
Swap:         8.0G         0B       8.0G

             total       used       free     shared    buffers     cached
Mem:          992M       662M       329M       3.2M        38M       290M
-/+ buffers/cache:       333M       658M
Swap:         8.0G         0B       8.0G

             total       used       free     shared    buffers     cached
Mem:          992M       678M       313M       3.2M        38M       290M
-/+ buffers/cache:       349M       643M
Swap:         8.0G         0B       8.0G

             total       used       free     shared    buffers     cached
Mem:          992M       705M       286M       3.2M        38M       290M
-/+ buffers/cache:       376M       615M
Swap:         8.0G         0B       8.0G

             total       used       free     shared    buffers     cached
Mem:          992M       668M       323M       3.2M        38M       291M
-/+ buffers/cache:       338M       653M
Swap:         8.0G         0B       8.0G

             total       used       free     shared    buffers     cached
Mem:          992M       670M       321M       3.2M        38M       291M
-/+ buffers/cache:       339M       652M
Swap:         8.0G         0B       8.0G

             total       used       free     shared    buffers     cached
Mem:          992M       668M       323M       3.2M        38M       291M
-/+ buffers/cache:       338M       653M
Swap:         8.0G         0B       8.0G

             total       used       free     shared    buffers     cached
Mem:          992M       668M       323M       3.2M        38M       291M
-/+ buffers/cache:       338M       653M
Swap:         8.0G         0B       8.0G

             total       used       free     shared    buffers     cached
Mem:          992M       668M       323M       3.2M        38M       291M
-/+ buffers/cache:       338M       653M
Swap:         8.0G         0B       8.0G

             total       used       free     shared    buffers     cached
Mem:          992M       668M       323M       3.2M        38M       291M
-/+ buffers/cache:       338M       653M
Swap:         8.0G         0B       8.0G

             total       used       free     shared    buffers     cached
Mem:          992M       668M       323M       3.2M        38M       291M
-/+ buffers/cache:       338M       653M
Swap:         8.0G         0B       8.0G

             total       used       free     shared    buffers     cached
Mem:          992M       668M       323M       3.2M        38M       291M
-/+ buffers/cache:       338M       653M
Swap:         8.0G         0B       8.0G

             total       used       free     shared    buffers     cached
Mem:          992M       669M       323M       3.2M        38M       291M
-/+ buffers/cache:       338M       653M
Swap:         8.0G         0B       8.0G

             total       used       free     shared    buffers     cached
Mem:          992M       669M       323M       3.2M        38M       291M
-/+ buffers/cache:       338M       653M
Swap:         8.0G         0B       8.0G

             total       used       free     shared    buffers     cached
Mem:          992M       669M       323M       3.2M        38M       291M
-/+ buffers/cache:       338M       653M
Swap:         8.0G         0B       8.0G

             total       used       free     shared    buffers     cached
Mem:          992M       669M       323M       3.2M        38M       291M
-/+ buffers/cache:       338M       653M
Swap:         8.0G         0B       8.0G

             total       used       free     shared    buffers     cached
Mem:          992M       669M       323M       3.2M        38M       291M
-/+ buffers/cache:       338M       653M
Swap:         8.0G         0B       8.0G

             total       used       free     shared    buffers     cached
Mem:          992M       669M       323M       3.2M        38M       291M
-/+ buffers/cache:       338M       653M
Swap:         8.0G         0B       8.0G

             total       used       free     shared    buffers     cached
Mem:          992M       669M       323M       3.2M        38M       291M
-/+ buffers/cache:       338M       653M
Swap:         8.0G         0B       8.0G

             total       used       free     shared    buffers     cached
Mem:          992M       669M       323M       3.2M        38M       291M
-/+ buffers/cache:       338M       653M
Swap:         8.0G         0B       8.0G

             total       used       free     shared    buffers     cached
Mem:          992M       669M       323M       3.2M        38M       291M
-/+ buffers/cache:       338M       653M
Swap:         8.0G         0B       8.0G

             total       used       free     shared    buffers     cached
Mem:          992M       669M       323M       3.2M        38M       291M
-/+ buffers/cache:       338M       653M
Swap:         8.0G         0B       8.0G

             total       used       free     shared    buffers     cached
Mem:          992M       669M       323M       3.2M        38M       291M
-/+ buffers/cache:       338M       653M
Swap:         8.0G         0B       8.0G

             total       used       free     shared    buffers     cached
Mem:          992M       669M       323M       3.2M        38M       291M
-/+ buffers/cache:       338M       653M
Swap:         8.0G         0B       8.0G

             total       used       free     shared    buffers     cached
Mem:          992M       674M       317M       3.2M        38M       291M
-/+ buffers/cache:       343M       648M
Swap:         8.0G         0B       8.0G

             total       used       free     shared    buffers     cached
Mem:          992M       693M       298M       3.2M        38M       291M
-/+ buffers/cache:       362M       629M
Swap:         8.0G         0B       8.0G

             total       used       free     shared    buffers     cached
Mem:          992M       711M       280M       3.2M        38M       291M
-/+ buffers/cache:       380M       611M
Swap:         8.0G         0B       8.0G

             total       used       free     shared    buffers     cached
Mem:          992M       729M       262M       3.2M        38M       291M
-/+ buffers/cache:       398M       593M
Swap:         8.0G         0B       8.0G

             total       used       free     shared    buffers     cached
Mem:          992M       748M       243M       3.2M        38M       291M
-/+ buffers/cache:       417M       574M
Swap:         8.0G         0B       8.0G

             total       used       free     shared    buffers     cached
Mem:          992M       765M       226M       3.2M        38M       291M
-/+ buffers/cache:       435M       557M
Swap:         8.0G         0B       8.0G

             total       used       free     shared    buffers     cached
Mem:          992M       782M       209M       3.2M        38M       291M
-/+ buffers/cache:       452M       539M
Swap:         8.0G         0B       8.0G

             total       used       free     shared    buffers     cached
Mem:          992M       801M       191M       3.2M        38M       291M
-/+ buffers/cache:       470M       521M
Swap:         8.0G         0B       8.0G

             total       used       free     shared    buffers     cached
Mem:          992M       814M       178M       3.2M        38M       291M
-/+ buffers/cache:       483M       508M
Swap:         8.0G         0B       8.0G

             total       used       free     shared    buffers     cached
Mem:          992M       827M       165M       3.2M        38M       291M
-/+ buffers/cache:       496M       495M
Swap:         8.0G         0B       8.0G

             total       used       free     shared    buffers     cached
Mem:          992M       843M       149M       3.2M        38M       291M
-/+ buffers/cache:       512M       479M
Swap:         8.0G         0B       8.0G

             total       used       free     shared    buffers     cached
Mem:          992M       858M       134M       3.2M        38M       291M
-/+ buffers/cache:       527M       464M
Swap:         8.0G         0B       8.0G

             total       used       free     shared    buffers     cached
Mem:          992M       871M       120M       3.2M        38M       291M
-/+ buffers/cache:       540M       451M
Swap:         8.0G         0B       8.0G

             total       used       free     shared    buffers     cached
Mem:          992M       885M       106M       3.2M        38M       291M
-/+ buffers/cache:       554M       437M
Swap:         8.0G         0B       8.0G

             total       used       free     shared    buffers     cached
Mem:          992M       897M        95M       3.2M        38M       291M
-/+ buffers/cache:       566M       425M
Swap:         8.0G         0B       8.0G

             total       used       free     shared    buffers     cached
Mem:          992M       910M        81M       3.2M        38M       291M
-/+ buffers/cache:       579M       412M
Swap:         8.0G         0B       8.0G

             total       used       free     shared    buffers     cached
Mem:          992M       923M        68M       3.2M        38M       291M
-/+ buffers/cache:       592M       399M
Swap:         8.0G         0B       8.0G

             total       used       free     shared    buffers     cached
Mem:          992M       922M        69M       3.2M        25M       290M
-/+ buffers/cache:       606M       385M
Swap:         8.0G         0B       8.0G

             total       used       free     shared    buffers     cached
Mem:          992M       927M        64M       3.2M        17M       290M
-/+ buffers/cache:       619M       372M
Swap:         8.0G         0B       8.0G

             total       used       free     shared    buffers     cached
Mem:          992M       923M        68M       3.2M        10M       281M
-/+ buffers/cache:       631M       360M
Swap:         8.0G        12K       8.0G

             total       used       free     shared    buffers     cached
Mem:          992M       918M        73M       3.1M       9.8M       264M
-/+ buffers/cache:       643M       348M
Swap:         8.0G       116K       8.0G

             total       used       free     shared    buffers     cached
Mem:          992M       930M        61M       3.1M       9.8M       264M
-/+ buffers/cache:       656M       336M
Swap:         8.0G       116K       8.0G

             total       used       free     shared    buffers     cached
Mem:          992M       925M        67M       3.1M       9.8M       246M
-/+ buffers/cache:       668M       323M
Swap:         8.0G       220K       8.0G

             total       used       free     shared    buffers     cached
Mem:          992M       923M        68M       2.9M       9.8M       232M
-/+ buffers/cache:       680M       311M
Swap:         8.0G       4.1M       8.0G

             total       used       free     shared    buffers     cached
Mem:          992M       906M        85M       2.9M       9.5M       207M
-/+ buffers/cache:       689M       303M
Swap:         8.0G       8.8M       8.0G

             total       used       free     shared    buffers     cached
Mem:          992M       918M        73M       2.9M       9.5M       207M
-/+ buffers/cache:       701M       290M
Swap:         8.0G       8.8M       8.0G

             total       used       free     shared    buffers     cached
Mem:          992M       920M        71M       2.9M       2.8M       201M
-/+ buffers/cache:       716M       276M
Swap:         8.0G       8.8M       8.0G

             total       used       free     shared    buffers     cached
Mem:          992M       922M        69M       2.9M       1.8M       190M
-/+ buffers/cache:       730M       261M
Swap:         8.0G       8.8M       8.0G

             total       used       free     shared    buffers     cached
Mem:          992M       919M        72M       2.9M       292K       177M
-/+ buffers/cache:       741M       250M
Swap:         8.0G       8.8M       8.0G

             total       used       free     shared    buffers     cached
Mem:          992M       911M        80M       2.9M       240K       156M
-/+ buffers/cache:       754M       237M
Swap:         8.0G       8.8M       8.0G

             total       used       free     shared    buffers     cached
Mem:          992M       924M        67M       2.9M       240K       156M
-/+ buffers/cache:       767M       224M
Swap:         8.0G       8.8M       8.0G

             total       used       free     shared    buffers     cached
Mem:          992M       918M        73M       2.9M       240K       138M
-/+ buffers/cache:       779M       212M
Swap:         8.0G       8.8M       8.0G

             total       used       free     shared    buffers     cached
Mem:          992M       925M        66M       2.9M       248K       138M
-/+ buffers/cache:       787M       204M
Swap:         8.0G       8.8M       8.0G

             total       used       free     shared    buffers     cached
Mem:          992M       923M        68M       2.9M        92K       122M
-/+ buffers/cache:       801M       190M
Swap:         8.0G       8.8M       8.0G

             total       used       free     shared    buffers     cached
Mem:          992M       921M        70M       2.9M        96K       107M
-/+ buffers/cache:       814M       178M
Swap:         8.0G       8.8M       8.0G

             total       used       free     shared    buffers     cached
Mem:          992M       918M        73M       2.9M        96K        95M
-/+ buffers/cache:       823M       168M
Swap:         8.0G       8.8M       8.0G

             total       used       free     shared    buffers     cached
Mem:          992M       910M        81M       2.9M        96K        74M
-/+ buffers/cache:       836M       155M
Swap:         8.0G       8.8M       8.0G

             total       used       free     shared    buffers     cached
Mem:          992M       919M        73M       2.9M       2.5M        67M
-/+ buffers/cache:       848M       143M
Swap:         8.0G       8.8M       8.0G

             total       used       free     shared    buffers     cached
Mem:          992M       915M        76M       2.9M       2.5M        52M
-/+ buffers/cache:       860M       131M
Swap:         8.0G       8.8M       8.0G

             total       used       free     shared    buffers     cached
Mem:          992M       927M        64M       2.9M       2.5M        52M
-/+ buffers/cache:       872M       119M
Swap:         8.0G       8.8M       8.0G

             total       used       free     shared    buffers     cached
Mem:          992M       920M        71M       2.9M       2.8M        34M
-/+ buffers/cache:       883M       108M
Swap:         8.0G       8.8M       8.0G

             total       used       free     shared    buffers     cached
Mem:          992M       917M        75M       2.9M       2.8M        20M
-/+ buffers/cache:       893M        98M
Swap:         8.0G        11M       8.0G

             total       used       free     shared    buffers     cached
Mem:          992M       929M        62M       2.9M       2.8M        20M
-/+ buffers/cache:       906M        85M
Swap:         8.0G        11M       8.0G

             total       used       free     shared    buffers     cached
Mem:          992M       929M        63M       2.9M       316K        11M
-/+ buffers/cache:       917M        75M
Swap:         8.0G        11M       8.0G

             total       used       free     shared    buffers     cached
Mem:          992M       928M        63M       2.8M       196K       4.6M
-/+ buffers/cache:       924M        68M
Swap:         8.0G        22M       8.0G

             total       used       free     shared    buffers     cached
Mem:          992M       926M        65M       2.5M       196K       4.3M
-/+ buffers/cache:       921M        70M
Swap:         8.0G        47M       8.0G

             total       used       free     shared    buffers     cached
Mem:          992M       925M        67M       2.5M       196K       4.4M
-/+ buffers/cache:       920M        71M
Swap:         8.0G        51M       7.9G

             total       used       free     shared    buffers     cached
Mem:          992M       920M        71M       2.5M       200K       4.7M
-/+ buffers/cache:       915M        76M
Swap:         8.0G        70M       7.9G

             total       used       free     shared    buffers     cached
Mem:          992M       920M        71M       2.5M       200K       4.6M
-/+ buffers/cache:       915M        76M
Swap:         8.0G        91M       7.9G

             total       used       free     shared    buffers     cached
Mem:          992M       918M        73M       2.5M       208K       4.4M
-/+ buffers/cache:       914M        78M
Swap:         8.0G       100M       7.9G

             total       used       free     shared    buffers     cached
Mem:          992M       919M        72M       2.5M       208K       4.3M
-/+ buffers/cache:       915M        76M
Swap:         8.0G       123M       7.9G

             total       used       free     shared    buffers     cached
Mem:          992M       930M        61M       2.4M       208K       4.3M
-/+ buffers/cache:       925M        66M
Swap:         8.0G       123M       7.9G

             total       used       free     shared    buffers     cached
Mem:          992M       928M        63M       2.4M       208K       4.3M
-/+ buffers/cache:       924M        68M
Swap:         8.0G       123M       7.9G

             total       used       free     shared    buffers     cached
Mem:          992M       923M        68M       2.4M       196K       4.4M
-/+ buffers/cache:       919M        72M
Swap:         8.0G       150M       7.8G

             total       used       free     shared    buffers     cached
Mem:          992M       917M        75M       2.4M        76K        23M
-/+ buffers/cache:       893M        98M
Swap:         8.0G       175M       7.8G

             total       used       free     shared    buffers     cached
Mem:          992M       929M        62M       2.4M       540K        23M
-/+ buffers/cache:       905M        87M
Swap:         8.0G       175M       7.8G

             total       used       free     shared    buffers     cached
Mem:          992M       922M        69M       2.3M       512K       8.1M
-/+ buffers/cache:       913M        78M
Swap:         8.0G       256M       7.7G

             total       used       free     shared    buffers     cached
Mem:          992M       909M        82M       2.3M       516K       5.4M
-/+ buffers/cache:       903M        88M
Swap:         8.0G       256M       7.7G

             total       used       free     shared    buffers     cached
Mem:          992M       916M        75M       2.3M       520K       5.6M
-/+ buffers/cache:       910M        81M
Swap:         8.0G       256M       7.7G

             total       used       free     shared    buffers     cached
Mem:          992M       923M        69M       2.3M       520K       5.7M
-/+ buffers/cache:       916M        75M
Swap:         8.0G       256M       7.7G

             total       used       free     shared    buffers     cached
Mem:          992M       927M        64M       2.3M       528K       5.7M
-/+ buffers/cache:       921M        70M
Swap:         8.0G       256M       7.7G

             total       used       free     shared    buffers     cached
Mem:          992M       902M        89M       2.3M       464K       4.2M
-/+ buffers/cache:       897M        94M
Swap:         8.0G       256M       7.7G

             total       used       free     shared    buffers     cached
Mem:          992M       909M        82M       2.3M       464K       4.3M
-/+ buffers/cache:       904M        87M
Swap:         8.0G       256M       7.7G

             total       used       free     shared    buffers     cached
Mem:          992M       916M        75M       2.3M       464K       4.3M
-/+ buffers/cache:       912M        80M
Swap:         8.0G       256M       7.7G

             total       used       free     shared    buffers     cached
Mem:          992M       924M        67M       2.3M       464K       4.3M
-/+ buffers/cache:       919M        72M
Swap:         8.0G       256M       7.7G

             total       used       free     shared    buffers     cached
Mem:          992M       919M        72M       2.3M       472K       4.3M
-/+ buffers/cache:       914M        77M
Swap:         8.0G       256M       7.7G

             total       used       free     shared    buffers     cached
Mem:          992M       927M        65M       2.3M       472K       4.3M
-/+ buffers/cache:       922M        69M
Swap:         8.0G       256M       7.7G

             total       used       free     shared    buffers     cached
Mem:          992M       921M        70M       2.3M       472K       4.3M
-/+ buffers/cache:       917M        75M
Swap:         8.0G       256M       7.7G

             total       used       free     shared    buffers     cached
Mem:          992M       930M        61M       2.3M       472K       4.3M
-/+ buffers/cache:       925M        66M
Swap:         8.0G       256M       7.7G

             total       used       free     shared    buffers     cached
Mem:          992M       917M        74M       2.3M       252K       4.3M
-/+ buffers/cache:       913M        78M
Swap:         8.0G       278M       7.7G

             total       used       free     shared    buffers     cached
Mem:          992M       925M        66M       2.3M       252K       4.3M
-/+ buffers/cache:       920M        71M
Swap:         8.0G       278M       7.7G

             total       used       free     shared    buffers     cached
Mem:          992M       929M        62M       2.3M       260K       4.3M
-/+ buffers/cache:       924M        67M
Swap:         8.0G       278M       7.7G

             total       used       free     shared    buffers     cached
Mem:          992M       918M        73M       2.3M       192K       4.2M
-/+ buffers/cache:       913M        78M
Swap:         8.0G       294M       7.7G

             total       used       free     shared    buffers     cached
Mem:          992M       924M        67M       2.3M       192K       4.2M
-/+ buffers/cache:       919M        72M
Swap:         8.0G       294M       7.7G

             total       used       free     shared    buffers     cached
Mem:          992M       929M        62M       2.3M       192K       4.2M
-/+ buffers/cache:       925M        67M
Swap:         8.0G       294M       7.7G

             total       used       free     shared    buffers     cached
Mem:          992M       921M        70M       2.3M       192K       4.2M
-/+ buffers/cache:       917M        74M
Swap:         8.0G       302M       7.7G

             total       used       free     shared    buffers     cached
Mem:          992M       927M        65M       2.3M       200K       4.2M
-/+ buffers/cache:       922M        69M
Swap:         8.0G       302M       7.7G

             total       used       free     shared    buffers     cached
Mem:          992M       915M        76M       2.3M       200K       4.2M
-/+ buffers/cache:       911M        80M
Swap:         8.0G       335M       7.7G

             total       used       free     shared    buffers     cached
Mem:          992M       920M        72M       2.3M       200K       4.2M
-/+ buffers/cache:       915M        76M
Swap:         8.0G       335M       7.7G

             total       used       free     shared    buffers     cached
Mem:          992M       925M        66M       2.3M       200K       4.2M
-/+ buffers/cache:       920M        71M
Swap:         8.0G       335M       7.7G

             total       used       free     shared    buffers     cached
Mem:          992M       930M        61M       2.3M       200K       4.2M
-/+ buffers/cache:       925M        66M
Swap:         8.0G       335M       7.7G

             total       used       free     shared    buffers     cached
Mem:          992M       922M        69M       2.3M       208K       4.2M
-/+ buffers/cache:       917M        74M
Swap:         8.0G       335M       7.7G

             total       used       free     shared    buffers     cached
Mem:          992M       926M        65M       2.3M       208K       4.2M
-/+ buffers/cache:       922M        69M
Swap:         8.0G       335M       7.7G

             total       used       free     shared    buffers     cached
Mem:          992M       915M        77M       2.1M       208K       4.0M
-/+ buffers/cache:       910M        81M
Swap:         8.0G       348M       7.7G

             total       used       free     shared    buffers     cached
Mem:          992M       928M        63M        20K       160K       1.9M
-/+ buffers/cache:       926M        65M
Swap:         8.0G       327M       7.7G

             total       used       free     shared    buffers     cached
Mem:          992M       918M        73M         4K        76K       1.9M
-/+ buffers/cache:       916M        75M
Swap:         8.0G       334M       7.7G

             total       used       free     shared    buffers     cached
Mem:          992M       922M        70M         4K        76K       1.8M
-/+ buffers/cache:       920M        72M
Swap:         8.0G       328M       7.7G

             total       used       free     shared    buffers     cached
Mem:          992M       920M        71M         0B        84K       1.8M
-/+ buffers/cache:       918M        73M
Swap:         8.0G       329M       7.7G

             total       used       free     shared    buffers     cached
Mem:          992M       916M        75M         0B       104K       1.7M
-/+ buffers/cache:       914M        77M
Swap:         8.0G       340M       7.7G

             total       used       free     shared    buffers     cached
Mem:          992M       928M        64M         0B        96K       1.6M
-/+ buffers/cache:       926M        65M
Swap:         8.0G       324M       7.7G

             total       used       free     shared    buffers     cached
Mem:          992M       913M        78M         0B        80K       1.4M
-/+ buffers/cache:       911M        80M
Swap:         8.0G       337M       7.7G

             total       used       free     shared    buffers     cached
Mem:          992M       927M        64M         0B        80K       1.4M
-/+ buffers/cache:       926M        65M
Swap:         8.0G       331M       7.7G

             total       used       free     shared    buffers     cached
Mem:          992M       925M        66M         0B        88K       1.3M
-/+ buffers/cache:       924M        67M
Swap:         8.0G       337M       7.7G

             total       used       free     shared    buffers     cached
Mem:          992M       927M        65M         0B        88K       1.3M
-/+ buffers/cache:       925M        66M
Swap:         8.0G       336M       7.7G

             total       used       free     shared    buffers     cached
Mem:          992M       920M        72M         0B        88K       1.3M
-/+ buffers/cache:       918M        73M
Swap:         8.0G       331M       7.7G

             total       used       free     shared    buffers     cached
Mem:          992M       922M        69M         0B        88K       1.3M
-/+ buffers/cache:       920M        71M
Swap:         8.0G       338M       7.7G

             total       used       free     shared    buffers     cached
Mem:          992M       920M        71M         0B        88K       1.3M
-/+ buffers/cache:       919M        72M
Swap:         8.0G       343M       7.7G

             total       used       free     shared    buffers     cached
Mem:          992M       919M        72M         0B       224K       2.1M
-/+ buffers/cache:       917M        74M
Swap:         8.0G       346M       7.7G

             total       used       free     shared    buffers     cached
Mem:          992M       921M        71M         0B       228K       2.4M
-/+ buffers/cache:       918M        73M
Swap:         8.0G       341M       7.7G

             total       used       free     shared    buffers     cached
Mem:          992M       925M        66M         0B       228K       2.4M
-/+ buffers/cache:       923M        68M
Swap:         8.0G       339M       7.7G

             total       used       free     shared    buffers     cached
Mem:          992M       918M        73M         0B       184K       2.5M
-/+ buffers/cache:       915M        76M
Swap:         8.0G       353M       7.7G

             total       used       free     shared    buffers     cached
Mem:          992M       924M        67M         0B       184K       2.5M
-/+ buffers/cache:       922M        70M
Swap:         8.0G       353M       7.7G

             total       used       free     shared    buffers     cached
Mem:          992M       922M        69M         0B       184K       2.5M
-/+ buffers/cache:       920M        72M
Swap:         8.0G       360M       7.6G

             total       used       free     shared    buffers     cached
Mem:          992M       922M        69M         0B       192K       2.5M
-/+ buffers/cache:       920M        72M
Swap:         8.0G       367M       7.6G

             total       used       free     shared    buffers     cached
Mem:          992M       928M        63M         0B       192K       2.5M
-/+ buffers/cache:       925M        66M
Swap:         8.0G       367M       7.6G

             total       used       free     shared    buffers     cached
Mem:          992M       921M        70M         0B       192K       2.4M
-/+ buffers/cache:       919M        73M
Swap:         8.0G       378M       7.6G

             total       used       free     shared    buffers     cached
Mem:          992M       926M        65M         0B       192K       2.5M
-/+ buffers/cache:       923M        68M
Swap:         8.0G       378M       7.6G

             total       used       free     shared    buffers     cached
Mem:          992M       928M        63M         0B       192K       2.4M
-/+ buffers/cache:       925M        66M
Swap:         8.0G       377M       7.6G

             total       used       free     shared    buffers     cached
Mem:          992M       931M        61M         0B       200K       2.6M
-/+ buffers/cache:       928M        63M
Swap:         8.0G       376M       7.6G

             total       used       free     shared    buffers     cached
Mem:          992M       916M        75M         0B       200K       2.5M
-/+ buffers/cache:       913M        78M
Swap:         8.0G       395M       7.6G

             total       used       free     shared    buffers     cached
Mem:          992M       918M        73M         0B       200K       2.6M
-/+ buffers/cache:       915M        76M
Swap:         8.0G       394M       7.6G

             total       used       free     shared    buffers     cached
Mem:          992M       920M        71M         0B       200K       2.6M
-/+ buffers/cache:       918M        74M
Swap:         8.0G       393M       7.6G

             total       used       free     shared    buffers     cached
Mem:          992M       922M        69M         0B       200K       2.5M
-/+ buffers/cache:       920M        71M
Swap:         8.0G       392M       7.6G

             total       used       free     shared    buffers     cached
Mem:          992M       924M        67M         0B       208K       2.6M
-/+ buffers/cache:       922M        70M
Swap:         8.0G       391M       7.6G

             total       used       free     shared    buffers     cached
Mem:          992M       904M        87M         0B        76K        19M
-/+ buffers/cache:       884M       107M
Swap:         8.0G       435M       7.6G

             total       used       free     shared    buffers     cached
Mem:          992M       908M        84M         0B       508K        20M
-/+ buffers/cache:       887M       104M
Swap:         8.0G       434M       7.6G

             total       used       free     shared    buffers     cached
Mem:          992M       910M        82M         0B       660K        20M
-/+ buffers/cache:       889M       102M
Swap:         8.0G       433M       7.6G

             total       used       free     shared    buffers     cached
Mem:          992M       912M        79M         0B       664K        20M
-/+ buffers/cache:       891M       100M
Swap:         8.0G       433M       7.6G

             total       used       free     shared    buffers     cached
Mem:          992M       914M        77M         0B       664K        20M
-/+ buffers/cache:       893M        98M
Swap:         8.0G       432M       7.6G

             total       used       free     shared    buffers     cached
Mem:          992M       915M        76M         0B       672K        20M
-/+ buffers/cache:       894M        97M
Swap:         8.0G       431M       7.6G

             total       used       free     shared    buffers     cached
Mem:          992M       917M        74M         0B       672K        20M
-/+ buffers/cache:       896M        95M
Swap:         8.0G       430M       7.6G

             total       used       free     shared    buffers     cached
Mem:          992M       919M        72M         0B       672K        20M
-/+ buffers/cache:       899M        93M
Swap:         8.0G       429M       7.6G

             total       used       free     shared    buffers     cached
Mem:          992M       922M        70M         0B       672K        20M
-/+ buffers/cache:       901M        90M
Swap:         8.0G       429M       7.6G

             total       used       free     shared    buffers     cached
Mem:          992M       924M        67M         0B       672K        20M
-/+ buffers/cache:       903M        88M
Swap:         8.0G       428M       7.6G

             total       used       free     shared    buffers     cached
Mem:          992M       926M        65M         0B       680K        20M
-/+ buffers/cache:       905M        86M
Swap:         8.0G       427M       7.6G

             total       used       free     shared    buffers     cached
Mem:          992M       928M        63M         0B       680K        20M
-/+ buffers/cache:       907M        84M
Swap:         8.0G       426M       7.6G

             total       used       free     shared    buffers     cached
Mem:          992M       931M        61M         0B       680K        20M
-/+ buffers/cache:       910M        82M
Swap:         8.0G       425M       7.6G

             total       used       free     shared    buffers     cached
Mem:          992M       918M        73M         0B       680K        19M
-/+ buffers/cache:       897M        94M
Swap:         8.0G       437M       7.6G

             total       used       free     shared    buffers     cached
Mem:          992M       920M        71M         0B       680K        19M
-/+ buffers/cache:       900M        91M
Swap:         8.0G       436M       7.6G

             total       used       free     shared    buffers     cached
Mem:          992M       923M        69M         0B       688K        19M
-/+ buffers/cache:       902M        89M
Swap:         8.0G       435M       7.6G

             total       used       free     shared    buffers     cached
Mem:          992M       925M        66M         0B       688K        19M
-/+ buffers/cache:       905M        87M
Swap:         8.0G       434M       7.6G

             total       used       free     shared    buffers     cached
Mem:          992M       928M        63M         0B       688K        19M
-/+ buffers/cache:       907M        84M
Swap:         8.0G       433M       7.6G

             total       used       free     shared    buffers     cached
Mem:          992M       930M        61M         0B       688K        19M
-/+ buffers/cache:       909M        82M
Swap:         8.0G       432M       7.6G

             total       used       free     shared    buffers     cached
Mem:          992M       915M        76M         0B       688K        18M
-/+ buffers/cache:       896M        95M
Swap:         8.0G       441M       7.6G

             total       used       free     shared    buffers     cached
Mem:          992M       917M        74M         0B       688K        18M
-/+ buffers/cache:       898M        93M
Swap:         8.0G       440M       7.6G

             total       used       free     shared    buffers     cached
Mem:          992M       920M        72M         0B       696K        18M
-/+ buffers/cache:       900M        91M
Swap:         8.0G       439M       7.6G

             total       used       free     shared    buffers     cached
Mem:          992M       922M        70M         0B       696K        18M
-/+ buffers/cache:       902M        89M
Swap:         8.0G       439M       7.6G

             total       used       free     shared    buffers     cached
Mem:          992M       924M        67M         0B       696K        18M
-/+ buffers/cache:       905M        86M
Swap:         8.0G       437M       7.6G

             total       used       free     shared    buffers     cached
Mem:          992M       926M        65M         0B       696K        18M
-/+ buffers/cache:       907M        84M
Swap:         8.0G       436M       7.6G

             total       used       free     shared    buffers     cached
Mem:          992M       929M        62M         0B       696K        18M
-/+ buffers/cache:       909M        82M
Swap:         8.0G       435M       7.6G

             total       used       free     shared    buffers     cached
Mem:          992M       931M        60M         0B       704K        18M
-/+ buffers/cache:       911M        80M
Swap:         8.0G       435M       7.6G

             total       used       free     shared    buffers     cached
Mem:          992M       920M        71M         0B       672K        17M
-/+ buffers/cache:       902M        90M
Swap:         8.0G       447M       7.6G

             total       used       free     shared    buffers     cached
Mem:          992M       921M        70M         0B       672K        17M
-/+ buffers/cache:       903M        88M
Swap:         8.0G       446M       7.6G

             total       used       free     shared    buffers     cached
Mem:          992M       923M        68M         0B       672K        17M
-/+ buffers/cache:       905M        87M
Swap:         8.0G       446M       7.6G

             total       used       free     shared    buffers     cached
Mem:          992M       924M        67M         0B       672K        17M
-/+ buffers/cache:       906M        85M
Swap:         8.0G       445M       7.6G

             total       used       free     shared    buffers     cached
Mem:          992M       926M        65M         0B       680K        17M
-/+ buffers/cache:       908M        83M
Swap:         8.0G       444M       7.6G

             total       used       free     shared    buffers     cached
Mem:          992M       928M        64M         0B       680K        17M
-/+ buffers/cache:       909M        82M
Swap:         8.0G       444M       7.6G

             total       used       free     shared    buffers     cached
Mem:          992M       923M        68M         0B       1.2M        24M
-/+ buffers/cache:       897M        94M
Swap:         8.0G       468M       7.5G

             total       used       free     shared    buffers     cached
Mem:          992M       919M        73M        16K       672K        28M
-/+ buffers/cache:       890M       101M
Swap:         8.0G       461M       7.5G

             total       used       free     shared    buffers     cached
Mem:          992M       920M        71M        16K       676K        28M
-/+ buffers/cache:       891M       100M
Swap:         8.0G       460M       7.5G

             total       used       free     shared    buffers     cached
Mem:          992M       922M        69M        16K       676K        28M
-/+ buffers/cache:       893M        98M
Swap:         8.0G       459M       7.5G

             total       used       free     shared    buffers     cached
Mem:          992M       924M        67M        16K       684K        29M
-/+ buffers/cache:       894M        97M
Swap:         8.0G       459M       7.5G

             total       used       free     shared    buffers     cached
Mem:          992M       925M        66M        16K       684K        29M
-/+ buffers/cache:       895M        96M
Swap:         8.0G       458M       7.5G

             total       used       free     shared    buffers     cached
Mem:          992M       927M        65M        16K       684K        29M
-/+ buffers/cache:       896M        95M
Swap:         8.0G       458M       7.5G

             total       used       free     shared    buffers     cached
Mem:          992M       928M        63M        16K       684K        29M
-/+ buffers/cache:       898M        93M
Swap:         8.0G       457M       7.6G

             total       used       free     shared    buffers     cached
Mem:          992M       929M        62M        16K       684K        29M
-/+ buffers/cache:       899M        92M
Swap:         8.0G       457M       7.6G

             total       used       free     shared    buffers     cached
Mem:          992M       930M        61M        16K       692K        29M
-/+ buffers/cache:       900M        91M
Swap:         8.0G       456M       7.6G

             total       used       free     shared    buffers     cached
Mem:          992M       911M        80M        16K       684K        27M
-/+ buffers/cache:       882M       109M
Swap:         8.0G       487M       7.5G

             total       used       free     shared    buffers     cached
Mem:          992M       912M        79M        16K       684K        27M
-/+ buffers/cache:       884M       108M
Swap:         8.0G       486M       7.5G

             total       used       free     shared    buffers     cached
Mem:          992M       914M        78M        16K       684K        28M
-/+ buffers/cache:       885M       106M
Swap:         8.0G       485M       7.5G

             total       used       free     shared    buffers     cached
Mem:          992M       915M        76M        16K       684K        28M
-/+ buffers/cache:       886M       105M
Swap:         8.0G       485M       7.5G

             total       used       free     shared    buffers     cached
Mem:          992M       916M        76M        16K       684K        28M
-/+ buffers/cache:       887M       104M
Swap:         8.0G       485M       7.5G

             total       used       free     shared    buffers     cached
Mem:          992M       917M        74M        16K       692K        28M
-/+ buffers/cache:       888M       103M
Swap:         8.0G       484M       7.5G

             total       used       free     shared    buffers     cached
Mem:          992M       918M        73M        16K       692K        28M
-/+ buffers/cache:       889M       102M
Swap:         8.0G       484M       7.5G

             total       used       free     shared    buffers     cached
Mem:          992M       919M        72M        16K       692K        28M
-/+ buffers/cache:       890M       101M
Swap:         8.0G       483M       7.5G

             total       used       free     shared    buffers     cached
Mem:          992M       920M        71M        16K       692K        28M
-/+ buffers/cache:       892M       100M
Swap:         8.0G       483M       7.5G

             total       used       free     shared    buffers     cached
Mem:          992M       922M        70M        16K       692K        28M
-/+ buffers/cache:       893M        98M
Swap:         8.0G       482M       7.5G

             total       used       free     shared    buffers     cached
Mem:          992M       923M        68M        16K       700K        28M
-/+ buffers/cache:       894M        97M
Swap:         8.0G       482M       7.5G

             total       used       free     shared    buffers     cached
Mem:          992M       924M        67M        16K       700K        28M
-/+ buffers/cache:       895M        96M
Swap:         8.0G       481M       7.5G

             total       used       free     shared    buffers     cached
Mem:          992M       925M        66M        16K       700K        28M
-/+ buffers/cache:       897M        94M
Swap:         8.0G       481M       7.5G

             total       used       free     shared    buffers     cached
Mem:          992M       927M        64M        16K       700K        28M
-/+ buffers/cache:       898M        93M
Swap:         8.0G       480M       7.5G

             total       used       free     shared    buffers     cached
Mem:          992M       928M        63M        16K       700K        28M
-/+ buffers/cache:       899M        92M
Swap:         8.0G       480M       7.5G

             total       used       free     shared    buffers     cached
Mem:          992M       929M        62M        16K       700K        28M
-/+ buffers/cache:       901M        91M
Swap:         8.0G       479M       7.5G

             total       used       free     shared    buffers     cached
Mem:          992M       931M        61M        16K       708K        28M
-/+ buffers/cache:       902M        89M
Swap:         8.0G       478M       7.5G

             total       used       free     shared    buffers     cached
Mem:          992M       919M        72M        16K       708K        32M
-/+ buffers/cache:       886M       105M
Swap:         8.0G       487M       7.5G

             total       used       free     shared    buffers     cached
Mem:          992M       920M        71M        16K       720K        32M
-/+ buffers/cache:       887M       104M
Swap:         8.0G       486M       7.5G

             total       used       free     shared    buffers     cached
Mem:          992M       922M        70M        16K       720K        32M
-/+ buffers/cache:       888M       103M
Swap:         8.0G       485M       7.5G

             total       used       free     shared    buffers     cached
Mem:          992M       923M        68M        16K       720K        32M
-/+ buffers/cache:       890M       102M
Swap:         8.0G       485M       7.5G

             total       used       free     shared    buffers     cached
Mem:          992M       924M        67M        16K       728K        32M
-/+ buffers/cache:       891M       100M
Swap:         8.0G       484M       7.5G

             total       used       free     shared    buffers     cached
Mem:          992M       926M        65M        16K       728K        32M
-/+ buffers/cache:       892M        99M
Swap:         8.0G       483M       7.5G

             total       used       free     shared    buffers     cached
Mem:          992M       927M        64M        16K       728K        32M
-/+ buffers/cache:       894M        98M
Swap:         8.0G       483M       7.5G

             total       used       free     shared    buffers     cached
Mem:          992M       928M        63M        16K       728K        32M
-/+ buffers/cache:       895M        96M
Swap:         8.0G       482M       7.5G

             total       used       free     shared    buffers     cached
Mem:          992M       930M        61M        16K       728K        32M
-/+ buffers/cache:       896M        95M
Swap:         8.0G       481M       7.5G

             total       used       free     shared    buffers     cached
Mem:          992M       922M        70M        16K       272K        32M
-/+ buffers/cache:       889M       102M
Swap:         8.0G       494M       7.5G

             total       used       free     shared    buffers     cached
Mem:          992M       911M        80M        16K       140K        31M
-/+ buffers/cache:       880M       111M
Swap:         8.0G       504M       7.5G

             total       used       free     shared    buffers     cached
Mem:          992M       912M        79M        16K       140K        31M
-/+ buffers/cache:       881M       110M
Swap:         8.0G       503M       7.5G

             total       used       free     shared    buffers     cached
Mem:          992M       914M        77M        16K       140K        31M
-/+ buffers/cache:       883M       109M
Swap:         8.0G       502M       7.5G

             total       used       free     shared    buffers     cached
Mem:          992M       915M        76M        16K       140K        31M
-/+ buffers/cache:       884M       107M
Swap:         8.0G       502M       7.5G

             total       used       free     shared    buffers     cached
Mem:          992M       916M        75M        16K       140K        30M
-/+ buffers/cache:       885M       106M
Swap:         8.0G       501M       7.5G

             total       used       free     shared    buffers     cached
Mem:          992M       918M        74M        16K       148K        30M
-/+ buffers/cache:       886M       105M
Swap:         8.0G       500M       7.5G

             total       used       free     shared    buffers     cached
Mem:          992M       919M        72M        16K       148K        31M
-/+ buffers/cache:       888M       103M
Swap:         8.0G       499M       7.5G

             total       used       free     shared    buffers     cached
Mem:          992M       921M        71M        16K       148K        31M
-/+ buffers/cache:       889M       102M
Swap:         8.0G       499M       7.5G

             total       used       free     shared    buffers     cached
Mem:          992M       922M        69M        16K       148K        31M
-/+ buffers/cache:       891M       100M
Swap:         8.0G       498M       7.5G

             total       used       free     shared    buffers     cached
Mem:          992M       923M        68M        16K       148K        30M
-/+ buffers/cache:       892M        99M
Swap:         8.0G       497M       7.5G

             total       used       free     shared    buffers     cached
Mem:          992M       925M        67M        16K       148K        30M
-/+ buffers/cache:       893M        98M
Swap:         8.0G       497M       7.5G

             total       used       free     shared    buffers     cached
Mem:          992M       926M        65M        16K       156K        31M
-/+ buffers/cache:       895M        96M
Swap:         8.0G       496M       7.5G

             total       used       free     shared    buffers     cached
Mem:          992M       927M        64M        16K       156K        31M
-/+ buffers/cache:       896M        95M
Swap:         8.0G       495M       7.5G

             total       used       free     shared    buffers     cached
Mem:          992M       929M        62M        16K       156K        30M
-/+ buffers/cache:       898M        93M
Swap:         8.0G       494M       7.5G

             total       used       free     shared    buffers     cached
Mem:          992M       930M        61M        16K       156K        30M
-/+ buffers/cache:       899M        92M
Swap:         8.0G       494M       7.5G

             total       used       free     shared    buffers     cached
Mem:          992M       920M        72M        16K       156K        30M
-/+ buffers/cache:       889M       102M
Swap:         8.0G       493M       7.5G

             total       used       free     shared    buffers     cached
Mem:          992M       921M        70M        16K       164K        30M
-/+ buffers/cache:       890M       101M
Swap:         8.0G       493M       7.5G

             total       used       free     shared    buffers     cached
Mem:          992M       923M        69M        16K       164K        30M
-/+ buffers/cache:       892M        99M
Swap:         8.0G       492M       7.5G

             total       used       free     shared    buffers     cached
Mem:          992M       924M        67M        16K       164K        30M
-/+ buffers/cache:       893M        98M
Swap:         8.0G       492M       7.5G

             total       used       free     shared    buffers     cached
Mem:          992M       925M        66M        16K       164K        30M
-/+ buffers/cache:       895M        96M
Swap:         8.0G       491M       7.5G

             total       used       free     shared    buffers     cached
Mem:          992M       927M        64M        16K       164K        30M
-/+ buffers/cache:       896M        95M
Swap:         8.0G       490M       7.5G

             total       used       free     shared    buffers     cached
Mem:          992M       928M        63M        16K       164K        30M
-/+ buffers/cache:       898M        93M
Swap:         8.0G       489M       7.5G

             total       used       free     shared    buffers     cached
Mem:          992M       929M        62M        16K       172K        30M
-/+ buffers/cache:       899M        92M
Swap:         8.0G       489M       7.5G

             total       used       free     shared    buffers     cached
Mem:          992M       931M        61M        16K       172K        30M
-/+ buffers/cache:       900M        91M
Swap:         8.0G       488M       7.5G

             total       used       free     shared    buffers     cached
Mem:          992M       913M        78M        16K       156K        28M
-/+ buffers/cache:       885M       107M
Swap:         8.0G       517M       7.5G

             total       used       free     shared    buffers     cached
Mem:          992M       915M        77M        16K       156K        28M
-/+ buffers/cache:       886M       105M
Swap:         8.0G       517M       7.5G

             total       used       free     shared    buffers     cached
Mem:          992M       916M        76M        16K       156K        28M
-/+ buffers/cache:       887M       104M
Swap:         8.0G       516M       7.5G

             total       used       free     shared    buffers     cached
Mem:          992M       918M        74M        16K       164K        28M
-/+ buffers/cache:       888M       103M
Swap:         8.0G       515M       7.5G

             total       used       free     shared    buffers     cached
Mem:          992M       919M        72M        16K       164K        28M
-/+ buffers/cache:       890M       101M
Swap:         8.0G       515M       7.5G

             total       used       free     shared    buffers     cached
Mem:          992M       922M        70M        16K       300K        29M
-/+ buffers/cache:       892M       100M
Swap:         8.0G       514M       7.5G

             total       used       free     shared    buffers     cached
Mem:          992M       923M        68M        20K       300K        29M
-/+ buffers/cache:       893M        98M
Swap:         8.0G       513M       7.5G

             total       used       free     shared    buffers     cached
Mem:          992M       925M        67M        20K       300K        29M
-/+ buffers/cache:       895M        97M
Swap:         8.0G       512M       7.5G

             total       used       free     shared    buffers     cached
Mem:          992M       926M        65M        20K       300K        29M
-/+ buffers/cache:       896M        95M
Swap:         8.0G       512M       7.5G

             total       used       free     shared    buffers     cached
Mem:          992M       919M        72M        20K       308K        30M
-/+ buffers/cache:       888M       103M
Swap:         8.0G       509M       7.5G

             total       used       free     shared    buffers     cached
Mem:          992M       921M        70M        20K       308K        30M
-/+ buffers/cache:       890M       101M
Swap:         8.0G       509M       7.5G

             total       used       free     shared    buffers     cached
Mem:          992M       922M        69M        20K       308K        30M
-/+ buffers/cache:       891M       100M
Swap:         8.0G       508M       7.5G

             total       used       free     shared    buffers     cached
Mem:          992M       916M        75M        20K       304K        31M
-/+ buffers/cache:       884M       107M
Swap:         8.0G       517M       7.5G

             total       used       free     shared    buffers     cached
Mem:          992M       914M        78M        20K       304K        31M
-/+ buffers/cache:       882M       109M
Swap:         8.0G       518M       7.5G

             total       used       free     shared    buffers     cached
Mem:          992M       914M        77M        20K       312K        31M
-/+ buffers/cache:       883M       108M
Swap:         8.0G       517M       7.5G

             total       used       free     shared    buffers     cached
Mem:          992M       915M        76M        20K       312K        31M
-/+ buffers/cache:       884M       108M
Swap:         8.0G       517M       7.5G

             total       used       free     shared    buffers     cached
Mem:          992M       916M        75M        20K       312K        31M
-/+ buffers/cache:       885M       106M
Swap:         8.0G       516M       7.5G

             total       used       free     shared    buffers     cached
Mem:          992M       917M        74M        20K       312K        31M
-/+ buffers/cache:       885M       106M
Swap:         8.0G       516M       7.5G

             total       used       free     shared    buffers     cached
Mem:          992M       918M        73M        20K       312K        31M
-/+ buffers/cache:       886M       105M
Swap:         8.0G       516M       7.5G

             total       used       free     shared    buffers     cached
Mem:          992M       918M        73M        20K       312K        31M
-/+ buffers/cache:       887M       104M
Swap:         8.0G       515M       7.5G

             total       used       free     shared    buffers     cached
Mem:          992M       919M        72M        20K       320K        31M
-/+ buffers/cache:       888M       103M
Swap:         8.0G       515M       7.5G

             total       used       free     shared    buffers     cached
Mem:          992M       920M        71M        20K       320K        31M
-/+ buffers/cache:       889M       103M
Swap:         8.0G       515M       7.5G

             total       used       free     shared    buffers     cached
Mem:          992M       922M        70M        20K       320K        31M
-/+ buffers/cache:       889M       102M
Swap:         8.0G       514M       7.5G

             total       used       free     shared    buffers     cached
Mem:          992M       922M        70M       3.8M       3.8M        50M
-/+ buffers/cache:       867M       124M
Swap:         8.0G       550M       7.5G

             total       used       free     shared    buffers     cached
Mem:          992M       917M        74M       3.9M       4.6M        63M
-/+ buffers/cache:       849M       142M
Swap:         8.0G       564M       7.4G

             total       used       free     shared    buffers     cached
Mem:          992M       922M        69M       208K       4.6M        63M
-/+ buffers/cache:       853M       138M
Swap:         8.0G       564M       7.4G

             total       used       free     shared    buffers     cached
Mem:          992M       912M        79M       208K       3.9M        61M
-/+ buffers/cache:       846M       145M
Swap:         8.0G       573M       7.4G

             total       used       free     shared    buffers     cached
Mem:          992M       913M        78M       208K       3.9M        61M
-/+ buffers/cache:       848M       144M
Swap:         8.0G       573M       7.4G

             total       used       free     shared    buffers     cached
Mem:          992M       915M        77M       208K       3.9M        61M
-/+ buffers/cache:       849M       142M
Swap:         8.0G       572M       7.4G

             total       used       free     shared    buffers     cached
Mem:          992M       917M        74M       208K       4.1M        62M
-/+ buffers/cache:       850M       141M
Swap:         8.0G       571M       7.4G

             total       used       free     shared    buffers     cached
Mem:          992M       918M        73M       208K       4.1M        62M
-/+ buffers/cache:       851M       140M
Swap:         8.0G       571M       7.4G

             total       used       free     shared    buffers     cached
Mem:          992M       920M        72M       208K       4.1M        62M
-/+ buffers/cache:       853M       138M
Swap:         8.0G       570M       7.4G

             total       used       free     shared    buffers     cached
Mem:          992M       921M        70M       208K       4.1M        62M
-/+ buffers/cache:       854M       137M
Swap:         8.0G       570M       7.4G

             total       used       free     shared    buffers     cached
Mem:          992M       922M        69M       208K       4.1M        62M
-/+ buffers/cache:       855M       136M
Swap:         8.0G       569M       7.4G

             total       used       free     shared    buffers     cached
Mem:          992M       923M        68M       208K       4.1M        62M
-/+ buffers/cache:       857M       134M
Swap:         8.0G       568M       7.4G

             total       used       free     shared    buffers     cached
Mem:          992M       925M        67M       208K       4.1M        62M
-/+ buffers/cache:       858M       133M
Swap:         8.0G       568M       7.4G

             total       used       free     shared    buffers     cached
Mem:          992M       926M        65M       208K       4.1M        62M
-/+ buffers/cache:       859M       132M
Swap:         8.0G       567M       7.4G

             total       used       free     shared    buffers     cached
Mem:          992M       927M        64M       208K       4.1M        62M
-/+ buffers/cache:       860M       131M
Swap:         8.0G       567M       7.4G

             total       used       free     shared    buffers     cached
Mem:          992M       928M        63M       208K       4.1M        62M
-/+ buffers/cache:       861M       130M
Swap:         8.0G       566M       7.4G

             total       used       free     shared    buffers     cached
Mem:          992M       929M        62M       208K       4.1M        62M
-/+ buffers/cache:       863M       128M
Swap:         8.0G       565M       7.4G

             total       used       free     shared    buffers     cached
Mem:          992M       918M        73M       208K       4.1M        62M
-/+ buffers/cache:       852M       139M
Swap:         8.0G       579M       7.4G

             total       used       free     shared    buffers     cached
Mem:          992M       919M        72M       208K       4.1M        62M
-/+ buffers/cache:       853M       138M
Swap:         8.0G       579M       7.4G

             total       used       free     shared    buffers     cached
Mem:          992M       921M        71M       208K       4.1M        62M
-/+ buffers/cache:       854M       137M
Swap:         8.0G       578M       7.4G

             total       used       free     shared    buffers     cached
Mem:          992M       922M        69M       208K       4.1M        62M
-/+ buffers/cache:       856M       135M
Swap:         8.0G       577M       7.4G

             total       used       free     shared    buffers     cached
Mem:          992M       924M        68M       208K       4.1M        62M
-/+ buffers/cache:       857M       134M
Swap:         8.0G       576M       7.4G

             total       used       free     shared    buffers     cached
Mem:          992M       925M        66M       208K       4.1M        62M
-/+ buffers/cache:       858M       133M
Swap:         8.0G       576M       7.4G

             total       used       free     shared    buffers     cached
Mem:          992M       926M        65M       208K       4.1M        62M
-/+ buffers/cache:       860M       132M
Swap:         8.0G       575M       7.4G

             total       used       free     shared    buffers     cached
Mem:          992M       927M        64M       208K       4.1M        62M
-/+ buffers/cache:       861M       130M
Swap:         8.0G       574M       7.4G

             total       used       free     shared    buffers     cached
Mem:          992M       929M        63M       208K       4.1M        62M
-/+ buffers/cache:       862M       129M
Swap:         8.0G       574M       7.4G

             total       used       free     shared    buffers     cached
Mem:          992M       930M        61M       208K       4.1M        62M
-/+ buffers/cache:       864M       128M
Swap:         8.0G       573M       7.4G

             total       used       free     shared    buffers     cached
Mem:          992M       914M        77M       208K       4.1M        61M
-/+ buffers/cache:       848M       143M
Swap:         8.0G       581M       7.4G

             total       used       free     shared    buffers     cached
Mem:          992M       915M        76M       208K       4.1M        61M
-/+ buffers/cache:       849M       142M
Swap:         8.0G       580M       7.4G

             total       used       free     shared    buffers     cached
Mem:          992M       916M        75M       208K       4.1M        61M
-/+ buffers/cache:       851M       140M
Swap:         8.0G       579M       7.4G

             total       used       free     shared    buffers     cached
Mem:          992M       918M        74M       208K       4.1M        61M
-/+ buffers/cache:       852M       139M
Swap:         8.0G       579M       7.4G

             total       used       free     shared    buffers     cached
Mem:          992M       919M        72M       208K       4.1M        61M
-/+ buffers/cache:       854M       138M
Swap:         8.0G       578M       7.4G

             total       used       free     shared    buffers     cached
Mem:          992M       920M        71M       208K       4.1M        61M
-/+ buffers/cache:       855M       136M
Swap:         8.0G       577M       7.4G

             total       used       free     shared    buffers     cached
Mem:          992M       922M        69M       276K       5.6M        66M
-/+ buffers/cache:       850M       141M
Swap:         8.0G       579M       7.4G

             total       used       free     shared    buffers     cached
Mem:          992M       919M        73M       252K       9.0M        73M
-/+ buffers/cache:       836M       156M
Swap:         8.0G       594M       7.4G
