             total       used       free     shared    buffers     cached
Mem:          2.0G       657M       1.3G       3.2M        38M       289M
-/+ buffers/cache:       329M       1.6G
Swap:         8.0G         0B       8.0G

             total       used       free     shared    buffers     cached
Mem:          2.0G       656M       1.3G       1.4M        38M       287M
-/+ buffers/cache:       329M       1.6G
Swap:         8.0G         0B       8.0G

             total       used       free     shared    buffers     cached
Mem:          2.0G       656M       1.3G       1.4M        38M       287M
-/+ buffers/cache:       329M       1.6G
Swap:         8.0G         0B       8.0G

             total       used       free     shared    buffers     cached
Mem:          2.0G       656M       1.3G       1.4M        38M       287M
-/+ buffers/cache:       329M       1.6G
Swap:         8.0G         0B       8.0G

             total       used       free     shared    buffers     cached
Mem:          2.0G       656M       1.3G       1.4M        38M       287M
-/+ buffers/cache:       329M       1.6G
Swap:         8.0G         0B       8.0G

             total       used       free     shared    buffers     cached
Mem:          2.0G       656M       1.3G       1.4M        38M       287M
-/+ buffers/cache:       329M       1.6G
Swap:         8.0G         0B       8.0G

             total       used       free     shared    buffers     cached
Mem:          2.0G       655M       1.3G       1.4M        38M       287M
-/+ buffers/cache:       329M       1.6G
Swap:         8.0G         0B       8.0G

             total       used       free     shared    buffers     cached
Mem:          2.0G       655M       1.3G       1.4M        38M       288M
-/+ buffers/cache:       329M       1.6G
Swap:         8.0G         0B       8.0G

             total       used       free     shared    buffers     cached
Mem:          2.0G       655M       1.3G       1.4M        38M       288M
-/+ buffers/cache:       328M       1.6G
Swap:         8.0G         0B       8.0G

             total       used       free     shared    buffers     cached
Mem:          2.0G       659M       1.3G       1.4M        38M       288M
-/+ buffers/cache:       332M       1.6G
Swap:         8.0G         0B       8.0G

             total       used       free     shared    buffers     cached
Mem:          2.0G       678M       1.3G       1.4M        38M       288M
-/+ buffers/cache:       351M       1.6G
Swap:         8.0G         0B       8.0G

             total       used       free     shared    buffers     cached
Mem:          2.0G       664M       1.3G       1.4M        38M       289M
-/+ buffers/cache:       336M       1.6G
Swap:         8.0G         0B       8.0G

             total       used       free     shared    buffers     cached
Mem:          2.0G       664M       1.3G       1.4M        38M       289M
-/+ buffers/cache:       336M       1.6G
Swap:         8.0G         0B       8.0G

             total       used       free     shared    buffers     cached
Mem:          2.0G       665M       1.3G       1.4M        38M       289M
-/+ buffers/cache:       337M       1.6G
Swap:         8.0G         0B       8.0G

             total       used       free     shared    buffers     cached
Mem:          2.0G       665M       1.3G       1.4M        38M       289M
-/+ buffers/cache:       337M       1.6G
Swap:         8.0G         0B       8.0G

             total       used       free     shared    buffers     cached
Mem:          2.0G       665M       1.3G       1.4M        38M       289M
-/+ buffers/cache:       337M       1.6G
Swap:         8.0G         0B       8.0G

             total       used       free     shared    buffers     cached
Mem:          2.0G       665M       1.3G       1.4M        38M       289M
-/+ buffers/cache:       337M       1.6G
Swap:         8.0G         0B       8.0G

             total       used       free     shared    buffers     cached
Mem:          2.0G       665M       1.3G       1.4M        38M       289M
-/+ buffers/cache:       337M       1.6G
Swap:         8.0G         0B       8.0G

             total       used       free     shared    buffers     cached
Mem:          2.0G       665M       1.3G       1.4M        38M       289M
-/+ buffers/cache:       337M       1.6G
Swap:         8.0G         0B       8.0G

             total       used       free     shared    buffers     cached
Mem:          2.0G       665M       1.3G       1.4M        38M       289M
-/+ buffers/cache:       337M       1.6G
Swap:         8.0G         0B       8.0G

             total       used       free     shared    buffers     cached
Mem:          2.0G       665M       1.3G       1.4M        38M       289M
-/+ buffers/cache:       337M       1.6G
Swap:         8.0G         0B       8.0G

             total       used       free     shared    buffers     cached
Mem:          2.0G       665M       1.3G       1.4M        38M       289M
-/+ buffers/cache:       337M       1.6G
Swap:         8.0G         0B       8.0G

             total       used       free     shared    buffers     cached
Mem:          2.0G       665M       1.3G       1.4M        38M       289M
-/+ buffers/cache:       337M       1.6G
Swap:         8.0G         0B       8.0G

             total       used       free     shared    buffers     cached
Mem:          2.0G       665M       1.3G       1.4M        38M       289M
-/+ buffers/cache:       337M       1.6G
Swap:         8.0G         0B       8.0G

             total       used       free     shared    buffers     cached
Mem:          2.0G       665M       1.3G       1.4M        38M       289M
-/+ buffers/cache:       337M       1.6G
Swap:         8.0G         0B       8.0G

             total       used       free     shared    buffers     cached
Mem:          2.0G       665M       1.3G       1.4M        38M       289M
-/+ buffers/cache:       337M       1.6G
Swap:         8.0G         0B       8.0G

             total       used       free     shared    buffers     cached
Mem:          2.0G       665M       1.3G       1.4M        38M       289M
-/+ buffers/cache:       337M       1.6G
Swap:         8.0G         0B       8.0G

             total       used       free     shared    buffers     cached
Mem:          2.0G       665M       1.3G       1.4M        38M       289M
-/+ buffers/cache:       337M       1.6G
Swap:         8.0G         0B       8.0G

             total       used       free     shared    buffers     cached
Mem:          2.0G       665M       1.3G       1.4M        38M       289M
-/+ buffers/cache:       337M       1.6G
Swap:         8.0G         0B       8.0G

             total       used       free     shared    buffers     cached
Mem:          2.0G       665M       1.3G       1.4M        38M       289M
-/+ buffers/cache:       337M       1.6G
Swap:         8.0G         0B       8.0G

             total       used       free     shared    buffers     cached
Mem:          2.0G       665M       1.3G       1.4M        38M       289M
-/+ buffers/cache:       337M       1.6G
Swap:         8.0G         0B       8.0G

             total       used       free     shared    buffers     cached
Mem:          2.0G       665M       1.3G       1.4M        38M       289M
-/+ buffers/cache:       337M       1.6G
Swap:         8.0G         0B       8.0G

             total       used       free     shared    buffers     cached
Mem:          2.0G       665M       1.3G       1.4M        38M       289M
-/+ buffers/cache:       337M       1.6G
Swap:         8.0G         0B       8.0G

             total       used       free     shared    buffers     cached
Mem:          2.0G       671M       1.3G       1.4M        38M       289M
-/+ buffers/cache:       343M       1.6G
Swap:         8.0G         0B       8.0G

             total       used       free     shared    buffers     cached
Mem:          2.0G       687M       1.3G       1.4M        38M       289M
-/+ buffers/cache:       359M       1.6G
Swap:         8.0G         0B       8.0G

             total       used       free     shared    buffers     cached
Mem:          2.0G       702M       1.3G       1.4M        38M       289M
-/+ buffers/cache:       374M       1.6G
Swap:         8.0G         0B       8.0G

             total       used       free     shared    buffers     cached
Mem:          2.0G       717M       1.3G       1.4M        38M       289M
-/+ buffers/cache:       389M       1.6G
Swap:         8.0G         0B       8.0G

             total       used       free     shared    buffers     cached
Mem:          2.0G       733M       1.2G       1.4M        38M       289M
-/+ buffers/cache:       405M       1.6G
Swap:         8.0G         0B       8.0G

             total       used       free     shared    buffers     cached
Mem:          2.0G       748M       1.2G       1.4M        38M       289M
-/+ buffers/cache:       420M       1.5G
Swap:         8.0G         0B       8.0G

             total       used       free     shared    buffers     cached
Mem:          2.0G       763M       1.2G       1.4M        38M       289M
-/+ buffers/cache:       435M       1.5G
Swap:         8.0G         0B       8.0G

             total       used       free     shared    buffers     cached
Mem:          2.0G       779M       1.2G       1.4M        38M       289M
-/+ buffers/cache:       450M       1.5G
Swap:         8.0G         0B       8.0G

             total       used       free     shared    buffers     cached
Mem:          2.0G       793M       1.2G       1.4M        38M       289M
-/+ buffers/cache:       465M       1.5G
Swap:         8.0G         0B       8.0G

             total       used       free     shared    buffers     cached
Mem:          2.0G       809M       1.2G       1.4M        38M       289M
-/+ buffers/cache:       480M       1.5G
Swap:         8.0G         0B       8.0G

             total       used       free     shared    buffers     cached
Mem:          2.0G       827M       1.1G       1.4M        38M       289M
-/+ buffers/cache:       499M       1.5G
Swap:         8.0G         0B       8.0G

             total       used       free     shared    buffers     cached
Mem:          2.0G       843M       1.1G       1.4M        38M       289M
-/+ buffers/cache:       515M       1.5G
Swap:         8.0G         0B       8.0G

             total       used       free     shared    buffers     cached
Mem:          2.0G       858M       1.1G       1.4M        38M       289M
-/+ buffers/cache:       530M       1.4G
Swap:         8.0G         0B       8.0G

             total       used       free     shared    buffers     cached
Mem:          2.0G       873M       1.1G       1.4M        38M       289M
-/+ buffers/cache:       545M       1.4G
Swap:         8.0G         0B       8.0G

             total       used       free     shared    buffers     cached
Mem:          2.0G       887M       1.1G       1.4M        38M       289M
-/+ buffers/cache:       559M       1.4G
Swap:         8.0G         0B       8.0G

             total       used       free     shared    buffers     cached
Mem:          2.0G       900M       1.1G       1.4M        38M       289M
-/+ buffers/cache:       572M       1.4G
Swap:         8.0G         0B       8.0G

             total       used       free     shared    buffers     cached
Mem:          2.0G       916M       1.1G       1.4M        38M       289M
-/+ buffers/cache:       588M       1.4G
Swap:         8.0G         0B       8.0G

             total       used       free     shared    buffers     cached
Mem:          2.0G       930M       1.0G       1.4M        38M       289M
-/+ buffers/cache:       602M       1.4G
Swap:         8.0G         0B       8.0G

             total       used       free     shared    buffers     cached
Mem:          2.0G       945M       1.0G       1.4M        38M       289M
-/+ buffers/cache:       617M       1.4G
Swap:         8.0G         0B       8.0G

             total       used       free     shared    buffers     cached
Mem:          2.0G       962M       1.0G       1.4M        38M       289M
-/+ buffers/cache:       633M       1.3G
Swap:         8.0G         0B       8.0G

             total       used       free     shared    buffers     cached
Mem:          2.0G       976M       1.0G       1.4M        38M       289M
-/+ buffers/cache:       648M       1.3G
Swap:         8.0G         0B       8.0G

             total       used       free     shared    buffers     cached
Mem:          2.0G       991M       1.0G       1.4M        38M       289M
-/+ buffers/cache:       663M       1.3G
Swap:         8.0G         0B       8.0G

             total       used       free     shared    buffers     cached
Mem:          2.0G       1.0G       993M       1.4M        38M       289M
-/+ buffers/cache:       678M       1.3G
Swap:         8.0G         0B       8.0G

             total       used       free     shared    buffers     cached
Mem:          2.0G       1.0G       978M       1.4M        38M       289M
-/+ buffers/cache:       693M       1.3G
Swap:         8.0G         0B       8.0G

             total       used       free     shared    buffers     cached
Mem:          2.0G       1.0G       964M       1.4M        38M       289M
-/+ buffers/cache:       707M       1.3G
Swap:         8.0G         0B       8.0G

             total       used       free     shared    buffers     cached
Mem:          2.0G       1.0G       949M       1.4M        38M       289M
-/+ buffers/cache:       722M       1.2G
Swap:         8.0G         0B       8.0G

             total       used       free     shared    buffers     cached
Mem:          2.0G       1.0G       934M       1.4M        38M       289M
-/+ buffers/cache:       737M       1.2G
Swap:         8.0G         0B       8.0G

             total       used       free     shared    buffers     cached
Mem:          2.0G       1.1G       918M       1.4M        38M       289M
-/+ buffers/cache:       753M       1.2G
Swap:         8.0G         0B       8.0G

             total       used       free     shared    buffers     cached
Mem:          2.0G       1.1G       902M       1.4M        38M       289M
-/+ buffers/cache:       769M       1.2G
Swap:         8.0G         0B       8.0G

             total       used       free     shared    buffers     cached
Mem:          2.0G       1.1G       886M       1.4M        38M       289M
-/+ buffers/cache:       784M       1.2G
Swap:         8.0G         0B       8.0G

             total       used       free     shared    buffers     cached
Mem:          2.0G       1.1G       878M       1.4M        38M       289M
-/+ buffers/cache:       793M       1.2G
Swap:         8.0G         0B       8.0G

             total       used       free     shared    buffers     cached
Mem:          2.0G       1.1G       861M       1.4M        38M       289M
-/+ buffers/cache:       809M       1.2G
Swap:         8.0G         0B       8.0G

             total       used       free     shared    buffers     cached
Mem:          2.0G       1.1G       847M       1.4M        38M       289M
-/+ buffers/cache:       824M       1.1G
Swap:         8.0G         0B       8.0G

             total       used       free     shared    buffers     cached
Mem:          2.0G       1.1G       831M       1.4M        38M       289M
-/+ buffers/cache:       840M       1.1G
Swap:         8.0G         0B       8.0G

             total       used       free     shared    buffers     cached
Mem:          2.0G       1.2G       814M       1.4M        38M       289M
-/+ buffers/cache:       856M       1.1G
Swap:         8.0G         0B       8.0G

             total       used       free     shared    buffers     cached
Mem:          2.0G       1.2G       800M       1.4M        38M       289M
-/+ buffers/cache:       871M       1.1G
Swap:         8.0G         0B       8.0G

             total       used       free     shared    buffers     cached
Mem:          2.0G       1.2G       780M       1.4M        38M       290M
-/+ buffers/cache:       890M       1.1G
Swap:         8.0G         0B       8.0G

             total       used       free     shared    buffers     cached
Mem:          2.0G       1.2G       764M       1.4M        38M       290M
-/+ buffers/cache:       906M       1.1G
Swap:         8.0G         0B       8.0G

             total       used       free     shared    buffers     cached
Mem:          2.0G       1.2G       748M       1.4M        38M       290M
-/+ buffers/cache:       922M       1.1G
Swap:         8.0G         0B       8.0G

             total       used       free     shared    buffers     cached
Mem:          2.0G       1.2G       732M       1.4M        38M       290M
-/+ buffers/cache:       938M       1.0G
Swap:         8.0G         0B       8.0G

             total       used       free     shared    buffers     cached
Mem:          2.0G       1.3G       716M       1.4M        38M       290M
-/+ buffers/cache:       954M       1.0G
Swap:         8.0G         0B       8.0G

             total       used       free     shared    buffers     cached
Mem:          2.0G       1.3G       700M       1.4M        38M       290M
-/+ buffers/cache:       970M       1.0G
Swap:         8.0G         0B       8.0G

             total       used       free     shared    buffers     cached
Mem:          2.0G       1.3G       683M       1.4M        38M       290M
-/+ buffers/cache:       987M       1.0G
Swap:         8.0G         0B       8.0G

             total       used       free     shared    buffers     cached
Mem:          2.0G       1.3G       668M       1.4M        38M       290M
-/+ buffers/cache:       1.0G       997M
Swap:         8.0G         0B       8.0G

             total       used       free     shared    buffers     cached
Mem:          2.0G       1.3G       652M       1.4M        38M       290M
-/+ buffers/cache:       1.0G       981M
Swap:         8.0G         0B       8.0G

             total       used       free     shared    buffers     cached
Mem:          2.0G       1.3G       636M       1.4M        38M       290M
-/+ buffers/cache:       1.0G       965M
Swap:         8.0G         0B       8.0G

             total       used       free     shared    buffers     cached
Mem:          2.0G       1.3G       621M       1.4M        38M       290M
-/+ buffers/cache:       1.0G       950M
Swap:         8.0G         0B       8.0G

             total       used       free     shared    buffers     cached
Mem:          2.0G       1.4G       606M       1.4M        38M       290M
-/+ buffers/cache:       1.0G       935M
Swap:         8.0G         0B       8.0G

             total       used       free     shared    buffers     cached
Mem:          2.0G       1.4G       590M       1.4M        38M       290M
-/+ buffers/cache:       1.1G       919M
Swap:         8.0G         0B       8.0G

             total       used       free     shared    buffers     cached
Mem:          2.0G       1.4G       575M       1.4M        38M       290M
-/+ buffers/cache:       1.1G       904M
Swap:         8.0G         0B       8.0G

             total       used       free     shared    buffers     cached
Mem:          2.0G       1.4G       559M       1.4M        38M       290M
-/+ buffers/cache:       1.1G       888M
Swap:         8.0G         0B       8.0G

             total       used       free     shared    buffers     cached
Mem:          2.0G       1.4G       543M       1.4M        38M       290M
-/+ buffers/cache:       1.1G       872M
Swap:         8.0G         0B       8.0G

             total       used       free     shared    buffers     cached
Mem:          2.0G       1.4G       528M       1.4M        38M       290M
-/+ buffers/cache:       1.1G       857M
Swap:         8.0G         0B       8.0G

             total       used       free     shared    buffers     cached
Mem:          2.0G       1.5G       513M       1.4M        38M       290M
-/+ buffers/cache:       1.1G       842M
Swap:         8.0G         0B       8.0G

             total       used       free     shared    buffers     cached
Mem:          2.0G       1.5G       498M       1.4M        38M       290M
-/+ buffers/cache:       1.1G       827M
Swap:         8.0G         0B       8.0G

             total       used       free     shared    buffers     cached
Mem:          2.0G       1.5G       482M       1.4M        38M       290M
-/+ buffers/cache:       1.2G       811M
Swap:         8.0G         0B       8.0G

             total       used       free     shared    buffers     cached
Mem:          2.0G       1.5G       467M       1.4M        38M       290M
-/+ buffers/cache:       1.2G       796M
Swap:         8.0G         0B       8.0G

             total       used       free     shared    buffers     cached
Mem:          2.0G       1.5G       451M       1.4M        38M       290M
-/+ buffers/cache:       1.2G       780M
Swap:         8.0G         0B       8.0G

             total       used       free     shared    buffers     cached
Mem:          2.0G       1.5G       437M       1.4M        38M       290M
-/+ buffers/cache:       1.2G       767M
Swap:         8.0G         0B       8.0G

             total       used       free     shared    buffers     cached
Mem:          2.0G       1.5G       430M       1.4M        38M       290M
-/+ buffers/cache:       1.2G       759M
Swap:         8.0G         0B       8.0G

             total       used       free     shared    buffers     cached
Mem:          2.0G       1.5G       419M       1.4M        38M       290M
-/+ buffers/cache:       1.2G       748M
Swap:         8.0G         0B       8.0G

             total       used       free     shared    buffers     cached
Mem:          2.0G       1.6G       403M       1.4M        38M       290M
-/+ buffers/cache:       1.2G       732M
Swap:         8.0G         0B       8.0G

             total       used       free     shared    buffers     cached
Mem:          2.0G       1.6G       388M       1.4M        38M       290M
-/+ buffers/cache:       1.3G       717M
Swap:         8.0G         0B       8.0G

             total       used       free     shared    buffers     cached
Mem:          2.0G       1.6G       372M       1.4M        38M       290M
-/+ buffers/cache:       1.3G       701M
Swap:         8.0G         0B       8.0G

             total       used       free     shared    buffers     cached
Mem:          2.0G       1.6G       357M       1.4M        38M       290M
-/+ buffers/cache:       1.3G       686M
Swap:         8.0G         0B       8.0G

             total       used       free     shared    buffers     cached
Mem:          2.0G       1.6G       340M       1.4M        38M       290M
-/+ buffers/cache:       1.3G       669M
Swap:         8.0G         0B       8.0G

             total       used       free     shared    buffers     cached
Mem:          2.0G       1.6G       323M       1.4M        38M       290M
-/+ buffers/cache:       1.3G       652M
Swap:         8.0G         0B       8.0G

             total       used       free     shared    buffers     cached
Mem:          2.0G       1.7G       307M       1.4M        38M       290M
-/+ buffers/cache:       1.3G       636M
Swap:         8.0G         0B       8.0G

             total       used       free     shared    buffers     cached
Mem:          2.0G       1.7G       291M       1.4M        38M       290M
-/+ buffers/cache:       1.3G       620M
Swap:         8.0G         0B       8.0G

             total       used       free     shared    buffers     cached
Mem:          2.0G       1.7G       275M       1.4M        38M       290M
-/+ buffers/cache:       1.4G       604M
Swap:         8.0G         0B       8.0G

             total       used       free     shared    buffers     cached
Mem:          2.0G       1.7G       259M       1.4M        38M       290M
-/+ buffers/cache:       1.4G       588M
Swap:         8.0G         0B       8.0G

             total       used       free     shared    buffers     cached
Mem:          2.0G       1.7G       243M       1.4M        38M       290M
-/+ buffers/cache:       1.4G       572M
Swap:         8.0G         0B       8.0G

             total       used       free     shared    buffers     cached
Mem:          2.0G       1.7G       226M       1.4M        38M       290M
-/+ buffers/cache:       1.4G       555M
Swap:         8.0G         0B       8.0G

             total       used       free     shared    buffers     cached
Mem:          2.0G       1.7G       210M       1.4M        38M       290M
-/+ buffers/cache:       1.4G       539M
Swap:         8.0G         0B       8.0G

             total       used       free     shared    buffers     cached
Mem:          2.0G       1.8G       194M       1.4M        38M       290M
-/+ buffers/cache:       1.4G       523M
Swap:         8.0G         0B       8.0G

             total       used       free     shared    buffers     cached
Mem:          2.0G       1.8G       180M       1.4M        38M       290M
-/+ buffers/cache:       1.5G       509M
Swap:         8.0G         0B       8.0G

             total       used       free     shared    buffers     cached
Mem:          2.0G       1.8G       165M       1.4M        38M       290M
-/+ buffers/cache:       1.5G       494M
Swap:         8.0G         0B       8.0G

             total       used       free     shared    buffers     cached
Mem:          2.0G       1.8G       150M       1.4M        38M       290M
-/+ buffers/cache:       1.5G       479M
Swap:         8.0G         0B       8.0G

             total       used       free     shared    buffers     cached
Mem:          2.0G       1.8G       134M       1.4M        38M       290M
-/+ buffers/cache:       1.5G       463M
Swap:         8.0G         0B       8.0G

             total       used       free     shared    buffers     cached
Mem:          2.0G       1.8G       118M       1.4M        38M       290M
-/+ buffers/cache:       1.5G       447M
Swap:         8.0G         0B       8.0G

             total       used       free     shared    buffers     cached
Mem:          2.0G       1.9G       103M       1.4M        38M       290M
-/+ buffers/cache:       1.5G       432M
Swap:         8.0G         0B       8.0G

             total       used       free     shared    buffers     cached
Mem:          2.0G       1.9G        87M       1.4M        38M       290M
-/+ buffers/cache:       1.5G       416M
Swap:         8.0G         0B       8.0G

             total       used       free     shared    buffers     cached
Mem:          2.0G       1.9G        73M       1.4M        38M       290M
-/+ buffers/cache:       1.6G       402M
Swap:         8.0G         0B       8.0G

             total       used       free     shared    buffers     cached
Mem:          2.0G       1.9G        70M       1.4M        26M       288M
-/+ buffers/cache:       1.6G       385M
Swap:         8.0G         0B       8.0G

             total       used       free     shared    buffers     cached
Mem:          2.0G       1.9G        77M       1.4M        10M       283M
-/+ buffers/cache:       1.6G       371M
Swap:         8.0G         8K       8.0G

             total       used       free     shared    buffers     cached
Mem:          2.0G       1.9G        78M       1.4M        10M       266M
-/+ buffers/cache:       1.6G       355M
Swap:         8.0G        84K       8.0G

             total       used       free     shared    buffers     cached
Mem:          2.0G       1.9G        65M       1.4M        10M       266M
-/+ buffers/cache:       1.6G       341M
Swap:         8.0G        84K       8.0G

             total       used       free     shared    buffers     cached
Mem:          2.0G       1.9G        70M       1.2M       9.9M       248M
-/+ buffers/cache:       1.6G       328M
Swap:         8.0G       488K       8.0G

             total       used       free     shared    buffers     cached
Mem:          2.0G       1.9G        71M       1.1M       9.9M       233M
-/+ buffers/cache:       1.6G       315M
Swap:         8.0G       5.7M       8.0G

             total       used       free     shared    buffers     cached
Mem:          2.0G       1.9G        84M       1.0M       9.9M       208M
-/+ buffers/cache:       1.7G       302M
Swap:         8.0G        11M       8.0G

             total       used       free     shared    buffers     cached
Mem:          2.0G       1.9G        68M       1.0M       9.9M       208M
-/+ buffers/cache:       1.7G       286M
Swap:         8.0G        11M       8.0G

             total       used       free     shared    buffers     cached
Mem:          2.0G       1.9G        65M       1.0M       3.2M       202M
-/+ buffers/cache:       1.7G       270M
Swap:         8.0G        11M       8.0G

             total       used       free     shared    buffers     cached
Mem:          2.0G       1.9G        73M       1.0M       748K       181M
-/+ buffers/cache:       1.7G       255M
Swap:         8.0G        11M       8.0G

             total       used       free     shared    buffers     cached
Mem:          2.0G       1.9G        82M       1.0M       332K       158M
-/+ buffers/cache:       1.7G       241M
Swap:         8.0G        11M       8.0G

             total       used       free     shared    buffers     cached
Mem:          2.0G       1.9G        66M       1.0M       332K       158M
-/+ buffers/cache:       1.7G       225M
Swap:         8.0G        11M       8.0G

             total       used       free     shared    buffers     cached
Mem:          2.0G       1.9G        70M       1.0M       320K       139M
-/+ buffers/cache:       1.7G       210M
Swap:         8.0G        11M       8.0G

             total       used       free     shared    buffers     cached
Mem:          2.0G       1.9G        73M       1.0M        84K       123M
-/+ buffers/cache:       1.8G       196M
Swap:         8.0G        11M       8.0G

             total       used       free     shared    buffers     cached
Mem:          2.0G       1.9G        73M       1.0M        96K       108M
-/+ buffers/cache:       1.8G       182M
Swap:         8.0G        11M       8.0G

             total       used       free     shared    buffers     cached
Mem:          2.0G       1.9G        72M       1.0M       104K        95M
-/+ buffers/cache:       1.8G       168M
Swap:         8.0G        11M       8.0G

             total       used       free     shared    buffers     cached
Mem:          2.0G       1.9G        72M       1.0M       104K        81M
-/+ buffers/cache:       1.8G       154M
Swap:         8.0G        11M       8.0G

             total       used       free     shared    buffers     cached
Mem:          2.0G       1.9G        76M       1.0M       104K        63M
-/+ buffers/cache:       1.8G       139M
Swap:         8.0G        11M       8.0G

             total       used       free     shared    buffers     cached
Mem:          2.0G       1.9G        76M       1.0M       108K        48M
-/+ buffers/cache:       1.8G       125M
Swap:         8.0G        11M       8.0G

             total       used       free     shared    buffers     cached
Mem:          2.0G       1.9G        82M       1.0M       108K        28M
-/+ buffers/cache:       1.8G       111M
Swap:         8.0G        11M       8.0G

             total       used       free     shared    buffers     cached
Mem:          2.0G       1.9G        66M       1.0M       240K        28M
-/+ buffers/cache:       1.9G        95M
Swap:         8.0G        11M       8.0G

             total       used       free     shared    buffers     cached
Mem:          2.0G       1.9G        65M       1.0M       248K        14M
-/+ buffers/cache:       1.9G        81M
Swap:         8.0G        11M       8.0G

             total       used       free     shared    buffers     cached
Mem:          2.0G       1.9G        76M       784K       520K       3.1M
-/+ buffers/cache:       1.9G        80M
Swap:         8.0G        28M       8.0G

             total       used       free     shared    buffers     cached
Mem:          2.0G       1.9G        74M       764K       520K       2.6M
-/+ buffers/cache:       1.9G        77M
Swap:         8.0G        36M       8.0G

             total       used       free     shared    buffers     cached
Mem:          2.0G       1.9G        71M       732K       520K       2.6M
-/+ buffers/cache:       1.9G        74M
Swap:         8.0G        60M       7.9G

             total       used       free     shared    buffers     cached
Mem:          2.0G       1.9G        72M       728K       520K       2.6M
-/+ buffers/cache:       1.9G        75M
Swap:         8.0G        60M       7.9G

             total       used       free     shared    buffers     cached
Mem:          2.0G       1.9G        74M       728K       528K       2.5M
-/+ buffers/cache:       1.9G        77M
Swap:         8.0G        84M       7.9G

             total       used       free     shared    buffers     cached
Mem:          2.0G       1.9G        74M       692K       528K       2.4M
-/+ buffers/cache:       1.9G        76M
Swap:         8.0G        96M       7.9G

             total       used       free     shared    buffers     cached
Mem:          2.0G       1.9G        74M       684K       528K       2.3M
-/+ buffers/cache:       1.9G        77M
Swap:         8.0G       118M       7.9G

             total       used       free     shared    buffers     cached
Mem:          2.0G       1.9G        75M       652K       528K       2.2M
-/+ buffers/cache:       1.9G        78M
Swap:         8.0G       125M       7.9G

             total       used       free     shared    buffers     cached
Mem:          2.0G       1.9G        88M       652K       472K       2.1M
-/+ buffers/cache:       1.9G        90M
Swap:         8.0G       155M       7.8G

             total       used       free     shared    buffers     cached
Mem:          2.0G       1.9G        74M       652K       480K       2.0M
-/+ buffers/cache:       1.9G        76M
Swap:         8.0G       155M       7.8G

             total       used       free     shared    buffers     cached
Mem:          2.0G       1.9G        79M       588K       416K       2.0M
-/+ buffers/cache:       1.9G        81M
Swap:         8.0G       183M       7.8G

             total       used       free     shared    buffers     cached
Mem:          2.0G       1.9G        76M       572K       424K       2.0M
-/+ buffers/cache:       1.9G        79M
Swap:         8.0G       183M       7.8G

             total       used       free     shared    buffers     cached
Mem:          2.0G       1.9G        78M       572K       372K       2.0M
-/+ buffers/cache:       1.9G        80M
Swap:         8.0G       219M       7.8G

             total       used       free     shared    buffers     cached
Mem:          2.0G       1.9G        71M       564K       372K       2.1M
-/+ buffers/cache:       1.9G        74M
Swap:         8.0G       219M       7.8G

             total       used       free     shared    buffers     cached
Mem:          2.0G       1.9G        78M       564K       372K       2.1M
-/+ buffers/cache:       1.9G        81M
Swap:         8.0G       219M       7.8G

             total       used       free     shared    buffers     cached
Mem:          2.0G       1.9G        76M       564K       380K       2.1M
-/+ buffers/cache:       1.9G        79M
Swap:         8.0G       219M       7.8G

             total       used       free     shared    buffers     cached
Mem:          2.0G       1.9G        82M       564K       360K       2.0M
-/+ buffers/cache:       1.9G        85M
Swap:         8.0G       251M       7.8G

             total       used       free     shared    buffers     cached
Mem:          2.0G       1.9G        66M       536K       360K       2.0M
-/+ buffers/cache:       1.9G        69M
Swap:         8.0G       251M       7.8G

             total       used       free     shared    buffers     cached
Mem:          2.0G       1.9G        66M       536K       360K       2.0M
-/+ buffers/cache:       1.9G        68M
Swap:         8.0G       251M       7.8G

             total       used       free     shared    buffers     cached
Mem:          2.0G       1.9G        78M       536K       360K       2.0M
-/+ buffers/cache:       1.9G        80M
Swap:         8.0G       307M       7.7G

             total       used       free     shared    buffers     cached
Mem:          2.0G       1.9G        76M       536K       368K       2.0M
-/+ buffers/cache:       1.9G        78M
Swap:         8.0G       307M       7.7G

             total       used       free     shared    buffers     cached
Mem:          2.0G       1.9G        75M       536K       368K       2.0M
-/+ buffers/cache:       1.9G        78M
Swap:         8.0G       306M       7.7G

             total       used       free     shared    buffers     cached
Mem:          2.0G       1.9G        75M       536K       368K       2.0M
-/+ buffers/cache:       1.9G        78M
Swap:         8.0G       306M       7.7G

             total       used       free     shared    buffers     cached
Mem:          2.0G       1.9G        75M       536K       368K       2.0M
-/+ buffers/cache:       1.9G        77M
Swap:         8.0G       305M       7.7G

             total       used       free     shared    buffers     cached
Mem:          2.0G       1.9G        74M       536K       368K       2.0M
-/+ buffers/cache:       1.9G        77M
Swap:         8.0G       305M       7.7G

             total       used       free     shared    buffers     cached
Mem:          2.0G       1.9G        74M       536K       376K       2.0M
-/+ buffers/cache:       1.9G        77M
Swap:         8.0G       305M       7.7G

             total       used       free     shared    buffers     cached
Mem:          2.0G       1.9G        74M       536K       376K       2.0M
-/+ buffers/cache:       1.9G        76M
Swap:         8.0G       304M       7.7G

             total       used       free     shared    buffers     cached
Mem:          2.0G       1.9G        74M       536K       376K       2.0M
-/+ buffers/cache:       1.9G        76M
Swap:         8.0G       304M       7.7G

             total       used       free     shared    buffers     cached
Mem:          2.0G       1.9G        73M       536K       376K       2.0M
-/+ buffers/cache:       1.9G        76M
Swap:         8.0G       303M       7.7G

             total       used       free     shared    buffers     cached
Mem:          2.0G       1.9G        73M       536K       376K       2.0M
-/+ buffers/cache:       1.9G        75M
Swap:         8.0G       303M       7.7G

             total       used       free     shared    buffers     cached
Mem:          2.0G       1.9G        72M       536K       376K       2.0M
-/+ buffers/cache:       1.9G        75M
Swap:         8.0G       302M       7.7G

             total       used       free     shared    buffers     cached
Mem:          2.0G       1.9G        72M       536K       388K       2.0M
-/+ buffers/cache:       1.9G        75M
Swap:         8.0G       302M       7.7G

             total       used       free     shared    buffers     cached
Mem:          2.0G       1.9G        72M       536K       388K       2.0M
-/+ buffers/cache:       1.9G        74M
Swap:         8.0G       302M       7.7G

             total       used       free     shared    buffers     cached
Mem:          2.0G       1.9G        72M       536K       388K       2.0M
-/+ buffers/cache:       1.9G        74M
Swap:         8.0G       301M       7.7G

             total       used       free     shared    buffers     cached
Mem:          2.0G       1.9G        71M       536K       388K       2.0M
-/+ buffers/cache:       1.9G        74M
Swap:         8.0G       301M       7.7G

             total       used       free     shared    buffers     cached
Mem:          2.0G       1.9G        71M       536K       388K       2.0M
-/+ buffers/cache:       1.9G        74M
Swap:         8.0G       301M       7.7G

             total       used       free     shared    buffers     cached
Mem:          2.0G       1.9G        71M       536K       396K       2.0M
-/+ buffers/cache:       1.9G        73M
Swap:         8.0G       301M       7.7G

             total       used       free     shared    buffers     cached
Mem:          2.0G       1.9G        71M       536K       396K       2.0M
-/+ buffers/cache:       1.9G        73M
Swap:         8.0G       300M       7.7G

             total       used       free     shared    buffers     cached
Mem:          2.0G       1.9G        70M       536K       396K       2.0M
-/+ buffers/cache:       1.9G        73M
Swap:         8.0G       300M       7.7G

             total       used       free     shared    buffers     cached
Mem:          2.0G       1.9G        65M       536K        76K        19M
-/+ buffers/cache:       1.9G        85M
Swap:         8.0G       297M       7.7G

             total       used       free     shared    buffers     cached
Mem:          2.0G       1.9G        74M       536K        88K        19M
-/+ buffers/cache:       1.9G        94M
Swap:         8.0G       320M       7.7G

             total       used       free     shared    buffers     cached
Mem:          2.0G       1.9G        73M       536K       548K        19M
-/+ buffers/cache:       1.9G        93M
Swap:         8.0G       320M       7.7G

             total       used       free     shared    buffers     cached
Mem:          2.0G       1.9G        71M       536K       840K        20M
-/+ buffers/cache:       1.9G        92M
Swap:         8.0G       319M       7.7G

             total       used       free     shared    buffers     cached
Mem:          2.0G       1.9G        79M       536K       1.0M        26M
-/+ buffers/cache:       1.8G       106M
Swap:         8.0G       342M       7.7G

             total       used       free     shared    buffers     cached
Mem:          2.0G       1.9G        78M       536K       1.0M        26M
-/+ buffers/cache:       1.8G       106M
Swap:         8.0G       341M       7.7G

             total       used       free     shared    buffers     cached
Mem:          2.0G       1.9G        77M       536K       1.0M        26M
-/+ buffers/cache:       1.9G       105M
Swap:         8.0G       341M       7.7G

             total       used       free     shared    buffers     cached
Mem:          2.0G       1.9G        76M       536K       1.0M        26M
-/+ buffers/cache:       1.9G       104M
Swap:         8.0G       340M       7.7G

             total       used       free     shared    buffers     cached
Mem:          2.0G       1.9G        76M       536K       1.0M        26M
-/+ buffers/cache:       1.9G       104M
Swap:         8.0G       340M       7.7G

             total       used       free     shared    buffers     cached
Mem:          2.0G       1.9G        75M       536K       1.0M        26M
-/+ buffers/cache:       1.9G       103M
Swap:         8.0G       340M       7.7G

             total       used       free     shared    buffers     cached
Mem:          2.0G       1.9G        74M       536K       1.0M        26M
-/+ buffers/cache:       1.9G       102M
Swap:         8.0G       339M       7.7G

             total       used       free     shared    buffers     cached
Mem:          2.0G       1.9G        74M       536K       1.0M        26M
-/+ buffers/cache:       1.9G       101M
Swap:         8.0G       339M       7.7G

             total       used       free     shared    buffers     cached
Mem:          2.0G       1.9G        70M       536K       1.0M        28M
-/+ buffers/cache:       1.9G       100M
Swap:         8.0G       338M       7.7G

             total       used       free     shared    buffers     cached
Mem:          2.0G       1.9G        69M       536K       1.0M        28M
-/+ buffers/cache:       1.9G        99M
Swap:         8.0G       337M       7.7G

             total       used       free     shared    buffers     cached
Mem:          2.0G       1.9G        69M       536K       1.0M        28M
-/+ buffers/cache:       1.9G        99M
Swap:         8.0G       337M       7.7G

             total       used       free     shared    buffers     cached
Mem:          2.0G       1.9G        68M       536K       1.0M        28M
-/+ buffers/cache:       1.9G        98M
Swap:         8.0G       337M       7.7G

             total       used       free     shared    buffers     cached
Mem:          2.0G       1.9G        67M       536K       1.0M        28M
-/+ buffers/cache:       1.9G        97M
Swap:         8.0G       336M       7.7G

             total       used       free     shared    buffers     cached
Mem:          2.0G       1.9G        67M       536K       1.0M        28M
-/+ buffers/cache:       1.9G        97M
Swap:         8.0G       336M       7.7G

             total       used       free     shared    buffers     cached
Mem:          2.0G       1.9G        66M       536K       1.0M        28M
-/+ buffers/cache:       1.9G        96M
Swap:         8.0G       336M       7.7G

             total       used       free     shared    buffers     cached
Mem:          2.0G       1.9G        66M       536K       1.0M        28M
-/+ buffers/cache:       1.9G        96M
Swap:         8.0G       336M       7.7G

             total       used       free     shared    buffers     cached
Mem:          2.0G       1.9G        65M       536K       1.0M        28M
-/+ buffers/cache:       1.9G        95M
Swap:         8.0G       335M       7.7G

             total       used       free     shared    buffers     cached
Mem:          2.0G       1.9G        65M       536K       1.0M        28M
-/+ buffers/cache:       1.9G        95M
Swap:         8.0G       335M       7.7G

             total       used       free     shared    buffers     cached
Mem:          2.0G       1.9G        64M       536K       1.0M        28M
-/+ buffers/cache:       1.9G        94M
Swap:         8.0G       335M       7.7G

             total       used       free     shared    buffers     cached
Mem:          2.0G       1.9G        75M       536K       1.0M        28M
-/+ buffers/cache:       1.9G       105M
Swap:         8.0G       334M       7.7G

             total       used       free     shared    buffers     cached
Mem:          2.0G       1.9G        75M       536K       1.0M        28M
-/+ buffers/cache:       1.9G       105M
Swap:         8.0G       334M       7.7G

             total       used       free     shared    buffers     cached
Mem:          2.0G       1.9G        74M       536K       1.0M        28M
-/+ buffers/cache:       1.9G       104M
Swap:         8.0G       334M       7.7G

             total       used       free     shared    buffers     cached
Mem:          2.0G       1.9G        74M       536K       1.0M        28M
-/+ buffers/cache:       1.9G       104M
Swap:         8.0G       333M       7.7G

             total       used       free     shared    buffers     cached
Mem:          2.0G       1.9G        73M       536K       1.0M        28M
-/+ buffers/cache:       1.9G       103M
Swap:         8.0G       333M       7.7G

             total       used       free     shared    buffers     cached
Mem:          2.0G       1.9G        73M       536K       1.0M        28M
-/+ buffers/cache:       1.9G       103M
Swap:         8.0G       333M       7.7G

             total       used       free     shared    buffers     cached
Mem:          2.0G       1.9G        72M       536K       1.0M        28M
-/+ buffers/cache:       1.9G       102M
Swap:         8.0G       332M       7.7G

             total       used       free     shared    buffers     cached
Mem:          2.0G       1.9G        72M       536K       1.0M        28M
-/+ buffers/cache:       1.9G       101M
Swap:         8.0G       332M       7.7G

             total       used       free     shared    buffers     cached
Mem:          2.0G       1.9G        71M       536K       1.0M        28M
-/+ buffers/cache:       1.9G       101M
Swap:         8.0G       332M       7.7G

             total       used       free     shared    buffers     cached
Mem:          2.0G       1.9G        71M       536K       1.0M        28M
-/+ buffers/cache:       1.9G       100M
Swap:         8.0G       332M       7.7G

             total       used       free     shared    buffers     cached
Mem:          2.0G       1.9G        70M       536K       1.0M        28M
-/+ buffers/cache:       1.9G       100M
Swap:         8.0G       331M       7.7G

             total       used       free     shared    buffers     cached
Mem:          2.0G       1.9G        69M       536K       1.0M        28M
-/+ buffers/cache:       1.9G        99M
Swap:         8.0G       331M       7.7G

             total       used       free     shared    buffers     cached
Mem:          2.0G       1.9G        69M       536K       1.1M        28M
-/+ buffers/cache:       1.9G        99M
Swap:         8.0G       331M       7.7G

             total       used       free     shared    buffers     cached
Mem:          2.0G       1.9G        68M       536K       1.1M        28M
-/+ buffers/cache:       1.9G        98M
Swap:         8.0G       330M       7.7G

             total       used       free     shared    buffers     cached
Mem:          2.0G       1.9G        68M       536K       1.1M        28M
-/+ buffers/cache:       1.9G        98M
Swap:         8.0G       330M       7.7G

             total       used       free     shared    buffers     cached
Mem:          2.0G       1.9G        67M       536K       1.1M        28M
-/+ buffers/cache:       1.9G        97M
Swap:         8.0G       330M       7.7G

             total       used       free     shared    buffers     cached
Mem:          2.0G       1.9G        67M       536K       1.1M        28M
-/+ buffers/cache:       1.9G        96M
Swap:         8.0G       330M       7.7G

             total       used       free     shared    buffers     cached
Mem:          2.0G       1.9G        66M       536K       1.1M        28M
-/+ buffers/cache:       1.9G        96M
Swap:         8.0G       329M       7.7G

             total       used       free     shared    buffers     cached
Mem:          2.0G       1.9G        66M       536K       1.1M        28M
-/+ buffers/cache:       1.9G        95M
Swap:         8.0G       329M       7.7G

             total       used       free     shared    buffers     cached
Mem:          2.0G       1.9G        65M       536K       1.1M        28M
-/+ buffers/cache:       1.9G        95M
Swap:         8.0G       329M       7.7G

             total       used       free     shared    buffers     cached
Mem:          2.0G       1.9G        64M       536K       1.1M        28M
-/+ buffers/cache:       1.9G        94M
Swap:         8.0G       329M       7.7G

             total       used       free     shared    buffers     cached
Mem:          2.0G       1.9G        78M       536K       1.1M        26M
-/+ buffers/cache:       1.9G       105M
Swap:         8.0G       349M       7.7G

             total       used       free     shared    buffers     cached
Mem:          2.0G       1.9G        78M       536K       1.1M        26M
-/+ buffers/cache:       1.9G       105M
Swap:         8.0G       349M       7.7G

             total       used       free     shared    buffers     cached
Mem:          2.0G       1.9G        77M       536K       1.1M        26M
-/+ buffers/cache:       1.9G       104M
Swap:         8.0G       349M       7.7G

             total       used       free     shared    buffers     cached
Mem:          2.0G       1.9G        76M       536K       1.1M        26M
-/+ buffers/cache:       1.9G       104M
Swap:         8.0G       348M       7.7G

             total       used       free     shared    buffers     cached
Mem:          2.0G       1.9G        76M       536K       1.1M        26M
-/+ buffers/cache:       1.9G       103M
Swap:         8.0G       348M       7.7G

             total       used       free     shared    buffers     cached
Mem:          2.0G       1.9G        75M       536K       1.1M        26M
-/+ buffers/cache:       1.9G       103M
Swap:         8.0G       348M       7.7G

             total       used       free     shared    buffers     cached
Mem:          2.0G       1.9G        75M       536K       1.1M        26M
-/+ buffers/cache:       1.9G       102M
Swap:         8.0G       347M       7.7G

             total       used       free     shared    buffers     cached
Mem:          2.0G       1.9G        74M       536K       1.1M        26M
-/+ buffers/cache:       1.9G       101M
Swap:         8.0G       347M       7.7G

             total       used       free     shared    buffers     cached
Mem:          2.0G       1.9G        73M       536K       1.1M        26M
-/+ buffers/cache:       1.9G       101M
Swap:         8.0G       346M       7.7G

             total       used       free     shared    buffers     cached
Mem:          2.0G       1.9G        73M       536K       1.1M        26M
-/+ buffers/cache:       1.9G       100M
Swap:         8.0G       346M       7.7G

             total       used       free     shared    buffers     cached
Mem:          2.0G       1.9G        72M       536K       1.1M        26M
-/+ buffers/cache:       1.9G       100M
Swap:         8.0G       346M       7.7G

             total       used       free     shared    buffers     cached
Mem:          2.0G       1.9G        72M       536K       1.1M        26M
-/+ buffers/cache:       1.9G        99M
Swap:         8.0G       345M       7.7G

             total       used       free     shared    buffers     cached
Mem:          2.0G       1.9G        71M       536K       1.1M        26M
-/+ buffers/cache:       1.9G        98M
Swap:         8.0G       345M       7.7G

             total       used       free     shared    buffers     cached
Mem:          2.0G       1.9G        70M       536K       1.1M        26M
-/+ buffers/cache:       1.9G        98M
Swap:         8.0G       345M       7.7G

             total       used       free     shared    buffers     cached
Mem:          2.0G       1.9G        70M       536K       1.1M        26M
-/+ buffers/cache:       1.9G        97M
Swap:         8.0G       344M       7.7G

             total       used       free     shared    buffers     cached
Mem:          2.0G       1.9G        69M       536K       1.1M        26M
-/+ buffers/cache:       1.9G        97M
Swap:         8.0G       344M       7.7G

             total       used       free     shared    buffers     cached
Mem:          2.0G       1.9G        75M       536K       1.1M        29M
-/+ buffers/cache:       1.8G       106M
Swap:         8.0G       349M       7.7G

             total       used       free     shared    buffers     cached
Mem:          2.0G       1.9G        75M       536K       1.1M        29M
-/+ buffers/cache:       1.8G       106M
Swap:         8.0G       348M       7.7G

             total       used       free     shared    buffers     cached
Mem:          2.0G       1.9G        74M       536K       1.1M        29M
-/+ buffers/cache:       1.9G       105M
Swap:         8.0G       348M       7.7G

             total       used       free     shared    buffers     cached
Mem:          2.0G       1.9G        74M       536K       1.1M        29M
-/+ buffers/cache:       1.9G       104M
Swap:         8.0G       348M       7.7G

             total       used       free     shared    buffers     cached
Mem:          2.0G       1.9G        73M       536K       1.1M        29M
-/+ buffers/cache:       1.9G       104M
Swap:         8.0G       347M       7.7G

             total       used       free     shared    buffers     cached
Mem:          2.0G       1.9G        72M       536K       1.1M        29M
-/+ buffers/cache:       1.9G       103M
Swap:         8.0G       347M       7.7G

             total       used       free     shared    buffers     cached
Mem:          2.0G       1.9G        72M       536K       1.1M        29M
-/+ buffers/cache:       1.9G       103M
Swap:         8.0G       347M       7.7G

             total       used       free     shared    buffers     cached
Mem:          2.0G       1.9G        71M       536K       1.1M        29M
-/+ buffers/cache:       1.9G       102M
Swap:         8.0G       346M       7.7G

             total       used       free     shared    buffers     cached
Mem:          2.0G       1.9G        69M       536K       1.2M        30M
-/+ buffers/cache:       1.9G       101M
Swap:         8.0G       346M       7.7G

             total       used       free     shared    buffers     cached
Mem:          2.0G       1.9G        68M       540K       1.2M        30M
-/+ buffers/cache:       1.9G       100M
Swap:         8.0G       345M       7.7G

             total       used       free     shared    buffers     cached
Mem:          2.0G       1.9G        68M       540K       1.2M        30M
-/+ buffers/cache:       1.9G        99M
Swap:         8.0G       344M       7.7G

             total       used       free     shared    buffers     cached
Mem:          2.0G       1.9G        67M       540K       1.2M        30M
-/+ buffers/cache:       1.9G        99M
Swap:         8.0G       343M       7.7G

             total       used       free     shared    buffers     cached
Mem:          2.0G       1.9G        79M       540K       268K        28M
-/+ buffers/cache:       1.8G       108M
Swap:         8.0G       357M       7.6G

             total       used       free     shared    buffers     cached
Mem:          2.0G       1.9G        79M       540K       276K        28M
-/+ buffers/cache:       1.8G       107M
Swap:         8.0G       356M       7.6G

             total       used       free     shared    buffers     cached
Mem:          2.0G       1.9G        71M       540K       276K        31M
-/+ buffers/cache:       1.9G       103M
Swap:         8.0G       353M       7.7G

             total       used       free     shared    buffers     cached
Mem:          2.0G       1.9G        71M       540K       276K        31M
-/+ buffers/cache:       1.9G       102M
Swap:         8.0G       352M       7.7G

             total       used       free     shared    buffers     cached
Mem:          2.0G       1.9G        70M       540K       276K        31M
-/+ buffers/cache:       1.9G       102M
Swap:         8.0G       352M       7.7G

             total       used       free     shared    buffers     cached
Mem:          2.0G       1.9G        69M       540K       276K        31M
-/+ buffers/cache:       1.9G       101M
Swap:         8.0G       351M       7.7G

             total       used       free     shared    buffers     cached
Mem:          2.0G       1.9G        69M       540K       276K        31M
-/+ buffers/cache:       1.9G       101M
Swap:         8.0G       351M       7.7G

             total       used       free     shared    buffers     cached
Mem:          2.0G       1.9G        68M       540K       284K        31M
-/+ buffers/cache:       1.9G       100M
Swap:         8.0G       350M       7.7G

             total       used       free     shared    buffers     cached
Mem:          2.0G       1.9G        68M       540K       284K        31M
-/+ buffers/cache:       1.9G       100M
Swap:         8.0G       349M       7.7G

             total       used       free     shared    buffers     cached
Mem:          2.0G       1.9G        67M       540K       284K        31M
-/+ buffers/cache:       1.9G        99M
Swap:         8.0G       348M       7.7G

             total       used       free     shared    buffers     cached
Mem:          2.0G       1.9G        67M       540K       284K        31M
-/+ buffers/cache:       1.9G        99M
Swap:         8.0G       348M       7.7G

             total       used       free     shared    buffers     cached
Mem:          2.0G       1.9G        66M       540K       284K        31M
-/+ buffers/cache:       1.9G        98M
Swap:         8.0G       347M       7.7G

             total       used       free     shared    buffers     cached
Mem:          2.0G       1.9G        65M       540K       292K        31M
-/+ buffers/cache:       1.9G        97M
Swap:         8.0G       346M       7.7G

             total       used       free     shared    buffers     cached
Mem:          2.0G       1.9G        78M       4.3M       3.1M        47M
-/+ buffers/cache:       1.8G       129M
Swap:         8.0G       396M       7.6G

             total       used       free     shared    buffers     cached
Mem:          2.0G       1.9G        76M       4.3M       3.8M        60M
-/+ buffers/cache:       1.8G       140M
Swap:         8.0G       405M       7.6G

             total       used       free     shared    buffers     cached
Mem:          2.0G       1.9G        81M       624K       3.0M        59M
-/+ buffers/cache:       1.8G       144M
Swap:         8.0G       420M       7.6G

             total       used       free     shared    buffers     cached
Mem:          2.0G       1.9G        80M       636K       3.0M        59M
-/+ buffers/cache:       1.8G       143M
Swap:         8.0G       419M       7.6G

             total       used       free     shared    buffers     cached
Mem:          2.0G       1.9G        79M       636K       3.0M        59M
-/+ buffers/cache:       1.8G       142M
Swap:         8.0G       418M       7.6G

             total       used       free     shared    buffers     cached
Mem:          2.0G       1.9G        79M       636K       3.0M        59M
-/+ buffers/cache:       1.8G       142M
Swap:         8.0G       418M       7.6G

             total       used       free     shared    buffers     cached
Mem:          2.0G       1.9G        78M       636K       3.0M        60M
-/+ buffers/cache:       1.8G       141M
Swap:         8.0G       417M       7.6G

             total       used       free     shared    buffers     cached
Mem:          2.0G       1.9G        75M       636K       3.2M        60M
-/+ buffers/cache:       1.8G       139M
Swap:         8.0G       415M       7.6G

             total       used       free     shared    buffers     cached
Mem:          2.0G       1.9G        75M       636K       3.2M        60M
-/+ buffers/cache:       1.8G       139M
Swap:         8.0G       414M       7.6G

             total       used       free     shared    buffers     cached
Mem:          2.0G       1.9G        74M       636K       3.2M        60M
-/+ buffers/cache:       1.8G       138M
Swap:         8.0G       413M       7.6G

             total       used       free     shared    buffers     cached
Mem:          2.0G       1.9G        73M       636K       3.2M        60M
-/+ buffers/cache:       1.8G       137M
Swap:         8.0G       412M       7.6G

             total       used       free     shared    buffers     cached
Mem:          2.0G       1.9G        72M       636K       3.2M        60M
-/+ buffers/cache:       1.8G       136M
Swap:         8.0G       411M       7.6G

             total       used       free     shared    buffers     cached
Mem:          2.0G       1.9G        70M       636K       3.2M        60M
-/+ buffers/cache:       1.8G       134M
Swap:         8.0G       410M       7.6G

             total       used       free     shared    buffers     cached
Mem:          2.0G       1.9G        69M       636K       3.2M        60M
-/+ buffers/cache:       1.8G       133M
Swap:         8.0G       408M       7.6G

             total       used       free     shared    buffers     cached
Mem:          2.0G       1.9G        68M       636K       3.2M        60M
-/+ buffers/cache:       1.8G       132M
Swap:         8.0G       407M       7.6G

             total       used       free     shared    buffers     cached
Mem:          2.0G       1.9G        67M       636K       3.2M        60M
-/+ buffers/cache:       1.8G       132M
Swap:         8.0G       406M       7.6G

             total       used       free     shared    buffers     cached
Mem:          2.0G       1.9G        66M       636K       3.2M        60M
-/+ buffers/cache:       1.8G       130M
Swap:         8.0G       405M       7.6G

             total       used       free     shared    buffers     cached
Mem:          2.0G       1.9G        66M       636K       3.2M        60M
-/+ buffers/cache:       1.8G       130M
Swap:         8.0G       404M       7.6G

             total       used       free     shared    buffers     cached
Mem:          2.0G       1.9G        65M       636K       3.2M        60M
-/+ buffers/cache:       1.8G       129M
Swap:         8.0G       404M       7.6G

             total       used       free     shared    buffers     cached
Mem:          2.0G       1.9G        76M       636K       3.2M        59M
-/+ buffers/cache:       1.8G       139M
Swap:         8.0G       408M       7.6G

             total       used       free     shared    buffers     cached
Mem:          2.0G       1.9G        75M       636K       3.2M        59M
-/+ buffers/cache:       1.8G       139M
Swap:         8.0G       407M       7.6G

             total       used       free     shared    buffers     cached
Mem:          2.0G       1.9G        74M       636K       3.2M        59M
-/+ buffers/cache:       1.8G       138M
Swap:         8.0G       406M       7.6G

             total       used       free     shared    buffers     cached
Mem:          2.0G       1.9G        74M       636K       3.2M        59M
-/+ buffers/cache:       1.8G       137M
Swap:         8.0G       405M       7.6G

             total       used       free     shared    buffers     cached
Mem:          2.0G       1.9G        72M       636K       3.2M        60M
-/+ buffers/cache:       1.8G       136M
Swap:         8.0G       405M       7.6G

             total       used       free     shared    buffers     cached
Mem:          2.0G       1.9G        71M       636K       3.2M        60M
-/+ buffers/cache:       1.8G       135M
Swap:         8.0G       404M       7.6G

             total       used       free     shared    buffers     cached
Mem:          2.0G       1.9G        70M       636K       3.2M        60M
-/+ buffers/cache:       1.8G       134M
Swap:         8.0G       402M       7.6G

             total       used       free     shared    buffers     cached
Mem:          2.0G       1.9G        70M       636K       3.2M        60M
-/+ buffers/cache:       1.8G       133M
Swap:         8.0G       402M       7.6G

             total       used       free     shared    buffers     cached
Mem:          2.0G       1.9G        69M       636K       3.2M        60M
-/+ buffers/cache:       1.8G       132M
Swap:         8.0G       401M       7.6G

             total       used       free     shared    buffers     cached
Mem:          2.0G       1.9G        68M       636K       3.2M        60M
-/+ buffers/cache:       1.8G       131M
Swap:         8.0G       400M       7.6G

             total       used       free     shared    buffers     cached
Mem:          2.0G       1.9G        67M       636K       3.2M        60M
-/+ buffers/cache:       1.8G       130M
Swap:         8.0G       399M       7.6G

             total       used       free     shared    buffers     cached
Mem:          2.0G       1.9G        66M       636K       3.2M        60M
-/+ buffers/cache:       1.8G       129M
Swap:         8.0G       398M       7.6G

             total       used       free     shared    buffers     cached
Mem:          2.0G       1.9G        65M       636K       3.2M        60M
-/+ buffers/cache:       1.8G       129M
Swap:         8.0G       397M       7.6G

             total       used       free     shared    buffers     cached
Mem:          2.0G       1.9G        76M       636K       3.2M        58M
-/+ buffers/cache:       1.8G       138M
Swap:         8.0G       412M       7.6G

             total       used       free     shared    buffers     cached
Mem:          2.0G       1.9G        76M       636K       3.2M        58M
-/+ buffers/cache:       1.8G       138M
Swap:         8.0G       411M       7.6G

             total       used       free     shared    buffers     cached
Mem:          2.0G       1.9G        75M       636K       3.2M        58M
-/+ buffers/cache:       1.8G       137M
Swap:         8.0G       410M       7.6G

             total       used       free     shared    buffers     cached
Mem:          2.0G       1.9G        67M       636K       4.3M        63M
-/+ buffers/cache:       1.8G       135M
Swap:         8.0G       409M       7.6G

             total       used       free     shared    buffers     cached
Mem:          2.0G       1.9G        84M       684K       8.2M        70M
-/+ buffers/cache:       1.8G       163M
Swap:         8.0G       435M       7.6G
