             total       used       free     shared    buffers     cached
Mem:          992M       656M       335M       3.2M        38M       289M
-/+ buffers/cache:       328M       663M
Swap:         8.0G         0B       8.0G

             total       used       free     shared    buffers     cached
Mem:          992M       656M       335M       3.2M        38M       289M
-/+ buffers/cache:       328M       664M
Swap:         8.0G         0B       8.0G

             total       used       free     shared    buffers     cached
Mem:          992M       656M       335M       3.2M        38M       289M
-/+ buffers/cache:       327M       664M
Swap:         8.0G         0B       8.0G

             total       used       free     shared    buffers     cached
Mem:          992M       656M       335M       3.2M        38M       289M
-/+ buffers/cache:       327M       664M
Swap:         8.0G         0B       8.0G

             total       used       free     shared    buffers     cached
Mem:          992M       656M       335M       3.2M        38M       289M
-/+ buffers/cache:       327M       664M
Swap:         8.0G         0B       8.0G

             total       used       free     shared    buffers     cached
Mem:          992M       656M       335M       3.2M        38M       289M
-/+ buffers/cache:       327M       664M
Swap:         8.0G         0B       8.0G

             total       used       free     shared    buffers     cached
Mem:          992M       656M       335M       3.2M        38M       289M
-/+ buffers/cache:       327M       664M
Swap:         8.0G         0B       8.0G

             total       used       free     shared    buffers     cached
Mem:          992M       656M       336M       3.2M        38M       289M
-/+ buffers/cache:       327M       664M
Swap:         8.0G         0B       8.0G

             total       used       free     shared    buffers     cached
Mem:          992M       655M       336M       3.2M        38M       289M
-/+ buffers/cache:       327M       664M
Swap:         8.0G         0B       8.0G

             total       used       free     shared    buffers     cached
Mem:          992M       655M       336M       3.2M        38M       289M
-/+ buffers/cache:       327M       665M
Swap:         8.0G         0B       8.0G

             total       used       free     shared    buffers     cached
Mem:          992M       655M       336M       3.2M        38M       289M
-/+ buffers/cache:       327M       665M
Swap:         8.0G         0B       8.0G

             total       used       free     shared    buffers     cached
Mem:          992M       661M       330M       3.2M        38M       290M
-/+ buffers/cache:       332M       659M
Swap:         8.0G         0B       8.0G

             total       used       free     shared    buffers     cached
Mem:          992M       680M       311M       3.2M        38M       290M
-/+ buffers/cache:       351M       640M
Swap:         8.0G         0B       8.0G

             total       used       free     shared    buffers     cached
Mem:          992M       665M       327M       3.2M        38M       291M
-/+ buffers/cache:       335M       657M
Swap:         8.0G         0B       8.0G

             total       used       free     shared    buffers     cached
Mem:          992M       665M       327M       3.2M        38M       291M
-/+ buffers/cache:       335M       657M
Swap:         8.0G         0B       8.0G

             total       used       free     shared    buffers     cached
Mem:          992M       665M       326M       3.2M        38M       291M
-/+ buffers/cache:       335M       656M
Swap:         8.0G         0B       8.0G

             total       used       free     shared    buffers     cached
Mem:          992M       665M       326M       3.2M        38M       291M
-/+ buffers/cache:       335M       656M
Swap:         8.0G         0B       8.0G

             total       used       free     shared    buffers     cached
Mem:          992M       665M       326M       3.2M        38M       291M
-/+ buffers/cache:       335M       656M
Swap:         8.0G         0B       8.0G

             total       used       free     shared    buffers     cached
Mem:          992M       665M       326M       3.2M        38M       291M
-/+ buffers/cache:       335M       656M
Swap:         8.0G         0B       8.0G

             total       used       free     shared    buffers     cached
Mem:          992M       665M       326M       3.2M        38M       291M
-/+ buffers/cache:       335M       656M
Swap:         8.0G         0B       8.0G

             total       used       free     shared    buffers     cached
Mem:          992M       665M       326M       3.2M        38M       291M
-/+ buffers/cache:       335M       656M
Swap:         8.0G         0B       8.0G

             total       used       free     shared    buffers     cached
Mem:          992M       665M       326M       3.2M        38M       291M
-/+ buffers/cache:       335M       656M
Swap:         8.0G         0B       8.0G

             total       used       free     shared    buffers     cached
Mem:          992M       665M       326M       3.2M        38M       291M
-/+ buffers/cache:       335M       656M
Swap:         8.0G         0B       8.0G

             total       used       free     shared    buffers     cached
Mem:          992M       665M       326M       3.2M        38M       291M
-/+ buffers/cache:       335M       656M
Swap:         8.0G         0B       8.0G

             total       used       free     shared    buffers     cached
Mem:          992M       665M       326M       3.2M        38M       291M
-/+ buffers/cache:       335M       656M
Swap:         8.0G         0B       8.0G

             total       used       free     shared    buffers     cached
Mem:          992M       665M       326M       3.2M        38M       291M
-/+ buffers/cache:       335M       656M
Swap:         8.0G         0B       8.0G

             total       used       free     shared    buffers     cached
Mem:          992M       665M       326M       3.2M        38M       291M
-/+ buffers/cache:       335M       656M
Swap:         8.0G         0B       8.0G

             total       used       free     shared    buffers     cached
Mem:          992M       665M       326M       3.2M        38M       291M
-/+ buffers/cache:       335M       656M
Swap:         8.0G         0B       8.0G

             total       used       free     shared    buffers     cached
Mem:          992M       665M       326M       3.2M        38M       291M
-/+ buffers/cache:       335M       656M
Swap:         8.0G         0B       8.0G

             total       used       free     shared    buffers     cached
Mem:          992M       665M       326M       3.2M        38M       291M
-/+ buffers/cache:       335M       656M
Swap:         8.0G         0B       8.0G

             total       used       free     shared    buffers     cached
Mem:          992M       665M       326M       3.2M        38M       291M
-/+ buffers/cache:       335M       656M
Swap:         8.0G         0B       8.0G

             total       used       free     shared    buffers     cached
Mem:          992M       665M       326M       3.2M        38M       291M
-/+ buffers/cache:       335M       656M
Swap:         8.0G         0B       8.0G

             total       used       free     shared    buffers     cached
Mem:          992M       665M       326M       3.2M        38M       291M
-/+ buffers/cache:       335M       656M
Swap:         8.0G         0B       8.0G

             total       used       free     shared    buffers     cached
Mem:          992M       670M       321M       3.2M        38M       291M
-/+ buffers/cache:       340M       651M
Swap:         8.0G         0B       8.0G

             total       used       free     shared    buffers     cached
Mem:          992M       686M       305M       3.2M        38M       291M
-/+ buffers/cache:       356M       635M
Swap:         8.0G         0B       8.0G

             total       used       free     shared    buffers     cached
Mem:          992M       703M       289M       3.2M        38M       291M
-/+ buffers/cache:       372M       619M
Swap:         8.0G         0B       8.0G

             total       used       free     shared    buffers     cached
Mem:          992M       718M       274M       3.2M        38M       291M
-/+ buffers/cache:       387M       604M
Swap:         8.0G         0B       8.0G

             total       used       free     shared    buffers     cached
Mem:          992M       733M       259M       3.2M        38M       291M
-/+ buffers/cache:       402M       589M
Swap:         8.0G         0B       8.0G

             total       used       free     shared    buffers     cached
Mem:          992M       749M       242M       3.2M        38M       291M
-/+ buffers/cache:       418M       573M
Swap:         8.0G         0B       8.0G

             total       used       free     shared    buffers     cached
Mem:          992M       764M       228M       3.2M        38M       291M
-/+ buffers/cache:       433M       558M
Swap:         8.0G         0B       8.0G

             total       used       free     shared    buffers     cached
Mem:          992M       778M       213M       3.2M        38M       291M
-/+ buffers/cache:       448M       543M
Swap:         8.0G         0B       8.0G

             total       used       free     shared    buffers     cached
Mem:          992M       793M       198M       3.2M        38M       291M
-/+ buffers/cache:       463M       528M
Swap:         8.0G         0B       8.0G

             total       used       free     shared    buffers     cached
Mem:          992M       809M       182M       3.2M        38M       291M
-/+ buffers/cache:       479M       512M
Swap:         8.0G         0B       8.0G

             total       used       free     shared    buffers     cached
Mem:          992M       826M       165M       3.2M        38M       291M
-/+ buffers/cache:       496M       495M
Swap:         8.0G         0B       8.0G

             total       used       free     shared    buffers     cached
Mem:          992M       842M       149M       3.2M        38M       291M
-/+ buffers/cache:       512M       479M
Swap:         8.0G         0B       8.0G

             total       used       free     shared    buffers     cached
Mem:          992M       857M       134M       3.2M        38M       291M
-/+ buffers/cache:       527M       464M
Swap:         8.0G         0B       8.0G

             total       used       free     shared    buffers     cached
Mem:          992M       872M       119M       3.2M        38M       291M
-/+ buffers/cache:       542M       449M
Swap:         8.0G         0B       8.0G

             total       used       free     shared    buffers     cached
Mem:          992M       887M       104M       3.2M        38M       291M
-/+ buffers/cache:       557M       434M
Swap:         8.0G         0B       8.0G

             total       used       free     shared    buffers     cached
Mem:          992M       899M        92M       3.2M        38M       291M
-/+ buffers/cache:       569M       422M
Swap:         8.0G         0B       8.0G

             total       used       free     shared    buffers     cached
Mem:          992M       914M        77M       3.2M        38M       291M
-/+ buffers/cache:       584M       407M
Swap:         8.0G         0B       8.0G

             total       used       free     shared    buffers     cached
Mem:          992M       929M        62M       3.2M        38M       291M
-/+ buffers/cache:       599M       392M
Swap:         8.0G         0B       8.0G

             total       used       free     shared    buffers     cached
Mem:          992M       921M        70M       3.2M        17M       290M
-/+ buffers/cache:       614M       378M
Swap:         8.0G         0B       8.0G

             total       used       free     shared    buffers     cached
Mem:          992M       925M        66M       3.2M        10M       285M
-/+ buffers/cache:       629M       362M
Swap:         8.0G         0B       8.0G

             total       used       free     shared    buffers     cached
Mem:          992M       924M        67M       3.2M        10M       268M
-/+ buffers/cache:       646M       345M
Swap:         8.0G        76K       8.0G

             total       used       free     shared    buffers     cached
Mem:          992M       919M        72M       3.1M       9.8M       248M
-/+ buffers/cache:       660M       331M
Swap:         8.0G       172K       8.0G

             total       used       free     shared    buffers     cached
Mem:          992M       920M        71M       3.0M       9.8M       235M
-/+ buffers/cache:       675M       316M
Swap:         8.0G       3.9M       8.0G

             total       used       free     shared    buffers     cached
Mem:          992M       906M        85M       3.0M       9.8M       210M
-/+ buffers/cache:       686M       306M
Swap:         8.0G       8.5M       8.0G

             total       used       free     shared    buffers     cached
Mem:          992M       921M        71M       3.0M       9.8M       210M
-/+ buffers/cache:       701M       291M
Swap:         8.0G       8.5M       8.0G

             total       used       free     shared    buffers     cached
Mem:          992M       923M        68M       3.0M       3.0M       204M
-/+ buffers/cache:       716M       276M
Swap:         8.0G       8.5M       8.0G

             total       used       free     shared    buffers     cached
Mem:          992M       924M        67M       3.0M       1.9M       193M
-/+ buffers/cache:       728M       263M
Swap:         8.0G       8.6M       8.0G

             total       used       free     shared    buffers     cached
Mem:          992M       916M        75M       3.0M       236K       172M
-/+ buffers/cache:       743M       248M
Swap:         8.0G       8.6M       8.0G

             total       used       free     shared    buffers     cached
Mem:          992M       930M        61M       3.0M       260K       172M
-/+ buffers/cache:       757M       234M
Swap:         8.0G       8.6M       8.0G

             total       used       free     shared    buffers     cached
Mem:          992M       923M        68M       3.0M       244K       151M
-/+ buffers/cache:       771M       221M
Swap:         8.0G       8.6M       8.0G

             total       used       free     shared    buffers     cached
Mem:          992M       912M        79M       3.0M       244K       134M
-/+ buffers/cache:       778M       213M
Swap:         8.0G       8.6M       8.0G

             total       used       free     shared    buffers     cached
Mem:          992M       926M        65M       3.0M       256K       134M
-/+ buffers/cache:       791M       200M
Swap:         8.0G       8.6M       8.0G

             total       used       free     shared    buffers     cached
Mem:          992M       924M        67M       3.0M        84K       118M
-/+ buffers/cache:       806M       186M
Swap:         8.0G       8.6M       8.0G

             total       used       free     shared    buffers     cached
Mem:          992M       924M        67M       3.0M        84K       105M
-/+ buffers/cache:       819M       173M
Swap:         8.0G       8.6M       8.0G

             total       used       free     shared    buffers     cached
Mem:          992M       914M        77M       3.0M        92K        81M
-/+ buffers/cache:       832M       159M
Swap:         8.0G       8.6M       8.0G

             total       used       free     shared    buffers     cached
Mem:          992M       929M        62M       3.0M        96K        81M
-/+ buffers/cache:       847M       144M
Swap:         8.0G       8.6M       8.0G

             total       used       free     shared    buffers     cached
Mem:          992M       924M        67M       3.0M        96K        63M
-/+ buffers/cache:       860M       131M
Swap:         8.0G       8.6M       8.0G

             total       used       free     shared    buffers     cached
Mem:          992M       925M        67M       3.0M       236K        50M
-/+ buffers/cache:       874M       118M
Swap:         8.0G       8.6M       8.0G

             total       used       free     shared    buffers     cached
Mem:          992M       920M        71M       3.0M       2.7M        30M
-/+ buffers/cache:       887M       104M
Swap:         8.0G       8.6M       8.0G

             total       used       free     shared    buffers     cached
Mem:          992M       920M        71M       2.8M       2.8M        19M
-/+ buffers/cache:       898M        94M
Swap:         8.0G        13M       8.0G

             total       used       free     shared    buffers     cached
Mem:          992M       920M        71M       2.8M       2.6M        14M
-/+ buffers/cache:       903M        88M
Swap:         8.0G        17M       8.0G

             total       used       free     shared    buffers     cached
Mem:          992M       926M        66M       2.8M        92K        11M
-/+ buffers/cache:       914M        77M
Swap:         8.0G        19M       8.0G

             total       used       free     shared    buffers     cached
Mem:          992M       924M        67M       2.5M        92K       5.1M
-/+ buffers/cache:       919M        73M
Swap:         8.0G        28M       8.0G

             total       used       free     shared    buffers     cached
Mem:          992M       919M        72M       2.5M       496K       5.0M
-/+ buffers/cache:       913M        78M
Swap:         8.0G        52M       7.9G

             total       used       free     shared    buffers     cached
Mem:          992M       920M        72M       2.5M       504K       4.9M
-/+ buffers/cache:       914M        77M
Swap:         8.0G        62M       7.9G

             total       used       free     shared    buffers     cached
Mem:          992M       924M        67M       2.5M       504K       5.0M
-/+ buffers/cache:       918M        73M
Swap:         8.0G        71M       7.9G

             total       used       free     shared    buffers     cached
Mem:          992M       919M        72M       2.5M       492K       4.9M
-/+ buffers/cache:       914M        77M
Swap:         8.0G        99M       7.9G

             total       used       free     shared    buffers     cached
Mem:          992M       918M        73M       2.5M       492K       5.0M
-/+ buffers/cache:       912M        79M
Swap:         8.0G       102M       7.9G

             total       used       free     shared    buffers     cached
Mem:          992M       929M        63M       2.5M       492K       5.0M
-/+ buffers/cache:       923M        68M
Swap:         8.0G       109M       7.9G

             total       used       free     shared    buffers     cached
Mem:          992M       923M        68M       2.5M       492K       4.9M
-/+ buffers/cache:       918M        73M
Swap:         8.0G       123M       7.9G

             total       used       free     shared    buffers     cached
Mem:          992M       921M        71M       2.5M       500K       4.8M
-/+ buffers/cache:       915M        76M
Swap:         8.0G       140M       7.9G

             total       used       free     shared    buffers     cached
Mem:          992M       918M        73M       2.4M       500K       4.7M
-/+ buffers/cache:       913M        78M
Swap:         8.0G       158M       7.8G

             total       used       free     shared    buffers     cached
Mem:          992M       915M        76M       2.4M       500K       4.6M
-/+ buffers/cache:       910M        82M
Swap:         8.0G       167M       7.8G

             total       used       free     shared    buffers     cached
Mem:          992M       930M        62M       2.4M       500K       4.8M
-/+ buffers/cache:       924M        67M
Swap:         8.0G       167M       7.8G

             total       used       free     shared    buffers     cached
Mem:          992M       923M        68M       2.4M       500K       4.7M
-/+ buffers/cache:       918M        73M
Swap:         8.0G       195M       7.8G

             total       used       free     shared    buffers     cached
Mem:          992M       920M        72M       2.4M       488K       4.5M
-/+ buffers/cache:       915M        77M
Swap:         8.0G       207M       7.8G

             total       used       free     shared    buffers     cached
Mem:          992M       908M        83M       2.4M       488K       4.5M
-/+ buffers/cache:       904M        88M
Swap:         8.0G       229M       7.8G

             total       used       free     shared    buffers     cached
Mem:          992M       924M        67M       2.3M       488K       4.5M
-/+ buffers/cache:       919M        72M
Swap:         8.0G       229M       7.8G

             total       used       free     shared    buffers     cached
Mem:          992M       924M        67M       2.3M       488K       4.4M
-/+ buffers/cache:       920M        72M
Swap:         8.0G       242M       7.8G

             total       used       free     shared    buffers     cached
Mem:          992M       921M        71M       2.3M       488K       4.3M
-/+ buffers/cache:       916M        75M
Swap:         8.0G       264M       7.7G

             total       used       free     shared    buffers     cached
Mem:          992M       928M        63M       2.3M       496K       4.3M
-/+ buffers/cache:       923M        68M
Swap:         8.0G       264M       7.7G

             total       used       free     shared    buffers     cached
Mem:          992M       921M        70M       2.3M       496K       4.2M
-/+ buffers/cache:       917M        75M
Swap:         8.0G       269M       7.7G

             total       used       free     shared    buffers     cached
Mem:          992M       927M        64M       2.3M       496K       4.2M
-/+ buffers/cache:       922M        69M
Swap:         8.0G       269M       7.7G

             total       used       free     shared    buffers     cached
Mem:          992M       917M        74M       2.3M       476K       4.2M
-/+ buffers/cache:       912M        79M
Swap:         8.0G       296M       7.7G

             total       used       free     shared    buffers     cached
Mem:          992M       923M        68M       2.3M       476K       4.2M
-/+ buffers/cache:       918M        73M
Swap:         8.0G       296M       7.7G

             total       used       free     shared    buffers     cached
Mem:          992M       928M        63M       2.3M       476K       4.2M
-/+ buffers/cache:       923M        68M
Swap:         8.0G       296M       7.7G

             total       used       free     shared    buffers     cached
Mem:          992M       919M        72M       2.3M       484K       4.3M
-/+ buffers/cache:       915M        77M
Swap:         8.0G       296M       7.7G

             total       used       free     shared    buffers     cached
Mem:          992M       925M        67M       2.3M       484K       4.3M
-/+ buffers/cache:       920M        71M
Swap:         8.0G       296M       7.7G

             total       used       free     shared    buffers     cached
Mem:          992M       930M        62M       2.3M       484K       4.3M
-/+ buffers/cache:       925M        66M
Swap:         8.0G       296M       7.7G

             total       used       free     shared    buffers     cached
Mem:          992M       912M        79M       1.4M       444K       3.3M
-/+ buffers/cache:       909M        83M
Swap:         8.0G       325M       7.7G

             total       used       free     shared    buffers     cached
Mem:          992M       917M        75M       1.4M       444K       3.3M
-/+ buffers/cache:       913M        78M
Swap:         8.0G       325M       7.7G

             total       used       free     shared    buffers     cached
Mem:          992M       921M        71M       1.4M       456K       3.3M
-/+ buffers/cache:       917M        74M
Swap:         8.0G       325M       7.7G

             total       used       free     shared    buffers     cached
Mem:          992M       925M        66M       1.4M       456K       3.3M
-/+ buffers/cache:       921M        70M
Swap:         8.0G       325M       7.7G

             total       used       free     shared    buffers     cached
Mem:          992M       915M        76M       228K       388K       2.1M
-/+ buffers/cache:       913M        79M
Swap:         8.0G       333M       7.7G

             total       used       free     shared    buffers     cached
Mem:          992M       923M        69M       196K       340K       2.0M
-/+ buffers/cache:       920M        71M
Swap:         8.0G       329M       7.7G

             total       used       free     shared    buffers     cached
Mem:          992M       921M        71M       196K       180K       2.1M
-/+ buffers/cache:       918M        73M
Swap:         8.0G       320M       7.7G

             total       used       free     shared    buffers     cached
Mem:          992M       929M        62M       196K        84K       1.7M
-/+ buffers/cache:       927M        64M
Swap:         8.0G       475M       7.5G

             total       used       free     shared    buffers     cached
Mem:          992M       869M       122M       192K        84K       1.6M
-/+ buffers/cache:       867M       124M
Swap:         8.0G       454M       7.6G

             total       used       free     shared    buffers     cached
Mem:          992M       870M       121M       192K        84K       1.6M
-/+ buffers/cache:       869M       122M
Swap:         8.0G       452M       7.6G

             total       used       free     shared    buffers     cached
Mem:          992M       905M        87M       192K       104K       1.6M
-/+ buffers/cache:       903M        88M
Swap:         8.0G       395M       7.6G

             total       used       free     shared    buffers     cached
Mem:          992M       919M        72M       192K       104K       1.6M
-/+ buffers/cache:       918M        74M
Swap:         8.0G       340M       7.7G

             total       used       free     shared    buffers     cached
Mem:          992M       922M        69M       192K       104K       1.5M
-/+ buffers/cache:       921M        70M
Swap:         8.0G       317M       7.7G

             total       used       free     shared    buffers     cached
Mem:          992M       923M        68M       128K       104K       1.4M
-/+ buffers/cache:       921M        70M
Swap:         8.0G       318M       7.7G

             total       used       free     shared    buffers     cached
Mem:          992M       923M        68M         0B        92K       1.2M
-/+ buffers/cache:       922M        70M
Swap:         8.0G       317M       7.7G

             total       used       free     shared    buffers     cached
Mem:          992M       905M        86M         0B        84K       1.2M
-/+ buffers/cache:       904M        87M
Swap:         8.0G       338M       7.7G

             total       used       free     shared    buffers     cached
Mem:          992M       918M        74M         0B        76K       1.6M
-/+ buffers/cache:       916M        75M
Swap:         8.0G       329M       7.7G

             total       used       free     shared    buffers     cached
Mem:          992M       919M        72M         0B       216K        10M
-/+ buffers/cache:       909M        82M
Swap:         8.0G       349M       7.7G

             total       used       free     shared    buffers     cached
Mem:          992M       925M        66M         0B       492K        12M
-/+ buffers/cache:       912M        79M
Swap:         8.0G       348M       7.7G

             total       used       free     shared    buffers     cached
Mem:          992M       925M        66M         0B       808K        12M
-/+ buffers/cache:       912M        79M
Swap:         8.0G       348M       7.7G

             total       used       free     shared    buffers     cached
Mem:          992M       930M        62M         0B       808K        12M
-/+ buffers/cache:       916M        75M
Swap:         8.0G       348M       7.7G

             total       used       free     shared    buffers     cached
Mem:          992M       914M        77M         0B       760K       8.8M
-/+ buffers/cache:       905M        86M
Swap:         8.0G       365M       7.6G

             total       used       free     shared    buffers     cached
Mem:          992M       919M        73M         0B       760K       8.8M
-/+ buffers/cache:       909M        82M
Swap:         8.0G       365M       7.6G

             total       used       free     shared    buffers     cached
Mem:          992M       924M        67M         0B       768K       8.9M
-/+ buffers/cache:       914M        77M
Swap:         8.0G       365M       7.6G

             total       used       free     shared    buffers     cached
Mem:          992M       929M        62M         0B       768K       8.9M
-/+ buffers/cache:       920M        71M
Swap:         8.0G       365M       7.6G

             total       used       free     shared    buffers     cached
Mem:          992M       912M        80M         0B       628K       6.6M
-/+ buffers/cache:       904M        87M
Swap:         8.0G       386M       7.6G

             total       used       free     shared    buffers     cached
Mem:          992M       917M        74M         0B       628K       6.6M
-/+ buffers/cache:       910M        81M
Swap:         8.0G       386M       7.6G

             total       used       free     shared    buffers     cached
Mem:          992M       920M        71M         0B       628K       6.6M
-/+ buffers/cache:       913M        78M
Swap:         8.0G       386M       7.6G

             total       used       free     shared    buffers     cached
Mem:          992M       923M        68M         0B       768K       6.9M
-/+ buffers/cache:       915M        76M
Swap:         8.0G       385M       7.6G

             total       used       free     shared    buffers     cached
Mem:          992M       924M        67M         0B       776K       7.0M
-/+ buffers/cache:       917M        74M
Swap:         8.0G       384M       7.6G

             total       used       free     shared    buffers     cached
Mem:          992M       926M        65M         0B       776K       7.1M
-/+ buffers/cache:       918M        73M
Swap:         8.0G       383M       7.6G

             total       used       free     shared    buffers     cached
Mem:          992M       928M        63M         0B       776K       7.1M
-/+ buffers/cache:       920M        71M
Swap:         8.0G       382M       7.6G

             total       used       free     shared    buffers     cached
Mem:          992M       929M        62M         0B       776K       7.1M
-/+ buffers/cache:       921M        70M
Swap:         8.0G       382M       7.6G

             total       used       free     shared    buffers     cached
Mem:          992M       931M        61M         0B       776K       7.2M
-/+ buffers/cache:       923M        68M
Swap:         8.0G       381M       7.6G

             total       used       free     shared    buffers     cached
Mem:          992M       863M       128M         0B       548K       5.6M
-/+ buffers/cache:       857M       134M
Swap:         8.0G       444M       7.6G

             total       used       free     shared    buffers     cached
Mem:          992M       864M       127M         0B       560K       5.6M
-/+ buffers/cache:       858M       133M
Swap:         8.0G       443M       7.6G

             total       used       free     shared    buffers     cached
Mem:          992M       866M       126M         0B       560K       5.6M
-/+ buffers/cache:       860M       132M
Swap:         8.0G       443M       7.6G

             total       used       free     shared    buffers     cached
Mem:          992M       867M       124M         0B       560K       5.6M
-/+ buffers/cache:       861M       130M
Swap:         8.0G       443M       7.6G

             total       used       free     shared    buffers     cached
Mem:          992M       869M       122M         0B       560K       5.6M
-/+ buffers/cache:       863M       128M
Swap:         8.0G       442M       7.6G

             total       used       free     shared    buffers     cached
Mem:          992M       871M       121M         0B       568K       5.6M
-/+ buffers/cache:       865M       127M
Swap:         8.0G       441M       7.6G

             total       used       free     shared    buffers     cached
Mem:          992M       872M       119M         0B       568K       5.6M
-/+ buffers/cache:       866M       125M
Swap:         8.0G       441M       7.6G

             total       used       free     shared    buffers     cached
Mem:          992M       874M       117M         0B       568K       5.6M
-/+ buffers/cache:       868M       123M
Swap:         8.0G       440M       7.6G

             total       used       free     shared    buffers     cached
Mem:          992M       876M       115M         0B       568K       5.6M
-/+ buffers/cache:       870M       122M
Swap:         8.0G       439M       7.6G

             total       used       free     shared    buffers     cached
Mem:          992M       877M       114M         0B       568K       5.6M
-/+ buffers/cache:       871M       120M
Swap:         8.0G       438M       7.6G

             total       used       free     shared    buffers     cached
Mem:          992M       879M       112M         0B       568K       5.6M
-/+ buffers/cache:       873M       118M
Swap:         8.0G       438M       7.6G

             total       used       free     shared    buffers     cached
Mem:          992M       881M       111M         0B       576K       5.6M
-/+ buffers/cache:       875M       117M
Swap:         8.0G       437M       7.6G

             total       used       free     shared    buffers     cached
Mem:          992M       882M       109M         0B       576K       5.6M
-/+ buffers/cache:       876M       115M
Swap:         8.0G       436M       7.6G

             total       used       free     shared    buffers     cached
Mem:          992M       884M       107M         0B       576K       5.6M
-/+ buffers/cache:       878M       113M
Swap:         8.0G       435M       7.6G

             total       used       free     shared    buffers     cached
Mem:          992M       886M       105M         0B       576K       5.6M
-/+ buffers/cache:       880M       111M
Swap:         8.0G       434M       7.6G

             total       used       free     shared    buffers     cached
Mem:          992M       888M       103M         0B       576K       5.6M
-/+ buffers/cache:       882M       109M
Swap:         8.0G       433M       7.6G

             total       used       free     shared    buffers     cached
Mem:          992M       890M       102M         0B       584K       5.6M
-/+ buffers/cache:       884M       108M
Swap:         8.0G       433M       7.6G

             total       used       free     shared    buffers     cached
Mem:          992M       892M       100M         0B       584K       5.6M
-/+ buffers/cache:       885M       106M
Swap:         8.0G       432M       7.6G

             total       used       free     shared    buffers     cached
Mem:          992M       893M        98M         0B       584K       5.6M
-/+ buffers/cache:       887M       104M
Swap:         8.0G       431M       7.6G

             total       used       free     shared    buffers     cached
Mem:          992M       895M        96M         0B       584K       5.6M
-/+ buffers/cache:       889M       102M
Swap:         8.0G       430M       7.6G

             total       used       free     shared    buffers     cached
Mem:          992M       897M        94M         0B       584K       5.6M
-/+ buffers/cache:       891M       101M
Swap:         8.0G       429M       7.6G

             total       used       free     shared    buffers     cached
Mem:          992M       899M        93M         0B       592K       5.6M
-/+ buffers/cache:       893M        99M
Swap:         8.0G       428M       7.6G

             total       used       free     shared    buffers     cached
Mem:          992M       901M        91M         0B       592K       5.6M
-/+ buffers/cache:       895M        97M
Swap:         8.0G       427M       7.6G

             total       used       free     shared    buffers     cached
Mem:          992M       902M        89M         0B       592K       5.6M
-/+ buffers/cache:       896M        95M
Swap:         8.0G       426M       7.6G

             total       used       free     shared    buffers     cached
Mem:          992M       905M        87M         0B       592K       5.6M
-/+ buffers/cache:       898M        93M
Swap:         8.0G       425M       7.6G

             total       used       free     shared    buffers     cached
Mem:          992M       906M        85M         0B       592K       5.6M
-/+ buffers/cache:       900M        91M
Swap:         8.0G       425M       7.6G

             total       used       free     shared    buffers     cached
Mem:          992M       908M        83M         0B       592K       5.6M
-/+ buffers/cache:       902M        89M
Swap:         8.0G       424M       7.6G

             total       used       free     shared    buffers     cached
Mem:          992M       910M        81M         0B       600K       5.6M
-/+ buffers/cache:       904M        88M
Swap:         8.0G       423M       7.6G

             total       used       free     shared    buffers     cached
Mem:          992M       912M        80M         0B       600K       5.6M
-/+ buffers/cache:       905M        86M
Swap:         8.0G       422M       7.6G

             total       used       free     shared    buffers     cached
Mem:          992M       913M        78M         0B       600K       5.6M
-/+ buffers/cache:       907M        84M
Swap:         8.0G       421M       7.6G

             total       used       free     shared    buffers     cached
Mem:          992M       915M        76M         0B       600K       5.6M
-/+ buffers/cache:       909M        82M
Swap:         8.0G       420M       7.6G

             total       used       free     shared    buffers     cached
Mem:          992M       917M        74M         0B       600K       5.6M
-/+ buffers/cache:       911M        80M
Swap:         8.0G       419M       7.6G

             total       used       free     shared    buffers     cached
Mem:          992M       919M        72M         0B       608K       5.6M
-/+ buffers/cache:       913M        78M
Swap:         8.0G       418M       7.6G

             total       used       free     shared    buffers     cached
Mem:          992M       921M        71M         0B       616K       5.6M
-/+ buffers/cache:       914M        77M
Swap:         8.0G       417M       7.6G

             total       used       free     shared    buffers     cached
Mem:          992M       923M        69M         0B       616K       5.6M
-/+ buffers/cache:       916M        75M
Swap:         8.0G       416M       7.6G

             total       used       free     shared    buffers     cached
Mem:          992M       925M        67M         0B       616K       5.6M
-/+ buffers/cache:       919M        73M
Swap:         8.0G       415M       7.6G

             total       used       free     shared    buffers     cached
Mem:          992M       927M        65M         0B       616K       5.6M
-/+ buffers/cache:       920M        71M
Swap:         8.0G       414M       7.6G

             total       used       free     shared    buffers     cached
Mem:          992M       928M        63M         0B       624K       5.6M
-/+ buffers/cache:       922M        69M
Swap:         8.0G       413M       7.6G

             total       used       free     shared    buffers     cached
Mem:          992M       930M        61M         0B       628K       5.6M
-/+ buffers/cache:       924M        67M
Swap:         8.0G       413M       7.6G

             total       used       free     shared    buffers     cached
Mem:          992M       917M        74M         0B       272K       5.1M
-/+ buffers/cache:       912M        79M
Swap:         8.0G       427M       7.6G

             total       used       free     shared    buffers     cached
Mem:          992M       919M        72M         0B       272K       5.1M
-/+ buffers/cache:       914M        77M
Swap:         8.0G       426M       7.6G

             total       used       free     shared    buffers     cached
Mem:          992M       921M        70M         0B       272K       5.1M
-/+ buffers/cache:       916M        76M
Swap:         8.0G       425M       7.6G

             total       used       free     shared    buffers     cached
Mem:          992M       924M        67M         0B       272K       6.6M
-/+ buffers/cache:       917M        74M
Swap:         8.0G       424M       7.6G

             total       used       free     shared    buffers     cached
Mem:          992M       931M        61M         0B       964K        30M
-/+ buffers/cache:       899M        92M
Swap:         8.0G       443M       7.6G

             total       used       free     shared    buffers     cached
Mem:          992M       921M        70M        16K       1.0M        35M
-/+ buffers/cache:       885M       106M
Swap:         8.0G       468M       7.5G

             total       used       free     shared    buffers     cached
Mem:          992M       924M        67M        16K       1.4M        35M
-/+ buffers/cache:       887M       104M
Swap:         8.0G       466M       7.5G

             total       used       free     shared    buffers     cached
Mem:          992M       925M        66M        16K       1.4M        35M
-/+ buffers/cache:       888M       103M
Swap:         8.0G       465M       7.5G

             total       used       free     shared    buffers     cached
Mem:          992M       926M        65M        16K       1.4M        35M
-/+ buffers/cache:       889M       102M
Swap:         8.0G       465M       7.5G

             total       used       free     shared    buffers     cached
Mem:          992M       927M        65M        16K       1.5M        35M
-/+ buffers/cache:       890M       101M
Swap:         8.0G       465M       7.5G

             total       used       free     shared    buffers     cached
Mem:          992M       928M        63M        16K       1.5M        35M
-/+ buffers/cache:       891M       100M
Swap:         8.0G       464M       7.5G

             total       used       free     shared    buffers     cached
Mem:          992M       929M        62M        16K       1.5M        35M
-/+ buffers/cache:       892M        99M
Swap:         8.0G       464M       7.5G

             total       used       free     shared    buffers     cached
Mem:          992M       930M        61M        16K       1.5M        35M
-/+ buffers/cache:       893M        98M
Swap:         8.0G       463M       7.5G

             total       used       free     shared    buffers     cached
Mem:          992M       916M        75M        16K       1.5M        34M
-/+ buffers/cache:       880M       111M
Swap:         8.0G       462M       7.5G

             total       used       free     shared    buffers     cached
Mem:          992M       917M        74M        16K       1.5M        34M
-/+ buffers/cache:       881M       110M
Swap:         8.0G       462M       7.5G

             total       used       free     shared    buffers     cached
Mem:          992M       919M        73M        16K       1.5M        34M
-/+ buffers/cache:       882M       109M
Swap:         8.0G       461M       7.5G

             total       used       free     shared    buffers     cached
Mem:          992M       921M        70M        16K       1.5M        35M
-/+ buffers/cache:       885M       107M
Swap:         8.0G       460M       7.5G

             total       used       free     shared    buffers     cached
Mem:          992M       923M        69M        16K       1.5M        35M
-/+ buffers/cache:       886M       106M
Swap:         8.0G       460M       7.5G

             total       used       free     shared    buffers     cached
Mem:          992M       924M        68M        16K       1.5M        35M
-/+ buffers/cache:       887M       104M
Swap:         8.0G       459M       7.5G

             total       used       free     shared    buffers     cached
Mem:          992M       925M        66M        16K       1.5M        35M
-/+ buffers/cache:       888M       103M
Swap:         8.0G       458M       7.5G

             total       used       free     shared    buffers     cached
Mem:          992M       926M        65M        16K       1.5M        35M
-/+ buffers/cache:       889M       102M
Swap:         8.0G       458M       7.5G

             total       used       free     shared    buffers     cached
Mem:          992M       928M        63M        16K       1.5M        35M
-/+ buffers/cache:       891M       100M
Swap:         8.0G       457M       7.6G

             total       used       free     shared    buffers     cached
Mem:          992M       929M        62M        16K       1.5M        35M
-/+ buffers/cache:       892M        99M
Swap:         8.0G       456M       7.6G

             total       used       free     shared    buffers     cached
Mem:          992M       930M        61M        16K       1.5M        35M
-/+ buffers/cache:       893M        98M
Swap:         8.0G       456M       7.6G

             total       used       free     shared    buffers     cached
Mem:          992M       913M        78M        16K       1.5M        32M
-/+ buffers/cache:       879M       113M
Swap:         8.0G       484M       7.5G

             total       used       free     shared    buffers     cached
Mem:          992M       914M        77M        16K       1.5M        33M
-/+ buffers/cache:       880M       112M
Swap:         8.0G       484M       7.5G

             total       used       free     shared    buffers     cached
Mem:          992M       915M        76M        16K       1.5M        33M
-/+ buffers/cache:       881M       111M
Swap:         8.0G       483M       7.5G

             total       used       free     shared    buffers     cached
Mem:          992M       916M        75M        16K       1.5M        33M
-/+ buffers/cache:       882M       109M
Swap:         8.0G       483M       7.5G

             total       used       free     shared    buffers     cached
Mem:          992M       918M        73M        16K       1.5M        33M
-/+ buffers/cache:       883M       108M
Swap:         8.0G       482M       7.5G

             total       used       free     shared    buffers     cached
Mem:          992M       919M        72M        16K       1.5M        33M
-/+ buffers/cache:       884M       107M
Swap:         8.0G       481M       7.5G

             total       used       free     shared    buffers     cached
Mem:          992M       920M        71M        16K       1.5M        33M
-/+ buffers/cache:       886M       105M
Swap:         8.0G       481M       7.5G

             total       used       free     shared    buffers     cached
Mem:          992M       922M        70M        16K       1.5M        33M
-/+ buffers/cache:       887M       104M
Swap:         8.0G       480M       7.5G

             total       used       free     shared    buffers     cached
Mem:          992M       922M        69M        16K       1.5M        33M
-/+ buffers/cache:       888M       103M
Swap:         8.0G       479M       7.5G

             total       used       free     shared    buffers     cached
Mem:          992M       924M        67M        16K       1.5M        33M
-/+ buffers/cache:       889M       102M
Swap:         8.0G       479M       7.5G

             total       used       free     shared    buffers     cached
Mem:          992M       925M        66M        16K       1.5M        33M
-/+ buffers/cache:       890M       101M
Swap:         8.0G       478M       7.5G

             total       used       free     shared    buffers     cached
Mem:          992M       926M        65M        16K       1.5M        33M
-/+ buffers/cache:       892M       100M
Swap:         8.0G       477M       7.5G

             total       used       free     shared    buffers     cached
Mem:          992M       928M        64M        16K       1.5M        33M
-/+ buffers/cache:       893M        98M
Swap:         8.0G       477M       7.5G

             total       used       free     shared    buffers     cached
Mem:          992M       929M        62M        16K       1.5M        33M
-/+ buffers/cache:       894M        97M
Swap:         8.0G       476M       7.5G

             total       used       free     shared    buffers     cached
Mem:          992M       930M        61M        16K       1.5M        33M
-/+ buffers/cache:       896M        96M
Swap:         8.0G       475M       7.5G

             total       used       free     shared    buffers     cached
Mem:          992M       919M        72M        16K       1.5M        32M
-/+ buffers/cache:       884M       107M
Swap:         8.0G       476M       7.5G

             total       used       free     shared    buffers     cached
Mem:          992M       920M        71M        16K       1.5M        32M
-/+ buffers/cache:       886M       106M
Swap:         8.0G       475M       7.5G

             total       used       free     shared    buffers     cached
Mem:          992M       921M        70M        16K       1.5M        32M
-/+ buffers/cache:       887M       104M
Swap:         8.0G       474M       7.5G

             total       used       free     shared    buffers     cached
Mem:          992M       923M        68M        16K       1.5M        32M
-/+ buffers/cache:       888M       103M
Swap:         8.0G       473M       7.5G

             total       used       free     shared    buffers     cached
Mem:          992M       924M        67M        16K       1.5M        32M
-/+ buffers/cache:       890M       101M
Swap:         8.0G       473M       7.5G

             total       used       free     shared    buffers     cached
Mem:          992M       926M        65M        16K       1.5M        32M
-/+ buffers/cache:       891M       100M
Swap:         8.0G       472M       7.5G

             total       used       free     shared    buffers     cached
Mem:          992M       927M        64M        16K       1.5M        32M
-/+ buffers/cache:       893M        99M
Swap:         8.0G       471M       7.5G

             total       used       free     shared    buffers     cached
Mem:          992M       928M        63M        16K       1.5M        32M
-/+ buffers/cache:       894M        97M
Swap:         8.0G       470M       7.5G

             total       used       free     shared    buffers     cached
Mem:          992M       930M        61M        16K       1.5M        32M
-/+ buffers/cache:       895M        96M
Swap:         8.0G       469M       7.5G

             total       used       free     shared    buffers     cached
Mem:          992M       914M        78M        16K       1.5M        31M
-/+ buffers/cache:       880M       111M
Swap:         8.0G       492M       7.5G

             total       used       free     shared    buffers     cached
Mem:          992M       915M        76M        16K       1.5M        31M
-/+ buffers/cache:       882M       109M
Swap:         8.0G       492M       7.5G

             total       used       free     shared    buffers     cached
Mem:          992M       916M        75M        16K       1.5M        31M
-/+ buffers/cache:       883M       108M
Swap:         8.0G       491M       7.5G

             total       used       free     shared    buffers     cached
Mem:          992M       917M        74M        16K       1.5M        31M
-/+ buffers/cache:       884M       107M
Swap:         8.0G       490M       7.5G

             total       used       free     shared    buffers     cached
Mem:          992M       919M        72M        16K       1.5M        31M
-/+ buffers/cache:       886M       105M
Swap:         8.0G       489M       7.5G

             total       used       free     shared    buffers     cached
Mem:          992M       920M        71M        16K       1.5M        31M
-/+ buffers/cache:       887M       104M
Swap:         8.0G       488M       7.5G

             total       used       free     shared    buffers     cached
Mem:          992M       922M        69M        16K       1.5M        31M
-/+ buffers/cache:       889M       102M
Swap:         8.0G       487M       7.5G

             total       used       free     shared    buffers     cached
Mem:          992M       923M        68M        16K       1.5M        31M
-/+ buffers/cache:       890M       101M
Swap:         8.0G       487M       7.5G

             total       used       free     shared    buffers     cached
Mem:          992M       924M        67M        16K       1.5M        31M
-/+ buffers/cache:       891M       100M
Swap:         8.0G       486M       7.5G

             total       used       free     shared    buffers     cached
Mem:          992M       926M        65M        16K       1.5M        31M
-/+ buffers/cache:       893M        98M
Swap:         8.0G       485M       7.5G

             total       used       free     shared    buffers     cached
Mem:          992M       927M        64M        16K       1.5M        31M
-/+ buffers/cache:       894M        97M
Swap:         8.0G       484M       7.5G

             total       used       free     shared    buffers     cached
Mem:          992M       929M        62M        16K       1.5M        31M
-/+ buffers/cache:       896M        95M
Swap:         8.0G       483M       7.5G

             total       used       free     shared    buffers     cached
Mem:          992M       930M        61M        16K       1.5M        31M
-/+ buffers/cache:       897M        94M
Swap:         8.0G       482M       7.5G

             total       used       free     shared    buffers     cached
Mem:          992M       918M        74M        16K       860K        30M
-/+ buffers/cache:       886M       106M
Swap:         8.0G       493M       7.5G

             total       used       free     shared    buffers     cached
Mem:          992M       919M        72M        16K       860K        30M
-/+ buffers/cache:       887M       104M
Swap:         8.0G       492M       7.5G

             total       used       free     shared    buffers     cached
Mem:          992M       921M        71M        16K       860K        30M
-/+ buffers/cache:       889M       102M
Swap:         8.0G       491M       7.5G

             total       used       free     shared    buffers     cached
Mem:          992M       924M        67M        16K       868K        33M
-/+ buffers/cache:       890M       101M
Swap:         8.0G       491M       7.5G

             total       used       free     shared    buffers     cached
Mem:          992M       926M        65M        16K       868K        33M
-/+ buffers/cache:       892M        99M
Swap:         8.0G       490M       7.5G

             total       used       free     shared    buffers     cached
Mem:          992M       927M        64M        16K       868K        33M
-/+ buffers/cache:       893M        98M
Swap:         8.0G       489M       7.5G

             total       used       free     shared    buffers     cached
Mem:          992M       929M        62M        16K       868K        33M
-/+ buffers/cache:       895M        96M
Swap:         8.0G       488M       7.5G

             total       used       free     shared    buffers     cached
Mem:          992M       930M        61M        16K       868K        33M
-/+ buffers/cache:       896M        95M
Swap:         8.0G       487M       7.5G

             total       used       free     shared    buffers     cached
Mem:          992M       918M        73M        16K       876K        31M
-/+ buffers/cache:       886M       105M
Swap:         8.0G       500M       7.5G

             total       used       free     shared    buffers     cached
Mem:          992M       920M        71M        16K       876K        31M
-/+ buffers/cache:       887M       104M
Swap:         8.0G       499M       7.5G

             total       used       free     shared    buffers     cached
Mem:          992M       922M        69M        16K       876K        32M
-/+ buffers/cache:       889M       102M
Swap:         8.0G       498M       7.5G

             total       used       free     shared    buffers     cached
Mem:          992M       924M        67M        20K       1.0M        32M
-/+ buffers/cache:       890M       101M
Swap:         8.0G       497M       7.5G

             total       used       free     shared    buffers     cached
Mem:          992M       926M        65M        20K       1.0M        32M
-/+ buffers/cache:       892M        99M
Swap:         8.0G       497M       7.5G

             total       used       free     shared    buffers     cached
Mem:          992M       927M        64M        20K       1.0M        32M
-/+ buffers/cache:       894M        98M
Swap:         8.0G       496M       7.5G

             total       used       free     shared    buffers     cached
Mem:          992M       920M        71M        20K       1.0M        33M
-/+ buffers/cache:       886M       106M
Swap:         8.0G       504M       7.5G

             total       used       free     shared    buffers     cached
Mem:          992M       920M        71M        20K       1.0M        33M
-/+ buffers/cache:       886M       105M
Swap:         8.0G       503M       7.5G

             total       used       free     shared    buffers     cached
Mem:          992M       922M        69M        20K       1.0M        33M
-/+ buffers/cache:       888M       103M
Swap:         8.0G       503M       7.5G

             total       used       free     shared    buffers     cached
Mem:          992M       930M        61M        20K       1.0M        35M
-/+ buffers/cache:       893M        98M
Swap:         8.0G       500M       7.5G

             total       used       free     shared    buffers     cached
Mem:          992M       931M        61M        20K       1.0M        35M
-/+ buffers/cache:       894M        97M
Swap:         8.0G       500M       7.5G

             total       used       free     shared    buffers     cached
Mem:          992M       920M        71M        20K       1.0M        32M
-/+ buffers/cache:       886M       105M
Swap:         8.0G       507M       7.5G

             total       used       free     shared    buffers     cached
Mem:          992M       920M        71M        20K       1.0M        32M
-/+ buffers/cache:       886M       105M
Swap:         8.0G       507M       7.5G

             total       used       free     shared    buffers     cached
Mem:          992M       921M        70M        20K       1.0M        32M
-/+ buffers/cache:       887M       104M
Swap:         8.0G       506M       7.5G

             total       used       free     shared    buffers     cached
Mem:          992M       922M        69M        20K       1.0M        32M
-/+ buffers/cache:       888M       103M
Swap:         8.0G       506M       7.5G

             total       used       free     shared    buffers     cached
Mem:          992M       922M        69M        20K       1.0M        32M
-/+ buffers/cache:       889M       103M
Swap:         8.0G       505M       7.5G

             total       used       free     shared    buffers     cached
Mem:          992M       923M        68M        20K       1.0M        32M
-/+ buffers/cache:       889M       102M
Swap:         8.0G       505M       7.5G

             total       used       free     shared    buffers     cached
Mem:          992M       924M        67M        20K       1.0M        32M
-/+ buffers/cache:       890M       101M
Swap:         8.0G       505M       7.5G

             total       used       free     shared    buffers     cached
Mem:          992M       925M        66M        20K       1.0M        32M
-/+ buffers/cache:       891M       100M
Swap:         8.0G       504M       7.5G

             total       used       free     shared    buffers     cached
Mem:          992M       928M        63M       176K       1.0M        34M
-/+ buffers/cache:       893M        98M
Swap:         8.0G       503M       7.5G

             total       used       free     shared    buffers     cached
Mem:          992M       916M        76M       3.8M       4.0M        49M
-/+ buffers/cache:       862M       129M
Swap:         8.0G       547M       7.5G

             total       used       free     shared    buffers     cached
Mem:          992M       916M        75M       3.9M       5.0M        62M
-/+ buffers/cache:       848M       143M
Swap:         8.0G       553M       7.5G

             total       used       free     shared    buffers     cached
Mem:          992M       922M        69M       220K       5.1M        62M
-/+ buffers/cache:       854M       137M
Swap:         8.0G       551M       7.5G

             total       used       free     shared    buffers     cached
Mem:          992M       917M        75M       272K       4.1M        60M
-/+ buffers/cache:       852M       139M
Swap:         8.0G       557M       7.5G

             total       used       free     shared    buffers     cached
Mem:          992M       918M        73M       256K       4.1M        60M
-/+ buffers/cache:       853M       138M
Swap:         8.0G       556M       7.5G

             total       used       free     shared    buffers     cached
Mem:          992M       919M        72M       256K       4.1M        60M
-/+ buffers/cache:       854M       137M
Swap:         8.0G       556M       7.5G

             total       used       free     shared    buffers     cached
Mem:          992M       921M        70M       256K       4.1M        60M
-/+ buffers/cache:       856M       135M
Swap:         8.0G       555M       7.5G

             total       used       free     shared    buffers     cached
Mem:          992M       923M        68M       256K       4.2M        61M
-/+ buffers/cache:       857M       134M
Swap:         8.0G       554M       7.5G

             total       used       free     shared    buffers     cached
Mem:          992M       925M        67M       256K       4.2M        61M
-/+ buffers/cache:       859M       133M
Swap:         8.0G       553M       7.5G

             total       used       free     shared    buffers     cached
Mem:          992M       926M        65M       256K       4.2M        61M
-/+ buffers/cache:       860M       131M
Swap:         8.0G       553M       7.5G

             total       used       free     shared    buffers     cached
Mem:          992M       927M        64M       256K       4.2M        61M
-/+ buffers/cache:       861M       130M
Swap:         8.0G       552M       7.5G

             total       used       free     shared    buffers     cached
Mem:          992M       929M        62M       256K       4.2M        62M
-/+ buffers/cache:       863M       128M
Swap:         8.0G       551M       7.5G

             total       used       free     shared    buffers     cached
Mem:          992M       930M        61M       256K       4.2M        62M
-/+ buffers/cache:       864M       127M
Swap:         8.0G       550M       7.5G

             total       used       free     shared    buffers     cached
Mem:          992M       915M        76M       256K       4.1M        59M
-/+ buffers/cache:       851M       140M
Swap:         8.0G       576M       7.4G

             total       used       free     shared    buffers     cached
Mem:          992M       916M        75M       256K       4.1M        59M
-/+ buffers/cache:       853M       138M
Swap:         8.0G       575M       7.4G

             total       used       free     shared    buffers     cached
Mem:          992M       918M        73M       256K       4.1M        59M
-/+ buffers/cache:       854M       137M
Swap:         8.0G       574M       7.4G

             total       used       free     shared    buffers     cached
Mem:          992M       920M        72M       256K       4.1M        59M
-/+ buffers/cache:       856M       135M
Swap:         8.0G       573M       7.4G

             total       used       free     shared    buffers     cached
Mem:          992M       921M        70M       256K       4.1M        59M
-/+ buffers/cache:       857M       134M
Swap:         8.0G       573M       7.4G

             total       used       free     shared    buffers     cached
Mem:          992M       922M        69M       256K       4.1M        59M
-/+ buffers/cache:       859M       133M
Swap:         8.0G       572M       7.4G

             total       used       free     shared    buffers     cached
Mem:          992M       924M        68M       256K       4.1M        59M
-/+ buffers/cache:       860M       131M
Swap:         8.0G       571M       7.4G

             total       used       free     shared    buffers     cached
Mem:          992M       925M        66M       256K       4.1M        59M
-/+ buffers/cache:       861M       130M
Swap:         8.0G       570M       7.4G

             total       used       free     shared    buffers     cached
Mem:          992M       926M        65M       256K       4.1M        59M
-/+ buffers/cache:       863M       128M
Swap:         8.0G       570M       7.4G

             total       used       free     shared    buffers     cached
Mem:          992M       928M        63M       256K       4.1M        59M
-/+ buffers/cache:       864M       127M
Swap:         8.0G       569M       7.4G

             total       used       free     shared    buffers     cached
Mem:          992M       929M        62M       256K       4.1M        59M
-/+ buffers/cache:       865M       126M
Swap:         8.0G       568M       7.4G

             total       used       free     shared    buffers     cached
Mem:          992M       931M        60M       256K       4.1M        59M
-/+ buffers/cache:       867M       124M
Swap:         8.0G       567M       7.4G

             total       used       free     shared    buffers     cached
Mem:          992M       916M        75M       256K       4.1M        58M
-/+ buffers/cache:       853M       138M
Swap:         8.0G       569M       7.4G

             total       used       free     shared    buffers     cached
Mem:          992M       917M        74M       256K       4.1M        58M
-/+ buffers/cache:       854M       137M
Swap:         8.0G       568M       7.4G

             total       used       free     shared    buffers     cached
Mem:          992M       919M        72M       256K       4.1M        58M
-/+ buffers/cache:       856M       135M
Swap:         8.0G       567M       7.4G

             total       used       free     shared    buffers     cached
Mem:          992M       927M        64M       256K       5.2M        62M
-/+ buffers/cache:       859M       132M
Swap:         8.0G       566M       7.4G

             total       used       free     shared    buffers     cached
Mem:          992M       929M        62M       260K       5.2M        63M
-/+ buffers/cache:       861M       130M
Swap:         8.0G       565M       7.4G

             total       used       free     shared    buffers     cached
Mem:          992M       930M        61M       260K       5.2M        63M
-/+ buffers/cache:       862M       129M
Swap:         8.0G       565M       7.4G

             total       used       free     shared    buffers     cached
Mem:          992M       920M        71M       260K       5.0M        61M
-/+ buffers/cache:       853M       138M
Swap:         8.0G       572M       7.4G

             total       used       free     shared    buffers     cached
Mem:          992M       921M        70M       260K       5.0M        61M
-/+ buffers/cache:       855M       136M
Swap:         8.0G       572M       7.4G

             total       used       free     shared    buffers     cached
Mem:          992M       923M        68M       260K       5.0M        61M
-/+ buffers/cache:       856M       135M
Swap:         8.0G       571M       7.4G

             total       used       free     shared    buffers     cached
Mem:          992M       915M        76M       300K       7.9M        70M
-/+ buffers/cache:       837M       154M
Swap:         8.0G       588M       7.4G
