             total       used       free     shared    buffers     cached
Mem:          2.0G       657M       1.3G       3.2M        38M       289M
-/+ buffers/cache:       329M       1.6G
Swap:         8.0G         0B       8.0G

             total       used       free     shared    buffers     cached
Mem:          2.0G       656M       1.3G       1.4M        38M       287M
-/+ buffers/cache:       329M       1.6G
Swap:         8.0G         0B       8.0G

             total       used       free     shared    buffers     cached
Mem:          2.0G       655M       1.3G       1.4M        38M       287M
-/+ buffers/cache:       329M       1.6G
Swap:         8.0G         0B       8.0G

             total       used       free     shared    buffers     cached
Mem:          2.0G       655M       1.3G       1.4M        38M       287M
-/+ buffers/cache:       329M       1.6G
Swap:         8.0G         0B       8.0G

             total       used       free     shared    buffers     cached
Mem:          2.0G       655M       1.3G       1.4M        38M       287M
-/+ buffers/cache:       329M       1.6G
Swap:         8.0G         0B       8.0G

             total       used       free     shared    buffers     cached
Mem:          2.0G       655M       1.3G       1.4M        38M       287M
-/+ buffers/cache:       329M       1.6G
Swap:         8.0G         0B       8.0G

             total       used       free     shared    buffers     cached
Mem:          2.0G       655M       1.3G       1.4M        38M       287M
-/+ buffers/cache:       329M       1.6G
Swap:         8.0G         0B       8.0G

             total       used       free     shared    buffers     cached
Mem:          2.0G       655M       1.3G       1.4M        38M       288M
-/+ buffers/cache:       329M       1.6G
Swap:         8.0G         0B       8.0G

             total       used       free     shared    buffers     cached
Mem:          2.0G       655M       1.3G       1.4M        38M       288M
-/+ buffers/cache:       329M       1.6G
Swap:         8.0G         0B       8.0G

             total       used       free     shared    buffers     cached
Mem:          2.0G       655M       1.3G       1.4M        38M       288M
-/+ buffers/cache:       328M       1.6G
Swap:         8.0G         0B       8.0G

             total       used       free     shared    buffers     cached
Mem:          2.0G       658M       1.3G       1.4M        38M       288M
-/+ buffers/cache:       332M       1.6G
Swap:         8.0G         0B       8.0G

             total       used       free     shared    buffers     cached
Mem:          2.0G       680M       1.3G       1.4M        38M       288M
-/+ buffers/cache:       353M       1.6G
Swap:         8.0G         0B       8.0G

             total       used       free     shared    buffers     cached
Mem:          2.0G       664M       1.3G       1.4M        38M       289M
-/+ buffers/cache:       336M       1.6G
Swap:         8.0G         0B       8.0G

             total       used       free     shared    buffers     cached
Mem:          2.0G       664M       1.3G       1.4M        38M       289M
-/+ buffers/cache:       336M       1.6G
Swap:         8.0G         0B       8.0G

             total       used       free     shared    buffers     cached
Mem:          2.0G       665M       1.3G       1.4M        38M       289M
-/+ buffers/cache:       336M       1.6G
Swap:         8.0G         0B       8.0G

             total       used       free     shared    buffers     cached
Mem:          2.0G       665M       1.3G       1.4M        38M       289M
-/+ buffers/cache:       336M       1.6G
Swap:         8.0G         0B       8.0G

             total       used       free     shared    buffers     cached
Mem:          2.0G       665M       1.3G       1.4M        38M       289M
-/+ buffers/cache:       336M       1.6G
Swap:         8.0G         0B       8.0G

             total       used       free     shared    buffers     cached
Mem:          2.0G       665M       1.3G       1.4M        38M       289M
-/+ buffers/cache:       336M       1.6G
Swap:         8.0G         0B       8.0G

             total       used       free     shared    buffers     cached
Mem:          2.0G       665M       1.3G       1.4M        38M       289M
-/+ buffers/cache:       336M       1.6G
Swap:         8.0G         0B       8.0G

             total       used       free     shared    buffers     cached
Mem:          2.0G       665M       1.3G       1.4M        38M       289M
-/+ buffers/cache:       336M       1.6G
Swap:         8.0G         0B       8.0G

             total       used       free     shared    buffers     cached
Mem:          2.0G       665M       1.3G       1.4M        38M       289M
-/+ buffers/cache:       336M       1.6G
Swap:         8.0G         0B       8.0G

             total       used       free     shared    buffers     cached
Mem:          2.0G       665M       1.3G       1.4M        38M       289M
-/+ buffers/cache:       336M       1.6G
Swap:         8.0G         0B       8.0G

             total       used       free     shared    buffers     cached
Mem:          2.0G       665M       1.3G       1.4M        38M       289M
-/+ buffers/cache:       336M       1.6G
Swap:         8.0G         0B       8.0G

             total       used       free     shared    buffers     cached
Mem:          2.0G       665M       1.3G       1.4M        38M       289M
-/+ buffers/cache:       336M       1.6G
Swap:         8.0G         0B       8.0G

             total       used       free     shared    buffers     cached
Mem:          2.0G       665M       1.3G       1.4M        38M       289M
-/+ buffers/cache:       336M       1.6G
Swap:         8.0G         0B       8.0G

             total       used       free     shared    buffers     cached
Mem:          2.0G       665M       1.3G       1.4M        38M       289M
-/+ buffers/cache:       336M       1.6G
Swap:         8.0G         0B       8.0G

             total       used       free     shared    buffers     cached
Mem:          2.0G       665M       1.3G       1.4M        38M       289M
-/+ buffers/cache:       336M       1.6G
Swap:         8.0G         0B       8.0G

             total       used       free     shared    buffers     cached
Mem:          2.0G       665M       1.3G       1.4M        38M       289M
-/+ buffers/cache:       336M       1.6G
Swap:         8.0G         0B       8.0G

             total       used       free     shared    buffers     cached
Mem:          2.0G       665M       1.3G       1.4M        38M       289M
-/+ buffers/cache:       336M       1.6G
Swap:         8.0G         0B       8.0G

             total       used       free     shared    buffers     cached
Mem:          2.0G       665M       1.3G       1.4M        38M       289M
-/+ buffers/cache:       336M       1.6G
Swap:         8.0G         0B       8.0G

             total       used       free     shared    buffers     cached
Mem:          2.0G       665M       1.3G       1.4M        38M       289M
-/+ buffers/cache:       336M       1.6G
Swap:         8.0G         0B       8.0G

             total       used       free     shared    buffers     cached
Mem:          2.0G       665M       1.3G       1.4M        38M       289M
-/+ buffers/cache:       336M       1.6G
Swap:         8.0G         0B       8.0G

             total       used       free     shared    buffers     cached
Mem:          2.0G       665M       1.3G       1.4M        38M       289M
-/+ buffers/cache:       336M       1.6G
Swap:         8.0G         0B       8.0G

             total       used       free     shared    buffers     cached
Mem:          2.0G       672M       1.3G       1.4M        38M       289M
-/+ buffers/cache:       344M       1.6G
Swap:         8.0G         0B       8.0G

             total       used       free     shared    buffers     cached
Mem:          2.0G       687M       1.3G       1.4M        38M       289M
-/+ buffers/cache:       359M       1.6G
Swap:         8.0G         0B       8.0G

             total       used       free     shared    buffers     cached
Mem:          2.0G       701M       1.3G       1.4M        38M       289M
-/+ buffers/cache:       372M       1.6G
Swap:         8.0G         0B       8.0G

             total       used       free     shared    buffers     cached
Mem:          2.0G       716M       1.3G       1.4M        38M       289M
-/+ buffers/cache:       388M       1.6G
Swap:         8.0G         0B       8.0G

             total       used       free     shared    buffers     cached
Mem:          2.0G       730M       1.2G       1.4M        38M       289M
-/+ buffers/cache:       402M       1.6G
Swap:         8.0G         0B       8.0G

             total       used       free     shared    buffers     cached
Mem:          2.0G       745M       1.2G       1.4M        38M       289M
-/+ buffers/cache:       417M       1.5G
Swap:         8.0G         0B       8.0G

             total       used       free     shared    buffers     cached
Mem:          2.0G       760M       1.2G       1.4M        38M       289M
-/+ buffers/cache:       432M       1.5G
Swap:         8.0G         0B       8.0G

             total       used       free     shared    buffers     cached
Mem:          2.0G       774M       1.2G       1.4M        38M       289M
-/+ buffers/cache:       446M       1.5G
Swap:         8.0G         0B       8.0G

             total       used       free     shared    buffers     cached
Mem:          2.0G       786M       1.2G       1.4M        38M       289M
-/+ buffers/cache:       457M       1.5G
Swap:         8.0G         0B       8.0G

             total       used       free     shared    buffers     cached
Mem:          2.0G       800M       1.2G       1.4M        38M       289M
-/+ buffers/cache:       471M       1.5G
Swap:         8.0G         0B       8.0G

             total       used       free     shared    buffers     cached
Mem:          2.0G       817M       1.2G       1.4M        38M       289M
-/+ buffers/cache:       488M       1.5G
Swap:         8.0G         0B       8.0G

             total       used       free     shared    buffers     cached
Mem:          2.0G       832M       1.1G       1.4M        38M       289M
-/+ buffers/cache:       503M       1.5G
Swap:         8.0G         0B       8.0G

             total       used       free     shared    buffers     cached
Mem:          2.0G       846M       1.1G       1.4M        38M       289M
-/+ buffers/cache:       517M       1.4G
Swap:         8.0G         0B       8.0G

             total       used       free     shared    buffers     cached
Mem:          2.0G       860M       1.1G       1.4M        38M       289M
-/+ buffers/cache:       532M       1.4G
Swap:         8.0G         0B       8.0G

             total       used       free     shared    buffers     cached
Mem:          2.0G       875M       1.1G       1.4M        38M       289M
-/+ buffers/cache:       546M       1.4G
Swap:         8.0G         0B       8.0G

             total       used       free     shared    buffers     cached
Mem:          2.0G       890M       1.1G       1.4M        38M       289M
-/+ buffers/cache:       561M       1.4G
Swap:         8.0G         0B       8.0G

             total       used       free     shared    buffers     cached
Mem:          2.0G       902M       1.1G       1.4M        38M       289M
-/+ buffers/cache:       574M       1.4G
Swap:         8.0G         0B       8.0G

             total       used       free     shared    buffers     cached
Mem:          2.0G       917M       1.1G       1.4M        38M       289M
-/+ buffers/cache:       589M       1.4G
Swap:         8.0G         0B       8.0G

             total       used       free     shared    buffers     cached
Mem:          2.0G       931M       1.0G       1.4M        38M       289M
-/+ buffers/cache:       603M       1.4G
Swap:         8.0G         0B       8.0G

             total       used       free     shared    buffers     cached
Mem:          2.0G       946M       1.0G       1.4M        38M       289M
-/+ buffers/cache:       618M       1.3G
Swap:         8.0G         0B       8.0G

             total       used       free     shared    buffers     cached
Mem:          2.0G       961M       1.0G       1.4M        38M       289M
-/+ buffers/cache:       632M       1.3G
Swap:         8.0G         0B       8.0G

             total       used       free     shared    buffers     cached
Mem:          2.0G       976M       1.0G       1.4M        38M       289M
-/+ buffers/cache:       648M       1.3G
Swap:         8.0G         0B       8.0G

             total       used       free     shared    buffers     cached
Mem:          2.0G       990M       1.0G       1.4M        38M       289M
-/+ buffers/cache:       662M       1.3G
Swap:         8.0G         0B       8.0G

             total       used       free     shared    buffers     cached
Mem:          2.0G       1.0G       994M       1.4M        38M       289M
-/+ buffers/cache:       677M       1.3G
Swap:         8.0G         0B       8.0G

             total       used       free     shared    buffers     cached
Mem:          2.0G       1.0G       979M       1.4M        38M       289M
-/+ buffers/cache:       692M       1.3G
Swap:         8.0G         0B       8.0G

             total       used       free     shared    buffers     cached
Mem:          2.0G       1.0G       963M       1.4M        38M       289M
-/+ buffers/cache:       708M       1.3G
Swap:         8.0G         0B       8.0G

             total       used       free     shared    buffers     cached
Mem:          2.0G       1.0G       948M       1.4M        38M       289M
-/+ buffers/cache:       723M       1.2G
Swap:         8.0G         0B       8.0G

             total       used       free     shared    buffers     cached
Mem:          2.0G       1.0G       933M       1.4M        38M       289M
-/+ buffers/cache:       738M       1.2G
Swap:         8.0G         0B       8.0G

             total       used       free     shared    buffers     cached
Mem:          2.0G       1.1G       918M       1.4M        38M       289M
-/+ buffers/cache:       753M       1.2G
Swap:         8.0G         0B       8.0G

             total       used       free     shared    buffers     cached
Mem:          2.0G       1.1G       903M       1.4M        38M       289M
-/+ buffers/cache:       768M       1.2G
Swap:         8.0G         0B       8.0G

             total       used       free     shared    buffers     cached
Mem:          2.0G       1.1G       888M       1.4M        38M       289M
-/+ buffers/cache:       783M       1.2G
Swap:         8.0G         0B       8.0G

             total       used       free     shared    buffers     cached
Mem:          2.0G       1.1G       881M       1.4M        38M       289M
-/+ buffers/cache:       790M       1.2G
Swap:         8.0G         0B       8.0G

             total       used       free     shared    buffers     cached
Mem:          2.0G       1.1G       866M       1.4M        38M       289M
-/+ buffers/cache:       805M       1.2G
Swap:         8.0G         0B       8.0G

             total       used       free     shared    buffers     cached
Mem:          2.0G       1.1G       851M       1.4M        38M       289M
-/+ buffers/cache:       819M       1.2G
Swap:         8.0G         0B       8.0G

             total       used       free     shared    buffers     cached
Mem:          2.0G       1.1G       837M       1.4M        38M       289M
-/+ buffers/cache:       834M       1.1G
Swap:         8.0G         0B       8.0G

             total       used       free     shared    buffers     cached
Mem:          2.0G       1.2G       822M       1.4M        38M       289M
-/+ buffers/cache:       849M       1.1G
Swap:         8.0G         0B       8.0G

             total       used       free     shared    buffers     cached
Mem:          2.0G       1.2G       807M       1.4M        38M       289M
-/+ buffers/cache:       864M       1.1G
Swap:         8.0G         0B       8.0G

             total       used       free     shared    buffers     cached
Mem:          2.0G       1.2G       790M       1.4M        38M       290M
-/+ buffers/cache:       881M       1.1G
Swap:         8.0G         0B       8.0G

             total       used       free     shared    buffers     cached
Mem:          2.0G       1.2G       774M       1.4M        38M       290M
-/+ buffers/cache:       896M       1.1G
Swap:         8.0G         0B       8.0G

             total       used       free     shared    buffers     cached
Mem:          2.0G       1.2G       761M       1.4M        38M       290M
-/+ buffers/cache:       910M       1.1G
Swap:         8.0G         0B       8.0G

             total       used       free     shared    buffers     cached
Mem:          2.0G       1.2G       746M       1.4M        38M       290M
-/+ buffers/cache:       925M       1.0G
Swap:         8.0G         0B       8.0G

             total       used       free     shared    buffers     cached
Mem:          2.0G       1.2G       732M       1.4M        38M       290M
-/+ buffers/cache:       939M       1.0G
Swap:         8.0G         0B       8.0G

             total       used       free     shared    buffers     cached
Mem:          2.0G       1.3G       718M       1.4M        38M       290M
-/+ buffers/cache:       953M       1.0G
Swap:         8.0G         0B       8.0G

             total       used       free     shared    buffers     cached
Mem:          2.0G       1.3G       705M       1.4M        38M       290M
-/+ buffers/cache:       966M       1.0G
Swap:         8.0G         0B       8.0G

             total       used       free     shared    buffers     cached
Mem:          2.0G       1.3G       691M       1.4M        38M       290M
-/+ buffers/cache:       980M       1.0G
Swap:         8.0G         0B       8.0G

             total       used       free     shared    buffers     cached
Mem:          2.0G       1.3G       675M       1.4M        38M       290M
-/+ buffers/cache:       995M       1.0G
Swap:         8.0G         0B       8.0G

             total       used       free     shared    buffers     cached
Mem:          2.0G       1.3G       661M       1.4M        38M       290M
-/+ buffers/cache:       1.0G       990M
Swap:         8.0G         0B       8.0G

             total       used       free     shared    buffers     cached
Mem:          2.0G       1.3G       648M       1.4M        38M       290M
-/+ buffers/cache:       1.0G       977M
Swap:         8.0G         0B       8.0G

             total       used       free     shared    buffers     cached
Mem:          2.0G       1.3G       634M       1.4M        38M       290M
-/+ buffers/cache:       1.0G       963M
Swap:         8.0G         0B       8.0G

             total       used       free     shared    buffers     cached
Mem:          2.0G       1.3G       619M       1.4M        38M       290M
-/+ buffers/cache:       1.0G       948M
Swap:         8.0G         0B       8.0G

             total       used       free     shared    buffers     cached
Mem:          2.0G       1.4G       604M       1.4M        38M       290M
-/+ buffers/cache:       1.0G       933M
Swap:         8.0G         0B       8.0G

             total       used       free     shared    buffers     cached
Mem:          2.0G       1.4G       590M       1.4M        38M       290M
-/+ buffers/cache:       1.1G       919M
Swap:         8.0G         0B       8.0G

             total       used       free     shared    buffers     cached
Mem:          2.0G       1.4G       575M       1.4M        38M       290M
-/+ buffers/cache:       1.1G       905M
Swap:         8.0G         0B       8.0G

             total       used       free     shared    buffers     cached
Mem:          2.0G       1.4G       561M       1.4M        38M       290M
-/+ buffers/cache:       1.1G       890M
Swap:         8.0G         0B       8.0G

             total       used       free     shared    buffers     cached
Mem:          2.0G       1.4G       547M       1.4M        38M       290M
-/+ buffers/cache:       1.1G       876M
Swap:         8.0G         0B       8.0G

             total       used       free     shared    buffers     cached
Mem:          2.0G       1.4G       532M       1.4M        38M       290M
-/+ buffers/cache:       1.1G       861M
Swap:         8.0G         0B       8.0G

             total       used       free     shared    buffers     cached
Mem:          2.0G       1.4G       518M       1.4M        38M       290M
-/+ buffers/cache:       1.1G       847M
Swap:         8.0G         0B       8.0G

             total       used       free     shared    buffers     cached
Mem:          2.0G       1.5G       503M       1.4M        38M       290M
-/+ buffers/cache:       1.1G       832M
Swap:         8.0G         0B       8.0G

             total       used       free     shared    buffers     cached
Mem:          2.0G       1.5G       489M       1.4M        38M       290M
-/+ buffers/cache:       1.2G       818M
Swap:         8.0G         0B       8.0G

             total       used       free     shared    buffers     cached
Mem:          2.0G       1.5G       475M       1.4M        38M       290M
-/+ buffers/cache:       1.2G       804M
Swap:         8.0G         0B       8.0G

             total       used       free     shared    buffers     cached
Mem:          2.0G       1.5G       461M       1.4M        38M       290M
-/+ buffers/cache:       1.2G       790M
Swap:         8.0G         0B       8.0G

             total       used       free     shared    buffers     cached
Mem:          2.0G       1.5G       448M       1.4M        38M       290M
-/+ buffers/cache:       1.2G       777M
Swap:         8.0G         0B       8.0G

             total       used       free     shared    buffers     cached
Mem:          2.0G       1.5G       436M       1.4M        38M       290M
-/+ buffers/cache:       1.2G       765M
Swap:         8.0G         0B       8.0G

             total       used       free     shared    buffers     cached
Mem:          2.0G       1.5G       431M       1.4M        38M       290M
-/+ buffers/cache:       1.2G       760M
Swap:         8.0G         0B       8.0G

             total       used       free     shared    buffers     cached
Mem:          2.0G       1.5G       415M       1.4M        38M       290M
-/+ buffers/cache:       1.2G       744M
Swap:         8.0G         0B       8.0G

             total       used       free     shared    buffers     cached
Mem:          2.0G       1.6G       401M       1.4M        38M       290M
-/+ buffers/cache:       1.2G       730M
Swap:         8.0G         0B       8.0G

             total       used       free     shared    buffers     cached
Mem:          2.0G       1.6G       386M       1.4M        38M       290M
-/+ buffers/cache:       1.3G       715M
Swap:         8.0G         0B       8.0G

             total       used       free     shared    buffers     cached
Mem:          2.0G       1.6G       372M       1.4M        38M       290M
-/+ buffers/cache:       1.3G       701M
Swap:         8.0G         0B       8.0G

             total       used       free     shared    buffers     cached
Mem:          2.0G       1.6G       358M       1.4M        38M       290M
-/+ buffers/cache:       1.3G       687M
Swap:         8.0G         0B       8.0G

             total       used       free     shared    buffers     cached
Mem:          2.0G       1.6G       344M       1.4M        38M       290M
-/+ buffers/cache:       1.3G       673M
Swap:         8.0G         0B       8.0G

             total       used       free     shared    buffers     cached
Mem:          2.0G       1.6G       330M       1.4M        38M       290M
-/+ buffers/cache:       1.3G       659M
Swap:         8.0G         0B       8.0G

             total       used       free     shared    buffers     cached
Mem:          2.0G       1.6G       316M       1.4M        38M       290M
-/+ buffers/cache:       1.3G       645M
Swap:         8.0G         0B       8.0G

             total       used       free     shared    buffers     cached
Mem:          2.0G       1.7G       302M       1.4M        38M       290M
-/+ buffers/cache:       1.3G       631M
Swap:         8.0G         0B       8.0G

             total       used       free     shared    buffers     cached
Mem:          2.0G       1.7G       287M       1.4M        38M       290M
-/+ buffers/cache:       1.4G       616M
Swap:         8.0G         0B       8.0G

             total       used       free     shared    buffers     cached
Mem:          2.0G       1.7G       273M       1.4M        38M       290M
-/+ buffers/cache:       1.4G       602M
Swap:         8.0G         0B       8.0G

             total       used       free     shared    buffers     cached
Mem:          2.0G       1.7G       259M       1.4M        38M       290M
-/+ buffers/cache:       1.4G       588M
Swap:         8.0G         0B       8.0G

             total       used       free     shared    buffers     cached
Mem:          2.0G       1.7G       245M       1.4M        38M       290M
-/+ buffers/cache:       1.4G       574M
Swap:         8.0G         0B       8.0G

             total       used       free     shared    buffers     cached
Mem:          2.0G       1.7G       231M       1.4M        38M       290M
-/+ buffers/cache:       1.4G       560M
Swap:         8.0G         0B       8.0G

             total       used       free     shared    buffers     cached
Mem:          2.0G       1.7G       217M       1.4M        38M       290M
-/+ buffers/cache:       1.4G       546M
Swap:         8.0G         0B       8.0G

             total       used       free     shared    buffers     cached
Mem:          2.0G       1.8G       202M       1.4M        38M       290M
-/+ buffers/cache:       1.4G       531M
Swap:         8.0G         0B       8.0G

             total       used       free     shared    buffers     cached
Mem:          2.0G       1.8G       186M       1.4M        38M       290M
-/+ buffers/cache:       1.4G       515M
Swap:         8.0G         0B       8.0G

             total       used       free     shared    buffers     cached
Mem:          2.0G       1.8G       172M       1.4M        38M       290M
-/+ buffers/cache:       1.5G       501M
Swap:         8.0G         0B       8.0G

             total       used       free     shared    buffers     cached
Mem:          2.0G       1.8G       157M       1.4M        38M       290M
-/+ buffers/cache:       1.5G       486M
Swap:         8.0G         0B       8.0G

             total       used       free     shared    buffers     cached
Mem:          2.0G       1.8G       141M       1.4M        38M       290M
-/+ buffers/cache:       1.5G       470M
Swap:         8.0G         0B       8.0G

             total       used       free     shared    buffers     cached
Mem:          2.0G       1.8G       126M       1.4M        38M       290M
-/+ buffers/cache:       1.5G       455M
Swap:         8.0G         0B       8.0G

             total       used       free     shared    buffers     cached
Mem:          2.0G       1.8G       111M       1.4M        38M       290M
-/+ buffers/cache:       1.5G       440M
Swap:         8.0G         0B       8.0G

             total       used       free     shared    buffers     cached
Mem:          2.0G       1.9G        96M       1.4M        38M       290M
-/+ buffers/cache:       1.5G       425M
Swap:         8.0G         0B       8.0G

             total       used       free     shared    buffers     cached
Mem:          2.0G       1.9G        81M       1.4M        38M       290M
-/+ buffers/cache:       1.6G       410M
Swap:         8.0G         0B       8.0G

             total       used       free     shared    buffers     cached
Mem:          2.0G       1.9G        66M       1.4M        38M       290M
-/+ buffers/cache:       1.6G       395M
Swap:         8.0G         0B       8.0G

             total       used       free     shared    buffers     cached
Mem:          2.0G       1.9G        71M       1.4M        18M       288M
-/+ buffers/cache:       1.6G       378M
Swap:         8.0G         0B       8.0G

             total       used       free     shared    buffers     cached
Mem:          2.0G       1.9G        70M       1.4M        10M       283M
-/+ buffers/cache:       1.6G       364M
Swap:         8.0G         0B       8.0G

             total       used       free     shared    buffers     cached
Mem:          2.0G       1.9G        73M       1.4M        10M       266M
-/+ buffers/cache:       1.6G       350M
Swap:         8.0G        76K       8.0G

             total       used       free     shared    buffers     cached
Mem:          2.0G       1.9G        78M       1.2M       9.9M       246M
-/+ buffers/cache:       1.6G       335M
Swap:         8.0G       808K       8.0G

             total       used       free     shared    buffers     cached
Mem:          2.0G       1.9G        63M       1.3M       9.9M       246M
-/+ buffers/cache:       1.6G       320M
Swap:         8.0G       808K       8.0G

             total       used       free     shared    buffers     cached
Mem:          2.0G       1.9G        64M       1.2M       9.9M       232M
-/+ buffers/cache:       1.7G       307M
Swap:         8.0G       8.5M       8.0G

             total       used       free     shared    buffers     cached
Mem:          2.0G       1.9G        72M       1.2M       9.9M       218M
-/+ buffers/cache:       1.7G       301M
Swap:         8.0G       8.9M       8.0G

             total       used       free     shared    buffers     cached
Mem:          2.0G       1.9G        73M       1.2M       8.1M       205M
-/+ buffers/cache:       1.7G       286M
Swap:         8.0G       9.8M       8.0G

             total       used       free     shared    buffers     cached
Mem:          2.0G       1.9G        71M       1.2M       2.6M       197M
-/+ buffers/cache:       1.7G       271M
Swap:         8.0G       9.8M       8.0G

             total       used       free     shared    buffers     cached
Mem:          2.0G       1.9G        68M       1.2M       1.4M       186M
-/+ buffers/cache:       1.7G       257M
Swap:         8.0G       9.8M       8.0G

             total       used       free     shared    buffers     cached
Mem:          2.0G       1.9G        66M       1.2M       336K       175M
-/+ buffers/cache:       1.7G       242M
Swap:         8.0G       9.8M       8.0G

             total       used       free     shared    buffers     cached
Mem:          2.0G       1.9G        73M       1.2M       328K       154M
-/+ buffers/cache:       1.7G       228M
Swap:         8.0G       9.8M       8.0G

             total       used       free     shared    buffers     cached
Mem:          2.0G       1.9G        77M       1.2M       324K       135M
-/+ buffers/cache:       1.7G       213M
Swap:         8.0G       9.8M       8.0G

             total       used       free     shared    buffers     cached
Mem:          2.0G       1.9G        80M       1.2M        96K       120M
-/+ buffers/cache:       1.8G       201M
Swap:         8.0G       9.8M       8.0G

             total       used       free     shared    buffers     cached
Mem:          2.0G       1.9G        66M       1.2M       104K       120M
-/+ buffers/cache:       1.8G       186M
Swap:         8.0G       9.8M       8.0G

             total       used       free     shared    buffers     cached
Mem:          2.0G       1.9G        67M       1.2M       104K       105M
-/+ buffers/cache:       1.8G       173M
Swap:         8.0G       9.8M       8.0G

             total       used       free     shared    buffers     cached
Mem:          2.0G       1.9G        65M       1.2M        96K        93M
-/+ buffers/cache:       1.8G       159M
Swap:         8.0G       9.8M       8.0G

             total       used       free     shared    buffers     cached
Mem:          2.0G       1.9G        72M       1.2M        96K        72M
-/+ buffers/cache:       1.8G       144M
Swap:         8.0G       9.8M       8.0G

             total       used       free     shared    buffers     cached
Mem:          2.0G       1.9G        72M       1.2M        96K        55M
-/+ buffers/cache:       1.8G       128M
Swap:         8.0G       9.8M       8.0G

             total       used       free     shared    buffers     cached
Mem:          2.0G       1.9G        72M       1.2M       236K        43M
-/+ buffers/cache:       1.8G       115M
Swap:         8.0G       9.8M       8.0G

             total       used       free     shared    buffers     cached
Mem:          2.0G       1.9G        75M       1.2M       520K        25M
-/+ buffers/cache:       1.9G       100M
Swap:         8.0G       9.8M       8.0G

             total       used       free     shared    buffers     cached
Mem:          2.0G       1.9G        76M       1.2M       520K       8.7M
-/+ buffers/cache:       1.9G        85M
Swap:         8.0G       9.8M       8.0G

             total       used       free     shared    buffers     cached
Mem:          2.0G       1.9G        68M       1.0M       520K       4.0M
-/+ buffers/cache:       1.9G        73M
Swap:         8.0G        12M       8.0G

             total       used       free     shared    buffers     cached
Mem:          2.0G       1.9G        63M       568K       520K       3.6M
-/+ buffers/cache:       1.9G        67M
Swap:         8.0G       239M       7.8G

             total       used       free     shared    buffers     cached
Mem:          2.0G       1.8G       108M       564K       520K       3.5M
-/+ buffers/cache:       1.8G       112M
Swap:         8.0G       286M       7.7G

             total       used       free     shared    buffers     cached
Mem:          2.0G       1.9G        95M       540K       528K       3.5M
-/+ buffers/cache:       1.9G        99M
Swap:         8.0G       286M       7.7G

             total       used       free     shared    buffers     cached
Mem:          2.0G       1.9G        86M       540K       528K       3.7M
-/+ buffers/cache:       1.9G        90M
Swap:         8.0G       286M       7.7G

             total       used       free     shared    buffers     cached
Mem:          2.0G       1.9G        74M       540K       528K       3.8M
-/+ buffers/cache:       1.9G        78M
Swap:         8.0G       286M       7.7G

             total       used       free     shared    buffers     cached
Mem:          2.0G       1.9G        72M       544K       816K        10M
-/+ buffers/cache:       1.9G        83M
Swap:         8.0G       285M       7.7G

             total       used       free     shared    buffers     cached
Mem:          2.0G       1.9G        95M       544K        96K        28M
-/+ buffers/cache:       1.8G       123M
Swap:         8.0G       274M       7.7G

             total       used       free     shared    buffers     cached
Mem:          2.0G       1.9G        86M       544K       104K        28M
-/+ buffers/cache:       1.8G       115M
Swap:         8.0G       272M       7.7G

             total       used       free     shared    buffers     cached
Mem:          2.0G       1.9G        78M       544K       108K        28M
-/+ buffers/cache:       1.8G       106M
Swap:         8.0G       272M       7.7G

             total       used       free     shared    buffers     cached
Mem:          2.0G       1.9G        69M       544K       108K        28M
-/+ buffers/cache:       1.9G        97M
Swap:         8.0G       272M       7.7G

             total       used       free     shared    buffers     cached
Mem:          2.0G       1.9G        78M       544K       108K        25M
-/+ buffers/cache:       1.9G       103M
Swap:         8.0G       272M       7.7G

             total       used       free     shared    buffers     cached
Mem:          2.0G       1.9G        68M       544K       108K        25M
-/+ buffers/cache:       1.9G        94M
Swap:         8.0G       272M       7.7G

             total       used       free     shared    buffers     cached
Mem:          2.0G       1.9G        80M       544K       116K        23M
-/+ buffers/cache:       1.9G       104M
Swap:         8.0G       272M       7.7G

             total       used       free     shared    buffers     cached
Mem:          2.0G       1.9G        71M       544K       116K        23M
-/+ buffers/cache:       1.9G        95M
Swap:         8.0G       272M       7.7G

             total       used       free     shared    buffers     cached
Mem:          2.0G       1.9G        84M       544K       116K        23M
-/+ buffers/cache:       1.8G       107M
Swap:         8.0G       272M       7.7G

             total       used       free     shared    buffers     cached
Mem:          2.0G       1.9G        75M       544K       116K        22M
-/+ buffers/cache:       1.9G        98M
Swap:         8.0G       272M       7.7G

             total       used       free     shared    buffers     cached
Mem:          2.0G       1.9G        66M       544K       116K        22M
-/+ buffers/cache:       1.9G        89M
Swap:         8.0G       272M       7.7G

             total       used       free     shared    buffers     cached
Mem:          2.0G       1.9G        80M       544K       116K        22M
-/+ buffers/cache:       1.9G       102M
Swap:         8.0G       272M       7.7G

             total       used       free     shared    buffers     cached
Mem:          2.0G       1.9G        71M       544K       124K        22M
-/+ buffers/cache:       1.9G        93M
Swap:         8.0G       272M       7.7G

             total       used       free     shared    buffers     cached
Mem:          2.0G       1.9G        76M       544K       124K        21M
-/+ buffers/cache:       1.9G        98M
Swap:         8.0G       272M       7.7G

             total       used       free     shared    buffers     cached
Mem:          2.0G       1.9G        75M       544K       124K        21M
-/+ buffers/cache:       1.9G        96M
Swap:         8.0G       252M       7.8G

             total       used       free     shared    buffers     cached
Mem:          2.0G       1.9G        75M       544K       124K        21M
-/+ buffers/cache:       1.9G        96M
Swap:         8.0G       238M       7.8G

             total       used       free     shared    buffers     cached
Mem:          2.0G       1.9G        66M       544K       124K        21M
-/+ buffers/cache:       1.9G        88M
Swap:         8.0G       235M       7.8G

             total       used       free     shared    buffers     cached
Mem:          2.0G       1.9G        74M       544K        92K        12M
-/+ buffers/cache:       1.9G        86M
Swap:         8.0G       236M       7.8G

             total       used       free     shared    buffers     cached
Mem:          2.0G       1.9G        81M       544K        96K       7.2M
-/+ buffers/cache:       1.9G        88M
Swap:         8.0G       269M       7.7G

             total       used       free     shared    buffers     cached
Mem:          2.0G       1.9G        69M       544K       384K       7.8M
-/+ buffers/cache:       1.9G        77M
Swap:         8.0G       269M       7.7G

             total       used       free     shared    buffers     cached
Mem:          2.0G       1.9G        81M       544K       356K       6.5M
-/+ buffers/cache:       1.9G        88M
Swap:         8.0G       286M       7.7G

             total       used       free     shared    buffers     cached
Mem:          2.0G       1.9G        73M       544K       356K       6.6M
-/+ buffers/cache:       1.9G        80M
Swap:         8.0G       286M       7.7G

             total       used       free     shared    buffers     cached
Mem:          2.0G       1.9G        65M       544K       364K       6.6M
-/+ buffers/cache:       1.9G        72M
Swap:         8.0G       286M       7.7G

             total       used       free     shared    buffers     cached
Mem:          2.0G       1.9G        77M       544K       364K       6.6M
-/+ buffers/cache:       1.9G        84M
Swap:         8.0G       286M       7.7G

             total       used       free     shared    buffers     cached
Mem:          2.0G       1.9G        77M       544K       364K       6.6M
-/+ buffers/cache:       1.9G        84M
Swap:         8.0G       286M       7.7G

             total       used       free     shared    buffers     cached
Mem:          2.0G       1.9G        77M       544K       780K        15M
-/+ buffers/cache:       1.9G        93M
Swap:         8.0G       419M       7.6G

             total       used       free     shared    buffers     cached
Mem:          2.0G       1.9G        67M       544K       780K        30M
-/+ buffers/cache:       1.9G        98M
Swap:         8.0G       418M       7.6G

             total       used       free     shared    buffers     cached
Mem:          2.0G       1.8G       107M       544K       220K        30M
-/+ buffers/cache:       1.8G       138M
Swap:         8.0G       415M       7.6G

             total       used       free     shared    buffers     cached
Mem:          2.0G       1.9G        90M       544K       2.3M        42M
-/+ buffers/cache:       1.8G       134M
Swap:         8.0G       413M       7.6G

             total       used       free     shared    buffers     cached
Mem:          2.0G       1.9G        75M       548K       3.8M        49M
-/+ buffers/cache:       1.8G       128M
Swap:         8.0G       411M       7.6G

             total       used       free     shared    buffers     cached
Mem:          2.0G       1.9G        71M       1.0M       5.8M        57M
-/+ buffers/cache:       1.8G       134M
Swap:         8.0G       408M       7.6G

             total       used       free     shared    buffers     cached
Mem:          2.0G       1.9G        71M       1.1M       5.8M        70M
-/+ buffers/cache:       1.8G       147M
Swap:         8.0G       407M       7.6G

             total       used       free     shared    buffers     cached
Mem:          2.0G       1.9G        71M       1.1M       5.8M        70M
-/+ buffers/cache:       1.8G       147M
Swap:         8.0G       407M       7.6G

             total       used       free     shared    buffers     cached
Mem:          2.0G       1.9G        71M       1.1M       5.8M        70M
-/+ buffers/cache:       1.8G       147M
Swap:         8.0G       407M       7.6G

             total       used       free     shared    buffers     cached
Mem:          2.0G       1.9G        71M       1.1M       5.8M        70M
-/+ buffers/cache:       1.8G       147M
Swap:         8.0G       407M       7.6G

             total       used       free     shared    buffers     cached
Mem:          2.0G       1.9G        71M       1.1M       5.8M        70M
-/+ buffers/cache:       1.8G       147M
Swap:         8.0G       407M       7.6G

             total       used       free     shared    buffers     cached
Mem:          2.0G       1.9G        69M       1.1M       5.8M        70M
-/+ buffers/cache:       1.8G       145M
Swap:         8.0G       407M       7.6G

             total       used       free     shared    buffers     cached
Mem:          2.0G       1.9G        65M       1.1M       5.8M        70M
-/+ buffers/cache:       1.8G       141M
Swap:         8.0G       406M       7.6G

             total       used       free     shared    buffers     cached
Mem:          2.0G       1.9G        79M       1.1M       5.8M        69M
-/+ buffers/cache:       1.8G       154M
Swap:         8.0G       406M       7.6G

             total       used       free     shared    buffers     cached
Mem:          2.0G       1.9G        78M       1.1M       5.8M        69M
-/+ buffers/cache:       1.8G       152M
Swap:         8.0G       405M       7.6G

             total       used       free     shared    buffers     cached
Mem:          2.0G       1.9G        77M       1.1M       5.8M        69M
-/+ buffers/cache:       1.8G       151M
Swap:         8.0G       405M       7.6G

             total       used       free     shared    buffers     cached
Mem:          2.0G       1.9G        75M       1.1M       5.8M        69M
-/+ buffers/cache:       1.8G       150M
Swap:         8.0G       404M       7.6G

             total       used       free     shared    buffers     cached
Mem:          2.0G       1.9G        74M       1.1M       5.8M        69M
-/+ buffers/cache:       1.8G       149M
Swap:         8.0G       404M       7.6G

             total       used       free     shared    buffers     cached
Mem:          2.0G       1.9G        74M       1.1M       5.8M        69M
-/+ buffers/cache:       1.8G       148M
Swap:         8.0G       403M       7.6G

             total       used       free     shared    buffers     cached
Mem:          2.0G       1.9G        73M       1.1M       5.8M        69M
-/+ buffers/cache:       1.8G       148M
Swap:         8.0G       403M       7.6G

             total       used       free     shared    buffers     cached
Mem:          2.0G       1.9G        72M       1.1M       5.8M        69M
-/+ buffers/cache:       1.8G       147M
Swap:         8.0G       402M       7.6G

             total       used       free     shared    buffers     cached
Mem:          2.0G       1.9G        71M       1.1M       5.8M        69M
-/+ buffers/cache:       1.8G       146M
Swap:         8.0G       402M       7.6G

             total       used       free     shared    buffers     cached
Mem:          2.0G       1.9G        70M       1.1M       5.8M        69M
-/+ buffers/cache:       1.8G       145M
Swap:         8.0G       401M       7.6G

             total       used       free     shared    buffers     cached
Mem:          2.0G       1.9G        69M       1.1M       5.8M        69M
-/+ buffers/cache:       1.8G       144M
Swap:         8.0G       400M       7.6G

             total       used       free     shared    buffers     cached
Mem:          2.0G       1.9G        68M       1.1M       5.8M        69M
-/+ buffers/cache:       1.8G       143M
Swap:         8.0G       400M       7.6G

             total       used       free     shared    buffers     cached
Mem:          2.0G       1.9G        67M       1.1M       5.8M        69M
-/+ buffers/cache:       1.8G       142M
Swap:         8.0G       399M       7.6G

             total       used       free     shared    buffers     cached
Mem:          2.0G       1.9G        66M       1.1M       5.8M        69M
-/+ buffers/cache:       1.8G       141M
Swap:         8.0G       399M       7.6G

             total       used       free     shared    buffers     cached
Mem:          2.0G       1.9G        65M       1.1M       5.8M        69M
-/+ buffers/cache:       1.8G       140M
Swap:         8.0G       398M       7.6G

             total       used       free     shared    buffers     cached
Mem:          2.0G       1.9G        82M       1.1M       5.8M        68M
-/+ buffers/cache:       1.8G       155M
Swap:         8.0G       398M       7.6G

             total       used       free     shared    buffers     cached
Mem:          2.0G       1.9G        81M       1.1M       5.8M        67M
-/+ buffers/cache:       1.8G       155M
Swap:         8.0G       397M       7.6G

             total       used       free     shared    buffers     cached
Mem:          2.0G       1.9G        80M       1.1M       5.8M        68M
-/+ buffers/cache:       1.8G       154M
Swap:         8.0G       397M       7.6G

             total       used       free     shared    buffers     cached
Mem:          2.0G       1.9G        79M       1.1M       5.8M        68M
-/+ buffers/cache:       1.8G       153M
Swap:         8.0G       396M       7.6G

             total       used       free     shared    buffers     cached
Mem:          2.0G       1.9G        78M       1.1M       5.8M        68M
-/+ buffers/cache:       1.8G       151M
Swap:         8.0G       396M       7.6G

             total       used       free     shared    buffers     cached
Mem:          2.0G       1.9G        77M       1.1M       5.8M        68M
-/+ buffers/cache:       1.8G       151M
Swap:         8.0G       395M       7.6G

             total       used       free     shared    buffers     cached
Mem:          2.0G       1.9G        76M       1.1M       5.8M        67M
-/+ buffers/cache:       1.8G       150M
Swap:         8.0G       395M       7.6G

             total       used       free     shared    buffers     cached
Mem:          2.0G       1.9G        75M       1.1M       5.8M        68M
-/+ buffers/cache:       1.8G       149M
Swap:         8.0G       394M       7.6G

             total       used       free     shared    buffers     cached
Mem:          2.0G       1.9G        74M       1.1M       5.8M        68M
-/+ buffers/cache:       1.8G       148M
Swap:         8.0G       393M       7.6G

             total       used       free     shared    buffers     cached
Mem:          2.0G       1.9G        73M       1.1M       5.8M        67M
-/+ buffers/cache:       1.8G       147M
Swap:         8.0G       393M       7.6G

             total       used       free     shared    buffers     cached
Mem:          2.0G       1.9G        72M       1.1M       5.8M        67M
-/+ buffers/cache:       1.8G       146M
Swap:         8.0G       392M       7.6G

             total       used       free     shared    buffers     cached
Mem:          2.0G       1.9G        71M       1.1M       5.8M        67M
-/+ buffers/cache:       1.8G       144M
Swap:         8.0G       392M       7.6G

             total       used       free     shared    buffers     cached
Mem:          2.0G       1.9G        70M       1.1M       5.8M        68M
-/+ buffers/cache:       1.8G       144M
Swap:         8.0G       391M       7.6G

             total       used       free     shared    buffers     cached
Mem:          2.0G       1.9G        69M       1.1M       5.8M        67M
-/+ buffers/cache:       1.8G       143M
Swap:         8.0G       391M       7.6G

             total       used       free     shared    buffers     cached
Mem:          2.0G       1.9G        68M       1.1M       5.8M        68M
-/+ buffers/cache:       1.8G       142M
Swap:         8.0G       390M       7.6G

             total       used       free     shared    buffers     cached
Mem:          2.0G       1.9G        67M       1.1M       5.8M        68M
-/+ buffers/cache:       1.8G       141M
Swap:         8.0G       390M       7.6G

             total       used       free     shared    buffers     cached
Mem:          2.0G       1.9G        66M       1.1M       5.8M        68M
-/+ buffers/cache:       1.8G       140M
Swap:         8.0G       389M       7.6G

             total       used       free     shared    buffers     cached
Mem:          2.0G       1.9G        65M       1.1M       5.8M        67M
-/+ buffers/cache:       1.8G       139M
Swap:         8.0G       389M       7.6G

             total       used       free     shared    buffers     cached
Mem:          2.0G       1.9G        64M       1.1M       5.8M        68M
-/+ buffers/cache:       1.8G       138M
Swap:         8.0G       388M       7.6G

             total       used       free     shared    buffers     cached
Mem:          2.0G       1.9G        76M       1.1M       5.8M        66M
-/+ buffers/cache:       1.8G       148M
Swap:         8.0G       393M       7.6G

             total       used       free     shared    buffers     cached
Mem:          2.0G       1.9G        75M       1.1M       5.8M        66M
-/+ buffers/cache:       1.8G       147M
Swap:         8.0G       392M       7.6G

             total       used       free     shared    buffers     cached
Mem:          2.0G       1.9G        74M       1.1M       5.8M        66M
-/+ buffers/cache:       1.8G       146M
Swap:         8.0G       392M       7.6G

             total       used       free     shared    buffers     cached
Mem:          2.0G       1.9G        73M       1.1M       5.8M        66M
-/+ buffers/cache:       1.8G       145M
Swap:         8.0G       391M       7.6G

             total       used       free     shared    buffers     cached
Mem:          2.0G       1.9G        71M       1.1M       5.8M        66M
-/+ buffers/cache:       1.8G       144M
Swap:         8.0G       390M       7.6G

             total       used       free     shared    buffers     cached
Mem:          2.0G       1.9G        71M       1.1M       5.8M        66M
-/+ buffers/cache:       1.8G       143M
Swap:         8.0G       390M       7.6G

             total       used       free     shared    buffers     cached
Mem:          2.0G       1.9G        70M       1.1M       5.8M        66M
-/+ buffers/cache:       1.8G       142M
Swap:         8.0G       390M       7.6G

             total       used       free     shared    buffers     cached
Mem:          2.0G       1.9G        69M       1.1M       5.8M        66M
-/+ buffers/cache:       1.8G       141M
Swap:         8.0G       389M       7.6G

             total       used       free     shared    buffers     cached
Mem:          2.0G       1.9G        68M       1.1M       5.8M        66M
-/+ buffers/cache:       1.8G       140M
Swap:         8.0G       388M       7.6G

             total       used       free     shared    buffers     cached
Mem:          2.0G       1.9G        67M       1.1M       5.8M        66M
-/+ buffers/cache:       1.8G       139M
Swap:         8.0G       388M       7.6G

             total       used       free     shared    buffers     cached
Mem:          2.0G       1.9G        65M       1.1M       5.8M        67M
-/+ buffers/cache:       1.8G       138M
Swap:         8.0G       387M       7.6G

             total       used       free     shared    buffers     cached
Mem:          2.0G       1.9G        74M       1.1M       256K        53M
-/+ buffers/cache:       1.8G       129M
Swap:         8.0G       587M       7.4G

             total       used       free     shared    buffers     cached
Mem:          2.0G       1.9G        77M       1.1M       264K        54M
-/+ buffers/cache:       1.8G       132M
Swap:         8.0G       587M       7.4G

             total       used       free     shared    buffers     cached
Mem:          2.0G       1.9G        78M       1.1M       280K        54M
-/+ buffers/cache:       1.8G       133M
Swap:         8.0G       587M       7.4G

             total       used       free     shared    buffers     cached
Mem:          2.0G       1.9G        86M       1.1M       280K        54M
-/+ buffers/cache:       1.8G       141M
Swap:         8.0G       587M       7.4G

             total       used       free     shared    buffers     cached
Mem:          2.0G       1.9G        72M       1.1M       3.8M        66M
-/+ buffers/cache:       1.8G       143M
Swap:         8.0G       587M       7.4G

             total       used       free     shared    buffers     cached
Mem:          2.0G       1.9G        65M       1.1M       3.6M        75M
-/+ buffers/cache:       1.8G       144M
Swap:         8.0G       584M       7.4G

             total       used       free     shared    buffers     cached
Mem:          2.0G       1.9G        73M       1.1M       3.6M        75M
-/+ buffers/cache:       1.8G       152M
Swap:         8.0G       582M       7.4G

             total       used       free     shared    buffers     cached
Mem:          2.0G       1.9G        75M       1.1M       3.6M        78M
-/+ buffers/cache:       1.8G       157M
Swap:         8.0G       580M       7.4G

             total       used       free     shared    buffers     cached
Mem:          2.0G       1.9G        74M       1.1M       3.6M        78M
-/+ buffers/cache:       1.8G       156M
Swap:         8.0G       580M       7.4G

             total       used       free     shared    buffers     cached
Mem:          2.0G       1.9G        74M       1.1M       3.6M        78M
-/+ buffers/cache:       1.8G       156M
Swap:         8.0G       579M       7.4G

             total       used       free     shared    buffers     cached
Mem:          2.0G       1.9G        73M       1.1M       3.6M        78M
-/+ buffers/cache:       1.8G       155M
Swap:         8.0G       578M       7.4G

             total       used       free     shared    buffers     cached
Mem:          2.0G       1.9G        73M       1.1M       3.6M        78M
-/+ buffers/cache:       1.8G       155M
Swap:         8.0G       578M       7.4G

             total       used       free     shared    buffers     cached
Mem:          2.0G       1.9G        72M       1.1M       3.6M        78M
-/+ buffers/cache:       1.8G       154M
Swap:         8.0G       577M       7.4G

             total       used       free     shared    buffers     cached
Mem:          2.0G       1.9G        71M       1.1M       3.6M        78M
-/+ buffers/cache:       1.8G       153M
Swap:         8.0G       577M       7.4G

             total       used       free     shared    buffers     cached
Mem:          2.0G       1.9G        71M       1.1M       3.6M        78M
-/+ buffers/cache:       1.8G       153M
Swap:         8.0G       576M       7.4G

             total       used       free     shared    buffers     cached
Mem:          2.0G       1.9G        70M       1.1M       3.6M        78M
-/+ buffers/cache:       1.8G       153M
Swap:         8.0G       576M       7.4G

             total       used       free     shared    buffers     cached
Mem:          2.0G       1.9G        70M       1.1M       3.6M        78M
-/+ buffers/cache:       1.8G       152M
Swap:         8.0G       575M       7.4G

             total       used       free     shared    buffers     cached
Mem:          2.0G       1.9G        74M       4.8M       4.7M        73M
-/+ buffers/cache:       1.8G       153M
Swap:         8.0G       571M       7.4G

             total       used       free     shared    buffers     cached
Mem:          2.0G       1.9G        78M       1.2M       6.1M        81M
-/+ buffers/cache:       1.8G       165M
Swap:         8.0G       565M       7.4G

             total       used       free     shared    buffers     cached
Mem:          2.0G       1.9G        69M       1.1M       6.1M        84M
-/+ buffers/cache:       1.8G       159M
Swap:         8.0G       561M       7.4G

             total       used       free     shared    buffers     cached
Mem:          2.0G       1.9G        68M       1.1M       6.1M        84M
-/+ buffers/cache:       1.8G       158M
Swap:         8.0G       560M       7.4G

             total       used       free     shared    buffers     cached
Mem:          2.0G       1.9G        67M       1.1M       6.1M        84M
-/+ buffers/cache:       1.8G       157M
Swap:         8.0G       559M       7.5G

             total       used       free     shared    buffers     cached
Mem:          2.0G       1.9G        66M       1.1M       6.1M        84M
-/+ buffers/cache:       1.8G       156M
Swap:         8.0G       558M       7.5G

             total       used       free     shared    buffers     cached
Mem:          2.0G       1.9G        65M       1.1M       6.1M        84M
-/+ buffers/cache:       1.8G       155M
Swap:         8.0G       558M       7.5G

             total       used       free     shared    buffers     cached
Mem:          2.0G       1.8G       110M       1.1M       6.1M        78M
-/+ buffers/cache:       1.8G       194M
Swap:         8.0G       557M       7.5G

             total       used       free     shared    buffers     cached
Mem:          2.0G       1.8G       108M       1.1M       6.3M        78M
-/+ buffers/cache:       1.8G       193M
Swap:         8.0G       556M       7.5G

             total       used       free     shared    buffers     cached
Mem:          2.0G       1.8G       106M       1.1M       6.3M        78M
-/+ buffers/cache:       1.8G       191M
Swap:         8.0G       555M       7.5G

             total       used       free     shared    buffers     cached
Mem:          2.0G       1.8G       105M       1.1M       6.3M        78M
-/+ buffers/cache:       1.8G       191M
Swap:         8.0G       554M       7.5G

             total       used       free     shared    buffers     cached
Mem:          2.0G       1.9G       104M       1.1M       6.3M        78M
-/+ buffers/cache:       1.8G       190M
Swap:         8.0G       554M       7.5G

             total       used       free     shared    buffers     cached
Mem:          2.0G       1.9G       103M       1.1M       6.3M        78M
-/+ buffers/cache:       1.8G       188M
Swap:         8.0G       553M       7.5G

             total       used       free     shared    buffers     cached
Mem:          2.0G       1.9G       102M       1.1M       6.3M        78M
-/+ buffers/cache:       1.8G       187M
Swap:         8.0G       552M       7.5G

             total       used       free     shared    buffers     cached
Mem:          2.0G       1.9G       101M       1.1M       6.3M        78M
-/+ buffers/cache:       1.8G       186M
Swap:         8.0G       551M       7.5G

             total       used       free     shared    buffers     cached
Mem:          2.0G       1.9G        99M       1.1M       6.3M        78M
-/+ buffers/cache:       1.8G       185M
Swap:         8.0G       550M       7.5G

             total       used       free     shared    buffers     cached
Mem:          2.0G       1.9G        98M       1.1M       6.3M        78M
-/+ buffers/cache:       1.8G       184M
Swap:         8.0G       550M       7.5G

             total       used       free     shared    buffers     cached
Mem:          2.0G       1.9G        97M       1.1M       6.3M        78M
-/+ buffers/cache:       1.8G       182M
Swap:         8.0G       548M       7.5G

             total       used       free     shared    buffers     cached
Mem:          2.0G       1.9G        96M       1.1M       6.3M        78M
-/+ buffers/cache:       1.8G       181M
Swap:         8.0G       548M       7.5G

             total       used       free     shared    buffers     cached
Mem:          2.0G       1.9G        94M       1.1M       6.3M        78M
-/+ buffers/cache:       1.8G       180M
Swap:         8.0G       547M       7.5G

             total       used       free     shared    buffers     cached
Mem:          2.0G       1.9G        93M       1.1M       6.3M        78M
-/+ buffers/cache:       1.8G       179M
Swap:         8.0G       546M       7.5G

             total       used       free     shared    buffers     cached
Mem:          2.0G       1.9G        92M       1.1M       6.3M        78M
-/+ buffers/cache:       1.8G       177M
Swap:         8.0G       545M       7.5G

             total       used       free     shared    buffers     cached
Mem:          2.0G       1.9G        91M       1.1M       6.3M        79M
-/+ buffers/cache:       1.8G       176M
Swap:         8.0G       544M       7.5G

             total       used       free     shared    buffers     cached
Mem:          2.0G       1.9G        90M       1.1M       6.3M        79M
-/+ buffers/cache:       1.8G       175M
Swap:         8.0G       544M       7.5G

             total       used       free     shared    buffers     cached
Mem:          2.0G       1.9G        89M       1.1M       6.3M        79M
-/+ buffers/cache:       1.8G       174M
Swap:         8.0G       543M       7.5G

             total       used       free     shared    buffers     cached
Mem:          2.0G       1.9G        87M       1.1M       6.3M        79M
-/+ buffers/cache:       1.8G       173M
Swap:         8.0G       542M       7.5G

             total       used       free     shared    buffers     cached
Mem:          2.0G       1.9G        86M       1.1M       6.3M        79M
-/+ buffers/cache:       1.8G       172M
Swap:         8.0G       541M       7.5G

             total       used       free     shared    buffers     cached
Mem:          2.0G       1.9G        85M       1.1M       6.3M        79M
-/+ buffers/cache:       1.8G       171M
Swap:         8.0G       540M       7.5G

             total       used       free     shared    buffers     cached
Mem:          2.0G       1.9G        84M       1.1M       6.3M        79M
-/+ buffers/cache:       1.8G       169M
Swap:         8.0G       540M       7.5G

             total       used       free     shared    buffers     cached
Mem:          2.0G       1.9G        83M       1.1M       6.3M        79M
-/+ buffers/cache:       1.8G       168M
Swap:         8.0G       539M       7.5G

             total       used       free     shared    buffers     cached
Mem:          2.0G       1.9G        82M       1.1M       6.3M        79M
-/+ buffers/cache:       1.8G       167M
Swap:         8.0G       538M       7.5G

             total       used       free     shared    buffers     cached
Mem:          2.0G       1.9G        80M       1.1M       6.3M        79M
-/+ buffers/cache:       1.8G       166M
Swap:         8.0G       537M       7.5G

             total       used       free     shared    buffers     cached
Mem:          2.0G       1.9G        79M       1.1M       6.3M        79M
-/+ buffers/cache:       1.8G       165M
Swap:         8.0G       536M       7.5G

             total       used       free     shared    buffers     cached
Mem:          2.0G       1.9G        78M       1.1M       6.3M        79M
-/+ buffers/cache:       1.8G       163M
Swap:         8.0G       535M       7.5G

             total       used       free     shared    buffers     cached
Mem:          2.0G       1.9G        77M       1.1M       6.3M        79M
-/+ buffers/cache:       1.8G       162M
Swap:         8.0G       534M       7.5G

             total       used       free     shared    buffers     cached
Mem:          2.0G       1.9G        76M       1.1M       6.3M        79M
-/+ buffers/cache:       1.8G       161M
Swap:         8.0G       533M       7.5G

             total       used       free     shared    buffers     cached
Mem:          2.0G       1.9G        74M       1.1M       6.3M        79M
-/+ buffers/cache:       1.8G       160M
Swap:         8.0G       532M       7.5G

             total       used       free     shared    buffers     cached
Mem:          2.0G       1.9G        73M       1.1M       6.3M        79M
-/+ buffers/cache:       1.8G       159M
Swap:         8.0G       532M       7.5G

             total       used       free     shared    buffers     cached
Mem:          2.0G       1.9G        72M       1.1M       6.3M        79M
-/+ buffers/cache:       1.8G       157M
Swap:         8.0G       531M       7.5G

             total       used       free     shared    buffers     cached
Mem:          2.0G       1.9G        71M       1.1M       6.3M        79M
-/+ buffers/cache:       1.8G       156M
Swap:         8.0G       529M       7.5G

             total       used       free     shared    buffers     cached
Mem:          2.0G       1.9G        70M       1.1M       6.3M        79M
-/+ buffers/cache:       1.8G       155M
Swap:         8.0G       529M       7.5G

             total       used       free     shared    buffers     cached
Mem:          2.0G       1.9G        80M       1.1M       6.4M        81M
-/+ buffers/cache:       1.8G       167M
Swap:         8.0G       528M       7.5G

             total       used       free     shared    buffers     cached
Mem:          2.0G       1.9G        78M       1.2M       7.6M        88M
-/+ buffers/cache:       1.8G       174M
Swap:         8.0G       525M       7.5G
