             total       used       free     shared    buffers     cached
Mem:          3.9G       664M       3.2G       3.2M        38M       289M
-/+ buffers/cache:       336M       3.5G
Swap:         8.0G         0B       8.0G

             total       used       free     shared    buffers     cached
Mem:          3.9G       663M       3.2G       1.5M        38M       287M
-/+ buffers/cache:       337M       3.5G
Swap:         8.0G         0B       8.0G

             total       used       free     shared    buffers     cached
Mem:          3.9G       663M       3.2G       1.5M        38M       288M
-/+ buffers/cache:       336M       3.5G
Swap:         8.0G         0B       8.0G

             total       used       free     shared    buffers     cached
Mem:          3.9G       663M       3.2G       1.5M        38M       288M
-/+ buffers/cache:       336M       3.5G
Swap:         8.0G         0B       8.0G

             total       used       free     shared    buffers     cached
Mem:          3.9G       663M       3.2G       1.5M        38M       288M
-/+ buffers/cache:       336M       3.5G
Swap:         8.0G         0B       8.0G

             total       used       free     shared    buffers     cached
Mem:          3.9G       663M       3.2G       1.5M        38M       288M
-/+ buffers/cache:       336M       3.5G
Swap:         8.0G         0B       8.0G

             total       used       free     shared    buffers     cached
Mem:          3.9G       662M       3.2G       1.5M        38M       288M
-/+ buffers/cache:       336M       3.5G
Swap:         8.0G         0B       8.0G

             total       used       free     shared    buffers     cached
Mem:          3.9G       662M       3.2G       1.5M        38M       288M
-/+ buffers/cache:       335M       3.5G
Swap:         8.0G         0B       8.0G

             total       used       free     shared    buffers     cached
Mem:          3.9G       662M       3.2G       1.5M        38M       288M
-/+ buffers/cache:       335M       3.5G
Swap:         8.0G         0B       8.0G

             total       used       free     shared    buffers     cached
Mem:          3.9G       666M       3.2G       1.5M        38M       288M
-/+ buffers/cache:       339M       3.5G
Swap:         8.0G         0B       8.0G

             total       used       free     shared    buffers     cached
Mem:          3.9G       684M       3.2G       1.5M        38M       288M
-/+ buffers/cache:       358M       3.5G
Swap:         8.0G         0B       8.0G

             total       used       free     shared    buffers     cached
Mem:          3.9G       711M       3.2G       1.5M        38M       288M
-/+ buffers/cache:       384M       3.5G
Swap:         8.0G         0B       8.0G

             total       used       free     shared    buffers     cached
Mem:          3.9G       671M       3.2G       1.5M        38M       289M
-/+ buffers/cache:       343M       3.5G
Swap:         8.0G         0B       8.0G

             total       used       free     shared    buffers     cached
Mem:          3.9G       672M       3.2G       1.5M        38M       289M
-/+ buffers/cache:       344M       3.5G
Swap:         8.0G         0B       8.0G

             total       used       free     shared    buffers     cached
Mem:          3.9G       672M       3.2G       1.5M        38M       289M
-/+ buffers/cache:       344M       3.5G
Swap:         8.0G         0B       8.0G

             total       used       free     shared    buffers     cached
Mem:          3.9G       672M       3.2G       1.5M        38M       289M
-/+ buffers/cache:       344M       3.5G
Swap:         8.0G         0B       8.0G

             total       used       free     shared    buffers     cached
Mem:          3.9G       672M       3.2G       1.5M        38M       289M
-/+ buffers/cache:       344M       3.5G
Swap:         8.0G         0B       8.0G

             total       used       free     shared    buffers     cached
Mem:          3.9G       672M       3.2G       1.5M        38M       289M
-/+ buffers/cache:       344M       3.5G
Swap:         8.0G         0B       8.0G

             total       used       free     shared    buffers     cached
Mem:          3.9G       672M       3.2G       1.5M        38M       289M
-/+ buffers/cache:       344M       3.5G
Swap:         8.0G         0B       8.0G

             total       used       free     shared    buffers     cached
Mem:          3.9G       672M       3.2G       1.5M        38M       289M
-/+ buffers/cache:       343M       3.5G
Swap:         8.0G         0B       8.0G

             total       used       free     shared    buffers     cached
Mem:          3.9G       672M       3.2G       1.5M        38M       289M
-/+ buffers/cache:       343M       3.5G
Swap:         8.0G         0B       8.0G

             total       used       free     shared    buffers     cached
Mem:          3.9G       672M       3.2G       1.5M        38M       289M
-/+ buffers/cache:       344M       3.5G
Swap:         8.0G         0B       8.0G

             total       used       free     shared    buffers     cached
Mem:          3.9G       672M       3.2G       1.5M        38M       289M
-/+ buffers/cache:       344M       3.5G
Swap:         8.0G         0B       8.0G

             total       used       free     shared    buffers     cached
Mem:          3.9G       672M       3.2G       1.5M        38M       289M
-/+ buffers/cache:       344M       3.5G
Swap:         8.0G         0B       8.0G

             total       used       free     shared    buffers     cached
Mem:          3.9G       672M       3.2G       1.5M        38M       289M
-/+ buffers/cache:       344M       3.5G
Swap:         8.0G         0B       8.0G

             total       used       free     shared    buffers     cached
Mem:          3.9G       672M       3.2G       1.5M        38M       289M
-/+ buffers/cache:       344M       3.5G
Swap:         8.0G         0B       8.0G

             total       used       free     shared    buffers     cached
Mem:          3.9G       672M       3.2G       1.5M        38M       289M
-/+ buffers/cache:       344M       3.5G
Swap:         8.0G         0B       8.0G

             total       used       free     shared    buffers     cached
Mem:          3.9G       672M       3.2G       1.5M        38M       289M
-/+ buffers/cache:       344M       3.5G
Swap:         8.0G         0B       8.0G

             total       used       free     shared    buffers     cached
Mem:          3.9G       672M       3.2G       1.5M        38M       289M
-/+ buffers/cache:       344M       3.5G
Swap:         8.0G         0B       8.0G

             total       used       free     shared    buffers     cached
Mem:          3.9G       672M       3.2G       1.5M        38M       289M
-/+ buffers/cache:       344M       3.5G
Swap:         8.0G         0B       8.0G

             total       used       free     shared    buffers     cached
Mem:          3.9G       672M       3.2G       1.5M        38M       289M
-/+ buffers/cache:       344M       3.5G
Swap:         8.0G         0B       8.0G

             total       used       free     shared    buffers     cached
Mem:          3.9G       672M       3.2G       1.5M        38M       289M
-/+ buffers/cache:       344M       3.5G
Swap:         8.0G         0B       8.0G

             total       used       free     shared    buffers     cached
Mem:          3.9G       672M       3.2G       1.5M        38M       289M
-/+ buffers/cache:       344M       3.5G
Swap:         8.0G         0B       8.0G

             total       used       free     shared    buffers     cached
Mem:          3.9G       678M       3.2G       1.5M        38M       289M
-/+ buffers/cache:       349M       3.5G
Swap:         8.0G         0B       8.0G

             total       used       free     shared    buffers     cached
Mem:          3.9G       696M       3.2G       1.5M        38M       289M
-/+ buffers/cache:       367M       3.5G
Swap:         8.0G         0B       8.0G

             total       used       free     shared    buffers     cached
Mem:          3.9G       711M       3.2G       1.5M        38M       289M
-/+ buffers/cache:       382M       3.5G
Swap:         8.0G         0B       8.0G

             total       used       free     shared    buffers     cached
Mem:          3.9G       727M       3.1G       1.5M        38M       289M
-/+ buffers/cache:       399M       3.5G
Swap:         8.0G         0B       8.0G

             total       used       free     shared    buffers     cached
Mem:          3.9G       746M       3.1G       1.5M        38M       289M
-/+ buffers/cache:       418M       3.5G
Swap:         8.0G         0B       8.0G

             total       used       free     shared    buffers     cached
Mem:          3.9G       765M       3.1G       1.5M        38M       289M
-/+ buffers/cache:       436M       3.4G
Swap:         8.0G         0B       8.0G

             total       used       free     shared    buffers     cached
Mem:          3.9G       782M       3.1G       1.5M        38M       289M
-/+ buffers/cache:       454M       3.4G
Swap:         8.0G         0B       8.0G

             total       used       free     shared    buffers     cached
Mem:          3.9G       798M       3.1G       1.5M        38M       289M
-/+ buffers/cache:       470M       3.4G
Swap:         8.0G         0B       8.0G

             total       used       free     shared    buffers     cached
Mem:          3.9G       814M       3.1G       1.5M        38M       289M
-/+ buffers/cache:       485M       3.4G
Swap:         8.0G         0B       8.0G

             total       used       free     shared    buffers     cached
Mem:          3.9G       831M       3.0G       1.5M        38M       289M
-/+ buffers/cache:       502M       3.4G
Swap:         8.0G         0B       8.0G

             total       used       free     shared    buffers     cached
Mem:          3.9G       850M       3.0G       1.5M        38M       289M
-/+ buffers/cache:       521M       3.3G
Swap:         8.0G         0B       8.0G

             total       used       free     shared    buffers     cached
Mem:          3.9G       868M       3.0G       1.5M        38M       289M
-/+ buffers/cache:       539M       3.3G
Swap:         8.0G         0B       8.0G

             total       used       free     shared    buffers     cached
Mem:          3.9G       883M       3.0G       1.5M        38M       289M
-/+ buffers/cache:       554M       3.3G
Swap:         8.0G         0B       8.0G

             total       used       free     shared    buffers     cached
Mem:          3.9G       897M       3.0G       1.5M        38M       289M
-/+ buffers/cache:       568M       3.3G
Swap:         8.0G         0B       8.0G

             total       used       free     shared    buffers     cached
Mem:          3.9G       912M       3.0G       1.5M        38M       289M
-/+ buffers/cache:       583M       3.3G
Swap:         8.0G         0B       8.0G

             total       used       free     shared    buffers     cached
Mem:          3.9G       928M       3.0G       1.5M        38M       289M
-/+ buffers/cache:       599M       3.3G
Swap:         8.0G         0B       8.0G

             total       used       free     shared    buffers     cached
Mem:          3.9G       948M       2.9G       1.5M        38M       289M
-/+ buffers/cache:       619M       3.3G
Swap:         8.0G         0B       8.0G

             total       used       free     shared    buffers     cached
Mem:          3.9G       968M       2.9G       1.5M        38M       289M
-/+ buffers/cache:       639M       3.2G
Swap:         8.0G         0B       8.0G

             total       used       free     shared    buffers     cached
Mem:          3.9G       984M       2.9G       1.5M        38M       289M
-/+ buffers/cache:       655M       3.2G
Swap:         8.0G         0B       8.0G

             total       used       free     shared    buffers     cached
Mem:          3.9G       1.0G       2.9G       1.5M        38M       289M
-/+ buffers/cache:       673M       3.2G
Swap:         8.0G         0B       8.0G

             total       used       free     shared    buffers     cached
Mem:          3.9G       1.0G       2.9G       1.5M        38M       289M
-/+ buffers/cache:       691M       3.2G
Swap:         8.0G         0B       8.0G

             total       used       free     shared    buffers     cached
Mem:          3.9G       1.0G       2.8G       1.5M        38M       289M
-/+ buffers/cache:       709M       3.2G
Swap:         8.0G         0B       8.0G

             total       used       free     shared    buffers     cached
Mem:          3.9G       1.0G       2.8G       1.5M        38M       289M
-/+ buffers/cache:       726M       3.1G
Swap:         8.0G         0B       8.0G

             total       used       free     shared    buffers     cached
Mem:          3.9G       1.0G       2.8G       1.5M        38M       289M
-/+ buffers/cache:       744M       3.1G
Swap:         8.0G         0B       8.0G

             total       used       free     shared    buffers     cached
Mem:          3.9G       1.1G       2.8G       1.5M        38M       289M
-/+ buffers/cache:       762M       3.1G
Swap:         8.0G         0B       8.0G

             total       used       free     shared    buffers     cached
Mem:          3.9G       1.1G       2.8G       1.5M        38M       289M
-/+ buffers/cache:       778M       3.1G
Swap:         8.0G         0B       8.0G

             total       used       free     shared    buffers     cached
Mem:          3.9G       1.1G       2.8G       1.5M        38M       289M
-/+ buffers/cache:       793M       3.1G
Swap:         8.0G         0B       8.0G

             total       used       free     shared    buffers     cached
Mem:          3.9G       1.1G       2.7G       1.5M        38M       289M
-/+ buffers/cache:       808M       3.1G
Swap:         8.0G         0B       8.0G

             total       used       free     shared    buffers     cached
Mem:          3.9G       1.1G       2.7G       1.5M        38M       289M
-/+ buffers/cache:       826M       3.1G
Swap:         8.0G         0B       8.0G

             total       used       free     shared    buffers     cached
Mem:          3.9G       1.1G       2.7G       1.5M        38M       289M
-/+ buffers/cache:       844M       3.0G
Swap:         8.0G         0B       8.0G

             total       used       free     shared    buffers     cached
Mem:          3.9G       1.2G       2.7G       1.5M        38M       289M
-/+ buffers/cache:       863M       3.0G
Swap:         8.0G         0B       8.0G

             total       used       free     shared    buffers     cached
Mem:          3.9G       1.2G       2.7G       1.5M        38M       289M
-/+ buffers/cache:       881M       3.0G
Swap:         8.0G         0B       8.0G

             total       used       free     shared    buffers     cached
Mem:          3.9G       1.2G       2.7G       1.5M        38M       289M
-/+ buffers/cache:       895M       3.0G
Swap:         8.0G         0B       8.0G

             total       used       free     shared    buffers     cached
Mem:          3.9G       1.2G       2.6G       1.5M        38M       289M
-/+ buffers/cache:       910M       3.0G
Swap:         8.0G         0B       8.0G

             total       used       free     shared    buffers     cached
Mem:          3.9G       1.2G       2.6G       1.5M        38M       289M
-/+ buffers/cache:       925M       3.0G
Swap:         8.0G         0B       8.0G

             total       used       free     shared    buffers     cached
Mem:          3.9G       1.2G       2.6G       1.5M        38M       289M
-/+ buffers/cache:       942M       2.9G
Swap:         8.0G         0B       8.0G

             total       used       free     shared    buffers     cached
Mem:          3.9G       1.3G       2.6G       1.5M        38M       290M
-/+ buffers/cache:       957M       2.9G
Swap:         8.0G         0B       8.0G

             total       used       free     shared    buffers     cached
Mem:          3.9G       1.3G       2.6G       1.5M        38M       290M
-/+ buffers/cache:       973M       2.9G
Swap:         8.0G         0B       8.0G

             total       used       free     shared    buffers     cached
Mem:          3.9G       1.3G       2.6G       1.5M        38M       290M
-/+ buffers/cache:       989M       2.9G
Swap:         8.0G         0B       8.0G

             total       used       free     shared    buffers     cached
Mem:          3.9G       1.3G       2.6G       1.5M        38M       290M
-/+ buffers/cache:       1.0G       2.9G
Swap:         8.0G         0B       8.0G

             total       used       free     shared    buffers     cached
Mem:          3.9G       1.3G       2.5G       1.5M        38M       290M
-/+ buffers/cache:       1.0G       2.9G
Swap:         8.0G         0B       8.0G

             total       used       free     shared    buffers     cached
Mem:          3.9G       1.3G       2.5G       1.5M        38M       290M
-/+ buffers/cache:       1.0G       2.8G
Swap:         8.0G         0B       8.0G

             total       used       free     shared    buffers     cached
Mem:          3.9G       1.4G       2.5G       1.5M        38M       290M
-/+ buffers/cache:       1.0G       2.8G
Swap:         8.0G         0B       8.0G

             total       used       free     shared    buffers     cached
Mem:          3.9G       1.4G       2.5G       1.5M        38M       290M
-/+ buffers/cache:       1.0G       2.8G
Swap:         8.0G         0B       8.0G

             total       used       free     shared    buffers     cached
Mem:          3.9G       1.4G       2.5G       1.5M        38M       290M
-/+ buffers/cache:       1.1G       2.8G
Swap:         8.0G         0B       8.0G

             total       used       free     shared    buffers     cached
Mem:          3.9G       1.4G       2.5G       1.5M        38M       290M
-/+ buffers/cache:       1.1G       2.8G
Swap:         8.0G         0B       8.0G

             total       used       free     shared    buffers     cached
Mem:          3.9G       1.4G       2.4G       1.5M        38M       290M
-/+ buffers/cache:       1.1G       2.8G
Swap:         8.0G         0B       8.0G

             total       used       free     shared    buffers     cached
Mem:          3.9G       1.4G       2.4G       1.5M        38M       290M
-/+ buffers/cache:       1.1G       2.8G
Swap:         8.0G         0B       8.0G

             total       used       free     shared    buffers     cached
Mem:          3.9G       1.4G       2.4G       1.5M        38M       290M
-/+ buffers/cache:       1.1G       2.7G
Swap:         8.0G         0B       8.0G

             total       used       free     shared    buffers     cached
Mem:          3.9G       1.5G       2.4G       1.5M        38M       290M
-/+ buffers/cache:       1.1G       2.7G
Swap:         8.0G         0B       8.0G

             total       used       free     shared    buffers     cached
Mem:          3.9G       1.5G       2.4G       1.5M        38M       290M
-/+ buffers/cache:       1.2G       2.7G
Swap:         8.0G         0B       8.0G

             total       used       free     shared    buffers     cached
Mem:          3.9G       1.5G       2.4G       1.5M        38M       290M
-/+ buffers/cache:       1.2G       2.7G
Swap:         8.0G         0B       8.0G

             total       used       free     shared    buffers     cached
Mem:          3.9G       1.5G       2.4G       1.5M        38M       290M
-/+ buffers/cache:       1.2G       2.7G
Swap:         8.0G         0B       8.0G

             total       used       free     shared    buffers     cached
Mem:          3.9G       1.5G       2.3G       1.5M        38M       290M
-/+ buffers/cache:       1.2G       2.7G
Swap:         8.0G         0B       8.0G

             total       used       free     shared    buffers     cached
Mem:          3.9G       1.5G       2.3G       1.5M        38M       290M
-/+ buffers/cache:       1.2G       2.6G
Swap:         8.0G         0B       8.0G

             total       used       free     shared    buffers     cached
Mem:          3.9G       1.5G       2.3G       1.5M        38M       290M
-/+ buffers/cache:       1.2G       2.6G
Swap:         8.0G         0B       8.0G

             total       used       free     shared    buffers     cached
Mem:          3.9G       1.6G       2.3G       1.5M        38M       290M
-/+ buffers/cache:       1.2G       2.6G
Swap:         8.0G         0B       8.0G

             total       used       free     shared    buffers     cached
Mem:          3.9G       1.6G       2.3G       1.5M        38M       290M
-/+ buffers/cache:       1.2G       2.6G
Swap:         8.0G         0B       8.0G

             total       used       free     shared    buffers     cached
Mem:          3.9G       1.6G       2.3G       1.5M        38M       290M
-/+ buffers/cache:       1.3G       2.6G
Swap:         8.0G         0B       8.0G

             total       used       free     shared    buffers     cached
Mem:          3.9G       1.6G       2.3G       1.5M        38M       290M
-/+ buffers/cache:       1.3G       2.6G
Swap:         8.0G         0B       8.0G

             total       used       free     shared    buffers     cached
Mem:          3.9G       1.6G       2.2G       1.5M        38M       290M
-/+ buffers/cache:       1.3G       2.6G
Swap:         8.0G         0B       8.0G

             total       used       free     shared    buffers     cached
Mem:          3.9G       1.6G       2.2G       1.5M        38M       290M
-/+ buffers/cache:       1.3G       2.6G
Swap:         8.0G         0B       8.0G

             total       used       free     shared    buffers     cached
Mem:          3.9G       1.6G       2.2G       1.5M        38M       290M
-/+ buffers/cache:       1.3G       2.5G
Swap:         8.0G         0B       8.0G

             total       used       free     shared    buffers     cached
Mem:          3.9G       1.7G       2.2G       1.5M        38M       290M
-/+ buffers/cache:       1.3G       2.5G
Swap:         8.0G         0B       8.0G

             total       used       free     shared    buffers     cached
Mem:          3.9G       1.7G       2.2G       1.5M        38M       290M
-/+ buffers/cache:       1.4G       2.5G
Swap:         8.0G         0B       8.0G

             total       used       free     shared    buffers     cached
Mem:          3.9G       1.7G       2.2G       1.5M        38M       290M
-/+ buffers/cache:       1.4G       2.5G
Swap:         8.0G         0B       8.0G

             total       used       free     shared    buffers     cached
Mem:          3.9G       1.7G       2.2G       1.5M        38M       290M
-/+ buffers/cache:       1.4G       2.5G
Swap:         8.0G         0B       8.0G

             total       used       free     shared    buffers     cached
Mem:          3.9G       1.7G       2.1G       1.5M        38M       290M
-/+ buffers/cache:       1.4G       2.5G
Swap:         8.0G         0B       8.0G

             total       used       free     shared    buffers     cached
Mem:          3.9G       1.7G       2.1G       1.5M        38M       290M
-/+ buffers/cache:       1.4G       2.4G
Swap:         8.0G         0B       8.0G

             total       used       free     shared    buffers     cached
Mem:          3.9G       1.8G       2.1G       1.5M        38M       290M
-/+ buffers/cache:       1.4G       2.4G
Swap:         8.0G         0B       8.0G

             total       used       free     shared    buffers     cached
Mem:          3.9G       1.8G       2.1G       1.5M        38M       290M
-/+ buffers/cache:       1.5G       2.4G
Swap:         8.0G         0B       8.0G

             total       used       free     shared    buffers     cached
Mem:          3.9G       1.8G       2.1G       1.5M        38M       290M
-/+ buffers/cache:       1.5G       2.4G
Swap:         8.0G         0B       8.0G

             total       used       free     shared    buffers     cached
Mem:          3.9G       1.8G       2.0G       1.5M        38M       290M
-/+ buffers/cache:       1.5G       2.4G
Swap:         8.0G         0B       8.0G

             total       used       free     shared    buffers     cached
Mem:          3.9G       1.8G       2.0G       1.5M        38M       290M
-/+ buffers/cache:       1.5G       2.4G
Swap:         8.0G         0B       8.0G

             total       used       free     shared    buffers     cached
Mem:          3.9G       1.8G       2.0G       1.5M        38M       290M
-/+ buffers/cache:       1.5G       2.3G
Swap:         8.0G         0B       8.0G

             total       used       free     shared    buffers     cached
Mem:          3.9G       1.9G       2.0G       1.5M        38M       290M
-/+ buffers/cache:       1.5G       2.3G
Swap:         8.0G         0B       8.0G

             total       used       free     shared    buffers     cached
Mem:          3.9G       1.9G       2.0G       1.5M        38M       290M
-/+ buffers/cache:       1.5G       2.3G
Swap:         8.0G         0B       8.0G

             total       used       free     shared    buffers     cached
Mem:          3.9G       1.9G       2.0G       1.5M        38M       290M
-/+ buffers/cache:       1.6G       2.3G
Swap:         8.0G         0B       8.0G

             total       used       free     shared    buffers     cached
Mem:          3.9G       1.9G       2.0G       1.5M        38M       290M
-/+ buffers/cache:       1.6G       2.3G
Swap:         8.0G         0B       8.0G

             total       used       free     shared    buffers     cached
Mem:          3.9G       1.9G       1.9G       1.5M        38M       290M
-/+ buffers/cache:       1.6G       2.3G
Swap:         8.0G         0B       8.0G

             total       used       free     shared    buffers     cached
Mem:          3.9G       1.9G       1.9G       1.5M        38M       290M
-/+ buffers/cache:       1.6G       2.3G
Swap:         8.0G         0B       8.0G

             total       used       free     shared    buffers     cached
Mem:          3.9G       1.9G       1.9G       1.5M        38M       290M
-/+ buffers/cache:       1.6G       2.2G
Swap:         8.0G         0B       8.0G

             total       used       free     shared    buffers     cached
Mem:          3.9G       2.0G       1.9G       1.5M        38M       290M
-/+ buffers/cache:       1.6G       2.2G
Swap:         8.0G         0B       8.0G

             total       used       free     shared    buffers     cached
Mem:          3.9G       2.0G       1.9G       1.5M        38M       290M
-/+ buffers/cache:       1.6G       2.2G
Swap:         8.0G         0B       8.0G

             total       used       free     shared    buffers     cached
Mem:          3.9G       2.0G       1.9G       1.5M        38M       290M
-/+ buffers/cache:       1.7G       2.2G
Swap:         8.0G         0B       8.0G

             total       used       free     shared    buffers     cached
Mem:          3.9G       2.0G       1.9G       1.5M        38M       290M
-/+ buffers/cache:       1.7G       2.2G
Swap:         8.0G         0B       8.0G

             total       used       free     shared    buffers     cached
Mem:          3.9G       2.0G       1.8G       1.5M        38M       290M
-/+ buffers/cache:       1.7G       2.2G
Swap:         8.0G         0B       8.0G

             total       used       free     shared    buffers     cached
Mem:          3.9G       2.0G       1.8G       1.5M        38M       290M
-/+ buffers/cache:       1.7G       2.1G
Swap:         8.0G         0B       8.0G

             total       used       free     shared    buffers     cached
Mem:          3.9G       2.1G       1.8G       1.5M        38M       290M
-/+ buffers/cache:       1.7G       2.1G
Swap:         8.0G         0B       8.0G

             total       used       free     shared    buffers     cached
Mem:          3.9G       2.1G       1.8G       1.5M        38M       290M
-/+ buffers/cache:       1.7G       2.1G
Swap:         8.0G         0B       8.0G

             total       used       free     shared    buffers     cached
Mem:          3.9G       2.1G       1.8G       1.5M        38M       290M
-/+ buffers/cache:       1.8G       2.1G
Swap:         8.0G         0B       8.0G

             total       used       free     shared    buffers     cached
Mem:          3.9G       2.1G       1.8G       1.5M        38M       290M
-/+ buffers/cache:       1.8G       2.1G
Swap:         8.0G         0B       8.0G

             total       used       free     shared    buffers     cached
Mem:          3.9G       2.1G       1.7G       1.5M        38M       290M
-/+ buffers/cache:       1.8G       2.1G
Swap:         8.0G         0B       8.0G

             total       used       free     shared    buffers     cached
Mem:          3.9G       2.1G       1.7G       1.5M        38M       290M
-/+ buffers/cache:       1.8G       2.0G
Swap:         8.0G         0B       8.0G

             total       used       free     shared    buffers     cached
Mem:          3.9G       2.1G       1.7G       1.5M        38M       290M
-/+ buffers/cache:       1.8G       2.0G
Swap:         8.0G         0B       8.0G

             total       used       free     shared    buffers     cached
Mem:          3.9G       2.2G       1.7G       1.5M        38M       290M
-/+ buffers/cache:       1.8G       2.0G
Swap:         8.0G         0B       8.0G

             total       used       free     shared    buffers     cached
Mem:          3.9G       2.2G       1.7G       1.5M        38M       290M
-/+ buffers/cache:       1.9G       2.0G
Swap:         8.0G         0B       8.0G

             total       used       free     shared    buffers     cached
Mem:          3.9G       2.2G       1.7G       1.5M        38M       290M
-/+ buffers/cache:       1.9G       2.0G
Swap:         8.0G         0B       8.0G

             total       used       free     shared    buffers     cached
Mem:          3.9G       2.2G       1.6G       1.5M        38M       290M
-/+ buffers/cache:       1.9G       2.0G
Swap:         8.0G         0B       8.0G

             total       used       free     shared    buffers     cached
Mem:          3.9G       2.2G       1.6G       1.5M        38M       290M
-/+ buffers/cache:       1.9G       1.9G
Swap:         8.0G         0B       8.0G

             total       used       free     shared    buffers     cached
Mem:          3.9G       2.3G       1.6G       1.5M        38M       290M
-/+ buffers/cache:       1.9G       1.9G
Swap:         8.0G         0B       8.0G

             total       used       free     shared    buffers     cached
Mem:          3.9G       2.3G       1.6G       1.5M        38M       290M
-/+ buffers/cache:       2.0G       1.9G
Swap:         8.0G         0B       8.0G

             total       used       free     shared    buffers     cached
Mem:          3.9G       2.3G       1.6G       1.5M        38M       290M
-/+ buffers/cache:       2.0G       1.9G
Swap:         8.0G         0B       8.0G

             total       used       free     shared    buffers     cached
Mem:          3.9G       2.3G       1.5G       1.5M        38M       290M
-/+ buffers/cache:       2.0G       1.9G
Swap:         8.0G         0B       8.0G

             total       used       free     shared    buffers     cached
Mem:          3.9G       2.3G       1.5G       1.5M        38M       290M
-/+ buffers/cache:       2.0G       1.9G
Swap:         8.0G         0B       8.0G

             total       used       free     shared    buffers     cached
Mem:          3.9G       2.3G       1.5G       1.5M        38M       290M
-/+ buffers/cache:       2.0G       1.8G
Swap:         8.0G         0B       8.0G

             total       used       free     shared    buffers     cached
Mem:          3.9G       2.4G       1.5G       1.5M        38M       290M
-/+ buffers/cache:       2.0G       1.8G
Swap:         8.0G         0B       8.0G

             total       used       free     shared    buffers     cached
Mem:          3.9G       2.4G       1.5G       1.5M        38M       290M
-/+ buffers/cache:       2.1G       1.8G
Swap:         8.0G         0B       8.0G

             total       used       free     shared    buffers     cached
Mem:          3.9G       2.4G       1.5G       1.5M        38M       290M
-/+ buffers/cache:       2.1G       1.8G
Swap:         8.0G         0B       8.0G

             total       used       free     shared    buffers     cached
Mem:          3.9G       2.4G       1.5G       1.5M        38M       290M
-/+ buffers/cache:       2.1G       1.8G
Swap:         8.0G         0B       8.0G

             total       used       free     shared    buffers     cached
Mem:          3.9G       2.4G       1.4G       1.5M        38M       290M
-/+ buffers/cache:       2.1G       1.8G
Swap:         8.0G         0B       8.0G

             total       used       free     shared    buffers     cached
Mem:          3.9G       2.4G       1.4G       1.5M        38M       290M
-/+ buffers/cache:       2.1G       1.8G
Swap:         8.0G         0B       8.0G

             total       used       free     shared    buffers     cached
Mem:          3.9G       2.4G       1.4G       1.5M        38M       290M
-/+ buffers/cache:       2.1G       1.7G
Swap:         8.0G         0B       8.0G

             total       used       free     shared    buffers     cached
Mem:          3.9G       2.5G       1.4G       1.5M        38M       290M
-/+ buffers/cache:       2.1G       1.7G
Swap:         8.0G         0B       8.0G

             total       used       free     shared    buffers     cached
Mem:          3.9G       2.5G       1.4G       1.5M        38M       290M
-/+ buffers/cache:       2.1G       1.7G
Swap:         8.0G         0B       8.0G

             total       used       free     shared    buffers     cached
Mem:          3.9G       2.5G       1.4G       1.5M        38M       290M
-/+ buffers/cache:       2.2G       1.7G
Swap:         8.0G         0B       8.0G

             total       used       free     shared    buffers     cached
Mem:          3.9G       2.5G       1.4G       1.5M        38M       290M
-/+ buffers/cache:       2.2G       1.7G
Swap:         8.0G         0B       8.0G

             total       used       free     shared    buffers     cached
Mem:          3.9G       2.5G       1.3G       1.5M        38M       290M
-/+ buffers/cache:       2.2G       1.7G
Swap:         8.0G         0B       8.0G

             total       used       free     shared    buffers     cached
Mem:          3.9G       2.5G       1.3G       1.5M        38M       290M
-/+ buffers/cache:       2.2G       1.6G
Swap:         8.0G         0B       8.0G

             total       used       free     shared    buffers     cached
Mem:          3.9G       2.6G       1.3G       1.5M        38M       290M
-/+ buffers/cache:       2.2G       1.6G
Swap:         8.0G         0B       8.0G

             total       used       free     shared    buffers     cached
Mem:          3.9G       2.6G       1.3G       1.5M        38M       290M
-/+ buffers/cache:       2.3G       1.6G
Swap:         8.0G         0B       8.0G

             total       used       free     shared    buffers     cached
Mem:          3.9G       2.6G       1.3G       1.5M        38M       290M
-/+ buffers/cache:       2.3G       1.6G
Swap:         8.0G         0B       8.0G

             total       used       free     shared    buffers     cached
Mem:          3.9G       2.6G       1.2G       1.5M        38M       290M
-/+ buffers/cache:       2.3G       1.6G
Swap:         8.0G         0B       8.0G

             total       used       free     shared    buffers     cached
Mem:          3.9G       2.6G       1.2G       1.5M        38M       290M
-/+ buffers/cache:       2.3G       1.6G
Swap:         8.0G         0B       8.0G

             total       used       free     shared    buffers     cached
Mem:          3.9G       2.6G       1.2G       1.5M        38M       290M
-/+ buffers/cache:       2.3G       1.5G
Swap:         8.0G         0B       8.0G

             total       used       free     shared    buffers     cached
Mem:          3.9G       2.7G       1.2G       1.5M        38M       290M
-/+ buffers/cache:       2.3G       1.5G
Swap:         8.0G         0B       8.0G

             total       used       free     shared    buffers     cached
Mem:          3.9G       2.7G       1.2G       1.5M        38M       290M
-/+ buffers/cache:       2.4G       1.5G
Swap:         8.0G         0B       8.0G

             total       used       free     shared    buffers     cached
Mem:          3.9G       2.7G       1.2G       1.5M        38M       290M
-/+ buffers/cache:       2.4G       1.5G
Swap:         8.0G         0B       8.0G

             total       used       free     shared    buffers     cached
Mem:          3.9G       2.7G       1.1G       1.5M        38M       290M
-/+ buffers/cache:       2.4G       1.5G
Swap:         8.0G         0B       8.0G

             total       used       free     shared    buffers     cached
Mem:          3.9G       2.7G       1.1G       1.5M        38M       290M
-/+ buffers/cache:       2.4G       1.4G
Swap:         8.0G         0B       8.0G

             total       used       free     shared    buffers     cached
Mem:          3.9G       2.8G       1.1G       1.5M        38M       290M
-/+ buffers/cache:       2.4G       1.4G
Swap:         8.0G         0B       8.0G

             total       used       free     shared    buffers     cached
Mem:          3.9G       2.8G       1.1G       1.5M        38M       290M
-/+ buffers/cache:       2.4G       1.4G
Swap:         8.0G         0B       8.0G

             total       used       free     shared    buffers     cached
Mem:          3.9G       2.8G       1.1G       1.5M        38M       290M
-/+ buffers/cache:       2.5G       1.4G
Swap:         8.0G         0B       8.0G

             total       used       free     shared    buffers     cached
Mem:          3.9G       2.8G       1.1G       1.5M        38M       290M
-/+ buffers/cache:       2.5G       1.4G
Swap:         8.0G         0B       8.0G

             total       used       free     shared    buffers     cached
Mem:          3.9G       2.8G       1.0G       1.5M        38M       290M
-/+ buffers/cache:       2.5G       1.4G
Swap:         8.0G         0B       8.0G

             total       used       free     shared    buffers     cached
Mem:          3.9G       2.8G       1.0G       1.5M        38M       290M
-/+ buffers/cache:       2.5G       1.4G
Swap:         8.0G         0B       8.0G

             total       used       free     shared    buffers     cached
Mem:          3.9G       2.8G       1.0G       1.5M        38M       290M
-/+ buffers/cache:       2.5G       1.3G
Swap:         8.0G         0B       8.0G

             total       used       free     shared    buffers     cached
Mem:          3.9G       2.9G       1.0G       1.5M        38M       290M
-/+ buffers/cache:       2.5G       1.3G
Swap:         8.0G         0B       8.0G

             total       used       free     shared    buffers     cached
Mem:          3.9G       2.9G       1.0G       1.5M        38M       290M
-/+ buffers/cache:       2.6G       1.3G
Swap:         8.0G         0B       8.0G

             total       used       free     shared    buffers     cached
Mem:          3.9G       2.9G       989M       1.5M        38M       290M
-/+ buffers/cache:       2.6G       1.3G
Swap:         8.0G         0B       8.0G

             total       used       free     shared    buffers     cached
Mem:          3.9G       2.9G       978M       1.5M        38M       290M
-/+ buffers/cache:       2.6G       1.3G
Swap:         8.0G         0B       8.0G

             total       used       free     shared    buffers     cached
Mem:          3.9G       2.9G       962M       1.5M        38M       290M
-/+ buffers/cache:       2.6G       1.3G
Swap:         8.0G         0B       8.0G

             total       used       free     shared    buffers     cached
Mem:          3.9G       2.9G       947M       1.5M        38M       290M
-/+ buffers/cache:       2.6G       1.2G
Swap:         8.0G         0B       8.0G

             total       used       free     shared    buffers     cached
Mem:          3.9G       2.9G       943M       1.5M        38M       290M
-/+ buffers/cache:       2.6G       1.2G
Swap:         8.0G         0B       8.0G

             total       used       free     shared    buffers     cached
Mem:          3.9G       2.9G       941M       1.5M        38M       290M
-/+ buffers/cache:       2.6G       1.2G
Swap:         8.0G         0B       8.0G

             total       used       free     shared    buffers     cached
Mem:          3.9G       2.9G       939M       1.5M        38M       290M
-/+ buffers/cache:       2.6G       1.2G
Swap:         8.0G         0B       8.0G

             total       used       free     shared    buffers     cached
Mem:          3.9G       2.9G       936M       1.5M        38M       290M
-/+ buffers/cache:       2.6G       1.2G
Swap:         8.0G         0B       8.0G

             total       used       free     shared    buffers     cached
Mem:          3.9G       2.9G       934M       1.5M        38M       290M
-/+ buffers/cache:       2.6G       1.2G
Swap:         8.0G         0B       8.0G

             total       used       free     shared    buffers     cached
Mem:          3.9G       2.9G       932M       1.5M        38M       290M
-/+ buffers/cache:       2.6G       1.2G
Swap:         8.0G         0B       8.0G

             total       used       free     shared    buffers     cached
Mem:          3.9G       3.0G       930M       1.5M        38M       290M
-/+ buffers/cache:       2.6G       1.2G
Swap:         8.0G         0B       8.0G

             total       used       free     shared    buffers     cached
Mem:          3.9G       3.0G       928M       1.5M        38M       290M
-/+ buffers/cache:       2.6G       1.2G
Swap:         8.0G         0B       8.0G

             total       used       free     shared    buffers     cached
Mem:          3.9G       3.0G       926M       1.5M        38M       290M
-/+ buffers/cache:       2.6G       1.2G
Swap:         8.0G         0B       8.0G

             total       used       free     shared    buffers     cached
Mem:          3.9G       3.0G       924M       1.5M        38M       290M
-/+ buffers/cache:       2.6G       1.2G
Swap:         8.0G         0B       8.0G

             total       used       free     shared    buffers     cached
Mem:          3.9G       3.0G       921M       1.5M        38M       290M
-/+ buffers/cache:       2.6G       1.2G
Swap:         8.0G         0B       8.0G

             total       used       free     shared    buffers     cached
Mem:          3.9G       3.0G       919M       1.5M        38M       290M
-/+ buffers/cache:       2.6G       1.2G
Swap:         8.0G         0B       8.0G

             total       used       free     shared    buffers     cached
Mem:          3.9G       3.0G       917M       1.5M        38M       290M
-/+ buffers/cache:       2.6G       1.2G
Swap:         8.0G         0B       8.0G

             total       used       free     shared    buffers     cached
Mem:          3.9G       3.0G       915M       1.5M        38M       290M
-/+ buffers/cache:       2.6G       1.2G
Swap:         8.0G         0B       8.0G

             total       used       free     shared    buffers     cached
Mem:          3.9G       3.0G       913M       1.5M        38M       290M
-/+ buffers/cache:       2.6G       1.2G
Swap:         8.0G         0B       8.0G

             total       used       free     shared    buffers     cached
Mem:          3.9G       3.0G       911M       1.5M        38M       290M
-/+ buffers/cache:       2.6G       1.2G
Swap:         8.0G         0B       8.0G

             total       used       free     shared    buffers     cached
Mem:          3.9G       3.0G       909M       1.5M        38M       290M
-/+ buffers/cache:       2.6G       1.2G
Swap:         8.0G         0B       8.0G

             total       used       free     shared    buffers     cached
Mem:          3.9G       3.0G       906M       1.5M        38M       290M
-/+ buffers/cache:       2.7G       1.2G
Swap:         8.0G         0B       8.0G

             total       used       free     shared    buffers     cached
Mem:          3.9G       3.0G       903M       1.5M        38M       290M
-/+ buffers/cache:       2.7G       1.2G
Swap:         8.0G         0B       8.0G

             total       used       free     shared    buffers     cached
Mem:          3.9G       3.0G       901M       1.5M        38M       290M
-/+ buffers/cache:       2.7G       1.2G
Swap:         8.0G         0B       8.0G

             total       used       free     shared    buffers     cached
Mem:          3.9G       3.0G       891M       1.5M        38M       290M
-/+ buffers/cache:       2.7G       1.2G
Swap:         8.0G         0B       8.0G

             total       used       free     shared    buffers     cached
Mem:          3.9G       3.0G       889M       1.5M        38M       290M
-/+ buffers/cache:       2.7G       1.2G
Swap:         8.0G         0B       8.0G

             total       used       free     shared    buffers     cached
Mem:          3.9G       3.0G       886M       1.5M        38M       290M
-/+ buffers/cache:       2.7G       1.2G
Swap:         8.0G         0B       8.0G

             total       used       free     shared    buffers     cached
Mem:          3.9G       3.0G       884M       1.5M        38M       290M
-/+ buffers/cache:       2.7G       1.2G
Swap:         8.0G         0B       8.0G

             total       used       free     shared    buffers     cached
Mem:          3.9G       3.0G       881M       1.5M        38M       290M
-/+ buffers/cache:       2.7G       1.2G
Swap:         8.0G         0B       8.0G

             total       used       free     shared    buffers     cached
Mem:          3.9G       3.0G       879M       1.5M        38M       290M
-/+ buffers/cache:       2.7G       1.2G
Swap:         8.0G         0B       8.0G

             total       used       free     shared    buffers     cached
Mem:          3.9G       3.0G       877M       1.5M        38M       290M
-/+ buffers/cache:       2.7G       1.2G
Swap:         8.0G         0B       8.0G

             total       used       free     shared    buffers     cached
Mem:          3.9G       3.0G       875M       1.5M        38M       290M
-/+ buffers/cache:       2.7G       1.2G
Swap:         8.0G         0B       8.0G

             total       used       free     shared    buffers     cached
Mem:          3.9G       3.0G       872M       1.5M        38M       290M
-/+ buffers/cache:       2.7G       1.2G
Swap:         8.0G         0B       8.0G

             total       used       free     shared    buffers     cached
Mem:          3.9G       3.0G       864M       1.5M        38M       290M
-/+ buffers/cache:       2.7G       1.2G
Swap:         8.0G         0B       8.0G

             total       used       free     shared    buffers     cached
Mem:          3.9G       3.0G       852M       1.5M        38M       290M
-/+ buffers/cache:       2.7G       1.2G
Swap:         8.0G         0B       8.0G

             total       used       free     shared    buffers     cached
Mem:          3.9G       3.0G       840M       1.5M        38M       290M
-/+ buffers/cache:       2.7G       1.1G
Swap:         8.0G         0B       8.0G

             total       used       free     shared    buffers     cached
Mem:          3.9G       3.0G       828M       1.5M        38M       290M
-/+ buffers/cache:       2.7G       1.1G
Swap:         8.0G         0B       8.0G

             total       used       free     shared    buffers     cached
Mem:          3.9G       3.1G       817M       1.5M        38M       290M
-/+ buffers/cache:       2.7G       1.1G
Swap:         8.0G         0B       8.0G

             total       used       free     shared    buffers     cached
Mem:          3.9G       3.1G       805M       1.5M        38M       290M
-/+ buffers/cache:       2.8G       1.1G
Swap:         8.0G         0B       8.0G

             total       used       free     shared    buffers     cached
Mem:          3.9G       3.1G       794M       1.5M        38M       290M
-/+ buffers/cache:       2.8G       1.1G
Swap:         8.0G         0B       8.0G

             total       used       free     shared    buffers     cached
Mem:          3.9G       3.1G       781M       1.5M        38M       290M
-/+ buffers/cache:       2.8G       1.1G
Swap:         8.0G         0B       8.0G

             total       used       free     shared    buffers     cached
Mem:          3.9G       3.1G       770M       1.5M        38M       290M
-/+ buffers/cache:       2.8G       1.1G
Swap:         8.0G         0B       8.0G

             total       used       free     shared    buffers     cached
Mem:          3.9G       3.1G       758M       1.5M        38M       290M
-/+ buffers/cache:       2.8G       1.1G
Swap:         8.0G         0B       8.0G

             total       used       free     shared    buffers     cached
Mem:          3.9G       3.1G       746M       1.5M        38M       290M
-/+ buffers/cache:       2.8G       1.1G
Swap:         8.0G         0B       8.0G

             total       used       free     shared    buffers     cached
Mem:          3.9G       3.1G       731M       1.5M        38M       290M
-/+ buffers/cache:       2.8G       1.0G
Swap:         8.0G         0B       8.0G

             total       used       free     shared    buffers     cached
Mem:          3.9G       3.2G       715M       1.5M        38M       290M
-/+ buffers/cache:       2.8G       1.0G
Swap:         8.0G         0B       8.0G

             total       used       free     shared    buffers     cached
Mem:          3.9G       3.2G       700M       1.5M        38M       290M
-/+ buffers/cache:       2.9G       1.0G
Swap:         8.0G         0B       8.0G

             total       used       free     shared    buffers     cached
Mem:          3.9G       3.2G       684M       1.5M        38M       290M
-/+ buffers/cache:       2.9G       1.0G
Swap:         8.0G         0B       8.0G

             total       used       free     shared    buffers     cached
Mem:          3.9G       3.2G       667M       1.5M        38M       290M
-/+ buffers/cache:       2.9G       996M
Swap:         8.0G         0B       8.0G

             total       used       free     shared    buffers     cached
Mem:          3.9G       3.2G       651M       1.5M        38M       290M
-/+ buffers/cache:       2.9G       980M
Swap:         8.0G         0B       8.0G

             total       used       free     shared    buffers     cached
Mem:          3.9G       3.2G       635M       1.5M        38M       290M
-/+ buffers/cache:       2.9G       964M
Swap:         8.0G         0B       8.0G

             total       used       free     shared    buffers     cached
Mem:          3.9G       3.3G       618M       1.5M        38M       290M
-/+ buffers/cache:       2.9G       947M
Swap:         8.0G         0B       8.0G

             total       used       free     shared    buffers     cached
Mem:          3.9G       3.3G       604M       1.5M        38M       290M
-/+ buffers/cache:       2.9G       933M
Swap:         8.0G         0B       8.0G

             total       used       free     shared    buffers     cached
Mem:          3.9G       3.3G       591M       1.5M        38M       290M
-/+ buffers/cache:       3.0G       920M
Swap:         8.0G         0B       8.0G

             total       used       free     shared    buffers     cached
Mem:          3.9G       3.3G       579M       1.5M        38M       290M
-/+ buffers/cache:       3.0G       908M
Swap:         8.0G         0B       8.0G

             total       used       free     shared    buffers     cached
Mem:          3.9G       3.3G       567M       1.5M        38M       290M
-/+ buffers/cache:       3.0G       896M
Swap:         8.0G         0B       8.0G

             total       used       free     shared    buffers     cached
Mem:          3.9G       3.3G       556M       1.5M        38M       290M
-/+ buffers/cache:       3.0G       885M
Swap:         8.0G         0B       8.0G

             total       used       free     shared    buffers     cached
Mem:          3.9G       3.3G       544M       1.5M        38M       290M
-/+ buffers/cache:       3.0G       873M
Swap:         8.0G         0B       8.0G

             total       used       free     shared    buffers     cached
Mem:          3.9G       3.3G       532M       1.5M        38M       290M
-/+ buffers/cache:       3.0G       861M
Swap:         8.0G         0B       8.0G

             total       used       free     shared    buffers     cached
Mem:          3.9G       3.4G       520M       1.5M        38M       290M
-/+ buffers/cache:       3.0G       849M
Swap:         8.0G         0B       8.0G

             total       used       free     shared    buffers     cached
Mem:          3.9G       3.4G       505M       1.5M        38M       290M
-/+ buffers/cache:       3.0G       834M
Swap:         8.0G         0B       8.0G

             total       used       free     shared    buffers     cached
Mem:          3.9G       3.4G       490M       1.5M        38M       290M
-/+ buffers/cache:       3.1G       819M
Swap:         8.0G         0B       8.0G

             total       used       free     shared    buffers     cached
Mem:          3.9G       3.4G       474M       1.5M        39M       290M
-/+ buffers/cache:       3.1G       803M
Swap:         8.0G         0B       8.0G

             total       used       free     shared    buffers     cached
Mem:          3.9G       3.4G       458M       1.5M        39M       290M
-/+ buffers/cache:       3.1G       787M
Swap:         8.0G         0B       8.0G

             total       used       free     shared    buffers     cached
Mem:          3.9G       3.4G       441M       1.5M        39M       290M
-/+ buffers/cache:       3.1G       771M
Swap:         8.0G         0B       8.0G

             total       used       free     shared    buffers     cached
Mem:          3.9G       3.4G       425M       1.5M        39M       290M
-/+ buffers/cache:       3.1G       755M
Swap:         8.0G         0B       8.0G

             total       used       free     shared    buffers     cached
Mem:          3.9G       3.5G       406M       1.5M        39M       290M
-/+ buffers/cache:       3.1G       736M
Swap:         8.0G         0B       8.0G

             total       used       free     shared    buffers     cached
Mem:          3.9G       3.5G       390M       1.5M        39M       290M
-/+ buffers/cache:       3.2G       720M
Swap:         8.0G         0B       8.0G

             total       used       free     shared    buffers     cached
Mem:          3.9G       3.5G       375M       1.5M        39M       290M
-/+ buffers/cache:       3.2G       704M
Swap:         8.0G         0B       8.0G

             total       used       free     shared    buffers     cached
Mem:          3.9G       3.5G       360M       1.5M        39M       290M
-/+ buffers/cache:       3.2G       690M
Swap:         8.0G         0B       8.0G

             total       used       free     shared    buffers     cached
Mem:          3.9G       3.5G       344M       1.5M        39M       290M
-/+ buffers/cache:       3.2G       674M
Swap:         8.0G         0B       8.0G

             total       used       free     shared    buffers     cached
Mem:          3.9G       3.5G       330M       1.5M        39M       290M
-/+ buffers/cache:       3.2G       660M
Swap:         8.0G         0B       8.0G

             total       used       free     shared    buffers     cached
Mem:          3.9G       3.5G       318M       1.5M        39M       290M
-/+ buffers/cache:       3.2G       647M
Swap:         8.0G         0B       8.0G

             total       used       free     shared    buffers     cached
Mem:          3.9G       3.6G       305M       1.5M        39M       290M
-/+ buffers/cache:       3.2G       635M
Swap:         8.0G         0B       8.0G

             total       used       free     shared    buffers     cached
Mem:          3.9G       3.6G       293M       1.5M        39M       290M
-/+ buffers/cache:       3.3G       622M
Swap:         8.0G         0B       8.0G

             total       used       free     shared    buffers     cached
Mem:          3.9G       3.6G       276M       1.5M        39M       290M
-/+ buffers/cache:       3.3G       605M
Swap:         8.0G         0B       8.0G

             total       used       free     shared    buffers     cached
Mem:          3.9G       3.6G       263M       1.5M        39M       290M
-/+ buffers/cache:       3.3G       592M
Swap:         8.0G         0B       8.0G

             total       used       free     shared    buffers     cached
Mem:          3.9G       3.6G       249M       1.5M        39M       290M
-/+ buffers/cache:       3.3G       579M
Swap:         8.0G         0B       8.0G

             total       used       free     shared    buffers     cached
Mem:          3.9G       3.6G       234M       1.5M        39M       290M
-/+ buffers/cache:       3.3G       564M
Swap:         8.0G         0B       8.0G

             total       used       free     shared    buffers     cached
Mem:          3.9G       3.6G       221M       1.5M        39M       290M
-/+ buffers/cache:       3.3G       550M
Swap:         8.0G         0B       8.0G

             total       used       free     shared    buffers     cached
Mem:          3.9G       3.7G       209M       1.5M        39M       290M
-/+ buffers/cache:       3.3G       538M
Swap:         8.0G         0B       8.0G

             total       used       free     shared    buffers     cached
Mem:          3.9G       3.7G       197M       1.5M        39M       290M
-/+ buffers/cache:       3.3G       526M
Swap:         8.0G         0B       8.0G

             total       used       free     shared    buffers     cached
Mem:          3.9G       3.7G       186M       1.5M        39M       290M
-/+ buffers/cache:       3.4G       515M
Swap:         8.0G         0B       8.0G

             total       used       free     shared    buffers     cached
Mem:          3.9G       3.7G       174M       1.5M        39M       290M
-/+ buffers/cache:       3.4G       503M
Swap:         8.0G         0B       8.0G

             total       used       free     shared    buffers     cached
Mem:          3.9G       3.7G       162M       1.5M        39M       290M
-/+ buffers/cache:       3.4G       492M
Swap:         8.0G         0B       8.0G

             total       used       free     shared    buffers     cached
Mem:          3.9G       3.7G       150M       1.5M        39M       290M
-/+ buffers/cache:       3.4G       479M
Swap:         8.0G         0B       8.0G

             total       used       free     shared    buffers     cached
Mem:          3.9G       3.7G       139M       1.5M        39M       290M
-/+ buffers/cache:       3.4G       469M
Swap:         8.0G         0B       8.0G

             total       used       free     shared    buffers     cached
Mem:          3.9G       3.7G       131M       1.5M        39M       290M
-/+ buffers/cache:       3.4G       461M
Swap:         8.0G         0B       8.0G

             total       used       free     shared    buffers     cached
Mem:          3.9G       3.7G       120M       1.5M        39M       290M
-/+ buffers/cache:       3.4G       450M
Swap:         8.0G         0B       8.0G

             total       used       free     shared    buffers     cached
Mem:          3.9G       3.8G       110M       1.5M        39M       290M
-/+ buffers/cache:       3.4G       440M
Swap:         8.0G         0B       8.0G

             total       used       free     shared    buffers     cached
Mem:          3.9G       3.7G       122M       5.1M        10M       280M
-/+ buffers/cache:       3.5G       414M
Swap:         8.0G         0B       8.0G

             total       used       free     shared    buffers     cached
Mem:          3.9G       3.8G       107M       1.5M        10M       277M
-/+ buffers/cache:       3.5G       395M
Swap:         8.0G         0B       8.0G

             total       used       free     shared    buffers     cached
Mem:          3.9G       3.7G       130M       1.4M        10M       242M
-/+ buffers/cache:       3.5G       382M
Swap:         8.0G       564K       8.0G

             total       used       free     shared    buffers     cached
Mem:          3.9G       3.7G       114M       1.4M        10M       242M
-/+ buffers/cache:       3.5G       367M
Swap:         8.0G       564K       8.0G

             total       used       free     shared    buffers     cached
Mem:          3.9G       3.8G       101M       1.4M        10M       242M
-/+ buffers/cache:       3.5G       354M
Swap:         8.0G       564K       8.0G

             total       used       free     shared    buffers     cached
Mem:          3.9G       3.7G       134M       1.1M       5.5M       204M
-/+ buffers/cache:       3.5G       344M
Swap:         8.0G        11M       8.0G

             total       used       free     shared    buffers     cached
Mem:          3.9G       3.7G       120M       1.1M       5.5M       204M
-/+ buffers/cache:       3.5G       330M
Swap:         8.0G        11M       8.0G

             total       used       free     shared    buffers     cached
Mem:          3.9G       3.8G       107M       1.1M       5.5M       204M
-/+ buffers/cache:       3.5G       317M
Swap:         8.0G        11M       8.0G

             total       used       free     shared    buffers     cached
Mem:          3.9G       3.7G       141M       1.1M       936K       161M
-/+ buffers/cache:       3.6G       303M
Swap:         8.0G        11M       8.0G

             total       used       free     shared    buffers     cached
Mem:          3.9G       3.7G       127M       1.1M       936K       161M
-/+ buffers/cache:       3.6G       289M
Swap:         8.0G        11M       8.0G

             total       used       free     shared    buffers     cached
Mem:          3.9G       3.7G       115M       1.1M       936K       161M
-/+ buffers/cache:       3.6G       277M
Swap:         8.0G        11M       8.0G

             total       used       free     shared    buffers     cached
Mem:          3.9G       3.7G       121M       1.1M       936K       140M
-/+ buffers/cache:       3.6G       262M
Swap:         8.0G        11M       8.0G

             total       used       free     shared    buffers     cached
Mem:          3.9G       3.8G       107M       1.1M       940K       140M
-/+ buffers/cache:       3.6G       247M
Swap:         8.0G        11M       8.0G

             total       used       free     shared    buffers     cached
Mem:          3.9G       3.7G       125M       1.1M       244K       108M
-/+ buffers/cache:       3.6G       234M
Swap:         8.0G        11M       8.0G

             total       used       free     shared    buffers     cached
Mem:          3.9G       3.7G       112M       1.1M       244K       108M
-/+ buffers/cache:       3.6G       221M
Swap:         8.0G        11M       8.0G

             total       used       free     shared    buffers     cached
Mem:          3.9G       3.7G       125M       1.1M       244K        84M
-/+ buffers/cache:       3.7G       209M
Swap:         8.0G        11M       8.0G

             total       used       free     shared    buffers     cached
Mem:          3.9G       3.8G       108M       1.1M       244K        86M
-/+ buffers/cache:       3.7G       194M
Swap:         8.0G        11M       8.0G

             total       used       free     shared    buffers     cached
Mem:          3.9G       3.7G       115M       1.1M       236K        66M
-/+ buffers/cache:       3.7G       181M
Swap:         8.0G        11M       8.0G

             total       used       free     shared    buffers     cached
Mem:          3.9G       3.7G       130M       1.1M       236K        38M
-/+ buffers/cache:       3.7G       169M
Swap:         8.0G        11M       8.0G

             total       used       free     shared    buffers     cached
Mem:          3.9G       3.7G       115M       1.1M       252K        38M
-/+ buffers/cache:       3.7G       153M
Swap:         8.0G        11M       8.0G

             total       used       free     shared    buffers     cached
Mem:          3.9G       3.7G       121M       1.1M       256K        20M
-/+ buffers/cache:       3.7G       141M
Swap:         8.0G        11M       8.0G

             total       used       free     shared    buffers     cached
Mem:          3.9G       3.8G       106M       1.1M       256K        20M
-/+ buffers/cache:       3.7G       127M
Swap:         8.0G        11M       8.0G

             total       used       free     shared    buffers     cached
Mem:          3.9G       3.7G       111M       1.1M       392K       9.3M
-/+ buffers/cache:       3.7G       121M
Swap:         8.0G        19M       8.0G

             total       used       free     shared    buffers     cached
Mem:          3.9G       3.7G       133M       676K       192K       5.5M
-/+ buffers/cache:       3.7G       138M
Swap:         8.0G       100M       7.9G

             total       used       free     shared    buffers     cached
Mem:          3.9G       3.7G       116M       700K       492K       5.5M
-/+ buffers/cache:       3.7G       122M
Swap:         8.0G       100M       7.9G

             total       used       free     shared    buffers     cached
Mem:          3.9G       3.8G       103M       700K       492K       5.6M
-/+ buffers/cache:       3.8G       109M
Swap:         8.0G       100M       7.9G

             total       used       free     shared    buffers     cached
Mem:          3.9G       3.8G       110M       700K       492K       5.3M
-/+ buffers/cache:       3.7G       116M
Swap:         8.0G       100M       7.9G

             total       used       free     shared    buffers     cached
Mem:          3.9G       3.7G       118M       700K       444K       5.1M
-/+ buffers/cache:       3.7G       124M
Swap:         8.0G       101M       7.9G

             total       used       free     shared    buffers     cached
Mem:          3.9G       3.8G       104M       700K       444K       5.0M
-/+ buffers/cache:       3.8G       109M
Swap:         8.0G       101M       7.9G

             total       used       free     shared    buffers     cached
Mem:          3.9G       3.7G       117M       700K       344K       5.0M
-/+ buffers/cache:       3.7G       123M
Swap:         8.0G       116M       7.9G

             total       used       free     shared    buffers     cached
Mem:          3.9G       3.7G       113M       696K       352K       4.9M
-/+ buffers/cache:       3.7G       119M
Swap:         8.0G       116M       7.9G

             total       used       free     shared    buffers     cached
Mem:          3.9G       3.8G       109M       696K       352K       4.9M
-/+ buffers/cache:       3.7G       114M
Swap:         8.0G       116M       7.9G

             total       used       free     shared    buffers     cached
Mem:          3.9G       3.8G       105M       696K       352K       4.9M
-/+ buffers/cache:       3.8G       110M
Swap:         8.0G       116M       7.9G

             total       used       free     shared    buffers     cached
Mem:          3.9G       3.7G       125M       696K       352K       4.8M
-/+ buffers/cache:       3.7G       130M
Swap:         8.0G       154M       7.8G

             total       used       free     shared    buffers     cached
Mem:          3.9G       3.7G       120M       696K       352K       4.8M
-/+ buffers/cache:       3.7G       125M
Swap:         8.0G       154M       7.8G

             total       used       free     shared    buffers     cached
Mem:          3.9G       3.7G       129M       696K       360K       4.8M
-/+ buffers/cache:       3.7G       134M
Swap:         8.0G       154M       7.8G

             total       used       free     shared    buffers     cached
Mem:          3.9G       3.7G       112M       696K       360K       4.8M
-/+ buffers/cache:       3.7G       117M
Swap:         8.0G       154M       7.8G

             total       used       free     shared    buffers     cached
Mem:          3.9G       3.7G       115M       620K       348K       4.8M
-/+ buffers/cache:       3.7G       120M
Swap:         8.0G       170M       7.8G

             total       used       free     shared    buffers     cached
Mem:          3.9G       3.7G       122M       640K       348K       4.6M
-/+ buffers/cache:       3.7G       127M
Swap:         8.0G       193M       7.8G

             total       used       free     shared    buffers     cached
Mem:          3.9G       3.8G       108M       616K       348K       4.8M
-/+ buffers/cache:       3.7G       113M
Swap:         8.0G       193M       7.8G

             total       used       free     shared    buffers     cached
Mem:          3.9G       3.8G       107M       616K       1.4M        10M
-/+ buffers/cache:       3.7G       119M
Swap:         8.0G       214M       7.8G

             total       used       free     shared    buffers     cached
Mem:          3.9G       3.8G       104M       584K       696K        10M
-/+ buffers/cache:       3.7G       115M
Swap:         8.0G       247M       7.8G

             total       used       free     shared    buffers     cached
Mem:          3.9G       3.7G       119M       684K       4.8M        31M
-/+ buffers/cache:       3.7G       156M
Swap:         8.0G       293M       7.7G

             total       used       free     shared    buffers     cached
Mem:          3.9G       3.7G       116M       692K       5.5M        42M
-/+ buffers/cache:       3.7G       164M
Swap:         8.0G       299M       7.7G
