             total       used       free     shared    buffers     cached
Mem:          2.0G       661M       1.3G       3.2M        38M       289M
-/+ buffers/cache:       333M       1.6G
Swap:         8.0G         0B       8.0G

             total       used       free     shared    buffers     cached
Mem:          2.0G       661M       1.3G       1.4M        38M       287M
-/+ buffers/cache:       334M       1.6G
Swap:         8.0G         0B       8.0G

             total       used       free     shared    buffers     cached
Mem:          2.0G       661M       1.3G       1.4M        38M       288M
-/+ buffers/cache:       334M       1.6G
Swap:         8.0G         0B       8.0G

             total       used       free     shared    buffers     cached
Mem:          2.0G       661M       1.3G       1.4M        38M       288M
-/+ buffers/cache:       334M       1.6G
Swap:         8.0G         0B       8.0G

             total       used       free     shared    buffers     cached
Mem:          2.0G       661M       1.3G       1.4M        38M       288M
-/+ buffers/cache:       334M       1.6G
Swap:         8.0G         0B       8.0G

             total       used       free     shared    buffers     cached
Mem:          2.0G       661M       1.3G       1.4M        38M       288M
-/+ buffers/cache:       334M       1.6G
Swap:         8.0G         0B       8.0G

             total       used       free     shared    buffers     cached
Mem:          2.0G       661M       1.3G       1.4M        38M       288M
-/+ buffers/cache:       334M       1.6G
Swap:         8.0G         0B       8.0G

             total       used       free     shared    buffers     cached
Mem:          2.0G       660M       1.3G       1.4M        38M       288M
-/+ buffers/cache:       334M       1.6G
Swap:         8.0G         0B       8.0G

             total       used       free     shared    buffers     cached
Mem:          2.0G       660M       1.3G       1.4M        38M       288M
-/+ buffers/cache:       334M       1.6G
Swap:         8.0G         0B       8.0G

             total       used       free     shared    buffers     cached
Mem:          2.0G       660M       1.3G       1.4M        38M       288M
-/+ buffers/cache:       334M       1.6G
Swap:         8.0G         0B       8.0G

             total       used       free     shared    buffers     cached
Mem:          2.0G       664M       1.3G       1.4M        38M       288M
-/+ buffers/cache:       337M       1.6G
Swap:         8.0G         0B       8.0G

             total       used       free     shared    buffers     cached
Mem:          2.0G       685M       1.3G       1.4M        38M       288M
-/+ buffers/cache:       358M       1.6G
Swap:         8.0G         0B       8.0G

             total       used       free     shared    buffers     cached
Mem:          2.0G       670M       1.3G       1.4M        38M       289M
-/+ buffers/cache:       342M       1.6G
Swap:         8.0G         0B       8.0G

             total       used       free     shared    buffers     cached
Mem:          2.0G       670M       1.3G       1.4M        38M       289M
-/+ buffers/cache:       342M       1.6G
Swap:         8.0G         0B       8.0G

             total       used       free     shared    buffers     cached
Mem:          2.0G       670M       1.3G       1.4M        38M       289M
-/+ buffers/cache:       342M       1.6G
Swap:         8.0G         0B       8.0G

             total       used       free     shared    buffers     cached
Mem:          2.0G       670M       1.3G       1.4M        38M       289M
-/+ buffers/cache:       342M       1.6G
Swap:         8.0G         0B       8.0G

             total       used       free     shared    buffers     cached
Mem:          2.0G       670M       1.3G       1.4M        38M       289M
-/+ buffers/cache:       342M       1.6G
Swap:         8.0G         0B       8.0G

             total       used       free     shared    buffers     cached
Mem:          2.0G       670M       1.3G       1.4M        38M       289M
-/+ buffers/cache:       342M       1.6G
Swap:         8.0G         0B       8.0G

             total       used       free     shared    buffers     cached
Mem:          2.0G       670M       1.3G       1.4M        38M       289M
-/+ buffers/cache:       342M       1.6G
Swap:         8.0G         0B       8.0G

             total       used       free     shared    buffers     cached
Mem:          2.0G       670M       1.3G       1.4M        38M       289M
-/+ buffers/cache:       342M       1.6G
Swap:         8.0G         0B       8.0G

             total       used       free     shared    buffers     cached
Mem:          2.0G       670M       1.3G       1.4M        38M       289M
-/+ buffers/cache:       342M       1.6G
Swap:         8.0G         0B       8.0G

             total       used       free     shared    buffers     cached
Mem:          2.0G       670M       1.3G       1.4M        38M       289M
-/+ buffers/cache:       342M       1.6G
Swap:         8.0G         0B       8.0G

             total       used       free     shared    buffers     cached
Mem:          2.0G       670M       1.3G       1.4M        38M       289M
-/+ buffers/cache:       342M       1.6G
Swap:         8.0G         0B       8.0G

             total       used       free     shared    buffers     cached
Mem:          2.0G       670M       1.3G       1.4M        38M       289M
-/+ buffers/cache:       342M       1.6G
Swap:         8.0G         0B       8.0G

             total       used       free     shared    buffers     cached
Mem:          2.0G       670M       1.3G       1.4M        38M       289M
-/+ buffers/cache:       342M       1.6G
Swap:         8.0G         0B       8.0G

             total       used       free     shared    buffers     cached
Mem:          2.0G       670M       1.3G       1.4M        38M       289M
-/+ buffers/cache:       342M       1.6G
Swap:         8.0G         0B       8.0G

             total       used       free     shared    buffers     cached
Mem:          2.0G       670M       1.3G       1.4M        38M       289M
-/+ buffers/cache:       342M       1.6G
Swap:         8.0G         0B       8.0G

             total       used       free     shared    buffers     cached
Mem:          2.0G       670M       1.3G       1.4M        38M       289M
-/+ buffers/cache:       342M       1.6G
Swap:         8.0G         0B       8.0G

             total       used       free     shared    buffers     cached
Mem:          2.0G       670M       1.3G       1.4M        38M       289M
-/+ buffers/cache:       342M       1.6G
Swap:         8.0G         0B       8.0G

             total       used       free     shared    buffers     cached
Mem:          2.0G       670M       1.3G       1.4M        38M       289M
-/+ buffers/cache:       342M       1.6G
Swap:         8.0G         0B       8.0G

             total       used       free     shared    buffers     cached
Mem:          2.0G       670M       1.3G       1.4M        38M       289M
-/+ buffers/cache:       342M       1.6G
Swap:         8.0G         0B       8.0G

             total       used       free     shared    buffers     cached
Mem:          2.0G       670M       1.3G       1.4M        38M       289M
-/+ buffers/cache:       342M       1.6G
Swap:         8.0G         0B       8.0G

             total       used       free     shared    buffers     cached
Mem:          2.0G       670M       1.3G       1.4M        38M       289M
-/+ buffers/cache:       342M       1.6G
Swap:         8.0G         0B       8.0G

             total       used       free     shared    buffers     cached
Mem:          2.0G       678M       1.3G       1.4M        38M       289M
-/+ buffers/cache:       350M       1.6G
Swap:         8.0G         0B       8.0G

             total       used       free     shared    buffers     cached
Mem:          2.0G       696M       1.3G       1.4M        38M       289M
-/+ buffers/cache:       367M       1.6G
Swap:         8.0G         0B       8.0G

             total       used       free     shared    buffers     cached
Mem:          2.0G       712M       1.3G       1.4M        38M       289M
-/+ buffers/cache:       383M       1.6G
Swap:         8.0G         0B       8.0G

             total       used       free     shared    buffers     cached
Mem:          2.0G       729M       1.2G       1.4M        38M       289M
-/+ buffers/cache:       401M       1.6G
Swap:         8.0G         0B       8.0G

             total       used       free     shared    buffers     cached
Mem:          2.0G       747M       1.2G       1.4M        38M       289M
-/+ buffers/cache:       418M       1.5G
Swap:         8.0G         0B       8.0G

             total       used       free     shared    buffers     cached
Mem:          2.0G       766M       1.2G       1.4M        38M       289M
-/+ buffers/cache:       437M       1.5G
Swap:         8.0G         0B       8.0G

             total       used       free     shared    buffers     cached
Mem:          2.0G       783M       1.2G       1.4M        38M       289M
-/+ buffers/cache:       455M       1.5G
Swap:         8.0G         0B       8.0G

             total       used       free     shared    buffers     cached
Mem:          2.0G       798M       1.2G       1.4M        38M       289M
-/+ buffers/cache:       470M       1.5G
Swap:         8.0G         0B       8.0G

             total       used       free     shared    buffers     cached
Mem:          2.0G       815M       1.2G       1.4M        38M       289M
-/+ buffers/cache:       486M       1.5G
Swap:         8.0G         0B       8.0G

             total       used       free     shared    buffers     cached
Mem:          2.0G       831M       1.1G       1.4M        38M       289M
-/+ buffers/cache:       503M       1.5G
Swap:         8.0G         0B       8.0G

             total       used       free     shared    buffers     cached
Mem:          2.0G       851M       1.1G       1.4M        38M       289M
-/+ buffers/cache:       523M       1.4G
Swap:         8.0G         0B       8.0G

             total       used       free     shared    buffers     cached
Mem:          2.0G       868M       1.1G       1.4M        38M       289M
-/+ buffers/cache:       540M       1.4G
Swap:         8.0G         0B       8.0G

             total       used       free     shared    buffers     cached
Mem:          2.0G       885M       1.1G       1.4M        38M       289M
-/+ buffers/cache:       556M       1.4G
Swap:         8.0G         0B       8.0G

             total       used       free     shared    buffers     cached
Mem:          2.0G       897M       1.1G       1.4M        38M       289M
-/+ buffers/cache:       569M       1.4G
Swap:         8.0G         0B       8.0G

             total       used       free     shared    buffers     cached
Mem:          2.0G       914M       1.1G       1.4M        38M       289M
-/+ buffers/cache:       586M       1.4G
Swap:         8.0G         0B       8.0G

             total       used       free     shared    buffers     cached
Mem:          2.0G       929M       1.0G       1.4M        38M       289M
-/+ buffers/cache:       601M       1.4G
Swap:         8.0G         0B       8.0G

             total       used       free     shared    buffers     cached
Mem:          2.0G       945M       1.0G       1.4M        38M       289M
-/+ buffers/cache:       617M       1.4G
Swap:         8.0G         0B       8.0G

             total       used       free     shared    buffers     cached
Mem:          2.0G       963M       1.0G       1.4M        38M       289M
-/+ buffers/cache:       635M       1.3G
Swap:         8.0G         0B       8.0G

             total       used       free     shared    buffers     cached
Mem:          2.0G       979M       1.0G       1.4M        38M       289M
-/+ buffers/cache:       650M       1.3G
Swap:         8.0G         0B       8.0G

             total       used       free     shared    buffers     cached
Mem:          2.0G       994M       1.0G       1.4M        38M       289M
-/+ buffers/cache:       666M       1.3G
Swap:         8.0G         0B       8.0G

             total       used       free     shared    buffers     cached
Mem:          2.0G       1.0G       988M       1.4M        38M       289M
-/+ buffers/cache:       683M       1.3G
Swap:         8.0G         0B       8.0G

             total       used       free     shared    buffers     cached
Mem:          2.0G       1.0G       971M       1.4M        38M       289M
-/+ buffers/cache:       700M       1.3G
Swap:         8.0G         0B       8.0G

             total       used       free     shared    buffers     cached
Mem:          2.0G       1.0G       955M       1.4M        38M       289M
-/+ buffers/cache:       716M       1.3G
Swap:         8.0G         0B       8.0G

             total       used       free     shared    buffers     cached
Mem:          2.0G       1.0G       938M       1.4M        38M       289M
-/+ buffers/cache:       733M       1.2G
Swap:         8.0G         0B       8.0G

             total       used       free     shared    buffers     cached
Mem:          2.0G       1.1G       922M       1.4M        38M       289M
-/+ buffers/cache:       749M       1.2G
Swap:         8.0G         0B       8.0G

             total       used       free     shared    buffers     cached
Mem:          2.0G       1.1G       903M       1.4M        38M       289M
-/+ buffers/cache:       767M       1.2G
Swap:         8.0G         0B       8.0G

             total       used       free     shared    buffers     cached
Mem:          2.0G       1.1G       886M       1.4M        38M       289M
-/+ buffers/cache:       784M       1.2G
Swap:         8.0G         0B       8.0G

             total       used       free     shared    buffers     cached
Mem:          2.0G       1.1G       876M       1.4M        38M       289M
-/+ buffers/cache:       794M       1.2G
Swap:         8.0G         0B       8.0G

             total       used       free     shared    buffers     cached
Mem:          2.0G       1.1G       859M       1.4M        38M       289M
-/+ buffers/cache:       811M       1.2G
Swap:         8.0G         0B       8.0G

             total       used       free     shared    buffers     cached
Mem:          2.0G       1.1G       843M       1.4M        38M       289M
-/+ buffers/cache:       827M       1.1G
Swap:         8.0G         0B       8.0G

             total       used       free     shared    buffers     cached
Mem:          2.0G       1.1G       827M       1.4M        38M       289M
-/+ buffers/cache:       843M       1.1G
Swap:         8.0G         0B       8.0G

             total       used       free     shared    buffers     cached
Mem:          2.0G       1.2G       811M       1.4M        38M       289M
-/+ buffers/cache:       860M       1.1G
Swap:         8.0G         0B       8.0G

             total       used       free     shared    buffers     cached
Mem:          2.0G       1.2G       795M       1.4M        38M       289M
-/+ buffers/cache:       875M       1.1G
Swap:         8.0G         0B       8.0G

             total       used       free     shared    buffers     cached
Mem:          2.0G       1.2G       779M       1.4M        38M       289M
-/+ buffers/cache:       892M       1.1G
Swap:         8.0G         0B       8.0G

             total       used       free     shared    buffers     cached
Mem:          2.0G       1.2G       763M       1.4M        38M       289M
-/+ buffers/cache:       907M       1.1G
Swap:         8.0G         0B       8.0G

             total       used       free     shared    buffers     cached
Mem:          2.0G       1.2G       747M       1.4M        38M       289M
-/+ buffers/cache:       924M       1.1G
Swap:         8.0G         0B       8.0G

             total       used       free     shared    buffers     cached
Mem:          2.0G       1.2G       730M       1.4M        38M       289M
-/+ buffers/cache:       941M       1.0G
Swap:         8.0G         0B       8.0G

             total       used       free     shared    buffers     cached
Mem:          2.0G       1.3G       711M       1.4M        38M       290M
-/+ buffers/cache:       959M       1.0G
Swap:         8.0G         0B       8.0G

             total       used       free     shared    buffers     cached
Mem:          2.0G       1.3G       695M       1.4M        38M       290M
-/+ buffers/cache:       975M       1.0G
Swap:         8.0G         0B       8.0G

             total       used       free     shared    buffers     cached
Mem:          2.0G       1.3G       679M       1.4M        38M       290M
-/+ buffers/cache:       991M       1.0G
Swap:         8.0G         0B       8.0G

             total       used       free     shared    buffers     cached
Mem:          2.0G       1.3G       662M       1.4M        38M       290M
-/+ buffers/cache:       1.0G       991M
Swap:         8.0G         0B       8.0G

             total       used       free     shared    buffers     cached
Mem:          2.0G       1.3G       646M       1.4M        38M       290M
-/+ buffers/cache:       1.0G       975M
Swap:         8.0G         0B       8.0G

             total       used       free     shared    buffers     cached
Mem:          2.0G       1.3G       631M       1.4M        38M       290M
-/+ buffers/cache:       1.0G       960M
Swap:         8.0G         0B       8.0G

             total       used       free     shared    buffers     cached
Mem:          2.0G       1.4G       615M       1.4M        38M       290M
-/+ buffers/cache:       1.0G       944M
Swap:         8.0G         0B       8.0G

             total       used       free     shared    buffers     cached
Mem:          2.0G       1.4G       599M       1.4M        38M       290M
-/+ buffers/cache:       1.0G       928M
Swap:         8.0G         0B       8.0G

             total       used       free     shared    buffers     cached
Mem:          2.0G       1.4G       583M       1.4M        38M       290M
-/+ buffers/cache:       1.1G       912M
Swap:         8.0G         0B       8.0G

             total       used       free     shared    buffers     cached
Mem:          2.0G       1.4G       568M       1.4M        38M       290M
-/+ buffers/cache:       1.1G       897M
Swap:         8.0G         0B       8.0G

             total       used       free     shared    buffers     cached
Mem:          2.0G       1.4G       552M       1.4M        38M       290M
-/+ buffers/cache:       1.1G       881M
Swap:         8.0G         0B       8.0G

             total       used       free     shared    buffers     cached
Mem:          2.0G       1.4G       536M       1.4M        38M       290M
-/+ buffers/cache:       1.1G       865M
Swap:         8.0G         0B       8.0G

             total       used       free     shared    buffers     cached
Mem:          2.0G       1.4G       520M       1.4M        38M       290M
-/+ buffers/cache:       1.1G       849M
Swap:         8.0G         0B       8.0G

             total       used       free     shared    buffers     cached
Mem:          2.0G       1.5G       504M       1.4M        38M       290M
-/+ buffers/cache:       1.1G       833M
Swap:         8.0G         0B       8.0G

             total       used       free     shared    buffers     cached
Mem:          2.0G       1.5G       488M       1.4M        38M       290M
-/+ buffers/cache:       1.2G       817M
Swap:         8.0G         0B       8.0G

             total       used       free     shared    buffers     cached
Mem:          2.0G       1.5G       472M       1.4M        38M       290M
-/+ buffers/cache:       1.2G       801M
Swap:         8.0G         0B       8.0G

             total       used       free     shared    buffers     cached
Mem:          2.0G       1.5G       455M       1.4M        38M       290M
-/+ buffers/cache:       1.2G       784M
Swap:         8.0G         0B       8.0G

             total       used       free     shared    buffers     cached
Mem:          2.0G       1.5G       439M       1.4M        38M       290M
-/+ buffers/cache:       1.2G       768M
Swap:         8.0G         0B       8.0G

             total       used       free     shared    buffers     cached
Mem:          2.0G       1.5G       429M       1.4M        38M       290M
-/+ buffers/cache:       1.2G       758M
Swap:         8.0G         0B       8.0G

             total       used       free     shared    buffers     cached
Mem:          2.0G       1.5G       421M       1.4M        38M       290M
-/+ buffers/cache:       1.2G       750M
Swap:         8.0G         0B       8.0G

             total       used       free     shared    buffers     cached
Mem:          2.0G       1.6G       405M       1.4M        38M       290M
-/+ buffers/cache:       1.2G       734M
Swap:         8.0G         0B       8.0G

             total       used       free     shared    buffers     cached
Mem:          2.0G       1.6G       389M       1.4M        38M       290M
-/+ buffers/cache:       1.3G       718M
Swap:         8.0G         0B       8.0G

             total       used       free     shared    buffers     cached
Mem:          2.0G       1.6G       371M       1.4M        38M       290M
-/+ buffers/cache:       1.3G       700M
Swap:         8.0G         0B       8.0G

             total       used       free     shared    buffers     cached
Mem:          2.0G       1.6G       354M       1.4M        38M       290M
-/+ buffers/cache:       1.3G       683M
Swap:         8.0G         0B       8.0G

             total       used       free     shared    buffers     cached
Mem:          2.0G       1.6G       338M       1.4M        38M       290M
-/+ buffers/cache:       1.3G       667M
Swap:         8.0G         0B       8.0G

             total       used       free     shared    buffers     cached
Mem:          2.0G       1.6G       323M       1.4M        38M       290M
-/+ buffers/cache:       1.3G       652M
Swap:         8.0G         0B       8.0G

             total       used       free     shared    buffers     cached
Mem:          2.0G       1.7G       307M       1.4M        38M       290M
-/+ buffers/cache:       1.3G       636M
Swap:         8.0G         0B       8.0G

             total       used       free     shared    buffers     cached
Mem:          2.0G       1.7G       298M       1.4M        38M       290M
-/+ buffers/cache:       1.3G       627M
Swap:         8.0G         0B       8.0G

             total       used       free     shared    buffers     cached
Mem:          2.0G       1.7G       289M       1.4M        38M       290M
-/+ buffers/cache:       1.3G       618M
Swap:         8.0G         0B       8.0G

             total       used       free     shared    buffers     cached
Mem:          2.0G       1.7G       272M       1.4M        38M       290M
-/+ buffers/cache:       1.4G       601M
Swap:         8.0G         0B       8.0G

             total       used       free     shared    buffers     cached
Mem:          2.0G       1.7G       257M       1.4M        38M       290M
-/+ buffers/cache:       1.4G       586M
Swap:         8.0G         0B       8.0G

             total       used       free     shared    buffers     cached
Mem:          2.0G       1.7G       241M       1.4M        38M       290M
-/+ buffers/cache:       1.4G       570M
Swap:         8.0G         0B       8.0G

             total       used       free     shared    buffers     cached
Mem:          2.0G       1.7G       225M       1.4M        38M       290M
-/+ buffers/cache:       1.4G       554M
Swap:         8.0G         0B       8.0G

             total       used       free     shared    buffers     cached
Mem:          2.0G       1.7G       210M       1.4M        38M       290M
-/+ buffers/cache:       1.4G       539M
Swap:         8.0G         0B       8.0G

             total       used       free     shared    buffers     cached
Mem:          2.0G       1.8G       194M       1.4M        38M       290M
-/+ buffers/cache:       1.4G       523M
Swap:         8.0G         0B       8.0G

             total       used       free     shared    buffers     cached
Mem:          2.0G       1.8G       179M       1.4M        38M       290M
-/+ buffers/cache:       1.5G       508M
Swap:         8.0G         0B       8.0G

             total       used       free     shared    buffers     cached
Mem:          2.0G       1.8G       163M       1.4M        38M       290M
-/+ buffers/cache:       1.5G       493M
Swap:         8.0G         0B       8.0G

             total       used       free     shared    buffers     cached
Mem:          2.0G       1.8G       148M       1.4M        38M       290M
-/+ buffers/cache:       1.5G       477M
Swap:         8.0G         0B       8.0G

             total       used       free     shared    buffers     cached
Mem:          2.0G       1.8G       133M       1.4M        38M       290M
-/+ buffers/cache:       1.5G       462M
Swap:         8.0G         0B       8.0G

             total       used       free     shared    buffers     cached
Mem:          2.0G       1.8G       118M       1.4M        38M       290M
-/+ buffers/cache:       1.5G       447M
Swap:         8.0G         0B       8.0G

             total       used       free     shared    buffers     cached
Mem:          2.0G       1.9G       101M       1.4M        38M       290M
-/+ buffers/cache:       1.5G       431M
Swap:         8.0G         0B       8.0G

             total       used       free     shared    buffers     cached
Mem:          2.0G       1.9G        87M       1.4M        38M       290M
-/+ buffers/cache:       1.5G       416M
Swap:         8.0G         0B       8.0G

             total       used       free     shared    buffers     cached
Mem:          2.0G       1.9G        71M       1.4M        38M       290M
-/+ buffers/cache:       1.6G       400M
Swap:         8.0G         0B       8.0G

             total       used       free     shared    buffers     cached
Mem:          2.0G       1.9G        79M       1.4M        17M       288M
-/+ buffers/cache:       1.6G       385M
Swap:         8.0G         0B       8.0G

             total       used       free     shared    buffers     cached
Mem:          2.0G       1.9G        64M       1.4M        17M       288M
-/+ buffers/cache:       1.6G       370M
Swap:         8.0G         0B       8.0G

             total       used       free     shared    buffers     cached
Mem:          2.0G       1.9G        66M       1.4M        10M       279M
-/+ buffers/cache:       1.6G       355M
Swap:         8.0G         0B       8.0G

             total       used       free     shared    buffers     cached
Mem:          2.0G       1.9G        67M       1.4M       9.8M       263M
-/+ buffers/cache:       1.6G       340M
Swap:         8.0G        76K       8.0G

             total       used       free     shared    buffers     cached
Mem:          2.0G       1.9G        73M       1.2M       9.8M       244M
-/+ buffers/cache:       1.6G       327M
Swap:         8.0G       936K       8.0G

             total       used       free     shared    buffers     cached
Mem:          2.0G       1.9G        73M       1.1M       9.8M       232M
-/+ buffers/cache:       1.6G       315M
Swap:         8.0G       6.6M       8.0G

             total       used       free     shared    buffers     cached
Mem:          2.0G       1.9G        91M       1.1M       9.0M       206M
-/+ buffers/cache:       1.7G       306M
Swap:         8.0G        11M       8.0G

             total       used       free     shared    buffers     cached
Mem:          2.0G       1.9G        77M       1.1M       9.0M       206M
-/+ buffers/cache:       1.7G       292M
Swap:         8.0G        11M       8.0G

             total       used       free     shared    buffers     cached
Mem:          2.0G       1.9G        63M       1.1M       9.0M       206M
-/+ buffers/cache:       1.7G       278M
Swap:         8.0G        11M       8.0G

             total       used       free     shared    buffers     cached
Mem:          2.0G       1.9G        74M       1.1M       1.3M       188M
-/+ buffers/cache:       1.7G       264M
Swap:         8.0G        11M       8.0G

             total       used       free     shared    buffers     cached
Mem:          2.0G       1.9G        83M       1.1M       320K       166M
-/+ buffers/cache:       1.7G       249M
Swap:         8.0G        11M       8.0G

             total       used       free     shared    buffers     cached
Mem:          2.0G       1.9G        68M       1.1M       320K       166M
-/+ buffers/cache:       1.7G       234M
Swap:         8.0G        11M       8.0G

             total       used       free     shared    buffers     cached
Mem:          2.0G       1.9G        72M       1.1M       324K       146M
-/+ buffers/cache:       1.7G       218M
Swap:         8.0G        11M       8.0G

             total       used       free     shared    buffers     cached
Mem:          2.0G       1.9G        74M       1.1M       224K       128M
-/+ buffers/cache:       1.8G       203M
Swap:         8.0G        11M       8.0G

             total       used       free     shared    buffers     cached
Mem:          2.0G       1.9G        75M       1.1M        76K       114M
-/+ buffers/cache:       1.8G       189M
Swap:         8.0G        11M       8.0G

             total       used       free     shared    buffers     cached
Mem:          2.0G       1.9G        73M       1.1M        88K       100M
-/+ buffers/cache:       1.8G       174M
Swap:         8.0G        11M       8.0G

             total       used       free     shared    buffers     cached
Mem:          2.0G       1.9G        71M       1.1M       228K        88M
-/+ buffers/cache:       1.8G       160M
Swap:         8.0G        11M       8.0G

             total       used       free     shared    buffers     cached
Mem:          2.0G       1.9G        77M       1.1M       228K        68M
-/+ buffers/cache:       1.8G       146M
Swap:         8.0G        11M       8.0G

             total       used       free     shared    buffers     cached
Mem:          2.0G       1.9G        77M       1.1M       240K        53M
-/+ buffers/cache:       1.8G       131M
Swap:         8.0G        11M       8.0G

             total       used       free     shared    buffers     cached
Mem:          2.0G       1.9G        69M       1.1M       240K        46M
-/+ buffers/cache:       1.8G       115M
Swap:         8.0G        11M       8.0G

             total       used       free     shared    buffers     cached
Mem:          2.0G       1.9G        79M       1.1M       240K        21M
-/+ buffers/cache:       1.9G       101M
Swap:         8.0G        11M       8.0G

             total       used       free     shared    buffers     cached
Mem:          2.0G       1.9G        79M       1.1M       240K       7.7M
-/+ buffers/cache:       1.9G        87M
Swap:         8.0G        11M       8.0G

             total       used       free     shared    buffers     cached
Mem:          2.0G       1.9G        76M       988K        84K       2.3M
-/+ buffers/cache:       1.9G        79M
Swap:         8.0G        30M       8.0G

             total       used       free     shared    buffers     cached
Mem:          2.0G       1.9G        78M       984K       100K       2.4M
-/+ buffers/cache:       1.9G        81M
Swap:         8.0G        30M       8.0G

             total       used       free     shared    buffers     cached
Mem:          2.0G       1.9G        83M       660K       100K       2.0M
-/+ buffers/cache:       1.9G        85M
Swap:         8.0G        65M       7.9G

             total       used       free     shared    buffers     cached
Mem:          2.0G       1.9G        69M       676K       104K       2.2M
-/+ buffers/cache:       1.9G        71M
Swap:         8.0G        65M       7.9G

             total       used       free     shared    buffers     cached
Mem:          2.0G       1.9G        73M       676K       104K       2.3M
-/+ buffers/cache:       1.9G        76M
Swap:         8.0G        71M       7.9G

             total       used       free     shared    buffers     cached
Mem:          2.0G       1.9G        71M       676K       104K       2.3M
-/+ buffers/cache:       1.9G        74M
Swap:         8.0G        83M       7.9G

             total       used       free     shared    buffers     cached
Mem:          2.0G       1.9G        70M       660K       112K       2.5M
-/+ buffers/cache:       1.9G        72M
Swap:         8.0G       111M       7.9G

             total       used       free     shared    buffers     cached
Mem:          2.0G       1.9G        71M       652K       112K       2.5M
-/+ buffers/cache:       1.9G        73M
Swap:         8.0G       111M       7.9G

             total       used       free     shared    buffers     cached
Mem:          2.0G       1.9G        75M       588K       112K       2.4M
-/+ buffers/cache:       1.9G        77M
Swap:         8.0G       162M       7.8G

             total       used       free     shared    buffers     cached
Mem:          2.0G       1.9G        73M       596K       112K       2.4M
-/+ buffers/cache:       1.9G        76M
Swap:         8.0G       162M       7.8G

             total       used       free     shared    buffers     cached
Mem:          2.0G       1.9G        69M       580K       112K       2.5M
-/+ buffers/cache:       1.9G        72M
Swap:         8.0G       162M       7.8G

             total       used       free     shared    buffers     cached
Mem:          2.0G       1.9G        70M       584K       112K       2.4M
-/+ buffers/cache:       1.9G        73M
Swap:         8.0G       192M       7.8G

             total       used       free     shared    buffers     cached
Mem:          2.0G       1.9G        72M       560K       120K       2.4M
-/+ buffers/cache:       1.9G        75M
Swap:         8.0G       192M       7.8G

             total       used       free     shared    buffers     cached
Mem:          2.0G       1.9G        71M       564K       120K       2.5M
-/+ buffers/cache:       1.9G        73M
Swap:         8.0G       207M       7.8G

             total       used       free     shared    buffers     cached
Mem:          2.0G       1.9G        85M       564K       116K       2.5M
-/+ buffers/cache:       1.9G        87M
Swap:         8.0G       230M       7.8G

             total       used       free     shared    buffers     cached
Mem:          2.0G       1.9G        78M       564K       116K       2.5M
-/+ buffers/cache:       1.9G        81M
Swap:         8.0G       230M       7.8G

             total       used       free     shared    buffers     cached
Mem:          2.0G       1.9G        74M       564K       116K       2.5M
-/+ buffers/cache:       1.9G        76M
Swap:         8.0G       230M       7.8G

             total       used       free     shared    buffers     cached
Mem:          2.0G       1.9G        73M       564K       124K       2.4M
-/+ buffers/cache:       1.9G        75M
Swap:         8.0G       240M       7.8G

             total       used       free     shared    buffers     cached
Mem:          2.0G       1.9G        75M       548K        76K       2.9M
-/+ buffers/cache:       1.9G        78M
Swap:         8.0G       273M       7.7G

             total       used       free     shared    buffers     cached
Mem:          2.0G       1.9G        83M       536K        84K       5.7M
-/+ buffers/cache:       1.9G        89M
Swap:         8.0G       282M       7.7G

             total       used       free     shared    buffers     cached
Mem:          2.0G       1.9G        74M       536K        96K       5.8M
-/+ buffers/cache:       1.9G        79M
Swap:         8.0G       282M       7.7G

             total       used       free     shared    buffers     cached
Mem:          2.0G       1.9G        85M       536K        96K       5.4M
-/+ buffers/cache:       1.9G        90M
Swap:         8.0G       309M       7.7G

             total       used       free     shared    buffers     cached
Mem:          2.0G       1.9G        84M       536K       104K       5.5M
-/+ buffers/cache:       1.9G        90M
Swap:         8.0G       309M       7.7G

             total       used       free     shared    buffers     cached
Mem:          2.0G       1.9G        83M       536K       104K       5.5M
-/+ buffers/cache:       1.9G        89M
Swap:         8.0G       308M       7.7G

             total       used       free     shared    buffers     cached
Mem:          2.0G       1.9G        82M       536K       104K       5.6M
-/+ buffers/cache:       1.9G        88M
Swap:         8.0G       308M       7.7G

             total       used       free     shared    buffers     cached
Mem:          2.0G       1.9G        82M       536K       104K       5.6M
-/+ buffers/cache:       1.9G        87M
Swap:         8.0G       307M       7.7G

             total       used       free     shared    buffers     cached
Mem:          2.0G       1.9G        81M       536K       104K       5.6M
-/+ buffers/cache:       1.9G        87M
Swap:         8.0G       307M       7.7G

             total       used       free     shared    buffers     cached
Mem:          2.0G       1.9G        80M       536K       104K       5.6M
-/+ buffers/cache:       1.9G        86M
Swap:         8.0G       307M       7.7G

             total       used       free     shared    buffers     cached
Mem:          2.0G       1.9G        80M       536K       112K       5.6M
-/+ buffers/cache:       1.9G        85M
Swap:         8.0G       306M       7.7G

             total       used       free     shared    buffers     cached
Mem:          2.0G       1.9G        79M       536K       112K       5.5M
-/+ buffers/cache:       1.9G        85M
Swap:         8.0G       306M       7.7G

             total       used       free     shared    buffers     cached
Mem:          2.0G       1.9G        78M       536K       112K       5.6M
-/+ buffers/cache:       1.9G        84M
Swap:         8.0G       305M       7.7G

             total       used       free     shared    buffers     cached
Mem:          2.0G       1.9G        78M       536K       112K       5.6M
-/+ buffers/cache:       1.9G        83M
Swap:         8.0G       305M       7.7G

             total       used       free     shared    buffers     cached
Mem:          2.0G       1.9G        77M       536K       112K       5.6M
-/+ buffers/cache:       1.9G        83M
Swap:         8.0G       304M       7.7G

             total       used       free     shared    buffers     cached
Mem:          2.0G       1.9G        76M       536K       120K       5.6M
-/+ buffers/cache:       1.9G        82M
Swap:         8.0G       304M       7.7G

             total       used       free     shared    buffers     cached
Mem:          2.0G       1.9G        75M       536K       120K       5.6M
-/+ buffers/cache:       1.9G        81M
Swap:         8.0G       303M       7.7G

             total       used       free     shared    buffers     cached
Mem:          2.0G       1.9G        75M       536K       120K       5.6M
-/+ buffers/cache:       1.9G        81M
Swap:         8.0G       303M       7.7G

             total       used       free     shared    buffers     cached
Mem:          2.0G       1.9G        74M       536K       120K       5.6M
-/+ buffers/cache:       1.9G        80M
Swap:         8.0G       303M       7.7G

             total       used       free     shared    buffers     cached
Mem:          2.0G       1.9G        74M       536K       120K       5.6M
-/+ buffers/cache:       1.9G        79M
Swap:         8.0G       302M       7.7G

             total       used       free     shared    buffers     cached
Mem:          2.0G       1.9G        73M       536K       128K       5.6M
-/+ buffers/cache:       1.9G        79M
Swap:         8.0G       302M       7.7G

             total       used       free     shared    buffers     cached
Mem:          2.0G       1.9G        72M       536K       128K       5.6M
-/+ buffers/cache:       1.9G        78M
Swap:         8.0G       301M       7.7G

             total       used       free     shared    buffers     cached
Mem:          2.0G       1.9G        72M       536K       128K       5.6M
-/+ buffers/cache:       1.9G        78M
Swap:         8.0G       301M       7.7G

             total       used       free     shared    buffers     cached
Mem:          2.0G       1.9G        71M       536K       128K       5.6M
-/+ buffers/cache:       1.9G        77M
Swap:         8.0G       300M       7.7G

             total       used       free     shared    buffers     cached
Mem:          2.0G       1.9G        71M       536K       128K       5.6M
-/+ buffers/cache:       1.9G        77M
Swap:         8.0G       300M       7.7G

             total       used       free     shared    buffers     cached
Mem:          2.0G       1.9G        70M       536K       128K       5.6M
-/+ buffers/cache:       1.9G        76M
Swap:         8.0G       299M       7.7G

             total       used       free     shared    buffers     cached
Mem:          2.0G       1.9G        70M       536K       136K       5.6M
-/+ buffers/cache:       1.9G        75M
Swap:         8.0G       299M       7.7G

             total       used       free     shared    buffers     cached
Mem:          2.0G       1.9G        67M       536K       556K       6.3M
-/+ buffers/cache:       1.9G        74M
Swap:         8.0G       299M       7.7G

             total       used       free     shared    buffers     cached
Mem:          2.0G       1.9G        62M       536K       100K        27M
-/+ buffers/cache:       1.9G        90M
Swap:         8.0G       332M       7.7G

             total       used       free     shared    buffers     cached
Mem:          2.0G       1.9G        55M       540K       112K        31M
-/+ buffers/cache:       1.9G        87M
Swap:         8.0G       330M       7.7G

             total       used       free     shared    buffers     cached
Mem:          2.0G       1.9G        94M       540K       556K        28M
-/+ buffers/cache:       1.8G       123M
Swap:         8.0G       370M       7.6G

             total       used       free     shared    buffers     cached
Mem:          2.0G       1.9G        93M       540K       556K        28M
-/+ buffers/cache:       1.8G       122M
Swap:         8.0G       369M       7.6G

             total       used       free     shared    buffers     cached
Mem:          2.0G       1.9G        91M       540K       556K        28M
-/+ buffers/cache:       1.8G       120M
Swap:         8.0G       369M       7.6G

             total       used       free     shared    buffers     cached
Mem:          2.0G       1.9G        90M       540K       556K        28M
-/+ buffers/cache:       1.8G       119M
Swap:         8.0G       368M       7.6G

             total       used       free     shared    buffers     cached
Mem:          2.0G       1.9G        89M       540K       564K        28M
-/+ buffers/cache:       1.8G       118M
Swap:         8.0G       367M       7.6G

             total       used       free     shared    buffers     cached
Mem:          2.0G       1.9G        88M       540K       564K        28M
-/+ buffers/cache:       1.8G       117M
Swap:         8.0G       366M       7.6G

             total       used       free     shared    buffers     cached
Mem:          2.0G       1.9G        85M       540K       564K        30M
-/+ buffers/cache:       1.8G       116M
Swap:         8.0G       366M       7.6G

             total       used       free     shared    buffers     cached
Mem:          2.0G       1.9G        83M       540K       564K        31M
-/+ buffers/cache:       1.8G       115M
Swap:         8.0G       365M       7.6G

             total       used       free     shared    buffers     cached
Mem:          2.0G       1.9G        83M       540K       564K        31M
-/+ buffers/cache:       1.8G       115M
Swap:         8.0G       365M       7.6G

             total       used       free     shared    buffers     cached
Mem:          2.0G       1.9G        83M       540K       572K        31M
-/+ buffers/cache:       1.8G       115M
Swap:         8.0G       365M       7.6G

             total       used       free     shared    buffers     cached
Mem:          2.0G       1.9G        82M       540K       572K        31M
-/+ buffers/cache:       1.8G       114M
Swap:         8.0G       364M       7.6G

             total       used       free     shared    buffers     cached
Mem:          2.0G       1.9G        82M       540K       572K        31M
-/+ buffers/cache:       1.8G       114M
Swap:         8.0G       364M       7.6G

             total       used       free     shared    buffers     cached
Mem:          2.0G       1.9G        81M       540K       572K        31M
-/+ buffers/cache:       1.8G       113M
Swap:         8.0G       363M       7.6G

             total       used       free     shared    buffers     cached
Mem:          2.0G       1.9G        80M       540K       572K        31M
-/+ buffers/cache:       1.8G       112M
Swap:         8.0G       363M       7.6G

             total       used       free     shared    buffers     cached
Mem:          2.0G       1.9G        80M       540K       580K        31M
-/+ buffers/cache:       1.8G       112M
Swap:         8.0G       363M       7.6G

             total       used       free     shared    buffers     cached
Mem:          2.0G       1.9G        79M       540K       580K        31M
-/+ buffers/cache:       1.8G       111M
Swap:         8.0G       362M       7.6G

             total       used       free     shared    buffers     cached
Mem:          2.0G       1.9G        79M       540K       580K        31M
-/+ buffers/cache:       1.8G       111M
Swap:         8.0G       362M       7.6G

             total       used       free     shared    buffers     cached
Mem:          2.0G       1.9G        78M       540K       580K        31M
-/+ buffers/cache:       1.8G       110M
Swap:         8.0G       362M       7.6G

             total       used       free     shared    buffers     cached
Mem:          2.0G       1.9G        77M       540K       580K        31M
-/+ buffers/cache:       1.8G       109M
Swap:         8.0G       361M       7.6G

             total       used       free     shared    buffers     cached
Mem:          2.0G       1.9G        77M       540K       588K        31M
-/+ buffers/cache:       1.8G       109M
Swap:         8.0G       361M       7.6G

             total       used       free     shared    buffers     cached
Mem:          2.0G       1.9G        77M       540K       588K        31M
-/+ buffers/cache:       1.8G       109M
Swap:         8.0G       361M       7.6G

             total       used       free     shared    buffers     cached
Mem:          2.0G       1.9G        76M       540K       588K        31M
-/+ buffers/cache:       1.8G       108M
Swap:         8.0G       360M       7.6G

             total       used       free     shared    buffers     cached
Mem:          2.0G       1.9G        76M       540K       588K        31M
-/+ buffers/cache:       1.8G       108M
Swap:         8.0G       360M       7.6G

             total       used       free     shared    buffers     cached
Mem:          2.0G       1.9G        75M       540K       588K        31M
-/+ buffers/cache:       1.8G       107M
Swap:         8.0G       360M       7.6G

             total       used       free     shared    buffers     cached
Mem:          2.0G       1.9G        75M       540K       588K        31M
-/+ buffers/cache:       1.8G       107M
Swap:         8.0G       359M       7.6G

             total       used       free     shared    buffers     cached
Mem:          2.0G       1.9G        74M       540K       596K        31M
-/+ buffers/cache:       1.8G       106M
Swap:         8.0G       359M       7.6G

             total       used       free     shared    buffers     cached
Mem:          2.0G       1.9G        74M       540K       596K        31M
-/+ buffers/cache:       1.8G       106M
Swap:         8.0G       359M       7.6G

             total       used       free     shared    buffers     cached
Mem:          2.0G       1.9G        73M       540K       596K        31M
-/+ buffers/cache:       1.9G       105M
Swap:         8.0G       358M       7.6G

             total       used       free     shared    buffers     cached
Mem:          2.0G       1.9G        73M       540K       596K        31M
-/+ buffers/cache:       1.9G       105M
Swap:         8.0G       358M       7.6G

             total       used       free     shared    buffers     cached
Mem:          2.0G       1.9G        72M       540K       596K        31M
-/+ buffers/cache:       1.9G       104M
Swap:         8.0G       358M       7.6G

             total       used       free     shared    buffers     cached
Mem:          2.0G       1.9G        72M       540K       604K        31M
-/+ buffers/cache:       1.9G       104M
Swap:         8.0G       357M       7.6G

             total       used       free     shared    buffers     cached
Mem:          2.0G       1.9G        71M       540K       604K        31M
-/+ buffers/cache:       1.9G       103M
Swap:         8.0G       357M       7.6G

             total       used       free     shared    buffers     cached
Mem:          2.0G       1.9G        71M       540K       604K        31M
-/+ buffers/cache:       1.9G       103M
Swap:         8.0G       357M       7.6G

             total       used       free     shared    buffers     cached
Mem:          2.0G       1.9G        70M       540K       604K        31M
-/+ buffers/cache:       1.9G       102M
Swap:         8.0G       356M       7.6G

             total       used       free     shared    buffers     cached
Mem:          2.0G       1.9G        70M       540K       604K        31M
-/+ buffers/cache:       1.9G       102M
Swap:         8.0G       356M       7.6G

             total       used       free     shared    buffers     cached
Mem:          2.0G       1.9G        69M       540K       604K        31M
-/+ buffers/cache:       1.9G       101M
Swap:         8.0G       356M       7.6G

             total       used       free     shared    buffers     cached
Mem:          2.0G       1.9G        69M       540K       612K        31M
-/+ buffers/cache:       1.9G       101M
Swap:         8.0G       355M       7.6G

             total       used       free     shared    buffers     cached
Mem:          2.0G       1.9G        68M       540K       612K        31M
-/+ buffers/cache:       1.9G       100M
Swap:         8.0G       355M       7.7G

             total       used       free     shared    buffers     cached
Mem:          2.0G       1.9G        68M       540K       612K        31M
-/+ buffers/cache:       1.9G       100M
Swap:         8.0G       354M       7.7G

             total       used       free     shared    buffers     cached
Mem:          2.0G       1.9G        67M       540K       612K        31M
-/+ buffers/cache:       1.9G        99M
Swap:         8.0G       354M       7.7G

             total       used       free     shared    buffers     cached
Mem:          2.0G       1.9G        66M       540K       612K        31M
-/+ buffers/cache:       1.9G        99M
Swap:         8.0G       354M       7.7G

             total       used       free     shared    buffers     cached
Mem:          2.0G       1.9G        66M       540K       620K        31M
-/+ buffers/cache:       1.9G        98M
Swap:         8.0G       353M       7.7G

             total       used       free     shared    buffers     cached
Mem:          2.0G       1.9G        65M       540K       620K        31M
-/+ buffers/cache:       1.9G        97M
Swap:         8.0G       353M       7.7G

             total       used       free     shared    buffers     cached
Mem:          2.0G       1.9G        65M       540K       620K        31M
-/+ buffers/cache:       1.9G        97M
Swap:         8.0G       352M       7.7G

             total       used       free     shared    buffers     cached
Mem:          2.0G       1.9G        76M       540K       620K        31M
-/+ buffers/cache:       1.8G       108M
Swap:         8.0G       352M       7.7G

             total       used       free     shared    buffers     cached
Mem:          2.0G       1.9G        76M       540K       620K        31M
-/+ buffers/cache:       1.8G       108M
Swap:         8.0G       352M       7.7G

             total       used       free     shared    buffers     cached
Mem:          2.0G       1.9G        75M       540K       620K        31M
-/+ buffers/cache:       1.8G       107M
Swap:         8.0G       351M       7.7G

             total       used       free     shared    buffers     cached
Mem:          2.0G       1.9G        75M       540K       628K        31M
-/+ buffers/cache:       1.8G       106M
Swap:         8.0G       351M       7.7G

             total       used       free     shared    buffers     cached
Mem:          2.0G       1.9G        74M       540K       628K        31M
-/+ buffers/cache:       1.8G       106M
Swap:         8.0G       351M       7.7G

             total       used       free     shared    buffers     cached
Mem:          2.0G       1.9G        73M       540K       628K        31M
-/+ buffers/cache:       1.9G       105M
Swap:         8.0G       350M       7.7G

             total       used       free     shared    buffers     cached
Mem:          2.0G       1.9G        73M       540K       628K        31M
-/+ buffers/cache:       1.9G       104M
Swap:         8.0G       350M       7.7G

             total       used       free     shared    buffers     cached
Mem:          2.0G       1.9G        72M       540K       628K        31M
-/+ buffers/cache:       1.9G       104M
Swap:         8.0G       350M       7.7G

             total       used       free     shared    buffers     cached
Mem:          2.0G       1.9G        72M       540K       636K        31M
-/+ buffers/cache:       1.9G       103M
Swap:         8.0G       349M       7.7G

             total       used       free     shared    buffers     cached
Mem:          2.0G       1.9G        71M       540K       636K        31M
-/+ buffers/cache:       1.9G       103M
Swap:         8.0G       349M       7.7G

             total       used       free     shared    buffers     cached
Mem:          2.0G       1.9G        71M       540K       636K        31M
-/+ buffers/cache:       1.9G       102M
Swap:         8.0G       349M       7.7G

             total       used       free     shared    buffers     cached
Mem:          2.0G       1.9G        70M       540K       636K        31M
-/+ buffers/cache:       1.9G       102M
Swap:         8.0G       348M       7.7G

             total       used       free     shared    buffers     cached
Mem:          2.0G       1.9G        69M       540K       636K        31M
-/+ buffers/cache:       1.9G       101M
Swap:         8.0G       348M       7.7G

             total       used       free     shared    buffers     cached
Mem:          2.0G       1.9G        69M       540K       636K        31M
-/+ buffers/cache:       1.9G       101M
Swap:         8.0G       347M       7.7G

             total       used       free     shared    buffers     cached
Mem:          2.0G       1.9G        68M       540K       644K        31M
-/+ buffers/cache:       1.9G       100M
Swap:         8.0G       347M       7.7G

             total       used       free     shared    buffers     cached
Mem:          2.0G       1.9G        67M       540K       644K        31M
-/+ buffers/cache:       1.9G        99M
Swap:         8.0G       347M       7.7G

             total       used       free     shared    buffers     cached
Mem:          2.0G       1.9G        67M       540K       644K        31M
-/+ buffers/cache:       1.9G        99M
Swap:         8.0G       346M       7.7G

             total       used       free     shared    buffers     cached
Mem:          2.0G       1.9G        66M       540K       644K        31M
-/+ buffers/cache:       1.9G        98M
Swap:         8.0G       346M       7.7G

             total       used       free     shared    buffers     cached
Mem:          2.0G       1.9G        65M       540K       644K        31M
-/+ buffers/cache:       1.9G        98M
Swap:         8.0G       345M       7.7G

             total       used       free     shared    buffers     cached
Mem:          2.0G       1.9G        79M       540K       748K        29M
-/+ buffers/cache:       1.8G       109M
Swap:         8.0G       363M       7.6G

             total       used       free     shared    buffers     cached
Mem:          2.0G       1.9G        78M       544K       748K        29M
-/+ buffers/cache:       1.8G       109M
Swap:         8.0G       363M       7.6G

             total       used       free     shared    buffers     cached
Mem:          2.0G       1.9G        78M       544K       748K        29M
-/+ buffers/cache:       1.8G       108M
Swap:         8.0G       363M       7.6G

             total       used       free     shared    buffers     cached
Mem:          2.0G       1.9G        76M       544K       748K        29M
-/+ buffers/cache:       1.8G       107M
Swap:         8.0G       362M       7.6G

             total       used       free     shared    buffers     cached
Mem:          2.0G       1.9G        71M       544K       748K        31M
-/+ buffers/cache:       1.9G       103M
Swap:         8.0G       360M       7.6G

             total       used       free     shared    buffers     cached
Mem:          2.0G       1.9G        70M       544K       756K        31M
-/+ buffers/cache:       1.9G       102M
Swap:         8.0G       359M       7.6G

             total       used       free     shared    buffers     cached
Mem:          2.0G       1.9G        75M       544K       756K        32M
-/+ buffers/cache:       1.8G       109M
Swap:         8.0G       358M       7.6G

             total       used       free     shared    buffers     cached
Mem:          2.0G       1.9G        75M       544K       756K        32M
-/+ buffers/cache:       1.8G       108M
Swap:         8.0G       358M       7.6G

             total       used       free     shared    buffers     cached
Mem:          2.0G       1.9G        74M       544K       756K        32M
-/+ buffers/cache:       1.8G       108M
Swap:         8.0G       358M       7.6G

             total       used       free     shared    buffers     cached
Mem:          2.0G       1.9G        74M       544K       756K        32M
-/+ buffers/cache:       1.8G       107M
Swap:         8.0G       358M       7.6G

             total       used       free     shared    buffers     cached
Mem:          2.0G       1.9G        74M       544K       756K        32M
-/+ buffers/cache:       1.8G       107M
Swap:         8.0G       357M       7.6G

             total       used       free     shared    buffers     cached
Mem:          2.0G       1.9G        73M       544K       764K        32M
-/+ buffers/cache:       1.8G       107M
Swap:         8.0G       357M       7.6G

             total       used       free     shared    buffers     cached
Mem:          2.0G       1.9G        73M       544K       764K        32M
-/+ buffers/cache:       1.8G       106M
Swap:         8.0G       357M       7.6G

             total       used       free     shared    buffers     cached
Mem:          2.0G       1.9G        72M       544K       764K        32M
-/+ buffers/cache:       1.8G       106M
Swap:         8.0G       357M       7.6G

             total       used       free     shared    buffers     cached
Mem:          2.0G       1.9G        72M       544K       764K        32M
-/+ buffers/cache:       1.8G       106M
Swap:         8.0G       356M       7.6G

             total       used       free     shared    buffers     cached
Mem:          2.0G       1.9G        72M       544K       764K        32M
-/+ buffers/cache:       1.9G       105M
Swap:         8.0G       356M       7.6G

             total       used       free     shared    buffers     cached
Mem:          2.0G       1.9G        74M       608K       2.4M        45M
-/+ buffers/cache:       1.8G       122M
Swap:         8.0G       381M       7.6G

             total       used       free     shared    buffers     cached
Mem:          2.0G       1.9G        77M       4.3M       5.0M        50M
-/+ buffers/cache:       1.8G       132M
Swap:         8.0G       433M       7.6G

             total       used       free     shared    buffers     cached
Mem:          2.0G       1.9G        70M       676K       4.1M        59M
-/+ buffers/cache:       1.8G       134M
Swap:         8.0G       431M       7.6G

             total       used       free     shared    buffers     cached
Mem:          2.0G       1.9G        69M       636K       3.1M        60M
-/+ buffers/cache:       1.8G       133M
Swap:         8.0G       427M       7.6G

             total       used       free     shared    buffers     cached
Mem:          2.0G       1.9G        68M       648K       3.1M        60M
-/+ buffers/cache:       1.8G       132M
Swap:         8.0G       426M       7.6G

             total       used       free     shared    buffers     cached
Mem:          2.0G       1.9G        68M       648K       3.1M        60M
-/+ buffers/cache:       1.8G       131M
Swap:         8.0G       426M       7.6G

             total       used       free     shared    buffers     cached
Mem:          2.0G       1.9G        67M       648K       3.1M        60M
-/+ buffers/cache:       1.8G       131M
Swap:         8.0G       426M       7.6G

             total       used       free     shared    buffers     cached
Mem:          2.0G       1.9G        66M       648K       3.1M        60M
-/+ buffers/cache:       1.8G       130M
Swap:         8.0G       425M       7.6G

             total       used       free     shared    buffers     cached
Mem:          2.0G       1.9G        75M       648K       3.1M        59M
-/+ buffers/cache:       1.8G       138M
Swap:         8.0G       425M       7.6G

             total       used       free     shared    buffers     cached
Mem:          2.0G       1.9G        75M       648K       3.1M        59M
-/+ buffers/cache:       1.8G       138M
Swap:         8.0G       424M       7.6G

             total       used       free     shared    buffers     cached
Mem:          2.0G       1.9G        74M       648K       3.1M        59M
-/+ buffers/cache:       1.8G       137M
Swap:         8.0G       424M       7.6G

             total       used       free     shared    buffers     cached
Mem:          2.0G       1.9G        73M       648K       3.1M        59M
-/+ buffers/cache:       1.8G       136M
Swap:         8.0G       423M       7.6G

             total       used       free     shared    buffers     cached
Mem:          2.0G       1.9G        72M       648K       3.1M        59M
-/+ buffers/cache:       1.8G       135M
Swap:         8.0G       423M       7.6G

             total       used       free     shared    buffers     cached
Mem:          2.0G       1.9G        71M       648K       3.1M        59M
-/+ buffers/cache:       1.8G       134M
Swap:         8.0G       422M       7.6G

             total       used       free     shared    buffers     cached
Mem:          2.0G       1.9G        70M       648K       3.1M        59M
-/+ buffers/cache:       1.8G       133M
Swap:         8.0G       422M       7.6G

             total       used       free     shared    buffers     cached
Mem:          2.0G       1.9G        69M       648K       3.1M        59M
-/+ buffers/cache:       1.8G       132M
Swap:         8.0G       421M       7.6G

             total       used       free     shared    buffers     cached
Mem:          2.0G       1.9G        68M       648K       3.1M        59M
-/+ buffers/cache:       1.8G       131M
Swap:         8.0G       421M       7.6G

             total       used       free     shared    buffers     cached
Mem:          2.0G       1.9G        67M       648K       3.1M        59M
-/+ buffers/cache:       1.8G       130M
Swap:         8.0G       420M       7.6G

             total       used       free     shared    buffers     cached
Mem:          2.0G       1.9G        67M       648K       3.1M        59M
-/+ buffers/cache:       1.8G       129M
Swap:         8.0G       420M       7.6G

             total       used       free     shared    buffers     cached
Mem:          2.0G       1.9G        66M       648K       3.1M        59M
-/+ buffers/cache:       1.8G       129M
Swap:         8.0G       419M       7.6G

             total       used       free     shared    buffers     cached
Mem:          2.0G       1.9G        65M       648K       3.1M        59M
-/+ buffers/cache:       1.8G       127M
Swap:         8.0G       419M       7.6G

             total       used       free     shared    buffers     cached
Mem:          2.0G       1.9G        79M       648K       3.1M        58M
-/+ buffers/cache:       1.8G       140M
Swap:         8.0G       447M       7.6G

             total       used       free     shared    buffers     cached
Mem:          2.0G       1.9G        78M       648K       3.1M        58M
-/+ buffers/cache:       1.8G       139M
Swap:         8.0G       447M       7.6G

             total       used       free     shared    buffers     cached
Mem:          2.0G       1.9G        76M       648K       3.1M        58M
-/+ buffers/cache:       1.8G       138M
Swap:         8.0G       446M       7.6G

             total       used       free     shared    buffers     cached
Mem:          2.0G       1.9G        76M       648K       3.1M        58M
-/+ buffers/cache:       1.8G       137M
Swap:         8.0G       446M       7.6G

             total       used       free     shared    buffers     cached
Mem:          2.0G       1.9G        75M       648K       3.1M        58M
-/+ buffers/cache:       1.8G       137M
Swap:         8.0G       445M       7.6G

             total       used       free     shared    buffers     cached
Mem:          2.0G       1.9G        74M       648K       3.1M        58M
-/+ buffers/cache:       1.8G       135M
Swap:         8.0G       445M       7.6G

             total       used       free     shared    buffers     cached
Mem:          2.0G       1.9G        73M       648K       3.1M        58M
-/+ buffers/cache:       1.8G       134M
Swap:         8.0G       444M       7.6G

             total       used       free     shared    buffers     cached
Mem:          2.0G       1.9G        72M       648K       3.1M        58M
-/+ buffers/cache:       1.8G       133M
Swap:         8.0G       444M       7.6G

             total       used       free     shared    buffers     cached
Mem:          2.0G       1.9G        71M       648K       3.1M        58M
-/+ buffers/cache:       1.8G       133M
Swap:         8.0G       443M       7.6G

             total       used       free     shared    buffers     cached
Mem:          2.0G       1.9G        70M       648K       3.1M        58M
-/+ buffers/cache:       1.8G       132M
Swap:         8.0G       443M       7.6G

             total       used       free     shared    buffers     cached
Mem:          2.0G       1.9G        69M       648K       3.1M        58M
-/+ buffers/cache:       1.8G       131M
Swap:         8.0G       442M       7.6G

             total       used       free     shared    buffers     cached
Mem:          2.0G       1.9G        68M       648K       3.1M        58M
-/+ buffers/cache:       1.8G       130M
Swap:         8.0G       441M       7.6G

             total       used       free     shared    buffers     cached
Mem:          2.0G       1.9G        67M       648K       3.1M        58M
-/+ buffers/cache:       1.8G       129M
Swap:         8.0G       440M       7.6G

             total       used       free     shared    buffers     cached
Mem:          2.0G       1.9G        66M       648K       3.1M        58M
-/+ buffers/cache:       1.8G       128M
Swap:         8.0G       439M       7.6G

             total       used       free     shared    buffers     cached
Mem:          2.0G       1.9G        76M       648K       4.1M        62M
-/+ buffers/cache:       1.8G       143M
Swap:         8.0G       439M       7.6G

             total       used       free     shared    buffers     cached
Mem:          2.0G       1.9G        90M       704K       7.4M        69M
-/+ buffers/cache:       1.8G       168M
Swap:         8.0G       470M       7.5G
