             total       used       free     shared    buffers     cached
Mem:          2.0G       663M       1.3G       3.2M        38M       289M
-/+ buffers/cache:       335M       1.6G
Swap:         8.0G         0B       8.0G

             total       used       free     shared    buffers     cached
Mem:          2.0G       662M       1.3G       1.5M        38M       287M
-/+ buffers/cache:       335M       1.6G
Swap:         8.0G         0B       8.0G

             total       used       free     shared    buffers     cached
Mem:          2.0G       662M       1.3G       1.4M        38M       287M
-/+ buffers/cache:       335M       1.6G
Swap:         8.0G         0B       8.0G

             total       used       free     shared    buffers     cached
Mem:          2.0G       662M       1.3G       1.4M        38M       287M
-/+ buffers/cache:       335M       1.6G
Swap:         8.0G         0B       8.0G

             total       used       free     shared    buffers     cached
Mem:          2.0G       662M       1.3G       1.4M        38M       287M
-/+ buffers/cache:       335M       1.6G
Swap:         8.0G         0B       8.0G

             total       used       free     shared    buffers     cached
Mem:          2.0G       662M       1.3G       1.4M        38M       287M
-/+ buffers/cache:       335M       1.6G
Swap:         8.0G         0B       8.0G

             total       used       free     shared    buffers     cached
Mem:          2.0G       661M       1.3G       1.4M        38M       287M
-/+ buffers/cache:       335M       1.6G
Swap:         8.0G         0B       8.0G

             total       used       free     shared    buffers     cached
Mem:          2.0G       661M       1.3G       1.4M        38M       288M
-/+ buffers/cache:       334M       1.6G
Swap:         8.0G         0B       8.0G

             total       used       free     shared    buffers     cached
Mem:          2.0G       664M       1.3G       1.4M        38M       288M
-/+ buffers/cache:       338M       1.6G
Swap:         8.0G         0B       8.0G

             total       used       free     shared    buffers     cached
Mem:          2.0G       681M       1.3G       1.4M        38M       288M
-/+ buffers/cache:       354M       1.6G
Swap:         8.0G         0B       8.0G

             total       used       free     shared    buffers     cached
Mem:          2.0G       701M       1.3G       1.4M        38M       288M
-/+ buffers/cache:       374M       1.6G
Swap:         8.0G         0B       8.0G

             total       used       free     shared    buffers     cached
Mem:          2.0G       670M       1.3G       1.4M        38M       289M
-/+ buffers/cache:       342M       1.6G
Swap:         8.0G         0B       8.0G

             total       used       free     shared    buffers     cached
Mem:          2.0G       671M       1.3G       1.4M        38M       289M
-/+ buffers/cache:       342M       1.6G
Swap:         8.0G         0B       8.0G

             total       used       free     shared    buffers     cached
Mem:          2.0G       671M       1.3G       1.4M        38M       289M
-/+ buffers/cache:       342M       1.6G
Swap:         8.0G         0B       8.0G

             total       used       free     shared    buffers     cached
Mem:          2.0G       671M       1.3G       1.4M        38M       289M
-/+ buffers/cache:       342M       1.6G
Swap:         8.0G         0B       8.0G

             total       used       free     shared    buffers     cached
Mem:          2.0G       671M       1.3G       1.4M        38M       289M
-/+ buffers/cache:       342M       1.6G
Swap:         8.0G         0B       8.0G

             total       used       free     shared    buffers     cached
Mem:          2.0G       671M       1.3G       1.4M        38M       289M
-/+ buffers/cache:       342M       1.6G
Swap:         8.0G         0B       8.0G

             total       used       free     shared    buffers     cached
Mem:          2.0G       671M       1.3G       1.4M        38M       289M
-/+ buffers/cache:       342M       1.6G
Swap:         8.0G         0B       8.0G

             total       used       free     shared    buffers     cached
Mem:          2.0G       671M       1.3G       1.4M        38M       289M
-/+ buffers/cache:       342M       1.6G
Swap:         8.0G         0B       8.0G

             total       used       free     shared    buffers     cached
Mem:          2.0G       671M       1.3G       1.4M        38M       289M
-/+ buffers/cache:       342M       1.6G
Swap:         8.0G         0B       8.0G

             total       used       free     shared    buffers     cached
Mem:          2.0G       671M       1.3G       1.4M        38M       289M
-/+ buffers/cache:       342M       1.6G
Swap:         8.0G         0B       8.0G

             total       used       free     shared    buffers     cached
Mem:          2.0G       671M       1.3G       1.4M        38M       289M
-/+ buffers/cache:       342M       1.6G
Swap:         8.0G         0B       8.0G

             total       used       free     shared    buffers     cached
Mem:          2.0G       671M       1.3G       1.5M        38M       289M
-/+ buffers/cache:       342M       1.6G
Swap:         8.0G         0B       8.0G

             total       used       free     shared    buffers     cached
Mem:          2.0G       671M       1.3G       1.5M        38M       289M
-/+ buffers/cache:       342M       1.6G
Swap:         8.0G         0B       8.0G

             total       used       free     shared    buffers     cached
Mem:          2.0G       671M       1.3G       1.5M        38M       289M
-/+ buffers/cache:       342M       1.6G
Swap:         8.0G         0B       8.0G

             total       used       free     shared    buffers     cached
Mem:          2.0G       671M       1.3G       1.5M        38M       289M
-/+ buffers/cache:       342M       1.6G
Swap:         8.0G         0B       8.0G

             total       used       free     shared    buffers     cached
Mem:          2.0G       671M       1.3G       1.5M        38M       289M
-/+ buffers/cache:       342M       1.6G
Swap:         8.0G         0B       8.0G

             total       used       free     shared    buffers     cached
Mem:          2.0G       671M       1.3G       1.5M        38M       289M
-/+ buffers/cache:       342M       1.6G
Swap:         8.0G         0B       8.0G

             total       used       free     shared    buffers     cached
Mem:          2.0G       671M       1.3G       1.5M        38M       289M
-/+ buffers/cache:       342M       1.6G
Swap:         8.0G         0B       8.0G

             total       used       free     shared    buffers     cached
Mem:          2.0G       671M       1.3G       1.5M        38M       289M
-/+ buffers/cache:       342M       1.6G
Swap:         8.0G         0B       8.0G

             total       used       free     shared    buffers     cached
Mem:          2.0G       671M       1.3G       1.5M        38M       289M
-/+ buffers/cache:       342M       1.6G
Swap:         8.0G         0B       8.0G

             total       used       free     shared    buffers     cached
Mem:          2.0G       671M       1.3G       1.5M        38M       289M
-/+ buffers/cache:       342M       1.6G
Swap:         8.0G         0B       8.0G

             total       used       free     shared    buffers     cached
Mem:          2.0G       671M       1.3G       1.5M        38M       289M
-/+ buffers/cache:       342M       1.6G
Swap:         8.0G         0B       8.0G

             total       used       free     shared    buffers     cached
Mem:          2.0G       678M       1.3G       1.5M        38M       289M
-/+ buffers/cache:       350M       1.6G
Swap:         8.0G         0B       8.0G

             total       used       free     shared    buffers     cached
Mem:          2.0G       699M       1.3G       1.5M        38M       289M
-/+ buffers/cache:       370M       1.6G
Swap:         8.0G         0B       8.0G

             total       used       free     shared    buffers     cached
Mem:          2.0G       715M       1.3G       1.5M        38M       289M
-/+ buffers/cache:       387M       1.6G
Swap:         8.0G         0B       8.0G

             total       used       free     shared    buffers     cached
Mem:          2.0G       733M       1.2G       1.5M        38M       289M
-/+ buffers/cache:       405M       1.6G
Swap:         8.0G         0B       8.0G

             total       used       free     shared    buffers     cached
Mem:          2.0G       751M       1.2G       1.5M        38M       289M
-/+ buffers/cache:       423M       1.5G
Swap:         8.0G         0B       8.0G

             total       used       free     shared    buffers     cached
Mem:          2.0G       768M       1.2G       1.5M        38M       289M
-/+ buffers/cache:       440M       1.5G
Swap:         8.0G         0B       8.0G

             total       used       free     shared    buffers     cached
Mem:          2.0G       784M       1.2G       1.5M        38M       289M
-/+ buffers/cache:       456M       1.5G
Swap:         8.0G         0B       8.0G

             total       used       free     shared    buffers     cached
Mem:          2.0G       801M       1.2G       1.5M        38M       289M
-/+ buffers/cache:       472M       1.5G
Swap:         8.0G         0B       8.0G

             total       used       free     shared    buffers     cached
Mem:          2.0G       818M       1.2G       1.5M        38M       289M
-/+ buffers/cache:       489M       1.5G
Swap:         8.0G         0B       8.0G

             total       used       free     shared    buffers     cached
Mem:          2.0G       835M       1.1G       1.5M        38M       289M
-/+ buffers/cache:       506M       1.5G
Swap:         8.0G         0B       8.0G

             total       used       free     shared    buffers     cached
Mem:          2.0G       856M       1.1G       1.5M        38M       289M
-/+ buffers/cache:       527M       1.4G
Swap:         8.0G         0B       8.0G

             total       used       free     shared    buffers     cached
Mem:          2.0G       873M       1.1G       1.5M        38M       289M
-/+ buffers/cache:       544M       1.4G
Swap:         8.0G         0B       8.0G

             total       used       free     shared    buffers     cached
Mem:          2.0G       891M       1.1G       1.5M        38M       289M
-/+ buffers/cache:       562M       1.4G
Swap:         8.0G         0B       8.0G

             total       used       free     shared    buffers     cached
Mem:          2.0G       905M       1.1G       1.5M        38M       289M
-/+ buffers/cache:       576M       1.4G
Swap:         8.0G         0B       8.0G

             total       used       free     shared    buffers     cached
Mem:          2.0G       922M       1.1G       1.5M        38M       289M
-/+ buffers/cache:       594M       1.4G
Swap:         8.0G         0B       8.0G

             total       used       free     shared    buffers     cached
Mem:          2.0G       939M       1.0G       1.5M        38M       289M
-/+ buffers/cache:       610M       1.4G
Swap:         8.0G         0B       8.0G

             total       used       free     shared    buffers     cached
Mem:          2.0G       957M       1.0G       1.5M        38M       289M
-/+ buffers/cache:       628M       1.3G
Swap:         8.0G         0B       8.0G

             total       used       free     shared    buffers     cached
Mem:          2.0G       976M       1.0G       1.5M        38M       289M
-/+ buffers/cache:       647M       1.3G
Swap:         8.0G         0B       8.0G

             total       used       free     shared    buffers     cached
Mem:          2.0G       995M       1.0G       1.5M        38M       289M
-/+ buffers/cache:       667M       1.3G
Swap:         8.0G         0B       8.0G

             total       used       free     shared    buffers     cached
Mem:          2.0G       1.0G       984M       1.5M        38M       289M
-/+ buffers/cache:       687M       1.3G
Swap:         8.0G         0B       8.0G

             total       used       free     shared    buffers     cached
Mem:          2.0G       1.0G       965M       1.5M        38M       289M
-/+ buffers/cache:       706M       1.3G
Swap:         8.0G         0B       8.0G

             total       used       free     shared    buffers     cached
Mem:          2.0G       1.0G       944M       1.5M        38M       289M
-/+ buffers/cache:       727M       1.2G
Swap:         8.0G         0B       8.0G

             total       used       free     shared    buffers     cached
Mem:          2.0G       1.0G       926M       1.5M        38M       289M
-/+ buffers/cache:       745M       1.2G
Swap:         8.0G         0B       8.0G

             total       used       free     shared    buffers     cached
Mem:          2.0G       1.1G       906M       1.5M        38M       289M
-/+ buffers/cache:       765M       1.2G
Swap:         8.0G         0B       8.0G

             total       used       free     shared    buffers     cached
Mem:          2.0G       1.1G       887M       1.5M        38M       289M
-/+ buffers/cache:       784M       1.2G
Swap:         8.0G         0B       8.0G

             total       used       free     shared    buffers     cached
Mem:          2.0G       1.1G       876M       1.5M        38M       289M
-/+ buffers/cache:       795M       1.2G
Swap:         8.0G         0B       8.0G

             total       used       free     shared    buffers     cached
Mem:          2.0G       1.1G       856M       1.5M        38M       289M
-/+ buffers/cache:       815M       1.2G
Swap:         8.0G         0B       8.0G

             total       used       free     shared    buffers     cached
Mem:          2.0G       1.1G       838M       1.5M        38M       289M
-/+ buffers/cache:       833M       1.1G
Swap:         8.0G         0B       8.0G

             total       used       free     shared    buffers     cached
Mem:          2.0G       1.2G       818M       1.5M        38M       289M
-/+ buffers/cache:       853M       1.1G
Swap:         8.0G         0B       8.0G

             total       used       free     shared    buffers     cached
Mem:          2.0G       1.2G       798M       1.5M        38M       289M
-/+ buffers/cache:       873M       1.1G
Swap:         8.0G         0B       8.0G

             total       used       free     shared    buffers     cached
Mem:          2.0G       1.2G       777M       1.5M        38M       289M
-/+ buffers/cache:       893M       1.1G
Swap:         8.0G         0B       8.0G

             total       used       free     shared    buffers     cached
Mem:          2.0G       1.2G       759M       1.5M        38M       289M
-/+ buffers/cache:       912M       1.1G
Swap:         8.0G         0B       8.0G

             total       used       free     shared    buffers     cached
Mem:          2.0G       1.2G       739M       1.5M        38M       289M
-/+ buffers/cache:       932M       1.0G
Swap:         8.0G         0B       8.0G

             total       used       free     shared    buffers     cached
Mem:          2.0G       1.3G       720M       1.5M        38M       289M
-/+ buffers/cache:       951M       1.0G
Swap:         8.0G         0B       8.0G

             total       used       free     shared    buffers     cached
Mem:          2.0G       1.3G       701M       1.5M        38M       289M
-/+ buffers/cache:       970M       1.0G
Swap:         8.0G         0B       8.0G

             total       used       free     shared    buffers     cached
Mem:          2.0G       1.3G       679M       1.5M        38M       290M
-/+ buffers/cache:       992M       1.0G
Swap:         8.0G         0B       8.0G

             total       used       free     shared    buffers     cached
Mem:          2.0G       1.3G       659M       1.5M        38M       290M
-/+ buffers/cache:       1.0G       988M
Swap:         8.0G         0B       8.0G

             total       used       free     shared    buffers     cached
Mem:          2.0G       1.3G       642M       1.5M        38M       290M
-/+ buffers/cache:       1.0G       971M
Swap:         8.0G         0B       8.0G

             total       used       free     shared    buffers     cached
Mem:          2.0G       1.3G       623M       1.5M        38M       290M
-/+ buffers/cache:       1.0G       952M
Swap:         8.0G         0B       8.0G

             total       used       free     shared    buffers     cached
Mem:          2.0G       1.4G       604M       1.5M        38M       290M
-/+ buffers/cache:       1.0G       933M
Swap:         8.0G         0B       8.0G

             total       used       free     shared    buffers     cached
Mem:          2.0G       1.4G       585M       1.5M        38M       290M
-/+ buffers/cache:       1.1G       914M
Swap:         8.0G         0B       8.0G

             total       used       free     shared    buffers     cached
Mem:          2.0G       1.4G       565M       1.5M        38M       290M
-/+ buffers/cache:       1.1G       894M
Swap:         8.0G         0B       8.0G

             total       used       free     shared    buffers     cached
Mem:          2.0G       1.4G       545M       1.5M        38M       290M
-/+ buffers/cache:       1.1G       874M
Swap:         8.0G         0B       8.0G

             total       used       free     shared    buffers     cached
Mem:          2.0G       1.4G       525M       1.5M        38M       290M
-/+ buffers/cache:       1.1G       853M
Swap:         8.0G         0B       8.0G

             total       used       free     shared    buffers     cached
Mem:          2.0G       1.5G       505M       1.5M        38M       290M
-/+ buffers/cache:       1.1G       834M
Swap:         8.0G         0B       8.0G

             total       used       free     shared    buffers     cached
Mem:          2.0G       1.5G       483M       1.5M        38M       290M
-/+ buffers/cache:       1.2G       812M
Swap:         8.0G         0B       8.0G

             total       used       free     shared    buffers     cached
Mem:          2.0G       1.5G       461M       1.5M        38M       290M
-/+ buffers/cache:       1.2G       790M
Swap:         8.0G         0B       8.0G

             total       used       free     shared    buffers     cached
Mem:          2.0G       1.5G       441M       1.5M        38M       290M
-/+ buffers/cache:       1.2G       770M
Swap:         8.0G         0B       8.0G

             total       used       free     shared    buffers     cached
Mem:          2.0G       1.5G       427M       1.5M        38M       290M
-/+ buffers/cache:       1.2G       756M
Swap:         8.0G         0B       8.0G

             total       used       free     shared    buffers     cached
Mem:          2.0G       1.5G       415M       1.5M        38M       290M
-/+ buffers/cache:       1.2G       744M
Swap:         8.0G         0B       8.0G

             total       used       free     shared    buffers     cached
Mem:          2.0G       1.6G       396M       1.5M        38M       290M
-/+ buffers/cache:       1.2G       725M
Swap:         8.0G         0B       8.0G

             total       used       free     shared    buffers     cached
Mem:          2.0G       1.6G       375M       1.5M        38M       290M
-/+ buffers/cache:       1.3G       704M
Swap:         8.0G         0B       8.0G

             total       used       free     shared    buffers     cached
Mem:          2.0G       1.6G       357M       1.5M        38M       290M
-/+ buffers/cache:       1.3G       686M
Swap:         8.0G         0B       8.0G

             total       used       free     shared    buffers     cached
Mem:          2.0G       1.6G       337M       1.5M        38M       290M
-/+ buffers/cache:       1.3G       666M
Swap:         8.0G         0B       8.0G

             total       used       free     shared    buffers     cached
Mem:          2.0G       1.6G       318M       1.5M        38M       290M
-/+ buffers/cache:       1.3G       647M
Swap:         8.0G         0B       8.0G

             total       used       free     shared    buffers     cached
Mem:          2.0G       1.7G       298M       1.5M        38M       290M
-/+ buffers/cache:       1.3G       627M
Swap:         8.0G         0B       8.0G

             total       used       free     shared    buffers     cached
Mem:          2.0G       1.7G       279M       1.5M        38M       290M
-/+ buffers/cache:       1.4G       608M
Swap:         8.0G         0B       8.0G

             total       used       free     shared    buffers     cached
Mem:          2.0G       1.7G       260M       1.5M        38M       290M
-/+ buffers/cache:       1.4G       589M
Swap:         8.0G         0B       8.0G

             total       used       free     shared    buffers     cached
Mem:          2.0G       1.7G       241M       1.5M        38M       290M
-/+ buffers/cache:       1.4G       570M
Swap:         8.0G         0B       8.0G

             total       used       free     shared    buffers     cached
Mem:          2.0G       1.7G       224M       1.5M        38M       290M
-/+ buffers/cache:       1.4G       553M
Swap:         8.0G         0B       8.0G

             total       used       free     shared    buffers     cached
Mem:          2.0G       1.8G       207M       1.5M        38M       290M
-/+ buffers/cache:       1.4G       536M
Swap:         8.0G         0B       8.0G

             total       used       free     shared    buffers     cached
Mem:          2.0G       1.8G       190M       1.5M        38M       290M
-/+ buffers/cache:       1.4G       519M
Swap:         8.0G         0B       8.0G

             total       used       free     shared    buffers     cached
Mem:          2.0G       1.8G       174M       1.5M        38M       290M
-/+ buffers/cache:       1.5G       503M
Swap:         8.0G         0B       8.0G

             total       used       free     shared    buffers     cached
Mem:          2.0G       1.8G       158M       1.5M        38M       290M
-/+ buffers/cache:       1.5G       487M
Swap:         8.0G         0B       8.0G

             total       used       free     shared    buffers     cached
Mem:          2.0G       1.8G       139M       1.5M        38M       290M
-/+ buffers/cache:       1.5G       468M
Swap:         8.0G         0B       8.0G

             total       used       free     shared    buffers     cached
Mem:          2.0G       1.8G       121M       1.5M        38M       290M
-/+ buffers/cache:       1.5G       450M
Swap:         8.0G         0B       8.0G

             total       used       free     shared    buffers     cached
Mem:          2.0G       1.9G       102M       1.5M        38M       290M
-/+ buffers/cache:       1.5G       431M
Swap:         8.0G         0B       8.0G

             total       used       free     shared    buffers     cached
Mem:          2.0G       1.9G        82M       1.5M        38M       290M
-/+ buffers/cache:       1.6G       411M
Swap:         8.0G         0B       8.0G

             total       used       free     shared    buffers     cached
Mem:          2.0G       1.9G        84M       1.5M        17M       288M
-/+ buffers/cache:       1.6G       390M
Swap:         8.0G         0B       8.0G

             total       used       free     shared    buffers     cached
Mem:          2.0G       1.9G        67M       1.5M        17M       288M
-/+ buffers/cache:       1.6G       374M
Swap:         8.0G         0B       8.0G

             total       used       free     shared    buffers     cached
Mem:          2.0G       1.9G        65M       1.5M        10M       279M
-/+ buffers/cache:       1.6G       355M
Swap:         8.0G         0B       8.0G

             total       used       free     shared    buffers     cached
Mem:          2.0G       1.9G        80M       1.3M       9.8M       244M
-/+ buffers/cache:       1.6G       335M
Swap:         8.0G       872K       8.0G

             total       used       free     shared    buffers     cached
Mem:          2.0G       1.9G        76M       1.2M       9.8M       232M
-/+ buffers/cache:       1.6G       319M
Swap:         8.0G       6.4M       8.0G

             total       used       free     shared    buffers     cached
Mem:          2.0G       1.9G        91M       1.2M       8.8M       206M
-/+ buffers/cache:       1.7G       306M
Swap:         8.0G        11M       8.0G

             total       used       free     shared    buffers     cached
Mem:          2.0G       1.9G        73M       1.2M       8.8M       206M
-/+ buffers/cache:       1.7G       289M
Swap:         8.0G        11M       8.0G

             total       used       free     shared    buffers     cached
Mem:          2.0G       1.9G        70M       1.2M       2.7M       199M
-/+ buffers/cache:       1.7G       272M
Swap:         8.0G        11M       8.0G

             total       used       free     shared    buffers     cached
Mem:          2.0G       1.9G        68M       1.2M       972K       184M
-/+ buffers/cache:       1.7G       254M
Swap:         8.0G        11M       8.0G

             total       used       free     shared    buffers     cached
Mem:          2.0G       1.9G        73M       1.2M       312K       163M
-/+ buffers/cache:       1.7G       237M
Swap:         8.0G        11M       8.0G

             total       used       free     shared    buffers     cached
Mem:          2.0G       1.9G        76M       1.2M       300K       143M
-/+ buffers/cache:       1.7G       220M
Swap:         8.0G        11M       8.0G

             total       used       free     shared    buffers     cached
Mem:          2.0G       1.9G        76M       1.2M        76K       126M
-/+ buffers/cache:       1.8G       203M
Swap:         8.0G        11M       8.0G

             total       used       free     shared    buffers     cached
Mem:          2.0G       1.9G        75M       1.2M        80K       111M
-/+ buffers/cache:       1.8G       187M
Swap:         8.0G        11M       8.0G

             total       used       free     shared    buffers     cached
Mem:          2.0G       1.9G        72M       1.2M        92K        98M
-/+ buffers/cache:       1.8G       170M
Swap:         8.0G        11M       8.0G

             total       used       free     shared    buffers     cached
Mem:          2.0G       1.9G        68M       1.2M       100K        86M
-/+ buffers/cache:       1.8G       155M
Swap:         8.0G        11M       8.0G

             total       used       free     shared    buffers     cached
Mem:          2.0G       1.9G        73M       1.2M       104K        67M
-/+ buffers/cache:       1.8G       141M
Swap:         8.0G        11M       8.0G

             total       used       free     shared    buffers     cached
Mem:          2.0G       1.9G        70M       1.2M       104K        51M
-/+ buffers/cache:       1.8G       122M
Swap:         8.0G        11M       8.0G

             total       used       free     shared    buffers     cached
Mem:          2.0G       1.9G        76M       1.2M       516K        30M
-/+ buffers/cache:       1.8G       107M
Swap:         8.0G        11M       8.0G

             total       used       free     shared    buffers     cached
Mem:          2.0G       1.9G        70M       1.2M       516K        17M
-/+ buffers/cache:       1.9G        89M
Swap:         8.0G        11M       8.0G

             total       used       free     shared    buffers     cached
Mem:          2.0G       1.9G        75M       1.0M       524K       3.5M
-/+ buffers/cache:       1.9G        79M
Swap:         8.0G        17M       8.0G

             total       used       free     shared    buffers     cached
Mem:          2.0G       1.9G        76M       704K       524K       2.5M
-/+ buffers/cache:       1.9G        79M
Swap:         8.0G        42M       8.0G

             total       used       free     shared    buffers     cached
Mem:          2.0G       1.9G        71M       700K       524K       2.3M
-/+ buffers/cache:       1.9G        74M
Swap:         8.0G        54M       7.9G

             total       used       free     shared    buffers     cached
Mem:          2.0G       1.9G        67M       636K       524K       2.3M
-/+ buffers/cache:       1.9G        70M
Swap:         8.0G        98M       7.9G

             total       used       free     shared    buffers     cached
Mem:          2.0G       1.9G        69M       656K       524K       2.3M
-/+ buffers/cache:       1.9G        72M
Swap:         8.0G        98M       7.9G

             total       used       free     shared    buffers     cached
Mem:          2.0G       1.9G        68M       656K       532K       2.3M
-/+ buffers/cache:       1.9G        71M
Swap:         8.0G        98M       7.9G

             total       used       free     shared    buffers     cached
Mem:          2.0G       1.9G        67M       656K       532K       2.3M
-/+ buffers/cache:       1.9G        70M
Swap:         8.0G       119M       7.9G

             total       used       free     shared    buffers     cached
Mem:          2.0G       1.9G        69M       648K       532K       2.2M
-/+ buffers/cache:       1.9G        72M
Swap:         8.0G       151M       7.8G

             total       used       free     shared    buffers     cached
Mem:          2.0G       1.9G        94M       588K        84K       2.6M
-/+ buffers/cache:       1.9G        97M
Swap:         8.0G       180M       7.8G

             total       used       free     shared    buffers     cached
Mem:          2.0G       1.9G        80M       576K        84K       2.6M
-/+ buffers/cache:       1.9G        82M
Swap:         8.0G       180M       7.8G

             total       used       free     shared    buffers     cached
Mem:          2.0G       1.9G        85M       576K        76K        19M
-/+ buffers/cache:       1.9G       105M
Swap:         8.0G       240M       7.8G

             total       used       free     shared    buffers     cached
Mem:          2.0G       1.9G        69M       564K        84K        20M
-/+ buffers/cache:       1.9G        90M
Swap:         8.0G       240M       7.8G

             total       used       free     shared    buffers     cached
Mem:          2.0G       1.9G        74M       564K       528K        20M
-/+ buffers/cache:       1.9G        95M
Swap:         8.0G       240M       7.8G

             total       used       free     shared    buffers     cached
Mem:          2.0G       1.9G        67M       564K       528K        20M
-/+ buffers/cache:       1.9G        88M
Swap:         8.0G       240M       7.8G

             total       used       free     shared    buffers     cached
Mem:          2.0G       1.9G        77M       564K       528K        19M
-/+ buffers/cache:       1.9G        97M
Swap:         8.0G       246M       7.8G

             total       used       free     shared    buffers     cached
Mem:          2.0G       1.9G        66M       536K       528K        19M
-/+ buffers/cache:       1.9G        86M
Swap:         8.0G       246M       7.8G

             total       used       free     shared    buffers     cached
Mem:          2.0G       1.9G        75M       536K        80K       5.8M
-/+ buffers/cache:       1.9G        81M
Swap:         8.0G       260M       7.7G

             total       used       free     shared    buffers     cached
Mem:          2.0G       1.9G        65M       536K        84K       6.4M
-/+ buffers/cache:       1.9G        72M
Swap:         8.0G       262M       7.7G

             total       used       free     shared    buffers     cached
Mem:          2.0G       1.9G        66M       536K        84K       6.3M
-/+ buffers/cache:       1.9G        73M
Swap:         8.0G       284M       7.7G

             total       used       free     shared    buffers     cached
Mem:          2.0G       1.9G        71M       536K        88K       6.2M
-/+ buffers/cache:       1.9G        77M
Swap:         8.0G       289M       7.7G

             total       used       free     shared    buffers     cached
Mem:          2.0G       1.9G        70M       536K        88K       6.6M
-/+ buffers/cache:       1.9G        76M
Swap:         8.0G       289M       7.7G

             total       used       free     shared    buffers     cached
Mem:          2.0G       1.9G        69M       536K        88K       6.6M
-/+ buffers/cache:       1.9G        76M
Swap:         8.0G       288M       7.7G

             total       used       free     shared    buffers     cached
Mem:          2.0G       1.9G        69M       536K        96K       6.6M
-/+ buffers/cache:       1.9G        75M
Swap:         8.0G       288M       7.7G

             total       used       free     shared    buffers     cached
Mem:          2.0G       1.9G        68M       536K        96K       6.6M
-/+ buffers/cache:       1.9G        75M
Swap:         8.0G       287M       7.7G

             total       used       free     shared    buffers     cached
Mem:          2.0G       1.9G        67M       536K        96K       6.6M
-/+ buffers/cache:       1.9G        74M
Swap:         8.0G       287M       7.7G

             total       used       free     shared    buffers     cached
Mem:          2.0G       1.9G        66M       536K        96K       6.6M
-/+ buffers/cache:       1.9G        73M
Swap:         8.0G       287M       7.7G

             total       used       free     shared    buffers     cached
Mem:          2.0G       1.9G        65M       536K        96K       6.7M
-/+ buffers/cache:       1.9G        72M
Swap:         8.0G       286M       7.7G

             total       used       free     shared    buffers     cached
Mem:          2.0G       1.9G        65M       536K       104K       6.7M
-/+ buffers/cache:       1.9G        72M
Swap:         8.0G       286M       7.7G

             total       used       free     shared    buffers     cached
Mem:          2.0G       1.9G        85M       536K       104K       6.3M
-/+ buffers/cache:       1.9G        91M
Swap:         8.0G       329M       7.7G

             total       used       free     shared    buffers     cached
Mem:          2.0G       1.9G        84M       536K       104K       6.3M
-/+ buffers/cache:       1.9G        91M
Swap:         8.0G       329M       7.7G

             total       used       free     shared    buffers     cached
Mem:          2.0G       1.9G        83M       536K       104K       6.3M
-/+ buffers/cache:       1.9G        90M
Swap:         8.0G       328M       7.7G

             total       used       free     shared    buffers     cached
Mem:          2.0G       1.9G        82M       536K       104K       6.3M
-/+ buffers/cache:       1.9G        89M
Swap:         8.0G       327M       7.7G

             total       used       free     shared    buffers     cached
Mem:          2.0G       1.9G        82M       536K       112K       6.3M
-/+ buffers/cache:       1.9G        88M
Swap:         8.0G       327M       7.7G

             total       used       free     shared    buffers     cached
Mem:          2.0G       1.9G        81M       536K       112K       6.3M
-/+ buffers/cache:       1.9G        87M
Swap:         8.0G       326M       7.7G

             total       used       free     shared    buffers     cached
Mem:          2.0G       1.9G        80M       536K       112K       6.3M
-/+ buffers/cache:       1.9G        86M
Swap:         8.0G       326M       7.7G

             total       used       free     shared    buffers     cached
Mem:          2.0G       1.9G        79M       536K       112K       6.3M
-/+ buffers/cache:       1.9G        85M
Swap:         8.0G       325M       7.7G

             total       used       free     shared    buffers     cached
Mem:          2.0G       1.9G        78M       536K       112K       6.3M
-/+ buffers/cache:       1.9G        85M
Swap:         8.0G       324M       7.7G

             total       used       free     shared    buffers     cached
Mem:          2.0G       1.9G        77M       536K       112K       6.3M
-/+ buffers/cache:       1.9G        84M
Swap:         8.0G       324M       7.7G

             total       used       free     shared    buffers     cached
Mem:          2.0G       1.9G        76M       536K       120K       6.3M
-/+ buffers/cache:       1.9G        83M
Swap:         8.0G       323M       7.7G

             total       used       free     shared    buffers     cached
Mem:          2.0G       1.9G        76M       536K       120K       6.3M
-/+ buffers/cache:       1.9G        82M
Swap:         8.0G       322M       7.7G

             total       used       free     shared    buffers     cached
Mem:          2.0G       1.9G        75M       536K       120K       6.3M
-/+ buffers/cache:       1.9G        81M
Swap:         8.0G       321M       7.7G

             total       used       free     shared    buffers     cached
Mem:          2.0G       1.9G        74M       536K       120K       6.3M
-/+ buffers/cache:       1.9G        80M
Swap:         8.0G       321M       7.7G

             total       used       free     shared    buffers     cached
Mem:          2.0G       1.9G        73M       536K       120K       6.3M
-/+ buffers/cache:       1.9G        79M
Swap:         8.0G       320M       7.7G

             total       used       free     shared    buffers     cached
Mem:          2.0G       1.9G        72M       536K       128K       6.3M
-/+ buffers/cache:       1.9G        79M
Swap:         8.0G       319M       7.7G

             total       used       free     shared    buffers     cached
Mem:          2.0G       1.9G        71M       536K       128K       6.3M
-/+ buffers/cache:       1.9G        78M
Swap:         8.0G       319M       7.7G

             total       used       free     shared    buffers     cached
Mem:          2.0G       1.9G        71M       536K       128K       6.3M
-/+ buffers/cache:       1.9G        77M
Swap:         8.0G       318M       7.7G

             total       used       free     shared    buffers     cached
Mem:          2.0G       1.9G        70M       536K       128K       6.3M
-/+ buffers/cache:       1.9G        76M
Swap:         8.0G       317M       7.7G

             total       used       free     shared    buffers     cached
Mem:          2.0G       1.9G        69M       536K       128K       6.3M
-/+ buffers/cache:       1.9G        75M
Swap:         8.0G       316M       7.7G

             total       used       free     shared    buffers     cached
Mem:          2.0G       1.9G        68M       536K       136K       6.3M
-/+ buffers/cache:       1.9G        75M
Swap:         8.0G       316M       7.7G

             total       used       free     shared    buffers     cached
Mem:          2.0G       1.9G        67M       536K       136K       6.3M
-/+ buffers/cache:       1.9G        74M
Swap:         8.0G       315M       7.7G

             total       used       free     shared    buffers     cached
Mem:          2.0G       1.9G        67M       536K       136K       6.3M
-/+ buffers/cache:       1.9G        73M
Swap:         8.0G       314M       7.7G

             total       used       free     shared    buffers     cached
Mem:          2.0G       1.9G        66M       536K       136K       6.3M
-/+ buffers/cache:       1.9G        72M
Swap:         8.0G       313M       7.7G

             total       used       free     shared    buffers     cached
Mem:          2.0G       1.9G        65M       536K       136K       6.3M
-/+ buffers/cache:       1.9G        72M
Swap:         8.0G       313M       7.7G

             total       used       free     shared    buffers     cached
Mem:          2.0G       1.9G        65M       536K       136K       6.3M
-/+ buffers/cache:       1.9G        71M
Swap:         8.0G       312M       7.7G

             total       used       free     shared    buffers     cached
Mem:          2.0G       1.9G        77M       536K       156K       6.2M
-/+ buffers/cache:       1.9G        84M
Swap:         8.0G       311M       7.7G

             total       used       free     shared    buffers     cached
Mem:          2.0G       1.9G        77M       536K       156K       6.2M
-/+ buffers/cache:       1.9G        83M
Swap:         8.0G       311M       7.7G

             total       used       free     shared    buffers     cached
Mem:          2.0G       1.9G        76M       536K       156K       6.3M
-/+ buffers/cache:       1.9G        83M
Swap:         8.0G       311M       7.7G

             total       used       free     shared    buffers     cached
Mem:          2.0G       1.9G        75M       536K       156K       6.2M
-/+ buffers/cache:       1.9G        82M
Swap:         8.0G       310M       7.7G

             total       used       free     shared    buffers     cached
Mem:          2.0G       1.9G        75M       536K       156K       6.2M
-/+ buffers/cache:       1.9G        81M
Swap:         8.0G       310M       7.7G

             total       used       free     shared    buffers     cached
Mem:          2.0G       1.9G        74M       536K       164K       6.2M
-/+ buffers/cache:       1.9G        81M
Swap:         8.0G       309M       7.7G

             total       used       free     shared    buffers     cached
Mem:          2.0G       1.9G        72M       536K       592K       6.8M
-/+ buffers/cache:       1.9G        79M
Swap:         8.0G       309M       7.7G

             total       used       free     shared    buffers     cached
Mem:          2.0G       1.9G        78M       536K        92K        25M
-/+ buffers/cache:       1.9G       103M
Swap:         8.0G       336M       7.7G

             total       used       free     shared    buffers     cached
Mem:          2.0G       1.9G        77M       540K       244K        25M
-/+ buffers/cache:       1.9G       103M
Swap:         8.0G       335M       7.7G

             total       used       free     shared    buffers     cached
Mem:          2.0G       1.9G        76M       540K       244K        25M
-/+ buffers/cache:       1.9G       102M
Swap:         8.0G       335M       7.7G

             total       used       free     shared    buffers     cached
Mem:          2.0G       1.9G        75M       540K       244K        25M
-/+ buffers/cache:       1.9G       101M
Swap:         8.0G       334M       7.7G

             total       used       free     shared    buffers     cached
Mem:          2.0G       1.9G        74M       540K       256K        26M
-/+ buffers/cache:       1.9G       100M
Swap:         8.0G       334M       7.7G

             total       used       free     shared    buffers     cached
Mem:          2.0G       1.9G        73M       540K       256K        26M
-/+ buffers/cache:       1.9G        99M
Swap:         8.0G       333M       7.7G

             total       used       free     shared    buffers     cached
Mem:          2.0G       1.9G        72M       540K       256K        26M
-/+ buffers/cache:       1.9G        98M
Swap:         8.0G       333M       7.7G

             total       used       free     shared    buffers     cached
Mem:          2.0G       1.9G        69M       540K       256K        27M
-/+ buffers/cache:       1.9G        97M
Swap:         8.0G       332M       7.7G

             total       used       free     shared    buffers     cached
Mem:          2.0G       1.9G        68M       540K       256K        27M
-/+ buffers/cache:       1.9G        96M
Swap:         8.0G       331M       7.7G

             total       used       free     shared    buffers     cached
Mem:          2.0G       1.9G        81M       540K       212K        27M
-/+ buffers/cache:       1.8G       109M
Swap:         8.0G       361M       7.6G

             total       used       free     shared    buffers     cached
Mem:          2.0G       1.9G        80M       540K       212K        27M
-/+ buffers/cache:       1.8G       109M
Swap:         8.0G       361M       7.6G

             total       used       free     shared    buffers     cached
Mem:          2.0G       1.9G        79M       540K       528K        28M
-/+ buffers/cache:       1.8G       108M
Swap:         8.0G       360M       7.6G

             total       used       free     shared    buffers     cached
Mem:          2.0G       1.9G        78M       540K       528K        28M
-/+ buffers/cache:       1.8G       107M
Swap:         8.0G       359M       7.6G

             total       used       free     shared    buffers     cached
Mem:          2.0G       1.9G        76M       540K       528K        29M
-/+ buffers/cache:       1.8G       106M
Swap:         8.0G       359M       7.6G

             total       used       free     shared    buffers     cached
Mem:          2.0G       1.9G        76M       540K       536K        29M
-/+ buffers/cache:       1.8G       105M
Swap:         8.0G       359M       7.6G

             total       used       free     shared    buffers     cached
Mem:          2.0G       1.9G        75M       540K       540K        29M
-/+ buffers/cache:       1.9G       105M
Swap:         8.0G       358M       7.6G

             total       used       free     shared    buffers     cached
Mem:          2.0G       1.9G        75M       540K       540K        29M
-/+ buffers/cache:       1.9G       104M
Swap:         8.0G       358M       7.6G

             total       used       free     shared    buffers     cached
Mem:          2.0G       1.9G        74M       540K       540K        29M
-/+ buffers/cache:       1.9G       104M
Swap:         8.0G       357M       7.6G

             total       used       free     shared    buffers     cached
Mem:          2.0G       1.9G        73M       540K       540K        29M
-/+ buffers/cache:       1.9G       103M
Swap:         8.0G       357M       7.6G

             total       used       free     shared    buffers     cached
Mem:          2.0G       1.9G        73M       540K       540K        29M
-/+ buffers/cache:       1.9G       102M
Swap:         8.0G       357M       7.6G

             total       used       free     shared    buffers     cached
Mem:          2.0G       1.9G        72M       540K       548K        29M
-/+ buffers/cache:       1.9G       102M
Swap:         8.0G       356M       7.6G

             total       used       free     shared    buffers     cached
Mem:          2.0G       1.9G        71M       540K       548K        29M
-/+ buffers/cache:       1.9G       101M
Swap:         8.0G       356M       7.6G

             total       used       free     shared    buffers     cached
Mem:          2.0G       1.9G        71M       540K       548K        29M
-/+ buffers/cache:       1.9G       101M
Swap:         8.0G       355M       7.6G

             total       used       free     shared    buffers     cached
Mem:          2.0G       1.9G        70M       540K       548K        29M
-/+ buffers/cache:       1.9G       100M
Swap:         8.0G       355M       7.7G

             total       used       free     shared    buffers     cached
Mem:          2.0G       1.9G        70M       540K       548K        29M
-/+ buffers/cache:       1.9G       100M
Swap:         8.0G       354M       7.7G

             total       used       free     shared    buffers     cached
Mem:          2.0G       1.9G        69M       540K       556K        29M
-/+ buffers/cache:       1.9G        99M
Swap:         8.0G       354M       7.7G

             total       used       free     shared    buffers     cached
Mem:          2.0G       1.9G        69M       540K       556K        29M
-/+ buffers/cache:       1.9G        99M
Swap:         8.0G       354M       7.7G

             total       used       free     shared    buffers     cached
Mem:          2.0G       1.9G        68M       540K       556K        29M
-/+ buffers/cache:       1.9G        98M
Swap:         8.0G       353M       7.7G

             total       used       free     shared    buffers     cached
Mem:          2.0G       1.9G        68M       540K       556K        29M
-/+ buffers/cache:       1.9G        97M
Swap:         8.0G       353M       7.7G

             total       used       free     shared    buffers     cached
Mem:          2.0G       1.9G        67M       540K       556K        29M
-/+ buffers/cache:       1.9G        97M
Swap:         8.0G       352M       7.7G

             total       used       free     shared    buffers     cached
Mem:          2.0G       1.9G        67M       540K       556K        29M
-/+ buffers/cache:       1.9G        96M
Swap:         8.0G       352M       7.7G

             total       used       free     shared    buffers     cached
Mem:          2.0G       1.9G        66M       540K       564K        29M
-/+ buffers/cache:       1.9G        96M
Swap:         8.0G       351M       7.7G

             total       used       free     shared    buffers     cached
Mem:          2.0G       1.9G        65M       540K       564K        29M
-/+ buffers/cache:       1.9G        95M
Swap:         8.0G       351M       7.7G

             total       used       free     shared    buffers     cached
Mem:          2.0G       1.9G        65M       540K       564K        29M
-/+ buffers/cache:       1.9G        94M
Swap:         8.0G       351M       7.7G

             total       used       free     shared    buffers     cached
Mem:          2.0G       1.9G        77M       540K       564K        28M
-/+ buffers/cache:       1.8G       106M
Swap:         8.0G       350M       7.7G

             total       used       free     shared    buffers     cached
Mem:          2.0G       1.9G        77M       540K       564K        28M
-/+ buffers/cache:       1.8G       106M
Swap:         8.0G       350M       7.7G

             total       used       free     shared    buffers     cached
Mem:          2.0G       1.9G        76M       540K       572K        28M
-/+ buffers/cache:       1.9G       105M
Swap:         8.0G       349M       7.7G

             total       used       free     shared    buffers     cached
Mem:          2.0G       1.9G        75M       540K       572K        28M
-/+ buffers/cache:       1.9G       105M
Swap:         8.0G       349M       7.7G

             total       used       free     shared    buffers     cached
Mem:          2.0G       1.9G        75M       540K       572K        28M
-/+ buffers/cache:       1.9G       104M
Swap:         8.0G       349M       7.7G

             total       used       free     shared    buffers     cached
Mem:          2.0G       1.9G        74M       540K       572K        28M
-/+ buffers/cache:       1.9G       104M
Swap:         8.0G       348M       7.7G

             total       used       free     shared    buffers     cached
Mem:          2.0G       1.9G        74M       540K       572K        28M
-/+ buffers/cache:       1.9G       103M
Swap:         8.0G       348M       7.7G

             total       used       free     shared    buffers     cached
Mem:          2.0G       1.9G        73M       540K       572K        28M
-/+ buffers/cache:       1.9G       103M
Swap:         8.0G       348M       7.7G

             total       used       free     shared    buffers     cached
Mem:          2.0G       1.9G        73M       540K       580K        28M
-/+ buffers/cache:       1.9G       102M
Swap:         8.0G       347M       7.7G

             total       used       free     shared    buffers     cached
Mem:          2.0G       1.9G        72M       540K       580K        28M
-/+ buffers/cache:       1.9G       101M
Swap:         8.0G       347M       7.7G

             total       used       free     shared    buffers     cached
Mem:          2.0G       1.9G        71M       540K       580K        28M
-/+ buffers/cache:       1.9G       101M
Swap:         8.0G       346M       7.7G

             total       used       free     shared    buffers     cached
Mem:          2.0G       1.9G        70M       540K       580K        28M
-/+ buffers/cache:       1.9G       100M
Swap:         8.0G       345M       7.7G

             total       used       free     shared    buffers     cached
Mem:          2.0G       1.9G        70M       540K       580K        28M
-/+ buffers/cache:       1.9G        99M
Swap:         8.0G       344M       7.7G

             total       used       free     shared    buffers     cached
Mem:          2.0G       1.9G        69M       540K       588K        28M
-/+ buffers/cache:       1.9G        98M
Swap:         8.0G       343M       7.7G

             total       used       free     shared    buffers     cached
Mem:          2.0G       1.9G        68M       540K       588K        28M
-/+ buffers/cache:       1.9G        98M
Swap:         8.0G       342M       7.7G

             total       used       free     shared    buffers     cached
Mem:          2.0G       1.9G        67M       540K       588K        28M
-/+ buffers/cache:       1.9G        97M
Swap:         8.0G       341M       7.7G

             total       used       free     shared    buffers     cached
Mem:          2.0G       1.9G        67M       540K       588K        28M
-/+ buffers/cache:       1.9G        96M
Swap:         8.0G       341M       7.7G

             total       used       free     shared    buffers     cached
Mem:          2.0G       1.9G        66M       540K       588K        28M
-/+ buffers/cache:       1.9G        96M
Swap:         8.0G       340M       7.7G

             total       used       free     shared    buffers     cached
Mem:          2.0G       1.9G        66M       540K       588K        28M
-/+ buffers/cache:       1.9G        95M
Swap:         8.0G       339M       7.7G

             total       used       free     shared    buffers     cached
Mem:          2.0G       1.9G        65M       540K       596K        28M
-/+ buffers/cache:       1.9G        94M
Swap:         8.0G       338M       7.7G

             total       used       free     shared    buffers     cached
Mem:          2.0G       1.9G        84M       540K       588K        25M
-/+ buffers/cache:       1.8G       110M
Swap:         8.0G       359M       7.6G

             total       used       free     shared    buffers     cached
Mem:          2.0G       1.9G        84M       540K       588K        25M
-/+ buffers/cache:       1.8G       110M
Swap:         8.0G       358M       7.6G

             total       used       free     shared    buffers     cached
Mem:          2.0G       1.9G        83M       540K       588K        25M
-/+ buffers/cache:       1.8G       109M
Swap:         8.0G       357M       7.6G

             total       used       free     shared    buffers     cached
Mem:          2.0G       1.9G        82M       540K       588K        25M
-/+ buffers/cache:       1.8G       109M
Swap:         8.0G       357M       7.6G

             total       used       free     shared    buffers     cached
Mem:          2.0G       1.9G        82M       540K       596K        25M
-/+ buffers/cache:       1.8G       108M
Swap:         8.0G       356M       7.6G

             total       used       free     shared    buffers     cached
Mem:          2.0G       1.9G        81M       540K       596K        25M
-/+ buffers/cache:       1.8G       107M
Swap:         8.0G       355M       7.6G

             total       used       free     shared    buffers     cached
Mem:          2.0G       1.9G        80M       540K       596K        25M
-/+ buffers/cache:       1.8G       107M
Swap:         8.0G       354M       7.7G

             total       used       free     shared    buffers     cached
Mem:          2.0G       1.9G        80M       540K       596K        25M
-/+ buffers/cache:       1.8G       106M
Swap:         8.0G       354M       7.7G

             total       used       free     shared    buffers     cached
Mem:          2.0G       1.9G        79M       540K       596K        25M
-/+ buffers/cache:       1.9G       105M
Swap:         8.0G       353M       7.7G

             total       used       free     shared    buffers     cached
Mem:          2.0G       1.9G        78M       540K       596K        25M
-/+ buffers/cache:       1.9G       104M
Swap:         8.0G       352M       7.7G

             total       used       free     shared    buffers     cached
Mem:          2.0G       1.9G        77M       540K       604K        25M
-/+ buffers/cache:       1.9G       104M
Swap:         8.0G       351M       7.7G

             total       used       free     shared    buffers     cached
Mem:          2.0G       1.9G        77M       540K       604K        26M
-/+ buffers/cache:       1.9G       103M
Swap:         8.0G       350M       7.7G

             total       used       free     shared    buffers     cached
Mem:          2.0G       1.9G        75M       544K       740K        26M
-/+ buffers/cache:       1.9G       102M
Swap:         8.0G       350M       7.7G

             total       used       free     shared    buffers     cached
Mem:          2.0G       1.9G        68M       544K       740K        28M
-/+ buffers/cache:       1.9G        97M
Swap:         8.0G       346M       7.7G

             total       used       free     shared    buffers     cached
Mem:          2.0G       1.9G        67M       544K       740K        28M
-/+ buffers/cache:       1.9G        97M
Swap:         8.0G       346M       7.7G

             total       used       free     shared    buffers     cached
Mem:          2.0G       1.9G        76M       544K       748K        26M
-/+ buffers/cache:       1.9G       103M
Swap:         8.0G       350M       7.7G

             total       used       free     shared    buffers     cached
Mem:          2.0G       1.9G        76M       544K       748K        26M
-/+ buffers/cache:       1.9G       103M
Swap:         8.0G       350M       7.7G

             total       used       free     shared    buffers     cached
Mem:          2.0G       1.9G        75M       544K       748K        26M
-/+ buffers/cache:       1.9G       103M
Swap:         8.0G       349M       7.7G

             total       used       free     shared    buffers     cached
Mem:          2.0G       1.9G        75M       544K       748K        26M
-/+ buffers/cache:       1.9G       102M
Swap:         8.0G       349M       7.7G

             total       used       free     shared    buffers     cached
Mem:          2.0G       1.9G        75M       544K       748K        26M
-/+ buffers/cache:       1.9G       102M
Swap:         8.0G       348M       7.7G

             total       used       free     shared    buffers     cached
Mem:          2.0G       1.9G        74M       544K       748K        26M
-/+ buffers/cache:       1.9G       101M
Swap:         8.0G       348M       7.7G

             total       used       free     shared    buffers     cached
Mem:          2.0G       1.9G        74M       544K       756K        26M
-/+ buffers/cache:       1.9G       101M
Swap:         8.0G       347M       7.7G

             total       used       free     shared    buffers     cached
Mem:          2.0G       1.9G        73M       544K       756K        26M
-/+ buffers/cache:       1.9G       101M
Swap:         8.0G       347M       7.7G

             total       used       free     shared    buffers     cached
Mem:          2.0G       1.9G        73M       544K       756K        26M
-/+ buffers/cache:       1.9G       100M
Swap:         8.0G       346M       7.7G

             total       used       free     shared    buffers     cached
Mem:          2.0G       1.9G        72M       544K       756K        26M
-/+ buffers/cache:       1.9G       100M
Swap:         8.0G       346M       7.7G

             total       used       free     shared    buffers     cached
Mem:          2.0G       1.9G        72M       544K       756K        26M
-/+ buffers/cache:       1.9G        99M
Swap:         8.0G       345M       7.7G

             total       used       free     shared    buffers     cached
Mem:          2.0G       1.9G        67M       2.4M       2.6M        48M
-/+ buffers/cache:       1.8G       118M
Swap:         8.0G       375M       7.6G

             total       used       free     shared    buffers     cached
Mem:          2.0G       1.9G        76M       4.3M       5.0M        57M
-/+ buffers/cache:       1.8G       138M
Swap:         8.0G       412M       7.6G

             total       used       free     shared    buffers     cached
Mem:          2.0G       1.9G        69M       624K       5.2M        64M
-/+ buffers/cache:       1.8G       138M
Swap:         8.0G       406M       7.6G

             total       used       free     shared    buffers     cached
Mem:          2.0G       1.9G        80M       636K       3.6M        59M
-/+ buffers/cache:       1.8G       144M
Swap:         8.0G       427M       7.6G

             total       used       free     shared    buffers     cached
Mem:          2.0G       1.9G        80M       636K       3.6M        59M
-/+ buffers/cache:       1.8G       143M
Swap:         8.0G       426M       7.6G

             total       used       free     shared    buffers     cached
Mem:          2.0G       1.9G        79M       636K       3.6M        59M
-/+ buffers/cache:       1.8G       142M
Swap:         8.0G       425M       7.6G

             total       used       free     shared    buffers     cached
Mem:          2.0G       1.9G        79M       636K       3.6M        59M
-/+ buffers/cache:       1.8G       142M
Swap:         8.0G       425M       7.6G

             total       used       free     shared    buffers     cached
Mem:          2.0G       1.9G        76M       636K       3.8M        60M
-/+ buffers/cache:       1.8G       141M
Swap:         8.0G       424M       7.6G

             total       used       free     shared    buffers     cached
Mem:          2.0G       1.9G        76M       636K       3.8M        60M
-/+ buffers/cache:       1.8G       140M
Swap:         8.0G       423M       7.6G

             total       used       free     shared    buffers     cached
Mem:          2.0G       1.9G        75M       636K       3.8M        60M
-/+ buffers/cache:       1.8G       139M
Swap:         8.0G       422M       7.6G

             total       used       free     shared    buffers     cached
Mem:          2.0G       1.9G        74M       636K       3.8M        60M
-/+ buffers/cache:       1.8G       138M
Swap:         8.0G       421M       7.6G

             total       used       free     shared    buffers     cached
Mem:          2.0G       1.9G        73M       636K       3.8M        60M
-/+ buffers/cache:       1.8G       137M
Swap:         8.0G       420M       7.6G

             total       used       free     shared    buffers     cached
Mem:          2.0G       1.9G        72M       636K       3.8M        60M
-/+ buffers/cache:       1.8G       137M
Swap:         8.0G       419M       7.6G

             total       used       free     shared    buffers     cached
Mem:          2.0G       1.9G        72M       636K       3.8M        60M
-/+ buffers/cache:       1.8G       136M
Swap:         8.0G       419M       7.6G

             total       used       free     shared    buffers     cached
Mem:          2.0G       1.9G        71M       636K       3.8M        60M
-/+ buffers/cache:       1.8G       135M
Swap:         8.0G       418M       7.6G

             total       used       free     shared    buffers     cached
Mem:          2.0G       1.9G        70M       636K       3.8M        60M
-/+ buffers/cache:       1.8G       134M
Swap:         8.0G       417M       7.6G

             total       used       free     shared    buffers     cached
Mem:          2.0G       1.9G        69M       636K       3.8M        60M
-/+ buffers/cache:       1.8G       134M
Swap:         8.0G       416M       7.6G

             total       used       free     shared    buffers     cached
Mem:          2.0G       1.9G        68M       636K       3.8M        60M
-/+ buffers/cache:       1.8G       133M
Swap:         8.0G       416M       7.6G

             total       used       free     shared    buffers     cached
Mem:          2.0G       1.9G        67M       636K       3.8M        60M
-/+ buffers/cache:       1.8G       132M
Swap:         8.0G       415M       7.6G

             total       used       free     shared    buffers     cached
Mem:          2.0G       1.9G        67M       636K       3.8M        60M
-/+ buffers/cache:       1.8G       131M
Swap:         8.0G       414M       7.6G

             total       used       free     shared    buffers     cached
Mem:          2.0G       1.9G        66M       636K       3.8M        60M
-/+ buffers/cache:       1.8G       130M
Swap:         8.0G       413M       7.6G

             total       used       free     shared    buffers     cached
Mem:          2.0G       1.9G        65M       636K       3.8M        60M
-/+ buffers/cache:       1.8G       129M
Swap:         8.0G       412M       7.6G

             total       used       free     shared    buffers     cached
Mem:          2.0G       1.9G        64M       636K       3.8M        60M
-/+ buffers/cache:       1.8G       129M
Swap:         8.0G       412M       7.6G

             total       used       free     shared    buffers     cached
Mem:          2.0G       1.9G        78M       636K       3.0M        59M
-/+ buffers/cache:       1.8G       141M
Swap:         8.0G       411M       7.6G

             total       used       free     shared    buffers     cached
Mem:          2.0G       1.9G        77M       636K       3.0M        59M
-/+ buffers/cache:       1.8G       140M
Swap:         8.0G       410M       7.6G

             total       used       free     shared    buffers     cached
Mem:          2.0G       1.9G        76M       636K       3.0M        59M
-/+ buffers/cache:       1.8G       139M
Swap:         8.0G       409M       7.6G

             total       used       free     shared    buffers     cached
Mem:          2.0G       1.9G        76M       636K       3.0M        59M
-/+ buffers/cache:       1.8G       138M
Swap:         8.0G       408M       7.6G

             total       used       free     shared    buffers     cached
Mem:          2.0G       1.9G        75M       636K       3.0M        59M
-/+ buffers/cache:       1.8G       138M
Swap:         8.0G       408M       7.6G

             total       used       free     shared    buffers     cached
Mem:          2.0G       1.9G        74M       636K       3.0M        59M
-/+ buffers/cache:       1.8G       137M
Swap:         8.0G       407M       7.6G

             total       used       free     shared    buffers     cached
Mem:          2.0G       1.9G        73M       636K       3.0M        59M
-/+ buffers/cache:       1.8G       136M
Swap:         8.0G       406M       7.6G

             total       used       free     shared    buffers     cached
Mem:          2.0G       1.9G        72M       636K       3.0M        60M
-/+ buffers/cache:       1.8G       135M
Swap:         8.0G       405M       7.6G

             total       used       free     shared    buffers     cached
Mem:          2.0G       1.9G        71M       636K       3.0M        60M
-/+ buffers/cache:       1.8G       134M
Swap:         8.0G       404M       7.6G

             total       used       free     shared    buffers     cached
Mem:          2.0G       1.9G        70M       636K       3.0M        60M
-/+ buffers/cache:       1.8G       133M
Swap:         8.0G       403M       7.6G

             total       used       free     shared    buffers     cached
Mem:          2.0G       1.9G        69M       636K       3.0M        60M
-/+ buffers/cache:       1.8G       132M
Swap:         8.0G       403M       7.6G

             total       used       free     shared    buffers     cached
Mem:          2.0G       1.9G        68M       636K       3.0M        60M
-/+ buffers/cache:       1.8G       132M
Swap:         8.0G       402M       7.6G

             total       used       free     shared    buffers     cached
Mem:          2.0G       1.9G        67M       636K       3.0M        60M
-/+ buffers/cache:       1.8G       131M
Swap:         8.0G       401M       7.6G

             total       used       free     shared    buffers     cached
Mem:          2.0G       1.9G        67M       636K       3.0M        60M
-/+ buffers/cache:       1.8G       130M
Swap:         8.0G       400M       7.6G

             total       used       free     shared    buffers     cached
Mem:          2.0G       1.9G        66M       636K       3.0M        60M
-/+ buffers/cache:       1.8G       129M
Swap:         8.0G       400M       7.6G

             total       used       free     shared    buffers     cached
Mem:          2.0G       1.9G        65M       636K       3.0M        60M
-/+ buffers/cache:       1.8G       128M
Swap:         8.0G       399M       7.6G

             total       used       free     shared    buffers     cached
Mem:          2.0G       1.9G        79M       636K       3.0M        58M
-/+ buffers/cache:       1.8G       140M
Swap:         8.0G       432M       7.6G

             total       used       free     shared    buffers     cached
Mem:          2.0G       1.9G        78M       636K       3.0M        58M
-/+ buffers/cache:       1.8G       140M
Swap:         8.0G       431M       7.6G

             total       used       free     shared    buffers     cached
Mem:          2.0G       1.9G        70M       696K       7.2M        72M
-/+ buffers/cache:       1.8G       151M
Swap:         8.0G       428M       7.6G

             total       used       free     shared    buffers     cached
Mem:          2.0G       1.9G        89M       712K       8.0M        72M
-/+ buffers/cache:       1.8G       169M
Swap:         8.0G       445M       7.6G
