             total       used       free     shared    buffers     cached
Mem:          992M       665M       326M       3.2M        38M       289M
-/+ buffers/cache:       337M       654M
Swap:         8.0G         0B       8.0G

             total       used       free     shared    buffers     cached
Mem:          992M       664M       327M       1.4M        38M       288M
-/+ buffers/cache:       337M       654M
Swap:         8.0G         0B       8.0G

             total       used       free     shared    buffers     cached
Mem:          992M       664M       327M       1.4M        38M       288M
-/+ buffers/cache:       337M       654M
Swap:         8.0G         0B       8.0G

             total       used       free     shared    buffers     cached
Mem:          992M       664M       327M       1.4M        38M       288M
-/+ buffers/cache:       337M       654M
Swap:         8.0G         0B       8.0G

             total       used       free     shared    buffers     cached
Mem:          992M       664M       327M       1.4M        38M       288M
-/+ buffers/cache:       337M       654M
Swap:         8.0G         0B       8.0G

             total       used       free     shared    buffers     cached
Mem:          992M       664M       327M       1.4M        38M       288M
-/+ buffers/cache:       337M       654M
Swap:         8.0G         0B       8.0G

             total       used       free     shared    buffers     cached
Mem:          992M       663M       328M       1.4M        38M       288M
-/+ buffers/cache:       337M       654M
Swap:         8.0G         0B       8.0G

             total       used       free     shared    buffers     cached
Mem:          992M       663M       328M       1.4M        38M       288M
-/+ buffers/cache:       336M       655M
Swap:         8.0G         0B       8.0G

             total       used       free     shared    buffers     cached
Mem:          992M       663M       328M       1.4M        38M       288M
-/+ buffers/cache:       336M       655M
Swap:         8.0G         0B       8.0G

             total       used       free     shared    buffers     cached
Mem:          992M       667M       325M       1.4M        38M       288M
-/+ buffers/cache:       340M       651M
Swap:         8.0G         0B       8.0G

             total       used       free     shared    buffers     cached
Mem:          992M       676M       315M       1.4M        38M       288M
-/+ buffers/cache:       349M       642M
Swap:         8.0G         0B       8.0G

             total       used       free     shared    buffers     cached
Mem:          992M       693M       299M       1.4M        38M       288M
-/+ buffers/cache:       366M       625M
Swap:         8.0G         0B       8.0G

             total       used       free     shared    buffers     cached
Mem:          992M       672M       319M       1.4M        38M       289M
-/+ buffers/cache:       344M       647M
Swap:         8.0G         0B       8.0G

             total       used       free     shared    buffers     cached
Mem:          992M       681M       310M       1.4M        38M       289M
-/+ buffers/cache:       353M       638M
Swap:         8.0G         0B       8.0G

             total       used       free     shared    buffers     cached
Mem:          992M       673M       318M       1.4M        38M       289M
-/+ buffers/cache:       345M       647M
Swap:         8.0G         0B       8.0G

             total       used       free     shared    buffers     cached
Mem:          992M       673M       318M       1.4M        38M       289M
-/+ buffers/cache:       345M       647M
Swap:         8.0G         0B       8.0G

             total       used       free     shared    buffers     cached
Mem:          992M       673M       318M       1.4M        38M       289M
-/+ buffers/cache:       345M       647M
Swap:         8.0G         0B       8.0G

             total       used       free     shared    buffers     cached
Mem:          992M       673M       318M       1.4M        38M       289M
-/+ buffers/cache:       345M       647M
Swap:         8.0G         0B       8.0G

             total       used       free     shared    buffers     cached
Mem:          992M       673M       318M       1.4M        38M       289M
-/+ buffers/cache:       345M       647M
Swap:         8.0G         0B       8.0G

             total       used       free     shared    buffers     cached
Mem:          992M       673M       318M       1.4M        38M       289M
-/+ buffers/cache:       345M       647M
Swap:         8.0G         0B       8.0G

             total       used       free     shared    buffers     cached
Mem:          992M       673M       318M       1.4M        38M       289M
-/+ buffers/cache:       345M       647M
Swap:         8.0G         0B       8.0G

             total       used       free     shared    buffers     cached
Mem:          992M       673M       318M       1.4M        38M       289M
-/+ buffers/cache:       345M       647M
Swap:         8.0G         0B       8.0G

             total       used       free     shared    buffers     cached
Mem:          992M       673M       318M       1.4M        38M       289M
-/+ buffers/cache:       345M       647M
Swap:         8.0G         0B       8.0G

             total       used       free     shared    buffers     cached
Mem:          992M       673M       318M       1.4M        38M       289M
-/+ buffers/cache:       345M       647M
Swap:         8.0G         0B       8.0G

             total       used       free     shared    buffers     cached
Mem:          992M       673M       318M       1.4M        38M       289M
-/+ buffers/cache:       345M       647M
Swap:         8.0G         0B       8.0G

             total       used       free     shared    buffers     cached
Mem:          992M       673M       318M       1.4M        38M       289M
-/+ buffers/cache:       345M       647M
Swap:         8.0G         0B       8.0G

             total       used       free     shared    buffers     cached
Mem:          992M       673M       318M       1.4M        38M       289M
-/+ buffers/cache:       345M       647M
Swap:         8.0G         0B       8.0G

             total       used       free     shared    buffers     cached
Mem:          992M       673M       318M       1.4M        38M       289M
-/+ buffers/cache:       345M       647M
Swap:         8.0G         0B       8.0G

             total       used       free     shared    buffers     cached
Mem:          992M       673M       318M       1.4M        38M       289M
-/+ buffers/cache:       345M       647M
Swap:         8.0G         0B       8.0G

             total       used       free     shared    buffers     cached
Mem:          992M       673M       318M       1.4M        38M       289M
-/+ buffers/cache:       345M       647M
Swap:         8.0G         0B       8.0G

             total       used       free     shared    buffers     cached
Mem:          992M       673M       318M       1.4M        38M       289M
-/+ buffers/cache:       345M       647M
Swap:         8.0G         0B       8.0G

             total       used       free     shared    buffers     cached
Mem:          992M       673M       318M       1.4M        38M       289M
-/+ buffers/cache:       345M       647M
Swap:         8.0G         0B       8.0G

             total       used       free     shared    buffers     cached
Mem:          992M       673M       318M       1.4M        38M       289M
-/+ buffers/cache:       345M       647M
Swap:         8.0G         0B       8.0G

             total       used       free     shared    buffers     cached
Mem:          992M       680M       311M       1.4M        38M       289M
-/+ buffers/cache:       352M       639M
Swap:         8.0G         0B       8.0G

             total       used       free     shared    buffers     cached
Mem:          992M       699M       292M       1.4M        38M       289M
-/+ buffers/cache:       371M       620M
Swap:         8.0G         0B       8.0G

             total       used       free     shared    buffers     cached
Mem:          992M       718M       273M       1.4M        38M       289M
-/+ buffers/cache:       390M       601M
Swap:         8.0G         0B       8.0G

             total       used       free     shared    buffers     cached
Mem:          992M       736M       255M       1.4M        38M       289M
-/+ buffers/cache:       408M       583M
Swap:         8.0G         0B       8.0G

             total       used       free     shared    buffers     cached
Mem:          992M       755M       236M       1.4M        38M       289M
-/+ buffers/cache:       427M       564M
Swap:         8.0G         0B       8.0G

             total       used       free     shared    buffers     cached
Mem:          992M       775M       217M       1.4M        38M       289M
-/+ buffers/cache:       446M       545M
Swap:         8.0G         0B       8.0G

             total       used       free     shared    buffers     cached
Mem:          992M       789M       202M       1.4M        38M       289M
-/+ buffers/cache:       461M       531M
Swap:         8.0G         0B       8.0G

             total       used       free     shared    buffers     cached
Mem:          992M       807M       184M       1.4M        38M       289M
-/+ buffers/cache:       479M       513M
Swap:         8.0G         0B       8.0G

             total       used       free     shared    buffers     cached
Mem:          992M       824M       167M       1.4M        38M       289M
-/+ buffers/cache:       495M       496M
Swap:         8.0G         0B       8.0G

             total       used       free     shared    buffers     cached
Mem:          992M       843M       148M       1.4M        38M       289M
-/+ buffers/cache:       515M       477M
Swap:         8.0G         0B       8.0G

             total       used       free     shared    buffers     cached
Mem:          992M       863M       128M       1.4M        38M       289M
-/+ buffers/cache:       535M       457M
Swap:         8.0G         0B       8.0G

             total       used       free     shared    buffers     cached
Mem:          992M       883M       108M       1.4M        38M       289M
-/+ buffers/cache:       555M       437M
Swap:         8.0G         0B       8.0G

             total       used       free     shared    buffers     cached
Mem:          992M       900M        91M       1.4M        38M       289M
-/+ buffers/cache:       572M       419M
Swap:         8.0G         0B       8.0G

             total       used       free     shared    buffers     cached
Mem:          992M       921M        70M       1.4M        38M       289M
-/+ buffers/cache:       593M       398M
Swap:         8.0G         0B       8.0G

             total       used       free     shared    buffers     cached
Mem:          992M       922M        69M       1.4M        20M       288M
-/+ buffers/cache:       613M       378M
Swap:         8.0G         0B       8.0G

             total       used       free     shared    buffers     cached
Mem:          992M       930M        61M       1.4M        10M       285M
-/+ buffers/cache:       634M       357M
Swap:         8.0G         0B       8.0G

             total       used       free     shared    buffers     cached
Mem:          992M       925M        66M       1.4M       9.6M       260M
-/+ buffers/cache:       655M       336M
Swap:         8.0G       128K       8.0G

             total       used       free     shared    buffers     cached
Mem:          992M       919M        72M       1.2M       9.6M       233M
-/+ buffers/cache:       676M       316M
Swap:         8.0G       4.3M       8.0G

             total       used       free     shared    buffers     cached
Mem:          992M       913M        79M       1.1M       9.6M       209M
-/+ buffers/cache:       693M       298M
Swap:         8.0G       9.0M       8.0G

             total       used       free     shared    buffers     cached
Mem:          992M       932M        60M       1.2M       9.6M       209M
-/+ buffers/cache:       712M       279M
Swap:         8.0G       9.0M       8.0G

             total       used       free     shared    buffers     cached
Mem:          992M       923M        69M       1.2M       1.1M       187M
-/+ buffers/cache:       734M       257M
Swap:         8.0G       9.0M       8.0G

             total       used       free     shared    buffers     cached
Mem:          992M       920M        72M       1.2M       192K       166M
-/+ buffers/cache:       753M       238M
Swap:         8.0G       9.0M       8.0G

             total       used       free     shared    buffers     cached
Mem:          992M       920M        71M       1.2M       200K       146M
-/+ buffers/cache:       773M       218M
Swap:         8.0G       9.0M       8.0G

             total       used       free     shared    buffers     cached
Mem:          992M       918M        74M       1.2M       196K       129M
-/+ buffers/cache:       788M       203M
Swap:         8.0G       9.0M       8.0G

             total       used       free     shared    buffers     cached
Mem:          992M       919M        73M       1.2M        76K       113M
-/+ buffers/cache:       805M       186M
Swap:         8.0G       9.0M       8.0G

             total       used       free     shared    buffers     cached
Mem:          992M       922M        69M       1.2M        88K       100M
-/+ buffers/cache:       822M       169M
Swap:         8.0G       9.0M       8.0G

             total       used       free     shared    buffers     cached
Mem:          992M       930M        61M       1.2M        88K        88M
-/+ buffers/cache:       841M       150M
Swap:         8.0G       9.0M       8.0G

             total       used       free     shared    buffers     cached
Mem:          992M       928M        63M       1.2M        96K        68M
-/+ buffers/cache:       860M       132M
Swap:         8.0G       9.0M       8.0G

             total       used       free     shared    buffers     cached
Mem:          992M       921M        70M       1.2M        96K        41M
-/+ buffers/cache:       880M       111M
Swap:         8.0G       9.0M       8.0G

             total       used       free     shared    buffers     cached
Mem:          992M       922M        69M       1.2M       668K        20M
-/+ buffers/cache:       900M        91M
Swap:         8.0G       9.0M       8.0G

             total       used       free     shared    buffers     cached
Mem:          992M       927M        64M       1.2M       668K       7.5M
-/+ buffers/cache:       919M        72M
Swap:         8.0G       9.0M       8.0G

             total       used       free     shared    buffers     cached
Mem:          992M       922M        69M       1.0M       112K       3.2M
-/+ buffers/cache:       919M        73M
Swap:         8.0G        26M       8.0G

             total       used       free     shared    buffers     cached
Mem:          992M       921M        70M       728K       112K       2.5M
-/+ buffers/cache:       918M        73M
Swap:         8.0G        44M       8.0G

             total       used       free     shared    buffers     cached
Mem:          992M       922M        69M       676K       116K       2.4M
-/+ buffers/cache:       920M        71M
Swap:         8.0G        95M       7.9G

             total       used       free     shared    buffers     cached
Mem:          992M       923M        68M       660K       124K       2.5M
-/+ buffers/cache:       921M        70M
Swap:         8.0G        95M       7.9G

             total       used       free     shared    buffers     cached
Mem:          992M       923M        68M       660K       220K       5.2M
-/+ buffers/cache:       917M        74M
Swap:         8.0G       113M       7.9G

             total       used       free     shared    buffers     cached
Mem:          992M       919M        72M       596K       2.3M        13M
-/+ buffers/cache:       903M        88M
Swap:         8.0G       155M       7.8G

             total       used       free     shared    buffers     cached
Mem:          992M       910M        81M       600K       2.6M        12M
-/+ buffers/cache:       895M        96M
Swap:         8.0G       163M       7.8G

             total       used       free     shared    buffers     cached
Mem:          992M       927M        64M       592K       2.6M        12M
-/+ buffers/cache:       912M        79M
Swap:         8.0G       163M       7.8G

             total       used       free     shared    buffers     cached
Mem:          992M       923M        68M       568K       1.2M        12M
-/+ buffers/cache:       910M        82M
Swap:         8.0G       184M       7.8G

             total       used       free     shared    buffers     cached
Mem:          992M       926M        65M       568K       1.2M        12M
-/+ buffers/cache:       912M        79M
Swap:         8.0G       191M       7.8G

             total       used       free     shared    buffers     cached
Mem:          992M       916M        75M       568K       1.2M        11M
-/+ buffers/cache:       904M        88M
Swap:         8.0G       236M       7.8G

             total       used       free     shared    buffers     cached
Mem:          992M       917M        74M       568K       924K        11M
-/+ buffers/cache:       905M        87M
Swap:         8.0G       236M       7.8G

             total       used       free     shared    buffers     cached
Mem:          992M       919M        73M       568K       916K        10M
-/+ buffers/cache:       907M        84M
Swap:         8.0G       252M       7.8G

             total       used       free     shared    buffers     cached
Mem:          992M       919M        72M       556K        96K       5.4M
-/+ buffers/cache:       913M        78M
Swap:         8.0G       256M       7.7G

             total       used       free     shared    buffers     cached
Mem:          992M       916M        75M       536K       508K       2.5M
-/+ buffers/cache:       913M        78M
Swap:         8.0G       274M       7.7G

             total       used       free     shared    buffers     cached
Mem:          992M       924M        67M       536K       508K       2.7M
-/+ buffers/cache:       921M        70M
Swap:         8.0G       274M       7.7G

             total       used       free     shared    buffers     cached
Mem:          992M       917M        74M       536K       428K       2.1M
-/+ buffers/cache:       915M        76M
Swap:         8.0G       296M       7.7G

             total       used       free     shared    buffers     cached
Mem:          992M       924M        67M       536K       428K       2.3M
-/+ buffers/cache:       922M        70M
Swap:         8.0G       296M       7.7G

             total       used       free     shared    buffers     cached
Mem:          992M       918M        73M       536K       372K       2.3M
-/+ buffers/cache:       915M        76M
Swap:         8.0G       297M       7.7G

             total       used       free     shared    buffers     cached
Mem:          992M       922M        69M       536K       380K       2.4M
-/+ buffers/cache:       919M        72M
Swap:         8.0G       297M       7.7G

             total       used       free     shared    buffers     cached
Mem:          992M       928M        63M       536K       380K       2.4M
-/+ buffers/cache:       925M        66M
Swap:         8.0G       297M       7.7G

             total       used       free     shared    buffers     cached
Mem:          992M       920M        71M       536K       336K       2.5M
-/+ buffers/cache:       917M        74M
Swap:         8.0G       312M       7.7G

             total       used       free     shared    buffers     cached
Mem:          992M       925M        66M       536K       336K       2.5M
-/+ buffers/cache:       922M        69M
Swap:         8.0G       312M       7.7G

             total       used       free     shared    buffers     cached
Mem:          992M       917M        74M       536K       336K       2.4M
-/+ buffers/cache:       914M        77M
Swap:         8.0G       328M       7.7G

             total       used       free     shared    buffers     cached
Mem:          992M       921M        70M       536K       344K       2.4M
-/+ buffers/cache:       918M        73M
Swap:         8.0G       328M       7.7G

             total       used       free     shared    buffers     cached
Mem:          992M       926M        65M       536K       344K       2.4M
-/+ buffers/cache:       923M        68M
Swap:         8.0G       328M       7.7G

             total       used       free     shared    buffers     cached
Mem:          992M       920M        71M       380K       284K       2.2M
-/+ buffers/cache:       918M        73M
Swap:         8.0G       341M       7.7G

             total       used       free     shared    buffers     cached
Mem:          992M       917M        75M         4K        92K       1.8M
-/+ buffers/cache:       915M        76M
Swap:         8.0G       333M       7.7G

             total       used       free     shared    buffers     cached
Mem:          992M       918M        74M         4K        76K       1.7M
-/+ buffers/cache:       916M        75M
Swap:         8.0G       337M       7.7G

             total       used       free     shared    buffers     cached
Mem:          992M       927M        64M         4K        84K       1.6M
-/+ buffers/cache:       925M        66M
Swap:         8.0G       325M       7.7G

             total       used       free     shared    buffers     cached
Mem:          992M       920M        71M         4K        84K       1.5M
-/+ buffers/cache:       919M        73M
Swap:         8.0G       330M       7.7G

             total       used       free     shared    buffers     cached
Mem:          992M       926M        65M         0B        84K       1.4M
-/+ buffers/cache:       925M        67M
Swap:         8.0G       324M       7.7G

             total       used       free     shared    buffers     cached
Mem:          992M       922M        69M         0B        80K       1.3M
-/+ buffers/cache:       920M        71M
Swap:         8.0G       339M       7.7G

             total       used       free     shared    buffers     cached
Mem:          992M       922M        69M         0B        80K       1.3M
-/+ buffers/cache:       921M        70M
Swap:         8.0G       331M       7.7G

             total       used       free     shared    buffers     cached
Mem:          992M       919M        72M         0B        80K       1.3M
-/+ buffers/cache:       918M        73M
Swap:         8.0G       336M       7.7G

             total       used       free     shared    buffers     cached
Mem:          992M       917M        74M         0B        92K       1.3M
-/+ buffers/cache:       916M        75M
Swap:         8.0G       351M       7.7G

             total       used       free     shared    buffers     cached
Mem:          992M       918M        73M         0B        92K       1.3M
-/+ buffers/cache:       917M        75M
Swap:         8.0G       342M       7.7G

             total       used       free     shared    buffers     cached
Mem:          992M       916M        75M         0B        84K       1.3M
-/+ buffers/cache:       915M        76M
Swap:         8.0G       348M       7.7G

             total       used       free     shared    buffers     cached
Mem:          992M       918M        73M         0B        84K       1.7M
-/+ buffers/cache:       916M        75M
Swap:         8.0G       346M       7.7G

             total       used       free     shared    buffers     cached
Mem:          992M       921M        70M         0B        84K       1.7M
-/+ buffers/cache:       919M        72M
Swap:         8.0G       344M       7.7G

             total       used       free     shared    buffers     cached
Mem:          992M       925M        66M         0B        92K       1.7M
-/+ buffers/cache:       923M        68M
Swap:         8.0G       343M       7.7G

             total       used       free     shared    buffers     cached
Mem:          992M       910M        82M         0B        84K       1.6M
-/+ buffers/cache:       908M        83M
Swap:         8.0G       375M       7.6G

             total       used       free     shared    buffers     cached
Mem:          992M       915M        76M         0B        84K       1.7M
-/+ buffers/cache:       914M        78M
Swap:         8.0G       375M       7.6G

             total       used       free     shared    buffers     cached
Mem:          992M       923M        68M         0B        76K        20M
-/+ buffers/cache:       902M        89M
Swap:         8.0G       392M       7.6G

             total       used       free     shared    buffers     cached
Mem:          992M       928M        63M         0B       496K        22M
-/+ buffers/cache:       906M        86M
Swap:         8.0G       396M       7.6G

             total       used       free     shared    buffers     cached
Mem:          992M       919M        72M         0B       2.1M        23M
-/+ buffers/cache:       894M        97M
Swap:         8.0G       414M       7.6G

             total       used       free     shared    buffers     cached
Mem:          992M       923M        68M         4K       2.2M        23M
-/+ buffers/cache:       897M        94M
Swap:         8.0G       414M       7.6G

             total       used       free     shared    buffers     cached
Mem:          992M       928M        63M         4K       2.2M        23M
-/+ buffers/cache:       903M        88M
Swap:         8.0G       414M       7.6G

             total       used       free     shared    buffers     cached
Mem:          992M       919M        72M         4K       2.2M        22M
-/+ buffers/cache:       895M        96M
Swap:         8.0G       423M       7.6G

             total       used       free     shared    buffers     cached
Mem:          992M       922M        70M         4K       2.2M        22M
-/+ buffers/cache:       897M        94M
Swap:         8.0G       422M       7.6G

             total       used       free     shared    buffers     cached
Mem:          992M       923M        68M         4K       2.2M        22M
-/+ buffers/cache:       899M        92M
Swap:         8.0G       421M       7.6G

             total       used       free     shared    buffers     cached
Mem:          992M       926M        66M         4K       2.2M        22M
-/+ buffers/cache:       901M        90M
Swap:         8.0G       420M       7.6G

             total       used       free     shared    buffers     cached
Mem:          992M       928M        64M         4K       2.2M        22M
-/+ buffers/cache:       903M        88M
Swap:         8.0G       419M       7.6G

             total       used       free     shared    buffers     cached
Mem:          992M       917M        74M         4K       2.2M        20M
-/+ buffers/cache:       895M        97M
Swap:         8.0G       425M       7.6G

             total       used       free     shared    buffers     cached
Mem:          992M       919M        72M         4K       2.2M        20M
-/+ buffers/cache:       897M        94M
Swap:         8.0G       424M       7.6G

             total       used       free     shared    buffers     cached
Mem:          992M       921M        70M         4K       2.2M        20M
-/+ buffers/cache:       899M        93M
Swap:         8.0G       423M       7.6G

             total       used       free     shared    buffers     cached
Mem:          992M       924M        67M         4K       2.2M        20M
-/+ buffers/cache:       901M        90M
Swap:         8.0G       422M       7.6G

             total       used       free     shared    buffers     cached
Mem:          992M       926M        65M         4K       2.2M        20M
-/+ buffers/cache:       903M        88M
Swap:         8.0G       421M       7.6G

             total       used       free     shared    buffers     cached
Mem:          992M       928M        64M         4K       2.2M        20M
-/+ buffers/cache:       905M        86M
Swap:         8.0G       420M       7.6G

             total       used       free     shared    buffers     cached
Mem:          992M       913M        78M         4K       2.2M        18M
-/+ buffers/cache:       892M        99M
Swap:         8.0G       439M       7.6G

             total       used       free     shared    buffers     cached
Mem:          992M       915M        76M         4K       2.2M        18M
-/+ buffers/cache:       894M        97M
Swap:         8.0G       438M       7.6G

             total       used       free     shared    buffers     cached
Mem:          992M       917M        74M         4K       2.2M        18M
-/+ buffers/cache:       896M        95M
Swap:         8.0G       438M       7.6G

             total       used       free     shared    buffers     cached
Mem:          992M       919M        72M         4K       2.2M        18M
-/+ buffers/cache:       899M        92M
Swap:         8.0G       437M       7.6G

             total       used       free     shared    buffers     cached
Mem:          992M       922M        70M         4K       2.2M        18M
-/+ buffers/cache:       901M        90M
Swap:         8.0G       436M       7.6G

             total       used       free     shared    buffers     cached
Mem:          992M       924M        67M         4K       2.2M        18M
-/+ buffers/cache:       903M        88M
Swap:         8.0G       434M       7.6G

             total       used       free     shared    buffers     cached
Mem:          992M       927M        65M         4K       2.2M        18M
-/+ buffers/cache:       906M        86M
Swap:         8.0G       433M       7.6G

             total       used       free     shared    buffers     cached
Mem:          992M       929M        63M         4K       2.2M        18M
-/+ buffers/cache:       908M        84M
Swap:         8.0G       432M       7.6G

             total       used       free     shared    buffers     cached
Mem:          992M       919M        72M         4K       2.2M        18M
-/+ buffers/cache:       899M        92M
Swap:         8.0G       431M       7.6G

             total       used       free     shared    buffers     cached
Mem:          992M       922M        70M         4K       2.2M        18M
-/+ buffers/cache:       901M        90M
Swap:         8.0G       430M       7.6G

             total       used       free     shared    buffers     cached
Mem:          992M       924M        67M         4K       2.2M        18M
-/+ buffers/cache:       903M        88M
Swap:         8.0G       429M       7.6G

             total       used       free     shared    buffers     cached
Mem:          992M       926M        65M         4K       2.2M        18M
-/+ buffers/cache:       906M        85M
Swap:         8.0G       428M       7.6G

             total       used       free     shared    buffers     cached
Mem:          992M       928M        63M         4K       2.2M        18M
-/+ buffers/cache:       908M        83M
Swap:         8.0G       427M       7.6G

             total       used       free     shared    buffers     cached
Mem:          992M       911M        80M         4K       1.8M        11M
-/+ buffers/cache:       898M        93M
Swap:         8.0G       453M       7.6G

             total       used       free     shared    buffers     cached
Mem:          992M       914M        77M         4K       1.8M        11M
-/+ buffers/cache:       900M        91M
Swap:         8.0G       452M       7.6G

             total       used       free     shared    buffers     cached
Mem:          992M       916M        75M         4K       1.8M        11M
-/+ buffers/cache:       902M        89M
Swap:         8.0G       451M       7.6G

             total       used       free     shared    buffers     cached
Mem:          992M       918M        74M         4K       1.8M        11M
-/+ buffers/cache:       904M        87M
Swap:         8.0G       450M       7.6G

             total       used       free     shared    buffers     cached
Mem:          992M       920M        71M         4K       1.8M        11M
-/+ buffers/cache:       906M        85M
Swap:         8.0G       449M       7.6G

             total       used       free     shared    buffers     cached
Mem:          992M       922M        69M         4K       1.8M        11M
-/+ buffers/cache:       908M        83M
Swap:         8.0G       449M       7.6G

             total       used       free     shared    buffers     cached
Mem:          992M       924M        67M         4K       1.8M        11M
-/+ buffers/cache:       911M        81M
Swap:         8.0G       448M       7.6G

             total       used       free     shared    buffers     cached
Mem:          992M       926M        65M         4K       1.8M        11M
-/+ buffers/cache:       913M        79M
Swap:         8.0G       447M       7.6G

             total       used       free     shared    buffers     cached
Mem:          992M       928M        63M         4K       1.8M        11M
-/+ buffers/cache:       915M        76M
Swap:         8.0G       446M       7.6G

             total       used       free     shared    buffers     cached
Mem:          992M       918M        73M         4K       1.8M       9.0M
-/+ buffers/cache:       907M        84M
Swap:         8.0G       445M       7.6G

             total       used       free     shared    buffers     cached
Mem:          992M       920M        71M         4K       1.8M       9.0M
-/+ buffers/cache:       909M        82M
Swap:         8.0G       444M       7.6G

             total       used       free     shared    buffers     cached
Mem:          992M       923M        68M         4K       1.8M       9.0M
-/+ buffers/cache:       912M        79M
Swap:         8.0G       443M       7.6G

             total       used       free     shared    buffers     cached
Mem:          992M       925M        66M         4K       1.8M       9.0M
-/+ buffers/cache:       914M        77M
Swap:         8.0G       442M       7.6G

             total       used       free     shared    buffers     cached
Mem:          992M       927M        64M         4K       1.8M       9.0M
-/+ buffers/cache:       917M        75M
Swap:         8.0G       441M       7.6G

             total       used       free     shared    buffers     cached
Mem:          992M       911M        81M         4K        80K       4.9M
-/+ buffers/cache:       906M        86M
Swap:         8.0G       449M       7.6G

             total       used       free     shared    buffers     cached
Mem:          992M       913M        78M         4K        80K       4.8M
-/+ buffers/cache:       908M        83M
Swap:         8.0G       448M       7.6G

             total       used       free     shared    buffers     cached
Mem:          992M       915M        76M         4K        88K       4.8M
-/+ buffers/cache:       910M        81M
Swap:         8.0G       447M       7.6G

             total       used       free     shared    buffers     cached
Mem:          992M       918M        74M         4K        88K       4.8M
-/+ buffers/cache:       913M        79M
Swap:         8.0G       446M       7.6G

             total       used       free     shared    buffers     cached
Mem:          992M       920M        71M         4K        88K       4.9M
-/+ buffers/cache:       915M        76M
Swap:         8.0G       445M       7.6G

             total       used       free     shared    buffers     cached
Mem:          992M       922M        69M         4K        88K       4.8M
-/+ buffers/cache:       917M        74M
Swap:         8.0G       444M       7.6G

             total       used       free     shared    buffers     cached
Mem:          992M       924M        67M         4K        88K       4.9M
-/+ buffers/cache:       919M        72M
Swap:         8.0G       443M       7.6G

             total       used       free     shared    buffers     cached
Mem:          992M       926M        65M         4K        96K       4.8M
-/+ buffers/cache:       922M        70M
Swap:         8.0G       442M       7.6G

             total       used       free     shared    buffers     cached
Mem:          992M       929M        63M         4K        96K       4.9M
-/+ buffers/cache:       924M        68M
Swap:         8.0G       441M       7.6G

             total       used       free     shared    buffers     cached
Mem:          992M       912M        79M         4K       100K       2.4M
-/+ buffers/cache:       910M        81M
Swap:         8.0G       457M       7.6G

             total       used       free     shared    buffers     cached
Mem:          992M       914M        77M         4K       100K       2.4M
-/+ buffers/cache:       912M        79M
Swap:         8.0G       456M       7.6G

             total       used       free     shared    buffers     cached
Mem:          992M       917M        75M         4K       100K       2.3M
-/+ buffers/cache:       914M        77M
Swap:         8.0G       455M       7.6G

             total       used       free     shared    buffers     cached
Mem:          992M       919M        72M         4K       108K       2.4M
-/+ buffers/cache:       916M        75M
Swap:         8.0G       454M       7.6G

             total       used       free     shared    buffers     cached
Mem:          992M       921M        70M         4K       116K       2.4M
-/+ buffers/cache:       918M        73M
Swap:         8.0G       453M       7.6G

             total       used       free     shared    buffers     cached
Mem:          992M       923M        68M         4K       116K       2.3M
-/+ buffers/cache:       921M        71M
Swap:         8.0G       452M       7.6G

             total       used       free     shared    buffers     cached
Mem:          992M       925M        66M         4K       116K       2.4M
-/+ buffers/cache:       923M        69M
Swap:         8.0G       451M       7.6G

             total       used       free     shared    buffers     cached
Mem:          992M       927M        64M         4K       116K       2.4M
-/+ buffers/cache:       925M        66M
Swap:         8.0G       450M       7.6G

             total       used       free     shared    buffers     cached
Mem:          992M       915M        76M         4K       356K        21M
-/+ buffers/cache:       894M        98M
Swap:         8.0G       480M       7.5G

             total       used       free     shared    buffers     cached
Mem:          992M       916M        75M         4K       496K        21M
-/+ buffers/cache:       895M        97M
Swap:         8.0G       479M       7.5G

             total       used       free     shared    buffers     cached
Mem:          992M       919M        72M         4K       820K        21M
-/+ buffers/cache:       897M        94M
Swap:         8.0G       478M       7.5G

             total       used       free     shared    buffers     cached
Mem:          992M       922M        70M         4K       820K        21M
-/+ buffers/cache:       900M        92M
Swap:         8.0G       477M       7.5G

             total       used       free     shared    buffers     cached
Mem:          992M       924M        67M         4K       820K        21M
-/+ buffers/cache:       902M        89M
Swap:         8.0G       476M       7.5G

             total       used       free     shared    buffers     cached
Mem:          992M       926M        65M         4K       820K        21M
-/+ buffers/cache:       904M        87M
Swap:         8.0G       475M       7.5G

             total       used       free     shared    buffers     cached
Mem:          992M       928M        63M         4K       828K        21M
-/+ buffers/cache:       906M        85M
Swap:         8.0G       474M       7.5G

             total       used       free     shared    buffers     cached
Mem:          992M       918M        73M         4K       832K        20M
-/+ buffers/cache:       897M        94M
Swap:         8.0G       484M       7.5G

             total       used       free     shared    buffers     cached
Mem:          992M       921M        71M         4K       832K        20M
-/+ buffers/cache:       899M        92M
Swap:         8.0G       483M       7.5G

             total       used       free     shared    buffers     cached
Mem:          992M       923M        68M         4K       832K        20M
-/+ buffers/cache:       901M        90M
Swap:         8.0G       482M       7.5G

             total       used       free     shared    buffers     cached
Mem:          992M       925M        66M         4K       832K        20M
-/+ buffers/cache:       904M        87M
Swap:         8.0G       480M       7.5G

             total       used       free     shared    buffers     cached
Mem:          992M       928M        63M         4K       832K        22M
-/+ buffers/cache:       905M        86M
Swap:         8.0G       479M       7.5G

             total       used       free     shared    buffers     cached
Mem:          992M       918M        73M         4K       836K        21M
-/+ buffers/cache:       895M        96M
Swap:         8.0G       487M       7.5G

             total       used       free     shared    buffers     cached
Mem:          992M       921M        70M         4K       1.1M        22M
-/+ buffers/cache:       898M        93M
Swap:         8.0G       487M       7.5G

             total       used       free     shared    buffers     cached
Mem:          992M       910M        81M         4K       1.2M        30M
-/+ buffers/cache:       879M       112M
Swap:         8.0G       510M       7.5G

             total       used       free     shared    buffers     cached
Mem:          992M       912M        79M        16K       1.2M        30M
-/+ buffers/cache:       880M       111M
Swap:         8.0G       509M       7.5G

             total       used       free     shared    buffers     cached
Mem:          992M       913M        78M        16K       1.2M        30M
-/+ buffers/cache:       882M       109M
Swap:         8.0G       509M       7.5G

             total       used       free     shared    buffers     cached
Mem:          992M       914M        77M        16K       1.2M        30M
-/+ buffers/cache:       883M       108M
Swap:         8.0G       508M       7.5G

             total       used       free     shared    buffers     cached
Mem:          992M       916M        76M        16K       1.2M        30M
-/+ buffers/cache:       884M       107M
Swap:         8.0G       508M       7.5G

             total       used       free     shared    buffers     cached
Mem:          992M       917M        74M        16K       1.2M        30M
-/+ buffers/cache:       885M       106M
Swap:         8.0G       507M       7.5G

             total       used       free     shared    buffers     cached
Mem:          992M       918M        73M        16K       1.2M        30M
-/+ buffers/cache:       887M       104M
Swap:         8.0G       506M       7.5G

             total       used       free     shared    buffers     cached
Mem:          992M       920M        71M        16K       1.2M        30M
-/+ buffers/cache:       888M       103M
Swap:         8.0G       505M       7.5G

             total       used       free     shared    buffers     cached
Mem:          992M       923M        68M        16K       1.2M        31M
-/+ buffers/cache:       891M       100M
Swap:         8.0G       504M       7.5G

             total       used       free     shared    buffers     cached
Mem:          992M       924M        67M        16K       1.2M        31M
-/+ buffers/cache:       892M        99M
Swap:         8.0G       504M       7.5G

             total       used       free     shared    buffers     cached
Mem:          992M       926M        65M        16K       1.2M        31M
-/+ buffers/cache:       894M        98M
Swap:         8.0G       503M       7.5G

             total       used       free     shared    buffers     cached
Mem:          992M       927M        64M        16K       1.2M        31M
-/+ buffers/cache:       895M        96M
Swap:         8.0G       502M       7.5G

             total       used       free     shared    buffers     cached
Mem:          992M       929M        63M        16K       1.2M        31M
-/+ buffers/cache:       896M        95M
Swap:         8.0G       502M       7.5G

             total       used       free     shared    buffers     cached
Mem:          992M       916M        75M        16K       1.2M        29M
-/+ buffers/cache:       886M       106M
Swap:         8.0G       506M       7.5G

             total       used       free     shared    buffers     cached
Mem:          992M       917M        74M        16K       1.2M        29M
-/+ buffers/cache:       887M       104M
Swap:         8.0G       505M       7.5G

             total       used       free     shared    buffers     cached
Mem:          992M       919M        72M        16K       1.2M        29M
-/+ buffers/cache:       888M       103M
Swap:         8.0G       505M       7.5G

             total       used       free     shared    buffers     cached
Mem:          992M       920M        71M        16K       1.2M        29M
-/+ buffers/cache:       889M       102M
Swap:         8.0G       504M       7.5G

             total       used       free     shared    buffers     cached
Mem:          992M       921M        70M        16K       1.2M        29M
-/+ buffers/cache:       891M       101M
Swap:         8.0G       503M       7.5G

             total       used       free     shared    buffers     cached
Mem:          992M       923M        69M        16K       1.2M        29M
-/+ buffers/cache:       892M        99M
Swap:         8.0G       503M       7.5G

             total       used       free     shared    buffers     cached
Mem:          992M       924M        67M        16K       1.2M        29M
-/+ buffers/cache:       894M        98M
Swap:         8.0G       502M       7.5G

             total       used       free     shared    buffers     cached
Mem:          992M       926M        65M        16K       1.3M        29M
-/+ buffers/cache:       895M        96M
Swap:         8.0G       501M       7.5G

             total       used       free     shared    buffers     cached
Mem:          992M       927M        64M        16K       1.3M        29M
-/+ buffers/cache:       896M        95M
Swap:         8.0G       501M       7.5G

             total       used       free     shared    buffers     cached
Mem:          992M       928M        63M        16K       1.3M        29M
-/+ buffers/cache:       898M        94M
Swap:         8.0G       500M       7.5G

             total       used       free     shared    buffers     cached
Mem:          992M       910M        81M        16K       1.3M        27M
-/+ buffers/cache:       881M       110M
Swap:         8.0G       516M       7.5G

             total       used       free     shared    buffers     cached
Mem:          992M       911M        80M        16K       1.3M        27M
-/+ buffers/cache:       882M       109M
Swap:         8.0G       515M       7.5G

             total       used       free     shared    buffers     cached
Mem:          992M       913M        78M        16K       1.3M        27M
-/+ buffers/cache:       884M       108M
Swap:         8.0G       515M       7.5G

             total       used       free     shared    buffers     cached
Mem:          992M       914M        77M        16K       1.3M        27M
-/+ buffers/cache:       885M       106M
Swap:         8.0G       514M       7.5G

             total       used       free     shared    buffers     cached
Mem:          992M       916M        76M        16K       1.3M        27M
-/+ buffers/cache:       887M       105M
Swap:         8.0G       513M       7.5G

             total       used       free     shared    buffers     cached
Mem:          992M       917M        74M        16K       1.3M        27M
-/+ buffers/cache:       888M       103M
Swap:         8.0G       513M       7.5G

             total       used       free     shared    buffers     cached
Mem:          992M       919M        73M        16K       1.3M        27M
-/+ buffers/cache:       890M       102M
Swap:         8.0G       512M       7.5G

             total       used       free     shared    buffers     cached
Mem:          992M       920M        71M        16K       1.3M        27M
-/+ buffers/cache:       891M       100M
Swap:         8.0G       511M       7.5G

             total       used       free     shared    buffers     cached
Mem:          992M       921M        70M        16K       1.3M        27M
-/+ buffers/cache:       892M        99M
Swap:         8.0G       510M       7.5G

             total       used       free     shared    buffers     cached
Mem:          992M       923M        68M        16K       1.3M        27M
-/+ buffers/cache:       894M        97M
Swap:         8.0G       510M       7.5G

             total       used       free     shared    buffers     cached
Mem:          992M       924M        67M        16K       1.3M        27M
-/+ buffers/cache:       895M        96M
Swap:         8.0G       509M       7.5G

             total       used       free     shared    buffers     cached
Mem:          992M       926M        66M        16K       1.3M        27M
-/+ buffers/cache:       897M        95M
Swap:         8.0G       508M       7.5G

             total       used       free     shared    buffers     cached
Mem:          992M       927M        64M        16K       1.3M        27M
-/+ buffers/cache:       898M        93M
Swap:         8.0G       508M       7.5G

             total       used       free     shared    buffers     cached
Mem:          992M       928M        63M        16K       1.3M        27M
-/+ buffers/cache:       899M        92M
Swap:         8.0G       507M       7.5G

             total       used       free     shared    buffers     cached
Mem:          992M       909M        82M        16K       908K        26M
-/+ buffers/cache:       882M       109M
Swap:         8.0G       518M       7.5G

             total       used       free     shared    buffers     cached
Mem:          992M       910M        81M        16K       908K        26M
-/+ buffers/cache:       883M       108M
Swap:         8.0G       518M       7.5G

             total       used       free     shared    buffers     cached
Mem:          992M       912M        79M        16K       908K        26M
-/+ buffers/cache:       884M       107M
Swap:         8.0G       517M       7.5G

             total       used       free     shared    buffers     cached
Mem:          992M       913M        78M        16K       908K        26M
-/+ buffers/cache:       886M       105M
Swap:         8.0G       517M       7.5G

             total       used       free     shared    buffers     cached
Mem:          992M       915M        77M        16K       908K        26M
-/+ buffers/cache:       887M       104M
Swap:         8.0G       516M       7.5G

             total       used       free     shared    buffers     cached
Mem:          992M       916M        75M        16K       916K        26M
-/+ buffers/cache:       888M       103M
Swap:         8.0G       515M       7.5G

             total       used       free     shared    buffers     cached
Mem:          992M       917M        74M        16K       916K        26M
-/+ buffers/cache:       890M       101M
Swap:         8.0G       514M       7.5G

             total       used       free     shared    buffers     cached
Mem:          992M       918M        73M        16K       916K        26M
-/+ buffers/cache:       891M       100M
Swap:         8.0G       514M       7.5G

             total       used       free     shared    buffers     cached
Mem:          992M       920M        71M        16K       916K        26M
-/+ buffers/cache:       892M        99M
Swap:         8.0G       513M       7.5G

             total       used       free     shared    buffers     cached
Mem:          992M       925M        66M        16K       916K        29M
-/+ buffers/cache:       894M        97M
Swap:         8.0G       512M       7.5G

             total       used       free     shared    buffers     cached
Mem:          992M       927M        65M        16K       924K        29M
-/+ buffers/cache:       896M        95M
Swap:         8.0G       511M       7.5G

             total       used       free     shared    buffers     cached
Mem:          992M       928M        63M        16K       924K        29M
-/+ buffers/cache:       897M        94M
Swap:         8.0G       510M       7.5G

             total       used       free     shared    buffers     cached
Mem:          992M       917M        74M        16K       580K        28M
-/+ buffers/cache:       888M       103M
Swap:         8.0G       519M       7.5G

             total       used       free     shared    buffers     cached
Mem:          992M       919M        73M        16K       580K        28M
-/+ buffers/cache:       889M       102M
Swap:         8.0G       518M       7.5G

             total       used       free     shared    buffers     cached
Mem:          992M       920M        71M        16K       580K        28M
-/+ buffers/cache:       891M       100M
Swap:         8.0G       517M       7.5G

             total       used       free     shared    buffers     cached
Mem:          992M       921M        70M        16K       580K        28M
-/+ buffers/cache:       892M        99M
Swap:         8.0G       517M       7.5G

             total       used       free     shared    buffers     cached
Mem:          992M       923M        69M        16K       588K        28M
-/+ buffers/cache:       893M        98M
Swap:         8.0G       516M       7.5G

             total       used       free     shared    buffers     cached
Mem:          992M       924M        67M        16K       588K        28M
-/+ buffers/cache:       895M        96M
Swap:         8.0G       515M       7.5G

             total       used       free     shared    buffers     cached
Mem:          992M       926M        66M        16K       588K        28M
-/+ buffers/cache:       896M        95M
Swap:         8.0G       514M       7.5G

             total       used       free     shared    buffers     cached
Mem:          992M       927M        64M        16K       588K        28M
-/+ buffers/cache:       898M        93M
Swap:         8.0G       513M       7.5G

             total       used       free     shared    buffers     cached
Mem:          992M       928M        63M        16K       588K        28M
-/+ buffers/cache:       899M        92M
Swap:         8.0G       513M       7.5G

             total       used       free     shared    buffers     cached
Mem:          992M       912M        80M        16K       124K        25M
-/+ buffers/cache:       886M       105M
Swap:         8.0G       526M       7.5G

             total       used       free     shared    buffers     cached
Mem:          992M       913M        78M        16K       124K        25M
-/+ buffers/cache:       887M       104M
Swap:         8.0G       525M       7.5G

             total       used       free     shared    buffers     cached
Mem:          992M       914M        77M        16K       124K        25M
-/+ buffers/cache:       889M       103M
Swap:         8.0G       524M       7.5G

             total       used       free     shared    buffers     cached
Mem:          992M       916M        76M        16K       124K        25M
-/+ buffers/cache:       890M       101M
Swap:         8.0G       523M       7.5G

             total       used       free     shared    buffers     cached
Mem:          992M       917M        74M        16K       124K        25M
-/+ buffers/cache:       892M       100M
Swap:         8.0G       523M       7.5G

             total       used       free     shared    buffers     cached
Mem:          992M       919M        72M        16K       132K        25M
-/+ buffers/cache:       893M        98M
Swap:         8.0G       522M       7.5G

             total       used       free     shared    buffers     cached
Mem:          992M       920M        71M        16K       132K        25M
-/+ buffers/cache:       894M        97M
Swap:         8.0G       521M       7.5G

             total       used       free     shared    buffers     cached
Mem:          992M       923M        68M        16K       268K        26M
-/+ buffers/cache:       896M        95M
Swap:         8.0G       520M       7.5G

             total       used       free     shared    buffers     cached
Mem:          992M       924M        67M        20K       268K        26M
-/+ buffers/cache:       897M        94M
Swap:         8.0G       519M       7.5G

             total       used       free     shared    buffers     cached
Mem:          992M       926M        65M        20K       268K        26M
-/+ buffers/cache:       899M        92M
Swap:         8.0G       519M       7.5G

             total       used       free     shared    buffers     cached
Mem:          992M       917M        74M        20K       228K        18M
-/+ buffers/cache:       899M        92M
Swap:         8.0G       522M       7.5G

             total       used       free     shared    buffers     cached
Mem:          992M       919M        72M        20K       668K        18M
-/+ buffers/cache:       900M        91M
Swap:         8.0G       522M       7.5G

             total       used       free     shared    buffers     cached
Mem:          992M       922M        69M        20K       668K        19M
-/+ buffers/cache:       902M        89M
Swap:         8.0G       521M       7.5G

             total       used       free     shared    buffers     cached
Mem:          992M       915M        76M        20K       644K        20M
-/+ buffers/cache:       894M        97M
Swap:         8.0G       535M       7.5G

             total       used       free     shared    buffers     cached
Mem:          992M       916M        76M        20K       644K        20M
-/+ buffers/cache:       895M        96M
Swap:         8.0G       534M       7.5G

             total       used       free     shared    buffers     cached
Mem:          992M       917M        74M        20K       644K        20M
-/+ buffers/cache:       896M        95M
Swap:         8.0G       534M       7.5G

             total       used       free     shared    buffers     cached
Mem:          992M       917M        74M        20K       652K        20M
-/+ buffers/cache:       897M        95M
Swap:         8.0G       533M       7.5G

             total       used       free     shared    buffers     cached
Mem:          992M       918M        73M        20K       652K        20M
-/+ buffers/cache:       897M        94M
Swap:         8.0G       533M       7.5G

             total       used       free     shared    buffers     cached
Mem:          992M       919M        72M        20K       652K        20M
-/+ buffers/cache:       898M        93M
Swap:         8.0G       533M       7.5G

             total       used       free     shared    buffers     cached
Mem:          992M       920M        71M        20K       652K        20M
-/+ buffers/cache:       899M        92M
Swap:         8.0G       532M       7.5G

             total       used       free     shared    buffers     cached
Mem:          992M       921M        70M        20K       652K        20M
-/+ buffers/cache:       900M        91M
Swap:         8.0G       532M       7.5G

             total       used       free     shared    buffers     cached
Mem:          992M       922M        70M        20K       652K        20M
-/+ buffers/cache:       901M        91M
Swap:         8.0G       532M       7.5G

             total       used       free     shared    buffers     cached
Mem:          992M       922M        69M        20K       660K        20M
-/+ buffers/cache:       901M        90M
Swap:         8.0G       531M       7.5G

             total       used       free     shared    buffers     cached
Mem:          992M       904M        87M       176K       1.6M        33M
-/+ buffers/cache:       869M       122M
Swap:         8.0G       568M       7.4G

             total       used       free     shared    buffers     cached
Mem:          992M       923M        68M       3.9M       5.1M        59M
-/+ buffers/cache:       858M       133M
Swap:         8.0G       584M       7.4G

             total       used       free     shared    buffers     cached
Mem:          992M       927M        64M       240K       5.3M        65M
-/+ buffers/cache:       856M       135M
Swap:         8.0G       591M       7.4G

             total       used       free     shared    buffers     cached
Mem:          992M       928M        63M       232K       5.3M        65M
-/+ buffers/cache:       858M       133M
Swap:         8.0G       590M       7.4G

             total       used       free     shared    buffers     cached
Mem:          992M       929M        62M       232K       5.3M        65M
-/+ buffers/cache:       858M       133M
Swap:         8.0G       590M       7.4G

             total       used       free     shared    buffers     cached
Mem:          992M       913M        79M       232K       4.5M        59M
-/+ buffers/cache:       848M       143M
Swap:         8.0G       607M       7.4G

             total       used       free     shared    buffers     cached
Mem:          992M       914M        77M       232K       4.5M        59M
-/+ buffers/cache:       850M       142M
Swap:         8.0G       606M       7.4G

             total       used       free     shared    buffers     cached
Mem:          992M       915M        76M       232K       4.5M        59M
-/+ buffers/cache:       851M       140M
Swap:         8.0G       606M       7.4G

             total       used       free     shared    buffers     cached
Mem:          992M       918M        73M       232K       4.7M        60M
-/+ buffers/cache:       852M       139M
Swap:         8.0G       605M       7.4G

             total       used       free     shared    buffers     cached
Mem:          992M       919M        72M       232K       4.7M        60M
-/+ buffers/cache:       854M       137M
Swap:         8.0G       604M       7.4G

             total       used       free     shared    buffers     cached
Mem:          992M       921M        71M       232K       4.7M        60M
-/+ buffers/cache:       855M       136M
Swap:         8.0G       604M       7.4G

             total       used       free     shared    buffers     cached
Mem:          992M       922M        69M       232K       4.7M        60M
-/+ buffers/cache:       857M       135M
Swap:         8.0G       603M       7.4G

             total       used       free     shared    buffers     cached
Mem:          992M       923M        68M       232K       4.7M        60M
-/+ buffers/cache:       858M       133M
Swap:         8.0G       603M       7.4G

             total       used       free     shared    buffers     cached
Mem:          992M       925M        66M       232K       4.7M        60M
-/+ buffers/cache:       859M       132M
Swap:         8.0G       602M       7.4G

             total       used       free     shared    buffers     cached
Mem:          992M       927M        65M       232K       4.7M        61M
-/+ buffers/cache:       861M       130M
Swap:         8.0G       601M       7.4G

             total       used       free     shared    buffers     cached
Mem:          992M       928M        63M       232K       4.7M        61M
-/+ buffers/cache:       862M       129M
Swap:         8.0G       601M       7.4G

             total       used       free     shared    buffers     cached
Mem:          992M       916M        75M       232K       4.7M        60M
-/+ buffers/cache:       851M       141M
Swap:         8.0G       600M       7.4G

             total       used       free     shared    buffers     cached
Mem:          992M       917M        74M       232K       4.7M        60M
-/+ buffers/cache:       852M       139M
Swap:         8.0G       600M       7.4G

             total       used       free     shared    buffers     cached
Mem:          992M       919M        73M       232K       4.7M        60M
-/+ buffers/cache:       853M       138M
Swap:         8.0G       599M       7.4G

             total       used       free     shared    buffers     cached
Mem:          992M       920M        71M       232K       4.7M        60M
-/+ buffers/cache:       855M       137M
Swap:         8.0G       598M       7.4G

             total       used       free     shared    buffers     cached
Mem:          992M       922M        70M       232K       4.7M        60M
-/+ buffers/cache:       856M       135M
Swap:         8.0G       598M       7.4G

             total       used       free     shared    buffers     cached
Mem:          992M       923M        68M       232K       4.7M        60M
-/+ buffers/cache:       857M       134M
Swap:         8.0G       597M       7.4G

             total       used       free     shared    buffers     cached
Mem:          992M       924M        67M       232K       4.7M        60M
-/+ buffers/cache:       859M       133M
Swap:         8.0G       597M       7.4G

             total       used       free     shared    buffers     cached
Mem:          992M       926M        66M       232K       4.7M        60M
-/+ buffers/cache:       860M       131M
Swap:         8.0G       596M       7.4G

             total       used       free     shared    buffers     cached
Mem:          992M       927M        64M       232K       4.7M        60M
-/+ buffers/cache:       862M       130M
Swap:         8.0G       596M       7.4G

             total       used       free     shared    buffers     cached
Mem:          992M       929M        63M       232K       4.7M        61M
-/+ buffers/cache:       863M       128M
Swap:         8.0G       595M       7.4G

             total       used       free     shared    buffers     cached
Mem:          992M       907M        84M       232K       4.7M        59M
-/+ buffers/cache:       843M       148M
Swap:         8.0G       619M       7.4G

             total       used       free     shared    buffers     cached
Mem:          992M       908M        83M       232K       4.8M        59M
-/+ buffers/cache:       845M       147M
Swap:         8.0G       618M       7.4G

             total       used       free     shared    buffers     cached
Mem:          992M       910M        82M       232K       4.8M        59M
-/+ buffers/cache:       846M       145M
Swap:         8.0G       618M       7.4G

             total       used       free     shared    buffers     cached
Mem:          992M       911M        80M       232K       4.8M        59M
-/+ buffers/cache:       847M       144M
Swap:         8.0G       617M       7.4G

             total       used       free     shared    buffers     cached
Mem:          992M       912M        79M       232K       4.8M        59M
-/+ buffers/cache:       848M       143M
Swap:         8.0G       616M       7.4G

             total       used       free     shared    buffers     cached
Mem:          992M       914M        78M       232K       4.8M        59M
-/+ buffers/cache:       850M       141M
Swap:         8.0G       616M       7.4G

             total       used       free     shared    buffers     cached
Mem:          992M       915M        76M       232K       4.8M        59M
-/+ buffers/cache:       851M       140M
Swap:         8.0G       615M       7.4G

             total       used       free     shared    buffers     cached
Mem:          992M       917M        75M       232K       4.8M        59M
-/+ buffers/cache:       853M       139M
Swap:         8.0G       615M       7.4G

             total       used       free     shared    buffers     cached
Mem:          992M       918M        74M       232K       4.8M        59M
-/+ buffers/cache:       854M       137M
Swap:         8.0G       614M       7.4G

             total       used       free     shared    buffers     cached
Mem:          992M       925M        66M       232K       5.6M        62M
-/+ buffers/cache:       857M       135M
Swap:         8.0G       613M       7.4G

             total       used       free     shared    buffers     cached
Mem:          992M       918M        73M       280K       8.8M        73M
-/+ buffers/cache:       836M       155M
Swap:         8.0G       629M       7.4G
