             total       used       free     shared    buffers     cached
Mem:          2.0G       655M       1.3G       3.2M        38M       286M
-/+ buffers/cache:       330M       1.6G
Swap:         8.0G         0B       8.0G

             total       used       free     shared    buffers     cached
Mem:          2.0G       654M       1.3G       1.4M        38M       285M
-/+ buffers/cache:       330M       1.6G
Swap:         8.0G         0B       8.0G

             total       used       free     shared    buffers     cached
Mem:          2.0G       654M       1.3G       1.4M        38M       285M
-/+ buffers/cache:       330M       1.6G
Swap:         8.0G         0B       8.0G

             total       used       free     shared    buffers     cached
Mem:          2.0G       654M       1.3G       1.4M        38M       285M
-/+ buffers/cache:       330M       1.6G
Swap:         8.0G         0B       8.0G

             total       used       free     shared    buffers     cached
Mem:          2.0G       654M       1.3G       1.4M        38M       285M
-/+ buffers/cache:       330M       1.6G
Swap:         8.0G         0B       8.0G

             total       used       free     shared    buffers     cached
Mem:          2.0G       654M       1.3G       1.4M        38M       285M
-/+ buffers/cache:       330M       1.6G
Swap:         8.0G         0B       8.0G

             total       used       free     shared    buffers     cached
Mem:          2.0G       654M       1.3G       1.4M        38M       285M
-/+ buffers/cache:       330M       1.6G
Swap:         8.0G         0B       8.0G

             total       used       free     shared    buffers     cached
Mem:          2.0G       654M       1.3G       1.4M        38M       285M
-/+ buffers/cache:       329M       1.6G
Swap:         8.0G         0B       8.0G

             total       used       free     shared    buffers     cached
Mem:          2.0G       654M       1.3G       1.4M        38M       285M
-/+ buffers/cache:       330M       1.6G
Swap:         8.0G         0B       8.0G

             total       used       free     shared    buffers     cached
Mem:          2.0G       657M       1.3G       1.4M        38M       285M
-/+ buffers/cache:       333M       1.6G
Swap:         8.0G         0B       8.0G

             total       used       free     shared    buffers     cached
Mem:          2.0G       666M       1.3G       1.4M        38M       285M
-/+ buffers/cache:       341M       1.6G
Swap:         8.0G         0B       8.0G

             total       used       free     shared    buffers     cached
Mem:          2.0G       685M       1.3G       1.5M        38M       286M
-/+ buffers/cache:       360M       1.6G
Swap:         8.0G         0B       8.0G

             total       used       free     shared    buffers     cached
Mem:          2.0G       692M       1.3G       1.5M        38M       289M
-/+ buffers/cache:       363M       1.6G
Swap:         8.0G         0B       8.0G

             total       used       free     shared    buffers     cached
Mem:          2.0G       743M       1.2G       1.5M        38M       290M
-/+ buffers/cache:       414M       1.5G
Swap:         8.0G         0B       8.0G

             total       used       free     shared    buffers     cached
Mem:          2.0G       736M       1.2G       1.5M        38M       290M
-/+ buffers/cache:       407M       1.6G
Swap:         8.0G         0B       8.0G

             total       used       free     shared    buffers     cached
Mem:          2.0G       718M       1.3G       1.5M        39M       292M
-/+ buffers/cache:       386M       1.6G
Swap:         8.0G         0B       8.0G

             total       used       free     shared    buffers     cached
Mem:          2.0G       722M       1.2G       1.5M        39M       295M
-/+ buffers/cache:       388M       1.6G
Swap:         8.0G         0B       8.0G

             total       used       free     shared    buffers     cached
Mem:          2.0G       722M       1.2G       1.5M        39M       295M
-/+ buffers/cache:       388M       1.6G
Swap:         8.0G         0B       8.0G

             total       used       free     shared    buffers     cached
Mem:          2.0G       722M       1.2G       1.5M        39M       295M
-/+ buffers/cache:       388M       1.6G
Swap:         8.0G         0B       8.0G

             total       used       free     shared    buffers     cached
Mem:          2.0G       722M       1.2G       1.5M        39M       295M
-/+ buffers/cache:       388M       1.6G
Swap:         8.0G         0B       8.0G

             total       used       free     shared    buffers     cached
Mem:          2.0G       722M       1.2G       1.5M        39M       295M
-/+ buffers/cache:       388M       1.6G
Swap:         8.0G         0B       8.0G

             total       used       free     shared    buffers     cached
Mem:          2.0G       722M       1.2G       1.5M        39M       295M
-/+ buffers/cache:       388M       1.6G
Swap:         8.0G         0B       8.0G

             total       used       free     shared    buffers     cached
Mem:          2.0G       722M       1.2G       1.5M        39M       295M
-/+ buffers/cache:       388M       1.6G
Swap:         8.0G         0B       8.0G

             total       used       free     shared    buffers     cached
Mem:          2.0G       722M       1.2G       1.5M        39M       295M
-/+ buffers/cache:       388M       1.6G
Swap:         8.0G         0B       8.0G

             total       used       free     shared    buffers     cached
Mem:          2.0G       722M       1.2G       1.5M        39M       295M
-/+ buffers/cache:       388M       1.6G
Swap:         8.0G         0B       8.0G

             total       used       free     shared    buffers     cached
Mem:          2.0G       722M       1.2G       1.5M        39M       295M
-/+ buffers/cache:       388M       1.6G
Swap:         8.0G         0B       8.0G

             total       used       free     shared    buffers     cached
Mem:          2.0G       722M       1.2G       1.5M        39M       295M
-/+ buffers/cache:       388M       1.6G
Swap:         8.0G         0B       8.0G

             total       used       free     shared    buffers     cached
Mem:          2.0G       722M       1.2G       1.5M        39M       295M
-/+ buffers/cache:       388M       1.6G
Swap:         8.0G         0B       8.0G

             total       used       free     shared    buffers     cached
Mem:          2.0G       722M       1.2G       1.5M        39M       295M
-/+ buffers/cache:       388M       1.6G
Swap:         8.0G         0B       8.0G

             total       used       free     shared    buffers     cached
Mem:          2.0G       722M       1.2G       1.5M        39M       295M
-/+ buffers/cache:       388M       1.6G
Swap:         8.0G         0B       8.0G

             total       used       free     shared    buffers     cached
Mem:          2.0G       722M       1.2G       1.5M        39M       295M
-/+ buffers/cache:       388M       1.6G
Swap:         8.0G         0B       8.0G

             total       used       free     shared    buffers     cached
Mem:          2.0G       722M       1.2G       1.5M        39M       295M
-/+ buffers/cache:       388M       1.6G
Swap:         8.0G         0B       8.0G

             total       used       free     shared    buffers     cached
Mem:          2.0G       722M       1.2G       1.5M        39M       295M
-/+ buffers/cache:       388M       1.6G
Swap:         8.0G         0B       8.0G

             total       used       free     shared    buffers     cached
Mem:          2.0G       730M       1.2G       1.5M        39M       295M
-/+ buffers/cache:       396M       1.6G
Swap:         8.0G         0B       8.0G

             total       used       free     shared    buffers     cached
Mem:          2.0G       747M       1.2G       1.5M        39M       295M
-/+ buffers/cache:       412M       1.6G
Swap:         8.0G         0B       8.0G

             total       used       free     shared    buffers     cached
Mem:          2.0G       762M       1.2G       1.5M        39M       295M
-/+ buffers/cache:       427M       1.5G
Swap:         8.0G         0B       8.0G

             total       used       free     shared    buffers     cached
Mem:          2.0G       778M       1.2G       1.5M        39M       295M
-/+ buffers/cache:       443M       1.5G
Swap:         8.0G         0B       8.0G

             total       used       free     shared    buffers     cached
Mem:          2.0G       797M       1.2G       1.5M        39M       295M
-/+ buffers/cache:       462M       1.5G
Swap:         8.0G         0B       8.0G

             total       used       free     shared    buffers     cached
Mem:          2.0G       814M       1.2G       1.5M        39M       295M
-/+ buffers/cache:       479M       1.5G
Swap:         8.0G         0B       8.0G

             total       used       free     shared    buffers     cached
Mem:          2.0G       830M       1.1G       1.5M        39M       295M
-/+ buffers/cache:       496M       1.5G
Swap:         8.0G         0B       8.0G

             total       used       free     shared    buffers     cached
Mem:          2.0G       844M       1.1G       1.5M        39M       295M
-/+ buffers/cache:       510M       1.5G
Swap:         8.0G         0B       8.0G

             total       used       free     shared    buffers     cached
Mem:          2.0G       861M       1.1G       1.5M        39M       295M
-/+ buffers/cache:       527M       1.4G
Swap:         8.0G         0B       8.0G

             total       used       free     shared    buffers     cached
Mem:          2.0G       878M       1.1G       1.5M        39M       295M
-/+ buffers/cache:       544M       1.4G
Swap:         8.0G         0B       8.0G

             total       used       free     shared    buffers     cached
Mem:          2.0G       896M       1.1G       1.5M        39M       295M
-/+ buffers/cache:       562M       1.4G
Swap:         8.0G         0B       8.0G

             total       used       free     shared    buffers     cached
Mem:          2.0G       912M       1.1G       1.5M        39M       295M
-/+ buffers/cache:       578M       1.4G
Swap:         8.0G         0B       8.0G

             total       used       free     shared    buffers     cached
Mem:          2.0G       928M       1.0G       1.5M        39M       295M
-/+ buffers/cache:       594M       1.4G
Swap:         8.0G         0B       8.0G

             total       used       free     shared    buffers     cached
Mem:          2.0G       943M       1.0G       1.5M        39M       295M
-/+ buffers/cache:       609M       1.4G
Swap:         8.0G         0B       8.0G

             total       used       free     shared    buffers     cached
Mem:          2.0G       957M       1.0G       1.5M        39M       295M
-/+ buffers/cache:       622M       1.3G
Swap:         8.0G         0B       8.0G

             total       used       free     shared    buffers     cached
Mem:          2.0G       972M       1.0G       1.5M        39M       295M
-/+ buffers/cache:       637M       1.3G
Swap:         8.0G         0B       8.0G

             total       used       free     shared    buffers     cached
Mem:          2.0G       989M       1.0G       1.5M        39M       295M
-/+ buffers/cache:       654M       1.3G
Swap:         8.0G         0B       8.0G

             total       used       free     shared    buffers     cached
Mem:          2.0G       1.0G       994M       1.5M        39M       295M
-/+ buffers/cache:       671M       1.3G
Swap:         8.0G         0B       8.0G

             total       used       free     shared    buffers     cached
Mem:          2.0G       1.0G       977M       1.5M        39M       295M
-/+ buffers/cache:       688M       1.3G
Swap:         8.0G         0B       8.0G

             total       used       free     shared    buffers     cached
Mem:          2.0G       1.0G       959M       1.5M        39M       295M
-/+ buffers/cache:       706M       1.3G
Swap:         8.0G         0B       8.0G

             total       used       free     shared    buffers     cached
Mem:          2.0G       1.0G       942M       1.5M        39M       295M
-/+ buffers/cache:       723M       1.2G
Swap:         8.0G         0B       8.0G

             total       used       free     shared    buffers     cached
Mem:          2.0G       1.0G       926M       1.5M        39M       295M
-/+ buffers/cache:       739M       1.2G
Swap:         8.0G         0B       8.0G

             total       used       free     shared    buffers     cached
Mem:          2.0G       1.1G       910M       1.5M        39M       295M
-/+ buffers/cache:       755M       1.2G
Swap:         8.0G         0B       8.0G

             total       used       free     shared    buffers     cached
Mem:          2.0G       1.1G       894M       1.5M        39M       295M
-/+ buffers/cache:       771M       1.2G
Swap:         8.0G         0B       8.0G

             total       used       free     shared    buffers     cached
Mem:          2.0G       1.1G       876M       1.5M        39M       295M
-/+ buffers/cache:       788M       1.2G
Swap:         8.0G         0B       8.0G

             total       used       free     shared    buffers     cached
Mem:          2.0G       1.1G       860M       1.5M        39M       295M
-/+ buffers/cache:       805M       1.2G
Swap:         8.0G         0B       8.0G

             total       used       free     shared    buffers     cached
Mem:          2.0G       1.1G       844M       1.5M        39M       295M
-/+ buffers/cache:       821M       1.2G
Swap:         8.0G         0B       8.0G

             total       used       free     shared    buffers     cached
Mem:          2.0G       1.1G       828M       1.5M        39M       295M
-/+ buffers/cache:       837M       1.1G
Swap:         8.0G         0B       8.0G

             total       used       free     shared    buffers     cached
Mem:          2.0G       1.2G       817M       1.5M        39M       295M
-/+ buffers/cache:       847M       1.1G
Swap:         8.0G         0B       8.0G

             total       used       free     shared    buffers     cached
Mem:          2.0G       1.2G       799M       1.5M        39M       295M
-/+ buffers/cache:       865M       1.1G
Swap:         8.0G         0B       8.0G

             total       used       free     shared    buffers     cached
Mem:          2.0G       1.2G       782M       1.5M        39M       295M
-/+ buffers/cache:       882M       1.1G
Swap:         8.0G         0B       8.0G

             total       used       free     shared    buffers     cached
Mem:          2.0G       1.2G       766M       1.5M        39M       295M
-/+ buffers/cache:       899M       1.1G
Swap:         8.0G         0B       8.0G

             total       used       free     shared    buffers     cached
Mem:          2.0G       1.2G       751M       1.5M        39M       295M
-/+ buffers/cache:       913M       1.1G
Swap:         8.0G         0B       8.0G

             total       used       free     shared    buffers     cached
Mem:          2.0G       1.2G       733M       1.5M        39M       295M
-/+ buffers/cache:       931M       1.0G
Swap:         8.0G         0B       8.0G

             total       used       free     shared    buffers     cached
Mem:          2.0G       1.3G       717M       1.5M        39M       295M
-/+ buffers/cache:       947M       1.0G
Swap:         8.0G         0B       8.0G

             total       used       free     shared    buffers     cached
Mem:          2.0G       1.3G       700M       1.5M        39M       295M
-/+ buffers/cache:       965M       1.0G
Swap:         8.0G         0B       8.0G

             total       used       free     shared    buffers     cached
Mem:          2.0G       1.3G       681M       1.5M        39M       295M
-/+ buffers/cache:       984M       1.0G
Swap:         8.0G         0B       8.0G

             total       used       free     shared    buffers     cached
Mem:          2.0G       1.3G       665M       1.5M        39M       295M
-/+ buffers/cache:       999M       1.0G
Swap:         8.0G         0B       8.0G

             total       used       free     shared    buffers     cached
Mem:          2.0G       1.3G       648M       1.5M        39M       295M
-/+ buffers/cache:       1.0G       983M
Swap:         8.0G         0B       8.0G

             total       used       free     shared    buffers     cached
Mem:          2.0G       1.3G       633M       1.5M        39M       295M
-/+ buffers/cache:       1.0G       968M
Swap:         8.0G         0B       8.0G

             total       used       free     shared    buffers     cached
Mem:          2.0G       1.4G       615M       1.5M        39M       295M
-/+ buffers/cache:       1.0G       950M
Swap:         8.0G         0B       8.0G

             total       used       free     shared    buffers     cached
Mem:          2.0G       1.4G       600M       1.5M        39M       295M
-/+ buffers/cache:       1.0G       935M
Swap:         8.0G         0B       8.0G

             total       used       free     shared    buffers     cached
Mem:          2.0G       1.4G       583M       1.5M        39M       295M
-/+ buffers/cache:       1.1G       918M
Swap:         8.0G         0B       8.0G

             total       used       free     shared    buffers     cached
Mem:          2.0G       1.4G       566M       1.5M        39M       295M
-/+ buffers/cache:       1.1G       901M
Swap:         8.0G         0B       8.0G

             total       used       free     shared    buffers     cached
Mem:          2.0G       1.4G       551M       1.5M        39M       295M
-/+ buffers/cache:       1.1G       886M
Swap:         8.0G         0B       8.0G

             total       used       free     shared    buffers     cached
Mem:          2.0G       1.4G       537M       1.5M        39M       295M
-/+ buffers/cache:       1.1G       872M
Swap:         8.0G         0B       8.0G

             total       used       free     shared    buffers     cached
Mem:          2.0G       1.4G       522M       1.5M        39M       295M
-/+ buffers/cache:       1.1G       857M
Swap:         8.0G         0B       8.0G

             total       used       free     shared    buffers     cached
Mem:          2.0G       1.5G       506M       1.5M        39M       295M
-/+ buffers/cache:       1.1G       841M
Swap:         8.0G         0B       8.0G

             total       used       free     shared    buffers     cached
Mem:          2.0G       1.5G       492M       1.5M        39M       295M
-/+ buffers/cache:       1.1G       827M
Swap:         8.0G         0B       8.0G

             total       used       free     shared    buffers     cached
Mem:          2.0G       1.5G       475M       1.5M        39M       295M
-/+ buffers/cache:       1.2G       810M
Swap:         8.0G         0B       8.0G

             total       used       free     shared    buffers     cached
Mem:          2.0G       1.5G       459M       1.5M        39M       295M
-/+ buffers/cache:       1.2G       794M
Swap:         8.0G         0B       8.0G

             total       used       free     shared    buffers     cached
Mem:          2.0G       1.5G       441M       1.5M        39M       295M
-/+ buffers/cache:       1.2G       776M
Swap:         8.0G         0B       8.0G

             total       used       free     shared    buffers     cached
Mem:          2.0G       1.5G       425M       1.5M        39M       295M
-/+ buffers/cache:       1.2G       760M
Swap:         8.0G         0B       8.0G

             total       used       free     shared    buffers     cached
Mem:          2.0G       1.6G       408M       1.5M        39M       295M
-/+ buffers/cache:       1.2G       743M
Swap:         8.0G         0B       8.0G

             total       used       free     shared    buffers     cached
Mem:          2.0G       1.6G       393M       1.5M        39M       295M
-/+ buffers/cache:       1.2G       728M
Swap:         8.0G         0B       8.0G

             total       used       free     shared    buffers     cached
Mem:          2.0G       1.6G       379M       1.5M        39M       295M
-/+ buffers/cache:       1.3G       714M
Swap:         8.0G         0B       8.0G

             total       used       free     shared    buffers     cached
Mem:          2.0G       1.6G       374M       1.5M        39M       295M
-/+ buffers/cache:       1.3G       709M
Swap:         8.0G         0B       8.0G

             total       used       free     shared    buffers     cached
Mem:          2.0G       1.6G       356M       1.5M        39M       295M
-/+ buffers/cache:       1.3G       691M
Swap:         8.0G         0B       8.0G

             total       used       free     shared    buffers     cached
Mem:          2.0G       1.6G       340M       1.5M        39M       295M
-/+ buffers/cache:       1.3G       675M
Swap:         8.0G         0B       8.0G

             total       used       free     shared    buffers     cached
Mem:          2.0G       1.6G       324M       1.5M        39M       295M
-/+ buffers/cache:       1.3G       659M
Swap:         8.0G         0B       8.0G

             total       used       free     shared    buffers     cached
Mem:          2.0G       1.7G       307M       1.5M        39M       295M
-/+ buffers/cache:       1.3G       642M
Swap:         8.0G         0B       8.0G

             total       used       free     shared    buffers     cached
Mem:          2.0G       1.7G       291M       1.5M        39M       295M
-/+ buffers/cache:       1.3G       626M
Swap:         8.0G         0B       8.0G

             total       used       free     shared    buffers     cached
Mem:          2.0G       1.7G       275M       1.5M        39M       295M
-/+ buffers/cache:       1.4G       610M
Swap:         8.0G         0B       8.0G

             total       used       free     shared    buffers     cached
Mem:          2.0G       1.7G       259M       1.5M        39M       295M
-/+ buffers/cache:       1.4G       594M
Swap:         8.0G         0B       8.0G

             total       used       free     shared    buffers     cached
Mem:          2.0G       1.7G       242M       1.5M        39M       295M
-/+ buffers/cache:       1.4G       577M
Swap:         8.0G         0B       8.0G

             total       used       free     shared    buffers     cached
Mem:          2.0G       1.7G       225M       1.5M        39M       295M
-/+ buffers/cache:       1.4G       560M
Swap:         8.0G         0B       8.0G

             total       used       free     shared    buffers     cached
Mem:          2.0G       1.7G       209M       1.5M        39M       295M
-/+ buffers/cache:       1.4G       544M
Swap:         8.0G         0B       8.0G

             total       used       free     shared    buffers     cached
Mem:          2.0G       1.8G       192M       1.5M        39M       295M
-/+ buffers/cache:       1.4G       527M
Swap:         8.0G         0B       8.0G

             total       used       free     shared    buffers     cached
Mem:          2.0G       1.8G       175M       1.5M        39M       295M
-/+ buffers/cache:       1.5G       510M
Swap:         8.0G         0B       8.0G

             total       used       free     shared    buffers     cached
Mem:          2.0G       1.8G       158M       1.5M        39M       295M
-/+ buffers/cache:       1.5G       493M
Swap:         8.0G         0B       8.0G

             total       used       free     shared    buffers     cached
Mem:          2.0G       1.8G       142M       1.5M        39M       295M
-/+ buffers/cache:       1.5G       477M
Swap:         8.0G         0B       8.0G

             total       used       free     shared    buffers     cached
Mem:          2.0G       1.8G       126M       1.5M        39M       295M
-/+ buffers/cache:       1.5G       461M
Swap:         8.0G         0B       8.0G

             total       used       free     shared    buffers     cached
Mem:          2.0G       1.8G       109M       1.5M        39M       295M
-/+ buffers/cache:       1.5G       444M
Swap:         8.0G         0B       8.0G

             total       used       free     shared    buffers     cached
Mem:          2.0G       1.9G        91M       1.5M        39M       295M
-/+ buffers/cache:       1.5G       426M
Swap:         8.0G         0B       8.0G

             total       used       free     shared    buffers     cached
Mem:          2.0G       1.9G        77M       1.5M        39M       295M
-/+ buffers/cache:       1.6G       412M
Swap:         8.0G         0B       8.0G

             total       used       free     shared    buffers     cached
Mem:          2.0G       1.9G        72M       1.5M        29M       294M
-/+ buffers/cache:       1.6G       395M
Swap:         8.0G         0B       8.0G

             total       used       free     shared    buffers     cached
Mem:          2.0G       1.9G        73M       1.5M        13M       294M
-/+ buffers/cache:       1.6G       381M
Swap:         8.0G         0B       8.0G

             total       used       free     shared    buffers     cached
Mem:          2.0G       1.9G        73M       1.5M        11M       282M
-/+ buffers/cache:       1.6G       367M
Swap:         8.0G         0B       8.0G

             total       used       free     shared    buffers     cached
Mem:          2.0G       1.9G        74M       1.3M        10M       266M
-/+ buffers/cache:       1.6G       351M
Swap:         8.0G       172K       8.0G

             total       used       free     shared    buffers     cached
Mem:          2.0G       1.9G        81M       1.3M        10M       247M
-/+ buffers/cache:       1.6G       339M
Swap:         8.0G       1.4M       8.0G

             total       used       free     shared    buffers     cached
Mem:          2.0G       1.9G        66M       1.3M        10M       247M
-/+ buffers/cache:       1.6G       324M
Swap:         8.0G       1.4M       8.0G

             total       used       free     shared    buffers     cached
Mem:          2.0G       1.9G        74M       1.0M        10M       226M
-/+ buffers/cache:       1.6G       311M
Swap:         8.0G        17M       8.0G

             total       used       free     shared    buffers     cached
Mem:          2.0G       1.9G        77M       1.0M        10M       210M
-/+ buffers/cache:       1.7G       298M
Swap:         8.0G        17M       8.0G

             total       used       free     shared    buffers     cached
Mem:          2.0G       1.9G        73M       1.0M       3.8M       204M
-/+ buffers/cache:       1.7G       281M
Swap:         8.0G        17M       8.0G

             total       used       free     shared    buffers     cached
Mem:          2.0G       1.9G        68M       1.0M       2.1M       193M
-/+ buffers/cache:       1.7G       264M
Swap:         8.0G        17M       8.0G

             total       used       free     shared    buffers     cached
Mem:          2.0G       1.9G        70M       1.0M       1.1M       177M
-/+ buffers/cache:       1.7G       249M
Swap:         8.0G        17M       8.0G

             total       used       free     shared    buffers     cached
Mem:          2.0G       1.9G        78M       1.0M       1.0M       156M
-/+ buffers/cache:       1.7G       235M
Swap:         8.0G        17M       8.0G

             total       used       free     shared    buffers     cached
Mem:          2.0G       1.9G        82M       1.0M       892K       137M
-/+ buffers/cache:       1.7G       221M
Swap:         8.0G        17M       8.0G

             total       used       free     shared    buffers     cached
Mem:          2.0G       1.9G        68M       1.0M       892K       137M
-/+ buffers/cache:       1.8G       207M
Swap:         8.0G        17M       8.0G

             total       used       free     shared    buffers     cached
Mem:          2.0G       1.9G        71M       1.0M        92K       122M
-/+ buffers/cache:       1.8G       193M
Swap:         8.0G        17M       8.0G

             total       used       free     shared    buffers     cached
Mem:          2.0G       1.9G        72M       1.0M        92K       107M
-/+ buffers/cache:       1.8G       179M
Swap:         8.0G        17M       8.0G

             total       used       free     shared    buffers     cached
Mem:          2.0G       1.9G        68M       1.0M        92K        94M
-/+ buffers/cache:       1.8G       163M
Swap:         8.0G        17M       8.0G

             total       used       free     shared    buffers     cached
Mem:          2.0G       1.9G        76M       1.0M       100K        73M
-/+ buffers/cache:       1.8G       149M
Swap:         8.0G        17M       8.0G

             total       used       free     shared    buffers     cached
Mem:          2.0G       1.9G        78M       1.0M       376K        56M
-/+ buffers/cache:       1.8G       135M
Swap:         8.0G        17M       8.0G

             total       used       free     shared    buffers     cached
Mem:          2.0G       1.9G        76M       1.0M       516K        43M
-/+ buffers/cache:       1.8G       120M
Swap:         8.0G        17M       8.0G

             total       used       free     shared    buffers     cached
Mem:          2.0G       1.9G        77M       1.0M       516K        26M
-/+ buffers/cache:       1.9G       103M
Swap:         8.0G        17M       8.0G

             total       used       free     shared    buffers     cached
Mem:          2.0G       1.9G        75M       1.0M       516K        11M
-/+ buffers/cache:       1.9G        87M
Swap:         8.0G        17M       8.0G

             total       used       free     shared    buffers     cached
Mem:          2.0G       1.9G        72M       1.0M       508K       6.0M
-/+ buffers/cache:       1.9G        78M
Swap:         8.0G        17M       8.0G

             total       used       free     shared    buffers     cached
Mem:          2.0G       1.9G        62M       604K        76K       2.2M
-/+ buffers/cache:       1.9G        65M
Swap:         8.0G       245M       7.8G

             total       used       free     shared    buffers     cached
Mem:          2.0G       1.9G        53M       604K        76K       2.2M
-/+ buffers/cache:       1.9G        56M
Swap:         8.0G       254M       7.7G

             total       used       free     shared    buffers     cached
Mem:          2.0G       1.9G        88M       592K        80K       2.2M
-/+ buffers/cache:       1.9G        90M
Swap:         8.0G       309M       7.7G

             total       used       free     shared    buffers     cached
Mem:          2.0G       1.9G        84M       592K        80K       2.2M
-/+ buffers/cache:       1.9G        86M
Swap:         8.0G       309M       7.7G

             total       used       free     shared    buffers     cached
Mem:          2.0G       1.9G        73M       592K        80K       2.3M
-/+ buffers/cache:       1.9G        75M
Swap:         8.0G       309M       7.7G

             total       used       free     shared    buffers     cached
Mem:          2.0G       1.9G        73M       592K        84K       2.3M
-/+ buffers/cache:       1.9G        76M
Swap:         8.0G       309M       7.7G

             total       used       free     shared    buffers     cached
Mem:          2.0G       1.9G        77M       592K        88K       2.2M
-/+ buffers/cache:       1.9G        79M
Swap:         8.0G       309M       7.7G

             total       used       free     shared    buffers     cached
Mem:          2.0G       1.9G        77M       592K        88K       2.3M
-/+ buffers/cache:       1.9G        79M
Swap:         8.0G       309M       7.7G

             total       used       free     shared    buffers     cached
Mem:          2.0G       1.9G        77M       592K        88K       2.3M
-/+ buffers/cache:       1.9G        79M
Swap:         8.0G       309M       7.7G

             total       used       free     shared    buffers     cached
Mem:          2.0G       1.9G        80M       592K        88K       2.2M
-/+ buffers/cache:       1.9G        82M
Swap:         8.0G       309M       7.7G

             total       used       free     shared    buffers     cached
Mem:          2.0G       1.9G        70M       592K        96K       2.4M
-/+ buffers/cache:       1.9G        72M
Swap:         8.0G       309M       7.7G

             total       used       free     shared    buffers     cached
Mem:          2.0G       1.9G        70M       592K        96K       2.4M
-/+ buffers/cache:       1.9G        72M
Swap:         8.0G       309M       7.7G

             total       used       free     shared    buffers     cached
Mem:          2.0G       1.9G        69M       592K        96K       2.4M
-/+ buffers/cache:       1.9G        72M
Swap:         8.0G       309M       7.7G

             total       used       free     shared    buffers     cached
Mem:          2.0G       1.9G        68M       592K        96K       2.4M
-/+ buffers/cache:       1.9G        70M
Swap:         8.0G       309M       7.7G

             total       used       free     shared    buffers     cached
Mem:          2.0G       1.9G        70M       592K        96K       2.4M
-/+ buffers/cache:       1.9G        72M
Swap:         8.0G       309M       7.7G

             total       used       free     shared    buffers     cached
Mem:          2.0G       1.9G        72M       592K        96K       2.4M
-/+ buffers/cache:       1.9G        74M
Swap:         8.0G       309M       7.7G

             total       used       free     shared    buffers     cached
Mem:          2.0G       1.9G        73M       592K       104K       2.4M
-/+ buffers/cache:       1.9G        75M
Swap:         8.0G       309M       7.7G

             total       used       free     shared    buffers     cached
Mem:          2.0G       1.9G        75M       592K       104K       2.4M
-/+ buffers/cache:       1.9G        77M
Swap:         8.0G       309M       7.7G

             total       used       free     shared    buffers     cached
Mem:          2.0G       1.9G        77M       592K       104K       2.4M
-/+ buffers/cache:       1.9G        80M
Swap:         8.0G       309M       7.7G

             total       used       free     shared    buffers     cached
Mem:          2.0G       1.9G        66M       592K       104K       2.4M
-/+ buffers/cache:       1.9G        68M
Swap:         8.0G       309M       7.7G

             total       used       free     shared    buffers     cached
Mem:          2.0G       1.9G        69M       592K       104K       2.4M
-/+ buffers/cache:       1.9G        71M
Swap:         8.0G       309M       7.7G

             total       used       free     shared    buffers     cached
Mem:          2.0G       1.9G        74M       592K       112K       2.5M
-/+ buffers/cache:       1.9G        77M
Swap:         8.0G       304M       7.7G

             total       used       free     shared    buffers     cached
Mem:          2.0G       1.9G        66M       592K       112K       2.5M
-/+ buffers/cache:       1.9G        68M
Swap:         8.0G       301M       7.7G

             total       used       free     shared    buffers     cached
Mem:          2.0G       1.9G        81M       592K       112K       2.5M
-/+ buffers/cache:       1.9G        84M
Swap:         8.0G       300M       7.7G

             total       used       free     shared    buffers     cached
Mem:          2.0G       1.9G        78M       592K       112K       2.5M
-/+ buffers/cache:       1.9G        80M
Swap:         8.0G       300M       7.7G

             total       used       free     shared    buffers     cached
Mem:          2.0G       1.9G        75M       592K       112K       2.5M
-/+ buffers/cache:       1.9G        78M
Swap:         8.0G       300M       7.7G

             total       used       free     shared    buffers     cached
Mem:          2.0G       1.9G        61M       592K       120K       2.5M
-/+ buffers/cache:       1.9G        63M
Swap:         8.0G       561M       7.4G

             total       used       free     shared    buffers     cached
Mem:          2.0G       1.9G        61M       588K       120K       2.5M
-/+ buffers/cache:       1.9G        63M
Swap:         8.0G       561M       7.4G

             total       used       free     shared    buffers     cached
Mem:          2.0G       1.9G        61M       588K       120K       2.5M
-/+ buffers/cache:       1.9G        63M
Swap:         8.0G       561M       7.4G

             total       used       free     shared    buffers     cached
Mem:          2.0G       1.8G       140M       588K       120K       2.5M
-/+ buffers/cache:       1.8G       143M
Swap:         8.0G       561M       7.4G

             total       used       free     shared    buffers     cached
Mem:          2.0G       1.8G       140M       588K       120K       2.5M
-/+ buffers/cache:       1.8G       143M
Swap:         8.0G       561M       7.4G

             total       used       free     shared    buffers     cached
Mem:          2.0G       1.8G       139M       588K       120K       2.5M
-/+ buffers/cache:       1.8G       141M
Swap:         8.0G       561M       7.4G

             total       used       free     shared    buffers     cached
Mem:          2.0G       1.8G       133M       588K       128K       2.5M
-/+ buffers/cache:       1.8G       136M
Swap:         8.0G       561M       7.4G

             total       used       free     shared    buffers     cached
Mem:          2.0G       1.8G       124M       588K       128K       2.5M
-/+ buffers/cache:       1.8G       127M
Swap:         8.0G       561M       7.4G

             total       used       free     shared    buffers     cached
Mem:          2.0G       1.8G       122M       588K       128K       2.5M
-/+ buffers/cache:       1.8G       124M
Swap:         8.0G       560M       7.4G

             total       used       free     shared    buffers     cached
Mem:          2.0G       1.8G       120M       588K       128K       2.5M
-/+ buffers/cache:       1.8G       123M
Swap:         8.0G       559M       7.5G

             total       used       free     shared    buffers     cached
Mem:          2.0G       1.9G        80M       588K       128K        24M
-/+ buffers/cache:       1.9G       105M
Swap:         8.0G       547M       7.5G

             total       used       free     shared    buffers     cached
Mem:          2.0G       1.9G        79M       588K       588K        24M
-/+ buffers/cache:       1.9G       104M
Swap:         8.0G       545M       7.5G

             total       used       free     shared    buffers     cached
Mem:          2.0G       1.9G        78M       588K       588K        24M
-/+ buffers/cache:       1.9G       103M
Swap:         8.0G       544M       7.5G

             total       used       free     shared    buffers     cached
Mem:          2.0G       1.9G        77M       588K       588K        24M
-/+ buffers/cache:       1.9G       102M
Swap:         8.0G       543M       7.5G

             total       used       free     shared    buffers     cached
Mem:          2.0G       1.9G        76M       588K       588K        24M
-/+ buffers/cache:       1.9G       101M
Swap:         8.0G       541M       7.5G

             total       used       free     shared    buffers     cached
Mem:          2.0G       1.9G        75M       588K       588K        24M
-/+ buffers/cache:       1.9G       100M
Swap:         8.0G       539M       7.5G

             total       used       free     shared    buffers     cached
Mem:          2.0G       1.9G        74M       588K       596K        24M
-/+ buffers/cache:       1.9G        99M
Swap:         8.0G       538M       7.5G

             total       used       free     shared    buffers     cached
Mem:          2.0G       1.9G        73M       588K       596K        24M
-/+ buffers/cache:       1.9G        98M
Swap:         8.0G       536M       7.5G

             total       used       free     shared    buffers     cached
Mem:          2.0G       1.9G        72M       588K       596K        24M
-/+ buffers/cache:       1.9G        97M
Swap:         8.0G       535M       7.5G

             total       used       free     shared    buffers     cached
Mem:          2.0G       1.9G        72M       588K       596K        24M
-/+ buffers/cache:       1.9G        97M
Swap:         8.0G       534M       7.5G

             total       used       free     shared    buffers     cached
Mem:          2.0G       1.9G        71M       588K       596K        24M
-/+ buffers/cache:       1.9G        96M
Swap:         8.0G       532M       7.5G

             total       used       free     shared    buffers     cached
Mem:          2.0G       1.9G        70M       588K       596K        24M
-/+ buffers/cache:       1.9G        95M
Swap:         8.0G       531M       7.5G

             total       used       free     shared    buffers     cached
Mem:          2.0G       1.9G        70M       588K       604K        24M
-/+ buffers/cache:       1.9G        95M
Swap:         8.0G       530M       7.5G

             total       used       free     shared    buffers     cached
Mem:          2.0G       1.9G        67M       588K       892K        25M
-/+ buffers/cache:       1.9G        94M
Swap:         8.0G       529M       7.5G

             total       used       free     shared    buffers     cached
Mem:          2.0G       1.9G        82M       588K       224K        30M
-/+ buffers/cache:       1.8G       113M
Swap:         8.0G       519M       7.5G

             total       used       free     shared    buffers     cached
Mem:          2.0G       1.9G        80M       596K       236K        31M
-/+ buffers/cache:       1.8G       112M
Swap:         8.0G       518M       7.5G

             total       used       free     shared    buffers     cached
Mem:          2.0G       1.9G        79M       596K       236K        31M
-/+ buffers/cache:       1.8G       111M
Swap:         8.0G       517M       7.5G

             total       used       free     shared    buffers     cached
Mem:          2.0G       1.9G        79M       596K       244K        31M
-/+ buffers/cache:       1.8G       111M
Swap:         8.0G       516M       7.5G

             total       used       free     shared    buffers     cached
Mem:          2.0G       1.9G        78M       596K       244K        31M
-/+ buffers/cache:       1.8G       109M
Swap:         8.0G       515M       7.5G

             total       used       free     shared    buffers     cached
Mem:          2.0G       1.9G        77M       596K       244K        31M
-/+ buffers/cache:       1.8G       108M
Swap:         8.0G       514M       7.5G

             total       used       free     shared    buffers     cached
Mem:          2.0G       1.9G        74M       596K       244K        32M
-/+ buffers/cache:       1.8G       108M
Swap:         8.0G       513M       7.5G

             total       used       free     shared    buffers     cached
Mem:          2.0G       1.9G        74M       596K       376K        33M
-/+ buffers/cache:       1.8G       107M
Swap:         8.0G       512M       7.5G

             total       used       free     shared    buffers     cached
Mem:          2.0G       1.9G        71M       596K       508K        33M
-/+ buffers/cache:       1.8G       106M
Swap:         8.0G       511M       7.5G

             total       used       free     shared    buffers     cached
Mem:          2.0G       1.9G        96M       596K       3.4M        44M
-/+ buffers/cache:       1.8G       144M
Swap:         8.0G       508M       7.5G

             total       used       free     shared    buffers     cached
Mem:          2.0G       1.9G        74M       1.1M       5.4M        55M
-/+ buffers/cache:       1.8G       135M
Swap:         8.0G       504M       7.5G

             total       used       free     shared    buffers     cached
Mem:          2.0G       1.9G        72M       1.1M       5.4M        55M
-/+ buffers/cache:       1.8G       132M
Swap:         8.0G       503M       7.5G

             total       used       free     shared    buffers     cached
Mem:          2.0G       1.9G        71M       1.1M       5.4M        55M
-/+ buffers/cache:       1.8G       132M
Swap:         8.0G       503M       7.5G

             total       used       free     shared    buffers     cached
Mem:          2.0G       1.9G        71M       1.1M       5.4M        55M
-/+ buffers/cache:       1.8G       131M
Swap:         8.0G       502M       7.5G

             total       used       free     shared    buffers     cached
Mem:          2.0G       1.9G        70M       1.1M       5.4M        55M
-/+ buffers/cache:       1.8G       131M
Swap:         8.0G       502M       7.5G

             total       used       free     shared    buffers     cached
Mem:          2.0G       1.9G        69M       1.1M       5.4M        55M
-/+ buffers/cache:       1.8G       130M
Swap:         8.0G       501M       7.5G

             total       used       free     shared    buffers     cached
Mem:          2.0G       1.9G        69M       1.1M       5.5M        55M
-/+ buffers/cache:       1.8G       129M
Swap:         8.0G       501M       7.5G

             total       used       free     shared    buffers     cached
Mem:          2.0G       1.9G        68M       1.1M       5.5M        55M
-/+ buffers/cache:       1.8G       129M
Swap:         8.0G       500M       7.5G

             total       used       free     shared    buffers     cached
Mem:          2.0G       1.9G        67M       1.1M       5.5M        55M
-/+ buffers/cache:       1.8G       128M
Swap:         8.0G       500M       7.5G

             total       used       free     shared    buffers     cached
Mem:          2.0G       1.9G        67M       1.1M       5.5M        55M
-/+ buffers/cache:       1.8G       127M
Swap:         8.0G       499M       7.5G

             total       used       free     shared    buffers     cached
Mem:          2.0G       1.9G        66M       1.1M       5.5M        55M
-/+ buffers/cache:       1.8G       127M
Swap:         8.0G       499M       7.5G

             total       used       free     shared    buffers     cached
Mem:          2.0G       1.9G        65M       1.1M       5.5M        55M
-/+ buffers/cache:       1.8G       126M
Swap:         8.0G       498M       7.5G

             total       used       free     shared    buffers     cached
Mem:          2.0G       1.9G        65M       1.1M       5.5M        55M
-/+ buffers/cache:       1.8G       125M
Swap:         8.0G       498M       7.5G

             total       used       free     shared    buffers     cached
Mem:          2.0G       1.9G        87M       1.1M       5.5M        53M
-/+ buffers/cache:       1.8G       146M
Swap:         8.0G       497M       7.5G

             total       used       free     shared    buffers     cached
Mem:          2.0G       1.9G        87M       1.1M       5.5M        53M
-/+ buffers/cache:       1.8G       146M
Swap:         8.0G       497M       7.5G

             total       used       free     shared    buffers     cached
Mem:          2.0G       1.9G        86M       1.1M       5.5M        53M
-/+ buffers/cache:       1.8G       145M
Swap:         8.0G       496M       7.5G

             total       used       free     shared    buffers     cached
Mem:          2.0G       1.9G        86M       1.1M       5.5M        53M
-/+ buffers/cache:       1.8G       144M
Swap:         8.0G       496M       7.5G

             total       used       free     shared    buffers     cached
Mem:          2.0G       1.9G        85M       1.1M       5.5M        53M
-/+ buffers/cache:       1.8G       144M
Swap:         8.0G       495M       7.5G

             total       used       free     shared    buffers     cached
Mem:          2.0G       1.9G        85M       1.1M       5.5M        53M
-/+ buffers/cache:       1.8G       143M
Swap:         8.0G       495M       7.5G

             total       used       free     shared    buffers     cached
Mem:          2.0G       1.9G        84M       1.1M       5.5M        53M
-/+ buffers/cache:       1.8G       142M
Swap:         8.0G       494M       7.5G

             total       used       free     shared    buffers     cached
Mem:          2.0G       1.9G        83M       1.1M       5.5M        53M
-/+ buffers/cache:       1.8G       142M
Swap:         8.0G       494M       7.5G

             total       used       free     shared    buffers     cached
Mem:          2.0G       1.9G        83M       1.1M       5.5M        53M
-/+ buffers/cache:       1.8G       141M
Swap:         8.0G       494M       7.5G

             total       used       free     shared    buffers     cached
Mem:          2.0G       1.9G        82M       1.1M       5.5M        53M
-/+ buffers/cache:       1.8G       141M
Swap:         8.0G       493M       7.5G

             total       used       free     shared    buffers     cached
Mem:          2.0G       1.9G        81M       1.1M       5.5M        53M
-/+ buffers/cache:       1.8G       140M
Swap:         8.0G       493M       7.5G

             total       used       free     shared    buffers     cached
Mem:          2.0G       1.9G        81M       1.1M       5.5M        53M
-/+ buffers/cache:       1.8G       140M
Swap:         8.0G       492M       7.5G

             total       used       free     shared    buffers     cached
Mem:          2.0G       1.9G        80M       1.1M       5.5M        53M
-/+ buffers/cache:       1.8G       139M
Swap:         8.0G       492M       7.5G

             total       used       free     shared    buffers     cached
Mem:          2.0G       1.9G        80M       1.1M       5.5M        53M
-/+ buffers/cache:       1.8G       138M
Swap:         8.0G       491M       7.5G

             total       used       free     shared    buffers     cached
Mem:          2.0G       1.9G        79M       1.1M       5.5M        53M
-/+ buffers/cache:       1.8G       138M
Swap:         8.0G       491M       7.5G

             total       used       free     shared    buffers     cached
Mem:          2.0G       1.9G        78M       1.1M       5.5M        53M
-/+ buffers/cache:       1.8G       137M
Swap:         8.0G       490M       7.5G

             total       used       free     shared    buffers     cached
Mem:          2.0G       1.9G        77M       1.1M       5.5M        53M
-/+ buffers/cache:       1.8G       136M
Swap:         8.0G       490M       7.5G

             total       used       free     shared    buffers     cached
Mem:          2.0G       1.9G        77M       1.1M       5.5M        53M
-/+ buffers/cache:       1.8G       136M
Swap:         8.0G       489M       7.5G

             total       used       free     shared    buffers     cached
Mem:          2.0G       1.9G        76M       1.1M       5.5M        53M
-/+ buffers/cache:       1.8G       135M
Swap:         8.0G       489M       7.5G

             total       used       free     shared    buffers     cached
Mem:          2.0G       1.9G        76M       1.1M       5.5M        53M
-/+ buffers/cache:       1.8G       134M
Swap:         8.0G       488M       7.5G

             total       used       free     shared    buffers     cached
Mem:          2.0G       1.9G        75M       1.1M       5.5M        53M
-/+ buffers/cache:       1.8G       134M
Swap:         8.0G       488M       7.5G

             total       used       free     shared    buffers     cached
Mem:          2.0G       1.9G        74M       1.1M       5.5M        53M
-/+ buffers/cache:       1.8G       133M
Swap:         8.0G       487M       7.5G

             total       used       free     shared    buffers     cached
Mem:          2.0G       1.9G        74M       1.1M       5.5M        53M
-/+ buffers/cache:       1.8G       132M
Swap:         8.0G       487M       7.5G

             total       used       free     shared    buffers     cached
Mem:          2.0G       1.9G        72M       1.1M       5.5M        54M
-/+ buffers/cache:       1.8G       132M
Swap:         8.0G       486M       7.5G

             total       used       free     shared    buffers     cached
Mem:          2.0G       1.9G        71M       1.1M       5.5M        54M
-/+ buffers/cache:       1.8G       131M
Swap:         8.0G       486M       7.5G

             total       used       free     shared    buffers     cached
Mem:          2.0G       1.9G        71M       1.1M       5.5M        54M
-/+ buffers/cache:       1.8G       130M
Swap:         8.0G       485M       7.5G

             total       used       free     shared    buffers     cached
Mem:          2.0G       1.9G        70M       1.1M       5.5M        54M
-/+ buffers/cache:       1.8G       130M
Swap:         8.0G       485M       7.5G

             total       used       free     shared    buffers     cached
Mem:          2.0G       1.9G        69M       1.1M       5.5M        54M
-/+ buffers/cache:       1.8G       129M
Swap:         8.0G       484M       7.5G

             total       used       free     shared    buffers     cached
Mem:          2.0G       1.9G        69M       1.1M       5.5M        54M
-/+ buffers/cache:       1.8G       128M
Swap:         8.0G       484M       7.5G

             total       used       free     shared    buffers     cached
Mem:          2.0G       1.9G        68M       1.1M       5.5M        54M
-/+ buffers/cache:       1.8G       128M
Swap:         8.0G       483M       7.5G

             total       used       free     shared    buffers     cached
Mem:          2.0G       1.9G        67M       1.1M       5.5M        54M
-/+ buffers/cache:       1.8G       127M
Swap:         8.0G       483M       7.5G

             total       used       free     shared    buffers     cached
Mem:          2.0G       1.9G        67M       1.1M       5.5M        54M
-/+ buffers/cache:       1.8G       126M
Swap:         8.0G       482M       7.5G

             total       used       free     shared    buffers     cached
Mem:          2.0G       1.9G        66M       1.1M       5.5M        54M
-/+ buffers/cache:       1.8G       126M
Swap:         8.0G       482M       7.5G

             total       used       free     shared    buffers     cached
Mem:          2.0G       1.9G        65M       1.1M       5.5M        54M
-/+ buffers/cache:       1.8G       125M
Swap:         8.0G       481M       7.5G

             total       used       free     shared    buffers     cached
Mem:          2.0G       1.9G        65M       1.1M       5.5M        54M
-/+ buffers/cache:       1.8G       125M
Swap:         8.0G       481M       7.5G

             total       used       free     shared    buffers     cached
Mem:          2.0G       1.9G        64M       1.1M       5.5M        54M
-/+ buffers/cache:       1.8G       124M
Swap:         8.0G       480M       7.5G

             total       used       free     shared    buffers     cached
Mem:          2.0G       1.9G        85M       1.1M       5.5M        52M
-/+ buffers/cache:       1.8G       143M
Swap:         8.0G       480M       7.5G

             total       used       free     shared    buffers     cached
Mem:          2.0G       1.9G        85M       1.1M       5.5M        52M
-/+ buffers/cache:       1.8G       142M
Swap:         8.0G       480M       7.5G

             total       used       free     shared    buffers     cached
Mem:          2.0G       1.9G        84M       1.1M       5.5M        52M
-/+ buffers/cache:       1.8G       142M
Swap:         8.0G       479M       7.5G

             total       used       free     shared    buffers     cached
Mem:          2.0G       1.9G        83M       1.1M       5.5M        52M
-/+ buffers/cache:       1.8G       141M
Swap:         8.0G       479M       7.5G

             total       used       free     shared    buffers     cached
Mem:          2.0G       1.9G        82M       1.1M       5.5M        52M
-/+ buffers/cache:       1.8G       140M
Swap:         8.0G       478M       7.5G

             total       used       free     shared    buffers     cached
Mem:          2.0G       1.9G        82M       1.1M       5.5M        52M
-/+ buffers/cache:       1.8G       140M
Swap:         8.0G       478M       7.5G

             total       used       free     shared    buffers     cached
Mem:          2.0G       1.9G        67M       1.1M       7.3M        59M
-/+ buffers/cache:       1.8G       134M
Swap:         8.0G       477M       7.5G

             total       used       free     shared    buffers     cached
Mem:          2.0G       1.9G        84M       1.1M       5.8M        71M
-/+ buffers/cache:       1.8G       161M
Swap:         8.0G       506M       7.5G

             total       used       free     shared    buffers     cached
Mem:          2.0G       1.9G        75M       1.1M       5.9M        86M
-/+ buffers/cache:       1.8G       168M
Swap:         8.0G       506M       7.5G

             total       used       free     shared    buffers     cached
Mem:          2.0G       1.9G        74M       1.1M       6.0M        87M
-/+ buffers/cache:       1.8G       167M
Swap:         8.0G       505M       7.5G

             total       used       free     shared    buffers     cached
Mem:          2.0G       1.9G        69M       1.1M       6.0M        88M
-/+ buffers/cache:       1.8G       163M
Swap:         8.0G       503M       7.5G

             total       used       free     shared    buffers     cached
Mem:          2.0G       1.9G        64M       1.1M       6.0M        89M
-/+ buffers/cache:       1.8G       160M
Swap:         8.0G       501M       7.5G

             total       used       free     shared    buffers     cached
Mem:          2.0G       1.9G        77M       1.1M       4.5M        78M
-/+ buffers/cache:       1.8G       160M
Swap:         8.0G       501M       7.5G

             total       used       free     shared    buffers     cached
Mem:          2.0G       1.9G        77M       1.1M       4.5M        78M
-/+ buffers/cache:       1.8G       160M
Swap:         8.0G       501M       7.5G

             total       used       free     shared    buffers     cached
Mem:          2.0G       1.9G        77M       1.1M       4.5M        78M
-/+ buffers/cache:       1.8G       159M
Swap:         8.0G       500M       7.5G

             total       used       free     shared    buffers     cached
Mem:          2.0G       1.9G        76M       1.1M       4.5M        78M
-/+ buffers/cache:       1.8G       159M
Swap:         8.0G       500M       7.5G

             total       used       free     shared    buffers     cached
Mem:          2.0G       1.9G        76M       1.1M       4.5M        78M
-/+ buffers/cache:       1.8G       159M
Swap:         8.0G       500M       7.5G

             total       used       free     shared    buffers     cached
Mem:          2.0G       1.9G        76M       1.1M       4.5M        78M
-/+ buffers/cache:       1.8G       158M
Swap:         8.0G       500M       7.5G

             total       used       free     shared    buffers     cached
Mem:          2.0G       1.9G        75M       1.1M       4.5M        78M
-/+ buffers/cache:       1.8G       158M
Swap:         8.0G       499M       7.5G

             total       used       free     shared    buffers     cached
Mem:          2.0G       1.9G        74M       1.1M       4.5M        78M
-/+ buffers/cache:       1.8G       157M
Swap:         8.0G       499M       7.5G

             total       used       free     shared    buffers     cached
Mem:          2.0G       1.9G        74M       1.1M       4.5M        78M
-/+ buffers/cache:       1.8G       157M
Swap:         8.0G       499M       7.5G

             total       used       free     shared    buffers     cached
Mem:          2.0G       1.9G        85M       1.2M       2.5M        68M
-/+ buffers/cache:       1.8G       156M
Swap:         8.0G       500M       7.5G

             total       used       free     shared    buffers     cached
Mem:          2.0G       1.9G        68M       4.8M       4.3M        69M
-/+ buffers/cache:       1.8G       142M
Swap:         8.0G       507M       7.5G

             total       used       free     shared    buffers     cached
Mem:          2.0G       1.9G        74M       4.9M       3.1M        72M
-/+ buffers/cache:       1.8G       149M
Swap:         8.0G       522M       7.5G

             total       used       free     shared    buffers     cached
Mem:          2.0G       1.9G        68M       1.2M       3.6M        70M
-/+ buffers/cache:       1.8G       143M
Swap:         8.0G       519M       7.5G

             total       used       free     shared    buffers     cached
Mem:          2.0G       1.9G        67M       1.2M       3.6M        70M
-/+ buffers/cache:       1.8G       142M
Swap:         8.0G       518M       7.5G

             total       used       free     shared    buffers     cached
Mem:          2.0G       1.9G        67M       1.2M       3.6M        70M
-/+ buffers/cache:       1.8G       141M
Swap:         8.0G       518M       7.5G

             total       used       free     shared    buffers     cached
Mem:          2.0G       1.9G        66M       1.2M       3.6M        70M
-/+ buffers/cache:       1.8G       141M
Swap:         8.0G       517M       7.5G

             total       used       free     shared    buffers     cached
Mem:          2.0G       1.9G        65M       1.2M       3.6M        70M
-/+ buffers/cache:       1.8G       140M
Swap:         8.0G       517M       7.5G

             total       used       free     shared    buffers     cached
Mem:          2.0G       1.9G        65M       1.2M       3.6M        70M
-/+ buffers/cache:       1.8G       139M
Swap:         8.0G       516M       7.5G

             total       used       free     shared    buffers     cached
Mem:          2.0G       1.9G        81M       1.2M       3.0M        65M
-/+ buffers/cache:       1.8G       149M
Swap:         8.0G       516M       7.5G

             total       used       free     shared    buffers     cached
Mem:          2.0G       1.9G        80M       1.2M       3.0M        65M
-/+ buffers/cache:       1.8G       149M
Swap:         8.0G       516M       7.5G

             total       used       free     shared    buffers     cached
Mem:          2.0G       1.9G        80M       1.2M       3.0M        65M
-/+ buffers/cache:       1.8G       148M
Swap:         8.0G       515M       7.5G

             total       used       free     shared    buffers     cached
Mem:          2.0G       1.9G        79M       1.2M       3.0M        65M
-/+ buffers/cache:       1.8G       147M
Swap:         8.0G       515M       7.5G

             total       used       free     shared    buffers     cached
Mem:          2.0G       1.9G        77M       1.2M       3.1M        66M
-/+ buffers/cache:       1.8G       146M
Swap:         8.0G       514M       7.5G

             total       used       free     shared    buffers     cached
Mem:          2.0G       1.9G        76M       1.2M       3.1M        66M
-/+ buffers/cache:       1.8G       145M
Swap:         8.0G       513M       7.5G

             total       used       free     shared    buffers     cached
Mem:          2.0G       1.9G        75M       1.2M       3.1M        66M
-/+ buffers/cache:       1.8G       145M
Swap:         8.0G       513M       7.5G

             total       used       free     shared    buffers     cached
Mem:          2.0G       1.9G        74M       1.2M       3.1M        66M
-/+ buffers/cache:       1.8G       144M
Swap:         8.0G       512M       7.5G

             total       used       free     shared    buffers     cached
Mem:          2.0G       1.9G        73M       1.2M       3.1M        66M
-/+ buffers/cache:       1.8G       143M
Swap:         8.0G       512M       7.5G

             total       used       free     shared    buffers     cached
Mem:          2.0G       1.9G        73M       1.2M       3.1M        66M
-/+ buffers/cache:       1.8G       142M
Swap:         8.0G       511M       7.5G

             total       used       free     shared    buffers     cached
Mem:          2.0G       1.9G        72M       1.2M       3.1M        66M
-/+ buffers/cache:       1.8G       141M
Swap:         8.0G       511M       7.5G

             total       used       free     shared    buffers     cached
Mem:          2.0G       1.9G        71M       1.2M       3.1M        66M
-/+ buffers/cache:       1.8G       141M
Swap:         8.0G       510M       7.5G

             total       used       free     shared    buffers     cached
Mem:          2.0G       1.9G        70M       1.2M       3.1M        66M
-/+ buffers/cache:       1.8G       140M
Swap:         8.0G       510M       7.5G

             total       used       free     shared    buffers     cached
Mem:          2.0G       1.9G        70M       1.2M       3.1M        66M
-/+ buffers/cache:       1.8G       139M
Swap:         8.0G       510M       7.5G

             total       used       free     shared    buffers     cached
Mem:          2.0G       1.9G        69M       1.2M       3.1M        66M
-/+ buffers/cache:       1.8G       138M
Swap:         8.0G       509M       7.5G

             total       used       free     shared    buffers     cached
Mem:          2.0G       1.9G        68M       1.2M       3.1M        66M
-/+ buffers/cache:       1.8G       138M
Swap:         8.0G       509M       7.5G

             total       used       free     shared    buffers     cached
Mem:          2.0G       1.9G        67M       1.2M       3.1M        66M
-/+ buffers/cache:       1.8G       137M
Swap:         8.0G       508M       7.5G

             total       used       free     shared    buffers     cached
Mem:          2.0G       1.9G        66M       1.2M       3.3M        67M
-/+ buffers/cache:       1.8G       136M
Swap:         8.0G       508M       7.5G

             total       used       free     shared    buffers     cached
Mem:          2.0G       1.9G        76M       1.2M       2.8M        56M
-/+ buffers/cache:       1.8G       136M
Swap:         8.0G       580M       7.4G

             total       used       free     shared    buffers     cached
Mem:          2.0G       1.9G        79M       1.2M       3.5M        57M
-/+ buffers/cache:       1.8G       140M
Swap:         8.0G       580M       7.4G

             total       used       free     shared    buffers     cached
Mem:          2.0G       1.9G        79M       1.2M       3.5M        57M
-/+ buffers/cache:       1.8G       140M
Swap:         8.0G       580M       7.4G

             total       used       free     shared    buffers     cached
Mem:          2.0G       1.9G        78M       1.2M       3.5M        57M
-/+ buffers/cache:       1.8G       139M
Swap:         8.0G       579M       7.4G

             total       used       free     shared    buffers     cached
Mem:          2.0G       1.9G        77M       1.2M       3.5M        57M
-/+ buffers/cache:       1.8G       139M
Swap:         8.0G       579M       7.4G

             total       used       free     shared    buffers     cached
Mem:          2.0G       1.9G        77M       1.2M       3.5M        57M
-/+ buffers/cache:       1.8G       138M
Swap:         8.0G       578M       7.4G

             total       used       free     shared    buffers     cached
Mem:          2.0G       1.9G        76M       1.2M       3.5M        57M
-/+ buffers/cache:       1.8G       137M
Swap:         8.0G       577M       7.4G

             total       used       free     shared    buffers     cached
Mem:          2.0G       1.9G        75M       1.2M       3.5M        57M
-/+ buffers/cache:       1.8G       136M
Swap:         8.0G       577M       7.4G

             total       used       free     shared    buffers     cached
Mem:          2.0G       1.9G        74M       1.2M       3.5M        57M
-/+ buffers/cache:       1.8G       135M
Swap:         8.0G       576M       7.4G

             total       used       free     shared    buffers     cached
Mem:          2.0G       1.9G        73M       1.2M       3.5M        57M
-/+ buffers/cache:       1.8G       134M
Swap:         8.0G       576M       7.4G

             total       used       free     shared    buffers     cached
Mem:          2.0G       1.9G        72M       1.2M       3.5M        57M
-/+ buffers/cache:       1.8G       133M
Swap:         8.0G       575M       7.4G

             total       used       free     shared    buffers     cached
Mem:          2.0G       1.9G        72M       1.2M       3.5M        57M
-/+ buffers/cache:       1.8G       133M
Swap:         8.0G       575M       7.4G

             total       used       free     shared    buffers     cached
Mem:          2.0G       1.9G        71M       1.2M       3.5M        57M
-/+ buffers/cache:       1.8G       132M
Swap:         8.0G       574M       7.4G

             total       used       free     shared    buffers     cached
Mem:          2.0G       1.9G        70M       1.2M       3.5M        57M
-/+ buffers/cache:       1.8G       131M
Swap:         8.0G       574M       7.4G

             total       used       free     shared    buffers     cached
Mem:          2.0G       1.9G        69M       1.2M       3.5M        57M
-/+ buffers/cache:       1.8G       131M
Swap:         8.0G       573M       7.4G

             total       used       free     shared    buffers     cached
Mem:          2.0G       1.9G        72M       1.3M       6.6M        67M
-/+ buffers/cache:       1.8G       147M
Swap:         8.0G       570M       7.4G

             total       used       free     shared    buffers     cached
Mem:          2.0G       1.9G        69M       1.3M       6.8M        70M
-/+ buffers/cache:       1.8G       146M
Swap:         8.0G       570M       7.4G
