             total       used       free     shared    buffers     cached
Mem:          992M       660M       331M       3.2M        38M       289M
-/+ buffers/cache:       333M       659M
Swap:         8.0G         0B       8.0G

             total       used       free     shared    buffers     cached
Mem:          992M       659M       332M       1.4M        38M       287M
-/+ buffers/cache:       333M       658M
Swap:         8.0G         0B       8.0G

             total       used       free     shared    buffers     cached
Mem:          992M       659M       332M       1.4M        38M       287M
-/+ buffers/cache:       333M       658M
Swap:         8.0G         0B       8.0G

             total       used       free     shared    buffers     cached
Mem:          992M       659M       332M       1.4M        38M       287M
-/+ buffers/cache:       333M       658M
Swap:         8.0G         0B       8.0G

             total       used       free     shared    buffers     cached
Mem:          992M       659M       332M       1.4M        38M       287M
-/+ buffers/cache:       333M       658M
Swap:         8.0G         0B       8.0G

             total       used       free     shared    buffers     cached
Mem:          992M       659M       332M       1.4M        38M       287M
-/+ buffers/cache:       333M       658M
Swap:         8.0G         0B       8.0G

             total       used       free     shared    buffers     cached
Mem:          992M       659M       332M       1.4M        38M       287M
-/+ buffers/cache:       333M       658M
Swap:         8.0G         0B       8.0G

             total       used       free     shared    buffers     cached
Mem:          992M       659M       332M       1.4M        38M       287M
-/+ buffers/cache:       332M       659M
Swap:         8.0G         0B       8.0G

             total       used       free     shared    buffers     cached
Mem:          992M       659M       333M       1.4M        38M       288M
-/+ buffers/cache:       332M       659M
Swap:         8.0G         0B       8.0G

             total       used       free     shared    buffers     cached
Mem:          992M       662M       329M       1.4M        38M       288M
-/+ buffers/cache:       335M       656M
Swap:         8.0G         0B       8.0G

             total       used       free     shared    buffers     cached
Mem:          992M       679M       312M       1.4M        38M       288M
-/+ buffers/cache:       352M       639M
Swap:         8.0G         0B       8.0G

             total       used       free     shared    buffers     cached
Mem:          992M       690M       302M       1.4M        38M       288M
-/+ buffers/cache:       362M       629M
Swap:         8.0G         0B       8.0G

             total       used       free     shared    buffers     cached
Mem:          992M       668M       323M       1.4M        38M       289M
-/+ buffers/cache:       340M       651M
Swap:         8.0G         0B       8.0G

             total       used       free     shared    buffers     cached
Mem:          992M       678M       313M       1.4M        38M       289M
-/+ buffers/cache:       350M       642M
Swap:         8.0G         0B       8.0G

             total       used       free     shared    buffers     cached
Mem:          992M       668M       323M       1.4M        38M       289M
-/+ buffers/cache:       340M       651M
Swap:         8.0G         0B       8.0G

             total       used       free     shared    buffers     cached
Mem:          992M       668M       323M       1.4M        38M       289M
-/+ buffers/cache:       340M       651M
Swap:         8.0G         0B       8.0G

             total       used       free     shared    buffers     cached
Mem:          992M       668M       323M       1.4M        38M       289M
-/+ buffers/cache:       340M       651M
Swap:         8.0G         0B       8.0G

             total       used       free     shared    buffers     cached
Mem:          992M       668M       323M       1.4M        38M       289M
-/+ buffers/cache:       340M       651M
Swap:         8.0G         0B       8.0G

             total       used       free     shared    buffers     cached
Mem:          992M       668M       323M       1.4M        38M       289M
-/+ buffers/cache:       340M       651M
Swap:         8.0G         0B       8.0G

             total       used       free     shared    buffers     cached
Mem:          992M       668M       323M       1.4M        38M       289M
-/+ buffers/cache:       340M       651M
Swap:         8.0G         0B       8.0G

             total       used       free     shared    buffers     cached
Mem:          992M       668M       323M       1.4M        38M       289M
-/+ buffers/cache:       340M       651M
Swap:         8.0G         0B       8.0G

             total       used       free     shared    buffers     cached
Mem:          992M       669M       323M       1.4M        38M       289M
-/+ buffers/cache:       340M       651M
Swap:         8.0G         0B       8.0G

             total       used       free     shared    buffers     cached
Mem:          992M       669M       323M       1.4M        38M       289M
-/+ buffers/cache:       340M       651M
Swap:         8.0G         0B       8.0G

             total       used       free     shared    buffers     cached
Mem:          992M       669M       323M       1.4M        38M       289M
-/+ buffers/cache:       340M       651M
Swap:         8.0G         0B       8.0G

             total       used       free     shared    buffers     cached
Mem:          992M       669M       323M       1.4M        38M       289M
-/+ buffers/cache:       340M       651M
Swap:         8.0G         0B       8.0G

             total       used       free     shared    buffers     cached
Mem:          992M       669M       323M       1.4M        38M       289M
-/+ buffers/cache:       340M       651M
Swap:         8.0G         0B       8.0G

             total       used       free     shared    buffers     cached
Mem:          992M       669M       323M       1.4M        38M       289M
-/+ buffers/cache:       340M       651M
Swap:         8.0G         0B       8.0G

             total       used       free     shared    buffers     cached
Mem:          992M       669M       323M       1.4M        38M       289M
-/+ buffers/cache:       340M       651M
Swap:         8.0G         0B       8.0G

             total       used       free     shared    buffers     cached
Mem:          992M       669M       323M       1.4M        38M       289M
-/+ buffers/cache:       340M       651M
Swap:         8.0G         0B       8.0G

             total       used       free     shared    buffers     cached
Mem:          992M       669M       323M       1.4M        38M       289M
-/+ buffers/cache:       340M       651M
Swap:         8.0G         0B       8.0G

             total       used       free     shared    buffers     cached
Mem:          992M       669M       323M       1.4M        38M       289M
-/+ buffers/cache:       340M       651M
Swap:         8.0G         0B       8.0G

             total       used       free     shared    buffers     cached
Mem:          992M       669M       323M       1.4M        38M       289M
-/+ buffers/cache:       340M       651M
Swap:         8.0G         0B       8.0G

             total       used       free     shared    buffers     cached
Mem:          992M       669M       323M       1.4M        38M       289M
-/+ buffers/cache:       340M       651M
Swap:         8.0G         0B       8.0G

             total       used       free     shared    buffers     cached
Mem:          992M       676M       316M       1.4M        38M       289M
-/+ buffers/cache:       347M       644M
Swap:         8.0G         0B       8.0G

             total       used       free     shared    buffers     cached
Mem:          992M       691M       300M       1.4M        38M       289M
-/+ buffers/cache:       362M       629M
Swap:         8.0G         0B       8.0G

             total       used       free     shared    buffers     cached
Mem:          992M       706M       285M       1.4M        38M       289M
-/+ buffers/cache:       377M       614M
Swap:         8.0G         0B       8.0G

             total       used       free     shared    buffers     cached
Mem:          992M       721M       270M       1.4M        38M       289M
-/+ buffers/cache:       392M       599M
Swap:         8.0G         0B       8.0G

             total       used       free     shared    buffers     cached
Mem:          992M       735M       256M       1.4M        38M       289M
-/+ buffers/cache:       406M       585M
Swap:         8.0G         0B       8.0G

             total       used       free     shared    buffers     cached
Mem:          992M       750M       241M       1.4M        38M       289M
-/+ buffers/cache:       421M       570M
Swap:         8.0G         0B       8.0G

             total       used       free     shared    buffers     cached
Mem:          992M       763M       228M       1.4M        38M       289M
-/+ buffers/cache:       435M       557M
Swap:         8.0G         0B       8.0G

             total       used       free     shared    buffers     cached
Mem:          992M       778M       213M       1.4M        38M       289M
-/+ buffers/cache:       450M       542M
Swap:         8.0G         0B       8.0G

             total       used       free     shared    buffers     cached
Mem:          992M       790M       201M       1.4M        38M       289M
-/+ buffers/cache:       462M       529M
Swap:         8.0G         0B       8.0G

             total       used       free     shared    buffers     cached
Mem:          992M       806M       186M       1.4M        38M       289M
-/+ buffers/cache:       477M       514M
Swap:         8.0G         0B       8.0G

             total       used       free     shared    buffers     cached
Mem:          992M       825M       167M       1.4M        38M       289M
-/+ buffers/cache:       496M       495M
Swap:         8.0G         0B       8.0G

             total       used       free     shared    buffers     cached
Mem:          992M       840M       152M       1.4M        38M       289M
-/+ buffers/cache:       511M       480M
Swap:         8.0G         0B       8.0G

             total       used       free     shared    buffers     cached
Mem:          992M       855M       136M       1.4M        38M       289M
-/+ buffers/cache:       526M       465M
Swap:         8.0G         0B       8.0G

             total       used       free     shared    buffers     cached
Mem:          992M       869M       123M       1.4M        38M       289M
-/+ buffers/cache:       540M       451M
Swap:         8.0G         0B       8.0G

             total       used       free     shared    buffers     cached
Mem:          992M       884M       108M       1.4M        38M       289M
-/+ buffers/cache:       555M       436M
Swap:         8.0G         0B       8.0G

             total       used       free     shared    buffers     cached
Mem:          992M       896M        95M       1.4M        38M       289M
-/+ buffers/cache:       567M       424M
Swap:         8.0G         0B       8.0G

             total       used       free     shared    buffers     cached
Mem:          992M       912M        79M       1.4M        38M       289M
-/+ buffers/cache:       583M       408M
Swap:         8.0G         0B       8.0G

             total       used       free     shared    buffers     cached
Mem:          992M       927M        65M       1.4M        38M       289M
-/+ buffers/cache:       598M       393M
Swap:         8.0G         0B       8.0G

             total       used       free     shared    buffers     cached
Mem:          992M       927M        64M       1.4M        25M       288M
-/+ buffers/cache:       613M       378M
Swap:         8.0G         0B       8.0G

             total       used       free     shared    buffers     cached
Mem:          992M       922M        69M       1.4M        10M       283M
-/+ buffers/cache:       628M       363M
Swap:         8.0G         0B       8.0G

             total       used       free     shared    buffers     cached
Mem:          992M       918M        73M       1.4M        10M       266M
-/+ buffers/cache:       641M       350M
Swap:         8.0G        76K       8.0G

             total       used       free     shared    buffers     cached
Mem:          992M       932M        59M       1.4M        10M       266M
-/+ buffers/cache:       655M       336M
Swap:         8.0G        76K       8.0G

             total       used       free     shared    buffers     cached
Mem:          992M       926M        65M       1.3M       9.7M       247M
-/+ buffers/cache:       669M       322M
Swap:         8.0G       204K       8.0G

             total       used       free     shared    buffers     cached
Mem:          992M       926M        65M       1.2M       9.7M       233M
-/+ buffers/cache:       683M       308M
Swap:         8.0G       3.8M       8.0G

             total       used       free     shared    buffers     cached
Mem:          992M       910M        81M       1.1M       9.7M       208M
-/+ buffers/cache:       692M       299M
Swap:         8.0G       7.7M       8.0G

             total       used       free     shared    buffers     cached
Mem:          992M       924M        67M       1.1M       9.7M       208M
-/+ buffers/cache:       706M       285M
Swap:         8.0G       7.7M       8.0G

             total       used       free     shared    buffers     cached
Mem:          992M       925M        67M       1.1M       3.0M       202M
-/+ buffers/cache:       719M       272M
Swap:         8.0G       7.7M       8.0G

             total       used       free     shared    buffers     cached
Mem:          992M       922M        69M       1.1M       1.2M       188M
-/+ buffers/cache:       733M       258M
Swap:         8.0G       7.7M       8.0G

             total       used       free     shared    buffers     cached
Mem:          992M       928M        63M       1.1M       532K       180M
-/+ buffers/cache:       747M       244M
Swap:         8.0G       7.7M       8.0G

             total       used       free     shared    buffers     cached
Mem:          992M       916M        75M       1.1M       388K       159M
-/+ buffers/cache:       757M       235M
Swap:         8.0G       7.7M       8.0G

             total       used       free     shared    buffers     cached
Mem:          992M       931M        60M       1.1M       388K       159M
-/+ buffers/cache:       771M       220M
Swap:         8.0G       7.7M       8.0G

             total       used       free     shared    buffers     cached
Mem:          992M       923M        68M       1.1M       360K       140M
-/+ buffers/cache:       783M       208M
Swap:         8.0G       7.7M       8.0G

             total       used       free     shared    buffers     cached
Mem:          992M       932M        59M       1.1M       360K       140M
-/+ buffers/cache:       791M       200M
Swap:         8.0G       7.7M       8.0G

             total       used       free     shared    buffers     cached
Mem:          992M       914M        77M       1.1M       212K       109M
-/+ buffers/cache:       804M       187M
Swap:         8.0G       7.7M       8.0G

             total       used       free     shared    buffers     cached
Mem:          992M       929M        63M       1.1M       220K       109M
-/+ buffers/cache:       819M       172M
Swap:         8.0G       7.7M       8.0G

             total       used       free     shared    buffers     cached
Mem:          992M       928M        63M       1.1M       220K        96M
-/+ buffers/cache:       831M       160M
Swap:         8.0G       7.7M       8.0G

             total       used       free     shared    buffers     cached
Mem:          992M       918M        73M       1.1M       2.4M        69M
-/+ buffers/cache:       846M       145M
Swap:         8.0G       7.8M       8.0G

             total       used       free     shared    buffers     cached
Mem:          992M       924M        67M       1.1M       2.4M        61M
-/+ buffers/cache:       860M       131M
Swap:         8.0G       7.8M       8.0G

             total       used       free     shared    buffers     cached
Mem:          992M       923M        69M       1.1M       2.6M        47M
-/+ buffers/cache:       872M       119M
Swap:         8.0G       7.8M       8.0G

             total       used       free     shared    buffers     cached
Mem:          992M       918M        73M       1.1M       2.6M        29M
-/+ buffers/cache:       886M       105M
Swap:         8.0G       7.8M       8.0G

             total       used       free     shared    buffers     cached
Mem:          992M       911M        80M       972K       2.6M        17M
-/+ buffers/cache:       892M       100M
Swap:         8.0G        26M       8.0G

             total       used       free     shared    buffers     cached
Mem:          992M       924M        67M       964K       2.6M        17M
-/+ buffers/cache:       905M        87M
Swap:         8.0G        26M       8.0G

             total       used       free     shared    buffers     cached
Mem:          992M       921M        70M       964K        88K       5.3M
-/+ buffers/cache:       916M        75M
Swap:         8.0G        26M       8.0G

             total       used       free     shared    buffers     cached
Mem:          992M       923M        68M       964K        96K       3.2M
-/+ buffers/cache:       920M        72M
Swap:         8.0G        28M       8.0G

             total       used       free     shared    buffers     cached
Mem:          992M       925M        66M       652K        96K       3.0M
-/+ buffers/cache:       922M        70M
Swap:         8.0G        42M       8.0G

             total       used       free     shared    buffers     cached
Mem:          992M       923M        69M       668K        96K       2.9M
-/+ buffers/cache:       920M        71M
Swap:         8.0G        59M       7.9G

             total       used       free     shared    buffers     cached
Mem:          992M       922M        69M       664K        96K       2.8M
-/+ buffers/cache:       919M        72M
Swap:         8.0G        69M       7.9G

             total       used       free     shared    buffers     cached
Mem:          992M       921M        70M       664K       100K       2.9M
-/+ buffers/cache:       918M        73M
Swap:         8.0G       101M       7.9G

             total       used       free     shared    buffers     cached
Mem:          992M       917M        74M       640K        96K       2.9M
-/+ buffers/cache:       914M        77M
Swap:         8.0G       101M       7.9G

             total       used       free     shared    buffers     cached
Mem:          992M       908M        83M       588K        96K       2.6M
-/+ buffers/cache:       906M        86M
Swap:         8.0G       154M       7.8G

             total       used       free     shared    buffers     cached
Mem:          992M       911M        80M       592K        76K        20M
-/+ buffers/cache:       890M       101M
Swap:         8.0G       190M       7.8G

             total       used       free     shared    buffers     cached
Mem:          992M       925M        66M       564K       524K        20M
-/+ buffers/cache:       904M        88M
Swap:         8.0G       190M       7.8G

             total       used       free     shared    buffers     cached
Mem:          992M       922M        69M       564K       524K        20M
-/+ buffers/cache:       901M        90M
Swap:         8.0G       190M       7.8G

             total       used       free     shared    buffers     cached
Mem:          992M       924M        67M       564K       524K        20M
-/+ buffers/cache:       903M        88M
Swap:         8.0G       190M       7.8G

             total       used       free     shared    buffers     cached
Mem:          992M       923M        68M       564K       532K        20M
-/+ buffers/cache:       902M        89M
Swap:         8.0G       205M       7.8G

             total       used       free     shared    buffers     cached
Mem:          992M       923M        69M       564K       532K        19M
-/+ buffers/cache:       903M        88M
Swap:         8.0G       215M       7.8G

             total       used       free     shared    buffers     cached
Mem:          992M       923M        69M       564K       524K        12M
-/+ buffers/cache:       910M        81M
Swap:         8.0G       219M       7.8G

             total       used       free     shared    buffers     cached
Mem:          992M       920M        71M       564K        80K       3.0M
-/+ buffers/cache:       917M        74M
Swap:         8.0G       228M       7.8G

             total       used       free     shared    buffers     cached
Mem:          992M       920M        71M       564K        80K       2.9M
-/+ buffers/cache:       917M        74M
Swap:         8.0G       237M       7.8G

             total       used       free     shared    buffers     cached
Mem:          992M       919M        72M       540K        88K       2.5M
-/+ buffers/cache:       916M        75M
Swap:         8.0G       249M       7.8G

             total       used       free     shared    buffers     cached
Mem:          992M       927M        64M       540K        88K       2.6M
-/+ buffers/cache:       925M        66M
Swap:         8.0G       249M       7.8G

             total       used       free     shared    buffers     cached
Mem:          992M       922M        69M       540K        88K       2.3M
-/+ buffers/cache:       919M        72M
Swap:         8.0G       261M       7.7G

             total       used       free     shared    buffers     cached
Mem:          992M       929M        62M       540K        88K       2.3M
-/+ buffers/cache:       926M        65M
Swap:         8.0G       261M       7.7G

             total       used       free     shared    buffers     cached
Mem:          992M       922M        69M       540K        88K       2.3M
-/+ buffers/cache:       920M        72M
Swap:         8.0G       274M       7.7G

             total       used       free     shared    buffers     cached
Mem:          992M       929M        62M       540K        96K       2.3M
-/+ buffers/cache:       926M        65M
Swap:         8.0G       274M       7.7G

             total       used       free     shared    buffers     cached
Mem:          992M       918M        73M       540K        96K       2.2M
-/+ buffers/cache:       916M        75M
Swap:         8.0G       296M       7.7G

             total       used       free     shared    buffers     cached
Mem:          992M       923M        68M       540K        96K       2.2M
-/+ buffers/cache:       921M        70M
Swap:         8.0G       296M       7.7G

             total       used       free     shared    buffers     cached
Mem:          992M       928M        63M       540K        96K       2.2M
-/+ buffers/cache:       926M        65M
Swap:         8.0G       296M       7.7G

             total       used       free     shared    buffers     cached
Mem:          992M       921M        70M       540K        96K       2.1M
-/+ buffers/cache:       919M        72M
Swap:         8.0G       304M       7.7G

             total       used       free     shared    buffers     cached
Mem:          992M       926M        65M       540K        96K       2.2M
-/+ buffers/cache:       924M        67M
Swap:         8.0G       304M       7.7G

             total       used       free     shared    buffers     cached
Mem:          992M       916M        76M       176K       104K       1.8M
-/+ buffers/cache:       914M        78M
Swap:         8.0G       323M       7.7G

             total       used       free     shared    buffers     cached
Mem:          992M       920M        71M       152K       104K       1.7M
-/+ buffers/cache:       918M        73M
Swap:         8.0G       323M       7.7G

             total       used       free     shared    buffers     cached
Mem:          992M       924M        67M       152K       104K       1.8M
-/+ buffers/cache:       922M        69M
Swap:         8.0G       323M       7.7G

             total       used       free     shared    buffers     cached
Mem:          992M       928M        63M       152K       104K       1.8M
-/+ buffers/cache:       926M        65M
Swap:         8.0G       323M       7.7G

             total       used       free     shared    buffers     cached
Mem:          992M       920M        72M        20K       104K       1.6M
-/+ buffers/cache:       918M        73M
Swap:         8.0G       335M       7.7G

             total       used       free     shared    buffers     cached
Mem:          992M       924M        68M        20K       112K       1.6M
-/+ buffers/cache:       922M        69M
Swap:         8.0G       335M       7.7G

             total       used       free     shared    buffers     cached
Mem:          992M       919M        72M        20K       112K       1.6M
-/+ buffers/cache:       917M        74M
Swap:         8.0G       330M       7.7G

             total       used       free     shared    buffers     cached
Mem:          992M       916M        75M         4K       104K       1.4M
-/+ buffers/cache:       915M        76M
Swap:         8.0G       333M       7.7G

             total       used       free     shared    buffers     cached
Mem:          992M       918M        73M         0B        92K       1.4M
-/+ buffers/cache:       917M        75M
Swap:         8.0G       328M       7.7G

             total       used       free     shared    buffers     cached
Mem:          992M       922M        69M         0B        92K       1.4M
-/+ buffers/cache:       920M        71M
Swap:         8.0G       323M       7.7G

             total       used       free     shared    buffers     cached
Mem:          992M       917M        74M         0B        92K       1.3M
-/+ buffers/cache:       916M        75M
Swap:         8.0G       331M       7.7G

             total       used       free     shared    buffers     cached
Mem:          992M       917M        74M         0B        92K       1.3M
-/+ buffers/cache:       916M        75M
Swap:         8.0G       331M       7.7G

             total       used       free     shared    buffers     cached
Mem:          992M       916M        75M         0B        92K       1.5M
-/+ buffers/cache:       914M        77M
Swap:         8.0G       337M       7.7G

             total       used       free     shared    buffers     cached
Mem:          992M       918M        73M         0B        92K       1.5M
-/+ buffers/cache:       916M        75M
Swap:         8.0G       329M       7.7G

             total       used       free     shared    buffers     cached
Mem:          992M       917M        75M         0B        92K       1.4M
-/+ buffers/cache:       915M        76M
Swap:         8.0G       346M       7.7G

             total       used       free     shared    buffers     cached
Mem:          992M       926M        65M         0B       108K       1.4M
-/+ buffers/cache:       924M        67M
Swap:         8.0G       337M       7.7G

             total       used       free     shared    buffers     cached
Mem:          992M       913M        79M         0B       116K       1.3M
-/+ buffers/cache:       911M        80M
Swap:         8.0G       352M       7.7G

             total       used       free     shared    buffers     cached
Mem:          992M       924M        67M         0B       116K       1.4M
-/+ buffers/cache:       923M        68M
Swap:         8.0G       340M       7.7G

             total       used       free     shared    buffers     cached
Mem:          992M       917M        74M         0B       116K       1.7M
-/+ buffers/cache:       915M        76M
Swap:         8.0G       345M       7.7G

             total       used       free     shared    buffers     cached
Mem:          992M       921M        70M         0B       116K       1.7M
-/+ buffers/cache:       919M        72M
Swap:         8.0G       343M       7.7G

             total       used       free     shared    buffers     cached
Mem:          992M       926M        65M         0B       116K       1.8M
-/+ buffers/cache:       924M        67M
Swap:         8.0G       342M       7.7G

             total       used       free     shared    buffers     cached
Mem:          992M       918M        73M         0B       112K       1.7M
-/+ buffers/cache:       916M        75M
Swap:         8.0G       366M       7.6G

             total       used       free     shared    buffers     cached
Mem:          992M       925M        67M         0B       112K       1.7M
-/+ buffers/cache:       923M        68M
Swap:         8.0G       366M       7.6G

             total       used       free     shared    buffers     cached
Mem:          992M       917M        74M         0B       108K       1.7M
-/+ buffers/cache:       915M        76M
Swap:         8.0G       366M       7.6G

             total       used       free     shared    buffers     cached
Mem:          992M       922M        69M         0B       108K       1.7M
-/+ buffers/cache:       920M        71M
Swap:         8.0G       366M       7.6G

             total       used       free     shared    buffers     cached
Mem:          992M       914M        77M         0B        92K       1.7M
-/+ buffers/cache:       913M        79M
Swap:         8.0G       385M       7.6G

             total       used       free     shared    buffers     cached
Mem:          992M       920M        72M         0B       228K       2.5M
-/+ buffers/cache:       917M        74M
Swap:         8.0G       385M       7.6G

             total       used       free     shared    buffers     cached
Mem:          992M       923M        68M         0B       228K       2.5M
-/+ buffers/cache:       921M        70M
Swap:         8.0G       384M       7.6G

             total       used       free     shared    buffers     cached
Mem:          992M       926M        65M         0B       228K       2.7M
-/+ buffers/cache:       923M        68M
Swap:         8.0G       383M       7.6G

             total       used       free     shared    buffers     cached
Mem:          992M       928M        63M         0B       228K       2.7M
-/+ buffers/cache:       925M        66M
Swap:         8.0G       382M       7.6G

             total       used       free     shared    buffers     cached
Mem:          992M       912M        79M         0B       212K       2.6M
-/+ buffers/cache:       909M        82M
Swap:         8.0G       397M       7.6G

             total       used       free     shared    buffers     cached
Mem:          992M       915M        77M         0B       212K       2.5M
-/+ buffers/cache:       912M        79M
Swap:         8.0G       396M       7.6G

             total       used       free     shared    buffers     cached
Mem:          992M       917M        74M         0B       220K       2.5M
-/+ buffers/cache:       914M        77M
Swap:         8.0G       395M       7.6G

             total       used       free     shared    buffers     cached
Mem:          992M       919M        73M         0B       220K       2.5M
-/+ buffers/cache:       916M        75M
Swap:         8.0G       394M       7.6G

             total       used       free     shared    buffers     cached
Mem:          992M       921M        70M         0B       220K       2.6M
-/+ buffers/cache:       918M        73M
Swap:         8.0G       393M       7.6G

             total       used       free     shared    buffers     cached
Mem:          992M       923M        68M         0B       220K       2.5M
-/+ buffers/cache:       921M        71M
Swap:         8.0G       392M       7.6G

             total       used       free     shared    buffers     cached
Mem:          992M       926M        65M         0B       220K       2.6M
-/+ buffers/cache:       923M        68M
Swap:         8.0G       391M       7.6G

             total       used       free     shared    buffers     cached
Mem:          992M       928M        63M         0B       228K       2.5M
-/+ buffers/cache:       925M        66M
Swap:         8.0G       390M       7.6G

             total       used       free     shared    buffers     cached
Mem:          992M       918M        73M         0B       228K       2.6M
-/+ buffers/cache:       915M        76M
Swap:         8.0G       407M       7.6G

             total       used       free     shared    buffers     cached
Mem:          992M       921M        71M         0B       228K       2.6M
-/+ buffers/cache:       918M        73M
Swap:         8.0G       405M       7.6G

             total       used       free     shared    buffers     cached
Mem:          992M       911M        80M         0B        76K        19M
-/+ buffers/cache:       892M       100M
Swap:         8.0G       444M       7.6G

             total       used       free     shared    buffers     cached
Mem:          992M       914M        77M         0B       496K        19M
-/+ buffers/cache:       894M        97M
Swap:         8.0G       443M       7.6G

             total       used       free     shared    buffers     cached
Mem:          992M       916M        75M         0B       504K        19M
-/+ buffers/cache:       896M        95M
Swap:         8.0G       443M       7.6G

             total       used       free     shared    buffers     cached
Mem:          992M       918M        73M         0B       796K        19M
-/+ buffers/cache:       898M        94M
Swap:         8.0G       442M       7.6G

             total       used       free     shared    buffers     cached
Mem:          992M       921M        70M         0B       796K        19M
-/+ buffers/cache:       900M        91M
Swap:         8.0G       441M       7.6G

             total       used       free     shared    buffers     cached
Mem:          992M       923M        68M         0B       796K        19M
-/+ buffers/cache:       903M        89M
Swap:         8.0G       440M       7.6G

             total       used       free     shared    buffers     cached
Mem:          992M       925M        66M         0B       796K        19M
-/+ buffers/cache:       905M        86M
Swap:         8.0G       439M       7.6G

             total       used       free     shared    buffers     cached
Mem:          992M       928M        64M         0B       796K        19M
-/+ buffers/cache:       907M        84M
Swap:         8.0G       438M       7.6G

             total       used       free     shared    buffers     cached
Mem:          992M       914M        78M         0B       804K        19M
-/+ buffers/cache:       893M        98M
Swap:         8.0G       437M       7.6G

             total       used       free     shared    buffers     cached
Mem:          992M       916M        75M         0B       804K        19M
-/+ buffers/cache:       896M        95M
Swap:         8.0G       436M       7.6G

             total       used       free     shared    buffers     cached
Mem:          992M       919M        72M         0B       804K        19M
-/+ buffers/cache:       899M        93M
Swap:         8.0G       435M       7.6G

             total       used       free     shared    buffers     cached
Mem:          992M       921M        70M         0B       804K        19M
-/+ buffers/cache:       901M        90M
Swap:         8.0G       434M       7.6G

             total       used       free     shared    buffers     cached
Mem:          992M       924M        67M         0B       804K        19M
-/+ buffers/cache:       904M        88M
Swap:         8.0G       433M       7.6G

             total       used       free     shared    buffers     cached
Mem:          992M       926M        65M         0B       812K        19M
-/+ buffers/cache:       906M        85M
Swap:         8.0G       432M       7.6G

             total       used       free     shared    buffers     cached
Mem:          992M       929M        62M         0B       812K        19M
-/+ buffers/cache:       909M        83M
Swap:         8.0G       431M       7.6G

             total       used       free     shared    buffers     cached
Mem:          992M       912M        79M         0B       812K        18M
-/+ buffers/cache:       893M        98M
Swap:         8.0G       450M       7.6G

             total       used       free     shared    buffers     cached
Mem:          992M       914M        77M         0B       812K        18M
-/+ buffers/cache:       895M        96M
Swap:         8.0G       449M       7.6G

             total       used       free     shared    buffers     cached
Mem:          992M       916M        75M         0B       812K        18M
-/+ buffers/cache:       897M        94M
Swap:         8.0G       448M       7.6G

             total       used       free     shared    buffers     cached
Mem:          992M       919M        73M         0B       820K        18M
-/+ buffers/cache:       900M        92M
Swap:         8.0G       447M       7.6G

             total       used       free     shared    buffers     cached
Mem:          992M       921M        70M         0B       820K        18M
-/+ buffers/cache:       902M        89M
Swap:         8.0G       446M       7.6G

             total       used       free     shared    buffers     cached
Mem:          992M       923M        68M         0B       820K        18M
-/+ buffers/cache:       904M        87M
Swap:         8.0G       445M       7.6G

             total       used       free     shared    buffers     cached
Mem:          992M       925M        66M         0B       820K        18M
-/+ buffers/cache:       906M        85M
Swap:         8.0G       444M       7.6G

             total       used       free     shared    buffers     cached
Mem:          992M       928M        63M         0B       820K        18M
-/+ buffers/cache:       909M        82M
Swap:         8.0G       443M       7.6G

             total       used       free     shared    buffers     cached
Mem:          992M       914M        77M         0B       792K        16M
-/+ buffers/cache:       897M        94M
Swap:         8.0G       448M       7.6G

             total       used       free     shared    buffers     cached
Mem:          992M       917M        75M         0B       800K        16M
-/+ buffers/cache:       899M        92M
Swap:         8.0G       447M       7.6G

             total       used       free     shared    buffers     cached
Mem:          992M       919M        73M         0B       800K        16M
-/+ buffers/cache:       901M        90M
Swap:         8.0G       446M       7.6G

             total       used       free     shared    buffers     cached
Mem:          992M       921M        71M         0B       800K        16M
-/+ buffers/cache:       903M        88M
Swap:         8.0G       445M       7.6G

             total       used       free     shared    buffers     cached
Mem:          992M       923M        68M         0B       800K        16M
-/+ buffers/cache:       906M        86M
Swap:         8.0G       444M       7.6G

             total       used       free     shared    buffers     cached
Mem:          992M       926M        65M         0B       800K        16M
-/+ buffers/cache:       908M        83M
Swap:         8.0G       443M       7.6G

             total       used       free     shared    buffers     cached
Mem:          992M       928M        63M         0B       808K        16M
-/+ buffers/cache:       911M        80M
Swap:         8.0G       442M       7.6G

             total       used       free     shared    buffers     cached
Mem:          992M       915M        76M         0B       792K        14M
-/+ buffers/cache:       900M        91M
Swap:         8.0G       463M       7.5G

             total       used       free     shared    buffers     cached
Mem:          992M       917M        74M         0B       792K        14M
-/+ buffers/cache:       902M        89M
Swap:         8.0G       462M       7.5G

             total       used       free     shared    buffers     cached
Mem:          992M       919M        72M         0B       792K        14M
-/+ buffers/cache:       904M        87M
Swap:         8.0G       461M       7.5G

             total       used       free     shared    buffers     cached
Mem:          992M       921M        70M         0B       792K        14M
-/+ buffers/cache:       906M        85M
Swap:         8.0G       460M       7.5G

             total       used       free     shared    buffers     cached
Mem:          992M       924M        68M         0B       800K        14M
-/+ buffers/cache:       909M        82M
Swap:         8.0G       459M       7.5G

             total       used       free     shared    buffers     cached
Mem:          992M       925M        66M         0B       800K        14M
-/+ buffers/cache:       910M        81M
Swap:         8.0G       458M       7.5G

             total       used       free     shared    buffers     cached
Mem:          992M       927M        64M         0B       800K        14M
-/+ buffers/cache:       912M        79M
Swap:         8.0G       457M       7.6G

             total       used       free     shared    buffers     cached
Mem:          992M       913M        78M         0B       1.1M        12M
-/+ buffers/cache:       900M        91M
Swap:         8.0G       471M       7.5G

             total       used       free     shared    buffers     cached
Mem:          992M       938M        53M         0B       548K        25M
-/+ buffers/cache:       912M        79M
Swap:         8.0G       465M       7.5G

             total       used       free     shared    buffers     cached
Mem:          992M       919M        73M        16K       968K        24M
-/+ buffers/cache:       893M        98M
Swap:         8.0G       484M       7.5G

             total       used       free     shared    buffers     cached
Mem:          992M       921M        71M        16K       968K        24M
-/+ buffers/cache:       896M        96M
Swap:         8.0G       483M       7.5G

             total       used       free     shared    buffers     cached
Mem:          992M       923M        68M        16K       968K        25M
-/+ buffers/cache:       897M        95M
Swap:         8.0G       483M       7.5G

             total       used       free     shared    buffers     cached
Mem:          992M       924M        67M        16K       968K        25M
-/+ buffers/cache:       898M        93M
Swap:         8.0G       482M       7.5G

             total       used       free     shared    buffers     cached
Mem:          992M       926M        66M        16K       976K        25M
-/+ buffers/cache:       899M        92M
Swap:         8.0G       482M       7.5G

             total       used       free     shared    buffers     cached
Mem:          992M       927M        64M        16K       976K        25M
-/+ buffers/cache:       900M        91M
Swap:         8.0G       481M       7.5G

             total       used       free     shared    buffers     cached
Mem:          992M       928M        63M        16K       976K        25M
-/+ buffers/cache:       902M        90M
Swap:         8.0G       480M       7.5G

             total       used       free     shared    buffers     cached
Mem:          992M       918M        73M        16K       968K        26M
-/+ buffers/cache:       891M       100M
Swap:         8.0G       480M       7.5G

             total       used       free     shared    buffers     cached
Mem:          992M       920M        71M        16K       968K        26M
-/+ buffers/cache:       892M        99M
Swap:         8.0G       480M       7.5G

             total       used       free     shared    buffers     cached
Mem:          992M       921M        70M        16K       968K        26M
-/+ buffers/cache:       894M        98M
Swap:         8.0G       479M       7.5G

             total       used       free     shared    buffers     cached
Mem:          992M       922M        69M        16K       976K        26M
-/+ buffers/cache:       895M        96M
Swap:         8.0G       478M       7.5G

             total       used       free     shared    buffers     cached
Mem:          992M       923M        68M        16K       976K        26M
-/+ buffers/cache:       896M        95M
Swap:         8.0G       478M       7.5G

             total       used       free     shared    buffers     cached
Mem:          992M       925M        67M        16K       976K        26M
-/+ buffers/cache:       897M        94M
Swap:         8.0G       477M       7.5G

             total       used       free     shared    buffers     cached
Mem:          992M       926M        65M        16K       976K        26M
-/+ buffers/cache:       899M        93M
Swap:         8.0G       477M       7.5G

             total       used       free     shared    buffers     cached
Mem:          992M       927M        64M        16K       976K        26M
-/+ buffers/cache:       900M        91M
Swap:         8.0G       476M       7.5G

             total       used       free     shared    buffers     cached
Mem:          992M       928M        63M        16K       984K        26M
-/+ buffers/cache:       901M        90M
Swap:         8.0G       475M       7.5G

             total       used       free     shared    buffers     cached
Mem:          992M       909M        82M        16K       984K        25M
-/+ buffers/cache:       883M       109M
Swap:         8.0G       501M       7.5G

             total       used       free     shared    buffers     cached
Mem:          992M       910M        81M        16K       984K        25M
-/+ buffers/cache:       884M       107M
Swap:         8.0G       501M       7.5G

             total       used       free     shared    buffers     cached
Mem:          992M       912M        80M        16K       984K        25M
-/+ buffers/cache:       885M       106M
Swap:         8.0G       500M       7.5G

             total       used       free     shared    buffers     cached
Mem:          992M       913M        78M        16K       984K        25M
-/+ buffers/cache:       887M       105M
Swap:         8.0G       500M       7.5G

             total       used       free     shared    buffers     cached
Mem:          992M       914M        77M        16K       984K        25M
-/+ buffers/cache:       888M       104M
Swap:         8.0G       499M       7.5G

             total       used       free     shared    buffers     cached
Mem:          992M       921M        70M        16K       992K        30M
-/+ buffers/cache:       889M       102M
Swap:         8.0G       498M       7.5G

             total       used       free     shared    buffers     cached
Mem:          992M       922M        69M        16K       1.3M        30M
-/+ buffers/cache:       891M       101M
Swap:         8.0G       498M       7.5G

             total       used       free     shared    buffers     cached
Mem:          992M       924M        68M        16K       1.3M        30M
-/+ buffers/cache:       892M        99M
Swap:         8.0G       497M       7.5G

             total       used       free     shared    buffers     cached
Mem:          992M       925M        66M        16K       1.3M        30M
-/+ buffers/cache:       893M        98M
Swap:         8.0G       496M       7.5G

             total       used       free     shared    buffers     cached
Mem:          992M       927M        65M        16K       1.3M        30M
-/+ buffers/cache:       895M        96M
Swap:         8.0G       496M       7.5G

             total       used       free     shared    buffers     cached
Mem:          992M       928M        63M        16K       1.3M        30M
-/+ buffers/cache:       896M        95M
Swap:         8.0G       495M       7.5G

             total       used       free     shared    buffers     cached
Mem:          992M       913M        78M        16K       1.3M        29M
-/+ buffers/cache:       883M       109M
Swap:         8.0G       505M       7.5G

             total       used       free     shared    buffers     cached
Mem:          992M       915M        77M        16K       1.3M        29M
-/+ buffers/cache:       884M       107M
Swap:         8.0G       504M       7.5G

             total       used       free     shared    buffers     cached
Mem:          992M       916M        75M        16K       1.3M        29M
-/+ buffers/cache:       885M       106M
Swap:         8.0G       503M       7.5G

             total       used       free     shared    buffers     cached
Mem:          992M       917M        74M        16K       1.3M        29M
-/+ buffers/cache:       887M       105M
Swap:         8.0G       503M       7.5G

             total       used       free     shared    buffers     cached
Mem:          992M       919M        73M        16K       1.3M        29M
-/+ buffers/cache:       888M       103M
Swap:         8.0G       502M       7.5G

             total       used       free     shared    buffers     cached
Mem:          992M       920M        71M        16K       1.3M        29M
-/+ buffers/cache:       889M       102M
Swap:         8.0G       502M       7.5G

             total       used       free     shared    buffers     cached
Mem:          992M       921M        70M        16K       1.3M        29M
-/+ buffers/cache:       890M       101M
Swap:         8.0G       501M       7.5G

             total       used       free     shared    buffers     cached
Mem:          992M       922M        69M        16K       1.3M        29M
-/+ buffers/cache:       892M       100M
Swap:         8.0G       500M       7.5G

             total       used       free     shared    buffers     cached
Mem:          992M       924M        67M        16K       1.3M        29M
-/+ buffers/cache:       893M        98M
Swap:         8.0G       500M       7.5G

             total       used       free     shared    buffers     cached
Mem:          992M       925M        66M        16K       1.3M        29M
-/+ buffers/cache:       894M        97M
Swap:         8.0G       499M       7.5G

             total       used       free     shared    buffers     cached
Mem:          992M       926M        65M        16K       1.3M        29M
-/+ buffers/cache:       895M        96M
Swap:         8.0G       498M       7.5G

             total       used       free     shared    buffers     cached
Mem:          992M       928M        64M        16K       1.3M        29M
-/+ buffers/cache:       897M        94M
Swap:         8.0G       498M       7.5G

             total       used       free     shared    buffers     cached
Mem:          992M       929M        62M        16K       1.3M        29M
-/+ buffers/cache:       898M        93M
Swap:         8.0G       497M       7.5G

             total       used       free     shared    buffers     cached
Mem:          992M       916M        75M        16K       1.3M        28M
-/+ buffers/cache:       886M       105M
Swap:         8.0G       511M       7.5G

             total       used       free     shared    buffers     cached
Mem:          992M       918M        73M        16K       1.3M        28M
-/+ buffers/cache:       888M       103M
Swap:         8.0G       510M       7.5G

             total       used       free     shared    buffers     cached
Mem:          992M       919M        72M        16K       1.3M        28M
-/+ buffers/cache:       889M       102M
Swap:         8.0G       510M       7.5G

             total       used       free     shared    buffers     cached
Mem:          992M       921M        71M        16K       1.3M        28M
-/+ buffers/cache:       891M       101M
Swap:         8.0G       509M       7.5G

             total       used       free     shared    buffers     cached
Mem:          992M       922M        69M        16K       1.3M        28M
-/+ buffers/cache:       892M        99M
Swap:         8.0G       508M       7.5G

             total       used       free     shared    buffers     cached
Mem:          992M       923M        68M        16K       1.3M        28M
-/+ buffers/cache:       893M        98M
Swap:         8.0G       508M       7.5G

             total       used       free     shared    buffers     cached
Mem:          992M       925M        66M        16K       1.3M        28M
-/+ buffers/cache:       895M        96M
Swap:         8.0G       507M       7.5G

             total       used       free     shared    buffers     cached
Mem:          992M       926M        65M        16K       1.3M        28M
-/+ buffers/cache:       896M        95M
Swap:         8.0G       506M       7.5G

             total       used       free     shared    buffers     cached
Mem:          992M       928M        63M        16K       1.3M        28M
-/+ buffers/cache:       898M        93M
Swap:         8.0G       506M       7.5G

             total       used       free     shared    buffers     cached
Mem:          992M       914M        77M        16K       1.3M        27M
-/+ buffers/cache:       886M       106M
Swap:         8.0G       515M       7.5G

             total       used       free     shared    buffers     cached
Mem:          992M       915M        76M        16K       1.3M        27M
-/+ buffers/cache:       886M       105M
Swap:         8.0G       514M       7.5G

             total       used       free     shared    buffers     cached
Mem:          992M       917M        74M        16K       1.3M        27M
-/+ buffers/cache:       888M       103M
Swap:         8.0G       514M       7.5G

             total       used       free     shared    buffers     cached
Mem:          992M       918M        73M        16K       1.3M        27M
-/+ buffers/cache:       889M       102M
Swap:         8.0G       513M       7.5G

             total       used       free     shared    buffers     cached
Mem:          992M       920M        72M        16K       1.3M        27M
-/+ buffers/cache:       891M       100M
Swap:         8.0G       512M       7.5G

             total       used       free     shared    buffers     cached
Mem:          992M       921M        70M        16K       1.3M        27M
-/+ buffers/cache:       892M        99M
Swap:         8.0G       512M       7.5G

             total       used       free     shared    buffers     cached
Mem:          992M       922M        69M        16K       1.3M        27M
-/+ buffers/cache:       894M        98M
Swap:         8.0G       511M       7.5G

             total       used       free     shared    buffers     cached
Mem:          992M       924M        67M        16K       1.3M        27M
-/+ buffers/cache:       895M        96M
Swap:         8.0G       510M       7.5G

             total       used       free     shared    buffers     cached
Mem:          992M       925M        66M        16K       1.3M        27M
-/+ buffers/cache:       897M        95M
Swap:         8.0G       509M       7.5G

             total       used       free     shared    buffers     cached
Mem:          992M       927M        64M        16K       1.3M        27M
-/+ buffers/cache:       898M        93M
Swap:         8.0G       508M       7.5G

             total       used       free     shared    buffers     cached
Mem:          992M       928M        63M        16K       1.3M        27M
-/+ buffers/cache:       900M        92M
Swap:         8.0G       508M       7.5G

             total       used       free     shared    buffers     cached
Mem:          992M       910M        81M        16K       892K        25M
-/+ buffers/cache:       883M       108M
Swap:         8.0G       517M       7.5G

             total       used       free     shared    buffers     cached
Mem:          992M       911M        80M        16K       892K        25M
-/+ buffers/cache:       884M       107M
Swap:         8.0G       516M       7.5G

             total       used       free     shared    buffers     cached
Mem:          992M       913M        79M        16K       892K        26M
-/+ buffers/cache:       886M       106M
Swap:         8.0G       515M       7.5G

             total       used       free     shared    buffers     cached
Mem:          992M       914M        77M        16K       892K        26M
-/+ buffers/cache:       887M       104M
Swap:         8.0G       515M       7.5G

             total       used       free     shared    buffers     cached
Mem:          992M       916M        75M        16K       892K        26M
-/+ buffers/cache:       889M       102M
Swap:         8.0G       514M       7.5G

             total       used       free     shared    buffers     cached
Mem:          992M       917M        74M        16K       900K        26M
-/+ buffers/cache:       890M       101M
Swap:         8.0G       513M       7.5G

             total       used       free     shared    buffers     cached
Mem:          992M       920M        71M        20K       1.0M        27M
-/+ buffers/cache:       892M        99M
Swap:         8.0G       512M       7.5G

             total       used       free     shared    buffers     cached
Mem:          992M       928M        63M        20K       1.0M        28M
-/+ buffers/cache:       898M        93M
Swap:         8.0G       509M       7.5G

             total       used       free     shared    buffers     cached
Mem:          992M       915M        76M        20K       1.0M        26M
-/+ buffers/cache:       887M       104M
Swap:         8.0G       526M       7.5G

             total       used       free     shared    buffers     cached
Mem:          992M       921M        70M        20K       1.0M        28M
-/+ buffers/cache:       892M       100M
Swap:         8.0G       524M       7.5G

             total       used       free     shared    buffers     cached
Mem:          992M       924M        67M        20K       1.0M        29M
-/+ buffers/cache:       894M        97M
Swap:         8.0G       523M       7.5G

             total       used       free     shared    buffers     cached
Mem:          992M       925M        66M        20K       1.0M        29M
-/+ buffers/cache:       895M        96M
Swap:         8.0G       523M       7.5G

             total       used       free     shared    buffers     cached
Mem:          992M       926M        65M        20K       1.0M        29M
-/+ buffers/cache:       896M        96M
Swap:         8.0G       522M       7.5G

             total       used       free     shared    buffers     cached
Mem:          992M       927M        64M        20K       1.0M        29M
-/+ buffers/cache:       896M        95M
Swap:         8.0G       522M       7.5G

             total       used       free     shared    buffers     cached
Mem:          992M       927M        64M        20K       1.0M        29M
-/+ buffers/cache:       897M        94M
Swap:         8.0G       521M       7.5G

             total       used       free     shared    buffers     cached
Mem:          992M       928M        63M        20K       1.0M        29M
-/+ buffers/cache:       898M        93M
Swap:         8.0G       521M       7.5G

             total       used       free     shared    buffers     cached
Mem:          992M       917M        74M        20K       1.0M        27M
-/+ buffers/cache:       889M       102M
Swap:         8.0G       524M       7.5G

             total       used       free     shared    buffers     cached
Mem:          992M       918M        74M        20K       1.0M        27M
-/+ buffers/cache:       889M       102M
Swap:         8.0G       524M       7.5G

             total       used       free     shared    buffers     cached
Mem:          992M       918M        73M        20K       1.0M        27M
-/+ buffers/cache:       890M       101M
Swap:         8.0G       524M       7.5G

             total       used       free     shared    buffers     cached
Mem:          992M       919M        72M        20K       1.0M        27M
-/+ buffers/cache:       891M       101M
Swap:         8.0G       523M       7.5G

             total       used       free     shared    buffers     cached
Mem:          992M       921M        70M       204K       2.0M        44M
-/+ buffers/cache:       874M       117M
Swap:         8.0G       537M       7.5G

             total       used       free     shared    buffers     cached
Mem:          992M       923M        68M       3.9M       5.3M        53M
-/+ buffers/cache:       865M       127M
Swap:         8.0G       571M       7.4G

             total       used       free     shared    buffers     cached
Mem:          992M       911M        80M       228K       4.8M        61M
-/+ buffers/cache:       845M       146M
Swap:         8.0G       580M       7.4G

             total       used       free     shared    buffers     cached
Mem:          992M       925M        66M       264K       5.1M        64M
-/+ buffers/cache:       856M       135M
Swap:         8.0G       574M       7.4G

             total       used       free     shared    buffers     cached
Mem:          992M       927M        64M       264K       5.1M        64M
-/+ buffers/cache:       857M       134M
Swap:         8.0G       573M       7.4G

             total       used       free     shared    buffers     cached
Mem:          992M       928M        63M       264K       5.1M        64M
-/+ buffers/cache:       859M       133M
Swap:         8.0G       573M       7.4G

             total       used       free     shared    buffers     cached
Mem:          992M       907M        84M       264K       4.4M        60M
-/+ buffers/cache:       842M       149M
Swap:         8.0G       585M       7.4G

             total       used       free     shared    buffers     cached
Mem:          992M       908M        83M       264K       4.4M        60M
-/+ buffers/cache:       843M       148M
Swap:         8.0G       584M       7.4G

             total       used       free     shared    buffers     cached
Mem:          992M       911M        80M       264K       4.5M        61M
-/+ buffers/cache:       845M       146M
Swap:         8.0G       584M       7.4G

             total       used       free     shared    buffers     cached
Mem:          992M       912M        79M       264K       4.5M        61M
-/+ buffers/cache:       846M       145M
Swap:         8.0G       583M       7.4G

             total       used       free     shared    buffers     cached
Mem:          992M       913M        78M       264K       4.5M        61M
-/+ buffers/cache:       847M       144M
Swap:         8.0G       582M       7.4G

             total       used       free     shared    buffers     cached
Mem:          992M       915M        77M       264K       4.5M        61M
-/+ buffers/cache:       849M       143M
Swap:         8.0G       581M       7.4G

             total       used       free     shared    buffers     cached
Mem:          992M       916M        75M       264K       4.5M        61M
-/+ buffers/cache:       850M       141M
Swap:         8.0G       581M       7.4G

             total       used       free     shared    buffers     cached
Mem:          992M       918M        74M       264K       4.5M        61M
-/+ buffers/cache:       852M       140M
Swap:         8.0G       580M       7.4G

             total       used       free     shared    buffers     cached
Mem:          992M       919M        72M       264K       4.5M        61M
-/+ buffers/cache:       853M       138M
Swap:         8.0G       579M       7.4G

             total       used       free     shared    buffers     cached
Mem:          992M       921M        71M       264K       4.5M        61M
-/+ buffers/cache:       855M       137M
Swap:         8.0G       578M       7.4G

             total       used       free     shared    buffers     cached
Mem:          992M       922M        69M       264K       4.5M        61M
-/+ buffers/cache:       856M       135M
Swap:         8.0G       578M       7.4G

             total       used       free     shared    buffers     cached
Mem:          992M       923M        68M       264K       4.5M        61M
-/+ buffers/cache:       857M       134M
Swap:         8.0G       577M       7.4G

             total       used       free     shared    buffers     cached
Mem:          992M       925M        66M       264K       4.5M        61M
-/+ buffers/cache:       858M       133M
Swap:         8.0G       577M       7.4G

             total       used       free     shared    buffers     cached
Mem:          992M       926M        65M       264K       4.5M        61M
-/+ buffers/cache:       860M       132M
Swap:         8.0G       576M       7.4G

             total       used       free     shared    buffers     cached
Mem:          992M       927M        64M       264K       4.5M        61M
-/+ buffers/cache:       861M       130M
Swap:         8.0G       575M       7.4G

             total       used       free     shared    buffers     cached
Mem:          992M       929M        62M       264K       4.5M        61M
-/+ buffers/cache:       862M       129M
Swap:         8.0G       575M       7.4G

             total       used       free     shared    buffers     cached
Mem:          992M       917M        75M       264K       4.5M        61M
-/+ buffers/cache:       851M       140M
Swap:         8.0G       584M       7.4G

             total       used       free     shared    buffers     cached
Mem:          992M       918M        73M       264K       4.5M        61M
-/+ buffers/cache:       852M       139M
Swap:         8.0G       583M       7.4G

             total       used       free     shared    buffers     cached
Mem:          992M       919M        72M       264K       4.5M        61M
-/+ buffers/cache:       853M       138M
Swap:         8.0G       582M       7.4G

             total       used       free     shared    buffers     cached
Mem:          992M       920M        71M       264K       4.5M        61M
-/+ buffers/cache:       855M       137M
Swap:         8.0G       582M       7.4G

             total       used       free     shared    buffers     cached
Mem:          992M       922M        69M       264K       4.5M        61M
-/+ buffers/cache:       856M       135M
Swap:         8.0G       581M       7.4G

             total       used       free     shared    buffers     cached
Mem:          992M       923M        68M       264K       4.5M        61M
-/+ buffers/cache:       857M       134M
Swap:         8.0G       580M       7.4G

             total       used       free     shared    buffers     cached
Mem:          992M       925M        67M       264K       4.5M        61M
-/+ buffers/cache:       859M       132M
Swap:         8.0G       580M       7.4G

             total       used       free     shared    buffers     cached
Mem:          992M       926M        65M       264K       4.5M        61M
-/+ buffers/cache:       860M       131M
Swap:         8.0G       579M       7.4G

             total       used       free     shared    buffers     cached
Mem:          992M       927M        64M       264K       4.5M        61M
-/+ buffers/cache:       861M       130M
Swap:         8.0G       578M       7.4G

             total       used       free     shared    buffers     cached
Mem:          992M       928M        63M       264K       4.5M        61M
-/+ buffers/cache:       863M       129M
Swap:         8.0G       578M       7.4G

             total       used       free     shared    buffers     cached
Mem:          992M       915M        76M       264K       4.5M        60M
-/+ buffers/cache:       850M       141M
Swap:         8.0G       585M       7.4G

             total       used       free     shared    buffers     cached
Mem:          992M       916M        75M       264K       4.5M        60M
-/+ buffers/cache:       851M       140M
Swap:         8.0G       585M       7.4G

             total       used       free     shared    buffers     cached
Mem:          992M       918M        74M       264K       4.5M        60M
-/+ buffers/cache:       853M       139M
Swap:         8.0G       584M       7.4G

             total       used       free     shared    buffers     cached
Mem:          992M       919M        73M       264K       4.6M        60M
-/+ buffers/cache:       854M       138M
Swap:         8.0G       584M       7.4G

             total       used       free     shared    buffers     cached
Mem:          992M       920M        71M       264K       4.6M        60M
-/+ buffers/cache:       855M       136M
Swap:         8.0G       583M       7.4G

             total       used       free     shared    buffers     cached
Mem:          992M       921M        70M       264K       4.6M        60M
-/+ buffers/cache:       856M       135M
Swap:         8.0G       582M       7.4G

             total       used       free     shared    buffers     cached
Mem:          992M       923M        69M       264K       4.6M        60M
-/+ buffers/cache:       858M       133M
Swap:         8.0G       582M       7.4G

             total       used       free     shared    buffers     cached
Mem:          992M       924M        67M       264K       4.6M        60M
-/+ buffers/cache:       859M       132M
Swap:         8.0G       581M       7.4G

             total       used       free     shared    buffers     cached
Mem:          992M       914M        77M       304K       6.5M        68M
-/+ buffers/cache:       840M       151M
Swap:         8.0G       604M       7.4G

             total       used       free     shared    buffers     cached
Mem:          992M       927M        64M       304K       8.7M        74M
-/+ buffers/cache:       843M       148M
Swap:         8.0G       603M       7.4G
