             total       used       free     shared    buffers     cached
Mem:          2.0G       664M       1.3G       3.2M        38M       289M
-/+ buffers/cache:       335M       1.6G
Swap:         8.0G         0B       8.0G

             total       used       free     shared    buffers     cached
Mem:          2.0G       664M       1.3G       1.4M        38M       288M
-/+ buffers/cache:       337M       1.6G
Swap:         8.0G         0B       8.0G

             total       used       free     shared    buffers     cached
Mem:          2.0G       664M       1.3G       1.4M        38M       288M
-/+ buffers/cache:       337M       1.6G
Swap:         8.0G         0B       8.0G

             total       used       free     shared    buffers     cached
Mem:          2.0G       664M       1.3G       1.4M        38M       288M
-/+ buffers/cache:       337M       1.6G
Swap:         8.0G         0B       8.0G

             total       used       free     shared    buffers     cached
Mem:          2.0G       664M       1.3G       1.4M        38M       288M
-/+ buffers/cache:       337M       1.6G
Swap:         8.0G         0B       8.0G

             total       used       free     shared    buffers     cached
Mem:          2.0G       664M       1.3G       1.4M        38M       288M
-/+ buffers/cache:       337M       1.6G
Swap:         8.0G         0B       8.0G

             total       used       free     shared    buffers     cached
Mem:          2.0G       664M       1.3G       1.4M        38M       288M
-/+ buffers/cache:       337M       1.6G
Swap:         8.0G         0B       8.0G

             total       used       free     shared    buffers     cached
Mem:          2.0G       663M       1.3G       1.4M        38M       288M
-/+ buffers/cache:       336M       1.6G
Swap:         8.0G         0B       8.0G

             total       used       free     shared    buffers     cached
Mem:          2.0G       667M       1.3G       1.4M        38M       288M
-/+ buffers/cache:       339M       1.6G
Swap:         8.0G         0B       8.0G

             total       used       free     shared    buffers     cached
Mem:          2.0G       686M       1.3G       1.4M        38M       288M
-/+ buffers/cache:       358M       1.6G
Swap:         8.0G         0B       8.0G

             total       used       free     shared    buffers     cached
Mem:          2.0G       670M       1.3G       1.4M        38M       289M
-/+ buffers/cache:       342M       1.6G
Swap:         8.0G         0B       8.0G

             total       used       free     shared    buffers     cached
Mem:          2.0G       672M       1.3G       1.4M        39M       289M
-/+ buffers/cache:       344M       1.6G
Swap:         8.0G         0B       8.0G

             total       used       free     shared    buffers     cached
Mem:          2.0G       673M       1.3G       1.5M        39M       289M
-/+ buffers/cache:       344M       1.6G
Swap:         8.0G         0B       8.0G

             total       used       free     shared    buffers     cached
Mem:          2.0G       673M       1.3G       1.5M        39M       289M
-/+ buffers/cache:       344M       1.6G
Swap:         8.0G         0B       8.0G

             total       used       free     shared    buffers     cached
Mem:          2.0G       673M       1.3G       1.5M        39M       289M
-/+ buffers/cache:       344M       1.6G
Swap:         8.0G         0B       8.0G

             total       used       free     shared    buffers     cached
Mem:          2.0G       673M       1.3G       1.5M        39M       289M
-/+ buffers/cache:       344M       1.6G
Swap:         8.0G         0B       8.0G

             total       used       free     shared    buffers     cached
Mem:          2.0G       673M       1.3G       1.5M        39M       289M
-/+ buffers/cache:       344M       1.6G
Swap:         8.0G         0B       8.0G

             total       used       free     shared    buffers     cached
Mem:          2.0G       673M       1.3G       1.5M        39M       289M
-/+ buffers/cache:       344M       1.6G
Swap:         8.0G         0B       8.0G

             total       used       free     shared    buffers     cached
Mem:          2.0G       673M       1.3G       1.5M        39M       289M
-/+ buffers/cache:       344M       1.6G
Swap:         8.0G         0B       8.0G

             total       used       free     shared    buffers     cached
Mem:          2.0G       673M       1.3G       1.5M        39M       289M
-/+ buffers/cache:       344M       1.6G
Swap:         8.0G         0B       8.0G

             total       used       free     shared    buffers     cached
Mem:          2.0G       673M       1.3G       1.5M        39M       289M
-/+ buffers/cache:       344M       1.6G
Swap:         8.0G         0B       8.0G

             total       used       free     shared    buffers     cached
Mem:          2.0G       673M       1.3G       1.5M        39M       289M
-/+ buffers/cache:       344M       1.6G
Swap:         8.0G         0B       8.0G

             total       used       free     shared    buffers     cached
Mem:          2.0G       673M       1.3G       1.5M        39M       289M
-/+ buffers/cache:       344M       1.6G
Swap:         8.0G         0B       8.0G

             total       used       free     shared    buffers     cached
Mem:          2.0G       673M       1.3G       1.5M        39M       289M
-/+ buffers/cache:       344M       1.6G
Swap:         8.0G         0B       8.0G

             total       used       free     shared    buffers     cached
Mem:          2.0G       673M       1.3G       1.5M        39M       289M
-/+ buffers/cache:       344M       1.6G
Swap:         8.0G         0B       8.0G

             total       used       free     shared    buffers     cached
Mem:          2.0G       673M       1.3G       1.5M        39M       289M
-/+ buffers/cache:       344M       1.6G
Swap:         8.0G         0B       8.0G

             total       used       free     shared    buffers     cached
Mem:          2.0G       673M       1.3G       1.5M        39M       289M
-/+ buffers/cache:       344M       1.6G
Swap:         8.0G         0B       8.0G

             total       used       free     shared    buffers     cached
Mem:          2.0G       673M       1.3G       1.5M        39M       289M
-/+ buffers/cache:       344M       1.6G
Swap:         8.0G         0B       8.0G

             total       used       free     shared    buffers     cached
Mem:          2.0G       673M       1.3G       1.5M        39M       289M
-/+ buffers/cache:       344M       1.6G
Swap:         8.0G         0B       8.0G

             total       used       free     shared    buffers     cached
Mem:          2.0G       673M       1.3G       1.5M        39M       289M
-/+ buffers/cache:       344M       1.6G
Swap:         8.0G         0B       8.0G

             total       used       free     shared    buffers     cached
Mem:          2.0G       673M       1.3G       1.5M        39M       289M
-/+ buffers/cache:       344M       1.6G
Swap:         8.0G         0B       8.0G

             total       used       free     shared    buffers     cached
Mem:          2.0G       673M       1.3G       1.5M        39M       289M
-/+ buffers/cache:       344M       1.6G
Swap:         8.0G         0B       8.0G

             total       used       free     shared    buffers     cached
Mem:          2.0G       673M       1.3G       1.5M        39M       289M
-/+ buffers/cache:       344M       1.6G
Swap:         8.0G         0B       8.0G

             total       used       free     shared    buffers     cached
Mem:          2.0G       679M       1.3G       1.5M        39M       289M
-/+ buffers/cache:       351M       1.6G
Swap:         8.0G         0B       8.0G

             total       used       free     shared    buffers     cached
Mem:          2.0G       696M       1.3G       1.5M        39M       289M
-/+ buffers/cache:       368M       1.6G
Swap:         8.0G         0B       8.0G

             total       used       free     shared    buffers     cached
Mem:          2.0G       714M       1.3G       1.5M        39M       289M
-/+ buffers/cache:       385M       1.6G
Swap:         8.0G         0B       8.0G

             total       used       free     shared    buffers     cached
Mem:          2.0G       729M       1.2G       1.5M        39M       289M
-/+ buffers/cache:       401M       1.6G
Swap:         8.0G         0B       8.0G

             total       used       free     shared    buffers     cached
Mem:          2.0G       747M       1.2G       1.5M        39M       289M
-/+ buffers/cache:       418M       1.5G
Swap:         8.0G         0B       8.0G

             total       used       free     shared    buffers     cached
Mem:          2.0G       763M       1.2G       1.5M        39M       289M
-/+ buffers/cache:       434M       1.5G
Swap:         8.0G         0B       8.0G

             total       used       free     shared    buffers     cached
Mem:          2.0G       777M       1.2G       1.5M        39M       289M
-/+ buffers/cache:       448M       1.5G
Swap:         8.0G         0B       8.0G

             total       used       free     shared    buffers     cached
Mem:          2.0G       790M       1.2G       1.5M        39M       289M
-/+ buffers/cache:       461M       1.5G
Swap:         8.0G         0B       8.0G

             total       used       free     shared    buffers     cached
Mem:          2.0G       805M       1.2G       1.5M        39M       289M
-/+ buffers/cache:       476M       1.5G
Swap:         8.0G         0B       8.0G

             total       used       free     shared    buffers     cached
Mem:          2.0G       820M       1.2G       1.5M        39M       289M
-/+ buffers/cache:       491M       1.5G
Swap:         8.0G         0B       8.0G

             total       used       free     shared    buffers     cached
Mem:          2.0G       836M       1.1G       1.5M        39M       289M
-/+ buffers/cache:       507M       1.5G
Swap:         8.0G         0B       8.0G

             total       used       free     shared    buffers     cached
Mem:          2.0G       853M       1.1G       1.5M        39M       289M
-/+ buffers/cache:       524M       1.4G
Swap:         8.0G         0B       8.0G

             total       used       free     shared    buffers     cached
Mem:          2.0G       870M       1.1G       1.5M        39M       289M
-/+ buffers/cache:       541M       1.4G
Swap:         8.0G         0B       8.0G

             total       used       free     shared    buffers     cached
Mem:          2.0G       886M       1.1G       1.5M        39M       289M
-/+ buffers/cache:       557M       1.4G
Swap:         8.0G         0B       8.0G

             total       used       free     shared    buffers     cached
Mem:          2.0G       900M       1.1G       1.5M        39M       289M
-/+ buffers/cache:       571M       1.4G
Swap:         8.0G         0B       8.0G

             total       used       free     shared    buffers     cached
Mem:          2.0G       916M       1.1G       1.5M        39M       289M
-/+ buffers/cache:       587M       1.4G
Swap:         8.0G         0B       8.0G

             total       used       free     shared    buffers     cached
Mem:          2.0G       933M       1.0G       1.5M        39M       289M
-/+ buffers/cache:       604M       1.4G
Swap:         8.0G         0B       8.0G

             total       used       free     shared    buffers     cached
Mem:          2.0G       948M       1.0G       1.5M        39M       289M
-/+ buffers/cache:       620M       1.3G
Swap:         8.0G         0B       8.0G

             total       used       free     shared    buffers     cached
Mem:          2.0G       966M       1.0G       1.5M        39M       289M
-/+ buffers/cache:       637M       1.3G
Swap:         8.0G         0B       8.0G

             total       used       free     shared    buffers     cached
Mem:          2.0G       983M       1.0G       1.5M        39M       289M
-/+ buffers/cache:       654M       1.3G
Swap:         8.0G         0B       8.0G

             total       used       free     shared    buffers     cached
Mem:          2.0G       999M       1.0G       1.5M        39M       289M
-/+ buffers/cache:       670M       1.3G
Swap:         8.0G         0B       8.0G

             total       used       free     shared    buffers     cached
Mem:          2.0G       1.0G       985M       1.5M        39M       289M
-/+ buffers/cache:       685M       1.3G
Swap:         8.0G         0B       8.0G

             total       used       free     shared    buffers     cached
Mem:          2.0G       1.0G       969M       1.5M        39M       289M
-/+ buffers/cache:       702M       1.3G
Swap:         8.0G         0B       8.0G

             total       used       free     shared    buffers     cached
Mem:          2.0G       1.0G       954M       1.5M        39M       289M
-/+ buffers/cache:       717M       1.3G
Swap:         8.0G         0B       8.0G

             total       used       free     shared    buffers     cached
Mem:          2.0G       1.0G       941M       1.5M        39M       289M
-/+ buffers/cache:       730M       1.2G
Swap:         8.0G         0B       8.0G

             total       used       free     shared    buffers     cached
Mem:          2.0G       1.0G       925M       1.5M        39M       289M
-/+ buffers/cache:       746M       1.2G
Swap:         8.0G         0B       8.0G

             total       used       free     shared    buffers     cached
Mem:          2.0G       1.1G       910M       1.5M        39M       289M
-/+ buffers/cache:       761M       1.2G
Swap:         8.0G         0B       8.0G

             total       used       free     shared    buffers     cached
Mem:          2.0G       1.1G       895M       1.5M        39M       289M
-/+ buffers/cache:       776M       1.2G
Swap:         8.0G         0B       8.0G

             total       used       free     shared    buffers     cached
Mem:          2.0G       1.1G       878M       1.5M        39M       289M
-/+ buffers/cache:       792M       1.2G
Swap:         8.0G         0B       8.0G

             total       used       free     shared    buffers     cached
Mem:          2.0G       1.1G       869M       1.5M        39M       289M
-/+ buffers/cache:       801M       1.2G
Swap:         8.0G         0B       8.0G

             total       used       free     shared    buffers     cached
Mem:          2.0G       1.1G       852M       1.5M        39M       289M
-/+ buffers/cache:       818M       1.2G
Swap:         8.0G         0B       8.0G

             total       used       free     shared    buffers     cached
Mem:          2.0G       1.1G       837M       1.5M        39M       289M
-/+ buffers/cache:       833M       1.1G
Swap:         8.0G         0B       8.0G

             total       used       free     shared    buffers     cached
Mem:          2.0G       1.2G       821M       1.5M        39M       289M
-/+ buffers/cache:       849M       1.1G
Swap:         8.0G         0B       8.0G

             total       used       free     shared    buffers     cached
Mem:          2.0G       1.2G       806M       1.5M        39M       289M
-/+ buffers/cache:       864M       1.1G
Swap:         8.0G         0B       8.0G

             total       used       free     shared    buffers     cached
Mem:          2.0G       1.2G       791M       1.5M        39M       289M
-/+ buffers/cache:       879M       1.1G
Swap:         8.0G         0B       8.0G

             total       used       free     shared    buffers     cached
Mem:          2.0G       1.2G       773M       1.5M        39M       290M
-/+ buffers/cache:       897M       1.1G
Swap:         8.0G         0B       8.0G

             total       used       free     shared    buffers     cached
Mem:          2.0G       1.2G       758M       1.5M        39M       290M
-/+ buffers/cache:       912M       1.1G
Swap:         8.0G         0B       8.0G

             total       used       free     shared    buffers     cached
Mem:          2.0G       1.2G       741M       1.5M        39M       290M
-/+ buffers/cache:       929M       1.0G
Swap:         8.0G         0B       8.0G

             total       used       free     shared    buffers     cached
Mem:          2.0G       1.2G       725M       1.5M        39M       290M
-/+ buffers/cache:       945M       1.0G
Swap:         8.0G         0B       8.0G

             total       used       free     shared    buffers     cached
Mem:          2.0G       1.3G       710M       1.5M        39M       290M
-/+ buffers/cache:       960M       1.0G
Swap:         8.0G         0B       8.0G

             total       used       free     shared    buffers     cached
Mem:          2.0G       1.3G       696M       1.5M        39M       290M
-/+ buffers/cache:       974M       1.0G
Swap:         8.0G         0B       8.0G

             total       used       free     shared    buffers     cached
Mem:          2.0G       1.3G       680M       1.5M        39M       290M
-/+ buffers/cache:       990M       1.0G
Swap:         8.0G         0B       8.0G

             total       used       free     shared    buffers     cached
Mem:          2.0G       1.3G       664M       1.5M        39M       290M
-/+ buffers/cache:       1.0G       993M
Swap:         8.0G         0B       8.0G

             total       used       free     shared    buffers     cached
Mem:          2.0G       1.3G       648M       1.5M        39M       290M
-/+ buffers/cache:       1.0G       978M
Swap:         8.0G         0B       8.0G

             total       used       free     shared    buffers     cached
Mem:          2.0G       1.3G       634M       1.5M        39M       290M
-/+ buffers/cache:       1.0G       963M
Swap:         8.0G         0B       8.0G

             total       used       free     shared    buffers     cached
Mem:          2.0G       1.3G       619M       1.5M        39M       290M
-/+ buffers/cache:       1.0G       948M
Swap:         8.0G         0B       8.0G

             total       used       free     shared    buffers     cached
Mem:          2.0G       1.4G       605M       1.5M        39M       290M
-/+ buffers/cache:       1.0G       934M
Swap:         8.0G         0B       8.0G

             total       used       free     shared    buffers     cached
Mem:          2.0G       1.4G       589M       1.5M        39M       290M
-/+ buffers/cache:       1.1G       918M
Swap:         8.0G         0B       8.0G

             total       used       free     shared    buffers     cached
Mem:          2.0G       1.4G       575M       1.5M        39M       290M
-/+ buffers/cache:       1.1G       905M
Swap:         8.0G         0B       8.0G

             total       used       free     shared    buffers     cached
Mem:          2.0G       1.4G       559M       1.5M        39M       290M
-/+ buffers/cache:       1.1G       888M
Swap:         8.0G         0B       8.0G

             total       used       free     shared    buffers     cached
Mem:          2.0G       1.4G       544M       1.5M        39M       290M
-/+ buffers/cache:       1.1G       873M
Swap:         8.0G         0B       8.0G

             total       used       free     shared    buffers     cached
Mem:          2.0G       1.4G       529M       1.5M        39M       290M
-/+ buffers/cache:       1.1G       859M
Swap:         8.0G         0B       8.0G

             total       used       free     shared    buffers     cached
Mem:          2.0G       1.5G       513M       1.5M        39M       290M
-/+ buffers/cache:       1.1G       842M
Swap:         8.0G         0B       8.0G

             total       used       free     shared    buffers     cached
Mem:          2.0G       1.5G       498M       1.5M        39M       290M
-/+ buffers/cache:       1.1G       827M
Swap:         8.0G         0B       8.0G

             total       used       free     shared    buffers     cached
Mem:          2.0G       1.5G       482M       1.5M        39M       290M
-/+ buffers/cache:       1.2G       811M
Swap:         8.0G         0B       8.0G

             total       used       free     shared    buffers     cached
Mem:          2.0G       1.5G       467M       1.5M        39M       290M
-/+ buffers/cache:       1.2G       796M
Swap:         8.0G         0B       8.0G

             total       used       free     shared    buffers     cached
Mem:          2.0G       1.5G       452M       1.5M        39M       290M
-/+ buffers/cache:       1.2G       781M
Swap:         8.0G         0B       8.0G

             total       used       free     shared    buffers     cached
Mem:          2.0G       1.5G       437M       1.5M        39M       290M
-/+ buffers/cache:       1.2G       766M
Swap:         8.0G         0B       8.0G

             total       used       free     shared    buffers     cached
Mem:          2.0G       1.5G       426M       1.5M        39M       290M
-/+ buffers/cache:       1.2G       756M
Swap:         8.0G         0B       8.0G

             total       used       free     shared    buffers     cached
Mem:          2.0G       1.5G       420M       1.5M        39M       290M
-/+ buffers/cache:       1.2G       749M
Swap:         8.0G         0B       8.0G

             total       used       free     shared    buffers     cached
Mem:          2.0G       1.6G       404M       1.5M        39M       290M
-/+ buffers/cache:       1.2G       733M
Swap:         8.0G         0B       8.0G

             total       used       free     shared    buffers     cached
Mem:          2.0G       1.6G       388M       1.5M        39M       290M
-/+ buffers/cache:       1.3G       717M
Swap:         8.0G         0B       8.0G

             total       used       free     shared    buffers     cached
Mem:          2.0G       1.6G       373M       1.5M        39M       290M
-/+ buffers/cache:       1.3G       702M
Swap:         8.0G         0B       8.0G

             total       used       free     shared    buffers     cached
Mem:          2.0G       1.6G       358M       1.5M        39M       290M
-/+ buffers/cache:       1.3G       687M
Swap:         8.0G         0B       8.0G

             total       used       free     shared    buffers     cached
Mem:          2.0G       1.6G       342M       1.5M        39M       290M
-/+ buffers/cache:       1.3G       671M
Swap:         8.0G         0B       8.0G

             total       used       free     shared    buffers     cached
Mem:          2.0G       1.6G       326M       1.5M        39M       290M
-/+ buffers/cache:       1.3G       655M
Swap:         8.0G         0B       8.0G

             total       used       free     shared    buffers     cached
Mem:          2.0G       1.7G       310M       1.5M        39M       290M
-/+ buffers/cache:       1.3G       639M
Swap:         8.0G         0B       8.0G

             total       used       free     shared    buffers     cached
Mem:          2.0G       1.7G       294M       1.5M        39M       290M
-/+ buffers/cache:       1.3G       623M
Swap:         8.0G         0B       8.0G

             total       used       free     shared    buffers     cached
Mem:          2.0G       1.7G       279M       1.5M        39M       290M
-/+ buffers/cache:       1.4G       608M
Swap:         8.0G         0B       8.0G

             total       used       free     shared    buffers     cached
Mem:          2.0G       1.7G       263M       1.5M        39M       290M
-/+ buffers/cache:       1.4G       592M
Swap:         8.0G         0B       8.0G

             total       used       free     shared    buffers     cached
Mem:          2.0G       1.7G       248M       1.5M        39M       290M
-/+ buffers/cache:       1.4G       577M
Swap:         8.0G         0B       8.0G

             total       used       free     shared    buffers     cached
Mem:          2.0G       1.7G       233M       1.5M        39M       290M
-/+ buffers/cache:       1.4G       562M
Swap:         8.0G         0B       8.0G

             total       used       free     shared    buffers     cached
Mem:          2.0G       1.7G       217M       1.5M        39M       290M
-/+ buffers/cache:       1.4G       547M
Swap:         8.0G         0B       8.0G

             total       used       free     shared    buffers     cached
Mem:          2.0G       1.8G       204M       1.5M        39M       290M
-/+ buffers/cache:       1.4G       533M
Swap:         8.0G         0B       8.0G

             total       used       free     shared    buffers     cached
Mem:          2.0G       1.8G       189M       1.5M        39M       290M
-/+ buffers/cache:       1.4G       518M
Swap:         8.0G         0B       8.0G

             total       used       free     shared    buffers     cached
Mem:          2.0G       1.8G       174M       1.5M        39M       290M
-/+ buffers/cache:       1.5G       503M
Swap:         8.0G         0B       8.0G

             total       used       free     shared    buffers     cached
Mem:          2.0G       1.8G       157M       1.5M        39M       290M
-/+ buffers/cache:       1.5G       487M
Swap:         8.0G         0B       8.0G

             total       used       free     shared    buffers     cached
Mem:          2.0G       1.8G       141M       1.5M        39M       290M
-/+ buffers/cache:       1.5G       471M
Swap:         8.0G         0B       8.0G

             total       used       free     shared    buffers     cached
Mem:          2.0G       1.8G       127M       1.5M        39M       290M
-/+ buffers/cache:       1.5G       457M
Swap:         8.0G         0B       8.0G

             total       used       free     shared    buffers     cached
Mem:          2.0G       1.8G       111M       1.5M        39M       290M
-/+ buffers/cache:       1.5G       441M
Swap:         8.0G         0B       8.0G

             total       used       free     shared    buffers     cached
Mem:          2.0G       1.9G        96M       1.5M        39M       290M
-/+ buffers/cache:       1.5G       426M
Swap:         8.0G         0B       8.0G

             total       used       free     shared    buffers     cached
Mem:          2.0G       1.9G        80M       1.5M        39M       290M
-/+ buffers/cache:       1.6G       410M
Swap:         8.0G         0B       8.0G

             total       used       free     shared    buffers     cached
Mem:          2.0G       1.9G        66M       1.5M        39M       290M
-/+ buffers/cache:       1.6G       396M
Swap:         8.0G         0B       8.0G

             total       used       free     shared    buffers     cached
Mem:          2.0G       1.9G        73M       1.5M        17M       288M
-/+ buffers/cache:       1.6G       379M
Swap:         8.0G         0B       8.0G

             total       used       free     shared    buffers     cached
Mem:          2.0G       1.9G        74M       1.5M        10M       278M
-/+ buffers/cache:       1.6G       363M
Swap:         8.0G         0B       8.0G

             total       used       free     shared    buffers     cached
Mem:          2.0G       1.9G        75M       1.4M        10M       262M
-/+ buffers/cache:       1.6G       348M
Swap:         8.0G        84K       8.0G

             total       used       free     shared    buffers     cached
Mem:          2.0G       1.9G        78M       1.3M        10M       244M
-/+ buffers/cache:       1.6G       332M
Swap:         8.0G       1.1M       8.0G

             total       used       free     shared    buffers     cached
Mem:          2.0G       1.9G        64M       1.3M        10M       242M
-/+ buffers/cache:       1.6G       317M
Swap:         8.0G       1.3M       8.0G

             total       used       free     shared    buffers     cached
Mem:          2.0G       1.9G        63M       1.2M        10M       231M
-/+ buffers/cache:       1.7G       304M
Swap:         8.0G       6.9M       8.0G

             total       used       free     shared    buffers     cached
Mem:          2.0G       1.9G        79M       1.2M       9.9M       205M
-/+ buffers/cache:       1.7G       295M
Swap:         8.0G        13M       8.0G

             total       used       free     shared    buffers     cached
Mem:          2.0G       1.9G        64M       1.2M       9.9M       205M
-/+ buffers/cache:       1.7G       280M
Swap:         8.0G        13M       8.0G

             total       used       free     shared    buffers     cached
Mem:          2.0G       1.9G        73M       1.2M       1.7M       188M
-/+ buffers/cache:       1.7G       264M
Swap:         8.0G        13M       8.0G

             total       used       free     shared    buffers     cached
Mem:          2.0G       1.9G        81M       1.2M       356K       167M
-/+ buffers/cache:       1.7G       249M
Swap:         8.0G        13M       8.0G

             total       used       free     shared    buffers     cached
Mem:          2.0G       1.9G        65M       1.2M       356K       167M
-/+ buffers/cache:       1.7G       233M
Swap:         8.0G        13M       8.0G

             total       used       free     shared    buffers     cached
Mem:          2.0G       1.9G        70M       1.2M       352K       147M
-/+ buffers/cache:       1.7G       218M
Swap:         8.0G        13M       8.0G

             total       used       free     shared    buffers     cached
Mem:          2.0G       1.9G        72M       1.2M       328K       130M
-/+ buffers/cache:       1.8G       202M
Swap:         8.0G        13M       8.0G

             total       used       free     shared    buffers     cached
Mem:          2.0G       1.9G        73M       1.2M        96K       114M
-/+ buffers/cache:       1.8G       188M
Swap:         8.0G        13M       8.0G

             total       used       free     shared    buffers     cached
Mem:          2.0G       1.9G        73M       1.2M       100K       101M
-/+ buffers/cache:       1.8G       174M
Swap:         8.0G        13M       8.0G

             total       used       free     shared    buffers     cached
Mem:          2.0G       1.9G        71M       1.2M       120K        89M
-/+ buffers/cache:       1.8G       161M
Swap:         8.0G        13M       8.0G

             total       used       free     shared    buffers     cached
Mem:          2.0G       1.9G        77M       1.2M       120K        69M
-/+ buffers/cache:       1.8G       146M
Swap:         8.0G        13M       8.0G

             total       used       free     shared    buffers     cached
Mem:          2.0G       1.9G        78M       1.2M       124K        53M
-/+ buffers/cache:       1.8G       132M
Swap:         8.0G        13M       8.0G

             total       used       free     shared    buffers     cached
Mem:          2.0G       1.9G        76M       1.2M       112K        41M
-/+ buffers/cache:       1.8G       118M
Swap:         8.0G        13M       8.0G

             total       used       free     shared    buffers     cached
Mem:          2.0G       1.9G        76M       1.2M       512K        24M
-/+ buffers/cache:       1.9G       101M
Swap:         8.0G        13M       8.0G

             total       used       free     shared    buffers     cached
Mem:          2.0G       1.9G        74M       1.2M       520K        11M
-/+ buffers/cache:       1.9G        86M
Swap:         8.0G        13M       8.0G

             total       used       free     shared    buffers     cached
Mem:          2.0G       1.9G        74M       1.0M       520K       2.5M
-/+ buffers/cache:       1.9G        77M
Swap:         8.0G        18M       8.0G

             total       used       free     shared    buffers     cached
Mem:          2.0G       1.9G        79M       732K       520K       2.2M
-/+ buffers/cache:       1.9G        82M
Swap:         8.0G        61M       7.9G

             total       used       free     shared    buffers     cached
Mem:          2.0G       1.9G        76M       740K       512K       2.1M
-/+ buffers/cache:       1.9G        79M
Swap:         8.0G        61M       7.9G

             total       used       free     shared    buffers     cached
Mem:          2.0G       1.9G        73M       740K       484K       2.2M
-/+ buffers/cache:       1.9G        76M
Swap:         8.0G        61M       7.9G

             total       used       free     shared    buffers     cached
Mem:          2.0G       1.9G        73M       676K       480K       2.1M
-/+ buffers/cache:       1.9G        75M
Swap:         8.0G        91M       7.9G

             total       used       free     shared    buffers     cached
Mem:          2.0G       1.9G        72M       688K       476K       2.1M
-/+ buffers/cache:       1.9G        74M
Swap:         8.0G        91M       7.9G

             total       used       free     shared    buffers     cached
Mem:          2.0G       1.9G        73M       624K       240K       2.1M
-/+ buffers/cache:       1.9G        75M
Swap:         8.0G       132M       7.9G

             total       used       free     shared    buffers     cached
Mem:          2.0G       1.9G        75M       632K       236K       2.1M
-/+ buffers/cache:       1.9G        77M
Swap:         8.0G       132M       7.9G

             total       used       free     shared    buffers     cached
Mem:          2.0G       1.9G        75M       632K       224K       2.0M
-/+ buffers/cache:       1.9G        77M
Swap:         8.0G       136M       7.9G

             total       used       free     shared    buffers     cached
Mem:          2.0G       1.9G        77M       612K       220K       2.1M
-/+ buffers/cache:       1.9G        79M
Swap:         8.0G       172M       7.8G

             total       used       free     shared    buffers     cached
Mem:          2.0G       1.9G        77M       596K       228K       2.0M
-/+ buffers/cache:       1.9G        79M
Swap:         8.0G       172M       7.8G

             total       used       free     shared    buffers     cached
Mem:          2.0G       1.9G        73M       596K       228K       2.0M
-/+ buffers/cache:       1.9G        76M
Swap:         8.0G       186M       7.8G

             total       used       free     shared    buffers     cached
Mem:          2.0G       1.9G        76M       584K       196K       2.0M
-/+ buffers/cache:       1.9G        78M
Swap:         8.0G       195M       7.8G

             total       used       free     shared    buffers     cached
Mem:          2.0G       1.9G        90M       580K       176K       2.1M
-/+ buffers/cache:       1.9G        93M
Swap:         8.0G       258M       7.7G

             total       used       free     shared    buffers     cached
Mem:          2.0G       1.9G        85M       540K       176K       2.1M
-/+ buffers/cache:       1.9G        88M
Swap:         8.0G       257M       7.7G

             total       used       free     shared    buffers     cached
Mem:          2.0G       1.9G        79M       540K       184K       2.1M
-/+ buffers/cache:       1.9G        81M
Swap:         8.0G       256M       7.7G

             total       used       free     shared    buffers     cached
Mem:          2.0G       1.9G        77M       540K       184K       2.1M
-/+ buffers/cache:       1.9G        80M
Swap:         8.0G       256M       7.7G

             total       used       free     shared    buffers     cached
Mem:          2.0G       1.9G        74M       540K       184K       2.1M
-/+ buffers/cache:       1.9G        77M
Swap:         8.0G       256M       7.7G

             total       used       free     shared    buffers     cached
Mem:          2.0G       1.9G        75M       540K       184K       2.1M
-/+ buffers/cache:       1.9G        77M
Swap:         8.0G       256M       7.7G

             total       used       free     shared    buffers     cached
Mem:          2.0G       1.9G        64M       540K       180K       2.1M
-/+ buffers/cache:       1.9G        66M
Swap:         8.0G       257M       7.7G

             total       used       free     shared    buffers     cached
Mem:          2.0G       1.9G        82M       540K       188K       2.0M
-/+ buffers/cache:       1.9G        84M
Swap:         8.0G       330M       7.7G

             total       used       free     shared    buffers     cached
Mem:          2.0G       1.9G        76M       540K       188K       2.1M
-/+ buffers/cache:       1.9G        78M
Swap:         8.0G       330M       7.7G

             total       used       free     shared    buffers     cached
Mem:          2.0G       1.9G        75M       540K       188K       2.1M
-/+ buffers/cache:       1.9G        78M
Swap:         8.0G       329M       7.7G

             total       used       free     shared    buffers     cached
Mem:          2.0G       1.9G        75M       540K       188K       2.1M
-/+ buffers/cache:       1.9G        77M
Swap:         8.0G       329M       7.7G

             total       used       free     shared    buffers     cached
Mem:          2.0G       1.9G        74M       540K       188K       2.1M
-/+ buffers/cache:       1.9G        77M
Swap:         8.0G       328M       7.7G

             total       used       free     shared    buffers     cached
Mem:          2.0G       1.9G        74M       540K       188K       2.1M
-/+ buffers/cache:       1.9G        76M
Swap:         8.0G       327M       7.7G

             total       used       free     shared    buffers     cached
Mem:          2.0G       1.9G        73M       540K       196K       2.1M
-/+ buffers/cache:       1.9G        76M
Swap:         8.0G       327M       7.7G

             total       used       free     shared    buffers     cached
Mem:          2.0G       1.9G        73M       540K       196K       2.1M
-/+ buffers/cache:       1.9G        75M
Swap:         8.0G       326M       7.7G

             total       used       free     shared    buffers     cached
Mem:          2.0G       1.9G        73M       540K       196K       2.1M
-/+ buffers/cache:       1.9G        75M
Swap:         8.0G       325M       7.7G

             total       used       free     shared    buffers     cached
Mem:          2.0G       1.9G        72M       540K       196K       2.1M
-/+ buffers/cache:       1.9G        74M
Swap:         8.0G       325M       7.7G

             total       used       free     shared    buffers     cached
Mem:          2.0G       1.9G        75M       540K        84K        19M
-/+ buffers/cache:       1.9G        95M
Swap:         8.0G       316M       7.7G

             total       used       free     shared    buffers     cached
Mem:          2.0G       1.9G        74M       540K        92K        19M
-/+ buffers/cache:       1.9G        94M
Swap:         8.0G       315M       7.7G

             total       used       free     shared    buffers     cached
Mem:          2.0G       1.9G        73M       540K       552K        19M
-/+ buffers/cache:       1.9G        93M
Swap:         8.0G       315M       7.7G

             total       used       free     shared    buffers     cached
Mem:          2.0G       1.9G        72M       540K       556K        19M
-/+ buffers/cache:       1.9G        92M
Swap:         8.0G       314M       7.7G

             total       used       free     shared    buffers     cached
Mem:          2.0G       1.9G        71M       540K       556K        19M
-/+ buffers/cache:       1.9G        92M
Swap:         8.0G       314M       7.7G

             total       used       free     shared    buffers     cached
Mem:          2.0G       1.9G        70M       540K       556K        19M
-/+ buffers/cache:       1.9G        91M
Swap:         8.0G       314M       7.7G

             total       used       free     shared    buffers     cached
Mem:          2.0G       1.9G        70M       540K       564K        19M
-/+ buffers/cache:       1.9G        90M
Swap:         8.0G       313M       7.7G

             total       used       free     shared    buffers     cached
Mem:          2.0G       1.9G        69M       540K       564K        19M
-/+ buffers/cache:       1.9G        89M
Swap:         8.0G       313M       7.7G

             total       used       free     shared    buffers     cached
Mem:          2.0G       1.9G        68M       540K       564K        19M
-/+ buffers/cache:       1.9G        89M
Swap:         8.0G       313M       7.7G

             total       used       free     shared    buffers     cached
Mem:          2.0G       1.9G        68M       540K       564K        19M
-/+ buffers/cache:       1.9G        88M
Swap:         8.0G       312M       7.7G

             total       used       free     shared    buffers     cached
Mem:          2.0G       1.9G        67M       540K       564K        19M
-/+ buffers/cache:       1.9G        87M
Swap:         8.0G       312M       7.7G

             total       used       free     shared    buffers     cached
Mem:          2.0G       1.9G        66M       540K       564K        19M
-/+ buffers/cache:       1.9G        87M
Swap:         8.0G       312M       7.7G

             total       used       free     shared    buffers     cached
Mem:          2.0G       1.9G        66M       540K       572K        19M
-/+ buffers/cache:       1.9G        86M
Swap:         8.0G       311M       7.7G

             total       used       free     shared    buffers     cached
Mem:          2.0G       1.9G        77M       540K       808K        18M
-/+ buffers/cache:       1.9G        96M
Swap:         8.0G       332M       7.7G

             total       used       free     shared    buffers     cached
Mem:          2.0G       1.9G        76M       540K       1.0M        27M
-/+ buffers/cache:       1.9G       104M
Swap:         8.0G       351M       7.7G

             total       used       free     shared    buffers     cached
Mem:          2.0G       1.9G        75M       544K       1.0M        27M
-/+ buffers/cache:       1.9G       103M
Swap:         8.0G       350M       7.7G

             total       used       free     shared    buffers     cached
Mem:          2.0G       1.9G        74M       544K       1.0M        27M
-/+ buffers/cache:       1.9G       103M
Swap:         8.0G       350M       7.7G

             total       used       free     shared    buffers     cached
Mem:          2.0G       1.9G        74M       544K       1.0M        27M
-/+ buffers/cache:       1.9G       102M
Swap:         8.0G       349M       7.7G

             total       used       free     shared    buffers     cached
Mem:          2.0G       1.9G        73M       544K       1.0M        27M
-/+ buffers/cache:       1.9G       101M
Swap:         8.0G       349M       7.7G

             total       used       free     shared    buffers     cached
Mem:          2.0G       1.9G        72M       544K       1.0M        27M
-/+ buffers/cache:       1.9G       100M
Swap:         8.0G       348M       7.7G

             total       used       free     shared    buffers     cached
Mem:          2.0G       1.9G        71M       544K       1.0M        27M
-/+ buffers/cache:       1.9G        99M
Swap:         8.0G       348M       7.7G

             total       used       free     shared    buffers     cached
Mem:          2.0G       1.9G        67M       544K       1.0M        29M
-/+ buffers/cache:       1.9G        98M
Swap:         8.0G       346M       7.7G

             total       used       free     shared    buffers     cached
Mem:          2.0G       1.9G        67M       544K       1.0M        29M
-/+ buffers/cache:       1.9G        97M
Swap:         8.0G       346M       7.7G

             total       used       free     shared    buffers     cached
Mem:          2.0G       1.9G        66M       544K       1.0M        29M
-/+ buffers/cache:       1.9G        97M
Swap:         8.0G       346M       7.7G

             total       used       free     shared    buffers     cached
Mem:          2.0G       1.9G        65M       544K       1.0M        29M
-/+ buffers/cache:       1.9G        96M
Swap:         8.0G       345M       7.7G

             total       used       free     shared    buffers     cached
Mem:          2.0G       1.9G        65M       544K       1.0M        29M
-/+ buffers/cache:       1.9G        95M
Swap:         8.0G       345M       7.7G

             total       used       free     shared    buffers     cached
Mem:          2.0G       1.9G        64M       544K       1.0M        29M
-/+ buffers/cache:       1.9G        95M
Swap:         8.0G       345M       7.7G

             total       used       free     shared    buffers     cached
Mem:          2.0G       1.9G        77M       544K       1.0M        28M
-/+ buffers/cache:       1.8G       106M
Swap:         8.0G       344M       7.7G

             total       used       free     shared    buffers     cached
Mem:          2.0G       1.9G        76M       544K       1.1M        28M
-/+ buffers/cache:       1.8G       106M
Swap:         8.0G       344M       7.7G

             total       used       free     shared    buffers     cached
Mem:          2.0G       1.9G        76M       544K       1.1M        28M
-/+ buffers/cache:       1.8G       105M
Swap:         8.0G       344M       7.7G

             total       used       free     shared    buffers     cached
Mem:          2.0G       1.9G        75M       544K       1.1M        28M
-/+ buffers/cache:       1.9G       105M
Swap:         8.0G       343M       7.7G

             total       used       free     shared    buffers     cached
Mem:          2.0G       1.9G        75M       544K       1.1M        28M
-/+ buffers/cache:       1.9G       104M
Swap:         8.0G       343M       7.7G

             total       used       free     shared    buffers     cached
Mem:          2.0G       1.9G        74M       544K       1.1M        28M
-/+ buffers/cache:       1.9G       104M
Swap:         8.0G       343M       7.7G

             total       used       free     shared    buffers     cached
Mem:          2.0G       1.9G        73M       544K       1.1M        28M
-/+ buffers/cache:       1.9G       103M
Swap:         8.0G       342M       7.7G

             total       used       free     shared    buffers     cached
Mem:          2.0G       1.9G        73M       544K       1.1M        28M
-/+ buffers/cache:       1.9G       103M
Swap:         8.0G       342M       7.7G

             total       used       free     shared    buffers     cached
Mem:          2.0G       1.9G        72M       544K       1.1M        28M
-/+ buffers/cache:       1.9G       102M
Swap:         8.0G       342M       7.7G

             total       used       free     shared    buffers     cached
Mem:          2.0G       1.9G        72M       544K       1.1M        28M
-/+ buffers/cache:       1.9G       101M
Swap:         8.0G       341M       7.7G

             total       used       free     shared    buffers     cached
Mem:          2.0G       1.9G        71M       544K       1.1M        28M
-/+ buffers/cache:       1.9G       101M
Swap:         8.0G       341M       7.7G

             total       used       free     shared    buffers     cached
Mem:          2.0G       1.9G        71M       544K       1.1M        28M
-/+ buffers/cache:       1.9G       100M
Swap:         8.0G       341M       7.7G

             total       used       free     shared    buffers     cached
Mem:          2.0G       1.9G        70M       544K       1.1M        28M
-/+ buffers/cache:       1.9G       100M
Swap:         8.0G       340M       7.7G

             total       used       free     shared    buffers     cached
Mem:          2.0G       1.9G        69M       544K       1.1M        28M
-/+ buffers/cache:       1.9G        99M
Swap:         8.0G       340M       7.7G

             total       used       free     shared    buffers     cached
Mem:          2.0G       1.9G        69M       544K       1.1M        28M
-/+ buffers/cache:       1.9G        99M
Swap:         8.0G       340M       7.7G

             total       used       free     shared    buffers     cached
Mem:          2.0G       1.9G        68M       544K       1.1M        28M
-/+ buffers/cache:       1.9G        98M
Swap:         8.0G       339M       7.7G

             total       used       free     shared    buffers     cached
Mem:          2.0G       1.9G        68M       544K       1.1M        28M
-/+ buffers/cache:       1.9G        97M
Swap:         8.0G       339M       7.7G

             total       used       free     shared    buffers     cached
Mem:          2.0G       1.9G        67M       544K       1.1M        28M
-/+ buffers/cache:       1.9G        97M
Swap:         8.0G       339M       7.7G

             total       used       free     shared    buffers     cached
Mem:          2.0G       1.9G        67M       544K       1.1M        28M
-/+ buffers/cache:       1.9G        96M
Swap:         8.0G       338M       7.7G

             total       used       free     shared    buffers     cached
Mem:          2.0G       1.9G        66M       544K       1.1M        28M
-/+ buffers/cache:       1.9G        96M
Swap:         8.0G       338M       7.7G

             total       used       free     shared    buffers     cached
Mem:          2.0G       1.9G        65M       544K       1.1M        28M
-/+ buffers/cache:       1.9G        95M
Swap:         8.0G       338M       7.7G

             total       used       free     shared    buffers     cached
Mem:          2.0G       1.9G        65M       544K       1.1M        28M
-/+ buffers/cache:       1.9G        94M
Swap:         8.0G       337M       7.7G

             total       used       free     shared    buffers     cached
Mem:          2.0G       1.9G        64M       544K       1.1M        28M
-/+ buffers/cache:       1.9G        94M
Swap:         8.0G       337M       7.7G

             total       used       free     shared    buffers     cached
Mem:          2.0G       1.9G        76M       544K       1.1M        26M
-/+ buffers/cache:       1.9G       103M
Swap:         8.0G       357M       7.6G

             total       used       free     shared    buffers     cached
Mem:          2.0G       1.9G        75M       544K       1.1M        26M
-/+ buffers/cache:       1.9G       103M
Swap:         8.0G       356M       7.6G

             total       used       free     shared    buffers     cached
Mem:          2.0G       1.9G        74M       544K       1.1M        26M
-/+ buffers/cache:       1.9G       102M
Swap:         8.0G       356M       7.6G

             total       used       free     shared    buffers     cached
Mem:          2.0G       1.9G        74M       544K       1.1M        26M
-/+ buffers/cache:       1.9G       102M
Swap:         8.0G       355M       7.6G

             total       used       free     shared    buffers     cached
Mem:          2.0G       1.9G        73M       544K       1.1M        26M
-/+ buffers/cache:       1.9G       101M
Swap:         8.0G       355M       7.6G

             total       used       free     shared    buffers     cached
Mem:          2.0G       1.9G        73M       544K       1.1M        26M
-/+ buffers/cache:       1.9G       100M
Swap:         8.0G       355M       7.7G

             total       used       free     shared    buffers     cached
Mem:          2.0G       1.9G        72M       544K       1.1M        26M
-/+ buffers/cache:       1.9G       100M
Swap:         8.0G       354M       7.7G

             total       used       free     shared    buffers     cached
Mem:          2.0G       1.9G        71M       544K       1.1M        26M
-/+ buffers/cache:       1.9G        99M
Swap:         8.0G       354M       7.7G

             total       used       free     shared    buffers     cached
Mem:          2.0G       1.9G        71M       544K       1.1M        26M
-/+ buffers/cache:       1.9G        98M
Swap:         8.0G       353M       7.7G

             total       used       free     shared    buffers     cached
Mem:          2.0G       1.9G        70M       544K       1.1M        26M
-/+ buffers/cache:       1.9G        98M
Swap:         8.0G       353M       7.7G

             total       used       free     shared    buffers     cached
Mem:          2.0G       1.9G        65M       544K       1.1M        31M
-/+ buffers/cache:       1.9G        97M
Swap:         8.0G       352M       7.7G

             total       used       free     shared    buffers     cached
Mem:          2.0G       1.9G        78M       544K       1.1M        30M
-/+ buffers/cache:       1.8G       109M
Swap:         8.0G       360M       7.6G

             total       used       free     shared    buffers     cached
Mem:          2.0G       1.9G        78M       544K       1.1M        29M
-/+ buffers/cache:       1.8G       109M
Swap:         8.0G       359M       7.6G

             total       used       free     shared    buffers     cached
Mem:          2.0G       1.9G        77M       544K       1.1M        30M
-/+ buffers/cache:       1.8G       108M
Swap:         8.0G       359M       7.6G

             total       used       free     shared    buffers     cached
Mem:          2.0G       1.9G        76M       544K       1.1M        30M
-/+ buffers/cache:       1.8G       107M
Swap:         8.0G       359M       7.6G

             total       used       free     shared    buffers     cached
Mem:          2.0G       1.9G        76M       544K       1.1M        30M
-/+ buffers/cache:       1.8G       107M
Swap:         8.0G       358M       7.6G

             total       used       free     shared    buffers     cached
Mem:          2.0G       1.9G        75M       544K       1.1M        30M
-/+ buffers/cache:       1.8G       106M
Swap:         8.0G       358M       7.6G

             total       used       free     shared    buffers     cached
Mem:          2.0G       1.9G        74M       544K       1.1M        29M
-/+ buffers/cache:       1.8G       106M
Swap:         8.0G       357M       7.6G

             total       used       free     shared    buffers     cached
Mem:          2.0G       1.9G        74M       544K       1.1M        29M
-/+ buffers/cache:       1.9G       105M
Swap:         8.0G       357M       7.6G

             total       used       free     shared    buffers     cached
Mem:          2.0G       1.9G        73M       544K       1.1M        30M
-/+ buffers/cache:       1.9G       104M
Swap:         8.0G       357M       7.6G

             total       used       free     shared    buffers     cached
Mem:          2.0G       1.9G        73M       544K       1.1M        30M
-/+ buffers/cache:       1.9G       104M
Swap:         8.0G       356M       7.6G

             total       used       free     shared    buffers     cached
Mem:          2.0G       1.9G        72M       544K       1.1M        29M
-/+ buffers/cache:       1.9G       103M
Swap:         8.0G       356M       7.6G

             total       used       free     shared    buffers     cached
Mem:          2.0G       1.9G        71M       544K       1.1M        30M
-/+ buffers/cache:       1.9G       102M
Swap:         8.0G       356M       7.6G

             total       used       free     shared    buffers     cached
Mem:          2.0G       1.9G        71M       544K       1.1M        30M
-/+ buffers/cache:       1.9G       102M
Swap:         8.0G       355M       7.6G

             total       used       free     shared    buffers     cached
Mem:          2.0G       1.9G        70M       544K       1.1M        30M
-/+ buffers/cache:       1.9G       101M
Swap:         8.0G       355M       7.6G

             total       used       free     shared    buffers     cached
Mem:          2.0G       1.9G        69M       544K       1.1M        29M
-/+ buffers/cache:       1.9G       101M
Swap:         8.0G       355M       7.7G

             total       used       free     shared    buffers     cached
Mem:          2.0G       1.9G        69M       544K       1.1M        29M
-/+ buffers/cache:       1.9G       100M
Swap:         8.0G       354M       7.7G

             total       used       free     shared    buffers     cached
Mem:          2.0G       1.9G        68M       544K       1.1M        30M
-/+ buffers/cache:       1.9G        99M
Swap:         8.0G       354M       7.7G

             total       used       free     shared    buffers     cached
Mem:          2.0G       1.9G        66M       544K       1.3M        30M
-/+ buffers/cache:       1.9G        99M
Swap:         8.0G       353M       7.7G

             total       used       free     shared    buffers     cached
Mem:          2.0G       1.9G        65M       548K       1.3M        31M
-/+ buffers/cache:       1.9G        98M
Swap:         8.0G       353M       7.7G

             total       used       free     shared    buffers     cached
Mem:          2.0G       1.9G        65M       548K       1.3M        31M
-/+ buffers/cache:       1.9G        97M
Swap:         8.0G       352M       7.7G

             total       used       free     shared    buffers     cached
Mem:          2.0G       1.9G        77M       548K       276K        29M
-/+ buffers/cache:       1.8G       106M
Swap:         8.0G       366M       7.6G

             total       used       free     shared    buffers     cached
Mem:          2.0G       1.9G        77M       548K       276K        29M
-/+ buffers/cache:       1.8G       106M
Swap:         8.0G       366M       7.6G

             total       used       free     shared    buffers     cached
Mem:          2.0G       1.9G        70M       548K       284K        30M
-/+ buffers/cache:       1.9G       101M
Swap:         8.0G       363M       7.6G

             total       used       free     shared    buffers     cached
Mem:          2.0G       1.9G        75M       548K       284K        31M
-/+ buffers/cache:       1.8G       107M
Swap:         8.0G       367M       7.6G

             total       used       free     shared    buffers     cached
Mem:          2.0G       1.9G        75M       548K       284K        31M
-/+ buffers/cache:       1.8G       107M
Swap:         8.0G       367M       7.6G

             total       used       free     shared    buffers     cached
Mem:          2.0G       1.9G        74M       548K       284K        31M
-/+ buffers/cache:       1.8G       106M
Swap:         8.0G       366M       7.6G

             total       used       free     shared    buffers     cached
Mem:          2.0G       1.9G        74M       548K       284K        31M
-/+ buffers/cache:       1.8G       106M
Swap:         8.0G       366M       7.6G

             total       used       free     shared    buffers     cached
Mem:          2.0G       1.9G        73M       548K       292K        31M
-/+ buffers/cache:       1.8G       105M
Swap:         8.0G       366M       7.6G

             total       used       free     shared    buffers     cached
Mem:          2.0G       1.9G        73M       548K       292K        31M
-/+ buffers/cache:       1.9G       105M
Swap:         8.0G       365M       7.6G

             total       used       free     shared    buffers     cached
Mem:          2.0G       1.9G        72M       548K       292K        31M
-/+ buffers/cache:       1.9G       104M
Swap:         8.0G       365M       7.6G

             total       used       free     shared    buffers     cached
Mem:          2.0G       1.9G        72M       548K       292K        31M
-/+ buffers/cache:       1.9G       104M
Swap:         8.0G       365M       7.6G

             total       used       free     shared    buffers     cached
Mem:          2.0G       1.9G        71M       548K       292K        31M
-/+ buffers/cache:       1.9G       104M
Swap:         8.0G       365M       7.6G

             total       used       free     shared    buffers     cached
Mem:          2.0G       1.9G        71M       548K       292K        31M
-/+ buffers/cache:       1.9G       103M
Swap:         8.0G       364M       7.6G

             total       used       free     shared    buffers     cached
Mem:          2.0G       1.9G        68M       612K       300K        33M
-/+ buffers/cache:       1.9G       102M
Swap:         8.0G       364M       7.6G

             total       used       free     shared    buffers     cached
Mem:          2.0G       1.9G        73M       4.3M       2.9M        50M
-/+ buffers/cache:       1.8G       126M
Swap:         8.0G       405M       7.6G

             total       used       free     shared    buffers     cached
Mem:          2.0G       1.9G        74M       4.3M       3.8M        59M
-/+ buffers/cache:       1.8G       137M
Swap:         8.0G       417M       7.6G

             total       used       free     shared    buffers     cached
Mem:          2.0G       1.9G        76M       664K       3.4M        60M
-/+ buffers/cache:       1.8G       140M
Swap:         8.0G       433M       7.6G

             total       used       free     shared    buffers     cached
Mem:          2.0G       1.9G        75M       624K       3.4M        60M
-/+ buffers/cache:       1.8G       139M
Swap:         8.0G       432M       7.6G

             total       used       free     shared    buffers     cached
Mem:          2.0G       1.9G        74M       624K       3.4M        60M
-/+ buffers/cache:       1.8G       138M
Swap:         8.0G       432M       7.6G

             total       used       free     shared    buffers     cached
Mem:          2.0G       1.9G        73M       624K       3.4M        60M
-/+ buffers/cache:       1.8G       137M
Swap:         8.0G       432M       7.6G

             total       used       free     shared    buffers     cached
Mem:          2.0G       1.9G        71M       624K       3.6M        61M
-/+ buffers/cache:       1.8G       136M
Swap:         8.0G       431M       7.6G

             total       used       free     shared    buffers     cached
Mem:          2.0G       1.9G        70M       624K       3.6M        61M
-/+ buffers/cache:       1.8G       135M
Swap:         8.0G       430M       7.6G

             total       used       free     shared    buffers     cached
Mem:          2.0G       1.9G        69M       624K       3.6M        61M
-/+ buffers/cache:       1.8G       134M
Swap:         8.0G       430M       7.6G

             total       used       free     shared    buffers     cached
Mem:          2.0G       1.9G        68M       624K       3.6M        61M
-/+ buffers/cache:       1.8G       133M
Swap:         8.0G       429M       7.6G

             total       used       free     shared    buffers     cached
Mem:          2.0G       1.9G        67M       624K       3.6M        61M
-/+ buffers/cache:       1.8G       132M
Swap:         8.0G       429M       7.6G

             total       used       free     shared    buffers     cached
Mem:          2.0G       1.9G        66M       624K       3.6M        61M
-/+ buffers/cache:       1.8G       131M
Swap:         8.0G       428M       7.6G

             total       used       free     shared    buffers     cached
Mem:          2.0G       1.9G        65M       624K       3.6M        61M
-/+ buffers/cache:       1.8G       130M
Swap:         8.0G       426M       7.6G

             total       used       free     shared    buffers     cached
Mem:          2.0G       1.9G        76M       624K       3.6M        57M
-/+ buffers/cache:       1.8G       138M
Swap:         8.0G       429M       7.6G

             total       used       free     shared    buffers     cached
Mem:          2.0G       1.9G        76M       624K       3.6M        57M
-/+ buffers/cache:       1.8G       137M
Swap:         8.0G       428M       7.6G

             total       used       free     shared    buffers     cached
Mem:          2.0G       1.9G        75M       624K       3.6M        57M
-/+ buffers/cache:       1.8G       136M
Swap:         8.0G       427M       7.6G

             total       used       free     shared    buffers     cached
Mem:          2.0G       1.9G        74M       624K       3.6M        57M
-/+ buffers/cache:       1.8G       135M
Swap:         8.0G       426M       7.6G

             total       used       free     shared    buffers     cached
Mem:          2.0G       1.9G        72M       624K       3.6M        57M
-/+ buffers/cache:       1.8G       134M
Swap:         8.0G       425M       7.6G

             total       used       free     shared    buffers     cached
Mem:          2.0G       1.9G        71M       624K       3.6M        57M
-/+ buffers/cache:       1.8G       133M
Swap:         8.0G       424M       7.6G

             total       used       free     shared    buffers     cached
Mem:          2.0G       1.9G        70M       624K       3.6M        57M
-/+ buffers/cache:       1.8G       132M
Swap:         8.0G       423M       7.6G

             total       used       free     shared    buffers     cached
Mem:          2.0G       1.9G        70M       624K       3.6M        58M
-/+ buffers/cache:       1.8G       131M
Swap:         8.0G       421M       7.6G

             total       used       free     shared    buffers     cached
Mem:          2.0G       1.9G        69M       624K       3.6M        57M
-/+ buffers/cache:       1.8G       130M
Swap:         8.0G       420M       7.6G

             total       used       free     shared    buffers     cached
Mem:          2.0G       1.9G        68M       624K       3.6M        57M
-/+ buffers/cache:       1.8G       129M
Swap:         8.0G       419M       7.6G

             total       used       free     shared    buffers     cached
Mem:          2.0G       1.9G        66M       624K       3.6M        57M
-/+ buffers/cache:       1.8G       128M
Swap:         8.0G       418M       7.6G

             total       used       free     shared    buffers     cached
Mem:          2.0G       1.9G        65M       624K       3.6M        58M
-/+ buffers/cache:       1.8G       127M
Swap:         8.0G       417M       7.6G

             total       used       free     shared    buffers     cached
Mem:          2.0G       1.9G        80M       624K       2.8M        55M
-/+ buffers/cache:       1.8G       138M
Swap:         8.0G       436M       7.6G

             total       used       free     shared    buffers     cached
Mem:          2.0G       1.9G        80M       624K       2.8M        55M
-/+ buffers/cache:       1.8G       138M
Swap:         8.0G       435M       7.6G

             total       used       free     shared    buffers     cached
Mem:          2.0G       1.9G        79M       624K       2.8M        55M
-/+ buffers/cache:       1.8G       137M
Swap:         8.0G       434M       7.6G

             total       used       free     shared    buffers     cached
Mem:          2.0G       1.9G        78M       624K       2.8M        55M
-/+ buffers/cache:       1.8G       136M
Swap:         8.0G       433M       7.6G

             total       used       free     shared    buffers     cached
Mem:          2.0G       1.9G        77M       624K       2.8M        55M
-/+ buffers/cache:       1.8G       135M
Swap:         8.0G       431M       7.6G

             total       used       free     shared    buffers     cached
Mem:          2.0G       1.9G        76M       624K       2.8M        55M
-/+ buffers/cache:       1.8G       134M
Swap:         8.0G       430M       7.6G

             total       used       free     shared    buffers     cached
Mem:          2.0G       1.9G        74M       624K       2.8M        55M
-/+ buffers/cache:       1.8G       132M
Swap:         8.0G       429M       7.6G

             total       used       free     shared    buffers     cached
Mem:          2.0G       1.9G        73M       624K       2.8M        55M
-/+ buffers/cache:       1.8G       131M
Swap:         8.0G       428M       7.6G

             total       used       free     shared    buffers     cached
Mem:          2.0G       1.9G        72M       624K       2.8M        55M
-/+ buffers/cache:       1.8G       130M
Swap:         8.0G       427M       7.6G

             total       used       free     shared    buffers     cached
Mem:          2.0G       1.9G        71M       624K       2.8M        55M
-/+ buffers/cache:       1.8G       129M
Swap:         8.0G       426M       7.6G

             total       used       free     shared    buffers     cached
Mem:          2.0G       1.9G        76M       624K       3.9M        58M
-/+ buffers/cache:       1.8G       139M
Swap:         8.0G       424M       7.6G

             total       used       free     shared    buffers     cached
Mem:          2.0G       1.9G        70M       692K       6.0M        65M
-/+ buffers/cache:       1.8G       142M
Swap:         8.0G       442M       7.6G
