             total       used       free     shared    buffers     cached
Mem:          992M       658M       333M       3.2M        38M       289M
-/+ buffers/cache:       330M       661M
Swap:         8.0G         0B       8.0G

             total       used       free     shared    buffers     cached
Mem:          992M       657M       334M       1.4M        38M       287M
-/+ buffers/cache:       330M       661M
Swap:         8.0G         0B       8.0G

             total       used       free     shared    buffers     cached
Mem:          992M       657M       335M       1.4M        38M       287M
-/+ buffers/cache:       330M       661M
Swap:         8.0G         0B       8.0G

             total       used       free     shared    buffers     cached
Mem:          992M       657M       335M       1.4M        38M       287M
-/+ buffers/cache:       330M       661M
Swap:         8.0G         0B       8.0G

             total       used       free     shared    buffers     cached
Mem:          992M       657M       335M       1.4M        38M       287M
-/+ buffers/cache:       330M       661M
Swap:         8.0G         0B       8.0G

             total       used       free     shared    buffers     cached
Mem:          992M       657M       335M       1.4M        38M       287M
-/+ buffers/cache:       330M       661M
Swap:         8.0G         0B       8.0G

             total       used       free     shared    buffers     cached
Mem:          992M       656M       335M       1.4M        38M       287M
-/+ buffers/cache:       330M       661M
Swap:         8.0G         0B       8.0G

             total       used       free     shared    buffers     cached
Mem:          992M       656M       335M       1.4M        38M       288M
-/+ buffers/cache:       329M       662M
Swap:         8.0G         0B       8.0G

             total       used       free     shared    buffers     cached
Mem:          992M       656M       335M       1.4M        38M       288M
-/+ buffers/cache:       329M       662M
Swap:         8.0G         0B       8.0G

             total       used       free     shared    buffers     cached
Mem:          992M       659M       332M       1.4M        38M       288M
-/+ buffers/cache:       333M       659M
Swap:         8.0G         0B       8.0G

             total       used       free     shared    buffers     cached
Mem:          992M       676M       315M       1.4M        38M       288M
-/+ buffers/cache:       349M       642M
Swap:         8.0G         0B       8.0G

             total       used       free     shared    buffers     cached
Mem:          992M       687M       304M       1.4M        38M       288M
-/+ buffers/cache:       360M       631M
Swap:         8.0G         0B       8.0G

             total       used       free     shared    buffers     cached
Mem:          992M       665M       326M       1.4M        38M       289M
-/+ buffers/cache:       337M       654M
Swap:         8.0G         0B       8.0G

             total       used       free     shared    buffers     cached
Mem:          992M       666M       325M       1.4M        38M       289M
-/+ buffers/cache:       337M       654M
Swap:         8.0G         0B       8.0G

             total       used       free     shared    buffers     cached
Mem:          992M       666M       325M       1.4M        38M       289M
-/+ buffers/cache:       337M       654M
Swap:         8.0G         0B       8.0G

             total       used       free     shared    buffers     cached
Mem:          992M       666M       325M       1.4M        38M       289M
-/+ buffers/cache:       337M       654M
Swap:         8.0G         0B       8.0G

             total       used       free     shared    buffers     cached
Mem:          992M       666M       325M       1.4M        38M       289M
-/+ buffers/cache:       337M       654M
Swap:         8.0G         0B       8.0G

             total       used       free     shared    buffers     cached
Mem:          992M       666M       325M       1.4M        38M       289M
-/+ buffers/cache:       337M       654M
Swap:         8.0G         0B       8.0G

             total       used       free     shared    buffers     cached
Mem:          992M       666M       326M       1.4M        38M       289M
-/+ buffers/cache:       337M       654M
Swap:         8.0G         0B       8.0G

             total       used       free     shared    buffers     cached
Mem:          992M       666M       326M       1.4M        38M       289M
-/+ buffers/cache:       337M       654M
Swap:         8.0G         0B       8.0G

             total       used       free     shared    buffers     cached
Mem:          992M       666M       326M       1.4M        38M       289M
-/+ buffers/cache:       337M       654M
Swap:         8.0G         0B       8.0G

             total       used       free     shared    buffers     cached
Mem:          992M       666M       325M       1.4M        38M       289M
-/+ buffers/cache:       337M       654M
Swap:         8.0G         0B       8.0G

             total       used       free     shared    buffers     cached
Mem:          992M       666M       325M       1.4M        38M       289M
-/+ buffers/cache:       337M       654M
Swap:         8.0G         0B       8.0G

             total       used       free     shared    buffers     cached
Mem:          992M       666M       325M       1.4M        38M       289M
-/+ buffers/cache:       338M       654M
Swap:         8.0G         0B       8.0G

             total       used       free     shared    buffers     cached
Mem:          992M       666M       325M       1.4M        38M       289M
-/+ buffers/cache:       338M       654M
Swap:         8.0G         0B       8.0G

             total       used       free     shared    buffers     cached
Mem:          992M       666M       325M       1.4M        38M       289M
-/+ buffers/cache:       338M       654M
Swap:         8.0G         0B       8.0G

             total       used       free     shared    buffers     cached
Mem:          992M       666M       325M       1.4M        38M       289M
-/+ buffers/cache:       338M       654M
Swap:         8.0G         0B       8.0G

             total       used       free     shared    buffers     cached
Mem:          992M       666M       325M       1.4M        38M       289M
-/+ buffers/cache:       338M       654M
Swap:         8.0G         0B       8.0G

             total       used       free     shared    buffers     cached
Mem:          992M       666M       325M       1.4M        38M       289M
-/+ buffers/cache:       338M       654M
Swap:         8.0G         0B       8.0G

             total       used       free     shared    buffers     cached
Mem:          992M       666M       325M       1.4M        38M       289M
-/+ buffers/cache:       338M       654M
Swap:         8.0G         0B       8.0G

             total       used       free     shared    buffers     cached
Mem:          992M       666M       325M       1.4M        38M       289M
-/+ buffers/cache:       338M       654M
Swap:         8.0G         0B       8.0G

             total       used       free     shared    buffers     cached
Mem:          992M       666M       325M       1.4M        38M       289M
-/+ buffers/cache:       338M       654M
Swap:         8.0G         0B       8.0G

             total       used       free     shared    buffers     cached
Mem:          992M       666M       325M       1.4M        38M       289M
-/+ buffers/cache:       338M       654M
Swap:         8.0G         0B       8.0G

             total       used       free     shared    buffers     cached
Mem:          992M       671M       320M       1.4M        38M       289M
-/+ buffers/cache:       343M       648M
Swap:         8.0G         0B       8.0G

             total       used       free     shared    buffers     cached
Mem:          992M       688M       303M       1.4M        38M       289M
-/+ buffers/cache:       360M       631M
Swap:         8.0G         0B       8.0G

             total       used       free     shared    buffers     cached
Mem:          992M       702M       289M       1.4M        38M       289M
-/+ buffers/cache:       374M       617M
Swap:         8.0G         0B       8.0G

             total       used       free     shared    buffers     cached
Mem:          992M       719M       272M       1.4M        38M       289M
-/+ buffers/cache:       391M       600M
Swap:         8.0G         0B       8.0G

             total       used       free     shared    buffers     cached
Mem:          992M       733M       258M       1.4M        38M       289M
-/+ buffers/cache:       405M       586M
Swap:         8.0G         0B       8.0G

             total       used       free     shared    buffers     cached
Mem:          992M       749M       242M       1.4M        38M       289M
-/+ buffers/cache:       421M       570M
Swap:         8.0G         0B       8.0G

             total       used       free     shared    buffers     cached
Mem:          992M       765M       226M       1.4M        38M       289M
-/+ buffers/cache:       437M       554M
Swap:         8.0G         0B       8.0G

             total       used       free     shared    buffers     cached
Mem:          992M       779M       212M       1.4M        38M       289M
-/+ buffers/cache:       451M       540M
Swap:         8.0G         0B       8.0G

             total       used       free     shared    buffers     cached
Mem:          992M       794M       198M       1.4M        38M       289M
-/+ buffers/cache:       465M       526M
Swap:         8.0G         0B       8.0G

             total       used       free     shared    buffers     cached
Mem:          992M       810M       181M       1.4M        38M       289M
-/+ buffers/cache:       481M       510M
Swap:         8.0G         0B       8.0G

             total       used       free     shared    buffers     cached
Mem:          992M       829M       162M       1.4M        38M       289M
-/+ buffers/cache:       501M       491M
Swap:         8.0G         0B       8.0G

             total       used       free     shared    buffers     cached
Mem:          992M       846M       145M       1.4M        38M       289M
-/+ buffers/cache:       517M       474M
Swap:         8.0G         0B       8.0G

             total       used       free     shared    buffers     cached
Mem:          992M       863M       128M       1.4M        38M       289M
-/+ buffers/cache:       535M       457M
Swap:         8.0G         0B       8.0G

             total       used       free     shared    buffers     cached
Mem:          992M       880M       111M       1.4M        38M       289M
-/+ buffers/cache:       551M       440M
Swap:         8.0G         0B       8.0G

             total       used       free     shared    buffers     cached
Mem:          992M       892M        99M       1.4M        38M       289M
-/+ buffers/cache:       564M       428M
Swap:         8.0G         0B       8.0G

             total       used       free     shared    buffers     cached
Mem:          992M       911M        80M       1.4M        38M       289M
-/+ buffers/cache:       583M       409M
Swap:         8.0G         0B       8.0G

             total       used       free     shared    buffers     cached
Mem:          992M       927M        65M       1.4M        38M       289M
-/+ buffers/cache:       598M       393M
Swap:         8.0G         0B       8.0G

             total       used       free     shared    buffers     cached
Mem:          992M       920M        71M       1.4M        17M       288M
-/+ buffers/cache:       614M       377M
Swap:         8.0G         0B       8.0G

             total       used       free     shared    buffers     cached
Mem:          992M       918M        73M       1.4M        10M       279M
-/+ buffers/cache:       629M       363M
Swap:         8.0G         0B       8.0G

             total       used       free     shared    buffers     cached
Mem:          992M       928M        63M       1.4M        10M       273M
-/+ buffers/cache:       644M       347M
Swap:         8.0G        48K       8.0G

             total       used       free     shared    buffers     cached
Mem:          992M       930M        61M       1.4M       9.7M       263M
-/+ buffers/cache:       658M       334M
Swap:         8.0G       112K       8.0G

             total       used       free     shared    buffers     cached
Mem:          992M       925M        66M       1.3M       9.6M       244M
-/+ buffers/cache:       671M       320M
Swap:         8.0G       384K       8.0G

             total       used       free     shared    buffers     cached
Mem:          992M       928M        63M       1.2M       9.7M       233M
-/+ buffers/cache:       685M       306M
Swap:         8.0G       4.6M       8.0G

             total       used       free     shared    buffers     cached
Mem:          992M       911M        80M       1.2M       8.5M       207M
-/+ buffers/cache:       696M       295M
Swap:         8.0G       9.0M       8.0G

             total       used       free     shared    buffers     cached
Mem:          992M       927M        65M       1.2M       8.5M       207M
-/+ buffers/cache:       711M       280M
Swap:         8.0G       9.0M       8.0G

             total       used       free     shared    buffers     cached
Mem:          992M       929M        63M       1.2M       2.4M       200M
-/+ buffers/cache:       726M       265M
Swap:         8.0G       9.0M       8.0G

             total       used       free     shared    buffers     cached
Mem:          992M       909M        82M       1.2M       224K       167M
-/+ buffers/cache:       741M       250M
Swap:         8.0G       9.0M       8.0G

             total       used       free     shared    buffers     cached
Mem:          992M       923M        68M       1.2M       224K       167M
-/+ buffers/cache:       756M       236M
Swap:         8.0G       9.0M       8.0G

             total       used       free     shared    buffers     cached
Mem:          992M       918M        73M       1.2M       448K       147M
-/+ buffers/cache:       770M       221M
Swap:         8.0G       9.0M       8.0G

             total       used       free     shared    buffers     cached
Mem:          992M       929M        63M       1.2M       448K       147M
-/+ buffers/cache:       781M       211M
Swap:         8.0G       9.0M       8.0G

             total       used       free     shared    buffers     cached
Mem:          992M       922M        69M       1.2M       456K       130M
-/+ buffers/cache:       792M       199M
Swap:         8.0G       9.0M       8.0G

             total       used       free     shared    buffers     cached
Mem:          992M       922M        69M       1.2M       288K       114M
-/+ buffers/cache:       807M       185M
Swap:         8.0G       9.0M       8.0G

             total       used       free     shared    buffers     cached
Mem:          992M       921M        70M       1.2M       288K       101M
-/+ buffers/cache:       820M       171M
Swap:         8.0G       9.0M       8.0G

             total       used       free     shared    buffers     cached
Mem:          992M       913M        79M       1.2M       292K        78M
-/+ buffers/cache:       834M       157M
Swap:         8.0G       9.0M       8.0G

             total       used       free     shared    buffers     cached
Mem:          992M       929M        63M       1.2M       300K        78M
-/+ buffers/cache:       850M       141M
Swap:         8.0G       9.0M       8.0G

             total       used       free     shared    buffers     cached
Mem:          992M       927M        64M       1.2M       300K        62M
-/+ buffers/cache:       865M       126M
Swap:         8.0G       9.0M       8.0G

             total       used       free     shared    buffers     cached
Mem:          992M       922M        69M       1.2M       3.2M        38M
-/+ buffers/cache:       880M       111M
Swap:         8.0G       9.0M       8.0G

             total       used       free     shared    buffers     cached
Mem:          992M       924M        67M       1.2M       3.2M        25M
-/+ buffers/cache:       895M        96M
Swap:         8.0G       9.0M       8.0G

             total       used       free     shared    buffers     cached
Mem:          992M       926M        65M       1.1M       3.2M        15M
-/+ buffers/cache:       908M        84M
Swap:         8.0G        12M       8.0G

             total       used       free     shared    buffers     cached
Mem:          992M       928M        64M       1.0M       100K       7.0M
-/+ buffers/cache:       920M        71M
Swap:         8.0G        12M       8.0G

             total       used       free     shared    buffers     cached
Mem:          992M       922M        69M       1.0M       104K       3.9M
-/+ buffers/cache:       918M        73M
Swap:         8.0G        28M       8.0G

             total       used       free     shared    buffers     cached
Mem:          992M       914M        77M       704K       368K       3.5M
-/+ buffers/cache:       910M        81M
Swap:         8.0G        70M       7.9G

             total       used       free     shared    buffers     cached
Mem:          992M       929M        63M       720K       376K       3.5M
-/+ buffers/cache:       925M        66M
Swap:         8.0G        70M       7.9G

             total       used       free     shared    buffers     cached
Mem:          992M       929M        62M       720K       376K       3.5M
-/+ buffers/cache:       925M        66M
Swap:         8.0G        70M       7.9G

             total       used       free     shared    buffers     cached
Mem:          992M       927M        64M       644K       376K       3.4M
-/+ buffers/cache:       923M        68M
Swap:         8.0G       102M       7.9G

             total       used       free     shared    buffers     cached
Mem:          992M       930M        61M       644K       376K       3.4M
-/+ buffers/cache:       926M        65M
Swap:         8.0G       102M       7.9G

             total       used       free     shared    buffers     cached
Mem:          992M       915M        76M       584K       376K       3.2M
-/+ buffers/cache:       911M        80M
Swap:         8.0G       161M       7.8G

             total       used       free     shared    buffers     cached
Mem:          992M       927M        64M       580K       384K       3.1M
-/+ buffers/cache:       924M        67M
Swap:         8.0G       161M       7.8G

             total       used       free     shared    buffers     cached
Mem:          992M       928M        63M       580K       384K       3.1M
-/+ buffers/cache:       925M        66M
Swap:         8.0G       161M       7.8G

             total       used       free     shared    buffers     cached
Mem:          992M       931M        61M       580K       384K       3.1M
-/+ buffers/cache:       927M        64M
Swap:         8.0G       161M       7.8G

             total       used       free     shared    buffers     cached
Mem:          992M       918M        73M       568K       376K       2.9M
-/+ buffers/cache:       915M        77M
Swap:         8.0G       180M       7.8G

             total       used       free     shared    buffers     cached
Mem:          992M       908M        84M       568K       360K       2.7M
-/+ buffers/cache:       905M        87M
Swap:         8.0G       236M       7.8G

             total       used       free     shared    buffers     cached
Mem:          992M       923M        68M       556K       368K       3.0M
-/+ buffers/cache:       919M        72M
Swap:         8.0G       236M       7.8G

             total       used       free     shared    buffers     cached
Mem:          992M       924M        67M       556K       352K       3.0M
-/+ buffers/cache:       921M        71M
Swap:         8.0G       236M       7.8G

             total       used       free     shared    buffers     cached
Mem:          992M       926M        65M       556K       352K       3.0M
-/+ buffers/cache:       923M        68M
Swap:         8.0G       236M       7.8G

             total       used       free     shared    buffers     cached
Mem:          992M       930M        61M       532K       352K       2.9M
-/+ buffers/cache:       927M        64M
Swap:         8.0G       248M       7.8G

             total       used       free     shared    buffers     cached
Mem:          992M       922M        69M       532K       352K       2.9M
-/+ buffers/cache:       919M        72M
Swap:         8.0G       259M       7.7G

             total       used       free     shared    buffers     cached
Mem:          992M       915M        76M       532K       352K       2.9M
-/+ buffers/cache:       912M        79M
Swap:         8.0G       284M       7.7G

             total       used       free     shared    buffers     cached
Mem:          992M       922M        69M       532K       360K       2.9M
-/+ buffers/cache:       919M        73M
Swap:         8.0G       284M       7.7G

             total       used       free     shared    buffers     cached
Mem:          992M       929M        63M       532K       360K       2.9M
-/+ buffers/cache:       925M        66M
Swap:         8.0G       284M       7.7G

             total       used       free     shared    buffers     cached
Mem:          992M       918M        73M       532K       100K        16M
-/+ buffers/cache:       901M        90M
Swap:         8.0G       319M       7.7G

             total       used       free     shared    buffers     cached
Mem:          992M       925M        66M       532K       248K        15M
-/+ buffers/cache:       909M        82M
Swap:         8.0G       318M       7.7G

             total       used       free     shared    buffers     cached
Mem:          992M       931M        60M       532K       564K        15M
-/+ buffers/cache:       915M        76M
Swap:         8.0G       318M       7.7G

             total       used       free     shared    buffers     cached
Mem:          992M       922M        70M       528K       556K        10M
-/+ buffers/cache:       911M        80M
Swap:         8.0G       319M       7.7G

             total       used       free     shared    buffers     cached
Mem:          992M       926M        65M       528K       560K        10M
-/+ buffers/cache:       915M        76M
Swap:         8.0G       319M       7.7G

             total       used       free     shared    buffers     cached
Mem:          992M       931M        61M       528K       560K        10M
-/+ buffers/cache:       920M        72M
Swap:         8.0G       319M       7.7G

             total       used       free     shared    buffers     cached
Mem:          992M       918M        74M         0B       560K       7.3M
-/+ buffers/cache:       910M        81M
Swap:         8.0G       352M       7.7G

             total       used       free     shared    buffers     cached
Mem:          992M       922M        69M         0B       560K       7.4M
-/+ buffers/cache:       914M        77M
Swap:         8.0G       352M       7.7G

             total       used       free     shared    buffers     cached
Mem:          992M       925M        66M         0B       568K       7.4M
-/+ buffers/cache:       917M        74M
Swap:         8.0G       352M       7.7G

             total       used       free     shared    buffers     cached
Mem:          992M       920M        71M         0B        84K       2.3M
-/+ buffers/cache:       918M        73M
Swap:         8.0G       335M       7.7G

             total       used       free     shared    buffers     cached
Mem:          992M       920M        72M         0B       480K       1.7M
-/+ buffers/cache:       918M        74M
Swap:         8.0G       334M       7.7G

             total       used       free     shared    buffers     cached
Mem:          992M       920M        71M         0B       464K       1.3M
-/+ buffers/cache:       918M        73M
Swap:         8.0G       329M       7.7G

             total       used       free     shared    buffers     cached
Mem:          992M       919M        72M         0B       204K       1.4M
-/+ buffers/cache:       918M        73M
Swap:         8.0G       334M       7.7G

             total       used       free     shared    buffers     cached
Mem:          992M       917M        74M         0B        88K       1.5M
-/+ buffers/cache:       916M        75M
Swap:         8.0G       341M       7.7G

             total       used       free     shared    buffers     cached
Mem:          992M       918M        73M         0B        96K       1.5M
-/+ buffers/cache:       916M        75M
Swap:         8.0G       339M       7.7G

             total       used       free     shared    buffers     cached
Mem:          992M       922M        69M         0B        76K       1.7M
-/+ buffers/cache:       920M        71M
Swap:         8.0G       336M       7.7G

             total       used       free     shared    buffers     cached
Mem:          992M       917M        74M         0B        76K       1.6M
-/+ buffers/cache:       915M        76M
Swap:         8.0G       344M       7.7G

             total       used       free     shared    buffers     cached
Mem:          992M       923M        68M         0B        76K       1.6M
-/+ buffers/cache:       921M        70M
Swap:         8.0G       342M       7.7G

             total       used       free     shared    buffers     cached
Mem:          992M       921M        70M         0B        76K       1.6M
-/+ buffers/cache:       920M        71M
Swap:         8.0G       344M       7.7G

             total       used       free     shared    buffers     cached
Mem:          992M       917M        74M         0B        84K       1.6M
-/+ buffers/cache:       916M        76M
Swap:         8.0G       355M       7.6G

             total       used       free     shared    buffers     cached
Mem:          992M       929M        62M         0B        84K       1.6M
-/+ buffers/cache:       927M        64M
Swap:         8.0G       345M       7.7G

             total       used       free     shared    buffers     cached
Mem:          992M       925M        66M         0B        84K       3.1M
-/+ buffers/cache:       922M        69M
Swap:         8.0G       346M       7.7G

             total       used       free     shared    buffers     cached
Mem:          992M       914M        77M         0B        76K       2.6M
-/+ buffers/cache:       912M        80M
Swap:         8.0G       372M       7.6G

             total       used       free     shared    buffers     cached
Mem:          992M       922M        69M         0B        76K       2.6M
-/+ buffers/cache:       919M        72M
Swap:         8.0G       372M       7.6G

             total       used       free     shared    buffers     cached
Mem:          992M       927M        64M         0B        84K       2.6M
-/+ buffers/cache:       925M        66M
Swap:         8.0G       372M       7.6G

             total       used       free     shared    buffers     cached
Mem:          992M       922M        70M         0B        84K       2.6M
-/+ buffers/cache:       919M        72M
Swap:         8.0G       372M       7.6G

             total       used       free     shared    buffers     cached
Mem:          992M       929M        62M         0B        84K       2.8M
-/+ buffers/cache:       926M        65M
Swap:         8.0G       372M       7.6G

             total       used       free     shared    buffers     cached
Mem:          992M       924M        67M         0B        84K       2.8M
-/+ buffers/cache:       921M        70M
Swap:         8.0G       381M       7.6G

             total       used       free     shared    buffers     cached
Mem:          992M       930M        61M         0B        84K       2.8M
-/+ buffers/cache:       927M        64M
Swap:         8.0G       381M       7.6G

             total       used       free     shared    buffers     cached
Mem:          992M       920M        71M         0B        84K       2.8M
-/+ buffers/cache:       917M        74M
Swap:         8.0G       393M       7.6G

             total       used       free     shared    buffers     cached
Mem:          992M       923M        69M         0B        92K       2.8M
-/+ buffers/cache:       920M        72M
Swap:         8.0G       392M       7.6G

             total       used       free     shared    buffers     cached
Mem:          992M       925M        66M         0B        92K       2.7M
-/+ buffers/cache:       922M        69M
Swap:         8.0G       391M       7.6G

             total       used       free     shared    buffers     cached
Mem:          992M       928M        63M         0B        92K       2.8M
-/+ buffers/cache:       925M        66M
Swap:         8.0G       390M       7.6G

             total       used       free     shared    buffers     cached
Mem:          992M       930M        61M         0B        92K       2.8M
-/+ buffers/cache:       928M        64M
Swap:         8.0G       389M       7.6G

             total       used       free     shared    buffers     cached
Mem:          992M       920M        72M         0B        92K       2.8M
-/+ buffers/cache:       917M        75M
Swap:         8.0G       397M       7.6G

             total       used       free     shared    buffers     cached
Mem:          992M       922M        69M         0B       100K       2.8M
-/+ buffers/cache:       919M        72M
Swap:         8.0G       396M       7.6G

             total       used       free     shared    buffers     cached
Mem:          992M       926M        65M         0B       244K       3.3M
-/+ buffers/cache:       923M        69M
Swap:         8.0G       395M       7.6G

             total       used       free     shared    buffers     cached
Mem:          992M       929M        62M         0B       244K       3.5M
-/+ buffers/cache:       925M        66M
Swap:         8.0G       394M       7.6G

             total       used       free     shared    buffers     cached
Mem:          992M       914M        77M         0B       244K       3.4M
-/+ buffers/cache:       910M        81M
Swap:         8.0G       408M       7.6G

             total       used       free     shared    buffers     cached
Mem:          992M       916M        75M         0B       244K       3.4M
-/+ buffers/cache:       913M        79M
Swap:         8.0G       406M       7.6G

             total       used       free     shared    buffers     cached
Mem:          992M       919M        72M         0B       252K       3.4M
-/+ buffers/cache:       915M        76M
Swap:         8.0G       405M       7.6G

             total       used       free     shared    buffers     cached
Mem:          992M       921M        70M         0B       252K       3.4M
-/+ buffers/cache:       918M        73M
Swap:         8.0G       404M       7.6G

             total       used       free     shared    buffers     cached
Mem:          992M       924M        68M         0B       252K       3.4M
-/+ buffers/cache:       920M        71M
Swap:         8.0G       403M       7.6G

             total       used       free     shared    buffers     cached
Mem:          992M       926M        65M         0B       252K       3.4M
-/+ buffers/cache:       923M        69M
Swap:         8.0G       402M       7.6G

             total       used       free     shared    buffers     cached
Mem:          992M       929M        62M         0B       252K       3.4M
-/+ buffers/cache:       926M        66M
Swap:         8.0G       401M       7.6G

             total       used       free     shared    buffers     cached
Mem:          992M       917M        75M         0B       252K       3.3M
-/+ buffers/cache:       913M        78M
Swap:         8.0G       414M       7.6G

             total       used       free     shared    buffers     cached
Mem:          992M       920M        72M         0B       260K       3.3M
-/+ buffers/cache:       916M        75M
Swap:         8.0G       412M       7.6G

             total       used       free     shared    buffers     cached
Mem:          992M       922M        69M         0B       260K       3.4M
-/+ buffers/cache:       919M        72M
Swap:         8.0G       411M       7.6G

             total       used       free     shared    buffers     cached
Mem:          992M       925M        66M         0B       260K       3.3M
-/+ buffers/cache:       921M        70M
Swap:         8.0G       410M       7.6G

             total       used       free     shared    buffers     cached
Mem:          992M       928M        63M         0B       260K       3.3M
-/+ buffers/cache:       924M        67M
Swap:         8.0G       409M       7.6G

             total       used       free     shared    buffers     cached
Mem:          992M       930M        61M         0B       260K       3.4M
-/+ buffers/cache:       927M        65M
Swap:         8.0G       408M       7.6G

             total       used       free     shared    buffers     cached
Mem:          992M       919M        72M         0B       268K       3.3M
-/+ buffers/cache:       916M        75M
Swap:         8.0G       419M       7.6G

             total       used       free     shared    buffers     cached
Mem:          992M       922M        69M         0B       268K       3.3M
-/+ buffers/cache:       919M        73M
Swap:         8.0G       418M       7.6G

             total       used       free     shared    buffers     cached
Mem:          992M       925M        66M         0B       268K       3.3M
-/+ buffers/cache:       921M        70M
Swap:         8.0G       416M       7.6G

             total       used       free     shared    buffers     cached
Mem:          992M       927M        64M         0B       268K       3.3M
-/+ buffers/cache:       924M        68M
Swap:         8.0G       415M       7.6G

             total       used       free     shared    buffers     cached
Mem:          992M       930M        62M         0B       268K       3.3M
-/+ buffers/cache:       926M        65M
Swap:         8.0G       414M       7.6G

             total       used       free     shared    buffers     cached
Mem:          992M       919M        72M         0B       276K       3.2M
-/+ buffers/cache:       915M        76M
Swap:         8.0G       430M       7.6G

             total       used       free     shared    buffers     cached
Mem:          992M       921M        70M         0B       276K       3.2M
-/+ buffers/cache:       918M        73M
Swap:         8.0G       429M       7.6G

             total       used       free     shared    buffers     cached
Mem:          992M       924M        67M         0B       276K       3.2M
-/+ buffers/cache:       920M        71M
Swap:         8.0G       427M       7.6G

             total       used       free     shared    buffers     cached
Mem:          992M       927M        65M         0B       276K       3.2M
-/+ buffers/cache:       923M        68M
Swap:         8.0G       426M       7.6G

             total       used       free     shared    buffers     cached
Mem:          992M       918M        73M         0B        76K        19M
-/+ buffers/cache:       898M        93M
Swap:         8.0G       457M       7.6G

             total       used       free     shared    buffers     cached
Mem:          992M       921M        71M         0B       220K        20M
-/+ buffers/cache:       900M        91M
Swap:         8.0G       456M       7.6G

             total       used       free     shared    buffers     cached
Mem:          992M       923M        68M         0B       544K        20M
-/+ buffers/cache:       902M        89M
Swap:         8.0G       455M       7.6G

             total       used       free     shared    buffers     cached
Mem:          992M       926M        65M         0B       544K        20M
-/+ buffers/cache:       905M        86M
Swap:         8.0G       454M       7.6G

             total       used       free     shared    buffers     cached
Mem:          992M       928M        63M         0B       548K        20M
-/+ buffers/cache:       908M        84M
Swap:         8.0G       453M       7.6G

             total       used       free     shared    buffers     cached
Mem:          992M       931M        61M         0B       548K        20M
-/+ buffers/cache:       910M        81M
Swap:         8.0G       452M       7.6G

             total       used       free     shared    buffers     cached
Mem:          992M       919M        72M         0B       548K        19M
-/+ buffers/cache:       899M        92M
Swap:         8.0G       461M       7.5G

             total       used       free     shared    buffers     cached
Mem:          992M       922M        70M         0B       556K        19M
-/+ buffers/cache:       901M        90M
Swap:         8.0G       460M       7.5G

             total       used       free     shared    buffers     cached
Mem:          992M       924M        67M         0B       556K        19M
-/+ buffers/cache:       904M        87M
Swap:         8.0G       458M       7.5G

             total       used       free     shared    buffers     cached
Mem:          992M       927M        64M         0B       556K        19M
-/+ buffers/cache:       907M        84M
Swap:         8.0G       457M       7.6G

             total       used       free     shared    buffers     cached
Mem:          992M       930M        62M         0B       556K        19M
-/+ buffers/cache:       909M        82M
Swap:         8.0G       456M       7.6G

             total       used       free     shared    buffers     cached
Mem:          992M       912M        79M         0B       532K        18M
-/+ buffers/cache:       894M        97M
Swap:         8.0G       479M       7.5G

             total       used       free     shared    buffers     cached
Mem:          992M       915M        77M         0B       540K        18M
-/+ buffers/cache:       896M        95M
Swap:         8.0G       478M       7.5G

             total       used       free     shared    buffers     cached
Mem:          992M       917M        74M         0B       540K        17M
-/+ buffers/cache:       898M        93M
Swap:         8.0G       477M       7.5G

             total       used       free     shared    buffers     cached
Mem:          992M       920M        72M         0B       540K        17M
-/+ buffers/cache:       901M        90M
Swap:         8.0G       475M       7.5G

             total       used       free     shared    buffers     cached
Mem:          992M       922M        69M         0B       540K        17M
-/+ buffers/cache:       904M        87M
Swap:         8.0G       474M       7.5G

             total       used       free     shared    buffers     cached
Mem:          992M       925M        67M         0B       540K        17M
-/+ buffers/cache:       906M        85M
Swap:         8.0G       473M       7.5G

             total       used       free     shared    buffers     cached
Mem:          992M       927M        64M         0B       540K        18M
-/+ buffers/cache:       908M        83M
Swap:         8.0G       472M       7.5G

             total       used       free     shared    buffers     cached
Mem:          992M       930M        61M         0B       548K        17M
-/+ buffers/cache:       911M        80M
Swap:         8.0G       470M       7.5G

             total       used       free     shared    buffers     cached
Mem:          992M       918M        73M         0B       548K        17M
-/+ buffers/cache:       901M        91M
Swap:         8.0G       470M       7.5G

             total       used       free     shared    buffers     cached
Mem:          992M       921M        70M         0B       548K        17M
-/+ buffers/cache:       903M        88M
Swap:         8.0G       468M       7.5G

             total       used       free     shared    buffers     cached
Mem:          992M       923M        68M         0B       548K        17M
-/+ buffers/cache:       906M        86M
Swap:         8.0G       467M       7.5G

             total       used       free     shared    buffers     cached
Mem:          992M       926M        65M         0B       548K        17M
-/+ buffers/cache:       909M        83M
Swap:         8.0G       466M       7.5G

             total       used       free     shared    buffers     cached
Mem:          992M       929M        62M         0B       556K        17M
-/+ buffers/cache:       911M        80M
Swap:         8.0G       465M       7.5G

             total       used       free     shared    buffers     cached
Mem:          992M       917M        74M         0B       528K        14M
-/+ buffers/cache:       902M        89M
Swap:         8.0G       484M       7.5G

             total       used       free     shared    buffers     cached
Mem:          992M       920M        71M         0B       528K        16M
-/+ buffers/cache:       904M        87M
Swap:         8.0G       483M       7.5G

             total       used       free     shared    buffers     cached
Mem:          992M       922M        69M         0B       528K        16M
-/+ buffers/cache:       905M        86M
Swap:         8.0G       483M       7.5G

             total       used       free     shared    buffers     cached
Mem:          992M       925M        66M         0B       816K        17M
-/+ buffers/cache:       908M        84M
Swap:         8.0G       482M       7.5G

             total       used       free     shared    buffers     cached
Mem:          992M       919M        73M         0B       716K        25M
-/+ buffers/cache:       892M        99M
Swap:         8.0G       499M       7.5G

             total       used       free     shared    buffers     cached
Mem:          992M       920M        71M        16K       716K        25M
-/+ buffers/cache:       893M        98M
Swap:         8.0G       498M       7.5G

             total       used       free     shared    buffers     cached
Mem:          992M       922M        70M        16K       720K        25M
-/+ buffers/cache:       895M        96M
Swap:         8.0G       498M       7.5G

             total       used       free     shared    buffers     cached
Mem:          992M       923M        69M        16K       720K        25M
-/+ buffers/cache:       896M        95M
Swap:         8.0G       497M       7.5G

             total       used       free     shared    buffers     cached
Mem:          992M       924M        67M        16K       724K        25M
-/+ buffers/cache:       897M        94M
Swap:         8.0G       496M       7.5G

             total       used       free     shared    buffers     cached
Mem:          992M       925M        66M        16K       724K        25M
-/+ buffers/cache:       899M        93M
Swap:         8.0G       496M       7.5G

             total       used       free     shared    buffers     cached
Mem:          992M       927M        65M        16K       732K        25M
-/+ buffers/cache:       900M        91M
Swap:         8.0G       495M       7.5G

             total       used       free     shared    buffers     cached
Mem:          992M       928M        63M        16K       732K        26M
-/+ buffers/cache:       902M        90M
Swap:         8.0G       494M       7.5G

             total       used       free     shared    buffers     cached
Mem:          992M       915M        76M        16K       732K        25M
-/+ buffers/cache:       888M       103M
Swap:         8.0G       496M       7.5G

             total       used       free     shared    buffers     cached
Mem:          992M       916M        75M        16K       732K        26M
-/+ buffers/cache:       889M       102M
Swap:         8.0G       495M       7.5G

             total       used       free     shared    buffers     cached
Mem:          992M       918M        73M        16K       732K        26M
-/+ buffers/cache:       891M       100M
Swap:         8.0G       494M       7.5G

             total       used       free     shared    buffers     cached
Mem:          992M       919M        72M        16K       740K        25M
-/+ buffers/cache:       892M        99M
Swap:         8.0G       494M       7.5G

             total       used       free     shared    buffers     cached
Mem:          992M       920M        71M        16K       740K        26M
-/+ buffers/cache:       894M        98M
Swap:         8.0G       493M       7.5G

             total       used       free     shared    buffers     cached
Mem:          992M       922M        70M        16K       740K        26M
-/+ buffers/cache:       895M        96M
Swap:         8.0G       493M       7.5G

             total       used       free     shared    buffers     cached
Mem:          992M       923M        68M        16K       748K        26M
-/+ buffers/cache:       896M        95M
Swap:         8.0G       492M       7.5G

             total       used       free     shared    buffers     cached
Mem:          992M       924M        67M        16K       748K        26M
-/+ buffers/cache:       898M        94M
Swap:         8.0G       491M       7.5G

             total       used       free     shared    buffers     cached
Mem:          992M       926M        66M        16K       748K        26M
-/+ buffers/cache:       899M        92M
Swap:         8.0G       491M       7.5G

             total       used       free     shared    buffers     cached
Mem:          992M       927M        64M        16K       756K        26M
-/+ buffers/cache:       900M        91M
Swap:         8.0G       490M       7.5G

             total       used       free     shared    buffers     cached
Mem:          992M       928M        63M        16K       756K        26M
-/+ buffers/cache:       901M        90M
Swap:         8.0G       490M       7.5G

             total       used       free     shared    buffers     cached
Mem:          992M       929M        62M        16K       760K        26M
-/+ buffers/cache:       903M        89M
Swap:         8.0G       489M       7.5G

             total       used       free     shared    buffers     cached
Mem:          992M       912M        79M        16K       760K        25M
-/+ buffers/cache:       886M       105M
Swap:         8.0G       506M       7.5G

             total       used       free     shared    buffers     cached
Mem:          992M       913M        78M        16K       760K        25M
-/+ buffers/cache:       887M       104M
Swap:         8.0G       506M       7.5G

             total       used       free     shared    buffers     cached
Mem:          992M       914M        77M        16K       768K        25M
-/+ buffers/cache:       888M       103M
Swap:         8.0G       505M       7.5G

             total       used       free     shared    buffers     cached
Mem:          992M       916M        76M        16K       768K        25M
-/+ buffers/cache:       890M       101M
Swap:         8.0G       504M       7.5G

             total       used       free     shared    buffers     cached
Mem:          992M       917M        74M        16K       768K        25M
-/+ buffers/cache:       891M       100M
Swap:         8.0G       504M       7.5G

             total       used       free     shared    buffers     cached
Mem:          992M       918M        73M        16K       768K        25M
-/+ buffers/cache:       892M        99M
Swap:         8.0G       503M       7.5G

             total       used       free     shared    buffers     cached
Mem:          992M       919M        72M        16K       768K        25M
-/+ buffers/cache:       894M        98M
Swap:         8.0G       503M       7.5G

             total       used       free     shared    buffers     cached
Mem:          992M       921M        70M        16K       768K        25M
-/+ buffers/cache:       895M        96M
Swap:         8.0G       502M       7.5G

             total       used       free     shared    buffers     cached
Mem:          992M       922M        69M        16K       776K        24M
-/+ buffers/cache:       896M        95M
Swap:         8.0G       501M       7.5G

             total       used       free     shared    buffers     cached
Mem:          992M       923M        68M        16K       776K        24M
-/+ buffers/cache:       898M        94M
Swap:         8.0G       501M       7.5G

             total       used       free     shared    buffers     cached
Mem:          992M       925M        66M        16K       776K        24M
-/+ buffers/cache:       899M        92M
Swap:         8.0G       500M       7.5G

             total       used       free     shared    buffers     cached
Mem:          992M       926M        65M        16K       776K        25M
-/+ buffers/cache:       900M        91M
Swap:         8.0G       499M       7.5G

             total       used       free     shared    buffers     cached
Mem:          992M       912M        80M        16K       316K        29M
-/+ buffers/cache:       881M       110M
Swap:         8.0G       519M       7.5G

             total       used       free     shared    buffers     cached
Mem:          992M       913M        79M        16K       324K        29M
-/+ buffers/cache:       882M       109M
Swap:         8.0G       519M       7.5G

             total       used       free     shared    buffers     cached
Mem:          992M       914M        77M        16K       336K        29M
-/+ buffers/cache:       884M       107M
Swap:         8.0G       518M       7.5G

             total       used       free     shared    buffers     cached
Mem:          992M       916M        75M        16K       336K        29M
-/+ buffers/cache:       886M       106M
Swap:         8.0G       517M       7.5G

             total       used       free     shared    buffers     cached
Mem:          992M       917M        74M        16K       336K        29M
-/+ buffers/cache:       887M       104M
Swap:         8.0G       516M       7.5G

             total       used       free     shared    buffers     cached
Mem:          992M       918M        73M        16K       336K        29M
-/+ buffers/cache:       888M       103M
Swap:         8.0G       516M       7.5G

             total       used       free     shared    buffers     cached
Mem:          992M       920M        71M        16K       336K        29M
-/+ buffers/cache:       890M       102M
Swap:         8.0G       515M       7.5G

             total       used       free     shared    buffers     cached
Mem:          992M       921M        70M        16K       344K        29M
-/+ buffers/cache:       891M       100M
Swap:         8.0G       514M       7.5G

             total       used       free     shared    buffers     cached
Mem:          992M       923M        69M        16K       344K        29M
-/+ buffers/cache:       892M        99M
Swap:         8.0G       514M       7.5G

             total       used       free     shared    buffers     cached
Mem:          992M       924M        67M        16K       344K        29M
-/+ buffers/cache:       894M        98M
Swap:         8.0G       513M       7.5G

             total       used       free     shared    buffers     cached
Mem:          992M       926M        66M        16K       344K        29M
-/+ buffers/cache:       895M        96M
Swap:         8.0G       512M       7.5G

             total       used       free     shared    buffers     cached
Mem:          992M       927M        64M        16K       344K        29M
-/+ buffers/cache:       897M        95M
Swap:         8.0G       511M       7.5G

             total       used       free     shared    buffers     cached
Mem:          992M       928M        63M        16K       352K        29M
-/+ buffers/cache:       898M        93M
Swap:         8.0G       510M       7.5G

             total       used       free     shared    buffers     cached
Mem:          992M       930M        61M        16K       352K        29M
-/+ buffers/cache:       899M        92M
Swap:         8.0G       510M       7.5G

             total       used       free     shared    buffers     cached
Mem:          992M       919M        72M        16K       352K        29M
-/+ buffers/cache:       889M       102M
Swap:         8.0G       521M       7.5G

             total       used       free     shared    buffers     cached
Mem:          992M       920M        71M        16K       352K        29M
-/+ buffers/cache:       890M       101M
Swap:         8.0G       521M       7.5G

             total       used       free     shared    buffers     cached
Mem:          992M       921M        70M        16K       352K        29M
-/+ buffers/cache:       892M        99M
Swap:         8.0G       520M       7.5G

             total       used       free     shared    buffers     cached
Mem:          992M       923M        68M        16K       352K        29M
-/+ buffers/cache:       894M        98M
Swap:         8.0G       519M       7.5G

             total       used       free     shared    buffers     cached
Mem:          992M       924M        67M        16K       360K        29M
-/+ buffers/cache:       895M        96M
Swap:         8.0G       519M       7.5G

             total       used       free     shared    buffers     cached
Mem:          992M       926M        66M        16K       360K        28M
-/+ buffers/cache:       896M        95M
Swap:         8.0G       518M       7.5G

             total       used       free     shared    buffers     cached
Mem:          992M       927M        64M        16K       360K        29M
-/+ buffers/cache:       898M        93M
Swap:         8.0G       517M       7.5G

             total       used       free     shared    buffers     cached
Mem:          992M       929M        63M        16K       360K        29M
-/+ buffers/cache:       899M        92M
Swap:         8.0G       516M       7.5G

             total       used       free     shared    buffers     cached
Mem:          992M       930M        61M        16K       360K        29M
-/+ buffers/cache:       901M        91M
Swap:         8.0G       515M       7.5G

             total       used       free     shared    buffers     cached
Mem:          992M       915M        76M        16K       284K        27M
-/+ buffers/cache:       887M       104M
Swap:         8.0G       522M       7.5G

             total       used       free     shared    buffers     cached
Mem:          992M       916M        75M        16K       284K        27M
-/+ buffers/cache:       888M       103M
Swap:         8.0G       522M       7.5G

             total       used       free     shared    buffers     cached
Mem:          992M       918M        73M        16K       284K        27M
-/+ buffers/cache:       890M       101M
Swap:         8.0G       521M       7.5G

             total       used       free     shared    buffers     cached
Mem:          992M       920M        72M        16K       284K        27M
-/+ buffers/cache:       892M        99M
Swap:         8.0G       520M       7.5G

             total       used       free     shared    buffers     cached
Mem:          992M       921M        70M        16K       284K        27M
-/+ buffers/cache:       893M        98M
Swap:         8.0G       519M       7.5G

             total       used       free     shared    buffers     cached
Mem:          992M       923M        68M        16K       284K        27M
-/+ buffers/cache:       895M        96M
Swap:         8.0G       518M       7.5G

             total       used       free     shared    buffers     cached
Mem:          992M       924M        67M        16K       292K        27M
-/+ buffers/cache:       896M        95M
Swap:         8.0G       518M       7.5G

             total       used       free     shared    buffers     cached
Mem:          992M       926M        66M        16K       292K        27M
-/+ buffers/cache:       898M        93M
Swap:         8.0G       517M       7.5G

             total       used       free     shared    buffers     cached
Mem:          992M       928M        64M        16K       292K        27M
-/+ buffers/cache:       900M        92M
Swap:         8.0G       516M       7.5G

             total       used       free     shared    buffers     cached
Mem:          992M       930M        61M        16K       292K        28M
-/+ buffers/cache:       901M        90M
Swap:         8.0G       516M       7.5G

             total       used       free     shared    buffers     cached
Mem:          992M       916M        75M        16K       428K        26M
-/+ buffers/cache:       889M       102M
Swap:         8.0G       524M       7.5G

             total       used       free     shared    buffers     cached
Mem:          992M       917M        74M        20K       436K        26M
-/+ buffers/cache:       890M       101M
Swap:         8.0G       523M       7.5G

             total       used       free     shared    buffers     cached
Mem:          992M       919M        72M        20K       436K        26M
-/+ buffers/cache:       892M       100M
Swap:         8.0G       523M       7.5G

             total       used       free     shared    buffers     cached
Mem:          992M       927M        64M        20K       436K        28M
-/+ buffers/cache:       898M        93M
Swap:         8.0G       520M       7.5G

             total       used       free     shared    buffers     cached
Mem:          992M       929M        63M        20K       436K        29M
-/+ buffers/cache:       899M        92M
Swap:         8.0G       519M       7.5G

             total       used       free     shared    buffers     cached
Mem:          992M       920M        72M        20K       436K        29M
-/+ buffers/cache:       890M       101M
Swap:         8.0G       537M       7.5G

             total       used       free     shared    buffers     cached
Mem:          992M       920M        71M        20K       436K        29M
-/+ buffers/cache:       891M       101M
Swap:         8.0G       537M       7.5G

             total       used       free     shared    buffers     cached
Mem:          992M       921M        70M        20K       444K        29M
-/+ buffers/cache:       891M       100M
Swap:         8.0G       536M       7.5G

             total       used       free     shared    buffers     cached
Mem:          992M       922M        70M        20K       444K        29M
-/+ buffers/cache:       892M        99M
Swap:         8.0G       536M       7.5G

             total       used       free     shared    buffers     cached
Mem:          992M       922M        69M        20K       444K        29M
-/+ buffers/cache:       893M        99M
Swap:         8.0G       536M       7.5G

             total       used       free     shared    buffers     cached
Mem:          992M       923M        68M        20K       444K        29M
-/+ buffers/cache:       893M        98M
Swap:         8.0G       536M       7.5G

             total       used       free     shared    buffers     cached
Mem:          992M       924M        67M        20K       444K        29M
-/+ buffers/cache:       894M        97M
Swap:         8.0G       535M       7.5G

             total       used       free     shared    buffers     cached
Mem:          992M       925M        67M        20K       452K        29M
-/+ buffers/cache:       895M        96M
Swap:         8.0G       535M       7.5G

             total       used       free     shared    buffers     cached
Mem:          992M       925M        66M        20K       452K        29M
-/+ buffers/cache:       896M        96M
Swap:         8.0G       534M       7.5G

             total       used       free     shared    buffers     cached
Mem:          992M       926M        65M        20K       452K        29M
-/+ buffers/cache:       896M        95M
Swap:         8.0G       534M       7.5G

             total       used       free     shared    buffers     cached
Mem:          992M       927M        64M        20K       452K        29M
-/+ buffers/cache:       897M        94M
Swap:         8.0G       534M       7.5G

             total       used       free     shared    buffers     cached
Mem:          992M       929M        62M       2.2M       2.8M        50M
-/+ buffers/cache:       876M       115M
Swap:         8.0G       553M       7.5G

             total       used       free     shared    buffers     cached
Mem:          992M       928M        63M       3.9M       5.0M        69M
-/+ buffers/cache:       853M       138M
Swap:         8.0G       584M       7.4G

             total       used       free     shared    buffers     cached
Mem:          992M       914M        77M       224K       3.9M        60M
-/+ buffers/cache:       850M       141M
Swap:         8.0G       591M       7.4G

             total       used       free     shared    buffers     cached
Mem:          992M       921M        71M       216K       3.9M        62M
-/+ buffers/cache:       854M       137M
Swap:         8.0G       589M       7.4G

             total       used       free     shared    buffers     cached
Mem:          992M       922M        69M       216K       3.9M        62M
-/+ buffers/cache:       856M       136M
Swap:         8.0G       589M       7.4G

             total       used       free     shared    buffers     cached
Mem:          992M       924M        68M       216K       3.9M        62M
-/+ buffers/cache:       857M       134M
Swap:         8.0G       588M       7.4G

             total       used       free     shared    buffers     cached
Mem:          992M       925M        66M       216K       3.9M        62M
-/+ buffers/cache:       859M       132M
Swap:         8.0G       587M       7.4G

             total       used       free     shared    buffers     cached
Mem:          992M       928M        63M       216K       4.1M        63M
-/+ buffers/cache:       861M       131M
Swap:         8.0G       587M       7.4G

             total       used       free     shared    buffers     cached
Mem:          992M       929M        62M       216K       4.1M        63M
-/+ buffers/cache:       862M       129M
Swap:         8.0G       586M       7.4G

             total       used       free     shared    buffers     cached
Mem:          992M       931M        60M       216K       4.1M        63M
-/+ buffers/cache:       864M       128M
Swap:         8.0G       585M       7.4G

             total       used       free     shared    buffers     cached
Mem:          992M       921M        71M       216K       3.9M        61M
-/+ buffers/cache:       855M       136M
Swap:         8.0G       585M       7.4G

             total       used       free     shared    buffers     cached
Mem:          992M       922M        69M       216K       3.9M        61M
-/+ buffers/cache:       857M       135M
Swap:         8.0G       584M       7.4G

             total       used       free     shared    buffers     cached
Mem:          992M       924M        68M       216K       4.0M        61M
-/+ buffers/cache:       858M       133M
Swap:         8.0G       584M       7.4G

             total       used       free     shared    buffers     cached
Mem:          992M       925M        66M       216K       4.0M        62M
-/+ buffers/cache:       859M       132M
Swap:         8.0G       583M       7.4G

             total       used       free     shared    buffers     cached
Mem:          992M       927M        65M       216K       4.0M        62M
-/+ buffers/cache:       861M       131M
Swap:         8.0G       583M       7.4G

             total       used       free     shared    buffers     cached
Mem:          992M       928M        63M       216K       4.0M        62M
-/+ buffers/cache:       862M       129M
Swap:         8.0G       582M       7.4G

             total       used       free     shared    buffers     cached
Mem:          992M       929M        62M       216K       4.0M        62M
-/+ buffers/cache:       863M       128M
Swap:         8.0G       581M       7.4G

             total       used       free     shared    buffers     cached
Mem:          992M       931M        60M       216K       4.0M        62M
-/+ buffers/cache:       865M       126M
Swap:         8.0G       581M       7.4G

             total       used       free     shared    buffers     cached
Mem:          992M       912M        80M       216K       4.0M        59M
-/+ buffers/cache:       848M       143M
Swap:         8.0G       597M       7.4G

             total       used       free     shared    buffers     cached
Mem:          992M       913M        78M       216K       4.0M        59M
-/+ buffers/cache:       849M       142M
Swap:         8.0G       596M       7.4G

             total       used       free     shared    buffers     cached
Mem:          992M       914M        77M       216K       4.0M        59M
-/+ buffers/cache:       851M       141M
Swap:         8.0G       595M       7.4G

             total       used       free     shared    buffers     cached
Mem:          992M       916M        76M       216K       4.0M        59M
-/+ buffers/cache:       852M       139M
Swap:         8.0G       595M       7.4G

             total       used       free     shared    buffers     cached
Mem:          992M       917M        74M       216K       4.0M        59M
-/+ buffers/cache:       853M       138M
Swap:         8.0G       594M       7.4G

             total       used       free     shared    buffers     cached
Mem:          992M       918M        73M       216K       4.0M        59M
-/+ buffers/cache:       855M       137M
Swap:         8.0G       594M       7.4G

             total       used       free     shared    buffers     cached
Mem:          992M       920M        71M       216K       4.0M        59M
-/+ buffers/cache:       856M       135M
Swap:         8.0G       593M       7.4G

             total       used       free     shared    buffers     cached
Mem:          992M       921M        70M       216K       4.0M        59M
-/+ buffers/cache:       857M       134M
Swap:         8.0G       592M       7.4G

             total       used       free     shared    buffers     cached
Mem:          992M       923M        68M       216K       4.0M        59M
-/+ buffers/cache:       859M       132M
Swap:         8.0G       592M       7.4G

             total       used       free     shared    buffers     cached
Mem:          992M       924M        67M       216K       4.0M        59M
-/+ buffers/cache:       860M       131M
Swap:         8.0G       591M       7.4G

             total       used       free     shared    buffers     cached
Mem:          992M       925M        66M       216K       4.0M        59M
-/+ buffers/cache:       862M       130M
Swap:         8.0G       591M       7.4G

             total       used       free     shared    buffers     cached
Mem:          992M       927M        65M       216K       4.0M        59M
-/+ buffers/cache:       863M       128M
Swap:         8.0G       590M       7.4G

             total       used       free     shared    buffers     cached
Mem:          992M       928M        63M       216K       4.0M        59M
-/+ buffers/cache:       864M       127M
Swap:         8.0G       589M       7.4G

             total       used       free     shared    buffers     cached
Mem:          992M       929M        62M       216K       4.0M        59M
-/+ buffers/cache:       866M       126M
Swap:         8.0G       589M       7.4G

             total       used       free     shared    buffers     cached
Mem:          992M       925M        66M       216K       4.0M        59M
-/+ buffers/cache:       862M       129M
Swap:         8.0G       590M       7.4G

             total       used       free     shared    buffers     cached
Mem:          992M       918M        73M       216K       4.0M        58M
-/+ buffers/cache:       855M       136M
Swap:         8.0G       595M       7.4G

             total       used       free     shared    buffers     cached
Mem:          992M       919M        72M       216K       4.0M        58M
-/+ buffers/cache:       856M       135M
Swap:         8.0G       595M       7.4G

             total       used       free     shared    buffers     cached
Mem:          992M       921M        70M       216K       4.0M        59M
-/+ buffers/cache:       858M       133M
Swap:         8.0G       594M       7.4G

             total       used       free     shared    buffers     cached
Mem:          992M       919M        72M       260K       8.8M        73M
-/+ buffers/cache:       837M       154M
Swap:         8.0G       617M       7.4G
