             total       used       free     shared    buffers     cached
Mem:          992M       655M       336M       1.4M        38M       287M
-/+ buffers/cache:       329M       662M
Swap:         8.0G         0B       8.0G

             total       used       free     shared    buffers     cached
Mem:          992M       655M       336M       1.4M        38M       287M
-/+ buffers/cache:       328M       663M
Swap:         8.0G         0B       8.0G

             total       used       free     shared    buffers     cached
Mem:          992M       655M       336M       1.4M        38M       287M
-/+ buffers/cache:       328M       663M
Swap:         8.0G         0B       8.0G

             total       used       free     shared    buffers     cached
Mem:          992M       655M       336M       1.4M        38M       287M
-/+ buffers/cache:       328M       663M
Swap:         8.0G         0B       8.0G

             total       used       free     shared    buffers     cached
Mem:          992M       655M       336M       1.4M        38M       287M
-/+ buffers/cache:       328M       663M
Swap:         8.0G         0B       8.0G

             total       used       free     shared    buffers     cached
Mem:          992M       655M       336M       1.4M        38M       287M
-/+ buffers/cache:       328M       663M
Swap:         8.0G         0B       8.0G

             total       used       free     shared    buffers     cached
Mem:          992M       655M       336M       1.4M        38M       287M
-/+ buffers/cache:       328M       663M
Swap:         8.0G         0B       8.0G

             total       used       free     shared    buffers     cached
Mem:          992M       655M       337M       1.4M        38M       287M
-/+ buffers/cache:       328M       663M
Swap:         8.0G         0B       8.0G

             total       used       free     shared    buffers     cached
Mem:          992M       655M       337M       1.4M        38M       288M
-/+ buffers/cache:       328M       663M
Swap:         8.0G         0B       8.0G

             total       used       free     shared    buffers     cached
Mem:          992M       658M       333M       1.4M        38M       288M
-/+ buffers/cache:       331M       660M
Swap:         8.0G         0B       8.0G

             total       used       free     shared    buffers     cached
Mem:          992M       675M       316M       1.4M        38M       288M
-/+ buffers/cache:       348M       643M
Swap:         8.0G         0B       8.0G

             total       used       free     shared    buffers     cached
Mem:          992M       684M       307M       1.4M        38M       288M
-/+ buffers/cache:       358M       634M
Swap:         8.0G         0B       8.0G

             total       used       free     shared    buffers     cached
Mem:          992M       664M       327M       1.4M        38M       289M
-/+ buffers/cache:       336M       655M
Swap:         8.0G         0B       8.0G

             total       used       free     shared    buffers     cached
Mem:          992M       664M       327M       1.4M        38M       289M
-/+ buffers/cache:       336M       655M
Swap:         8.0G         0B       8.0G

             total       used       free     shared    buffers     cached
Mem:          992M       675M       317M       1.4M        38M       289M
-/+ buffers/cache:       346M       645M
Swap:         8.0G         0B       8.0G

             total       used       free     shared    buffers     cached
Mem:          992M       665M       327M       1.4M        38M       289M
-/+ buffers/cache:       336M       655M
Swap:         8.0G         0B       8.0G

             total       used       free     shared    buffers     cached
Mem:          992M       664M       327M       1.4M        38M       289M
-/+ buffers/cache:       336M       655M
Swap:         8.0G         0B       8.0G

             total       used       free     shared    buffers     cached
Mem:          992M       664M       327M       1.4M        38M       289M
-/+ buffers/cache:       336M       655M
Swap:         8.0G         0B       8.0G

             total       used       free     shared    buffers     cached
Mem:          992M       664M       327M       1.4M        38M       289M
-/+ buffers/cache:       336M       655M
Swap:         8.0G         0B       8.0G

             total       used       free     shared    buffers     cached
Mem:          992M       664M       327M       1.4M        38M       289M
-/+ buffers/cache:       336M       655M
Swap:         8.0G         0B       8.0G

             total       used       free     shared    buffers     cached
Mem:          992M       664M       327M       1.4M        38M       289M
-/+ buffers/cache:       336M       655M
Swap:         8.0G         0B       8.0G

             total       used       free     shared    buffers     cached
Mem:          992M       665M       326M       1.4M        38M       289M
-/+ buffers/cache:       337M       654M
Swap:         8.0G         0B       8.0G

             total       used       free     shared    buffers     cached
Mem:          992M       665M       326M       1.4M        38M       289M
-/+ buffers/cache:       337M       654M
Swap:         8.0G         0B       8.0G

             total       used       free     shared    buffers     cached
Mem:          992M       665M       326M       1.4M        38M       289M
-/+ buffers/cache:       337M       654M
Swap:         8.0G         0B       8.0G

             total       used       free     shared    buffers     cached
Mem:          992M       665M       326M       1.4M        38M       289M
-/+ buffers/cache:       337M       654M
Swap:         8.0G         0B       8.0G

             total       used       free     shared    buffers     cached
Mem:          992M       665M       326M       1.4M        38M       289M
-/+ buffers/cache:       337M       654M
Swap:         8.0G         0B       8.0G

             total       used       free     shared    buffers     cached
Mem:          992M       665M       327M       1.4M        38M       289M
-/+ buffers/cache:       336M       655M
Swap:         8.0G         0B       8.0G

             total       used       free     shared    buffers     cached
Mem:          992M       665M       327M       1.4M        38M       289M
-/+ buffers/cache:       336M       655M
Swap:         8.0G         0B       8.0G

             total       used       free     shared    buffers     cached
Mem:          992M       665M       327M       1.4M        38M       289M
-/+ buffers/cache:       336M       655M
Swap:         8.0G         0B       8.0G

             total       used       free     shared    buffers     cached
Mem:          992M       665M       327M       1.4M        38M       289M
-/+ buffers/cache:       336M       655M
Swap:         8.0G         0B       8.0G

             total       used       free     shared    buffers     cached
Mem:          992M       665M       327M       1.4M        38M       289M
-/+ buffers/cache:       336M       655M
Swap:         8.0G         0B       8.0G

             total       used       free     shared    buffers     cached
Mem:          992M       665M       327M       1.4M        38M       289M
-/+ buffers/cache:       336M       655M
Swap:         8.0G         0B       8.0G

             total       used       free     shared    buffers     cached
Mem:          992M       665M       327M       1.4M        38M       289M
-/+ buffers/cache:       336M       655M
Swap:         8.0G         0B       8.0G

             total       used       free     shared    buffers     cached
Mem:          992M       665M       327M       1.4M        38M       289M
-/+ buffers/cache:       336M       655M
Swap:         8.0G         0B       8.0G

             total       used       free     shared    buffers     cached
Mem:          992M       665M       327M       1.4M        38M       289M
-/+ buffers/cache:       336M       655M
Swap:         8.0G         0B       8.0G

             total       used       free     shared    buffers     cached
Mem:          992M       665M       327M       1.4M        38M       289M
-/+ buffers/cache:       336M       655M
Swap:         8.0G         0B       8.0G

             total       used       free     shared    buffers     cached
Mem:          992M       665M       327M       1.4M        38M       289M
-/+ buffers/cache:       336M       655M
Swap:         8.0G         0B       8.0G

             total       used       free     shared    buffers     cached
Mem:          992M       665M       327M       1.4M        38M       289M
-/+ buffers/cache:       336M       655M
Swap:         8.0G         0B       8.0G

             total       used       free     shared    buffers     cached
Mem:          992M       676M       315M       1.4M        38M       289M
-/+ buffers/cache:       347M       644M
Swap:         8.0G         0B       8.0G

             total       used       free     shared    buffers     cached
Mem:          992M       695M       296M       1.4M        38M       289M
-/+ buffers/cache:       367M       625M
Swap:         8.0G         0B       8.0G

             total       used       free     shared    buffers     cached
Mem:          992M       714M       277M       1.4M        38M       289M
-/+ buffers/cache:       386M       606M
Swap:         8.0G         0B       8.0G

             total       used       free     shared    buffers     cached
Mem:          992M       731M       260M       1.4M        38M       289M
-/+ buffers/cache:       402M       589M
Swap:         8.0G         0B       8.0G

             total       used       free     shared    buffers     cached
Mem:          992M       748M       243M       1.4M        38M       289M
-/+ buffers/cache:       420M       571M
Swap:         8.0G         0B       8.0G

             total       used       free     shared    buffers     cached
Mem:          992M       764M       227M       1.4M        38M       289M
-/+ buffers/cache:       436M       556M
Swap:         8.0G         0B       8.0G

             total       used       free     shared    buffers     cached
Mem:          992M       778M       213M       1.4M        38M       289M
-/+ buffers/cache:       449M       542M
Swap:         8.0G         0B       8.0G

             total       used       free     shared    buffers     cached
Mem:          992M       791M       200M       1.4M        38M       289M
-/+ buffers/cache:       463M       528M
Swap:         8.0G         0B       8.0G

             total       used       free     shared    buffers     cached
Mem:          992M       806M       186M       1.4M        38M       289M
-/+ buffers/cache:       477M       514M
Swap:         8.0G         0B       8.0G

             total       used       free     shared    buffers     cached
Mem:          992M       822M       170M       1.4M        38M       289M
-/+ buffers/cache:       493M       498M
Swap:         8.0G         0B       8.0G

             total       used       free     shared    buffers     cached
Mem:          992M       841M       150M       1.4M        38M       289M
-/+ buffers/cache:       512M       479M
Swap:         8.0G         0B       8.0G

             total       used       free     shared    buffers     cached
Mem:          992M       856M       136M       1.4M        38M       289M
-/+ buffers/cache:       527M       464M
Swap:         8.0G         0B       8.0G

             total       used       free     shared    buffers     cached
Mem:          992M       872M       119M       1.4M        38M       289M
-/+ buffers/cache:       543M       448M
Swap:         8.0G         0B       8.0G

             total       used       free     shared    buffers     cached
Mem:          992M       889M       102M       1.4M        38M       289M
-/+ buffers/cache:       560M       431M
Swap:         8.0G         0B       8.0G

             total       used       free     shared    buffers     cached
Mem:          992M       900M        91M       1.4M        38M       289M
-/+ buffers/cache:       572M       419M
Swap:         8.0G         0B       8.0G

             total       used       free     shared    buffers     cached
Mem:          992M       917M        74M       1.4M        38M       289M
-/+ buffers/cache:       588M       403M
Swap:         8.0G         0B       8.0G

             total       used       free     shared    buffers     cached
Mem:          992M       913M        79M       1.4M        17M       288M
-/+ buffers/cache:       607M       384M
Swap:         8.0G         4K       8.0G

             total       used       free     shared    buffers     cached
Mem:          992M       913M        79M       1.4M        10M       278M
-/+ buffers/cache:       624M       368M
Swap:         8.0G         4K       8.0G

             total       used       free     shared    buffers     cached
Mem:          992M       913M        79M       1.4M       9.7M       262M
-/+ buffers/cache:       640M       351M
Swap:         8.0G       136K       8.0G

             total       used       free     shared    buffers     cached
Mem:          992M       912M        79M       1.2M       9.7M       243M
-/+ buffers/cache:       659M       333M
Swap:         8.0G       484K       8.0G

             total       used       free     shared    buffers     cached
Mem:          992M       915M        77M       1.2M       9.7M       232M
-/+ buffers/cache:       672M       319M
Swap:         8.0G       4.3M       8.0G

             total       used       free     shared    buffers     cached
Mem:          992M       901M        91M       1.2M       9.4M       205M
-/+ buffers/cache:       686M       306M
Swap:         8.0G       8.5M       8.0G

             total       used       free     shared    buffers     cached
Mem:          992M       918M        73M       1.2M       9.4M       205M
-/+ buffers/cache:       703M       288M
Swap:         8.0G       8.5M       8.0G

             total       used       free     shared    buffers     cached
Mem:          992M       913M        78M       1.2M       1.2M       188M
-/+ buffers/cache:       723M       268M
Swap:         8.0G       8.5M       8.0G

             total       used       free     shared    buffers     cached
Mem:          992M       907M        84M       1.2M       208K       164M
-/+ buffers/cache:       743M       248M
Swap:         8.0G       8.5M       8.0G

             total       used       free     shared    buffers     cached
Mem:          992M       906M        85M       1.2M       208K       144M
-/+ buffers/cache:       761M       231M
Swap:         8.0G       8.5M       8.0G

             total       used       free     shared    buffers     cached
Mem:          992M       921M        70M       1.2M       232K       144M
-/+ buffers/cache:       776M       215M
Swap:         8.0G       8.5M       8.0G

             total       used       free     shared    buffers     cached
Mem:          992M       913M        78M       1.2M        84K       127M
-/+ buffers/cache:       786M       206M
Swap:         8.0G       8.5M       8.0G

             total       used       free     shared    buffers     cached
Mem:          992M       917M        74M       1.2M        96K       113M
-/+ buffers/cache:       804M       188M
Swap:         8.0G       8.5M       8.0G

             total       used       free     shared    buffers     cached
Mem:          992M       920M        71M       1.2M        96K       100M
-/+ buffers/cache:       820M       171M
Swap:         8.0G       8.5M       8.0G

             total       used       free     shared    buffers     cached
Mem:          992M       917M        74M       1.2M       240K        79M
-/+ buffers/cache:       837M       154M
Swap:         8.0G       8.5M       8.0G

             total       used       free     shared    buffers     cached
Mem:          992M       914M        77M       1.2M       2.6M        56M
-/+ buffers/cache:       856M       136M
Swap:         8.0G       8.5M       8.0G

             total       used       free     shared    buffers     cached
Mem:          992M       918M        73M       1.2M       2.6M        43M
-/+ buffers/cache:       872M       119M
Swap:         8.0G       8.5M       8.0G

             total       used       free     shared    buffers     cached
Mem:          992M       918M        73M       1.2M       2.6M        28M
-/+ buffers/cache:       887M       104M
Swap:         8.0G       8.9M       8.0G

             total       used       free     shared    buffers     cached
Mem:          992M       918M        74M       1.0M       2.6M        16M
-/+ buffers/cache:       899M        92M
Swap:         8.0G        11M       8.0G

             total       used       free     shared    buffers     cached
Mem:          992M       917M        74M       1.0M        84K       7.5M
-/+ buffers/cache:       909M        82M
Swap:         8.0G        18M       8.0G

             total       used       free     shared    buffers     cached
Mem:          992M       918M        74M       720K       348K       3.1M
-/+ buffers/cache:       914M        77M
Swap:         8.0G        33M       8.0G

             total       used       free     shared    buffers     cached
Mem:          992M       911M        80M       736K       340K       2.5M
-/+ buffers/cache:       908M        83M
Swap:         8.0G        57M       7.9G

             total       used       free     shared    buffers     cached
Mem:          992M       909M        82M       732K       332K       2.5M
-/+ buffers/cache:       906M        85M
Swap:         8.0G        57M       7.9G

             total       used       free     shared    buffers     cached
Mem:          992M       923M        68M       732K       332K       2.5M
-/+ buffers/cache:       920M        71M
Swap:         8.0G        57M       7.9G

             total       used       free     shared    buffers     cached
Mem:          992M       918M        73M       656K       344K       2.3M
-/+ buffers/cache:       915M        76M
Swap:         8.0G       102M       7.9G

             total       used       free     shared    buffers     cached
Mem:          992M       914M        77M       656K       344K       2.7M
-/+ buffers/cache:       911M        80M
Swap:         8.0G       102M       7.9G

             total       used       free     shared    buffers     cached
Mem:          992M       910M        81M       656K       160K       2.6M
-/+ buffers/cache:       908M        84M
Swap:         8.0G       125M       7.9G

             total       used       free     shared    buffers     cached
Mem:          992M       913M        78M       648K       112K       2.6M
-/+ buffers/cache:       911M        81M
Swap:         8.0G       125M       7.9G

             total       used       free     shared    buffers     cached
Mem:          992M       922M        69M       648K        96K       2.6M
-/+ buffers/cache:       919M        72M
Swap:         8.0G       130M       7.9G

             total       used       free     shared    buffers     cached
Mem:          992M       914M        77M       572K        84K       2.5M
-/+ buffers/cache:       911M        80M
Swap:         8.0G       170M       7.8G

             total       used       free     shared    buffers     cached
Mem:          992M       911M        80M       572K        84K       2.4M
-/+ buffers/cache:       908M        83M
Swap:         8.0G       170M       7.8G

             total       used       free     shared    buffers     cached
Mem:          992M       919M        72M       572K        92K       2.6M
-/+ buffers/cache:       917M        74M
Swap:         8.0G       184M       7.8G

             total       used       free     shared    buffers     cached
Mem:          992M       909M        82M       564K        92K       2.5M
-/+ buffers/cache:       906M        85M
Swap:         8.0G       210M       7.8G

             total       used       free     shared    buffers     cached
Mem:          992M       925M        66M       560K        92K       2.6M
-/+ buffers/cache:       922M        69M
Swap:         8.0G       210M       7.8G

             total       used       free     shared    buffers     cached
Mem:          992M       912M        79M       536K        92K       2.5M
-/+ buffers/cache:       910M        82M
Swap:         8.0G       248M       7.8G

             total       used       free     shared    buffers     cached
Mem:          992M       909M        83M       536K        92K       2.5M
-/+ buffers/cache:       906M        85M
Swap:         8.0G       249M       7.8G

             total       used       free     shared    buffers     cached
Mem:          992M       920M        71M       536K       224K       2.5M
-/+ buffers/cache:       917M        74M
Swap:         8.0G       249M       7.8G

             total       used       free     shared    buffers     cached
Mem:          992M       913M        78M       536K       232K       2.4M
-/+ buffers/cache:       911M        81M
Swap:         8.0G       271M       7.7G

             total       used       free     shared    buffers     cached
Mem:          992M       919M        72M       536K       232K       2.4M
-/+ buffers/cache:       917M        74M
Swap:         8.0G       271M       7.7G

             total       used       free     shared    buffers     cached
Mem:          992M       913M        79M       536K       232K       2.3M
-/+ buffers/cache:       910M        81M
Swap:         8.0G       285M       7.7G

             total       used       free     shared    buffers     cached
Mem:          992M       918M        73M       536K       496K       2.4M
-/+ buffers/cache:       915M        76M
Swap:         8.0G       285M       7.7G

             total       used       free     shared    buffers     cached
Mem:          992M       925M        67M       536K       496K       2.4M
-/+ buffers/cache:       922M        69M
Swap:         8.0G       285M       7.7G

             total       used       free     shared    buffers     cached
Mem:          992M       913M        78M       536K       488K       2.3M
-/+ buffers/cache:       910M        81M
Swap:         8.0G       301M       7.7G

             total       used       free     shared    buffers     cached
Mem:          992M       918M        73M       536K       488K       2.3M
-/+ buffers/cache:       915M        76M
Swap:         8.0G       301M       7.7G

             total       used       free     shared    buffers     cached
Mem:          992M       924M        67M       536K       488K       2.3M
-/+ buffers/cache:       921M        70M
Swap:         8.0G       301M       7.7G

             total       used       free     shared    buffers     cached
Mem:          992M       913M        78M       536K       480K       2.1M
-/+ buffers/cache:       910M        81M
Swap:         8.0G       317M       7.7G

             total       used       free     shared    buffers     cached
Mem:          992M       917M        74M       536K       480K       2.2M
-/+ buffers/cache:       914M        77M
Swap:         8.0G       317M       7.7G

             total       used       free     shared    buffers     cached
Mem:          992M       922M        69M       536K       488K       2.2M
-/+ buffers/cache:       920M        72M
Swap:         8.0G       317M       7.7G

             total       used       free     shared    buffers     cached
Mem:          992M       911M        80M       536K       484K       2.1M
-/+ buffers/cache:       909M        83M
Swap:         8.0G       334M       7.7G

             total       used       free     shared    buffers     cached
Mem:          992M       915M        76M       536K       484K       2.1M
-/+ buffers/cache:       913M        78M
Swap:         8.0G       334M       7.7G

             total       used       free     shared    buffers     cached
Mem:          992M       921M        71M       536K       484K       2.1M
-/+ buffers/cache:       918M        73M
Swap:         8.0G       334M       7.7G

             total       used       free     shared    buffers     cached
Mem:          992M       917M        74M       484K       408K       1.9M
-/+ buffers/cache:       915M        77M
Swap:         8.0G       334M       7.7G

             total       used       free     shared    buffers     cached
Mem:          992M       916M        76M         4K       300K       1.4M
-/+ buffers/cache:       914M        77M
Swap:         8.0G       327M       7.7G

             total       used       free     shared    buffers     cached
Mem:          992M       895M        96M         0B        92K       1.4M
-/+ buffers/cache:       893M        98M
Swap:         8.0G       400M       7.6G

             total       used       free     shared    buffers     cached
Mem:          992M       912M        79M         0B        92K       1.4M
-/+ buffers/cache:       911M        80M
Swap:         8.0G       373M       7.6G

             total       used       free     shared    buffers     cached
Mem:          992M       914M        77M         0B        92K       1.4M
-/+ buffers/cache:       912M        79M
Swap:         8.0G       328M       7.7G

             total       used       free     shared    buffers     cached
Mem:          992M       914M        77M         0B        96K       1.6M
-/+ buffers/cache:       912M        79M
Swap:         8.0G       329M       7.7G

             total       used       free     shared    buffers     cached
Mem:          992M       911M        80M         0B        76K       1.6M
-/+ buffers/cache:       910M        81M
Swap:         8.0G       337M       7.7G

             total       used       free     shared    buffers     cached
Mem:          992M       912M        80M         0B        84K       1.5M
-/+ buffers/cache:       910M        81M
Swap:         8.0G       335M       7.7G

             total       used       free     shared    buffers     cached
Mem:          992M       915M        76M         0B        84K       1.6M
-/+ buffers/cache:       913M        78M
Swap:         8.0G       334M       7.7G

             total       used       free     shared    buffers     cached
Mem:          992M       914M        78M         0B        84K       1.4M
-/+ buffers/cache:       912M        79M
Swap:         8.0G       339M       7.7G

             total       used       free     shared    buffers     cached
Mem:          992M       913M        78M         0B        76K       1.5M
-/+ buffers/cache:       912M        79M
Swap:         8.0G       337M       7.7G

             total       used       free     shared    buffers     cached
Mem:          992M       924M        67M         0B        76K       1.6M
-/+ buffers/cache:       922M        69M
Swap:         8.0G       337M       7.7G

             total       used       free     shared    buffers     cached
Mem:          992M       914M        77M         0B        84K       2.0M
-/+ buffers/cache:       912M        79M
Swap:         8.0G       339M       7.7G

             total       used       free     shared    buffers     cached
Mem:          992M       914M        77M         0B        84K       2.0M
-/+ buffers/cache:       912M        79M
Swap:         8.0G       339M       7.7G

             total       used       free     shared    buffers     cached
Mem:          992M       919M        72M         0B        84K       2.0M
-/+ buffers/cache:       917M        74M
Swap:         8.0G       337M       7.7G

             total       used       free     shared    buffers     cached
Mem:          992M       925M        67M         0B        84K       2.0M
-/+ buffers/cache:       922M        69M
Swap:         8.0G       336M       7.7G

             total       used       free     shared    buffers     cached
Mem:          992M       917M        74M         0B        80K       1.9M
-/+ buffers/cache:       915M        76M
Swap:         8.0G       358M       7.6G

             total       used       free     shared    buffers     cached
Mem:          992M       924M        67M         0B        80K       1.9M
-/+ buffers/cache:       922M        69M
Swap:         8.0G       358M       7.6G

             total       used       free     shared    buffers     cached
Mem:          992M       914M        77M         0B       476K        20M
-/+ buffers/cache:       893M        98M
Swap:         8.0G       392M       7.6G

             total       used       free     shared    buffers     cached
Mem:          992M       921M        71M         0B       792K        20M
-/+ buffers/cache:       899M        92M
Swap:         8.0G       392M       7.6G

             total       used       free     shared    buffers     cached
Mem:          992M       913M        78M         0B       792K        20M
-/+ buffers/cache:       893M        99M
Swap:         8.0G       405M       7.6G

             total       used       free     shared    buffers     cached
Mem:          992M       919M        72M         0B       796K        20M
-/+ buffers/cache:       898M        93M
Swap:         8.0G       405M       7.6G

             total       used       free     shared    buffers     cached
Mem:          992M       923M        69M         0B       796K        20M
-/+ buffers/cache:       902M        90M
Swap:         8.0G       405M       7.6G

             total       used       free     shared    buffers     cached
Mem:          992M       903M        88M         0B       804K        19M
-/+ buffers/cache:       882M       109M
Swap:         8.0G       427M       7.6G

             total       used       free     shared    buffers     cached
Mem:          992M       905M        86M         0B       808K        19M
-/+ buffers/cache:       884M       107M
Swap:         8.0G       426M       7.6G

             total       used       free     shared    buffers     cached
Mem:          992M       907M        84M         0B       808K        19M
-/+ buffers/cache:       886M       105M
Swap:         8.0G       425M       7.6G

             total       used       free     shared    buffers     cached
Mem:          992M       909M        82M         0B       808K        19M
-/+ buffers/cache:       889M       103M
Swap:         8.0G       424M       7.6G

             total       used       free     shared    buffers     cached
Mem:          992M       911M        80M         0B       808K        19M
-/+ buffers/cache:       891M       101M
Swap:         8.0G       423M       7.6G

             total       used       free     shared    buffers     cached
Mem:          992M       913M        78M         0B       816K        19M
-/+ buffers/cache:       893M        99M
Swap:         8.0G       422M       7.6G

             total       used       free     shared    buffers     cached
Mem:          992M       916M        76M         0B       816K        19M
-/+ buffers/cache:       895M        96M
Swap:         8.0G       421M       7.6G

             total       used       free     shared    buffers     cached
Mem:          992M       918M        74M         0B       816K        19M
-/+ buffers/cache:       897M        94M
Swap:         8.0G       420M       7.6G

             total       used       free     shared    buffers     cached
Mem:          992M       920M        72M         0B       816K        19M
-/+ buffers/cache:       899M        92M
Swap:         8.0G       419M       7.6G

             total       used       free     shared    buffers     cached
Mem:          992M       922M        69M         0B       816K        20M
-/+ buffers/cache:       901M        91M
Swap:         8.0G       419M       7.6G

             total       used       free     shared    buffers     cached
Mem:          992M       922M        69M         0B       816K        20M
-/+ buffers/cache:       900M        91M
Swap:         8.0G       419M       7.6G

             total       used       free     shared    buffers     cached
Mem:          992M       922M        69M         0B       824K        20M
-/+ buffers/cache:       900M        91M
Swap:         8.0G       419M       7.6G

             total       used       free     shared    buffers     cached
Mem:          992M       922M        69M         0B       824K        21M
-/+ buffers/cache:       901M        91M
Swap:         8.0G       419M       7.6G

             total       used       free     shared    buffers     cached
Mem:          992M       922M        69M         0B       824K        21M
-/+ buffers/cache:       901M        91M
Swap:         8.0G       419M       7.6G

             total       used       free     shared    buffers     cached
Mem:          992M       922M        69M         0B       824K        21M
-/+ buffers/cache:       901M        91M
Swap:         8.0G       419M       7.6G

             total       used       free     shared    buffers     cached
Mem:          992M       922M        69M         0B       824K        21M
-/+ buffers/cache:       901M        91M
Swap:         8.0G       419M       7.6G

             total       used       free     shared    buffers     cached
Mem:          992M       922M        69M         0B       832K        20M
-/+ buffers/cache:       901M        91M
Swap:         8.0G       419M       7.6G

             total       used       free     shared    buffers     cached
Mem:          992M       922M        69M         0B       832K        21M
-/+ buffers/cache:       901M        91M
Swap:         8.0G       419M       7.6G

             total       used       free     shared    buffers     cached
Mem:          992M       922M        69M         0B       832K        21M
-/+ buffers/cache:       901M        91M
Swap:         8.0G       419M       7.6G

             total       used       free     shared    buffers     cached
Mem:          992M       922M        69M         0B       832K        21M
-/+ buffers/cache:       901M        91M
Swap:         8.0G       419M       7.6G

             total       used       free     shared    buffers     cached
Mem:          992M       922M        69M         0B       832K        21M
-/+ buffers/cache:       901M        91M
Swap:         8.0G       419M       7.6G

             total       used       free     shared    buffers     cached
Mem:          992M       922M        69M         0B       840K        20M
-/+ buffers/cache:       901M        91M
Swap:         8.0G       419M       7.6G

             total       used       free     shared    buffers     cached
Mem:          992M       922M        69M         0B       840K        21M
-/+ buffers/cache:       901M        91M
Swap:         8.0G       419M       7.6G

             total       used       free     shared    buffers     cached
Mem:          992M       924M        68M         0B       840K        20M
-/+ buffers/cache:       902M        89M
Swap:         8.0G       418M       7.6G

             total       used       free     shared    buffers     cached
Mem:          992M       913M        78M         0B       840K        20M
-/+ buffers/cache:       891M       100M
Swap:         8.0G       429M       7.6G

             total       used       free     shared    buffers     cached
Mem:          992M       915M        76M         0B       840K        20M
-/+ buffers/cache:       893M        98M
Swap:         8.0G       428M       7.6G

             total       used       free     shared    buffers     cached
Mem:          992M       917M        75M         0B       840K        20M
-/+ buffers/cache:       895M        96M
Swap:         8.0G       427M       7.6G

             total       used       free     shared    buffers     cached
Mem:          992M       919M        72M         0B       848K        20M
-/+ buffers/cache:       898M        93M
Swap:         8.0G       426M       7.6G

             total       used       free     shared    buffers     cached
Mem:          992M       922M        69M         0B       848K        20M
-/+ buffers/cache:       900M        91M
Swap:         8.0G       425M       7.6G

             total       used       free     shared    buffers     cached
Mem:          992M       924M        67M         0B       848K        20M
-/+ buffers/cache:       903M        88M
Swap:         8.0G       424M       7.6G

             total       used       free     shared    buffers     cached
Mem:          992M       915M        77M         0B       848K        20M
-/+ buffers/cache:       894M        97M
Swap:         8.0G       429M       7.6G

             total       used       free     shared    buffers     cached
Mem:          992M       917M        74M         0B       848K        20M
-/+ buffers/cache:       896M        95M
Swap:         8.0G       428M       7.6G

             total       used       free     shared    buffers     cached
Mem:          992M       920M        72M         0B       856K        20M
-/+ buffers/cache:       899M        92M
Swap:         8.0G       427M       7.6G

             total       used       free     shared    buffers     cached
Mem:          992M       922M        69M         0B       856K        20M
-/+ buffers/cache:       901M        90M
Swap:         8.0G       425M       7.6G

             total       used       free     shared    buffers     cached
Mem:          992M       925M        67M         0B       856K        20M
-/+ buffers/cache:       904M        88M
Swap:         8.0G       424M       7.6G

             total       used       free     shared    buffers     cached
Mem:          992M       905M        86M         0B       856K        17M
-/+ buffers/cache:       886M       105M
Swap:         8.0G       451M       7.6G

             total       used       free     shared    buffers     cached
Mem:          992M       907M        85M         0B       864K        17M
-/+ buffers/cache:       888M       103M
Swap:         8.0G       450M       7.6G

             total       used       free     shared    buffers     cached
Mem:          992M       908M        83M         0B       872K        17M
-/+ buffers/cache:       890M       101M
Swap:         8.0G       449M       7.6G

             total       used       free     shared    buffers     cached
Mem:          992M       911M        80M         0B       872K        17M
-/+ buffers/cache:       892M        99M
Swap:         8.0G       448M       7.6G

             total       used       free     shared    buffers     cached
Mem:          992M       913M        78M         0B       872K        17M
-/+ buffers/cache:       894M        97M
Swap:         8.0G       447M       7.6G

             total       used       free     shared    buffers     cached
Mem:          992M       915M        76M         0B       872K        17M
-/+ buffers/cache:       897M        95M
Swap:         8.0G       446M       7.6G

             total       used       free     shared    buffers     cached
Mem:          992M       917M        74M         0B       872K        17M
-/+ buffers/cache:       898M        93M
Swap:         8.0G       445M       7.6G

             total       used       free     shared    buffers     cached
Mem:          992M       919M        73M         0B       872K        17M
-/+ buffers/cache:       900M        91M
Swap:         8.0G       445M       7.6G

             total       used       free     shared    buffers     cached
Mem:          992M       920M        71M         0B       880K        17M
-/+ buffers/cache:       902M        89M
Swap:         8.0G       444M       7.6G

             total       used       free     shared    buffers     cached
Mem:          992M       923M        68M         0B       880K        17M
-/+ buffers/cache:       904M        87M
Swap:         8.0G       442M       7.6G

             total       used       free     shared    buffers     cached
Mem:          992M       924M        67M         0B       880K        17M
-/+ buffers/cache:       906M        86M
Swap:         8.0G       442M       7.6G

             total       used       free     shared    buffers     cached
Mem:          992M       925M        67M         0B       884K        18M
-/+ buffers/cache:       906M        86M
Swap:         8.0G       442M       7.6G

             total       used       free     shared    buffers     cached
Mem:          992M       916M        75M        52K       308K        29M
-/+ buffers/cache:       886M       105M
Swap:         8.0G       453M       7.6G

             total       used       free     shared    buffers     cached
Mem:          992M       914M        77M        40K       312K        33M
-/+ buffers/cache:       880M       111M
Swap:         8.0G       453M       7.6G

             total       used       free     shared    buffers     cached
Mem:          992M       916M        76M        40K       760K        33M
-/+ buffers/cache:       882M       109M
Swap:         8.0G       452M       7.6G

             total       used       free     shared    buffers     cached
Mem:          992M       917M        74M        40K       764K        33M
-/+ buffers/cache:       883M       108M
Swap:         8.0G       452M       7.6G

             total       used       free     shared    buffers     cached
Mem:          992M       918M        73M        40K       764K        33M
-/+ buffers/cache:       884M       107M
Swap:         8.0G       451M       7.6G

             total       used       free     shared    buffers     cached
Mem:          992M       921M        70M        40K       1.0M        33M
-/+ buffers/cache:       886M       105M
Swap:         8.0G       450M       7.6G

             total       used       free     shared    buffers     cached
Mem:          992M       923M        68M        40K       1.0M        33M
-/+ buffers/cache:       888M       103M
Swap:         8.0G       450M       7.6G

             total       used       free     shared    buffers     cached
Mem:          992M       901M        90M        40K       1.0M        33M
-/+ buffers/cache:       867M       124M
Swap:         8.0G       489M       7.5G

             total       used       free     shared    buffers     cached
Mem:          992M       902M        89M        40K       1.0M        33M
-/+ buffers/cache:       868M       123M
Swap:         8.0G       489M       7.5G

             total       used       free     shared    buffers     cached
Mem:          992M       903M        88M        40K       1.0M        33M
-/+ buffers/cache:       869M       122M
Swap:         8.0G       488M       7.5G

             total       used       free     shared    buffers     cached
Mem:          992M       904M        87M        40K       1.0M        33M
-/+ buffers/cache:       870M       121M
Swap:         8.0G       488M       7.5G

             total       used       free     shared    buffers     cached
Mem:          992M       905M        86M        40K       1.0M        33M
-/+ buffers/cache:       871M       121M
Swap:         8.0G       487M       7.5G

             total       used       free     shared    buffers     cached
Mem:          992M       906M        85M        40K       1.0M        33M
-/+ buffers/cache:       872M       119M
Swap:         8.0G       487M       7.5G

             total       used       free     shared    buffers     cached
Mem:          992M       907M        84M        40K       1.0M        33M
-/+ buffers/cache:       873M       118M
Swap:         8.0G       486M       7.5G

             total       used       free     shared    buffers     cached
Mem:          992M       908M        83M        40K       1.0M        33M
-/+ buffers/cache:       874M       117M
Swap:         8.0G       486M       7.5G

             total       used       free     shared    buffers     cached
Mem:          992M       910M        82M        40K       1.0M        33M
-/+ buffers/cache:       875M       116M
Swap:         8.0G       485M       7.5G

             total       used       free     shared    buffers     cached
Mem:          992M       911M        80M        40K       1.0M        33M
-/+ buffers/cache:       877M       115M
Swap:         8.0G       485M       7.5G

             total       used       free     shared    buffers     cached
Mem:          992M       912M        79M        40K       1.1M        33M
-/+ buffers/cache:       877M       114M
Swap:         8.0G       484M       7.5G

             total       used       free     shared    buffers     cached
Mem:          992M       913M        78M        40K       1.1M        33M
-/+ buffers/cache:       878M       113M
Swap:         8.0G       484M       7.5G

             total       used       free     shared    buffers     cached
Mem:          992M       914M        77M        40K       1.1M        33M
-/+ buffers/cache:       879M       112M
Swap:         8.0G       484M       7.5G

             total       used       free     shared    buffers     cached
Mem:          992M       915M        77M        40K       1.1M        33M
-/+ buffers/cache:       880M       111M
Swap:         8.0G       483M       7.5G

             total       used       free     shared    buffers     cached
Mem:          992M       916M        75M        40K       1.1M        33M
-/+ buffers/cache:       882M       109M
Swap:         8.0G       482M       7.5G

             total       used       free     shared    buffers     cached
Mem:          992M       917M        74M        40K       1.1M        33M
-/+ buffers/cache:       883M       108M
Swap:         8.0G       482M       7.5G

             total       used       free     shared    buffers     cached
Mem:          992M       918M        73M        40K       1.1M        33M
-/+ buffers/cache:       884M       107M
Swap:         8.0G       481M       7.5G

             total       used       free     shared    buffers     cached
Mem:          992M       920M        72M        40K       1.1M        33M
-/+ buffers/cache:       885M       106M
Swap:         8.0G       481M       7.5G

             total       used       free     shared    buffers     cached
Mem:          992M       921M        70M        40K       1.1M        33M
-/+ buffers/cache:       886M       105M
Swap:         8.0G       480M       7.5G

             total       used       free     shared    buffers     cached
Mem:          992M       922M        69M        40K       1.1M        33M
-/+ buffers/cache:       888M       103M
Swap:         8.0G       480M       7.5G

             total       used       free     shared    buffers     cached
Mem:          992M       924M        68M        40K       1.1M        33M
-/+ buffers/cache:       889M       102M
Swap:         8.0G       479M       7.5G

             total       used       free     shared    buffers     cached
Mem:          992M       925M        66M        40K       1.1M        33M
-/+ buffers/cache:       891M       101M
Swap:         8.0G       478M       7.5G

             total       used       free     shared    buffers     cached
Mem:          992M       913M        78M        40K       1.1M        33M
-/+ buffers/cache:       879M       112M
Swap:         8.0G       478M       7.5G

             total       used       free     shared    buffers     cached
Mem:          992M       915M        76M       196K       1.2M        34M
-/+ buffers/cache:       880M       111M
Swap:         8.0G       477M       7.5G

             total       used       free     shared    buffers     cached
Mem:          992M       916M        75M       180K       1.2M        33M
-/+ buffers/cache:       881M       111M
Swap:         8.0G       477M       7.5G

             total       used       free     shared    buffers     cached
Mem:          992M       917M        74M       180K       1.2M        34M
-/+ buffers/cache:       882M       109M
Swap:         8.0G       477M       7.5G

             total       used       free     shared    buffers     cached
Mem:          992M       918M        73M       180K       1.2M        33M
-/+ buffers/cache:       883M       108M
Swap:         8.0G       476M       7.5G

             total       used       free     shared    buffers     cached
Mem:          992M       919M        72M       180K       1.2M        33M
-/+ buffers/cache:       884M       107M
Swap:         8.0G       476M       7.5G

             total       used       free     shared    buffers     cached
Mem:          992M       920M        71M       180K       1.2M        33M
-/+ buffers/cache:       885M       106M
Swap:         8.0G       475M       7.5G

             total       used       free     shared    buffers     cached
Mem:          992M       922M        69M       180K       1.2M        33M
-/+ buffers/cache:       887M       105M
Swap:         8.0G       475M       7.5G

             total       used       free     shared    buffers     cached
Mem:          992M       923M        68M       180K       1.2M        33M
-/+ buffers/cache:       888M       103M
Swap:         8.0G       474M       7.5G

             total       used       free     shared    buffers     cached
Mem:          992M       924M        67M       180K       1.2M        33M
-/+ buffers/cache:       889M       102M
Swap:         8.0G       474M       7.5G

             total       used       free     shared    buffers     cached
Mem:          992M       912M        80M       180K       1.2M        32M
-/+ buffers/cache:       878M       114M
Swap:         8.0G       493M       7.5G

             total       used       free     shared    buffers     cached
Mem:          992M       913M        79M       180K       1.2M        32M
-/+ buffers/cache:       879M       112M
Swap:         8.0G       493M       7.5G

             total       used       free     shared    buffers     cached
Mem:          992M       914M        77M       180K       1.2M        32M
-/+ buffers/cache:       880M       111M
Swap:         8.0G       492M       7.5G

             total       used       free     shared    buffers     cached
Mem:          992M       915M        76M       180K       1.2M        32M
-/+ buffers/cache:       881M       110M
Swap:         8.0G       492M       7.5G

             total       used       free     shared    buffers     cached
Mem:          992M       917M        75M       180K       1.2M        32M
-/+ buffers/cache:       883M       109M
Swap:         8.0G       491M       7.5G

             total       used       free     shared    buffers     cached
Mem:          992M       918M        74M       180K       1.2M        32M
-/+ buffers/cache:       884M       108M
Swap:         8.0G       491M       7.5G

             total       used       free     shared    buffers     cached
Mem:          992M       919M        72M       180K       1.2M        32M
-/+ buffers/cache:       885M       106M
Swap:         8.0G       490M       7.5G

             total       used       free     shared    buffers     cached
Mem:          992M       920M        71M       180K       1.2M        32M
-/+ buffers/cache:       887M       105M
Swap:         8.0G       489M       7.5G

             total       used       free     shared    buffers     cached
Mem:          992M       922M        69M       180K       1.2M        32M
-/+ buffers/cache:       888M       103M
Swap:         8.0G       489M       7.5G

             total       used       free     shared    buffers     cached
Mem:          992M       923M        68M       180K       1.2M        32M
-/+ buffers/cache:       889M       102M
Swap:         8.0G       488M       7.5G

             total       used       free     shared    buffers     cached
Mem:          992M       924M        67M       180K       1.2M        32M
-/+ buffers/cache:       890M       101M
Swap:         8.0G       488M       7.5G

             total       used       free     shared    buffers     cached
Mem:          992M       914M        77M       180K       1.2M        32M
-/+ buffers/cache:       881M       111M
Swap:         8.0G       491M       7.5G

             total       used       free     shared    buffers     cached
Mem:          992M       915M        76M       180K       1.2M        32M
-/+ buffers/cache:       882M       109M
Swap:         8.0G       491M       7.5G

             total       used       free     shared    buffers     cached
Mem:          992M       917M        75M       180K       1.2M        32M
-/+ buffers/cache:       883M       108M
Swap:         8.0G       490M       7.5G

             total       used       free     shared    buffers     cached
Mem:          992M       918M        73M       180K       1.2M        32M
-/+ buffers/cache:       885M       107M
Swap:         8.0G       490M       7.5G

             total       used       free     shared    buffers     cached
Mem:          992M       919M        72M       180K       1.2M        32M
-/+ buffers/cache:       886M       105M
Swap:         8.0G       489M       7.5G

             total       used       free     shared    buffers     cached
Mem:          992M       921M        70M       180K       1.2M        32M
-/+ buffers/cache:       888M       104M
Swap:         8.0G       488M       7.5G

             total       used       free     shared    buffers     cached
Mem:          992M       922M        69M       180K       1.2M        32M
-/+ buffers/cache:       889M       102M
Swap:         8.0G       488M       7.5G

             total       used       free     shared    buffers     cached
Mem:          992M       924M        67M       180K       1.2M        32M
-/+ buffers/cache:       890M       101M
Swap:         8.0G       487M       7.5G

             total       used       free     shared    buffers     cached
Mem:          992M       912M        79M       180K       1.2M        31M
-/+ buffers/cache:       880M       111M
Swap:         8.0G       499M       7.5G

             total       used       free     shared    buffers     cached
Mem:          992M       914M        78M       180K       1.2M        31M
-/+ buffers/cache:       881M       110M
Swap:         8.0G       498M       7.5G

             total       used       free     shared    buffers     cached
Mem:          992M       914M        77M       180K       1.2M        31M
-/+ buffers/cache:       882M       109M
Swap:         8.0G       498M       7.5G

             total       used       free     shared    buffers     cached
Mem:          992M       916M        76M       180K       1.2M        31M
-/+ buffers/cache:       883M       108M
Swap:         8.0G       497M       7.5G

             total       used       free     shared    buffers     cached
Mem:          992M       917M        74M       180K       1.2M        31M
-/+ buffers/cache:       885M       107M
Swap:         8.0G       497M       7.5G

             total       used       free     shared    buffers     cached
Mem:          992M       918M        73M       180K       1.2M        31M
-/+ buffers/cache:       886M       105M
Swap:         8.0G       496M       7.5G

             total       used       free     shared    buffers     cached
Mem:          992M       921M        70M       180K       1.3M        32M
-/+ buffers/cache:       888M       103M
Swap:         8.0G       495M       7.5G

             total       used       free     shared    buffers     cached
Mem:          992M       923M        69M       184K       1.3M        31M
-/+ buffers/cache:       889M       102M
Swap:         8.0G       494M       7.5G

             total       used       free     shared    buffers     cached
Mem:          992M       924M        67M       184K       1.4M        32M
-/+ buffers/cache:       891M       101M
Swap:         8.0G       494M       7.5G

             total       used       free     shared    buffers     cached
Mem:          992M       914M        77M       184K       1.4M        32M
-/+ buffers/cache:       880M       111M
Swap:         8.0G       501M       7.5G

             total       used       free     shared    buffers     cached
Mem:          992M       916M        75M       184K       1.4M        32M
-/+ buffers/cache:       882M       109M
Swap:         8.0G       500M       7.5G

             total       used       free     shared    buffers     cached
Mem:          992M       923M        68M       184K       1.4M        35M
-/+ buffers/cache:       887M       104M
Swap:         8.0G       498M       7.5G

             total       used       free     shared    buffers     cached
Mem:          992M       924M        67M       184K       1.4M        35M
-/+ buffers/cache:       888M       104M
Swap:         8.0G       497M       7.5G

             total       used       free     shared    buffers     cached
Mem:          992M       925M        66M       184K       1.4M        35M
-/+ buffers/cache:       889M       103M
Swap:         8.0G       497M       7.5G

             total       used       free     shared    buffers     cached
Mem:          992M       911M        80M       184K       1.3M        32M
-/+ buffers/cache:       877M       114M
Swap:         8.0G       522M       7.5G

             total       used       free     shared    buffers     cached
Mem:          992M       912M        79M       184K       1.3M        32M
-/+ buffers/cache:       878M       113M
Swap:         8.0G       522M       7.5G

             total       used       free     shared    buffers     cached
Mem:          992M       913M        78M       184K       1.3M        32M
-/+ buffers/cache:       879M       112M
Swap:         8.0G       522M       7.5G

             total       used       free     shared    buffers     cached
Mem:          992M       913M        78M       184K       1.3M        32M
-/+ buffers/cache:       879M       112M
Swap:         8.0G       521M       7.5G

             total       used       free     shared    buffers     cached
Mem:          992M       914M        77M       184K       1.3M        32M
-/+ buffers/cache:       880M       111M
Swap:         8.0G       521M       7.5G

             total       used       free     shared    buffers     cached
Mem:          992M       915M        76M       184K       1.3M        32M
-/+ buffers/cache:       881M       110M
Swap:         8.0G       521M       7.5G

             total       used       free     shared    buffers     cached
Mem:          992M       916M        76M       184K       1.3M        32M
-/+ buffers/cache:       882M       110M
Swap:         8.0G       520M       7.5G

             total       used       free     shared    buffers     cached
Mem:          992M       918M        74M       184K       1.3M        33M
-/+ buffers/cache:       883M       108M
Swap:         8.0G       520M       7.5G

             total       used       free     shared    buffers     cached
Mem:          992M       915M        76M       3.9M       3.5M        54M
-/+ buffers/cache:       857M       134M
Swap:         8.0G       542M       7.5G

             total       used       free     shared    buffers     cached
Mem:          992M       908M        84M       292K       4.7M        62M
-/+ buffers/cache:       841M       150M
Swap:         8.0G       564M       7.4G

             total       used       free     shared    buffers     cached
Mem:          992M       924M        67M       296K       5.0M        66M
-/+ buffers/cache:       852M       139M
Swap:         8.0G       558M       7.5G

             total       used       free     shared    buffers     cached
Mem:          992M       925M        66M       308K       5.0M        66M
-/+ buffers/cache:       853M       138M
Swap:         8.0G       558M       7.5G

             total       used       free     shared    buffers     cached
Mem:          992M       904M        87M       308K       3.9M        62M
-/+ buffers/cache:       838M       153M
Swap:         8.0G       578M       7.4G

             total       used       free     shared    buffers     cached
Mem:          992M       905M        86M       308K       3.9M        62M
-/+ buffers/cache:       839M       152M
Swap:         8.0G       577M       7.4G

             total       used       free     shared    buffers     cached
Mem:          992M       907M        84M       308K       3.9M        62M
-/+ buffers/cache:       841M       150M
Swap:         8.0G       576M       7.4G

             total       used       free     shared    buffers     cached
Mem:          992M       908M        83M       308K       3.9M        62M
-/+ buffers/cache:       842M       149M
Swap:         8.0G       576M       7.4G

             total       used       free     shared    buffers     cached
Mem:          992M       911M        80M       308K       4.1M        62M
-/+ buffers/cache:       844M       147M
Swap:         8.0G       575M       7.4G

             total       used       free     shared    buffers     cached
Mem:          992M       912M        79M       308K       4.1M        62M
-/+ buffers/cache:       845M       146M
Swap:         8.0G       575M       7.4G

             total       used       free     shared    buffers     cached
Mem:          992M       913M        78M       308K       4.1M        62M
-/+ buffers/cache:       846M       145M
Swap:         8.0G       574M       7.4G

             total       used       free     shared    buffers     cached
Mem:          992M       915M        76M       308K       4.1M        62M
-/+ buffers/cache:       848M       143M
Swap:         8.0G       573M       7.4G

             total       used       free     shared    buffers     cached
Mem:          992M       916M        75M       308K       4.1M        62M
-/+ buffers/cache:       849M       142M
Swap:         8.0G       573M       7.4G

             total       used       free     shared    buffers     cached
Mem:          992M       918M        73M       308K       4.1M        62M
-/+ buffers/cache:       851M       140M
Swap:         8.0G       572M       7.4G

             total       used       free     shared    buffers     cached
Mem:          992M       919M        72M       308K       4.1M        62M
-/+ buffers/cache:       852M       139M
Swap:         8.0G       571M       7.4G

             total       used       free     shared    buffers     cached
Mem:          992M       921M        71M       308K       4.1M        62M
-/+ buffers/cache:       854M       138M
Swap:         8.0G       571M       7.4G

             total       used       free     shared    buffers     cached
Mem:          992M       922M        69M       308K       4.1M        62M
-/+ buffers/cache:       855M       136M
Swap:         8.0G       570M       7.4G

             total       used       free     shared    buffers     cached
Mem:          992M       923M        68M       308K       4.1M        62M
-/+ buffers/cache:       856M       135M
Swap:         8.0G       569M       7.4G

             total       used       free     shared    buffers     cached
Mem:          992M       925M        67M       308K       4.1M        62M
-/+ buffers/cache:       858M       134M
Swap:         8.0G       569M       7.4G

             total       used       free     shared    buffers     cached
Mem:          992M       914M        77M       308K       4.1M        62M
-/+ buffers/cache:       847M       144M
Swap:         8.0G       568M       7.4G

             total       used       free     shared    buffers     cached
Mem:          992M       916M        76M       308K       4.1M        62M
-/+ buffers/cache:       849M       142M
Swap:         8.0G       567M       7.4G

             total       used       free     shared    buffers     cached
Mem:          992M       917M        74M       308K       4.1M        62M
-/+ buffers/cache:       850M       141M
Swap:         8.0G       567M       7.4G

             total       used       free     shared    buffers     cached
Mem:          992M       919M        72M       308K       4.1M        62M
-/+ buffers/cache:       852M       139M
Swap:         8.0G       566M       7.4G

             total       used       free     shared    buffers     cached
Mem:          992M       920M        71M       308K       4.1M        62M
-/+ buffers/cache:       854M       138M
Swap:         8.0G       565M       7.4G

             total       used       free     shared    buffers     cached
Mem:          992M       922M        69M       308K       4.1M        62M
-/+ buffers/cache:       855M       136M
Swap:         8.0G       565M       7.4G

             total       used       free     shared    buffers     cached
Mem:          992M       924M        68M       308K       4.1M        62M
-/+ buffers/cache:       857M       135M
Swap:         8.0G       564M       7.4G

             total       used       free     shared    buffers     cached
Mem:          992M       905M        86M       308K       4.1M        61M
-/+ buffers/cache:       840M       151M
Swap:         8.0G       576M       7.4G

             total       used       free     shared    buffers     cached
Mem:          992M       906M        85M       308K       4.1M        61M
-/+ buffers/cache:       841M       150M
Swap:         8.0G       575M       7.4G

             total       used       free     shared    buffers     cached
Mem:          992M       907M        84M       308K       4.1M        61M
-/+ buffers/cache:       842M       149M
Swap:         8.0G       575M       7.4G

             total       used       free     shared    buffers     cached
Mem:          992M       909M        83M       308K       4.1M        61M
-/+ buffers/cache:       844M       148M
Swap:         8.0G       574M       7.4G

             total       used       free     shared    buffers     cached
Mem:          992M       910M        81M       308K       4.1M        61M
-/+ buffers/cache:       845M       146M
Swap:         8.0G       573M       7.4G

             total       used       free     shared    buffers     cached
Mem:          992M       911M        80M       308K       4.1M        61M
-/+ buffers/cache:       846M       145M
Swap:         8.0G       573M       7.4G

             total       used       free     shared    buffers     cached
Mem:          992M       913M        79M       308K       4.1M        61M
-/+ buffers/cache:       847M       144M
Swap:         8.0G       572M       7.4G

             total       used       free     shared    buffers     cached
Mem:          992M       914M        77M       308K       4.1M        61M
-/+ buffers/cache:       849M       142M
Swap:         8.0G       571M       7.4G

             total       used       free     shared    buffers     cached
Mem:          992M       916M        76M       308K       4.1M        61M
-/+ buffers/cache:       850M       141M
Swap:         8.0G       570M       7.4G

             total       used       free     shared    buffers     cached
Mem:          992M       917M        74M       308K       4.1M        61M
-/+ buffers/cache:       852M       139M
Swap:         8.0G       570M       7.4G

             total       used       free     shared    buffers     cached
Mem:          992M       918M        73M       308K       4.1M        61M
-/+ buffers/cache:       853M       138M
Swap:         8.0G       569M       7.4G

             total       used       free     shared    buffers     cached
Mem:          992M       920M        72M       308K       4.1M        61M
-/+ buffers/cache:       854M       137M
Swap:         8.0G       568M       7.4G

             total       used       free     shared    buffers     cached
Mem:          992M       921M        70M       308K       4.1M        61M
-/+ buffers/cache:       856M       135M
Swap:         8.0G       567M       7.4G

             total       used       free     shared    buffers     cached
Mem:          992M       923M        68M       308K       4.1M        61M
-/+ buffers/cache:       858M       134M
Swap:         8.0G       567M       7.4G

             total       used       free     shared    buffers     cached
Mem:          992M       904M        87M       308K       5.1M        60M
-/+ buffers/cache:       838M       153M
Swap:         8.0G       590M       7.4G

             total       used       free     shared    buffers     cached
Mem:          992M       905M        86M       308K       5.1M        60M
-/+ buffers/cache:       839M       152M
Swap:         8.0G       589M       7.4G

             total       used       free     shared    buffers     cached
Mem:          992M       907M        84M       308K       5.1M        60M
-/+ buffers/cache:       841M       150M
Swap:         8.0G       589M       7.4G

             total       used       free     shared    buffers     cached
Mem:          992M       908M        83M       308K       5.1M        60M
-/+ buffers/cache:       842M       149M
Swap:         8.0G       588M       7.4G

             total       used       free     shared    buffers     cached
Mem:          992M       910M        82M       308K       5.1M        60M
-/+ buffers/cache:       844M       148M
Swap:         8.0G       587M       7.4G

             total       used       free     shared    buffers     cached
Mem:          992M       911M        80M       360K       6.3M        67M
-/+ buffers/cache:       838M       153M
Swap:         8.0G       589M       7.4G

             total       used       free     shared    buffers     cached
Mem:          992M       920M        71M       352K       7.6M        72M
-/+ buffers/cache:       840M       151M
Swap:         8.0G       591M       7.4G
