             total       used       free     shared    buffers     cached
Mem:          992M       657M       334M       3.2M        38M       289M
-/+ buffers/cache:       329M       662M
Swap:         8.0G         0B       8.0G

             total       used       free     shared    buffers     cached
Mem:          992M       656M       335M       3.2M        38M       289M
-/+ buffers/cache:       328M       663M
Swap:         8.0G         0B       8.0G

             total       used       free     shared    buffers     cached
Mem:          992M       656M       335M       3.2M        38M       289M
-/+ buffers/cache:       328M       663M
Swap:         8.0G         0B       8.0G

             total       used       free     shared    buffers     cached
Mem:          992M       656M       335M       3.2M        38M       289M
-/+ buffers/cache:       328M       663M
Swap:         8.0G         0B       8.0G

             total       used       free     shared    buffers     cached
Mem:          992M       656M       335M       3.2M        38M       289M
-/+ buffers/cache:       328M       663M
Swap:         8.0G         0B       8.0G

             total       used       free     shared    buffers     cached
Mem:          992M       656M       335M       3.2M        38M       289M
-/+ buffers/cache:       328M       663M
Swap:         8.0G         0B       8.0G

             total       used       free     shared    buffers     cached
Mem:          992M       656M       335M       3.2M        38M       289M
-/+ buffers/cache:       328M       663M
Swap:         8.0G         0B       8.0G

             total       used       free     shared    buffers     cached
Mem:          992M       656M       335M       3.2M        38M       289M
-/+ buffers/cache:       328M       664M
Swap:         8.0G         0B       8.0G

             total       used       free     shared    buffers     cached
Mem:          992M       656M       335M       3.2M        38M       289M
-/+ buffers/cache:       327M       664M
Swap:         8.0G         0B       8.0G

             total       used       free     shared    buffers     cached
Mem:          992M       656M       335M       3.2M        38M       289M
-/+ buffers/cache:       327M       664M
Swap:         8.0G         0B       8.0G

             total       used       free     shared    buffers     cached
Mem:          992M       656M       335M       3.2M        38M       289M
-/+ buffers/cache:       327M       664M
Swap:         8.0G         0B       8.0G

             total       used       free     shared    buffers     cached
Mem:          992M       662M       329M       3.2M        38M       290M
-/+ buffers/cache:       333M       659M
Swap:         8.0G         0B       8.0G

             total       used       free     shared    buffers     cached
Mem:          992M       679M       312M       3.2M        38M       290M
-/+ buffers/cache:       350M       641M
Swap:         8.0G         0B       8.0G

             total       used       free     shared    buffers     cached
Mem:          992M       665M       326M       3.2M        38M       291M
-/+ buffers/cache:       336M       656M
Swap:         8.0G         0B       8.0G

             total       used       free     shared    buffers     cached
Mem:          992M       665M       326M       3.2M        38M       291M
-/+ buffers/cache:       335M       656M
Swap:         8.0G         0B       8.0G

             total       used       free     shared    buffers     cached
Mem:          992M       666M       325M       3.2M        38M       291M
-/+ buffers/cache:       336M       656M
Swap:         8.0G         0B       8.0G

             total       used       free     shared    buffers     cached
Mem:          992M       666M       325M       3.2M        38M       291M
-/+ buffers/cache:       336M       656M
Swap:         8.0G         0B       8.0G

             total       used       free     shared    buffers     cached
Mem:          992M       666M       325M       3.2M        38M       291M
-/+ buffers/cache:       336M       656M
Swap:         8.0G         0B       8.0G

             total       used       free     shared    buffers     cached
Mem:          992M       666M       325M       3.2M        38M       291M
-/+ buffers/cache:       336M       656M
Swap:         8.0G         0B       8.0G

             total       used       free     shared    buffers     cached
Mem:          992M       666M       325M       3.2M        38M       291M
-/+ buffers/cache:       336M       656M
Swap:         8.0G         0B       8.0G

             total       used       free     shared    buffers     cached
Mem:          992M       666M       325M       3.2M        38M       291M
-/+ buffers/cache:       336M       656M
Swap:         8.0G         0B       8.0G

             total       used       free     shared    buffers     cached
Mem:          992M       666M       325M       3.2M        38M       291M
-/+ buffers/cache:       336M       656M
Swap:         8.0G         0B       8.0G

             total       used       free     shared    buffers     cached
Mem:          992M       666M       325M       3.2M        38M       291M
-/+ buffers/cache:       336M       656M
Swap:         8.0G         0B       8.0G

             total       used       free     shared    buffers     cached
Mem:          992M       666M       325M       3.2M        38M       291M
-/+ buffers/cache:       336M       656M
Swap:         8.0G         0B       8.0G

             total       used       free     shared    buffers     cached
Mem:          992M       666M       325M       3.2M        38M       291M
-/+ buffers/cache:       336M       656M
Swap:         8.0G         0B       8.0G

             total       used       free     shared    buffers     cached
Mem:          992M       666M       325M       3.2M        38M       291M
-/+ buffers/cache:       336M       656M
Swap:         8.0G         0B       8.0G

             total       used       free     shared    buffers     cached
Mem:          992M       666M       325M       3.2M        38M       291M
-/+ buffers/cache:       336M       656M
Swap:         8.0G         0B       8.0G

             total       used       free     shared    buffers     cached
Mem:          992M       666M       325M       3.2M        38M       291M
-/+ buffers/cache:       336M       656M
Swap:         8.0G         0B       8.0G

             total       used       free     shared    buffers     cached
Mem:          992M       666M       325M       3.2M        38M       291M
-/+ buffers/cache:       336M       656M
Swap:         8.0G         0B       8.0G

             total       used       free     shared    buffers     cached
Mem:          992M       666M       325M       3.2M        38M       291M
-/+ buffers/cache:       336M       656M
Swap:         8.0G         0B       8.0G

             total       used       free     shared    buffers     cached
Mem:          992M       666M       325M       3.2M        38M       291M
-/+ buffers/cache:       336M       656M
Swap:         8.0G         0B       8.0G

             total       used       free     shared    buffers     cached
Mem:          992M       666M       325M       3.2M        38M       291M
-/+ buffers/cache:       336M       656M
Swap:         8.0G         0B       8.0G

             total       used       free     shared    buffers     cached
Mem:          992M       666M       325M       3.2M        38M       291M
-/+ buffers/cache:       336M       656M
Swap:         8.0G         0B       8.0G

             total       used       free     shared    buffers     cached
Mem:          992M       674M       317M       3.2M        38M       291M
-/+ buffers/cache:       344M       647M
Swap:         8.0G         0B       8.0G

             total       used       free     shared    buffers     cached
Mem:          992M       693M       298M       3.2M        38M       291M
-/+ buffers/cache:       362M       629M
Swap:         8.0G         0B       8.0G

             total       used       free     shared    buffers     cached
Mem:          992M       709M       282M       3.2M        38M       291M
-/+ buffers/cache:       379M       612M
Swap:         8.0G         0B       8.0G

             total       used       free     shared    buffers     cached
Mem:          992M       724M       267M       3.2M        38M       291M
-/+ buffers/cache:       394M       597M
Swap:         8.0G         0B       8.0G

             total       used       free     shared    buffers     cached
Mem:          992M       742M       249M       3.2M        38M       291M
-/+ buffers/cache:       412M       579M
Swap:         8.0G         0B       8.0G

             total       used       free     shared    buffers     cached
Mem:          992M       760M       231M       3.2M        38M       291M
-/+ buffers/cache:       430M       561M
Swap:         8.0G         0B       8.0G

             total       used       free     shared    buffers     cached
Mem:          992M       777M       214M       3.2M        38M       291M
-/+ buffers/cache:       447M       544M
Swap:         8.0G         0B       8.0G

             total       used       free     shared    buffers     cached
Mem:          992M       792M       199M       3.2M        38M       291M
-/+ buffers/cache:       462M       530M
Swap:         8.0G         0B       8.0G

             total       used       free     shared    buffers     cached
Mem:          992M       810M       181M       3.2M        38M       291M
-/+ buffers/cache:       480M       512M
Swap:         8.0G         0B       8.0G

             total       used       free     shared    buffers     cached
Mem:          992M       827M       164M       3.2M        38M       291M
-/+ buffers/cache:       497M       495M
Swap:         8.0G         0B       8.0G

             total       used       free     shared    buffers     cached
Mem:          992M       847M       144M       3.2M        38M       291M
-/+ buffers/cache:       517M       475M
Swap:         8.0G         0B       8.0G

             total       used       free     shared    buffers     cached
Mem:          992M       863M       128M       3.2M        38M       291M
-/+ buffers/cache:       533M       459M
Swap:         8.0G         0B       8.0G

             total       used       free     shared    buffers     cached
Mem:          992M       881M       110M       3.2M        38M       291M
-/+ buffers/cache:       551M       441M
Swap:         8.0G         0B       8.0G

             total       used       free     shared    buffers     cached
Mem:          992M       896M        95M       3.2M        38M       291M
-/+ buffers/cache:       566M       425M
Swap:         8.0G         0B       8.0G

             total       used       free     shared    buffers     cached
Mem:          992M       915M        76M       3.2M        38M       291M
-/+ buffers/cache:       585M       406M
Swap:         8.0G         0B       8.0G

             total       used       free     shared    buffers     cached
Mem:          992M       931M        60M       3.2M        38M       291M
-/+ buffers/cache:       601M       391M
Swap:         8.0G         0B       8.0G

             total       used       free     shared    buffers     cached
Mem:          992M       924M        67M       3.2M        14M       290M
-/+ buffers/cache:       619M       372M
Swap:         8.0G         0B       8.0G

             total       used       free     shared    buffers     cached
Mem:          992M       927M        64M       3.2M        10M       279M
-/+ buffers/cache:       637M       354M
Swap:         8.0G         0B       8.0G

             total       used       free     shared    buffers     cached
Mem:          992M       929M        62M       3.1M       9.7M       264M
-/+ buffers/cache:       655M       336M
Swap:         8.0G       168K       8.0G

             total       used       free     shared    buffers     cached
Mem:          992M       928M        63M       3.1M       9.7M       245M
-/+ buffers/cache:       673M       318M
Swap:         8.0G       168K       8.0G

             total       used       free     shared    buffers     cached
Mem:          992M       929M        62M       3.0M       9.7M       231M
-/+ buffers/cache:       688M       304M
Swap:         8.0G       5.9M       8.0G

             total       used       free     shared    buffers     cached
Mem:          992M       920M        71M       3.0M       9.7M       211M
-/+ buffers/cache:       699M       292M
Swap:         8.0G       7.5M       8.0G

             total       used       free     shared    buffers     cached
Mem:          992M       920M        71M       3.0M       2.5M       201M
-/+ buffers/cache:       716M       275M
Swap:         8.0G       7.5M       8.0G

             total       used       free     shared    buffers     cached
Mem:          992M       919M        72M       3.0M       1.1M       186M
-/+ buffers/cache:       732M       259M
Swap:         8.0G       7.5M       8.0G

             total       used       free     shared    buffers     cached
Mem:          992M       914M        78M       3.0M       224K       164M
-/+ buffers/cache:       749M       243M
Swap:         8.0G       7.5M       8.0G

             total       used       free     shared    buffers     cached
Mem:          992M       930M        61M       3.0M       228K       164M
-/+ buffers/cache:       765M       227M
Swap:         8.0G       7.5M       8.0G

             total       used       free     shared    buffers     cached
Mem:          992M       922M        69M       3.0M       236K       145M
-/+ buffers/cache:       777M       215M
Swap:         8.0G       7.5M       8.0G

             total       used       free     shared    buffers     cached
Mem:          992M       914M        77M       3.0M        84K       128M
-/+ buffers/cache:       786M       206M
Swap:         8.0G       7.5M       8.0G

             total       used       free     shared    buffers     cached
Mem:          992M       929M        62M       3.0M        96K       128M
-/+ buffers/cache:       800M       191M
Swap:         8.0G       7.5M       8.0G

             total       used       free     shared    buffers     cached
Mem:          992M       928M        64M       3.0M        96K       113M
-/+ buffers/cache:       814M       177M
Swap:         8.0G       7.5M       8.0G

             total       used       free     shared    buffers     cached
Mem:          992M       928M        64M       3.0M        96K        99M
-/+ buffers/cache:       827M       164M
Swap:         8.0G       7.5M       8.0G

             total       used       free     shared    buffers     cached
Mem:          992M       919M        73M       3.0M        96K        77M
-/+ buffers/cache:       841M       150M
Swap:         8.0G       7.5M       8.0G

             total       used       free     shared    buffers     cached
Mem:          992M       918M        73M       3.0M        96K        60M
-/+ buffers/cache:       857M       134M
Swap:         8.0G       7.5M       8.0G

             total       used       free     shared    buffers     cached
Mem:          992M       920M        72M       3.0M        96K        47M
-/+ buffers/cache:       872M       119M
Swap:         8.0G       7.5M       8.0G

             total       used       free     shared    buffers     cached
Mem:          992M       915M        76M       3.0M       520K        28M
-/+ buffers/cache:       886M       105M
Swap:         8.0G       7.5M       8.0G

             total       used       free     shared    buffers     cached
Mem:          992M       926M        65M       3.0M       520K        23M
-/+ buffers/cache:       903M        88M
Swap:         8.0G       7.5M       8.0G

             total       used       free     shared    buffers     cached
Mem:          992M       923M        68M       3.0M       460K       7.8M
-/+ buffers/cache:       915M        76M
Swap:         8.0G       7.5M       8.0G

             total       used       free     shared    buffers     cached
Mem:          992M       923M        68M       2.8M       468K       7.1M
-/+ buffers/cache:       915M        76M
Swap:         8.0G        24M       8.0G

             total       used       free     shared    buffers     cached
Mem:          992M       912M        79M       2.5M       2.7M        15M
-/+ buffers/cache:       894M        97M
Swap:         8.0G        64M       7.9G

             total       used       free     shared    buffers     cached
Mem:          992M       926M        65M       2.5M       2.7M        16M
-/+ buffers/cache:       907M        84M
Swap:         8.0G        63M       7.9G

             total       used       free     shared    buffers     cached
Mem:          992M       922M        69M       2.5M       2.7M        14M
-/+ buffers/cache:       904M        87M
Swap:         8.0G        88M       7.9G

             total       used       free     shared    buffers     cached
Mem:          992M       923M        68M       2.4M       2.7M        14M
-/+ buffers/cache:       905M        86M
Swap:         8.0G        88M       7.9G

             total       used       free     shared    buffers     cached
Mem:          992M       921M        71M       2.4M       2.7M        14M
-/+ buffers/cache:       904M        87M
Swap:         8.0G       122M       7.9G

             total       used       free     shared    buffers     cached
Mem:          992M       921M        70M       2.4M       2.3M        13M
-/+ buffers/cache:       905M        86M
Swap:         8.0G       122M       7.9G

             total       used       free     shared    buffers     cached
Mem:          992M       922M        69M       2.4M        88K        11M
-/+ buffers/cache:       911M        80M
Swap:         8.0G       134M       7.9G

             total       used       free     shared    buffers     cached
Mem:          992M       922M        69M       2.4M       100K       5.4M
-/+ buffers/cache:       916M        75M
Swap:         8.0G       138M       7.9G

             total       used       free     shared    buffers     cached
Mem:          992M       919M        72M       2.4M       520K       5.1M
-/+ buffers/cache:       914M        78M
Swap:         8.0G       163M       7.8G

             total       used       free     shared    buffers     cached
Mem:          992M       923M        68M       2.4M       520K       5.0M
-/+ buffers/cache:       918M        74M
Swap:         8.0G       176M       7.8G

             total       used       free     shared    buffers     cached
Mem:          992M       922M        70M       2.4M       520K       4.8M
-/+ buffers/cache:       916M        75M
Swap:         8.0G       191M       7.8G

             total       used       free     shared    buffers     cached
Mem:          992M       924M        68M       2.4M       520K       4.8M
-/+ buffers/cache:       918M        73M
Swap:         8.0G       209M       7.8G

             total       used       free     shared    buffers     cached
Mem:          992M       917M        74M       2.4M       528K       4.6M
-/+ buffers/cache:       912M        79M
Swap:         8.0G       227M       7.8G

             total       used       free     shared    buffers     cached
Mem:          992M       914M        77M       2.4M       528K       4.5M
-/+ buffers/cache:       909M        82M
Swap:         8.0G       241M       7.8G

             total       used       free     shared    buffers     cached
Mem:          992M       929M        62M       2.3M       528K       4.5M
-/+ buffers/cache:       924M        67M
Swap:         8.0G       241M       7.8G

             total       used       free     shared    buffers     cached
Mem:          992M       917M        74M       2.3M       528K       4.4M
-/+ buffers/cache:       912M        79M
Swap:         8.0G       266M       7.7G

             total       used       free     shared    buffers     cached
Mem:          992M       925M        66M       2.3M       528K       4.8M
-/+ buffers/cache:       919M        72M
Swap:         8.0G       266M       7.7G

             total       used       free     shared    buffers     cached
Mem:          992M       930M        61M       2.3M       536K       4.8M
-/+ buffers/cache:       925M        66M
Swap:         8.0G       266M       7.7G

             total       used       free     shared    buffers     cached
Mem:          992M       924M        68M       2.3M       524K       4.7M
-/+ buffers/cache:       919M        73M
Swap:         8.0G       274M       7.7G

             total       used       free     shared    buffers     cached
Mem:          992M       930M        62M       2.3M       524K       4.6M
-/+ buffers/cache:       925M        67M
Swap:         8.0G       274M       7.7G

             total       used       free     shared    buffers     cached
Mem:          992M       917M        74M       2.3M       524K       4.5M
-/+ buffers/cache:       912M        79M
Swap:         8.0G       299M       7.7G

             total       used       free     shared    buffers     cached
Mem:          992M       922M        69M       2.3M       524K       4.5M
-/+ buffers/cache:       917M        74M
Swap:         8.0G       299M       7.7G

             total       used       free     shared    buffers     cached
Mem:          992M       926M        65M       2.3M       532K       4.5M
-/+ buffers/cache:       921M        70M
Swap:         8.0G       299M       7.7G

             total       used       free     shared    buffers     cached
Mem:          992M       919M        72M       2.3M       500K       4.2M
-/+ buffers/cache:       914M        77M
Swap:         8.0G       309M       7.7G

             total       used       free     shared    buffers     cached
Mem:          992M       923M        68M       2.3M       500K       4.2M
-/+ buffers/cache:       919M        73M
Swap:         8.0G       309M       7.7G

             total       used       free     shared    buffers     cached
Mem:          992M       928M        63M       2.3M       500K       4.2M
-/+ buffers/cache:       924M        67M
Swap:         8.0G       309M       7.7G

             total       used       free     shared    buffers     cached
Mem:          992M       919M        72M       2.0M       500K       3.8M
-/+ buffers/cache:       915M        76M
Swap:         8.0G       316M       7.7G

             total       used       free     shared    buffers     cached
Mem:          992M       924M        67M       2.0M       500K       3.9M
-/+ buffers/cache:       920M        71M
Swap:         8.0G       316M       7.7G

             total       used       free     shared    buffers     cached
Mem:          992M       929M        63M       2.0M       508K       3.9M
-/+ buffers/cache:       924M        67M
Swap:         8.0G       316M       7.7G

             total       used       free     shared    buffers     cached
Mem:          992M       929M        62M        64K       508K       1.9M
-/+ buffers/cache:       927M        65M
Swap:         8.0G       323M       7.7G

             total       used       free     shared    buffers     cached
Mem:          992M       922M        70M        68K       480K       1.8M
-/+ buffers/cache:       919M        72M
Swap:         8.0G       320M       7.7G

             total       used       free     shared    buffers     cached
Mem:          992M       921M        70M        68K       380K       1.8M
-/+ buffers/cache:       919M        72M
Swap:         8.0G       320M       7.7G

             total       used       free     shared    buffers     cached
Mem:          992M       924M        67M        60K       208K       1.8M
-/+ buffers/cache:       922M        69M
Swap:         8.0G       317M       7.7G

             total       used       free     shared    buffers     cached
Mem:          992M       925M        67M         0B       184K       1.7M
-/+ buffers/cache:       923M        68M
Swap:         8.0G       317M       7.7G

             total       used       free     shared    buffers     cached
Mem:          992M       927M        64M         0B       152K       1.7M
-/+ buffers/cache:       925M        66M
Swap:         8.0G       337M       7.7G

             total       used       free     shared    buffers     cached
Mem:          992M       919M        72M         0B       152K       1.7M
-/+ buffers/cache:       917M        74M
Swap:         8.0G       358M       7.6G

             total       used       free     shared    buffers     cached
Mem:          992M       920M        71M         0B        80K       1.7M
-/+ buffers/cache:       919M        73M
Swap:         8.0G       325M       7.7G

             total       used       free     shared    buffers     cached
Mem:          992M       920M        71M         0B        76K       1.6M
-/+ buffers/cache:       919M        73M
Swap:         8.0G       324M       7.7G

             total       used       free     shared    buffers     cached
Mem:          992M       920M        72M         0B        84K       1.6M
-/+ buffers/cache:       918M        73M
Swap:         8.0G       326M       7.7G

             total       used       free     shared    buffers     cached
Mem:          992M       922M        69M         0B        84K       1.3M
-/+ buffers/cache:       921M        70M
Swap:         8.0G       401M       7.6G

             total       used       free     shared    buffers     cached
Mem:          992M       922M        70M         0B       104K       1.3M
-/+ buffers/cache:       920M        71M
Swap:         8.0G       366M       7.6G

             total       used       free     shared    buffers     cached
Mem:          992M       916M        75M         0B       104K       1.7M
-/+ buffers/cache:       914M        77M
Swap:         8.0G       337M       7.7G

             total       used       free     shared    buffers     cached
Mem:          992M       929M        62M         0B       104K       6.8M
-/+ buffers/cache:       922M        69M
Swap:         8.0G       334M       7.7G

             total       used       free     shared    buffers     cached
Mem:          992M       923M        68M         0B       536K        18M
-/+ buffers/cache:       904M        87M
Swap:         8.0G       361M       7.6G

             total       used       free     shared    buffers     cached
Mem:          992M       927M        64M         0B       808K        19M
-/+ buffers/cache:       907M        84M
Swap:         8.0G       361M       7.6G

             total       used       free     shared    buffers     cached
Mem:          992M       920M        72M         0B       808K        18M
-/+ buffers/cache:       900M        91M
Swap:         8.0G       370M       7.6G

             total       used       free     shared    buffers     cached
Mem:          992M       924M        67M         0B       808K        18M
-/+ buffers/cache:       905M        87M
Swap:         8.0G       370M       7.6G

             total       used       free     shared    buffers     cached
Mem:          992M       929M        62M         0B       808K        18M
-/+ buffers/cache:       910M        81M
Swap:         8.0G       370M       7.6G

             total       used       free     shared    buffers     cached
Mem:          992M       917M        74M         0B       808K        17M
-/+ buffers/cache:       899M        92M
Swap:         8.0G       389M       7.6G

             total       used       free     shared    buffers     cached
Mem:          992M       922M        70M         0B       816K        17M
-/+ buffers/cache:       904M        87M
Swap:         8.0G       389M       7.6G

             total       used       free     shared    buffers     cached
Mem:          992M       927M        64M         0B       816K        17M
-/+ buffers/cache:       909M        82M
Swap:         8.0G       389M       7.6G

             total       used       free     shared    buffers     cached
Mem:          992M       919M        72M         0B       816K        16M
-/+ buffers/cache:       901M        90M
Swap:         8.0G       398M       7.6G

             total       used       free     shared    buffers     cached
Mem:          992M       920M        71M         0B       816K        16M
-/+ buffers/cache:       903M        88M
Swap:         8.0G       398M       7.6G

             total       used       free     shared    buffers     cached
Mem:          992M       922M        69M         0B       816K        16M
-/+ buffers/cache:       905M        87M
Swap:         8.0G       397M       7.6G

             total       used       free     shared    buffers     cached
Mem:          992M       925M        67M         0B       824K        16M
-/+ buffers/cache:       907M        84M
Swap:         8.0G       396M       7.6G

             total       used       free     shared    buffers     cached
Mem:          992M       926M        65M         0B       824K        16M
-/+ buffers/cache:       909M        82M
Swap:         8.0G       395M       7.6G

             total       used       free     shared    buffers     cached
Mem:          992M       928M        63M         0B       824K        16M
-/+ buffers/cache:       911M        80M
Swap:         8.0G       394M       7.6G

             total       used       free     shared    buffers     cached
Mem:          992M       931M        61M         0B       824K        16M
-/+ buffers/cache:       913M        78M
Swap:         8.0G       393M       7.6G

             total       used       free     shared    buffers     cached
Mem:          992M       920M        72M         0B       788K        13M
-/+ buffers/cache:       905M        86M
Swap:         8.0G       399M       7.6G

             total       used       free     shared    buffers     cached
Mem:          992M       923M        69M         0B       788K        14M
-/+ buffers/cache:       907M        84M
Swap:         8.0G       398M       7.6G

             total       used       free     shared    buffers     cached
Mem:          992M       924M        67M         0B       796K        14M
-/+ buffers/cache:       909M        82M
Swap:         8.0G       398M       7.6G

             total       used       free     shared    buffers     cached
Mem:          992M       926M        65M         0B       796K        14M
-/+ buffers/cache:       911M        80M
Swap:         8.0G       397M       7.6G

             total       used       free     shared    buffers     cached
Mem:          992M       928M        63M         0B       796K        14M
-/+ buffers/cache:       913M        78M
Swap:         8.0G       396M       7.6G

             total       used       free     shared    buffers     cached
Mem:          992M       930M        61M         0B       796K        14M
-/+ buffers/cache:       914M        77M
Swap:         8.0G       395M       7.6G

             total       used       free     shared    buffers     cached
Mem:          992M       920M        72M         0B        76K       3.8M
-/+ buffers/cache:       916M        75M
Swap:         8.0G       395M       7.6G

             total       used       free     shared    buffers     cached
Mem:          992M       922M        70M         0B       212K       3.9M
-/+ buffers/cache:       917M        74M
Swap:         8.0G       394M       7.6G

             total       used       free     shared    buffers     cached
Mem:          992M       924M        67M         0B       484K       3.9M
-/+ buffers/cache:       919M        72M
Swap:         8.0G       394M       7.6G

             total       used       free     shared    buffers     cached
Mem:          992M       926M        66M         0B       488K       3.9M
-/+ buffers/cache:       921M        70M
Swap:         8.0G       393M       7.6G

             total       used       free     shared    buffers     cached
Mem:          992M       927M        64M         0B       488K       3.9M
-/+ buffers/cache:       923M        68M
Swap:         8.0G       392M       7.6G

             total       used       free     shared    buffers     cached
Mem:          992M       929M        62M         0B       488K       3.9M
-/+ buffers/cache:       925M        66M
Swap:         8.0G       391M       7.6G

             total       used       free     shared    buffers     cached
Mem:          992M       931M        60M         0B       496K       4.1M
-/+ buffers/cache:       926M        65M
Swap:         8.0G       390M       7.6G

             total       used       free     shared    buffers     cached
Mem:          992M       919M        72M         0B       496K       3.7M
-/+ buffers/cache:       915M        76M
Swap:         8.0G       399M       7.6G

             total       used       free     shared    buffers     cached
Mem:          992M       921M        70M         0B       496K       3.7M
-/+ buffers/cache:       917M        74M
Swap:         8.0G       398M       7.6G

             total       used       free     shared    buffers     cached
Mem:          992M       923M        68M         0B       496K       3.7M
-/+ buffers/cache:       919M        72M
Swap:         8.0G       397M       7.6G

             total       used       free     shared    buffers     cached
Mem:          992M       925M        67M         0B       496K       3.7M
-/+ buffers/cache:       920M        71M
Swap:         8.0G       397M       7.6G

             total       used       free     shared    buffers     cached
Mem:          992M       926M        65M         0B       496K       3.7M
-/+ buffers/cache:       922M        69M
Swap:         8.0G       396M       7.6G

             total       used       free     shared    buffers     cached
Mem:          992M       928M        63M         0B       504K       3.7M
-/+ buffers/cache:       924M        67M
Swap:         8.0G       395M       7.6G

             total       used       free     shared    buffers     cached
Mem:          992M       930M        61M         0B       504K       3.7M
-/+ buffers/cache:       926M        65M
Swap:         8.0G       394M       7.6G

             total       used       free     shared    buffers     cached
Mem:          992M       916M        76M         0B       504K       3.5M
-/+ buffers/cache:       912M        79M
Swap:         8.0G       413M       7.6G

             total       used       free     shared    buffers     cached
Mem:          992M       918M        73M         0B       504K       3.5M
-/+ buffers/cache:       914M        77M
Swap:         8.0G       412M       7.6G

             total       used       free     shared    buffers     cached
Mem:          992M       920M        72M         0B       504K       3.5M
-/+ buffers/cache:       916M        76M
Swap:         8.0G       412M       7.6G

             total       used       free     shared    buffers     cached
Mem:          992M       921M        70M         0B       512K       3.5M
-/+ buffers/cache:       917M        74M
Swap:         8.0G       411M       7.6G

             total       used       free     shared    buffers     cached
Mem:          992M       923M        68M         0B       512K       3.5M
-/+ buffers/cache:       919M        72M
Swap:         8.0G       410M       7.6G

             total       used       free     shared    buffers     cached
Mem:          992M       925M        67M         0B       512K       3.5M
-/+ buffers/cache:       921M        71M
Swap:         8.0G       409M       7.6G

             total       used       free     shared    buffers     cached
Mem:          992M       926M        65M         0B       512K       3.5M
-/+ buffers/cache:       922M        69M
Swap:         8.0G       409M       7.6G

             total       used       free     shared    buffers     cached
Mem:          992M       928M        63M         0B       512K       3.5M
-/+ buffers/cache:       924M        67M
Swap:         8.0G       408M       7.6G

             total       used       free     shared    buffers     cached
Mem:          992M       930M        61M         0B       520K       3.5M
-/+ buffers/cache:       926M        65M
Swap:         8.0G       407M       7.6G

             total       used       free     shared    buffers     cached
Mem:          992M       917M        74M         0B       512K       3.0M
-/+ buffers/cache:       913M        78M
Swap:         8.0G       428M       7.6G

             total       used       free     shared    buffers     cached
Mem:          992M       919M        72M         0B       512K       3.0M
-/+ buffers/cache:       915M        76M
Swap:         8.0G       427M       7.6G

             total       used       free     shared    buffers     cached
Mem:          992M       920M        71M         0B       512K       3.0M
-/+ buffers/cache:       917M        74M
Swap:         8.0G       426M       7.6G

             total       used       free     shared    buffers     cached
Mem:          992M       923M        69M         0B       512K       3.0M
-/+ buffers/cache:       919M        72M
Swap:         8.0G       425M       7.6G

             total       used       free     shared    buffers     cached
Mem:          992M       925M        67M         0B       512K       3.0M
-/+ buffers/cache:       921M        70M
Swap:         8.0G       424M       7.6G

             total       used       free     shared    buffers     cached
Mem:          992M       926M        65M         0B       520K       3.0M
-/+ buffers/cache:       923M        68M
Swap:         8.0G       423M       7.6G

             total       used       free     shared    buffers     cached
Mem:          992M       928M        63M         0B       520K       3.0M
-/+ buffers/cache:       925M        67M
Swap:         8.0G       423M       7.6G

             total       used       free     shared    buffers     cached
Mem:          992M       930M        61M         0B       520K       3.0M
-/+ buffers/cache:       926M        65M
Swap:         8.0G       422M       7.6G

             total       used       free     shared    buffers     cached
Mem:          992M       918M        73M         0B       520K       2.8M
-/+ buffers/cache:       915M        76M
Swap:         8.0G       425M       7.6G

             total       used       free     shared    buffers     cached
Mem:          992M       920M        71M         0B       520K       2.8M
-/+ buffers/cache:       917M        74M
Swap:         8.0G       424M       7.6G

             total       used       free     shared    buffers     cached
Mem:          992M       922M        69M         0B       528K       2.8M
-/+ buffers/cache:       919M        72M
Swap:         8.0G       424M       7.6G

             total       used       free     shared    buffers     cached
Mem:          992M       924M        67M         0B       528K       2.8M
-/+ buffers/cache:       921M        70M
Swap:         8.0G       423M       7.6G

             total       used       free     shared    buffers     cached
Mem:          992M       926M        65M         0B       528K       2.8M
-/+ buffers/cache:       922M        69M
Swap:         8.0G       422M       7.6G

             total       used       free     shared    buffers     cached
Mem:          992M       928M        64M         0B       528K       2.8M
-/+ buffers/cache:       924M        67M
Swap:         8.0G       421M       7.6G

             total       used       free     shared    buffers     cached
Mem:          992M       930M        62M         0B       528K       2.8M
-/+ buffers/cache:       926M        65M
Swap:         8.0G       420M       7.6G

             total       used       free     shared    buffers     cached
Mem:          992M       932M        59M         0B       500K        19M
-/+ buffers/cache:       913M        79M
Swap:         8.0G       441M       7.6G

             total       used       free     shared    buffers     cached
Mem:          992M       916M        75M         0B       824K        19M
-/+ buffers/cache:       895M        96M
Swap:         8.0G       459M       7.5G

             total       used       free     shared    buffers     cached
Mem:          992M       918M        73M         0B       840K        19M
-/+ buffers/cache:       898M        94M
Swap:         8.0G       458M       7.5G

             total       used       free     shared    buffers     cached
Mem:          992M       920M        71M         0B       840K        19M
-/+ buffers/cache:       900M        92M
Swap:         8.0G       457M       7.5G

             total       used       free     shared    buffers     cached
Mem:          992M       922M        69M         0B       840K        19M
-/+ buffers/cache:       901M        90M
Swap:         8.0G       457M       7.6G

             total       used       free     shared    buffers     cached
Mem:          992M       924M        67M         0B       840K        19M
-/+ buffers/cache:       903M        88M
Swap:         8.0G       456M       7.6G

             total       used       free     shared    buffers     cached
Mem:          992M       925M        66M         0B       848K        19M
-/+ buffers/cache:       904M        87M
Swap:         8.0G       455M       7.6G

             total       used       free     shared    buffers     cached
Mem:          992M       914M        78M         0B       848K        31M
-/+ buffers/cache:       881M       110M
Swap:         8.0G       475M       7.5G

             total       used       free     shared    buffers     cached
Mem:          992M       915M        77M        16K       848K        31M
-/+ buffers/cache:       882M       109M
Swap:         8.0G       475M       7.5G

             total       used       free     shared    buffers     cached
Mem:          992M       917M        74M        16K       848K        33M
-/+ buffers/cache:       883M       108M
Swap:         8.0G       474M       7.5G

             total       used       free     shared    buffers     cached
Mem:          992M       919M        73M        16K       848K        33M
-/+ buffers/cache:       885M       107M
Swap:         8.0G       474M       7.5G

             total       used       free     shared    buffers     cached
Mem:          992M       920M        72M        16K       856K        33M
-/+ buffers/cache:       886M       106M
Swap:         8.0G       473M       7.5G

             total       used       free     shared    buffers     cached
Mem:          992M       921M        71M        16K       856K        33M
-/+ buffers/cache:       887M       105M
Swap:         8.0G       473M       7.5G

             total       used       free     shared    buffers     cached
Mem:          992M       922M        69M        16K       856K        33M
-/+ buffers/cache:       888M       103M
Swap:         8.0G       472M       7.5G

             total       used       free     shared    buffers     cached
Mem:          992M       923M        68M        16K       856K        33M
-/+ buffers/cache:       889M       102M
Swap:         8.0G       472M       7.5G

             total       used       free     shared    buffers     cached
Mem:          992M       924M        67M        16K       856K        33M
-/+ buffers/cache:       890M       101M
Swap:         8.0G       471M       7.5G

             total       used       free     shared    buffers     cached
Mem:          992M       925M        66M        16K       856K        33M
-/+ buffers/cache:       891M       100M
Swap:         8.0G       471M       7.5G

             total       used       free     shared    buffers     cached
Mem:          992M       926M        65M        16K       992K        33M
-/+ buffers/cache:       892M        99M
Swap:         8.0G       470M       7.5G

             total       used       free     shared    buffers     cached
Mem:          992M       929M        63M        16K       992K        33M
-/+ buffers/cache:       894M        97M
Swap:         8.0G       469M       7.5G

             total       used       free     shared    buffers     cached
Mem:          992M       930M        61M        16K       992K        33M
-/+ buffers/cache:       895M        96M
Swap:         8.0G       468M       7.5G

             total       used       free     shared    buffers     cached
Mem:          992M       906M        85M        16K       992K        29M
-/+ buffers/cache:       876M       115M
Swap:         8.0G       492M       7.5G

             total       used       free     shared    buffers     cached
Mem:          992M       906M        85M        16K       996K        29M
-/+ buffers/cache:       876M       115M
Swap:         8.0G       491M       7.5G

             total       used       free     shared    buffers     cached
Mem:          992M       908M        83M        16K       1.0M        29M
-/+ buffers/cache:       878M       114M
Swap:         8.0G       491M       7.5G

             total       used       free     shared    buffers     cached
Mem:          992M       909M        82M        16K       1.0M        29M
-/+ buffers/cache:       879M       113M
Swap:         8.0G       490M       7.5G

             total       used       free     shared    buffers     cached
Mem:          992M       910M        81M        16K       1.0M        29M
-/+ buffers/cache:       880M       111M
Swap:         8.0G       490M       7.5G

             total       used       free     shared    buffers     cached
Mem:          992M       911M        80M        16K       1.0M        29M
-/+ buffers/cache:       881M       111M
Swap:         8.0G       489M       7.5G

             total       used       free     shared    buffers     cached
Mem:          992M       912M        79M        16K       1.0M        29M
-/+ buffers/cache:       882M       110M
Swap:         8.0G       489M       7.5G

             total       used       free     shared    buffers     cached
Mem:          992M       913M        78M        16K       1.0M        29M
-/+ buffers/cache:       883M       108M
Swap:         8.0G       488M       7.5G

             total       used       free     shared    buffers     cached
Mem:          992M       914M        77M        16K       1.0M        29M
-/+ buffers/cache:       884M       107M
Swap:         8.0G       488M       7.5G

             total       used       free     shared    buffers     cached
Mem:          992M       915M        76M        16K       1.0M        29M
-/+ buffers/cache:       885M       106M
Swap:         8.0G       487M       7.5G

             total       used       free     shared    buffers     cached
Mem:          992M       916M        75M        16K       1.0M        29M
-/+ buffers/cache:       886M       105M
Swap:         8.0G       487M       7.5G

             total       used       free     shared    buffers     cached
Mem:          992M       917M        74M        16K       1.0M        29M
-/+ buffers/cache:       887M       104M
Swap:         8.0G       486M       7.5G

             total       used       free     shared    buffers     cached
Mem:          992M       918M        73M        16K       1.0M        29M
-/+ buffers/cache:       888M       103M
Swap:         8.0G       486M       7.5G

             total       used       free     shared    buffers     cached
Mem:          992M       919M        72M        16K       1.0M        29M
-/+ buffers/cache:       889M       102M
Swap:         8.0G       485M       7.5G

             total       used       free     shared    buffers     cached
Mem:          992M       921M        71M        16K       1.0M        29M
-/+ buffers/cache:       890M       101M
Swap:         8.0G       484M       7.5G

             total       used       free     shared    buffers     cached
Mem:          992M       921M        70M        16K       1.0M        29M
-/+ buffers/cache:       891M       100M
Swap:         8.0G       484M       7.5G

             total       used       free     shared    buffers     cached
Mem:          992M       923M        68M        16K       1.0M        29M
-/+ buffers/cache:       893M        99M
Swap:         8.0G       483M       7.5G

             total       used       free     shared    buffers     cached
Mem:          992M       924M        67M        16K       1.0M        29M
-/+ buffers/cache:       894M        98M
Swap:         8.0G       483M       7.5G

             total       used       free     shared    buffers     cached
Mem:          992M       925M        66M        16K       1.0M        29M
-/+ buffers/cache:       895M        97M
Swap:         8.0G       482M       7.5G

             total       used       free     shared    buffers     cached
Mem:          992M       926M        65M        16K       1.0M        29M
-/+ buffers/cache:       896M        96M
Swap:         8.0G       482M       7.5G

             total       used       free     shared    buffers     cached
Mem:          992M       927M        64M        16K       1.0M        29M
-/+ buffers/cache:       897M        94M
Swap:         8.0G       481M       7.5G

             total       used       free     shared    buffers     cached
Mem:          992M       928M        63M        16K       1.0M        29M
-/+ buffers/cache:       898M        93M
Swap:         8.0G       481M       7.5G

             total       used       free     shared    buffers     cached
Mem:          992M       929M        62M        16K       1.0M        29M
-/+ buffers/cache:       899M        92M
Swap:         8.0G       480M       7.5G

             total       used       free     shared    buffers     cached
Mem:          992M       930M        61M        16K       1.0M        29M
-/+ buffers/cache:       900M        91M
Swap:         8.0G       479M       7.5G

             total       used       free     shared    buffers     cached
Mem:          992M       918M        74M        16K       420K        28M
-/+ buffers/cache:       888M       103M
Swap:         8.0G       479M       7.5G

             total       used       free     shared    buffers     cached
Mem:          992M       918M        73M        16K       420K        28M
-/+ buffers/cache:       889M       102M
Swap:         8.0G       478M       7.5G

             total       used       free     shared    buffers     cached
Mem:          992M       920M        72M        16K       420K        28M
-/+ buffers/cache:       890M       101M
Swap:         8.0G       478M       7.5G

             total       used       free     shared    buffers     cached
Mem:          992M       921M        71M        16K       420K        28M
-/+ buffers/cache:       891M       100M
Swap:         8.0G       477M       7.5G

             total       used       free     shared    buffers     cached
Mem:          992M       922M        70M        16K       420K        28M
-/+ buffers/cache:       892M        99M
Swap:         8.0G       477M       7.5G

             total       used       free     shared    buffers     cached
Mem:          992M       923M        68M        16K       420K        28M
-/+ buffers/cache:       894M        97M
Swap:         8.0G       476M       7.5G

             total       used       free     shared    buffers     cached
Mem:          992M       924M        67M        16K       428K        28M
-/+ buffers/cache:       895M        96M
Swap:         8.0G       475M       7.5G

             total       used       free     shared    buffers     cached
Mem:          992M       925M        66M        16K       428K        28M
-/+ buffers/cache:       896M        95M
Swap:         8.0G       475M       7.5G

             total       used       free     shared    buffers     cached
Mem:          992M       926M        65M        16K       428K        28M
-/+ buffers/cache:       897M        94M
Swap:         8.0G       474M       7.5G

             total       used       free     shared    buffers     cached
Mem:          992M       927M        64M        16K       428K        28M
-/+ buffers/cache:       898M        93M
Swap:         8.0G       474M       7.5G

             total       used       free     shared    buffers     cached
Mem:          992M       928M        63M        16K       428K        28M
-/+ buffers/cache:       899M        92M
Swap:         8.0G       473M       7.5G

             total       used       free     shared    buffers     cached
Mem:          992M       929M        62M        16K       436K        28M
-/+ buffers/cache:       900M        91M
Swap:         8.0G       473M       7.5G

             total       used       free     shared    buffers     cached
Mem:          992M       930M        61M        16K       436K        28M
-/+ buffers/cache:       901M        90M
Swap:         8.0G       472M       7.5G

             total       used       free     shared    buffers     cached
Mem:          992M       913M        79M        16K       336K        26M
-/+ buffers/cache:       886M       105M
Swap:         8.0G       490M       7.5G

             total       used       free     shared    buffers     cached
Mem:          992M       914M        78M        16K       336K        26M
-/+ buffers/cache:       887M       104M
Swap:         8.0G       490M       7.5G

             total       used       free     shared    buffers     cached
Mem:          992M       915M        77M        16K       336K        26M
-/+ buffers/cache:       888M       103M
Swap:         8.0G       489M       7.5G

             total       used       free     shared    buffers     cached
Mem:          992M       922M        69M        16K       336K        32M
-/+ buffers/cache:       889M       102M
Swap:         8.0G       489M       7.5G

             total       used       free     shared    buffers     cached
Mem:          992M       923M        68M        16K       356K        32M
-/+ buffers/cache:       890M       101M
Swap:         8.0G       488M       7.5G

             total       used       free     shared    buffers     cached
Mem:          992M       924M        67M        16K       356K        32M
-/+ buffers/cache:       891M       100M
Swap:         8.0G       487M       7.5G

             total       used       free     shared    buffers     cached
Mem:          992M       925M        66M        16K       356K        32M
-/+ buffers/cache:       892M        99M
Swap:         8.0G       487M       7.5G

             total       used       free     shared    buffers     cached
Mem:          992M       926M        65M        16K       356K        32M
-/+ buffers/cache:       893M        98M
Swap:         8.0G       486M       7.5G

             total       used       free     shared    buffers     cached
Mem:          992M       927M        64M        16K       356K        32M
-/+ buffers/cache:       895M        97M
Swap:         8.0G       486M       7.5G

             total       used       free     shared    buffers     cached
Mem:          992M       928M        63M        16K       364K        32M
-/+ buffers/cache:       896M        96M
Swap:         8.0G       485M       7.5G

             total       used       free     shared    buffers     cached
Mem:          992M       930M        61M        16K       364K        32M
-/+ buffers/cache:       897M        94M
Swap:         8.0G       484M       7.5G

             total       used       free     shared    buffers     cached
Mem:          992M       931M        60M        16K       364K        32M
-/+ buffers/cache:       898M        93M
Swap:         8.0G       484M       7.5G

             total       used       free     shared    buffers     cached
Mem:          992M       911M        80M        16K       312K        28M
-/+ buffers/cache:       882M       109M
Swap:         8.0G       502M       7.5G

             total       used       free     shared    buffers     cached
Mem:          992M       912M        79M        16K       312K        28M
-/+ buffers/cache:       883M       108M
Swap:         8.0G       501M       7.5G

             total       used       free     shared    buffers     cached
Mem:          992M       913M        78M        16K       312K        28M
-/+ buffers/cache:       884M       107M
Swap:         8.0G       501M       7.5G

             total       used       free     shared    buffers     cached
Mem:          992M       915M        77M        16K       320K        28M
-/+ buffers/cache:       885M       106M
Swap:         8.0G       500M       7.5G

             total       used       free     shared    buffers     cached
Mem:          992M       917M        74M        16K       456K        29M
-/+ buffers/cache:       887M       105M
Swap:         8.0G       499M       7.5G

             total       used       free     shared    buffers     cached
Mem:          992M       918M        73M        20K       456K        29M
-/+ buffers/cache:       888M       103M
Swap:         8.0G       499M       7.5G

             total       used       free     shared    buffers     cached
Mem:          992M       919M        72M        20K       456K        29M
-/+ buffers/cache:       889M       102M
Swap:         8.0G       498M       7.5G

             total       used       free     shared    buffers     cached
Mem:          992M       921M        71M        20K       456K        29M
-/+ buffers/cache:       891M       101M
Swap:         8.0G       497M       7.5G

             total       used       free     shared    buffers     cached
Mem:          992M       928M        63M        20K       464K        31M
-/+ buffers/cache:       896M        95M
Swap:         8.0G       494M       7.5G

             total       used       free     shared    buffers     cached
Mem:          992M       929M        62M        20K       464K        31M
-/+ buffers/cache:       897M        94M
Swap:         8.0G       494M       7.5G

             total       used       free     shared    buffers     cached
Mem:          992M       930M        61M        20K       464K        31M
-/+ buffers/cache:       898M        93M
Swap:         8.0G       493M       7.5G

             total       used       free     shared    buffers     cached
Mem:          992M       925M        66M        20K       288K        29M
-/+ buffers/cache:       895M        96M
Swap:         8.0G       496M       7.5G

             total       used       free     shared    buffers     cached
Mem:          992M       926M        66M        20K       288K        29M
-/+ buffers/cache:       896M        95M
Swap:         8.0G       496M       7.5G

             total       used       free     shared    buffers     cached
Mem:          992M       926M        65M        20K       288K        29M
-/+ buffers/cache:       897M        95M
Swap:         8.0G       496M       7.5G

             total       used       free     shared    buffers     cached
Mem:          992M       927M        64M        20K       296K        29M
-/+ buffers/cache:       897M        94M
Swap:         8.0G       495M       7.5G

             total       used       free     shared    buffers     cached
Mem:          992M       928M        64M        20K       296K        29M
-/+ buffers/cache:       898M        93M
Swap:         8.0G       495M       7.5G

             total       used       free     shared    buffers     cached
Mem:          992M       928M        63M        20K       296K        29M
-/+ buffers/cache:       898M        93M
Swap:         8.0G       495M       7.5G

             total       used       free     shared    buffers     cached
Mem:          992M       929M        62M        20K       296K        29M
-/+ buffers/cache:       899M        92M
Swap:         8.0G       494M       7.5G

             total       used       free     shared    buffers     cached
Mem:          992M       929M        62M        20K       296K        29M
-/+ buffers/cache:       900M        91M
Swap:         8.0G       494M       7.5G

             total       used       free     shared    buffers     cached
Mem:          992M       930M        61M        20K       304K        29M
-/+ buffers/cache:       900M        91M
Swap:         8.0G       494M       7.5G

             total       used       free     shared    buffers     cached
Mem:          992M       931M        61M        20K       304K        29M
-/+ buffers/cache:       901M        90M
Swap:         8.0G       493M       7.5G

             total       used       free     shared    buffers     cached
Mem:          992M       927M        65M       176K       304K        33M
-/+ buffers/cache:       893M        98M
Swap:         8.0G       495M       7.5G

             total       used       free     shared    buffers     cached
Mem:          992M       916M        75M       3.9M       4.5M        53M
-/+ buffers/cache:       858M       133M
Swap:         8.0G       552M       7.5G

             total       used       free     shared    buffers     cached
Mem:          992M       919M        72M       3.9M       4.9M        67M
-/+ buffers/cache:       847M       144M
Swap:         8.0G       571M       7.4G

             total       used       free     shared    buffers     cached
Mem:          992M       929M        62M       232K       5.2M        66M
-/+ buffers/cache:       857M       134M
Swap:         8.0G       568M       7.4G

             total       used       free     shared    buffers     cached
Mem:          992M       929M        62M       224K       5.2M        66M
-/+ buffers/cache:       857M       134M
Swap:         8.0G       568M       7.4G

             total       used       free     shared    buffers     cached
Mem:          992M       930M        61M       224K       5.2M        66M
-/+ buffers/cache:       859M       133M
Swap:         8.0G       567M       7.4G

             total       used       free     shared    buffers     cached
Mem:          992M       919M        72M       224K       5.2M        65M
-/+ buffers/cache:       849M       143M
Swap:         8.0G       568M       7.4G

             total       used       free     shared    buffers     cached
Mem:          992M       920M        71M       224K       5.2M        65M
-/+ buffers/cache:       850M       142M
Swap:         8.0G       568M       7.4G

             total       used       free     shared    buffers     cached
Mem:          992M       923M        69M       224K       5.3M        65M
-/+ buffers/cache:       851M       140M
Swap:         8.0G       567M       7.4G

             total       used       free     shared    buffers     cached
Mem:          992M       924M        68M       224K       5.3M        66M
-/+ buffers/cache:       852M       139M
Swap:         8.0G       566M       7.4G

             total       used       free     shared    buffers     cached
Mem:          992M       925M        66M       224K       5.3M        65M
-/+ buffers/cache:       854M       138M
Swap:         8.0G       566M       7.4G

             total       used       free     shared    buffers     cached
Mem:          992M       926M        65M       224K       5.3M        66M
-/+ buffers/cache:       855M       136M
Swap:         8.0G       565M       7.4G

             total       used       free     shared    buffers     cached
Mem:          992M       928M        64M       224K       5.3M        65M
-/+ buffers/cache:       856M       135M
Swap:         8.0G       564M       7.4G

             total       used       free     shared    buffers     cached
Mem:          992M       929M        62M       224K       5.3M        65M
-/+ buffers/cache:       858M       134M
Swap:         8.0G       564M       7.4G

             total       used       free     shared    buffers     cached
Mem:          992M       930M        61M       224K       5.3M        65M
-/+ buffers/cache:       859M       132M
Swap:         8.0G       563M       7.4G

             total       used       free     shared    buffers     cached
Mem:          992M       916M        75M       224K       5.3M        61M
-/+ buffers/cache:       849M       142M
Swap:         8.0G       578M       7.4G

             total       used       free     shared    buffers     cached
Mem:          992M       918M        74M       224K       5.3M        61M
-/+ buffers/cache:       850M       141M
Swap:         8.0G       577M       7.4G

             total       used       free     shared    buffers     cached
Mem:          992M       919M        72M       224K       5.3M        61M
-/+ buffers/cache:       852M       140M
Swap:         8.0G       577M       7.4G

             total       used       free     shared    buffers     cached
Mem:          992M       920M        71M       224K       5.3M        61M
-/+ buffers/cache:       853M       138M
Swap:         8.0G       576M       7.4G

             total       used       free     shared    buffers     cached
Mem:          992M       921M        70M       224K       5.3M        61M
-/+ buffers/cache:       854M       137M
Swap:         8.0G       576M       7.4G

             total       used       free     shared    buffers     cached
Mem:          992M       922M        69M       224K       5.3M        61M
-/+ buffers/cache:       855M       136M
Swap:         8.0G       575M       7.4G

             total       used       free     shared    buffers     cached
Mem:          992M       924M        67M       224K       5.3M        61M
-/+ buffers/cache:       857M       135M
Swap:         8.0G       575M       7.4G

             total       used       free     shared    buffers     cached
Mem:          992M       925M        66M       224K       5.3M        61M
-/+ buffers/cache:       858M       133M
Swap:         8.0G       574M       7.4G

             total       used       free     shared    buffers     cached
Mem:          992M       926M        65M       224K       5.3M        61M
-/+ buffers/cache:       859M       132M
Swap:         8.0G       573M       7.4G

             total       used       free     shared    buffers     cached
Mem:          992M       928M        64M       224K       5.3M        61M
-/+ buffers/cache:       860M       131M
Swap:         8.0G       573M       7.4G

             total       used       free     shared    buffers     cached
Mem:          992M       929M        62M       224K       5.3M        61M
-/+ buffers/cache:       862M       129M
Swap:         8.0G       572M       7.4G

             total       used       free     shared    buffers     cached
Mem:          992M       930M        61M       224K       5.3M        61M
-/+ buffers/cache:       863M       128M
Swap:         8.0G       572M       7.4G

             total       used       free     shared    buffers     cached
Mem:          992M       916M        75M       224K       5.3M        61M
-/+ buffers/cache:       849M       142M
Swap:         8.0G       585M       7.4G

             total       used       free     shared    buffers     cached
Mem:          992M       917M        74M       224K       5.3M        61M
-/+ buffers/cache:       851M       140M
Swap:         8.0G       585M       7.4G

             total       used       free     shared    buffers     cached
Mem:          992M       919M        73M       224K       5.3M        61M
-/+ buffers/cache:       852M       139M
Swap:         8.0G       584M       7.4G

             total       used       free     shared    buffers     cached
Mem:          992M       920M        71M       224K       5.3M        61M
-/+ buffers/cache:       853M       138M
Swap:         8.0G       583M       7.4G

             total       used       free     shared    buffers     cached
Mem:          992M       922M        69M       224K       5.3M        62M
-/+ buffers/cache:       854M       137M
Swap:         8.0G       583M       7.4G

             total       used       free     shared    buffers     cached
Mem:          992M       923M        68M       224K       5.3M        62M
-/+ buffers/cache:       856M       135M
Swap:         8.0G       582M       7.4G

             total       used       free     shared    buffers     cached
Mem:          992M       924M        67M       224K       5.3M        62M
-/+ buffers/cache:       857M       134M
Swap:         8.0G       582M       7.4G

             total       used       free     shared    buffers     cached
Mem:          992M       926M        65M       224K       5.3M        62M
-/+ buffers/cache:       858M       133M
Swap:         8.0G       581M       7.4G

             total       used       free     shared    buffers     cached
Mem:          992M       929M        62M       276K       6.5M        70M
-/+ buffers/cache:       852M       139M
Swap:         8.0G       592M       7.4G

             total       used       free     shared    buffers     cached
Mem:          992M       904M        87M       272K       8.2M        70M
-/+ buffers/cache:       826M       165M
Swap:         8.0G       606M       7.4G
