             total       used       free     shared    buffers     cached
Mem:          992M       652M       339M       3.2M        38M       286M
-/+ buffers/cache:       327M       665M
Swap:         8.0G         0B       8.0G

             total       used       free     shared    buffers     cached
Mem:          992M       651M       340M       1.4M        38M       285M
-/+ buffers/cache:       327M       664M
Swap:         8.0G         0B       8.0G

             total       used       free     shared    buffers     cached
Mem:          992M       651M       340M       1.4M        38M       285M
-/+ buffers/cache:       327M       664M
Swap:         8.0G         0B       8.0G

             total       used       free     shared    buffers     cached
Mem:          992M       651M       340M       1.4M        38M       285M
-/+ buffers/cache:       327M       664M
Swap:         8.0G         0B       8.0G

             total       used       free     shared    buffers     cached
Mem:          992M       651M       340M       1.4M        38M       285M
-/+ buffers/cache:       327M       664M
Swap:         8.0G         0B       8.0G

             total       used       free     shared    buffers     cached
Mem:          992M       651M       340M       1.4M        38M       285M
-/+ buffers/cache:       327M       664M
Swap:         8.0G         0B       8.0G

             total       used       free     shared    buffers     cached
Mem:          992M       651M       340M       1.4M        38M       285M
-/+ buffers/cache:       327M       664M
Swap:         8.0G         0B       8.0G

             total       used       free     shared    buffers     cached
Mem:          992M       651M       340M       1.4M        38M       285M
-/+ buffers/cache:       327M       664M
Swap:         8.0G         0B       8.0G

             total       used       free     shared    buffers     cached
Mem:          992M       651M       340M       1.4M        38M       285M
-/+ buffers/cache:       327M       664M
Swap:         8.0G         0B       8.0G

             total       used       free     shared    buffers     cached
Mem:          992M       654M       337M       1.4M        38M       285M
-/+ buffers/cache:       330M       661M
Swap:         8.0G         0B       8.0G

             total       used       free     shared    buffers     cached
Mem:          992M       674M       318M       1.4M        38M       285M
-/+ buffers/cache:       349M       642M
Swap:         8.0G         0B       8.0G

             total       used       free     shared    buffers     cached
Mem:          992M       702M       289M       1.4M        38M       288M
-/+ buffers/cache:       375M       616M
Swap:         8.0G         0B       8.0G

             total       used       free     shared    buffers     cached
Mem:          992M       690M       302M       1.4M        38M       289M
-/+ buffers/cache:       361M       630M
Swap:         8.0G         0B       8.0G

             total       used       free     shared    buffers     cached
Mem:          992M       723M       268M       1.4M        38M       290M
-/+ buffers/cache:       394M       597M
Swap:         8.0G         0B       8.0G

             total       used       free     shared    buffers     cached
Mem:          992M       730M       261M       1.4M        38M       290M
-/+ buffers/cache:       401M       590M
Swap:         8.0G         0B       8.0G

             total       used       free     shared    buffers     cached
Mem:          992M       713M       278M       1.4M        39M       291M
-/+ buffers/cache:       383M       608M
Swap:         8.0G         0B       8.0G

             total       used       free     shared    buffers     cached
Mem:          992M       719M       272M       1.5M        39M       294M
-/+ buffers/cache:       385M       607M
Swap:         8.0G         0B       8.0G

             total       used       free     shared    buffers     cached
Mem:          992M       719M       272M       1.5M        39M       294M
-/+ buffers/cache:       385M       607M
Swap:         8.0G         0B       8.0G

             total       used       free     shared    buffers     cached
Mem:          992M       719M       272M       1.5M        39M       294M
-/+ buffers/cache:       385M       607M
Swap:         8.0G         0B       8.0G

             total       used       free     shared    buffers     cached
Mem:          992M       719M       272M       1.5M        39M       294M
-/+ buffers/cache:       385M       607M
Swap:         8.0G         0B       8.0G

             total       used       free     shared    buffers     cached
Mem:          992M       719M       272M       1.5M        39M       294M
-/+ buffers/cache:       385M       607M
Swap:         8.0G         0B       8.0G

             total       used       free     shared    buffers     cached
Mem:          992M       719M       272M       1.5M        39M       295M
-/+ buffers/cache:       385M       606M
Swap:         8.0G         0B       8.0G

             total       used       free     shared    buffers     cached
Mem:          992M       719M       272M       1.5M        39M       295M
-/+ buffers/cache:       385M       606M
Swap:         8.0G         0B       8.0G

             total       used       free     shared    buffers     cached
Mem:          992M       719M       272M       1.5M        39M       295M
-/+ buffers/cache:       385M       606M
Swap:         8.0G         0B       8.0G

             total       used       free     shared    buffers     cached
Mem:          992M       719M       272M       1.5M        39M       295M
-/+ buffers/cache:       385M       606M
Swap:         8.0G         0B       8.0G

             total       used       free     shared    buffers     cached
Mem:          992M       719M       272M       1.5M        39M       295M
-/+ buffers/cache:       385M       606M
Swap:         8.0G         0B       8.0G

             total       used       free     shared    buffers     cached
Mem:          992M       719M       272M       1.5M        39M       295M
-/+ buffers/cache:       385M       607M
Swap:         8.0G         0B       8.0G

             total       used       free     shared    buffers     cached
Mem:          992M       719M       272M       1.5M        39M       295M
-/+ buffers/cache:       385M       607M
Swap:         8.0G         0B       8.0G

             total       used       free     shared    buffers     cached
Mem:          992M       719M       272M       1.5M        39M       295M
-/+ buffers/cache:       385M       607M
Swap:         8.0G         0B       8.0G

             total       used       free     shared    buffers     cached
Mem:          992M       719M       272M       1.5M        39M       295M
-/+ buffers/cache:       385M       607M
Swap:         8.0G         0B       8.0G

             total       used       free     shared    buffers     cached
Mem:          992M       719M       272M       1.5M        39M       295M
-/+ buffers/cache:       385M       607M
Swap:         8.0G         0B       8.0G

             total       used       free     shared    buffers     cached
Mem:          992M       719M       272M       1.5M        39M       295M
-/+ buffers/cache:       385M       607M
Swap:         8.0G         0B       8.0G

             total       used       free     shared    buffers     cached
Mem:          992M       719M       272M       1.5M        39M       294M
-/+ buffers/cache:       385M       607M
Swap:         8.0G         0B       8.0G

             total       used       free     shared    buffers     cached
Mem:          992M       726M       265M       1.5M        39M       295M
-/+ buffers/cache:       392M       599M
Swap:         8.0G         0B       8.0G

             total       used       free     shared    buffers     cached
Mem:          992M       742M       249M       1.5M        39M       295M
-/+ buffers/cache:       408M       583M
Swap:         8.0G         0B       8.0G

             total       used       free     shared    buffers     cached
Mem:          992M       759M       233M       1.5M        39M       295M
-/+ buffers/cache:       424M       567M
Swap:         8.0G         0B       8.0G

             total       used       free     shared    buffers     cached
Mem:          992M       774M       217M       1.5M        39M       295M
-/+ buffers/cache:       440M       551M
Swap:         8.0G         0B       8.0G

             total       used       free     shared    buffers     cached
Mem:          992M       790M       201M       1.5M        39M       295M
-/+ buffers/cache:       456M       535M
Swap:         8.0G         0B       8.0G

             total       used       free     shared    buffers     cached
Mem:          992M       805M       186M       1.5M        39M       295M
-/+ buffers/cache:       471M       520M
Swap:         8.0G         0B       8.0G

             total       used       free     shared    buffers     cached
Mem:          992M       820M       171M       1.5M        39M       295M
-/+ buffers/cache:       486M       505M
Swap:         8.0G         0B       8.0G

             total       used       free     shared    buffers     cached
Mem:          992M       835M       156M       1.5M        39M       295M
-/+ buffers/cache:       501M       491M
Swap:         8.0G         0B       8.0G

             total       used       free     shared    buffers     cached
Mem:          992M       852M       139M       1.5M        39M       295M
-/+ buffers/cache:       518M       474M
Swap:         8.0G         0B       8.0G

             total       used       free     shared    buffers     cached
Mem:          992M       868M       123M       1.5M        39M       295M
-/+ buffers/cache:       534M       457M
Swap:         8.0G         0B       8.0G

             total       used       free     shared    buffers     cached
Mem:          992M       889M       102M       1.5M        39M       295M
-/+ buffers/cache:       555M       437M
Swap:         8.0G         0B       8.0G

             total       used       free     shared    buffers     cached
Mem:          992M       905M        86M       1.5M        39M       295M
-/+ buffers/cache:       570M       421M
Swap:         8.0G         0B       8.0G

             total       used       free     shared    buffers     cached
Mem:          992M       921M        70M       1.5M        39M       295M
-/+ buffers/cache:       587M       405M
Swap:         8.0G         0B       8.0G

             total       used       free     shared    buffers     cached
Mem:          992M       923M        68M       1.5M        26M       293M
-/+ buffers/cache:       602M       389M
Swap:         8.0G         0B       8.0G

             total       used       free     shared    buffers     cached
Mem:          992M       925M        66M       1.5M        18M       293M
-/+ buffers/cache:       613M       378M
Swap:         8.0G         0B       8.0G

             total       used       free     shared    buffers     cached
Mem:          992M       923M        68M       1.5M        11M       284M
-/+ buffers/cache:       628M       363M
Swap:         8.0G         0B       8.0G

             total       used       free     shared    buffers     cached
Mem:          992M       921M        70M       1.4M        10M       267M
-/+ buffers/cache:       643M       348M
Swap:         8.0G        96K       8.0G

             total       used       free     shared    buffers     cached
Mem:          992M       915M        76M       1.3M        10M       247M
-/+ buffers/cache:       657M       334M
Swap:         8.0G       808K       8.0G

             total       used       free     shared    buffers     cached
Mem:          992M       929M        63M       1.3M        10M       245M
-/+ buffers/cache:       673M       319M
Swap:         8.0G       1.4M       8.0G

             total       used       free     shared    buffers     cached
Mem:          992M       910M        81M       1.0M        10M       214M
-/+ buffers/cache:       685M       306M
Swap:         8.0G        19M       8.0G

             total       used       free     shared    buffers     cached
Mem:          992M       925M        66M       1.0M        10M       214M
-/+ buffers/cache:       700M       291M
Swap:         8.0G        19M       8.0G

             total       used       free     shared    buffers     cached
Mem:          992M       926M        65M       1.0M       3.8M       208M
-/+ buffers/cache:       714M       278M
Swap:         8.0G        19M       8.0G

             total       used       free     shared    buffers     cached
Mem:          992M       928M        63M       1.0M       3.1M       197M
-/+ buffers/cache:       727M       264M
Swap:         8.0G        19M       8.0G

             total       used       free     shared    buffers     cached
Mem:          992M       920M        71M       1.0M       1.5M       177M
-/+ buffers/cache:       741M       250M
Swap:         8.0G        19M       8.0G

             total       used       free     shared    buffers     cached
Mem:          992M       911M        81M       1.0M       1.5M       153M
-/+ buffers/cache:       755M       236M
Swap:         8.0G        19M       8.0G

             total       used       free     shared    buffers     cached
Mem:          992M       927M        65M       1.0M       1.6M       153M
-/+ buffers/cache:       771M       220M
Swap:         8.0G        19M       8.0G

             total       used       free     shared    buffers     cached
Mem:          992M       924M        67M       1.0M       852K       135M
-/+ buffers/cache:       787M       204M
Swap:         8.0G        19M       8.0G

             total       used       free     shared    buffers     cached
Mem:          992M       922M        70M       1.0M       688K       120M
-/+ buffers/cache:       801M       191M
Swap:         8.0G        19M       8.0G

             total       used       free     shared    buffers     cached
Mem:          992M       921M        70M       1.0M       688K       106M
-/+ buffers/cache:       815M       177M
Swap:         8.0G        19M       8.0G

             total       used       free     shared    buffers     cached
Mem:          992M       921M        70M       1.0M       980K        93M
-/+ buffers/cache:       826M       165M
Swap:         8.0G        19M       8.0G

             total       used       free     shared    buffers     cached
Mem:          992M       910M        81M       1.0M       980K        72M
-/+ buffers/cache:       837M       155M
Swap:         8.0G        19M       8.0G

             total       used       free     shared    buffers     cached
Mem:          992M       926M        65M       1.0M       980K        72M
-/+ buffers/cache:       853M       139M
Swap:         8.0G        19M       8.0G

             total       used       free     shared    buffers     cached
Mem:          992M       922M        69M       1.0M       984K        55M
-/+ buffers/cache:       866M       126M
Swap:         8.0G        19M       8.0G

             total       used       free     shared    buffers     cached
Mem:          992M       924M        67M       1.0M       984K        42M
-/+ buffers/cache:       881M       110M
Swap:         8.0G        19M       8.0G

             total       used       free     shared    buffers     cached
Mem:          992M       920M        71M       1.0M       984K        24M
-/+ buffers/cache:       895M        96M
Swap:         8.0G        19M       8.0G

             total       used       free     shared    buffers     cached
Mem:          992M       919M        72M       1.0M       404K       9.1M
-/+ buffers/cache:       909M        82M
Swap:         8.0G        19M       8.0G

             total       used       free     shared    buffers     cached
Mem:          992M       927M        64M       1.0M       2.9M        13M
-/+ buffers/cache:       910M        81M
Swap:         8.0G        19M       8.0G

             total       used       free     shared    buffers     cached
Mem:          992M       940M        51M       600K       484K       9.3M
-/+ buffers/cache:       931M        61M
Swap:         8.0G       233M       7.8G

             total       used       free     shared    buffers     cached
Mem:          992M       942M        50M       608K       484K       9.4M
-/+ buffers/cache:       932M        60M
Swap:         8.0G       233M       7.8G

             total       used       free     shared    buffers     cached
Mem:          992M       939M        52M       608K       484K       9.4M
-/+ buffers/cache:       929M        62M
Swap:         8.0G       233M       7.8G

             total       used       free     shared    buffers     cached
Mem:          992M       936M        55M       608K       492K       9.8M
-/+ buffers/cache:       926M        65M
Swap:         8.0G       233M       7.8G

             total       used       free     shared    buffers     cached
Mem:          992M       942M        49M       608K       500K       9.8M
-/+ buffers/cache:       932M        60M
Swap:         8.0G       233M       7.8G

             total       used       free     shared    buffers     cached
Mem:          992M       892M        99M       608K       648K        13M
-/+ buffers/cache:       878M       113M
Swap:         8.0G       233M       7.8G

             total       used       free     shared    buffers     cached
Mem:          992M       891M       100M       612K       504K        27M
-/+ buffers/cache:       864M       127M
Swap:         8.0G       222M       7.8G

             total       used       free     shared    buffers     cached
Mem:          992M       907M        85M       612K       776K        27M
-/+ buffers/cache:       879M       113M
Swap:         8.0G       222M       7.8G

             total       used       free     shared    buffers     cached
Mem:          992M       922M        70M       612K       784K        27M
-/+ buffers/cache:       894M        98M
Swap:         8.0G       222M       7.8G

             total       used       free     shared    buffers     cached
Mem:          992M       921M        70M       608K       784K        26M
-/+ buffers/cache:       894M        97M
Swap:         8.0G       223M       7.8G

             total       used       free     shared    buffers     cached
Mem:          992M       923M        68M       608K       500K        16M
-/+ buffers/cache:       906M        85M
Swap:         8.0G       224M       7.8G

             total       used       free     shared    buffers     cached
Mem:          992M       922M        69M       608K       500K       4.5M
-/+ buffers/cache:       917M        74M
Swap:         8.0G       224M       7.8G

             total       used       free     shared    buffers     cached
Mem:          992M       920M        72M       608K       500K       3.7M
-/+ buffers/cache:       915M        76M
Swap:         8.0G       224M       7.8G

             total       used       free     shared    buffers     cached
Mem:          992M       921M        70M       608K       508K       3.6M
-/+ buffers/cache:       917M        74M
Swap:         8.0G       224M       7.8G

             total       used       free     shared    buffers     cached
Mem:          992M       924M        67M       608K       508K       3.6M
-/+ buffers/cache:       920M        71M
Swap:         8.0G       224M       7.8G

             total       used       free     shared    buffers     cached
Mem:          992M       924M        67M       608K       508K       3.5M
-/+ buffers/cache:       921M        71M
Swap:         8.0G       224M       7.8G

             total       used       free     shared    buffers     cached
Mem:          992M       926M        66M       592K       500K       3.4M
-/+ buffers/cache:       922M        70M
Swap:         8.0G       351M       7.7G

             total       used       free     shared    buffers     cached
Mem:          992M       905M        86M        20K       500K       2.8M
-/+ buffers/cache:       902M        89M
Swap:         8.0G       392M       7.6G

             total       used       free     shared    buffers     cached
Mem:          992M       905M        86M        20K       500K       2.8M
-/+ buffers/cache:       901M        90M
Swap:         8.0G       392M       7.6G

             total       used       free     shared    buffers     cached
Mem:          992M       905M        87M        20K       508K       2.8M
-/+ buffers/cache:       901M        90M
Swap:         8.0G       392M       7.6G

             total       used       free     shared    buffers     cached
Mem:          992M       901M        90M        20K       508K       2.8M
-/+ buffers/cache:       898M        94M
Swap:         8.0G       392M       7.6G

             total       used       free     shared    buffers     cached
Mem:          992M       907M        84M        20K       508K       2.8M
-/+ buffers/cache:       903M        88M
Swap:         8.0G       392M       7.6G

             total       used       free     shared    buffers     cached
Mem:          992M       914M        78M        20K       508K       2.8M
-/+ buffers/cache:       910M        81M
Swap:         8.0G       392M       7.6G

             total       used       free     shared    buffers     cached
Mem:          992M       921M        70M        20K       508K       2.8M
-/+ buffers/cache:       918M        74M
Swap:         8.0G       392M       7.6G

             total       used       free     shared    buffers     cached
Mem:          992M       929M        62M        20K       516K       2.9M
-/+ buffers/cache:       926M        65M
Swap:         8.0G       392M       7.6G

             total       used       free     shared    buffers     cached
Mem:          992M       923M        68M        20K       516K       2.9M
-/+ buffers/cache:       920M        72M
Swap:         8.0G       392M       7.6G

             total       used       free     shared    buffers     cached
Mem:          992M       929M        62M        20K       516K       2.9M
-/+ buffers/cache:       926M        66M
Swap:         8.0G       392M       7.6G

             total       used       free     shared    buffers     cached
Mem:          992M       923M        68M        20K       516K       2.8M
-/+ buffers/cache:       920M        71M
Swap:         8.0G       392M       7.6G

             total       used       free     shared    buffers     cached
Mem:          992M       930M        62M        20K       516K       2.8M
-/+ buffers/cache:       926M        65M
Swap:         8.0G       392M       7.6G

             total       used       free     shared    buffers     cached
Mem:          992M       923M        68M        20K       524K       2.8M
-/+ buffers/cache:       920M        72M
Swap:         8.0G       392M       7.6G

             total       used       free     shared    buffers     cached
Mem:          992M       929M        62M        20K       524K       2.8M
-/+ buffers/cache:       926M        65M
Swap:         8.0G       392M       7.6G

             total       used       free     shared    buffers     cached
Mem:          992M       918M        73M        20K       524K       2.7M
-/+ buffers/cache:       915M        76M
Swap:         8.0G       392M       7.6G

             total       used       free     shared    buffers     cached
Mem:          992M       924M        68M        20K       524K       2.7M
-/+ buffers/cache:       920M        71M
Swap:         8.0G       392M       7.6G

             total       used       free     shared    buffers     cached
Mem:          992M       928M        63M        20K       524K       2.7M
-/+ buffers/cache:       925M        67M
Swap:         8.0G       392M       7.6G

             total       used       free     shared    buffers     cached
Mem:          992M       922M        70M        20K       524K       2.7M
-/+ buffers/cache:       918M        73M
Swap:         8.0G       392M       7.6G

             total       used       free     shared    buffers     cached
Mem:          992M       926M        65M        20K       532K       2.7M
-/+ buffers/cache:       923M        68M
Swap:         8.0G       392M       7.6G

             total       used       free     shared    buffers     cached
Mem:          992M       920M        71M        20K       532K       2.6M
-/+ buffers/cache:       917M        74M
Swap:         8.0G       392M       7.6G

             total       used       free     shared    buffers     cached
Mem:          992M       925M        66M        20K       532K       2.7M
-/+ buffers/cache:       922M        69M
Swap:         8.0G       392M       7.6G

             total       used       free     shared    buffers     cached
Mem:          992M       930M        61M        20K       532K       2.7M
-/+ buffers/cache:       927M        64M
Swap:         8.0G       392M       7.6G

             total       used       free     shared    buffers     cached
Mem:          992M       922M        69M        20K       532K       2.6M
-/+ buffers/cache:       919M        72M
Swap:         8.0G       392M       7.6G

             total       used       free     shared    buffers     cached
Mem:          992M       928M        64M        20K       540K       2.7M
-/+ buffers/cache:       924M        67M
Swap:         8.0G       392M       7.6G

             total       used       free     shared    buffers     cached
Mem:          992M       934M        58M        20K       540K       2.6M
-/+ buffers/cache:       930M        61M
Swap:         8.0G       488M       7.5G

             total       used       free     shared    buffers     cached
Mem:          992M       920M        72M        12K       540K       2.6M
-/+ buffers/cache:       917M        75M
Swap:         8.0G       508M       7.5G

             total       used       free     shared    buffers     cached
Mem:          992M       915M        76M        12K       540K       2.6M
-/+ buffers/cache:       912M        79M
Swap:         8.0G       508M       7.5G

             total       used       free     shared    buffers     cached
Mem:          992M       913M        78M        12K       824K        21M
-/+ buffers/cache:       891M       100M
Swap:         8.0G       507M       7.5G

             total       used       free     shared    buffers     cached
Mem:          992M       916M        75M        12K       832K        21M
-/+ buffers/cache:       894M        97M
Swap:         8.0G       507M       7.5G

             total       used       free     shared    buffers     cached
Mem:          992M       920M        71M        12K       832K        21M
-/+ buffers/cache:       899M        93M
Swap:         8.0G       507M       7.5G

             total       used       free     shared    buffers     cached
Mem:          992M       924M        67M        12K       832K        21M
-/+ buffers/cache:       902M        89M
Swap:         8.0G       507M       7.5G

             total       used       free     shared    buffers     cached
Mem:          992M       927M        64M        12K       832K        21M
-/+ buffers/cache:       905M        86M
Swap:         8.0G       507M       7.5G

             total       used       free     shared    buffers     cached
Mem:          992M       920M        71M        12K       832K        20M
-/+ buffers/cache:       898M        93M
Swap:         8.0G       507M       7.5G

             total       used       free     shared    buffers     cached
Mem:          992M       924M        68M        12K       840K        20M
-/+ buffers/cache:       902M        89M
Swap:         8.0G       507M       7.5G

             total       used       free     shared    buffers     cached
Mem:          992M       928M        63M        12K       840K        20M
-/+ buffers/cache:       906M        85M
Swap:         8.0G       507M       7.5G

             total       used       free     shared    buffers     cached
Mem:          992M       909M        82M        12K       840K        20M
-/+ buffers/cache:       888M       103M
Swap:         8.0G       480M       7.5G

             total       used       free     shared    buffers     cached
Mem:          992M       928M        63M        12K       416K        19M
-/+ buffers/cache:       908M        83M
Swap:         8.0G       425M       7.6G

             total       used       free     shared    buffers     cached
Mem:          992M       918M        74M         0B        88K       7.7M
-/+ buffers/cache:       910M        81M
Swap:         8.0G       466M       7.5G

             total       used       free     shared    buffers     cached
Mem:          992M       903M        88M         0B        84K       1.7M
-/+ buffers/cache:       902M        90M
Swap:         8.0G       424M       7.6G

             total       used       free     shared    buffers     cached
Mem:          992M       930M        61M         0B        92K       2.2M
-/+ buffers/cache:       928M        64M
Swap:         8.0G       390M       7.6G

             total       used       free     shared    buffers     cached
Mem:          992M       923M        68M         0B        76K       1.6M
-/+ buffers/cache:       921M        70M
Swap:         8.0G       496M       7.5G

             total       used       free     shared    buffers     cached
Mem:          992M       898M        93M         0B       208K       1.6M
-/+ buffers/cache:       897M        94M
Swap:         8.0G       505M       7.5G

             total       used       free     shared    buffers     cached
Mem:          992M       899M        93M         0B       340K       2.6M
-/+ buffers/cache:       896M        95M
Swap:         8.0G       498M       7.5G

             total       used       free     shared    buffers     cached
Mem:          992M       921M        70M         0B       340K       2.5M
-/+ buffers/cache:       918M        73M
Swap:         8.0G       426M       7.6G

             total       used       free     shared    buffers     cached
Mem:          992M       919M        72M         0B       348K       2.5M
-/+ buffers/cache:       916M        75M
Swap:         8.0G       401M       7.6G

             total       used       free     shared    buffers     cached
Mem:          992M       922M        69M         0B       324K       2.0M
-/+ buffers/cache:       920M        71M
Swap:         8.0G       489M       7.5G

             total       used       free     shared    buffers     cached
Mem:          992M       893M        99M         0B        80K       1.9M
-/+ buffers/cache:       891M       101M
Swap:         8.0G       498M       7.5G

             total       used       free     shared    buffers     cached
Mem:          992M       891M       100M         0B        80K       1.9M
-/+ buffers/cache:       889M       102M
Swap:         8.0G       498M       7.5G

             total       used       free     shared    buffers     cached
Mem:          992M       900M        91M         0B        80K       1.9M
-/+ buffers/cache:       898M        93M
Swap:         8.0G       475M       7.5G

             total       used       free     shared    buffers     cached
Mem:          992M       918M        73M         0B        88K       1.9M
-/+ buffers/cache:       916M        75M
Swap:         8.0G       446M       7.6G

             total       used       free     shared    buffers     cached
Mem:          992M       918M        73M         0B        88K       1.9M
-/+ buffers/cache:       916M        75M
Swap:         8.0G       388M       7.6G

             total       used       free     shared    buffers     cached
Mem:          992M       915M        76M         0B        80K       1.6M
-/+ buffers/cache:       914M        78M
Swap:         8.0G       478M       7.5G

             total       used       free     shared    buffers     cached
Mem:          992M       916M        76M         0B        96K       3.2M
-/+ buffers/cache:       912M        79M
Swap:         8.0G       478M       7.5G

             total       used       free     shared    buffers     cached
Mem:          992M       915M        77M         0B       124K       4.1M
-/+ buffers/cache:       910M        81M
Swap:         8.0G       478M       7.5G

             total       used       free     shared    buffers     cached
Mem:          992M       884M       107M         0B       132K       3.6M
-/+ buffers/cache:       880M       111M
Swap:         8.0G       445M       7.6G

             total       used       free     shared    buffers     cached
Mem:          992M       917M        74M         0B       132K       3.7M
-/+ buffers/cache:       913M        78M
Swap:         8.0G       406M       7.6G

             total       used       free     shared    buffers     cached
Mem:          992M       915M        76M         0B        76K       2.2M
-/+ buffers/cache:       913M        78M
Swap:         8.0G       439M       7.6G

             total       used       free     shared    buffers     cached
Mem:          992M       923M        68M         0B        76K       1.8M
-/+ buffers/cache:       921M        70M
Swap:         8.0G       380M       7.6G

             total       used       free     shared    buffers     cached
Mem:          992M       917M        75M         0B        76K       2.3M
-/+ buffers/cache:       914M        77M
Swap:         8.0G       377M       7.6G

             total       used       free     shared    buffers     cached
Mem:          992M       922M        69M         0B        76K       2.2M
-/+ buffers/cache:       920M        72M
Swap:         8.0G       375M       7.6G

             total       used       free     shared    buffers     cached
Mem:          992M       922M        69M         0B        84K       2.3M
-/+ buffers/cache:       920M        72M
Swap:         8.0G       375M       7.6G

             total       used       free     shared    buffers     cached
Mem:          992M       924M        67M         0B        84K       2.2M
-/+ buffers/cache:       922M        69M
Swap:         8.0G       375M       7.6G

             total       used       free     shared    buffers     cached
Mem:          992M       921M        71M         0B        84K       2.3M
-/+ buffers/cache:       918M        73M
Swap:         8.0G       379M       7.6G

             total       used       free     shared    buffers     cached
Mem:          992M       905M        86M         0B        84K       1.9M
-/+ buffers/cache:       903M        88M
Swap:         8.0G       409M       7.6G

             total       used       free     shared    buffers     cached
Mem:          992M       910M        81M         0B        84K       1.8M
-/+ buffers/cache:       908M        83M
Swap:         8.0G       409M       7.6G

             total       used       free     shared    buffers     cached
Mem:          992M       915M        76M         0B        92K       1.8M
-/+ buffers/cache:       913M        78M
Swap:         8.0G       409M       7.6G

             total       used       free     shared    buffers     cached
Mem:          992M       921M        70M         0B        92K       2.0M
-/+ buffers/cache:       919M        72M
Swap:         8.0G       409M       7.6G

             total       used       free     shared    buffers     cached
Mem:          992M       928M        63M         0B        92K       2.0M
-/+ buffers/cache:       926M        66M
Swap:         8.0G       409M       7.6G

             total       used       free     shared    buffers     cached
Mem:          992M       929M        62M         0B        92K       2.1M
-/+ buffers/cache:       927M        64M
Swap:         8.0G       408M       7.6G

             total       used       free     shared    buffers     cached
Mem:          992M       931M        60M         0B        92K       2.1M
-/+ buffers/cache:       929M        62M
Swap:         8.0G       407M       7.6G

             total       used       free     shared    buffers     cached
Mem:          992M       920M        71M         0B        96K       2.0M
-/+ buffers/cache:       918M        73M
Swap:         8.0G       413M       7.6G

             total       used       free     shared    buffers     cached
Mem:          992M       922M        70M         0B        96K       2.0M
-/+ buffers/cache:       919M        72M
Swap:         8.0G       412M       7.6G

             total       used       free     shared    buffers     cached
Mem:          992M       923M        68M         0B        96K       2.1M
-/+ buffers/cache:       921M        70M
Swap:         8.0G       411M       7.6G

             total       used       free     shared    buffers     cached
Mem:          992M       925M        66M         0B        96K       2.1M
-/+ buffers/cache:       923M        69M
Swap:         8.0G       410M       7.6G

             total       used       free     shared    buffers     cached
Mem:          992M       927M        65M         0B        96K       2.1M
-/+ buffers/cache:       924M        67M
Swap:         8.0G       410M       7.6G

             total       used       free     shared    buffers     cached
Mem:          992M       928M        63M         0B        96K       2.1M
-/+ buffers/cache:       926M        65M
Swap:         8.0G       409M       7.6G

             total       used       free     shared    buffers     cached
Mem:          992M       930M        62M         0B       104K       2.1M
-/+ buffers/cache:       928M        64M
Swap:         8.0G       408M       7.6G

             total       used       free     shared    buffers     cached
Mem:          992M       911M        80M         0B        92K       2.1M
-/+ buffers/cache:       909M        82M
Swap:         8.0G       430M       7.6G

             total       used       free     shared    buffers     cached
Mem:          992M       913M        79M         0B        92K       2.1M
-/+ buffers/cache:       911M        81M
Swap:         8.0G       429M       7.6G

             total       used       free     shared    buffers     cached
Mem:          992M       914M        77M         0B        92K       2.1M
-/+ buffers/cache:       912M        79M
Swap:         8.0G       428M       7.6G

             total       used       free     shared    buffers     cached
Mem:          992M       916M        76M         0B        92K       2.1M
-/+ buffers/cache:       913M        78M
Swap:         8.0G       428M       7.6G

             total       used       free     shared    buffers     cached
Mem:          992M       917M        74M         0B       100K       2.1M
-/+ buffers/cache:       915M        76M
Swap:         8.0G       427M       7.6G

             total       used       free     shared    buffers     cached
Mem:          992M       919M        72M         0B       100K       2.1M
-/+ buffers/cache:       917M        75M
Swap:         8.0G       426M       7.6G

             total       used       free     shared    buffers     cached
Mem:          992M       920M        71M         0B       100K       2.1M
-/+ buffers/cache:       918M        73M
Swap:         8.0G       425M       7.6G

             total       used       free     shared    buffers     cached
Mem:          992M       922M        69M         0B       100K       2.1M
-/+ buffers/cache:       920M        72M
Swap:         8.0G       424M       7.6G

             total       used       free     shared    buffers     cached
Mem:          992M       919M        72M         0B        80K        18M
-/+ buffers/cache:       900M        91M
Swap:         8.0G       454M       7.6G

             total       used       free     shared    buffers     cached
Mem:          992M       921M        70M         0B       240K        19M
-/+ buffers/cache:       901M        90M
Swap:         8.0G       453M       7.6G

             total       used       free     shared    buffers     cached
Mem:          992M       927M        64M         0B       1.8M        22M
-/+ buffers/cache:       903M        89M
Swap:         8.0G       453M       7.6G

             total       used       free     shared    buffers     cached
Mem:          992M       929M        62M         4K       1.8M        22M
-/+ buffers/cache:       904M        87M
Swap:         8.0G       452M       7.6G

             total       used       free     shared    buffers     cached
Mem:          992M       931M        60M         4K       1.8M        23M
-/+ buffers/cache:       906M        85M
Swap:         8.0G       451M       7.6G

             total       used       free     shared    buffers     cached
Mem:          992M       919M        72M         4K       1.7M        21M
-/+ buffers/cache:       896M        96M
Swap:         8.0G       463M       7.5G

             total       used       free     shared    buffers     cached
Mem:          992M       921M        70M         4K       1.7M        21M
-/+ buffers/cache:       897M        94M
Swap:         8.0G       462M       7.5G

             total       used       free     shared    buffers     cached
Mem:          992M       924M        67M         4K       2.0M        22M
-/+ buffers/cache:       900M        91M
Swap:         8.0G       461M       7.5G

             total       used       free     shared    buffers     cached
Mem:          992M       919M        72M         4K       2.2M        31M
-/+ buffers/cache:       886M       105M
Swap:         8.0G       482M       7.5G

             total       used       free     shared    buffers     cached
Mem:          992M       920M        71M        32K       2.2M        31M
-/+ buffers/cache:       887M       104M
Swap:         8.0G       482M       7.5G

             total       used       free     shared    buffers     cached
Mem:          992M       921M        70M        32K       2.2M        31M
-/+ buffers/cache:       888M       104M
Swap:         8.0G       481M       7.5G

             total       used       free     shared    buffers     cached
Mem:          992M       922M        69M        32K       2.2M        31M
-/+ buffers/cache:       889M       103M
Swap:         8.0G       481M       7.5G

             total       used       free     shared    buffers     cached
Mem:          992M       923M        68M        32K       2.2M        31M
-/+ buffers/cache:       889M       102M
Swap:         8.0G       481M       7.5G

             total       used       free     shared    buffers     cached
Mem:          992M       924M        67M        32K       2.2M        31M
-/+ buffers/cache:       890M       101M
Swap:         8.0G       480M       7.5G

             total       used       free     shared    buffers     cached
Mem:          992M       925M        67M        32K       2.2M        31M
-/+ buffers/cache:       891M       100M
Swap:         8.0G       480M       7.5G

             total       used       free     shared    buffers     cached
Mem:          992M       926M        66M        32K       2.2M        31M
-/+ buffers/cache:       892M        99M
Swap:         8.0G       479M       7.5G

             total       used       free     shared    buffers     cached
Mem:          992M       927M        64M        32K       2.2M        31M
-/+ buffers/cache:       894M        98M
Swap:         8.0G       479M       7.5G

             total       used       free     shared    buffers     cached
Mem:          992M       918M        73M        32K       4.4M        44M
-/+ buffers/cache:       869M       122M
Swap:         8.0G       502M       7.5G

             total       used       free     shared    buffers     cached
Mem:          992M       909M        82M       556K       4.8M        48M
-/+ buffers/cache:       856M       136M
Swap:         8.0G       528M       7.5G

             total       used       free     shared    buffers     cached
Mem:          992M       918M        73M       580K       4.8M        52M
-/+ buffers/cache:       861M       130M
Swap:         8.0G       526M       7.5G

             total       used       free     shared    buffers     cached
Mem:          992M       919M        72M       580K       4.8M        52M
-/+ buffers/cache:       862M       130M
Swap:         8.0G       525M       7.5G

             total       used       free     shared    buffers     cached
Mem:          992M       920M        71M       580K       4.8M        52M
-/+ buffers/cache:       863M       129M
Swap:         8.0G       525M       7.5G

             total       used       free     shared    buffers     cached
Mem:          992M       921M        70M       580K       4.8M        52M
-/+ buffers/cache:       864M       128M
Swap:         8.0G       524M       7.5G

             total       used       free     shared    buffers     cached
Mem:          992M       922M        69M       580K       4.8M        52M
-/+ buffers/cache:       865M       127M
Swap:         8.0G       524M       7.5G

             total       used       free     shared    buffers     cached
Mem:          992M       923M        68M       580K       4.8M        52M
-/+ buffers/cache:       865M       126M
Swap:         8.0G       524M       7.5G

             total       used       free     shared    buffers     cached
Mem:          992M       924M        67M       580K       4.8M        52M
-/+ buffers/cache:       866M       125M
Swap:         8.0G       523M       7.5G

             total       used       free     shared    buffers     cached
Mem:          992M       925M        66M       580K       4.8M        52M
-/+ buffers/cache:       867M       124M
Swap:         8.0G       523M       7.5G

             total       used       free     shared    buffers     cached
Mem:          992M       926M        65M       580K       4.8M        52M
-/+ buffers/cache:       868M       123M
Swap:         8.0G       523M       7.5G

             total       used       free     shared    buffers     cached
Mem:          992M       927M        65M       580K       4.8M        52M
-/+ buffers/cache:       869M       122M
Swap:         8.0G       522M       7.5G

             total       used       free     shared    buffers     cached
Mem:          992M       928M        63M       580K       4.8M        52M
-/+ buffers/cache:       870M       121M
Swap:         8.0G       522M       7.5G

             total       used       free     shared    buffers     cached
Mem:          992M       929M        63M       580K       4.8M        52M
-/+ buffers/cache:       871M       120M
Swap:         8.0G       521M       7.5G

             total       used       free     shared    buffers     cached
Mem:          992M       930M        62M       580K       4.8M        52M
-/+ buffers/cache:       872M       119M
Swap:         8.0G       521M       7.5G

             total       used       free     shared    buffers     cached
Mem:          992M       931M        61M       580K       4.8M        52M
-/+ buffers/cache:       873M       118M
Swap:         8.0G       521M       7.5G

             total       used       free     shared    buffers     cached
Mem:          992M       914M        78M       580K       4.4M        51M
-/+ buffers/cache:       858M       133M
Swap:         8.0G       536M       7.5G

             total       used       free     shared    buffers     cached
Mem:          992M       915M        77M       580K       4.4M        51M
-/+ buffers/cache:       859M       132M
Swap:         8.0G       536M       7.5G

             total       used       free     shared    buffers     cached
Mem:          992M       915M        76M       580K       4.4M        51M
-/+ buffers/cache:       860M       132M
Swap:         8.0G       535M       7.5G

             total       used       free     shared    buffers     cached
Mem:          992M       916M        75M       580K       4.4M        51M
-/+ buffers/cache:       861M       131M
Swap:         8.0G       535M       7.5G

             total       used       free     shared    buffers     cached
Mem:          992M       917M        74M       580K       4.4M        51M
-/+ buffers/cache:       862M       130M
Swap:         8.0G       535M       7.5G

             total       used       free     shared    buffers     cached
Mem:          992M       918M        73M       580K       4.4M        51M
-/+ buffers/cache:       863M       128M
Swap:         8.0G       534M       7.5G

             total       used       free     shared    buffers     cached
Mem:          992M       919M        72M       580K       4.4M        51M
-/+ buffers/cache:       864M       128M
Swap:         8.0G       534M       7.5G

             total       used       free     shared    buffers     cached
Mem:          992M       921M        71M       580K       4.4M        51M
-/+ buffers/cache:       865M       126M
Swap:         8.0G       533M       7.5G

             total       used       free     shared    buffers     cached
Mem:          992M       921M        70M       580K       4.4M        51M
-/+ buffers/cache:       866M       126M
Swap:         8.0G       533M       7.5G

             total       used       free     shared    buffers     cached
Mem:          992M       922M        69M       580K       4.4M        51M
-/+ buffers/cache:       867M       124M
Swap:         8.0G       533M       7.5G

             total       used       free     shared    buffers     cached
Mem:          992M       923M        68M       580K       4.4M        51M
-/+ buffers/cache:       868M       123M
Swap:         8.0G       532M       7.5G

             total       used       free     shared    buffers     cached
Mem:          992M       924M        67M       580K       4.4M        51M
-/+ buffers/cache:       869M       123M
Swap:         8.0G       532M       7.5G

             total       used       free     shared    buffers     cached
Mem:          992M       926M        66M       580K       4.4M        51M
-/+ buffers/cache:       870M       121M
Swap:         8.0G       531M       7.5G

             total       used       free     shared    buffers     cached
Mem:          992M       926M        65M       580K       4.4M        51M
-/+ buffers/cache:       871M       120M
Swap:         8.0G       531M       7.5G

             total       used       free     shared    buffers     cached
Mem:          992M       927M        64M       580K       4.4M        51M
-/+ buffers/cache:       872M       120M
Swap:         8.0G       531M       7.5G

             total       used       free     shared    buffers     cached
Mem:          992M       928M        63M       580K       4.4M        51M
-/+ buffers/cache:       873M       119M
Swap:         8.0G       530M       7.5G

             total       used       free     shared    buffers     cached
Mem:          992M       929M        62M       580K       4.4M        51M
-/+ buffers/cache:       874M       118M
Swap:         8.0G       530M       7.5G

             total       used       free     shared    buffers     cached
Mem:          992M       930M        61M       580K       4.4M        51M
-/+ buffers/cache:       875M       117M
Swap:         8.0G       529M       7.5G

             total       used       free     shared    buffers     cached
Mem:          992M       917M        74M       580K       4.4M        50M
-/+ buffers/cache:       863M       129M
Swap:         8.0G       545M       7.5G

             total       used       free     shared    buffers     cached
Mem:          992M       918M        73M       580K       4.4M        50M
-/+ buffers/cache:       864M       128M
Swap:         8.0G       544M       7.5G

             total       used       free     shared    buffers     cached
Mem:          992M       919M        72M       580K       4.4M        50M
-/+ buffers/cache:       864M       127M
Swap:         8.0G       544M       7.5G

             total       used       free     shared    buffers     cached
Mem:          992M       920M        71M       580K       4.4M        50M
-/+ buffers/cache:       865M       126M
Swap:         8.0G       544M       7.5G

             total       used       free     shared    buffers     cached
Mem:          992M       921M        70M       580K       4.4M        50M
-/+ buffers/cache:       866M       125M
Swap:         8.0G       543M       7.5G

             total       used       free     shared    buffers     cached
Mem:          992M       922M        69M       580K       4.4M        50M
-/+ buffers/cache:       867M       124M
Swap:         8.0G       543M       7.5G

             total       used       free     shared    buffers     cached
Mem:          992M       923M        68M       580K       4.4M        50M
-/+ buffers/cache:       868M       123M
Swap:         8.0G       542M       7.5G

             total       used       free     shared    buffers     cached
Mem:          992M       924M        67M       580K       4.4M        50M
-/+ buffers/cache:       869M       122M
Swap:         8.0G       542M       7.5G

             total       used       free     shared    buffers     cached
Mem:          992M       925M        67M       580K       4.4M        50M
-/+ buffers/cache:       870M       121M
Swap:         8.0G       541M       7.5G

             total       used       free     shared    buffers     cached
Mem:          992M       927M        64M       580K       4.4M        51M
-/+ buffers/cache:       871M       120M
Swap:         8.0G       541M       7.5G

             total       used       free     shared    buffers     cached
Mem:          992M       928M        64M       580K       4.4M        51M
-/+ buffers/cache:       872M       119M
Swap:         8.0G       540M       7.5G

             total       used       free     shared    buffers     cached
Mem:          992M       929M        62M       580K       4.4M        51M
-/+ buffers/cache:       873M       118M
Swap:         8.0G       540M       7.5G

             total       used       free     shared    buffers     cached
Mem:          992M       930M        61M       580K       4.4M        51M
-/+ buffers/cache:       874M       117M
Swap:         8.0G       539M       7.5G

             total       used       free     shared    buffers     cached
Mem:          992M       931M        60M       580K       4.4M        51M
-/+ buffers/cache:       875M       116M
Swap:         8.0G       539M       7.5G

             total       used       free     shared    buffers     cached
Mem:          992M       920M        71M       580K       4.4M        50M
-/+ buffers/cache:       865M       126M
Swap:         8.0G       539M       7.5G

             total       used       free     shared    buffers     cached
Mem:          992M       922M        70M       580K       4.4M        50M
-/+ buffers/cache:       866M       125M
Swap:         8.0G       538M       7.5G

             total       used       free     shared    buffers     cached
Mem:          992M       923M        68M       580K       4.4M        50M
-/+ buffers/cache:       868M       124M
Swap:         8.0G       538M       7.5G

             total       used       free     shared    buffers     cached
Mem:          992M       924M        67M       580K       4.4M        50M
-/+ buffers/cache:       869M       123M
Swap:         8.0G       537M       7.5G

             total       used       free     shared    buffers     cached
Mem:          992M       925M        66M       580K       4.4M        50M
-/+ buffers/cache:       870M       121M
Swap:         8.0G       537M       7.5G

             total       used       free     shared    buffers     cached
Mem:          992M       926M        65M       580K       4.4M        50M
-/+ buffers/cache:       871M       120M
Swap:         8.0G       536M       7.5G

             total       used       free     shared    buffers     cached
Mem:          992M       928M        64M       580K       4.4M        51M
-/+ buffers/cache:       872M       119M
Swap:         8.0G       536M       7.5G

             total       used       free     shared    buffers     cached
Mem:          992M       929M        62M       580K       4.4M        51M
-/+ buffers/cache:       873M       118M
Swap:         8.0G       535M       7.5G

             total       used       free     shared    buffers     cached
Mem:          992M       923M        68M       584K       2.6M        73M
-/+ buffers/cache:       847M       144M
Swap:         8.0G       577M       7.4G

             total       used       free     shared    buffers     cached
Mem:          992M       918M        73M       584K       2.4M        73M
-/+ buffers/cache:       842M       149M
Swap:         8.0G       590M       7.4G

             total       used       free     shared    buffers     cached
Mem:          992M       912M        79M       584K       3.0M        74M
-/+ buffers/cache:       834M       157M
Swap:         8.0G       589M       7.4G

             total       used       free     shared    buffers     cached
Mem:          992M       918M        73M       584K       3.0M        76M
-/+ buffers/cache:       839M       152M
Swap:         8.0G       587M       7.4G

             total       used       free     shared    buffers     cached
Mem:          992M       925M        67M       584K       3.0M        78M
-/+ buffers/cache:       843M       148M
Swap:         8.0G       585M       7.4G

             total       used       free     shared    buffers     cached
Mem:          992M       925M        66M       584K       3.0M        78M
-/+ buffers/cache:       843M       148M
Swap:         8.0G       585M       7.4G

             total       used       free     shared    buffers     cached
Mem:          992M       926M        65M       584K       3.0M        78M
-/+ buffers/cache:       844M       147M
Swap:         8.0G       584M       7.4G

             total       used       free     shared    buffers     cached
Mem:          992M       926M        65M       584K       3.0M        78M
-/+ buffers/cache:       845M       147M
Swap:         8.0G       584M       7.4G

             total       used       free     shared    buffers     cached
Mem:          992M       927M        65M       584K       3.0M        78M
-/+ buffers/cache:       845M       146M
Swap:         8.0G       584M       7.4G

             total       used       free     shared    buffers     cached
Mem:          992M       918M        73M       584K       3.9M        79M
-/+ buffers/cache:       834M       157M
Swap:         8.0G       587M       7.4G

             total       used       free     shared    buffers     cached
Mem:          992M       921M        70M       588K       3.9M        80M
-/+ buffers/cache:       837M       155M
Swap:         8.0G       587M       7.4G

             total       used       free     shared    buffers     cached
Mem:          992M       923M        68M       588K       4.2M        81M
-/+ buffers/cache:       838M       153M
Swap:         8.0G       586M       7.4G

             total       used       free     shared    buffers     cached
Mem:          992M       928M        63M       588K       4.3M        82M
-/+ buffers/cache:       841M       150M
Swap:         8.0G       585M       7.4G

             total       used       free     shared    buffers     cached
Mem:          992M       912M        79M       588K       2.6M        70M
-/+ buffers/cache:       839M       152M
Swap:         8.0G       616M       7.4G

             total       used       free     shared    buffers     cached
Mem:          992M       916M        76M       584K       2.6M        75M
-/+ buffers/cache:       838M       153M
Swap:         8.0G       616M       7.4G

             total       used       free     shared    buffers     cached
Mem:          992M       905M        86M       4.4M       6.7M        64M
-/+ buffers/cache:       834M       157M
Swap:         8.0G       617M       7.4G

             total       used       free     shared    buffers     cached
Mem:          992M       908M        83M       4.4M       5.5M        75M
-/+ buffers/cache:       827M       164M
Swap:         8.0G       616M       7.4G

             total       used       free     shared    buffers     cached
Mem:          992M       914M        78M       816K       5.6M        77M
-/+ buffers/cache:       830M       161M
Swap:         8.0G       615M       7.4G

             total       used       free     shared    buffers     cached
Mem:          992M       911M        80M       796K       4.2M        71M
-/+ buffers/cache:       836M       156M
Swap:         8.0G       636M       7.4G

             total       used       free     shared    buffers     cached
Mem:          992M       917M        74M       820K       4.2M        78M
-/+ buffers/cache:       835M       157M
Swap:         8.0G       636M       7.4G

             total       used       free     shared    buffers     cached
Mem:          992M       921M        70M       820K       4.2M        81M
-/+ buffers/cache:       835M       156M
Swap:         8.0G       635M       7.4G

             total       used       free     shared    buffers     cached
Mem:          992M       925M        66M       820K       4.2M        84M
-/+ buffers/cache:       836M       155M
Swap:         8.0G       635M       7.4G

             total       used       free     shared    buffers     cached
Mem:          992M       926M        65M       820K       4.3M        84M
-/+ buffers/cache:       837M       154M
Swap:         8.0G       634M       7.4G

             total       used       free     shared    buffers     cached
Mem:          992M       930M        62M       820K       4.4M        86M
-/+ buffers/cache:       838M       153M
Swap:         8.0G       634M       7.4G

             total       used       free     shared    buffers     cached
Mem:          992M       894M        98M       820K       1.6M        73M
-/+ buffers/cache:       819M       173M
Swap:         8.0G       634M       7.4G

             total       used       free     shared    buffers     cached
Mem:          992M       895M        96M       820K       2.0M        73M
-/+ buffers/cache:       819M       172M
Swap:         8.0G       634M       7.4G

             total       used       free     shared    buffers     cached
Mem:          992M       897M        94M       820K       2.0M        74M
-/+ buffers/cache:       821M       170M
Swap:         8.0G       633M       7.4G

             total       used       free     shared    buffers     cached
Mem:          992M       899M        93M       820K       2.1M        74M
-/+ buffers/cache:       822M       169M
Swap:         8.0G       632M       7.4G

             total       used       free     shared    buffers     cached
Mem:          992M       906M        86M       820K       2.4M        79M
-/+ buffers/cache:       823M       168M
Swap:         8.0G       632M       7.4G

             total       used       free     shared    buffers     cached
Mem:          992M       917M        74M       820K       2.4M        90M
-/+ buffers/cache:       824M       167M
Swap:         8.0G       631M       7.4G

             total       used       free     shared    buffers     cached
Mem:          992M       919M        72M       820K       1.7M        92M
-/+ buffers/cache:       825M       166M
Swap:         8.0G       631M       7.4G

             total       used       free     shared    buffers     cached
Mem:          992M       922M        70M       820K       1.3M        94M
-/+ buffers/cache:       825M       166M
Swap:         8.0G       631M       7.4G

             total       used       free     shared    buffers     cached
Mem:          992M       925M        66M       820K       1.3M        98M
-/+ buffers/cache:       826M       165M
Swap:         8.0G       630M       7.4G

             total       used       free     shared    buffers     cached
Mem:          992M       918M        73M       820K       1.3M        89M
-/+ buffers/cache:       828M       164M
Swap:         8.0G       630M       7.4G

             total       used       free     shared    buffers     cached
Mem:          992M       919M        72M       820K       1.3M        89M
-/+ buffers/cache:       828M       163M
Swap:         8.0G       629M       7.4G

             total       used       free     shared    buffers     cached
Mem:          992M       920M        71M       820K       1.3M        89M
-/+ buffers/cache:       830M       161M
Swap:         8.0G       629M       7.4G

             total       used       free     shared    buffers     cached
Mem:          992M       922M        69M       820K       1.3M        89M
-/+ buffers/cache:       831M       160M
Swap:         8.0G       628M       7.4G

             total       used       free     shared    buffers     cached
Mem:          992M       923M        68M       820K       1.3M        89M
-/+ buffers/cache:       832M       159M
Swap:         8.0G       627M       7.4G

             total       used       free     shared    buffers     cached
Mem:          992M       922M        70M       820K       1.7M        93M
-/+ buffers/cache:       827M       164M
Swap:         8.0G       627M       7.4G

             total       used       free     shared    buffers     cached
Mem:          992M       920M        71M       820K       1.7M        90M
-/+ buffers/cache:       828M       163M
Swap:         8.0G       626M       7.4G

             total       used       free     shared    buffers     cached
Mem:          992M       923M        68M       820K       1.7M        92M
-/+ buffers/cache:       829M       163M
Swap:         8.0G       626M       7.4G

             total       used       free     shared    buffers     cached
Mem:          992M       918M        73M       820K       1.7M        88M
-/+ buffers/cache:       828M       164M
Swap:         8.0G       628M       7.4G

             total       used       free     shared    buffers     cached
Mem:          992M       918M        73M       820K       1.7M        88M
-/+ buffers/cache:       828M       164M
Swap:         8.0G       628M       7.4G

             total       used       free     shared    buffers     cached
Mem:          992M       918M        73M       820K       1.7M        88M
-/+ buffers/cache:       828M       164M
Swap:         8.0G       628M       7.4G

             total       used       free     shared    buffers     cached
Mem:          992M       920M        71M       820K       1.7M        88M
-/+ buffers/cache:       829M       162M
Swap:         8.0G       628M       7.4G

             total       used       free     shared    buffers     cached
Mem:          992M       920M        71M       820K       1.7M        88M
-/+ buffers/cache:       829M       162M
Swap:         8.0G       628M       7.4G

             total       used       free     shared    buffers     cached
Mem:          992M       920M        71M       820K       1.7M        88M
-/+ buffers/cache:       829M       162M
Swap:         8.0G       628M       7.4G

             total       used       free     shared    buffers     cached
Mem:          992M       919M        72M       820K       1.8M        89M
-/+ buffers/cache:       828M       163M
Swap:         8.0G       628M       7.4G

             total       used       free     shared    buffers     cached
Mem:          992M       919M        72M       820K       1.8M        89M
-/+ buffers/cache:       828M       163M
Swap:         8.0G       628M       7.4G

             total       used       free     shared    buffers     cached
Mem:          992M       919M        72M       820K       1.8M        89M
-/+ buffers/cache:       828M       163M
Swap:         8.0G       628M       7.4G

             total       used       free     shared    buffers     cached
Mem:          992M       919M        72M       820K       1.8M        89M
-/+ buffers/cache:       828M       164M
Swap:         8.0G       628M       7.4G

             total       used       free     shared    buffers     cached
Mem:          992M       927M        65M       820K       2.2M        96M
-/+ buffers/cache:       828M       163M
Swap:         8.0G       628M       7.4G

             total       used       free     shared    buffers     cached
Mem:          992M       927M        65M       820K       2.2M        96M
-/+ buffers/cache:       828M       163M
Swap:         8.0G       628M       7.4G

             total       used       free     shared    buffers     cached
Mem:          992M       927M        64M       820K       2.2M        96M
-/+ buffers/cache:       828M       163M
Swap:         8.0G       628M       7.4G

             total       used       free     shared    buffers     cached
Mem:          992M       927M        64M       820K       2.2M        96M
-/+ buffers/cache:       828M       163M
Swap:         8.0G       628M       7.4G

             total       used       free     shared    buffers     cached
Mem:          992M       927M        64M       820K       2.2M        96M
-/+ buffers/cache:       828M       163M
Swap:         8.0G       628M       7.4G

             total       used       free     shared    buffers     cached
Mem:          992M       926M        65M       820K       2.2M        96M
-/+ buffers/cache:       828M       164M
Swap:         8.0G       628M       7.4G

             total       used       free     shared    buffers     cached
Mem:          992M       926M        65M       820K       2.2M        96M
-/+ buffers/cache:       828M       164M
Swap:         8.0G       628M       7.4G

             total       used       free     shared    buffers     cached
Mem:          992M       926M        65M       820K       2.2M        96M
-/+ buffers/cache:       828M       164M
Swap:         8.0G       628M       7.4G

             total       used       free     shared    buffers     cached
Mem:          992M       929M        62M       820K       2.2M        99M
-/+ buffers/cache:       828M       164M
Swap:         8.0G       628M       7.4G

             total       used       free     shared    buffers     cached
Mem:          992M       929M        62M       820K       2.2M        99M
-/+ buffers/cache:       828M       164M
Swap:         8.0G       628M       7.4G

             total       used       free     shared    buffers     cached
Mem:          992M       915M        76M       820K       2.2M        85M
-/+ buffers/cache:       827M       164M
Swap:         8.0G       632M       7.4G

             total       used       free     shared    buffers     cached
Mem:          992M       915M        76M       820K       2.2M        85M
-/+ buffers/cache:       827M       164M
Swap:         8.0G       632M       7.4G

             total       used       free     shared    buffers     cached
Mem:          992M       915M        76M       820K       2.2M        85M
-/+ buffers/cache:       827M       164M
Swap:         8.0G       632M       7.4G

             total       used       free     shared    buffers     cached
Mem:          992M       915M        76M       820K       2.2M        85M
-/+ buffers/cache:       827M       164M
Swap:         8.0G       632M       7.4G

             total       used       free     shared    buffers     cached
Mem:          992M       915M        76M       820K       2.2M        85M
-/+ buffers/cache:       827M       164M
Swap:         8.0G       632M       7.4G

             total       used       free     shared    buffers     cached
Mem:          992M       915M        77M       820K       2.2M        86M
-/+ buffers/cache:       826M       165M
Swap:         8.0G       632M       7.4G

             total       used       free     shared    buffers     cached
Mem:          992M       915M        77M       820K       2.2M        86M
-/+ buffers/cache:       826M       165M
Swap:         8.0G       632M       7.4G

             total       used       free     shared    buffers     cached
Mem:          992M       915M        77M       820K       2.2M        86M
-/+ buffers/cache:       826M       165M
Swap:         8.0G       632M       7.4G

             total       used       free     shared    buffers     cached
Mem:          992M       928M        64M       820K       3.2M        96M
-/+ buffers/cache:       828M       163M
Swap:         8.0G       632M       7.4G

             total       used       free     shared    buffers     cached
Mem:          992M       928M        64M       820K       3.2M        96M
-/+ buffers/cache:       828M       163M
Swap:         8.0G       632M       7.4G

             total       used       free     shared    buffers     cached
Mem:          992M       928M        64M       820K       3.2M        96M
-/+ buffers/cache:       828M       163M
Swap:         8.0G       632M       7.4G

             total       used       free     shared    buffers     cached
Mem:          992M       928M        64M       820K       3.2M        96M
-/+ buffers/cache:       828M       163M
Swap:         8.0G       632M       7.4G

             total       used       free     shared    buffers     cached
Mem:          992M       928M        64M       820K       3.2M        96M
-/+ buffers/cache:       828M       163M
Swap:         8.0G       632M       7.4G

             total       used       free     shared    buffers     cached
Mem:          992M       928M        64M       820K       3.2M        96M
-/+ buffers/cache:       828M       163M
Swap:         8.0G       632M       7.4G

             total       used       free     shared    buffers     cached
Mem:          992M       929M        62M       820K       3.2M        98M
-/+ buffers/cache:       828M       163M
Swap:         8.0G       632M       7.4G

             total       used       free     shared    buffers     cached
Mem:          992M       929M        62M       820K       3.2M        98M
-/+ buffers/cache:       828M       163M
Swap:         8.0G       632M       7.4G

             total       used       free     shared    buffers     cached
Mem:          992M       929M        62M       820K       3.2M        98M
-/+ buffers/cache:       828M       163M
Swap:         8.0G       632M       7.4G

             total       used       free     shared    buffers     cached
Mem:          992M       929M        62M       820K       3.2M        98M
-/+ buffers/cache:       828M       163M
Swap:         8.0G       632M       7.4G

             total       used       free     shared    buffers     cached
Mem:          992M       929M        62M       820K       3.2M        98M
-/+ buffers/cache:       828M       163M
Swap:         8.0G       632M       7.4G

             total       used       free     shared    buffers     cached
Mem:          992M       929M        62M       820K       3.2M        98M
-/+ buffers/cache:       828M       163M
Swap:         8.0G       632M       7.4G

             total       used       free     shared    buffers     cached
Mem:          992M       929M        62M       820K       3.2M        98M
-/+ buffers/cache:       828M       163M
Swap:         8.0G       632M       7.4G

             total       used       free     shared    buffers     cached
Mem:          992M       929M        62M       820K       3.2M        98M
-/+ buffers/cache:       828M       163M
Swap:         8.0G       632M       7.4G

             total       used       free     shared    buffers     cached
Mem:          992M       917M        74M       864K       3.9M        88M
-/+ buffers/cache:       824M       167M
Swap:         8.0G       633M       7.4G

             total       used       free     shared    buffers     cached
Mem:          992M       917M        74M       864K       6.1M        78M
-/+ buffers/cache:       832M       159M
Swap:         8.0G       632M       7.4G

             total       used       free     shared    buffers     cached
Mem:          992M       917M        74M       864K       6.1M        78M
-/+ buffers/cache:       832M       159M
Swap:         8.0G       632M       7.4G

             total       used       free     shared    buffers     cached
Mem:          992M       917M        74M       864K       6.1M        78M
-/+ buffers/cache:       832M       159M
Swap:         8.0G       632M       7.4G

             total       used       free     shared    buffers     cached
Mem:          992M       917M        75M       864K       6.1M        78M
-/+ buffers/cache:       832M       159M
Swap:         8.0G       632M       7.4G

             total       used       free     shared    buffers     cached
Mem:          992M       917M        75M       864K       6.1M        78M
-/+ buffers/cache:       832M       159M
Swap:         8.0G       632M       7.4G

             total       used       free     shared    buffers     cached
Mem:          992M       917M        75M       864K       6.1M        78M
-/+ buffers/cache:       832M       159M
Swap:         8.0G       632M       7.4G

             total       used       free     shared    buffers     cached
Mem:          992M       917M        75M       864K       6.1M        78M
-/+ buffers/cache:       832M       159M
Swap:         8.0G       632M       7.4G

             total       used       free     shared    buffers     cached
Mem:          992M       917M        75M       864K       6.1M        78M
-/+ buffers/cache:       832M       159M
Swap:         8.0G       632M       7.4G

             total       used       free     shared    buffers     cached
Mem:          992M       917M        75M       864K       6.1M        78M
-/+ buffers/cache:       832M       159M
Swap:         8.0G       632M       7.4G

             total       used       free     shared    buffers     cached
Mem:          992M       917M        75M       864K       6.1M        78M
-/+ buffers/cache:       832M       159M
Swap:         8.0G       632M       7.4G

             total       used       free     shared    buffers     cached
Mem:          992M       927M        64M       864K       6.1M        88M
-/+ buffers/cache:       833M       159M
Swap:         8.0G       632M       7.4G

             total       used       free     shared    buffers     cached
Mem:          992M       927M        64M       864K       6.1M        88M
-/+ buffers/cache:       833M       159M
Swap:         8.0G       632M       7.4G

             total       used       free     shared    buffers     cached
Mem:          992M       927M        64M       864K       6.1M        88M
-/+ buffers/cache:       833M       159M
Swap:         8.0G       632M       7.4G

             total       used       free     shared    buffers     cached
Mem:          992M       927M        64M       864K       6.1M        88M
-/+ buffers/cache:       833M       159M
Swap:         8.0G       632M       7.4G

             total       used       free     shared    buffers     cached
Mem:          992M       927M        64M       864K       6.1M        88M
-/+ buffers/cache:       833M       159M
Swap:         8.0G       632M       7.4G

             total       used       free     shared    buffers     cached
Mem:          992M       927M        64M       864K       6.1M        88M
-/+ buffers/cache:       833M       159M
Swap:         8.0G       632M       7.4G

             total       used       free     shared    buffers     cached
Mem:          992M       927M        64M       864K       6.1M        88M
-/+ buffers/cache:       833M       159M
Swap:         8.0G       632M       7.4G

             total       used       free     shared    buffers     cached
Mem:          992M       915M        76M       864K       4.8M        77M
-/+ buffers/cache:       833M       158M
Swap:         8.0G       638M       7.4G

             total       used       free     shared    buffers     cached
Mem:          992M       915M        77M       864K       4.8M        77M
-/+ buffers/cache:       832M       159M
Swap:         8.0G       638M       7.4G

             total       used       free     shared    buffers     cached
Mem:          992M       915M        77M       864K       4.8M        77M
-/+ buffers/cache:       832M       159M
Swap:         8.0G       638M       7.4G

             total       used       free     shared    buffers     cached
Mem:          992M       915M        77M       864K       4.8M        77M
-/+ buffers/cache:       832M       159M
Swap:         8.0G       638M       7.4G

             total       used       free     shared    buffers     cached
Mem:          992M       915M        77M       864K       4.8M        77M
-/+ buffers/cache:       832M       159M
Swap:         8.0G       638M       7.4G

             total       used       free     shared    buffers     cached
Mem:          992M       916M        75M       864K       4.8M        78M
-/+ buffers/cache:       833M       158M
Swap:         8.0G       638M       7.4G

             total       used       free     shared    buffers     cached
Mem:          992M       916M        75M       864K       4.9M        78M
-/+ buffers/cache:       832M       159M
Swap:         8.0G       638M       7.4G

             total       used       free     shared    buffers     cached
Mem:          992M       912M        79M       864K       4.7M        82M
-/+ buffers/cache:       825M       166M
Swap:         8.0G       638M       7.4G

             total       used       free     shared    buffers     cached
Mem:          992M       912M        79M       864K       4.7M        82M
-/+ buffers/cache:       825M       166M
Swap:         8.0G       638M       7.4G

             total       used       free     shared    buffers     cached
Mem:          992M       912M        79M       864K       4.7M        82M
-/+ buffers/cache:       825M       166M
Swap:         8.0G       638M       7.4G

             total       used       free     shared    buffers     cached
Mem:          992M       913M        79M       864K       4.7M        83M
-/+ buffers/cache:       825M       167M
Swap:         8.0G       638M       7.4G

             total       used       free     shared    buffers     cached
Mem:          992M       913M        78M       864K       4.7M        83M
-/+ buffers/cache:       825M       166M
Swap:         8.0G       638M       7.4G

             total       used       free     shared    buffers     cached
Mem:          992M       913M        78M       864K       4.7M        83M
-/+ buffers/cache:       825M       166M
Swap:         8.0G       638M       7.4G

             total       used       free     shared    buffers     cached
Mem:          992M       913M        78M       864K       4.7M        83M
-/+ buffers/cache:       825M       166M
Swap:         8.0G       638M       7.4G

             total       used       free     shared    buffers     cached
Mem:          992M       913M        78M       864K       4.7M        83M
-/+ buffers/cache:       825M       166M
Swap:         8.0G       638M       7.4G

             total       used       free     shared    buffers     cached
Mem:          992M       915M        76M       864K       1.9M        88M
-/+ buffers/cache:       825M       166M
Swap:         8.0G       638M       7.4G

             total       used       free     shared    buffers     cached
Mem:          992M       919M        72M       864K       1.9M        91M
-/+ buffers/cache:       826M       166M
Swap:         8.0G       638M       7.4G

             total       used       free     shared    buffers     cached
Mem:          992M       919M        72M       864K       1.9M        91M
-/+ buffers/cache:       826M       166M
Swap:         8.0G       638M       7.4G

             total       used       free     shared    buffers     cached
Mem:          992M       919M        72M       864K       1.9M        91M
-/+ buffers/cache:       826M       165M
Swap:         8.0G       638M       7.4G

             total       used       free     shared    buffers     cached
Mem:          992M       919M        72M       864K       1.9M        91M
-/+ buffers/cache:       826M       165M
Swap:         8.0G       638M       7.4G

             total       used       free     shared    buffers     cached
Mem:          992M       919M        72M       864K       1.9M        91M
-/+ buffers/cache:       826M       165M
Swap:         8.0G       638M       7.4G

             total       used       free     shared    buffers     cached
Mem:          992M       919M        72M       864K       1.9M        91M
-/+ buffers/cache:       826M       165M
Swap:         8.0G       638M       7.4G

             total       used       free     shared    buffers     cached
Mem:          992M       919M        72M       864K       1.9M        91M
-/+ buffers/cache:       826M       165M
Swap:         8.0G       638M       7.4G

             total       used       free     shared    buffers     cached
Mem:          992M       919M        72M       864K       1.9M        91M
-/+ buffers/cache:       826M       165M
Swap:         8.0G       638M       7.4G

             total       used       free     shared    buffers     cached
Mem:          992M       930M        61M       864K       3.7M        98M
-/+ buffers/cache:       828M       163M
Swap:         8.0G       638M       7.4G

             total       used       free     shared    buffers     cached
Mem:          992M       930M        61M       864K       3.7M        98M
-/+ buffers/cache:       828M       163M
Swap:         8.0G       638M       7.4G

             total       used       free     shared    buffers     cached
Mem:          992M       930M        61M       864K       3.7M        98M
-/+ buffers/cache:       828M       163M
Swap:         8.0G       638M       7.4G

             total       used       free     shared    buffers     cached
Mem:          992M       930M        61M       864K       3.7M        98M
-/+ buffers/cache:       828M       163M
Swap:         8.0G       638M       7.4G

             total       used       free     shared    buffers     cached
Mem:          992M       930M        61M       864K       3.7M        98M
-/+ buffers/cache:       828M       163M
Swap:         8.0G       638M       7.4G

             total       used       free     shared    buffers     cached
Mem:          992M       930M        61M       864K       3.7M        98M
-/+ buffers/cache:       828M       163M
Swap:         8.0G       638M       7.4G

             total       used       free     shared    buffers     cached
Mem:          992M       930M        61M       864K       3.7M        98M
-/+ buffers/cache:       828M       163M
Swap:         8.0G       638M       7.4G

             total       used       free     shared    buffers     cached
Mem:          992M       913M        78M       864K       3.3M        81M
-/+ buffers/cache:       828M       163M
Swap:         8.0G       640M       7.4G

             total       used       free     shared    buffers     cached
Mem:          992M       913M        78M       864K       3.3M        81M
-/+ buffers/cache:       828M       163M
Swap:         8.0G       640M       7.4G

             total       used       free     shared    buffers     cached
Mem:          992M       913M        78M       864K       3.3M        81M
-/+ buffers/cache:       828M       163M
Swap:         8.0G       640M       7.4G

             total       used       free     shared    buffers     cached
Mem:          992M       913M        78M       864K       3.3M        81M
-/+ buffers/cache:       828M       163M
Swap:         8.0G       640M       7.4G

             total       used       free     shared    buffers     cached
Mem:          992M       913M        78M       864K       3.3M        81M
-/+ buffers/cache:       828M       163M
Swap:         8.0G       640M       7.4G

             total       used       free     shared    buffers     cached
Mem:          992M       913M        78M       864K       3.3M        81M
-/+ buffers/cache:       828M       163M
Swap:         8.0G       640M       7.4G

             total       used       free     shared    buffers     cached
Mem:          992M       913M        78M       864K       3.3M        81M
-/+ buffers/cache:       828M       163M
Swap:         8.0G       640M       7.4G

             total       used       free     shared    buffers     cached
Mem:          992M       913M        78M       864K       3.3M        81M
-/+ buffers/cache:       828M       163M
Swap:         8.0G       640M       7.4G

             total       used       free     shared    buffers     cached
Mem:          992M       920M        72M       864K       3.4M        88M
-/+ buffers/cache:       828M       163M
Swap:         8.0G       639M       7.4G

             total       used       free     shared    buffers     cached
Mem:          992M       920M        72M       864K       3.4M        88M
-/+ buffers/cache:       828M       163M
Swap:         8.0G       639M       7.4G

             total       used       free     shared    buffers     cached
Mem:          992M       920M        72M       864K       3.4M        88M
-/+ buffers/cache:       828M       163M
Swap:         8.0G       639M       7.4G

             total       used       free     shared    buffers     cached
Mem:          992M       920M        72M       864K       3.4M        88M
-/+ buffers/cache:       828M       163M
Swap:         8.0G       639M       7.4G

             total       used       free     shared    buffers     cached
Mem:          992M       920M        72M       864K       3.4M        88M
-/+ buffers/cache:       828M       163M
Swap:         8.0G       639M       7.4G

             total       used       free     shared    buffers     cached
Mem:          992M       920M        72M       864K       3.4M        88M
-/+ buffers/cache:       828M       163M
Swap:         8.0G       639M       7.4G

             total       used       free     shared    buffers     cached
Mem:          992M       927M        64M       864K       4.5M        93M
-/+ buffers/cache:       829M       162M
Swap:         8.0G       639M       7.4G

             total       used       free     shared    buffers     cached
Mem:          992M       927M        64M       864K       4.5M        93M
-/+ buffers/cache:       829M       162M
Swap:         8.0G       639M       7.4G

             total       used       free     shared    buffers     cached
Mem:          992M       927M        64M       864K       4.5M        93M
-/+ buffers/cache:       829M       162M
Swap:         8.0G       639M       7.4G

             total       used       free     shared    buffers     cached
Mem:          992M       927M        64M       864K       4.5M        93M
-/+ buffers/cache:       829M       162M
Swap:         8.0G       639M       7.4G

             total       used       free     shared    buffers     cached
Mem:          992M       917M        74M       864K       3.8M        84M
-/+ buffers/cache:       829M       162M
Swap:         8.0G       648M       7.4G

             total       used       free     shared    buffers     cached
Mem:          992M       917M        74M       864K       3.8M        84M
-/+ buffers/cache:       829M       162M
Swap:         8.0G       648M       7.4G

             total       used       free     shared    buffers     cached
Mem:          992M       917M        74M       864K       3.8M        84M
-/+ buffers/cache:       829M       162M
Swap:         8.0G       648M       7.4G

             total       used       free     shared    buffers     cached
Mem:          992M       917M        74M       864K       3.8M        84M
-/+ buffers/cache:       829M       162M
Swap:         8.0G       648M       7.4G

             total       used       free     shared    buffers     cached
Mem:          992M       917M        74M       864K       3.8M        84M
-/+ buffers/cache:       829M       163M
Swap:         8.0G       648M       7.4G

             total       used       free     shared    buffers     cached
Mem:          992M       919M        72M       864K       3.8M        85M
-/+ buffers/cache:       830M       162M
Swap:         8.0G       648M       7.4G

             total       used       free     shared    buffers     cached
Mem:          992M       919M        72M       864K       3.9M        86M
-/+ buffers/cache:       829M       162M
Swap:         8.0G       648M       7.4G

             total       used       free     shared    buffers     cached
Mem:          992M       923M        68M       864K       4.1M        89M
-/+ buffers/cache:       830M       161M
Swap:         8.0G       648M       7.4G

             total       used       free     shared    buffers     cached
Mem:          992M       923M        68M       864K       4.1M        89M
-/+ buffers/cache:       830M       161M
Swap:         8.0G       648M       7.4G

             total       used       free     shared    buffers     cached
Mem:          992M       923M        68M       864K       4.1M        89M
-/+ buffers/cache:       830M       161M
Swap:         8.0G       648M       7.4G

             total       used       free     shared    buffers     cached
Mem:          992M       925M        66M       864K       4.2M        89M
-/+ buffers/cache:       831M       160M
Swap:         8.0G       648M       7.4G

             total       used       free     shared    buffers     cached
Mem:          992M       925M        66M       864K       4.2M        89M
-/+ buffers/cache:       831M       160M
Swap:         8.0G       648M       7.4G

             total       used       free     shared    buffers     cached
Mem:          992M       925M        66M       864K       4.2M        89M
-/+ buffers/cache:       831M       160M
Swap:         8.0G       648M       7.4G

             total       used       free     shared    buffers     cached
Mem:          992M       913M        78M       860K       4.8M        84M
-/+ buffers/cache:       824M       167M
Swap:         8.0G       649M       7.4G

             total       used       free     shared    buffers     cached
Mem:          992M       915M        77M       860K       4.8M        85M
-/+ buffers/cache:       825M       167M
Swap:         8.0G       649M       7.4G

             total       used       free     shared    buffers     cached
Mem:          992M       915M        77M       860K       4.8M        85M
-/+ buffers/cache:       825M       167M
Swap:         8.0G       649M       7.4G

             total       used       free     shared    buffers     cached
Mem:          992M       915M        76M       860K       4.9M        85M
-/+ buffers/cache:       825M       167M
Swap:         8.0G       649M       7.4G

             total       used       free     shared    buffers     cached
Mem:          992M       915M        76M       860K       4.9M        85M
-/+ buffers/cache:       825M       167M
Swap:         8.0G       649M       7.4G

             total       used       free     shared    buffers     cached
Mem:          992M       915M        76M       860K       4.9M        85M
-/+ buffers/cache:       825M       167M
Swap:         8.0G       649M       7.4G

             total       used       free     shared    buffers     cached
Mem:          992M       915M        76M       860K       4.9M        85M
-/+ buffers/cache:       825M       167M
Swap:         8.0G       649M       7.4G

             total       used       free     shared    buffers     cached
Mem:          992M       915M        76M       860K       4.9M        85M
-/+ buffers/cache:       825M       167M
Swap:         8.0G       649M       7.4G

             total       used       free     shared    buffers     cached
Mem:          992M       920M        72M       860K       4.9M        89M
-/+ buffers/cache:       825M       166M
Swap:         8.0G       649M       7.4G

             total       used       free     shared    buffers     cached
Mem:          992M       920M        72M       860K       4.9M        89M
-/+ buffers/cache:       825M       166M
Swap:         8.0G       649M       7.4G

             total       used       free     shared    buffers     cached
Mem:          992M       920M        72M       860K       4.9M        89M
-/+ buffers/cache:       825M       166M
Swap:         8.0G       649M       7.4G

             total       used       free     shared    buffers     cached
Mem:          992M       917M        74M       860K       3.5M        89M
-/+ buffers/cache:       824M       167M
Swap:         8.0G       667M       7.3G

             total       used       free     shared    buffers     cached
Mem:          992M       917M        74M       860K       3.6M        89M
-/+ buffers/cache:       824M       167M
Swap:         8.0G       667M       7.3G

             total       used       free     shared    buffers     cached
Mem:          992M       917M        74M       860K       3.6M        89M
-/+ buffers/cache:       824M       167M
Swap:         8.0G       667M       7.3G

             total       used       free     shared    buffers     cached
Mem:          992M       917M        74M       860K       3.6M        89M
-/+ buffers/cache:       824M       167M
Swap:         8.0G       667M       7.3G

             total       used       free     shared    buffers     cached
Mem:          992M       917M        74M       860K       3.6M        89M
-/+ buffers/cache:       824M       167M
Swap:         8.0G       667M       7.3G

             total       used       free     shared    buffers     cached
Mem:          992M       917M        74M       860K       3.6M        89M
-/+ buffers/cache:       824M       167M
Swap:         8.0G       667M       7.3G

             total       used       free     shared    buffers     cached
Mem:          992M       917M        75M       860K       3.6M        89M
-/+ buffers/cache:       824M       167M
Swap:         8.0G       667M       7.3G

             total       used       free     shared    buffers     cached
Mem:          992M       918M        73M       860K       3.6M        89M
-/+ buffers/cache:       825M       166M
Swap:         8.0G       667M       7.3G

             total       used       free     shared    buffers     cached
Mem:          992M       917M        74M       860K       3.6M        90M
-/+ buffers/cache:       823M       168M
Swap:         8.0G       667M       7.3G

             total       used       free     shared    buffers     cached
Mem:          992M       917M        74M       860K       3.6M        90M
-/+ buffers/cache:       823M       168M
Swap:         8.0G       667M       7.3G

             total       used       free     shared    buffers     cached
Mem:          992M       917M        74M       860K       3.7M        90M
-/+ buffers/cache:       823M       168M
Swap:         8.0G       667M       7.3G

             total       used       free     shared    buffers     cached
Mem:          992M       917M        74M       860K       3.7M        90M
-/+ buffers/cache:       823M       168M
Swap:         8.0G       667M       7.3G

             total       used       free     shared    buffers     cached
Mem:          992M       924M        67M       860K       3.7M        96M
-/+ buffers/cache:       824M       168M
Swap:         8.0G       667M       7.3G

             total       used       free     shared    buffers     cached
Mem:          992M       924M        67M       860K       3.7M        97M
-/+ buffers/cache:       824M       168M
