             total       used       free     shared    buffers     cached
Mem:          992M       655M       336M       3.2M        38M       289M
-/+ buffers/cache:       327M       664M
Swap:         8.0G         0B       8.0G

             total       used       free     shared    buffers     cached
Mem:          992M       655M       337M       3.2M        38M       289M
-/+ buffers/cache:       326M       665M
Swap:         8.0G         0B       8.0G

             total       used       free     shared    buffers     cached
Mem:          992M       655M       337M       3.2M        38M       289M
-/+ buffers/cache:       326M       665M
Swap:         8.0G         0B       8.0G

             total       used       free     shared    buffers     cached
Mem:          992M       655M       337M       3.2M        38M       289M
-/+ buffers/cache:       326M       665M
Swap:         8.0G         0B       8.0G

             total       used       free     shared    buffers     cached
Mem:          992M       655M       337M       3.2M        38M       289M
-/+ buffers/cache:       326M       665M
Swap:         8.0G         0B       8.0G

             total       used       free     shared    buffers     cached
Mem:          992M       655M       337M       3.2M        38M       289M
-/+ buffers/cache:       326M       665M
Swap:         8.0G         0B       8.0G

             total       used       free     shared    buffers     cached
Mem:          992M       655M       337M       3.2M        38M       289M
-/+ buffers/cache:       326M       665M
Swap:         8.0G         0B       8.0G

             total       used       free     shared    buffers     cached
Mem:          992M       654M       337M       3.2M        38M       289M
-/+ buffers/cache:       326M       666M
Swap:         8.0G         0B       8.0G

             total       used       free     shared    buffers     cached
Mem:          992M       654M       337M       3.2M        38M       289M
-/+ buffers/cache:       325M       666M
Swap:         8.0G         0B       8.0G

             total       used       free     shared    buffers     cached
Mem:          992M       654M       337M       3.2M        38M       289M
-/+ buffers/cache:       325M       666M
Swap:         8.0G         0B       8.0G

             total       used       free     shared    buffers     cached
Mem:          992M       657M       334M       3.2M        38M       289M
-/+ buffers/cache:       329M       663M
Swap:         8.0G         0B       8.0G

             total       used       free     shared    buffers     cached
Mem:          992M       673M       318M       3.2M        38M       290M
-/+ buffers/cache:       344M       647M
Swap:         8.0G         0B       8.0G

             total       used       free     shared    buffers     cached
Mem:          992M       699M       292M       3.2M        38M       290M
-/+ buffers/cache:       370M       621M
Swap:         8.0G         0B       8.0G

             total       used       free     shared    buffers     cached
Mem:          992M       663M       328M       3.2M        38M       291M
-/+ buffers/cache:       333M       658M
Swap:         8.0G         0B       8.0G

             total       used       free     shared    buffers     cached
Mem:          992M       670M       322M       3.2M        38M       291M
-/+ buffers/cache:       339M       652M
Swap:         8.0G         0B       8.0G

             total       used       free     shared    buffers     cached
Mem:          992M       664M       327M       3.2M        38M       291M
-/+ buffers/cache:       333M       658M
Swap:         8.0G         0B       8.0G

             total       used       free     shared    buffers     cached
Mem:          992M       664M       328M       3.2M        38M       291M
-/+ buffers/cache:       333M       658M
Swap:         8.0G         0B       8.0G

             total       used       free     shared    buffers     cached
Mem:          992M       664M       328M       3.2M        38M       291M
-/+ buffers/cache:       333M       658M
Swap:         8.0G         0B       8.0G

             total       used       free     shared    buffers     cached
Mem:          992M       664M       328M       3.2M        38M       291M
-/+ buffers/cache:       333M       658M
Swap:         8.0G         0B       8.0G

             total       used       free     shared    buffers     cached
Mem:          992M       664M       328M       3.2M        38M       291M
-/+ buffers/cache:       333M       658M
Swap:         8.0G         0B       8.0G

             total       used       free     shared    buffers     cached
Mem:          992M       664M       328M       3.2M        38M       291M
-/+ buffers/cache:       333M       658M
Swap:         8.0G         0B       8.0G

             total       used       free     shared    buffers     cached
Mem:          992M       664M       327M       3.2M        38M       291M
-/+ buffers/cache:       334M       658M
Swap:         8.0G         0B       8.0G

             total       used       free     shared    buffers     cached
Mem:          992M       664M       327M       3.2M        38M       291M
-/+ buffers/cache:       334M       658M
Swap:         8.0G         0B       8.0G

             total       used       free     shared    buffers     cached
Mem:          992M       664M       327M       3.2M        38M       291M
-/+ buffers/cache:       334M       658M
Swap:         8.0G         0B       8.0G

             total       used       free     shared    buffers     cached
Mem:          992M       664M       327M       3.2M        38M       291M
-/+ buffers/cache:       334M       658M
Swap:         8.0G         0B       8.0G

             total       used       free     shared    buffers     cached
Mem:          992M       664M       327M       3.2M        38M       291M
-/+ buffers/cache:       334M       658M
Swap:         8.0G         0B       8.0G

             total       used       free     shared    buffers     cached
Mem:          992M       664M       327M       3.2M        38M       291M
-/+ buffers/cache:       333M       658M
Swap:         8.0G         0B       8.0G

             total       used       free     shared    buffers     cached
Mem:          992M       664M       327M       3.2M        38M       291M
-/+ buffers/cache:       333M       658M
Swap:         8.0G         0B       8.0G

             total       used       free     shared    buffers     cached
Mem:          992M       664M       327M       3.2M        38M       291M
-/+ buffers/cache:       333M       658M
Swap:         8.0G         0B       8.0G

             total       used       free     shared    buffers     cached
Mem:          992M       664M       327M       3.2M        38M       291M
-/+ buffers/cache:       333M       658M
Swap:         8.0G         0B       8.0G

             total       used       free     shared    buffers     cached
Mem:          992M       664M       327M       3.2M        38M       291M
-/+ buffers/cache:       333M       658M
Swap:         8.0G         0B       8.0G

             total       used       free     shared    buffers     cached
Mem:          992M       664M       327M       3.2M        38M       291M
-/+ buffers/cache:       333M       658M
Swap:         8.0G         0B       8.0G

             total       used       free     shared    buffers     cached
Mem:          992M       664M       327M       3.2M        38M       291M
-/+ buffers/cache:       333M       658M
Swap:         8.0G         0B       8.0G

             total       used       free     shared    buffers     cached
Mem:          992M       668M       323M       3.2M        38M       291M
-/+ buffers/cache:       338M       654M
Swap:         8.0G         0B       8.0G

             total       used       free     shared    buffers     cached
Mem:          992M       684M       307M       3.2M        38M       291M
-/+ buffers/cache:       354M       638M
Swap:         8.0G         0B       8.0G

             total       used       free     shared    buffers     cached
Mem:          992M       699M       292M       3.2M        38M       291M
-/+ buffers/cache:       369M       623M
Swap:         8.0G         0B       8.0G

             total       used       free     shared    buffers     cached
Mem:          992M       714M       277M       3.2M        38M       291M
-/+ buffers/cache:       384M       608M
Swap:         8.0G         0B       8.0G

             total       used       free     shared    buffers     cached
Mem:          992M       729M       262M       3.2M        38M       291M
-/+ buffers/cache:       399M       593M
Swap:         8.0G         0B       8.0G

             total       used       free     shared    buffers     cached
Mem:          992M       744M       247M       3.2M        38M       291M
-/+ buffers/cache:       414M       578M
Swap:         8.0G         0B       8.0G

             total       used       free     shared    buffers     cached
Mem:          992M       759M       232M       3.2M        38M       291M
-/+ buffers/cache:       429M       562M
Swap:         8.0G         0B       8.0G

             total       used       free     shared    buffers     cached
Mem:          992M       773M       218M       3.2M        38M       291M
-/+ buffers/cache:       443M       548M
Swap:         8.0G         0B       8.0G

             total       used       free     shared    buffers     cached
Mem:          992M       787M       204M       3.2M        38M       291M
-/+ buffers/cache:       456M       535M
Swap:         8.0G         0B       8.0G

             total       used       free     shared    buffers     cached
Mem:          992M       802M       189M       3.2M        38M       291M
-/+ buffers/cache:       471M       520M
Swap:         8.0G         0B       8.0G

             total       used       free     shared    buffers     cached
Mem:          992M       817M       174M       3.2M        38M       291M
-/+ buffers/cache:       486M       505M
Swap:         8.0G         0B       8.0G

             total       used       free     shared    buffers     cached
Mem:          992M       832M       159M       3.2M        38M       291M
-/+ buffers/cache:       501M       490M
Swap:         8.0G         0B       8.0G

             total       used       free     shared    buffers     cached
Mem:          992M       846M       145M       3.2M        38M       291M
-/+ buffers/cache:       515M       476M
Swap:         8.0G         0B       8.0G

             total       used       free     shared    buffers     cached
Mem:          992M       862M       129M       3.2M        38M       291M
-/+ buffers/cache:       531M       460M
Swap:         8.0G         0B       8.0G

             total       used       free     shared    buffers     cached
Mem:          992M       877M       114M       3.2M        38M       291M
-/+ buffers/cache:       547M       445M
Swap:         8.0G         0B       8.0G

             total       used       free     shared    buffers     cached
Mem:          992M       889M       102M       3.2M        38M       291M
-/+ buffers/cache:       559M       432M
Swap:         8.0G         0B       8.0G

             total       used       free     shared    buffers     cached
Mem:          992M       904M        87M       3.2M        38M       291M
-/+ buffers/cache:       573M       418M
Swap:         8.0G         0B       8.0G

             total       used       free     shared    buffers     cached
Mem:          992M       919M        72M       3.2M        38M       291M
-/+ buffers/cache:       588M       403M
Swap:         8.0G         0B       8.0G

             total       used       free     shared    buffers     cached
Mem:          992M       932M        59M       3.2M        38M       291M
-/+ buffers/cache:       602M       390M
Swap:         8.0G         0B       8.0G

             total       used       free     shared    buffers     cached
Mem:          992M       924M        67M       3.2M        17M       290M
-/+ buffers/cache:       616M       375M
Swap:         8.0G         0B       8.0G

             total       used       free     shared    buffers     cached
Mem:          992M       921M        70M       3.2M        10M       280M
-/+ buffers/cache:       630M       361M
Swap:         8.0G        16K       8.0G

             total       used       free     shared    buffers     cached
Mem:          992M       917M        74M       3.2M       9.8M       264M
-/+ buffers/cache:       643M       348M
Swap:         8.0G       132K       8.0G

             total       used       free     shared    buffers     cached
Mem:          992M       913M        78M       3.1M       9.8M       245M
-/+ buffers/cache:       657M       334M
Swap:         8.0G       268K       8.0G

             total       used       free     shared    buffers     cached
Mem:          992M       927M        64M       3.1M       9.8M       245M
-/+ buffers/cache:       672M       320M
Swap:         8.0G       268K       8.0G

             total       used       free     shared    buffers     cached
Mem:          992M       928M        64M       3.0M       9.8M       232M
-/+ buffers/cache:       685M       306M
Swap:         8.0G       3.8M       8.0G

             total       used       free     shared    buffers     cached
Mem:          992M       911M        80M       2.9M       7.2M       207M
-/+ buffers/cache:       696M       295M
Swap:         8.0G       8.8M       8.0G

             total       used       free     shared    buffers     cached
Mem:          992M       924M        67M       2.9M       7.2M       207M
-/+ buffers/cache:       709M       282M
Swap:         8.0G       8.8M       8.0G

             total       used       free     shared    buffers     cached
Mem:          992M       924M        67M       2.9M       2.3M       199M
-/+ buffers/cache:       722M       269M
Swap:         8.0G       8.9M       8.0G

             total       used       free     shared    buffers     cached
Mem:          992M       924M        67M       2.9M       1.1M       186M
-/+ buffers/cache:       736M       255M
Swap:         8.0G       8.9M       8.0G

             total       used       free     shared    buffers     cached
Mem:          992M       914M        77M       2.9M       236K       165M
-/+ buffers/cache:       748M       243M
Swap:         8.0G       8.9M       8.0G

             total       used       free     shared    buffers     cached
Mem:          992M       927M        64M       2.9M       236K       165M
-/+ buffers/cache:       761M       230M
Swap:         8.0G       8.9M       8.0G

             total       used       free     shared    buffers     cached
Mem:          992M       922M        69M       2.9M       232K       146M
-/+ buffers/cache:       776M       216M
Swap:         8.0G       8.9M       8.0G

             total       used       free     shared    buffers     cached
Mem:          992M       929M        63M       2.9M       232K       146M
-/+ buffers/cache:       782M       209M
Swap:         8.0G       8.9M       8.0G

             total       used       free     shared    buffers     cached
Mem:          992M       926M        66M       2.9M        80K       129M
-/+ buffers/cache:       796M       195M
Swap:         8.0G       8.9M       8.0G

             total       used       free     shared    buffers     cached
Mem:          992M       922M        69M       2.9M       100K       114M
-/+ buffers/cache:       808M       183M
Swap:         8.0G       8.9M       8.0G

             total       used       free     shared    buffers     cached
Mem:          992M       921M        71M       2.9M       100K       100M
-/+ buffers/cache:       820M       171M
Swap:         8.0G       8.9M       8.0G

             total       used       free     shared    buffers     cached
Mem:          992M       911M        80M       2.9M       236K        79M
-/+ buffers/cache:       832M       159M
Swap:         8.0G       8.9M       8.0G

             total       used       free     shared    buffers     cached
Mem:          992M       918M        73M       2.9M       2.1M        70M
-/+ buffers/cache:       846M       146M
Swap:         8.0G       8.9M       8.0G

             total       used       free     shared    buffers     cached
Mem:          992M       923M        68M       2.9M       2.1M        62M
-/+ buffers/cache:       859M       133M
Swap:         8.0G       8.9M       8.0G

             total       used       free     shared    buffers     cached
Mem:          992M       927M        64M       2.9M       2.1M        55M
-/+ buffers/cache:       870M       121M
Swap:         8.0G       8.9M       8.0G

             total       used       free     shared    buffers     cached
Mem:          992M       921M        70M       2.9M       2.4M        35M
-/+ buffers/cache:       883M       108M
Swap:         8.0G       8.9M       8.0G

             total       used       free     shared    buffers     cached
Mem:          992M       917M        74M       2.9M       2.4M        21M
-/+ buffers/cache:       894M        98M
Swap:         8.0G       9.5M       8.0G

             total       used       free     shared    buffers     cached
Mem:          992M       925M        66M       2.8M       2.4M        17M
-/+ buffers/cache:       905M        86M
Swap:         8.0G        12M       8.0G

             total       used       free     shared    buffers     cached
Mem:          992M       930M        61M       2.8M       1.1M        12M
-/+ buffers/cache:       917M        75M
Swap:         8.0G        14M       8.0G

             total       used       free     shared    buffers     cached
Mem:          992M       925M        66M       2.8M       472K       5.3M
-/+ buffers/cache:       919M        72M
Swap:         8.0G        26M       8.0G

             total       used       free     shared    buffers     cached
Mem:          992M       920M        72M       2.5M       472K       4.8M
-/+ buffers/cache:       914M        77M
Swap:         8.0G        53M       7.9G

             total       used       free     shared    buffers     cached
Mem:          992M       917M        74M       2.5M       468K       4.8M
-/+ buffers/cache:       911M        80M
Swap:         8.0G        61M       7.9G

             total       used       free     shared    buffers     cached
Mem:          992M       930M        61M       2.5M       468K       5.2M
-/+ buffers/cache:       925M        67M
Swap:         8.0G        61M       7.9G

             total       used       free     shared    buffers     cached
Mem:          992M       929M        62M       2.5M       468K       5.2M
-/+ buffers/cache:       923M        68M
Swap:         8.0G        74M       7.9G

             total       used       free     shared    buffers     cached
Mem:          992M       916M        75M       2.4M       476K       4.8M
-/+ buffers/cache:       911M        81M
Swap:         8.0G       113M       7.9G

             total       used       free     shared    buffers     cached
Mem:          992M       927M        64M       2.4M       476K       4.8M
-/+ buffers/cache:       922M        69M
Swap:         8.0G       113M       7.9G

             total       used       free     shared    buffers     cached
Mem:          992M       926M        65M       2.4M       476K       4.8M
-/+ buffers/cache:       921M        70M
Swap:         8.0G       113M       7.9G

             total       used       free     shared    buffers     cached
Mem:          992M       921M        70M       2.4M       476K       4.6M
-/+ buffers/cache:       916M        75M
Swap:         8.0G       142M       7.9G

             total       used       free     shared    buffers     cached
Mem:          992M       923M        69M       2.4M       476K       4.8M
-/+ buffers/cache:       917M        74M
Swap:         8.0G       142M       7.9G

             total       used       free     shared    buffers     cached
Mem:          992M       911M        80M       2.3M       476K       9.3M
-/+ buffers/cache:       902M        90M
Swap:         8.0G       187M       7.8G

             total       used       free     shared    buffers     cached
Mem:          992M       919M        72M       2.3M       616K        23M
-/+ buffers/cache:       895M        96M
Swap:         8.0G       189M       7.8G

             total       used       free     shared    buffers     cached
Mem:          992M       911M        80M       2.3M       728K        22M
-/+ buffers/cache:       888M       103M
Swap:         8.0G       226M       7.8G

             total       used       free     shared    buffers     cached
Mem:          992M       925M        66M       2.3M       728K        22M
-/+ buffers/cache:       902M        89M
Swap:         8.0G       226M       7.8G

             total       used       free     shared    buffers     cached
Mem:          992M       920M        72M       2.3M       708K        20M
-/+ buffers/cache:       898M        93M
Swap:         8.0G       236M       7.8G

             total       used       free     shared    buffers     cached
Mem:          992M       916M        75M       2.3M       708K        18M
-/+ buffers/cache:       896M        95M
Swap:         8.0G       248M       7.8G

             total       used       free     shared    buffers     cached
Mem:          992M       921M        70M       2.3M       716K        18M
-/+ buffers/cache:       901M        90M
Swap:         8.0G       248M       7.8G

             total       used       free     shared    buffers     cached
Mem:          992M       920M        72M       2.3M        76K       7.9M
-/+ buffers/cache:       912M        80M
Swap:         8.0G       248M       7.8G

             total       used       free     shared    buffers     cached
Mem:          992M       928M        63M       2.3M       464K       8.0M
-/+ buffers/cache:       920M        71M
Swap:         8.0G       248M       7.8G

             total       used       free     shared    buffers     cached
Mem:          992M       920M        71M       2.3M       460K       4.3M
-/+ buffers/cache:       915M        76M
Swap:         8.0G       260M       7.7G

             total       used       free     shared    buffers     cached
Mem:          992M       928M        63M       2.3M       460K       4.3M
-/+ buffers/cache:       923M        68M
Swap:         8.0G       260M       7.7G

             total       used       free     shared    buffers     cached
Mem:          992M       914M        78M       2.3M       348K       3.6M
-/+ buffers/cache:       910M        82M
Swap:         8.0G       277M       7.7G

             total       used       free     shared    buffers     cached
Mem:          992M       920M        72M       2.3M       348K       3.9M
-/+ buffers/cache:       915M        76M
Swap:         8.0G       277M       7.7G

             total       used       free     shared    buffers     cached
Mem:          992M       924M        67M       2.3M       348K       3.9M
-/+ buffers/cache:       920M        71M
Swap:         8.0G       277M       7.7G

             total       used       free     shared    buffers     cached
Mem:          992M       918M        73M       2.3M       272K       3.9M
-/+ buffers/cache:       914M        78M
Swap:         8.0G       288M       7.7G

             total       used       free     shared    buffers     cached
Mem:          992M       921M        70M       2.3M       272K       3.9M
-/+ buffers/cache:       917M        74M
Swap:         8.0G       288M       7.7G

             total       used       free     shared    buffers     cached
Mem:          992M       926M        65M       2.3M       272K       3.9M
-/+ buffers/cache:       922M        69M
Swap:         8.0G       288M       7.7G

             total       used       free     shared    buffers     cached
Mem:          992M       928M        63M       2.3M       280K       3.9M
-/+ buffers/cache:       924M        67M
Swap:         8.0G       294M       7.7G

             total       used       free     shared    buffers     cached
Mem:          992M       922M        69M       2.3M       280K       3.9M
-/+ buffers/cache:       918M        73M
Swap:         8.0G       317M       7.7G

             total       used       free     shared    buffers     cached
Mem:          992M       927M        64M       2.3M       280K       3.9M
-/+ buffers/cache:       923M        68M
Swap:         8.0G       317M       7.7G

             total       used       free     shared    buffers     cached
Mem:          992M       919M        72M       2.3M       280K       3.9M
-/+ buffers/cache:       915M        76M
Swap:         8.0G       317M       7.7G

             total       used       free     shared    buffers     cached
Mem:          992M       923M        68M       2.3M       280K       3.9M
-/+ buffers/cache:       919M        73M
Swap:         8.0G       317M       7.7G

             total       used       free     shared    buffers     cached
Mem:          992M       927M        65M       2.3M       288K       3.9M
-/+ buffers/cache:       922M        69M
Swap:         8.0G       317M       7.7G

             total       used       free     shared    buffers     cached
Mem:          992M       931M        61M       2.3M       288K       3.9M
-/+ buffers/cache:       927M        65M
Swap:         8.0G       317M       7.7G

             total       used       free     shared    buffers     cached
Mem:          992M       919M        72M       1.6M       220K       3.2M
-/+ buffers/cache:       916M        75M
Swap:         8.0G       335M       7.7G

             total       used       free     shared    buffers     cached
Mem:          992M       920M        71M         0B       108K       1.7M
-/+ buffers/cache:       919M        73M
Swap:         8.0G       328M       7.7G

             total       used       free     shared    buffers     cached
Mem:          992M       920M        72M         4K       108K       1.7M
-/+ buffers/cache:       918M        73M
Swap:         8.0G       326M       7.7G

             total       used       free     shared    buffers     cached
Mem:          992M       919M        72M         4K       116K       1.7M
-/+ buffers/cache:       918M        74M
Swap:         8.0G       326M       7.7G

             total       used       free     shared    buffers     cached
Mem:          992M       922M        69M         4K       116K       1.7M
-/+ buffers/cache:       920M        71M
Swap:         8.0G       322M       7.7G

             total       used       free     shared    buffers     cached
Mem:          992M       920M        71M         0B       108K       1.6M
-/+ buffers/cache:       918M        73M
Swap:         8.0G       321M       7.7G

             total       used       free     shared    buffers     cached
Mem:          992M       922M        69M         0B       108K       1.5M
-/+ buffers/cache:       920M        71M
Swap:         8.0G       317M       7.7G

             total       used       free     shared    buffers     cached
Mem:          992M       917M        75M         0B        80K       1.4M
-/+ buffers/cache:       915M        76M
Swap:         8.0G       333M       7.7G

             total       used       free     shared    buffers     cached
Mem:          992M       920M        71M         0B        80K       1.4M
-/+ buffers/cache:       919M        72M
Swap:         8.0G       324M       7.7G

             total       used       free     shared    buffers     cached
Mem:          992M       919M        73M         0B        88K       1.4M
-/+ buffers/cache:       917M        74M
Swap:         8.0G       321M       7.7G

             total       used       free     shared    buffers     cached
Mem:          992M       921M        70M         0B        88K       1.4M
-/+ buffers/cache:       920M        71M
Swap:         8.0G       322M       7.7G

             total       used       free     shared    buffers     cached
Mem:          992M       927M        64M         0B       220K       1.4M
-/+ buffers/cache:       925M        66M
Swap:         8.0G       319M       7.7G

             total       used       free     shared    buffers     cached
Mem:          992M       917M        74M         0B       488K       1.4M
-/+ buffers/cache:       916M        76M
Swap:         8.0G       332M       7.7G

             total       used       free     shared    buffers     cached
Mem:          992M       927M        64M         0B       488K       1.3M
-/+ buffers/cache:       925M        66M
Swap:         8.0G       324M       7.7G

             total       used       free     shared    buffers     cached
Mem:          992M       920M        71M         0B       496K       1.4M
-/+ buffers/cache:       918M        73M
Swap:         8.0G       328M       7.7G

             total       used       free     shared    buffers     cached
Mem:          992M       929M        62M         0B       496K       1.8M
-/+ buffers/cache:       927M        65M
Swap:         8.0G       326M       7.7G

             total       used       free     shared    buffers     cached
Mem:          992M       921M        71M         0B       496K       1.7M
-/+ buffers/cache:       918M        73M
Swap:         8.0G       336M       7.7G

             total       used       free     shared    buffers     cached
Mem:          992M       927M        64M         0B       496K       1.7M
-/+ buffers/cache:       925M        66M
Swap:         8.0G       335M       7.7G

             total       used       free     shared    buffers     cached
Mem:          992M       917M        74M         0B       464K       2.4M
-/+ buffers/cache:       914M        77M
Swap:         8.0G       356M       7.6G

             total       used       free     shared    buffers     cached
Mem:          992M       922M        69M         0B       472K       2.4M
-/+ buffers/cache:       919M        72M
Swap:         8.0G       356M       7.6G

             total       used       free     shared    buffers     cached
Mem:          992M       929M        63M         0B       472K       2.4M
-/+ buffers/cache:       926M        66M
Swap:         8.0G       356M       7.6G

             total       used       free     shared    buffers     cached
Mem:          992M       923M        69M         0B       472K       2.6M
-/+ buffers/cache:       920M        72M
Swap:         8.0G       356M       7.6G

             total       used       free     shared    buffers     cached
Mem:          992M       928M        63M         0B       472K       2.6M
-/+ buffers/cache:       925M        66M
Swap:         8.0G       356M       7.6G

             total       used       free     shared    buffers     cached
Mem:          992M       916M        75M         0B       472K       2.5M
-/+ buffers/cache:       913M        78M
Swap:         8.0G       373M       7.6G

             total       used       free     shared    buffers     cached
Mem:          992M       919M        72M         0B       472K       2.5M
-/+ buffers/cache:       916M        75M
Swap:         8.0G       372M       7.6G

             total       used       free     shared    buffers     cached
Mem:          992M       921M        70M         0B       480K       2.5M
-/+ buffers/cache:       918M        73M
Swap:         8.0G       371M       7.6G

             total       used       free     shared    buffers     cached
Mem:          992M       923M        68M         0B       480K       2.5M
-/+ buffers/cache:       920M        71M
Swap:         8.0G       370M       7.6G

             total       used       free     shared    buffers     cached
Mem:          992M       925M        66M         0B       480K       2.5M
-/+ buffers/cache:       922M        69M
Swap:         8.0G       370M       7.6G

             total       used       free     shared    buffers     cached
Mem:          992M       928M        64M         0B       480K       2.5M
-/+ buffers/cache:       925M        67M
Swap:         8.0G       369M       7.6G

             total       used       free     shared    buffers     cached
Mem:          992M       929M        62M         0B       480K       2.5M
-/+ buffers/cache:       926M        65M
Swap:         8.0G       368M       7.6G

             total       used       free     shared    buffers     cached
Mem:          992M       919M        72M         0B       360K       2.6M
-/+ buffers/cache:       916M        75M
Swap:         8.0G       386M       7.6G

             total       used       free     shared    buffers     cached
Mem:          992M       921M        71M         0B       360K       2.7M
-/+ buffers/cache:       918M        74M
Swap:         8.0G       385M       7.6G

             total       used       free     shared    buffers     cached
Mem:          992M       923M        69M         0B       360K       2.6M
-/+ buffers/cache:       920M        72M
Swap:         8.0G       384M       7.6G

             total       used       free     shared    buffers     cached
Mem:          992M       924M        67M         0B       360K       2.6M
-/+ buffers/cache:       921M        70M
Swap:         8.0G       383M       7.6G

             total       used       free     shared    buffers     cached
Mem:          992M       927M        64M         0B       360K       2.6M
-/+ buffers/cache:       924M        67M
Swap:         8.0G       382M       7.6G

             total       used       free     shared    buffers     cached
Mem:          992M       929M        62M         0B       368K       2.7M
-/+ buffers/cache:       926M        66M
Swap:         8.0G       381M       7.6G

             total       used       free     shared    buffers     cached
Mem:          992M       920M        71M         0B       100K       6.7M
-/+ buffers/cache:       913M        78M
Swap:         8.0G       389M       7.6G

             total       used       free     shared    buffers     cached
Mem:          992M       924M        68M         0B       520K        21M
-/+ buffers/cache:       901M        90M
Swap:         8.0G       408M       7.6G

             total       used       free     shared    buffers     cached
Mem:          992M       926M        65M         0B       796K        22M
-/+ buffers/cache:       903M        88M
Swap:         8.0G       407M       7.6G

             total       used       free     shared    buffers     cached
Mem:          992M       928M        63M         0B       800K        22M
-/+ buffers/cache:       906M        86M
Swap:         8.0G       406M       7.6G

             total       used       free     shared    buffers     cached
Mem:          992M       931M        61M         0B       804K        22M
-/+ buffers/cache:       908M        84M
Swap:         8.0G       405M       7.6G

             total       used       free     shared    buffers     cached
Mem:          992M       916M        75M         0B       812K        21M
-/+ buffers/cache:       894M        97M
Swap:         8.0G       432M       7.6G

             total       used       free     shared    buffers     cached
Mem:          992M       918M        73M         0B       812K        21M
-/+ buffers/cache:       896M        95M
Swap:         8.0G       431M       7.6G

             total       used       free     shared    buffers     cached
Mem:          992M       920M        71M         0B       812K        21M
-/+ buffers/cache:       898M        93M
Swap:         8.0G       431M       7.6G

             total       used       free     shared    buffers     cached
Mem:          992M       922M        69M         0B       812K        21M
-/+ buffers/cache:       900M        91M
Swap:         8.0G       430M       7.6G

             total       used       free     shared    buffers     cached
Mem:          992M       924M        67M         0B       812K        21M
-/+ buffers/cache:       902M        89M
Swap:         8.0G       429M       7.6G

             total       used       free     shared    buffers     cached
Mem:          992M       926M        65M         0B       820K        21M
-/+ buffers/cache:       904M        87M
Swap:         8.0G       428M       7.6G

             total       used       free     shared    buffers     cached
Mem:          992M       928M        63M         0B       820K        21M
-/+ buffers/cache:       906M        85M
Swap:         8.0G       427M       7.6G

             total       used       free     shared    buffers     cached
Mem:          992M       930M        61M         0B       820K        21M
-/+ buffers/cache:       908M        83M
Swap:         8.0G       426M       7.6G

             total       used       free     shared    buffers     cached
Mem:          992M       916M        76M         0B       820K        20M
-/+ buffers/cache:       894M        97M
Swap:         8.0G       426M       7.6G

             total       used       free     shared    buffers     cached
Mem:          992M       918M        73M         0B       820K        20M
-/+ buffers/cache:       896M        95M
Swap:         8.0G       425M       7.6G

             total       used       free     shared    buffers     cached
Mem:          992M       920M        71M         0B       828K        20M
-/+ buffers/cache:       898M        93M
Swap:         8.0G       424M       7.6G

             total       used       free     shared    buffers     cached
Mem:          992M       922M        69M         0B       828K        20M
-/+ buffers/cache:       901M        91M
Swap:         8.0G       423M       7.6G

             total       used       free     shared    buffers     cached
Mem:          992M       924M        67M         0B       828K        20M
-/+ buffers/cache:       902M        89M
Swap:         8.0G       422M       7.6G

             total       used       free     shared    buffers     cached
Mem:          992M       926M        65M         0B       828K        20M
-/+ buffers/cache:       904M        87M
Swap:         8.0G       421M       7.6G

             total       used       free     shared    buffers     cached
Mem:          992M       928M        63M         0B       828K        20M
-/+ buffers/cache:       906M        85M
Swap:         8.0G       421M       7.6G

             total       used       free     shared    buffers     cached
Mem:          992M       930M        61M         0B       828K        20M
-/+ buffers/cache:       908M        83M
Swap:         8.0G       420M       7.6G

             total       used       free     shared    buffers     cached
Mem:          992M       912M        80M         0B       804K        19M
-/+ buffers/cache:       891M       100M
Swap:         8.0G       447M       7.6G

             total       used       free     shared    buffers     cached
Mem:          992M       914M        78M         0B       804K        19M
-/+ buffers/cache:       893M        98M
Swap:         8.0G       446M       7.6G

             total       used       free     shared    buffers     cached
Mem:          992M       916M        76M         0B       804K        19M
-/+ buffers/cache:       896M        96M
Swap:         8.0G       445M       7.6G

             total       used       free     shared    buffers     cached
Mem:          992M       917M        74M         0B       804K        19M
-/+ buffers/cache:       897M        94M
Swap:         8.0G       444M       7.6G

             total       used       free     shared    buffers     cached
Mem:          992M       920M        72M         0B       804K        19M
-/+ buffers/cache:       899M        92M
Swap:         8.0G       444M       7.6G

             total       used       free     shared    buffers     cached
Mem:          992M       922M        70M         0B       812K        19M
-/+ buffers/cache:       902M        90M
Swap:         8.0G       443M       7.6G

             total       used       free     shared    buffers     cached
Mem:          992M       924M        68M         0B       812K        19M
-/+ buffers/cache:       903M        88M
Swap:         8.0G       442M       7.6G

             total       used       free     shared    buffers     cached
Mem:          992M       926M        65M         0B       812K        19M
-/+ buffers/cache:       906M        85M
Swap:         8.0G       441M       7.6G

             total       used       free     shared    buffers     cached
Mem:          992M       928M        63M         0B       812K        19M
-/+ buffers/cache:       908M        84M
Swap:         8.0G       440M       7.6G

             total       used       free     shared    buffers     cached
Mem:          992M       930M        61M         0B       812K        19M
-/+ buffers/cache:       910M        82M
Swap:         8.0G       439M       7.6G

             total       used       free     shared    buffers     cached
Mem:          992M       917M        74M         0B       812K        19M
-/+ buffers/cache:       897M        95M
Swap:         8.0G       446M       7.6G

             total       used       free     shared    buffers     cached
Mem:          992M       918M        73M         0B       812K        19M
-/+ buffers/cache:       897M        94M
Swap:         8.0G       445M       7.6G

             total       used       free     shared    buffers     cached
Mem:          992M       929M        63M         0B       1.5M        25M
-/+ buffers/cache:       902M        90M
Swap:         8.0G       444M       7.6G

             total       used       free     shared    buffers     cached
Mem:          992M       901M        90M         4K       888K        29M
-/+ buffers/cache:       871M       120M
Swap:         8.0G       480M       7.5G

             total       used       free     shared    buffers     cached
Mem:          992M       903M        88M        16K       892K        29M
-/+ buffers/cache:       872M       119M
Swap:         8.0G       479M       7.5G

             total       used       free     shared    buffers     cached
Mem:          992M       904M        87M        16K       892K        29M
-/+ buffers/cache:       874M       118M
Swap:         8.0G       479M       7.5G

             total       used       free     shared    buffers     cached
Mem:          992M       905M        86M        16K       892K        29M
-/+ buffers/cache:       875M       117M
Swap:         8.0G       479M       7.5G

             total       used       free     shared    buffers     cached
Mem:          992M       906M        85M        16K       892K        29M
-/+ buffers/cache:       876M       115M
Swap:         8.0G       478M       7.5G

             total       used       free     shared    buffers     cached
Mem:          992M       908M        84M        16K       900K        29M
-/+ buffers/cache:       877M       114M
Swap:         8.0G       478M       7.5G

             total       used       free     shared    buffers     cached
Mem:          992M       909M        82M        16K       900K        29M
-/+ buffers/cache:       878M       113M
Swap:         8.0G       477M       7.5G

             total       used       free     shared    buffers     cached
Mem:          992M       910M        81M        16K       900K        29M
-/+ buffers/cache:       880M       112M
Swap:         8.0G       477M       7.5G

             total       used       free     shared    buffers     cached
Mem:          992M       912M        80M        16K       900K        30M
-/+ buffers/cache:       881M       110M
Swap:         8.0G       476M       7.5G

             total       used       free     shared    buffers     cached
Mem:          992M       914M        77M        16K       900K        30M
-/+ buffers/cache:       883M       108M
Swap:         8.0G       475M       7.5G

             total       used       free     shared    buffers     cached
Mem:          992M       915M        76M        16K       900K        30M
-/+ buffers/cache:       884M       107M
Swap:         8.0G       475M       7.5G

             total       used       free     shared    buffers     cached
Mem:          992M       917M        74M        16K       908K        30M
-/+ buffers/cache:       886M       106M
Swap:         8.0G       474M       7.5G

             total       used       free     shared    buffers     cached
Mem:          992M       918M        73M        16K       908K        30M
-/+ buffers/cache:       887M       105M
Swap:         8.0G       473M       7.5G

             total       used       free     shared    buffers     cached
Mem:          992M       920M        72M        16K       908K        30M
-/+ buffers/cache:       888M       103M
Swap:         8.0G       473M       7.5G

             total       used       free     shared    buffers     cached
Mem:          992M       921M        70M        16K       908K        30M
-/+ buffers/cache:       889M       102M
Swap:         8.0G       472M       7.5G

             total       used       free     shared    buffers     cached
Mem:          992M       922M        69M        16K       908K        30M
-/+ buffers/cache:       891M       101M
Swap:         8.0G       472M       7.5G

             total       used       free     shared    buffers     cached
Mem:          992M       923M        68M        16K       916K        30M
-/+ buffers/cache:       892M        99M
Swap:         8.0G       471M       7.5G

             total       used       free     shared    buffers     cached
Mem:          992M       925M        66M        16K       916K        30M
-/+ buffers/cache:       893M        98M
Swap:         8.0G       470M       7.5G

             total       used       free     shared    buffers     cached
Mem:          992M       926M        65M        16K       920K        30M
-/+ buffers/cache:       894M        97M
Swap:         8.0G       470M       7.5G

             total       used       free     shared    buffers     cached
Mem:          992M       928M        64M        16K       920K        30M
-/+ buffers/cache:       896M        95M
Swap:         8.0G       469M       7.5G

             total       used       free     shared    buffers     cached
Mem:          992M       929M        62M        16K       920K        30M
-/+ buffers/cache:       897M        94M
Swap:         8.0G       468M       7.5G

             total       used       free     shared    buffers     cached
Mem:          992M       930M        61M        16K       920K        30M
-/+ buffers/cache:       899M        92M
Swap:         8.0G       468M       7.5G

             total       used       free     shared    buffers     cached
Mem:          992M       912M        79M        16K       500K        28M
-/+ buffers/cache:       882M       109M
Swap:         8.0G       488M       7.5G

             total       used       free     shared    buffers     cached
Mem:          992M       913M        78M        16K       500K        28M
-/+ buffers/cache:       884M       108M
Swap:         8.0G       487M       7.5G

             total       used       free     shared    buffers     cached
Mem:          992M       915M        77M        16K       500K        28M
-/+ buffers/cache:       885M       106M
Swap:         8.0G       486M       7.5G

             total       used       free     shared    buffers     cached
Mem:          992M       916M        75M        16K       500K        28M
-/+ buffers/cache:       886M       105M
Swap:         8.0G       486M       7.5G

             total       used       free     shared    buffers     cached
Mem:          992M       920M        71M        16K       500K        32M
-/+ buffers/cache:       888M       103M
Swap:         8.0G       485M       7.5G

             total       used       free     shared    buffers     cached
Mem:          992M       925M        66M        16K       824K        34M
-/+ buffers/cache:       889M       102M
Swap:         8.0G       484M       7.5G

             total       used       free     shared    buffers     cached
Mem:          992M       926M        65M        16K       824K        34M
-/+ buffers/cache:       891M       100M
Swap:         8.0G       483M       7.5G

             total       used       free     shared    buffers     cached
Mem:          992M       928M        64M        16K       824K        34M
-/+ buffers/cache:       892M        99M
Swap:         8.0G       483M       7.5G

             total       used       free     shared    buffers     cached
Mem:          992M       929M        62M        16K       824K        34M
-/+ buffers/cache:       894M        98M
Swap:         8.0G       482M       7.5G

             total       used       free     shared    buffers     cached
Mem:          992M       931M        60M        16K       824K        34M
-/+ buffers/cache:       895M        96M
Swap:         8.0G       481M       7.5G

             total       used       free     shared    buffers     cached
Mem:          992M       919M        72M        16K       824K        32M
-/+ buffers/cache:       886M       106M
Swap:         8.0G       482M       7.5G

             total       used       free     shared    buffers     cached
Mem:          992M       920M        71M        16K       832K        32M
-/+ buffers/cache:       887M       105M
Swap:         8.0G       481M       7.5G

             total       used       free     shared    buffers     cached
Mem:          992M       922M        70M        16K       832K        32M
-/+ buffers/cache:       888M       103M
Swap:         8.0G       480M       7.5G

             total       used       free     shared    buffers     cached
Mem:          992M       923M        68M        16K       832K        32M
-/+ buffers/cache:       890M       101M
Swap:         8.0G       480M       7.5G

             total       used       free     shared    buffers     cached
Mem:          992M       925M        66M        16K       832K        32M
-/+ buffers/cache:       891M       100M
Swap:         8.0G       479M       7.5G

             total       used       free     shared    buffers     cached
Mem:          992M       926M        65M        16K       832K        32M
-/+ buffers/cache:       893M        99M
Swap:         8.0G       478M       7.5G

             total       used       free     shared    buffers     cached
Mem:          992M       927M        64M        16K       840K        32M
-/+ buffers/cache:       894M        97M
Swap:         8.0G       478M       7.5G

             total       used       free     shared    buffers     cached
Mem:          992M       929M        63M        16K       840K        32M
-/+ buffers/cache:       895M        96M
Swap:         8.0G       477M       7.5G

             total       used       free     shared    buffers     cached
Mem:          992M       930M        61M        16K       840K        32M
-/+ buffers/cache:       897M        95M
Swap:         8.0G       476M       7.5G

             total       used       free     shared    buffers     cached
Mem:          992M       912M        80M        16K       832K        29M
-/+ buffers/cache:       881M       110M
Swap:         8.0G       499M       7.5G

             total       used       free     shared    buffers     cached
Mem:          992M       913M        79M        16K       832K        29M
-/+ buffers/cache:       882M       109M
Swap:         8.0G       498M       7.5G

             total       used       free     shared    buffers     cached
Mem:          992M       914M        77M        16K       832K        29M
-/+ buffers/cache:       883M       108M
Swap:         8.0G       498M       7.5G

             total       used       free     shared    buffers     cached
Mem:          992M       915M        76M        16K       840K        29M
-/+ buffers/cache:       885M       107M
Swap:         8.0G       497M       7.5G

             total       used       free     shared    buffers     cached
Mem:          992M       917M        74M        16K       840K        29M
-/+ buffers/cache:       886M       105M
Swap:         8.0G       496M       7.5G

             total       used       free     shared    buffers     cached
Mem:          992M       918M        73M        16K       840K        29M
-/+ buffers/cache:       887M       104M
Swap:         8.0G       495M       7.5G

             total       used       free     shared    buffers     cached
Mem:          992M       920M        71M        16K       840K        29M
-/+ buffers/cache:       889M       102M
Swap:         8.0G       495M       7.5G

             total       used       free     shared    buffers     cached
Mem:          992M       921M        70M        16K       840K        29M
-/+ buffers/cache:       891M       101M
Swap:         8.0G       494M       7.5G

             total       used       free     shared    buffers     cached
Mem:          992M       923M        68M        16K       848K        29M
-/+ buffers/cache:       892M        99M
Swap:         8.0G       493M       7.5G

             total       used       free     shared    buffers     cached
Mem:          992M       924M        67M        16K       848K        29M
-/+ buffers/cache:       894M        98M
Swap:         8.0G       492M       7.5G

             total       used       free     shared    buffers     cached
Mem:          992M       926M        65M        16K       848K        29M
-/+ buffers/cache:       895M        96M
Swap:         8.0G       492M       7.5G

             total       used       free     shared    buffers     cached
Mem:          992M       927M        64M        16K       848K        29M
-/+ buffers/cache:       896M        95M
Swap:         8.0G       491M       7.5G

             total       used       free     shared    buffers     cached
Mem:          992M       929M        63M        16K       848K        29M
-/+ buffers/cache:       898M        93M
Swap:         8.0G       490M       7.5G

             total       used       free     shared    buffers     cached
Mem:          992M       930M        61M        16K       848K        29M
-/+ buffers/cache:       899M        92M
Swap:         8.0G       489M       7.5G

             total       used       free     shared    buffers     cached
Mem:          992M       915M        76M        16K       856K        29M
-/+ buffers/cache:       885M       106M
Swap:         8.0G       504M       7.5G

             total       used       free     shared    buffers     cached
Mem:          992M       916M        75M        16K       856K        29M
-/+ buffers/cache:       886M       105M
Swap:         8.0G       503M       7.5G

             total       used       free     shared    buffers     cached
Mem:          992M       918M        73M        16K       856K        29M
-/+ buffers/cache:       888M       103M
Swap:         8.0G       502M       7.5G

             total       used       free     shared    buffers     cached
Mem:          992M       920M        72M        16K       856K        29M
-/+ buffers/cache:       890M       102M
Swap:         8.0G       502M       7.5G

             total       used       free     shared    buffers     cached
Mem:          992M       921M        70M        16K       856K        29M
-/+ buffers/cache:       891M       100M
Swap:         8.0G       501M       7.5G

             total       used       free     shared    buffers     cached
Mem:          992M       922M        69M        16K       864K        29M
-/+ buffers/cache:       892M        99M
Swap:         8.0G       500M       7.5G

             total       used       free     shared    buffers     cached
Mem:          992M       924M        67M        16K       864K        29M
-/+ buffers/cache:       894M        97M
Swap:         8.0G       500M       7.5G

             total       used       free     shared    buffers     cached
Mem:          992M       925M        66M        16K       864K        29M
-/+ buffers/cache:       895M        96M
Swap:         8.0G       499M       7.5G

             total       used       free     shared    buffers     cached
Mem:          992M       927M        64M        16K       864K        29M
-/+ buffers/cache:       897M        94M
Swap:         8.0G       498M       7.5G

             total       used       free     shared    buffers     cached
Mem:          992M       928M        63M        16K       864K        29M
-/+ buffers/cache:       898M        93M
Swap:         8.0G       497M       7.5G

             total       used       free     shared    buffers     cached
Mem:          992M       917M        74M        20K       1.0M        28M
-/+ buffers/cache:       887M       104M
Swap:         8.0G       506M       7.5G

             total       used       free     shared    buffers     cached
Mem:          992M       919M        72M        20K       1.0M        28M
-/+ buffers/cache:       889M       102M
Swap:         8.0G       505M       7.5G

             total       used       free     shared    buffers     cached
Mem:          992M       921M        71M        20K       1.0M        28M
-/+ buffers/cache:       891M       101M
Swap:         8.0G       504M       7.5G

             total       used       free     shared    buffers     cached
Mem:          992M       922M        69M        20K       1.0M        28M
-/+ buffers/cache:       892M        99M
Swap:         8.0G       503M       7.5G

             total       used       free     shared    buffers     cached
Mem:          992M       930M        61M        20K       1.0M        31M
-/+ buffers/cache:       898M        93M
Swap:         8.0G       500M       7.5G

             total       used       free     shared    buffers     cached
Mem:          992M       916M        75M        20K       1.0M        28M
-/+ buffers/cache:       886M       105M
Swap:         8.0G       520M       7.5G

             total       used       free     shared    buffers     cached
Mem:          992M       918M        73M        20K       1.0M        29M
-/+ buffers/cache:       888M       103M
Swap:         8.0G       519M       7.5G

             total       used       free     shared    buffers     cached
Mem:          992M       926M        65M        20K       1.0M        31M
-/+ buffers/cache:       893M        98M
Swap:         8.0G       517M       7.5G

             total       used       free     shared    buffers     cached
Mem:          992M       927M        64M        20K       1.0M        31M
-/+ buffers/cache:       894M        97M
Swap:         8.0G       516M       7.5G

             total       used       free     shared    buffers     cached
Mem:          992M       928M        63M        20K       1.0M        31M
-/+ buffers/cache:       895M        96M
Swap:         8.0G       516M       7.5G

             total       used       free     shared    buffers     cached
Mem:          992M       929M        63M        20K       1.0M        31M
-/+ buffers/cache:       896M        95M
Swap:         8.0G       516M       7.5G

             total       used       free     shared    buffers     cached
Mem:          992M       929M        62M        20K       1.0M        31M
-/+ buffers/cache:       896M        95M
Swap:         8.0G       515M       7.5G

             total       used       free     shared    buffers     cached
Mem:          992M       930M        61M        20K       1.0M        31M
-/+ buffers/cache:       897M        94M
Swap:         8.0G       515M       7.5G

             total       used       free     shared    buffers     cached
Mem:          992M       916M        75M        20K       1.0M        31M
-/+ buffers/cache:       884M       107M
Swap:         8.0G       515M       7.5G

             total       used       free     shared    buffers     cached
Mem:          992M       917M        74M        20K       1.0M        31M
-/+ buffers/cache:       885M       106M
Swap:         8.0G       515M       7.5G

             total       used       free     shared    buffers     cached
Mem:          992M       918M        73M        20K       1.0M        31M
-/+ buffers/cache:       886M       105M
Swap:         8.0G       514M       7.5G

             total       used       free     shared    buffers     cached
Mem:          992M       919M        73M        20K       1.0M        31M
-/+ buffers/cache:       887M       105M
Swap:         8.0G       514M       7.5G

             total       used       free     shared    buffers     cached
Mem:          992M       919M        72M        20K       1.0M        31M
-/+ buffers/cache:       887M       104M
Swap:         8.0G       514M       7.5G

             total       used       free     shared    buffers     cached
Mem:          992M       928M        63M       208K       2.3M        49M
-/+ buffers/cache:       877M       114M
Swap:         8.0G       527M       7.5G

             total       used       free     shared    buffers     cached
Mem:          992M       930M        61M       3.9M       5.2M        57M
-/+ buffers/cache:       867M       124M
Swap:         8.0G       558M       7.5G

             total       used       free     shared    buffers     cached
Mem:          992M       930M        61M       240K       5.5M        64M
-/+ buffers/cache:       860M       131M
Swap:         8.0G       559M       7.5G

             total       used       free     shared    buffers     cached
Mem:          992M       916M        75M       232K       4.4M        60M
-/+ buffers/cache:       851M       140M
Swap:         8.0G       573M       7.4G

             total       used       free     shared    buffers     cached
Mem:          992M       917M        74M       232K       4.4M        60M
-/+ buffers/cache:       853M       138M
Swap:         8.0G       572M       7.4G

             total       used       free     shared    buffers     cached
Mem:          992M       918M        73M       232K       4.4M        60M
-/+ buffers/cache:       853M       138M
Swap:         8.0G       572M       7.4G

             total       used       free     shared    buffers     cached
Mem:          992M       921M        71M       232K       4.6M        60M
-/+ buffers/cache:       855M       136M
Swap:         8.0G       572M       7.4G

             total       used       free     shared    buffers     cached
Mem:          992M       922M        69M       232K       4.6M        60M
-/+ buffers/cache:       857M       135M
Swap:         8.0G       571M       7.4G

             total       used       free     shared    buffers     cached
Mem:          992M       924M        68M       232K       4.6M        60M
-/+ buffers/cache:       858M       133M
Swap:         8.0G       570M       7.4G

             total       used       free     shared    buffers     cached
Mem:          992M       925M        66M       232K       4.6M        60M
-/+ buffers/cache:       860M       132M
Swap:         8.0G       569M       7.4G

             total       used       free     shared    buffers     cached
Mem:          992M       926M        65M       232K       4.6M        60M
-/+ buffers/cache:       861M       130M
Swap:         8.0G       569M       7.4G

             total       used       free     shared    buffers     cached
Mem:          992M       928M        63M       232K       4.6M        61M
-/+ buffers/cache:       863M       129M
Swap:         8.0G       568M       7.4G

             total       used       free     shared    buffers     cached
Mem:          992M       930M        61M       232K       4.6M        61M
-/+ buffers/cache:       864M       127M
Swap:         8.0G       567M       7.4G

             total       used       free     shared    buffers     cached
Mem:          992M       920M        71M       232K       4.6M        61M
-/+ buffers/cache:       854M       137M
Swap:         8.0G       566M       7.4G

             total       used       free     shared    buffers     cached
Mem:          992M       921M        70M       232K       4.6M        61M
-/+ buffers/cache:       855M       136M
Swap:         8.0G       566M       7.4G

             total       used       free     shared    buffers     cached
Mem:          992M       922M        69M       232K       4.6M        61M
-/+ buffers/cache:       857M       135M
Swap:         8.0G       565M       7.4G

             total       used       free     shared    buffers     cached
Mem:          992M       924M        67M       232K       4.6M        61M
-/+ buffers/cache:       858M       133M
Swap:         8.0G       564M       7.4G

             total       used       free     shared    buffers     cached
Mem:          992M       925M        66M       232K       4.6M        61M
-/+ buffers/cache:       860M       132M
Swap:         8.0G       564M       7.4G

             total       used       free     shared    buffers     cached
Mem:          992M       927M        64M       232K       4.6M        61M
-/+ buffers/cache:       861M       130M
Swap:         8.0G       563M       7.4G

             total       used       free     shared    buffers     cached
Mem:          992M       928M        63M       232K       4.6M        61M
-/+ buffers/cache:       863M       128M
Swap:         8.0G       562M       7.4G

             total       used       free     shared    buffers     cached
Mem:          992M       930M        61M       232K       4.6M        61M
-/+ buffers/cache:       864M       127M
Swap:         8.0G       561M       7.4G

             total       used       free     shared    buffers     cached
Mem:          992M       912M        79M       232K       4.5M        58M
-/+ buffers/cache:       849M       142M
Swap:         8.0G       589M       7.4G

             total       used       free     shared    buffers     cached
Mem:          992M       913M        78M       232K       4.5M        58M
-/+ buffers/cache:       851M       141M
Swap:         8.0G       588M       7.4G

             total       used       free     shared    buffers     cached
Mem:          992M       915M        77M       232K       4.5M        58M
-/+ buffers/cache:       852M       140M
Swap:         8.0G       587M       7.4G

             total       used       free     shared    buffers     cached
Mem:          992M       916M        75M       232K       4.5M        58M
-/+ buffers/cache:       853M       138M
Swap:         8.0G       587M       7.4G

             total       used       free     shared    buffers     cached
Mem:          992M       918M        73M       232K       4.5M        58M
-/+ buffers/cache:       855M       136M
Swap:         8.0G       586M       7.4G

             total       used       free     shared    buffers     cached
Mem:          992M       919M        72M       232K       4.5M        58M
-/+ buffers/cache:       856M       135M
Swap:         8.0G       585M       7.4G

             total       used       free     shared    buffers     cached
Mem:          992M       921M        71M       232K       4.5M        58M
-/+ buffers/cache:       858M       133M
Swap:         8.0G       584M       7.4G

             total       used       free     shared    buffers     cached
Mem:          992M       928M        63M       232K       5.5M        62M
-/+ buffers/cache:       860M       131M
Swap:         8.0G       583M       7.4G

             total       used       free     shared    buffers     cached
Mem:          992M       930M        61M       236K       5.5M        62M
-/+ buffers/cache:       862M       129M
Swap:         8.0G       583M       7.4G

             total       used       free     shared    buffers     cached
Mem:          992M       915M        76M       236K       4.8M        61M
-/+ buffers/cache:       849M       143M
Swap:         8.0G       582M       7.4G

             total       used       free     shared    buffers     cached
Mem:          992M       917M        75M       236K       4.8M        61M
-/+ buffers/cache:       850M       141M
Swap:         8.0G       581M       7.4G

             total       used       free     shared    buffers     cached
Mem:          992M       918M        73M       236K       4.8M        61M
-/+ buffers/cache:       852M       139M
Swap:         8.0G       580M       7.4G

             total       used       free     shared    buffers     cached
Mem:          992M       920M        72M       236K       4.8M        61M
-/+ buffers/cache:       853M       138M
Swap:         8.0G       580M       7.4G

             total       used       free     shared    buffers     cached
Mem:          992M       917M        74M       280K       8.3M        70M
-/+ buffers/cache:       838M       153M
Swap:         8.0G       594M       7.4G
