             total       used       free     shared    buffers     cached
Mem:          992M       659M       333M       3.2M        38M       289M
-/+ buffers/cache:       331M       660M
Swap:         8.0G         0B       8.0G

             total       used       free     shared    buffers     cached
Mem:          992M       657M       334M       1.4M        38M       287M
-/+ buffers/cache:       331M       660M
Swap:         8.0G         0B       8.0G

             total       used       free     shared    buffers     cached
Mem:          992M       657M       334M       1.4M        38M       287M
-/+ buffers/cache:       331M       660M
Swap:         8.0G         0B       8.0G

             total       used       free     shared    buffers     cached
Mem:          992M       657M       334M       1.4M        38M       287M
-/+ buffers/cache:       331M       660M
Swap:         8.0G         0B       8.0G

             total       used       free     shared    buffers     cached
Mem:          992M       657M       334M       1.4M        38M       287M
-/+ buffers/cache:       331M       660M
Swap:         8.0G         0B       8.0G

             total       used       free     shared    buffers     cached
Mem:          992M       657M       334M       1.4M        38M       287M
-/+ buffers/cache:       331M       660M
Swap:         8.0G         0B       8.0G

             total       used       free     shared    buffers     cached
Mem:          992M       657M       334M       1.4M        38M       287M
-/+ buffers/cache:       331M       660M
Swap:         8.0G         0B       8.0G

             total       used       free     shared    buffers     cached
Mem:          992M       657M       334M       1.4M        38M       287M
-/+ buffers/cache:       331M       661M
Swap:         8.0G         0B       8.0G

             total       used       free     shared    buffers     cached
Mem:          992M       657M       334M       1.4M        38M       288M
-/+ buffers/cache:       330M       661M
Swap:         8.0G         0B       8.0G

             total       used       free     shared    buffers     cached
Mem:          992M       660M       331M       1.4M        38M       288M
-/+ buffers/cache:       333M       658M
Swap:         8.0G         0B       8.0G

             total       used       free     shared    buffers     cached
Mem:          992M       668M       323M       1.4M        38M       288M
-/+ buffers/cache:       341M       650M
Swap:         8.0G         0B       8.0G

             total       used       free     shared    buffers     cached
Mem:          992M       688M       303M       1.4M        38M       288M
-/+ buffers/cache:       361M       630M
Swap:         8.0G         0B       8.0G

             total       used       free     shared    buffers     cached
Mem:          992M       666M       325M       1.4M        38M       289M
-/+ buffers/cache:       338M       653M
Swap:         8.0G         0B       8.0G

             total       used       free     shared    buffers     cached
Mem:          992M       675M       316M       1.4M        38M       289M
-/+ buffers/cache:       347M       645M
Swap:         8.0G         0B       8.0G

             total       used       free     shared    buffers     cached
Mem:          992M       666M       325M       1.4M        38M       289M
-/+ buffers/cache:       338M       653M
Swap:         8.0G         0B       8.0G

             total       used       free     shared    buffers     cached
Mem:          992M       666M       325M       1.4M        38M       289M
-/+ buffers/cache:       338M       653M
Swap:         8.0G         0B       8.0G

             total       used       free     shared    buffers     cached
Mem:          992M       666M       325M       1.4M        38M       289M
-/+ buffers/cache:       338M       653M
Swap:         8.0G         0B       8.0G

             total       used       free     shared    buffers     cached
Mem:          992M       666M       325M       1.4M        38M       289M
-/+ buffers/cache:       338M       653M
Swap:         8.0G         0B       8.0G

             total       used       free     shared    buffers     cached
Mem:          992M       666M       325M       1.4M        38M       289M
-/+ buffers/cache:       338M       653M
Swap:         8.0G         0B       8.0G

             total       used       free     shared    buffers     cached
Mem:          992M       666M       325M       1.4M        38M       289M
-/+ buffers/cache:       338M       653M
Swap:         8.0G         0B       8.0G

             total       used       free     shared    buffers     cached
Mem:          992M       666M       325M       1.4M        38M       289M
-/+ buffers/cache:       338M       653M
Swap:         8.0G         0B       8.0G

             total       used       free     shared    buffers     cached
Mem:          992M       667M       325M       1.4M        38M       289M
-/+ buffers/cache:       338M       653M
Swap:         8.0G         0B       8.0G

             total       used       free     shared    buffers     cached
Mem:          992M       667M       325M       1.4M        38M       289M
-/+ buffers/cache:       338M       653M
Swap:         8.0G         0B       8.0G

             total       used       free     shared    buffers     cached
Mem:          992M       667M       325M       1.4M        38M       289M
-/+ buffers/cache:       338M       653M
Swap:         8.0G         0B       8.0G

             total       used       free     shared    buffers     cached
Mem:          992M       667M       325M       1.4M        38M       289M
-/+ buffers/cache:       338M       653M
Swap:         8.0G         0B       8.0G

             total       used       free     shared    buffers     cached
Mem:          992M       667M       325M       1.4M        38M       289M
-/+ buffers/cache:       338M       653M
Swap:         8.0G         0B       8.0G

             total       used       free     shared    buffers     cached
Mem:          992M       667M       325M       1.4M        38M       289M
-/+ buffers/cache:       338M       653M
Swap:         8.0G         0B       8.0G

             total       used       free     shared    buffers     cached
Mem:          992M       667M       325M       1.4M        38M       289M
-/+ buffers/cache:       338M       653M
Swap:         8.0G         0B       8.0G

             total       used       free     shared    buffers     cached
Mem:          992M       667M       325M       1.4M        38M       289M
-/+ buffers/cache:       338M       653M
Swap:         8.0G         0B       8.0G

             total       used       free     shared    buffers     cached
Mem:          992M       667M       325M       1.4M        38M       289M
-/+ buffers/cache:       338M       653M
Swap:         8.0G         0B       8.0G

             total       used       free     shared    buffers     cached
Mem:          992M       667M       325M       1.4M        38M       289M
-/+ buffers/cache:       338M       653M
Swap:         8.0G         0B       8.0G

             total       used       free     shared    buffers     cached
Mem:          992M       667M       325M       1.4M        38M       289M
-/+ buffers/cache:       338M       653M
Swap:         8.0G         0B       8.0G

             total       used       free     shared    buffers     cached
Mem:          992M       667M       325M       1.4M        38M       289M
-/+ buffers/cache:       338M       653M
Swap:         8.0G         0B       8.0G

             total       used       free     shared    buffers     cached
Mem:          992M       675M       316M       1.4M        38M       289M
-/+ buffers/cache:       346M       645M
Swap:         8.0G         0B       8.0G

             total       used       free     shared    buffers     cached
Mem:          992M       693M       298M       1.4M        38M       289M
-/+ buffers/cache:       364M       627M
Swap:         8.0G         0B       8.0G

             total       used       free     shared    buffers     cached
Mem:          992M       712M       279M       1.4M        38M       289M
-/+ buffers/cache:       383M       608M
Swap:         8.0G         0B       8.0G

             total       used       free     shared    buffers     cached
Mem:          992M       729M       262M       1.4M        38M       289M
-/+ buffers/cache:       401M       591M
Swap:         8.0G         0B       8.0G

             total       used       free     shared    buffers     cached
Mem:          992M       746M       245M       1.4M        38M       289M
-/+ buffers/cache:       418M       574M
Swap:         8.0G         0B       8.0G

             total       used       free     shared    buffers     cached
Mem:          992M       763M       228M       1.4M        38M       289M
-/+ buffers/cache:       435M       557M
Swap:         8.0G         0B       8.0G

             total       used       free     shared    buffers     cached
Mem:          992M       780M       212M       1.4M        38M       289M
-/+ buffers/cache:       451M       540M
Swap:         8.0G         0B       8.0G

             total       used       free     shared    buffers     cached
Mem:          992M       792M       199M       1.4M        38M       289M
-/+ buffers/cache:       464M       527M
Swap:         8.0G         0B       8.0G

             total       used       free     shared    buffers     cached
Mem:          992M       809M       183M       1.4M        38M       289M
-/+ buffers/cache:       480M       511M
Swap:         8.0G         0B       8.0G

             total       used       free     shared    buffers     cached
Mem:          992M       826M       166M       1.4M        38M       289M
-/+ buffers/cache:       497M       494M
Swap:         8.0G         0B       8.0G

             total       used       free     shared    buffers     cached
Mem:          992M       847M       145M       1.4M        38M       289M
-/+ buffers/cache:       518M       473M
Swap:         8.0G         0B       8.0G

             total       used       free     shared    buffers     cached
Mem:          992M       864M       127M       1.4M        38M       289M
-/+ buffers/cache:       536M       455M
Swap:         8.0G         0B       8.0G

             total       used       free     shared    buffers     cached
Mem:          992M       882M       109M       1.4M        38M       289M
-/+ buffers/cache:       553M       438M
Swap:         8.0G         0B       8.0G

             total       used       free     shared    buffers     cached
Mem:          992M       897M        94M       1.4M        38M       289M
-/+ buffers/cache:       569M       423M
Swap:         8.0G         0B       8.0G

             total       used       free     shared    buffers     cached
Mem:          992M       916M        75M       1.4M        38M       289M
-/+ buffers/cache:       587M       404M
Swap:         8.0G         0B       8.0G

             total       used       free     shared    buffers     cached
Mem:          992M       933M        58M       1.4M        38M       289M
-/+ buffers/cache:       604M       387M
Swap:         8.0G         0B       8.0G

             total       used       free     shared    buffers     cached
Mem:          992M       923M        68M       1.4M        12M       288M
-/+ buffers/cache:       623M       368M
Swap:         8.0G         0B       8.0G

             total       used       free     shared    buffers     cached
Mem:          992M       917M        74M       1.4M        10M       266M
-/+ buffers/cache:       640M       351M
Swap:         8.0G       104K       8.0G

             total       used       free     shared    buffers     cached
Mem:          992M       915M        77M       1.3M       9.7M       247M
-/+ buffers/cache:       657M       334M
Swap:         8.0G       452K       8.0G

             total       used       free     shared    buffers     cached
Mem:          992M       931M        60M       1.3M       9.7M       247M
-/+ buffers/cache:       674M       318M
Swap:         8.0G       452K       8.0G

             total       used       free     shared    buffers     cached
Mem:          992M       931M        60M       1.2M       9.7M       232M
-/+ buffers/cache:       689M       302M
Swap:         8.0G       4.5M       8.0G

             total       used       free     shared    buffers     cached
Mem:          992M       921M        71M       1.2M       9.5M       208M
-/+ buffers/cache:       703M       289M
Swap:         8.0G       8.7M       8.0G

             total       used       free     shared    buffers     cached
Mem:          992M       922M        69M       1.2M       2.7M       198M
-/+ buffers/cache:       721M       271M
Swap:         8.0G       8.7M       8.0G

             total       used       free     shared    buffers     cached
Mem:          992M       928M        63M       1.2M       1.5M       187M
-/+ buffers/cache:       738M       253M
Swap:         8.0G       8.7M       8.0G

             total       used       free     shared    buffers     cached
Mem:          992M       921M        70M       1.2M       196K       166M
-/+ buffers/cache:       754M       237M
Swap:         8.0G       8.7M       8.0G

             total       used       free     shared    buffers     cached
Mem:          992M       919M        72M       1.2M       200K       146M
-/+ buffers/cache:       772M       219M
Swap:         8.0G       8.7M       8.0G

             total       used       free     shared    buffers     cached
Mem:          992M       930M        61M       1.2M       200K       146M
-/+ buffers/cache:       783M       208M
Swap:         8.0G       8.7M       8.0G

             total       used       free     shared    buffers     cached
Mem:          992M       930M        61M       1.2M       200K       129M
-/+ buffers/cache:       801M       190M
Swap:         8.0G       8.7M       8.0G

             total       used       free     shared    buffers     cached
Mem:          992M       930M        61M       1.2M        84K       114M
-/+ buffers/cache:       816M       176M
Swap:         8.0G       8.7M       8.0G

             total       used       free     shared    buffers     cached
Mem:          992M       932M        60M       1.2M       252K       101M
-/+ buffers/cache:       830M       161M
Swap:         8.0G       8.7M       8.0G

             total       used       free     shared    buffers     cached
Mem:          992M       930M        61M       1.2M       252K        82M
-/+ buffers/cache:       847M       144M
Swap:         8.0G       8.7M       8.0G

             total       used       free     shared    buffers     cached
Mem:          992M       927M        64M       1.2M       252K        63M
-/+ buffers/cache:       863M       128M
Swap:         8.0G       8.7M       8.0G

             total       used       free     shared    buffers     cached
Mem:          992M       927M        65M       1.2M       392K        47M
-/+ buffers/cache:       879M       113M
Swap:         8.0G       8.7M       8.0G

             total       used       free     shared    buffers     cached
Mem:          992M       923M        68M       1.2M       668K        27M
-/+ buffers/cache:       895M        96M
Swap:         8.0G       8.7M       8.0G

             total       used       free     shared    buffers     cached
Mem:          992M       919M        72M       1.2M       676K       6.5M
-/+ buffers/cache:       912M        79M
Swap:         8.0G       8.7M       8.0G

             total       used       free     shared    buffers     cached
Mem:          992M       920M        71M       1.0M       676K       3.3M
-/+ buffers/cache:       916M        75M
Swap:         8.0G        21M       8.0G

             total       used       free     shared    buffers     cached
Mem:          992M       922M        69M       752K       2.0M        13M
-/+ buffers/cache:       907M        84M
Swap:         8.0G        47M       8.0G

             total       used       free     shared    buffers     cached
Mem:          992M       930M        61M       712K       1.8M        13M
-/+ buffers/cache:       915M        76M
Swap:         8.0G        69M       7.9G

             total       used       free     shared    buffers     cached
Mem:          992M       930M        61M       712K       1.8M        13M
-/+ buffers/cache:       915M        76M
Swap:         8.0G        70M       7.9G

             total       used       free     shared    buffers     cached
Mem:          992M       919M        72M       688K       1.4M        10M
-/+ buffers/cache:       907M        84M
Swap:         8.0G       100M       7.9G

             total       used       free     shared    buffers     cached
Mem:          992M       927M        64M       680K        92K       5.9M
-/+ buffers/cache:       921M        70M
Swap:         8.0G       101M       7.9G

             total       used       free     shared    buffers     cached
Mem:          992M       892M        99M       572K       504K       5.9M
-/+ buffers/cache:       886M       106M
Swap:         8.0G       203M       7.8G

             total       used       free     shared    buffers     cached
Mem:          992M       910M        81M       572K       504K       5.9M
-/+ buffers/cache:       903M        88M
Swap:         8.0G       203M       7.8G

             total       used       free     shared    buffers     cached
Mem:          992M       917M        74M       572K       500K        22M
-/+ buffers/cache:       894M        97M
Swap:         8.0G       195M       7.8G

             total       used       free     shared    buffers     cached
Mem:          992M       916M        75M       572K       808K        20M
-/+ buffers/cache:       895M        97M
Swap:         8.0G       199M       7.8G

             total       used       free     shared    buffers     cached
Mem:          992M       928M        63M       572K       816K        20M
-/+ buffers/cache:       907M        85M
Swap:         8.0G       199M       7.8G

             total       used       free     shared    buffers     cached
Mem:          992M       925M        66M       540K       520K       4.2M
-/+ buffers/cache:       920M        71M
Swap:         8.0G       255M       7.7G

             total       used       free     shared    buffers     cached
Mem:          992M       915M        76M       540K       520K       3.3M
-/+ buffers/cache:       911M        80M
Swap:         8.0G       255M       7.7G

             total       used       free     shared    buffers     cached
Mem:          992M       922M        70M       540K       520K       3.3M
-/+ buffers/cache:       918M        73M
Swap:         8.0G       255M       7.7G

             total       used       free     shared    buffers     cached
Mem:          992M       929M        62M       540K       528K       3.4M
-/+ buffers/cache:       926M        66M
Swap:         8.0G       255M       7.7G

             total       used       free     shared    buffers     cached
Mem:          992M       922M        70M       540K       516K       3.4M
-/+ buffers/cache:       918M        74M
Swap:         8.0G       255M       7.7G

             total       used       free     shared    buffers     cached
Mem:          992M       930M        61M       540K       516K       3.5M
-/+ buffers/cache:       926M        65M
Swap:         8.0G       255M       7.7G

             total       used       free     shared    buffers     cached
Mem:          992M       923M        68M       540K       516K       3.7M
-/+ buffers/cache:       919M        73M
Swap:         8.0G       255M       7.7G

             total       used       free     shared    buffers     cached
Mem:          992M       930M        61M       540K       516K       3.7M
-/+ buffers/cache:       926M        65M
Swap:         8.0G       255M       7.7G

             total       used       free     shared    buffers     cached
Mem:          992M       919M        72M       540K       516K       3.5M
-/+ buffers/cache:       915M        76M
Swap:         8.0G       274M       7.7G

             total       used       free     shared    buffers     cached
Mem:          992M       926M        65M       540K       524K       3.5M
-/+ buffers/cache:       922M        69M
Swap:         8.0G       274M       7.7G

             total       used       free     shared    buffers     cached
Mem:          992M       914M        77M       540K       500K       3.3M
-/+ buffers/cache:       910M        81M
Swap:         8.0G       298M       7.7G

             total       used       free     shared    buffers     cached
Mem:          992M       919M        72M       540K       500K       3.3M
-/+ buffers/cache:       915M        76M
Swap:         8.0G       298M       7.7G

             total       used       free     shared    buffers     cached
Mem:          992M       924M        67M       540K       500K       3.3M
-/+ buffers/cache:       920M        71M
Swap:         8.0G       298M       7.7G

             total       used       free     shared    buffers     cached
Mem:          992M       930M        61M       540K       500K       3.3M
-/+ buffers/cache:       926M        65M
Swap:         8.0G       298M       7.7G

             total       used       free     shared    buffers     cached
Mem:          992M       922M        69M       540K       480K       3.2M
-/+ buffers/cache:       918M        73M
Swap:         8.0G       306M       7.7G

             total       used       free     shared    buffers     cached
Mem:          992M       926M        65M       540K       480K       3.3M
-/+ buffers/cache:       922M        69M
Swap:         8.0G       306M       7.7G

             total       used       free     shared    buffers     cached
Mem:          992M       919M        72M       540K       440K       3.3M
-/+ buffers/cache:       915M        76M
Swap:         8.0G       324M       7.7G

             total       used       free     shared    buffers     cached
Mem:          992M       924M        68M       540K       440K       3.3M
-/+ buffers/cache:       920M        71M
Swap:         8.0G       324M       7.7G

             total       used       free     shared    buffers     cached
Mem:          992M       928M        63M       540K       440K       3.2M
-/+ buffers/cache:       924M        67M
Swap:         8.0G       324M       7.7G

             total       used       free     shared    buffers     cached
Mem:          992M       919M        72M       540K       340K       3.3M
-/+ buffers/cache:       915M        76M
Swap:         8.0G       331M       7.7G

             total       used       free     shared    buffers     cached
Mem:          992M       923M        68M       540K       348K       3.2M
-/+ buffers/cache:       920M        72M
Swap:         8.0G       331M       7.7G

             total       used       free     shared    buffers     cached
Mem:          992M       928M        63M       540K       348K       3.2M
-/+ buffers/cache:       925M        66M
Swap:         8.0G       331M       7.7G

             total       used       free     shared    buffers     cached
Mem:          992M       915M        76M        20K       296K       2.6M
-/+ buffers/cache:       912M        79M
Swap:         8.0G       353M       7.7G

             total       used       free     shared    buffers     cached
Mem:          992M       919M        72M         8K        76K       2.4M
-/+ buffers/cache:       917M        75M
Swap:         8.0G       335M       7.7G

             total       used       free     shared    buffers     cached
Mem:          992M       922M        69M         8K        76K       2.0M
-/+ buffers/cache:       920M        71M
Swap:         8.0G       330M       7.7G

             total       used       free     shared    buffers     cached
Mem:          992M       920M        72M         4K        84K       1.7M
-/+ buffers/cache:       918M        73M
Swap:         8.0G       327M       7.7G

             total       used       free     shared    buffers     cached
Mem:          992M       916M        75M         0B        88K       1.7M
-/+ buffers/cache:       915M        77M
Swap:         8.0G       338M       7.7G

             total       used       free     shared    buffers     cached
Mem:          992M       917M        74M         0B        88K       1.6M
-/+ buffers/cache:       915M        76M
Swap:         8.0G       337M       7.7G

             total       used       free     shared    buffers     cached
Mem:          992M       920M        71M         0B        88K       1.4M
-/+ buffers/cache:       919M        72M
Swap:         8.0G       328M       7.7G

             total       used       free     shared    buffers     cached
Mem:          992M       920M        71M         0B        88K       1.4M
-/+ buffers/cache:       919M        73M
Swap:         8.0G       323M       7.7G

             total       used       free     shared    buffers     cached
Mem:          992M       920M        71M         0B        84K       1.3M
-/+ buffers/cache:       919M        73M
Swap:         8.0G       324M       7.7G

             total       used       free     shared    buffers     cached
Mem:          992M       928M        63M         0B        84K       1.3M
-/+ buffers/cache:       927M        64M
Swap:         8.0G       316M       7.7G

             total       used       free     shared    buffers     cached
Mem:          992M       924M        67M         0B        76K       1.5M
-/+ buffers/cache:       922M        69M
Swap:         8.0G       438M       7.6G

             total       used       free     shared    buffers     cached
Mem:          992M       917M        74M         0B        76K       2.6M
-/+ buffers/cache:       915M        76M
Swap:         8.0G       367M       7.6G

             total       used       free     shared    buffers     cached
Mem:          992M       921M        70M         0B        76K       2.6M
-/+ buffers/cache:       919M        72M
Swap:         8.0G       337M       7.7G

             total       used       free     shared    buffers     cached
Mem:          992M       927M        64M         0B        76K       2.8M
-/+ buffers/cache:       924M        67M
Swap:         8.0G       329M       7.7G

             total       used       free     shared    buffers     cached
Mem:          992M       918M        73M         0B        84K       2.8M
-/+ buffers/cache:       915M        76M
Swap:         8.0G       340M       7.7G

             total       used       free     shared    buffers     cached
Mem:          992M       923M        68M         0B        84K       2.9M
-/+ buffers/cache:       921M        71M
Swap:         8.0G       340M       7.7G

             total       used       free     shared    buffers     cached
Mem:          992M       931M        60M         0B        84K       2.9M
-/+ buffers/cache:       928M        63M
Swap:         8.0G       340M       7.7G

             total       used       free     shared    buffers     cached
Mem:          992M       917M        74M         0B        84K       2.7M
-/+ buffers/cache:       914M        77M
Swap:         8.0G       362M       7.6G

             total       used       free     shared    buffers     cached
Mem:          992M       923M        68M         0B        84K       2.7M
-/+ buffers/cache:       921M        71M
Swap:         8.0G       362M       7.6G

             total       used       free     shared    buffers     cached
Mem:          992M       930M        61M         0B        92K       2.8M
-/+ buffers/cache:       927M        64M
Swap:         8.0G       362M       7.6G

             total       used       free     shared    buffers     cached
Mem:          992M       923M        68M         0B        92K       2.7M
-/+ buffers/cache:       920M        71M
Swap:         8.0G       364M       7.6G

             total       used       free     shared    buffers     cached
Mem:          992M       925M        66M         0B        92K       2.8M
-/+ buffers/cache:       922M        69M
Swap:         8.0G       364M       7.6G

             total       used       free     shared    buffers     cached
Mem:          992M       927M        64M         0B        92K       2.7M
-/+ buffers/cache:       924M        67M
Swap:         8.0G       363M       7.6G

             total       used       free     shared    buffers     cached
Mem:          992M       929M        62M         0B        92K       2.8M
-/+ buffers/cache:       926M        65M
Swap:         8.0G       362M       7.6G

             total       used       free     shared    buffers     cached
Mem:          992M       931M        60M         0B       100K       2.8M
-/+ buffers/cache:       928M        63M
Swap:         8.0G       361M       7.6G

             total       used       free     shared    buffers     cached
Mem:          992M       920M        71M         0B       100K       2.7M
-/+ buffers/cache:       917M        74M
Swap:         8.0G       381M       7.6G

             total       used       free     shared    buffers     cached
Mem:          992M       922M        69M         0B       100K       2.7M
-/+ buffers/cache:       919M        72M
Swap:         8.0G       380M       7.6G

             total       used       free     shared    buffers     cached
Mem:          992M       923M        68M         0B       100K       2.7M
-/+ buffers/cache:       921M        71M
Swap:         8.0G       380M       7.6G

             total       used       free     shared    buffers     cached
Mem:          992M       927M        64M         0B       240K       3.2M
-/+ buffers/cache:       923M        68M
Swap:         8.0G       378M       7.6G

             total       used       free     shared    buffers     cached
Mem:          992M       929M        62M         0B       240K       3.2M
-/+ buffers/cache:       925M        66M
Swap:         8.0G       377M       7.6G

             total       used       free     shared    buffers     cached
Mem:          992M       930M        61M         0B       248K       3.2M
-/+ buffers/cache:       927M        64M
Swap:         8.0G       376M       7.6G

             total       used       free     shared    buffers     cached
Mem:          992M       920M        71M         0B       248K       3.2M
-/+ buffers/cache:       916M        75M
Swap:         8.0G       384M       7.6G

             total       used       free     shared    buffers     cached
Mem:          992M       922M        69M         0B       248K       3.3M
-/+ buffers/cache:       919M        73M
Swap:         8.0G       383M       7.6G

             total       used       free     shared    buffers     cached
Mem:          992M       924M        67M         0B       248K       3.2M
-/+ buffers/cache:       920M        71M
Swap:         8.0G       382M       7.6G

             total       used       free     shared    buffers     cached
Mem:          992M       926M        65M         0B       248K       3.2M
-/+ buffers/cache:       922M        69M
Swap:         8.0G       381M       7.6G

             total       used       free     shared    buffers     cached
Mem:          992M       910M        81M         0B        96K        20M
-/+ buffers/cache:       890M       101M
Swap:         8.0G       422M       7.6G

             total       used       free     shared    buffers     cached
Mem:          992M       917M        74M         0B       1.7M        23M
-/+ buffers/cache:       893M        99M
Swap:         8.0G       421M       7.6G

             total       used       free     shared    buffers     cached
Mem:          992M       919M        72M         4K       1.8M        23M
-/+ buffers/cache:       894M        97M
Swap:         8.0G       420M       7.6G

             total       used       free     shared    buffers     cached
Mem:          992M       921M        71M         4K       1.8M        23M
-/+ buffers/cache:       896M        95M
Swap:         8.0G       419M       7.6G

             total       used       free     shared    buffers     cached
Mem:          992M       923M        69M         4K       1.8M        23M
-/+ buffers/cache:       898M        93M
Swap:         8.0G       419M       7.6G

             total       used       free     shared    buffers     cached
Mem:          992M       924M        67M         4K       1.8M        23M
-/+ buffers/cache:       899M        92M
Swap:         8.0G       418M       7.6G

             total       used       free     shared    buffers     cached
Mem:          992M       926M        65M         4K       1.8M        23M
-/+ buffers/cache:       902M        90M
Swap:         8.0G       417M       7.6G

             total       used       free     shared    buffers     cached
Mem:          992M       928M        63M         4K       1.8M        23M
-/+ buffers/cache:       903M        88M
Swap:         8.0G       417M       7.6G

             total       used       free     shared    buffers     cached
Mem:          992M       930M        61M         4K       1.8M        23M
-/+ buffers/cache:       905M        86M
Swap:         8.0G       416M       7.6G

             total       used       free     shared    buffers     cached
Mem:          992M       918M        73M         4K       1.8M        22M
-/+ buffers/cache:       894M        97M
Swap:         8.0G       427M       7.6G

             total       used       free     shared    buffers     cached
Mem:          992M       920M        71M         4K       1.8M        22M
-/+ buffers/cache:       896M        95M
Swap:         8.0G       426M       7.6G

             total       used       free     shared    buffers     cached
Mem:          992M       921M        70M         4K       1.8M        22M
-/+ buffers/cache:       897M        94M
Swap:         8.0G       426M       7.6G

             total       used       free     shared    buffers     cached
Mem:          992M       923M        68M         4K       1.8M        22M
-/+ buffers/cache:       899M        92M
Swap:         8.0G       425M       7.6G

             total       used       free     shared    buffers     cached
Mem:          992M       925M        66M         4K       1.8M        22M
-/+ buffers/cache:       901M        90M
Swap:         8.0G       424M       7.6G

             total       used       free     shared    buffers     cached
Mem:          992M       927M        64M         4K       1.8M        22M
-/+ buffers/cache:       903M        89M
Swap:         8.0G       424M       7.6G

             total       used       free     shared    buffers     cached
Mem:          992M       928M        63M         4K       1.8M        22M
-/+ buffers/cache:       904M        87M
Swap:         8.0G       423M       7.6G

             total       used       free     shared    buffers     cached
Mem:          992M       930M        61M         4K       1.8M        22M
-/+ buffers/cache:       906M        85M
Swap:         8.0G       422M       7.6G

             total       used       free     shared    buffers     cached
Mem:          992M       920M        71M         4K       1.8M        21M
-/+ buffers/cache:       897M        94M
Swap:         8.0G       433M       7.6G

             total       used       free     shared    buffers     cached
Mem:          992M       921M        70M         4K       1.8M        21M
-/+ buffers/cache:       899M        93M
Swap:         8.0G       432M       7.6G

             total       used       free     shared    buffers     cached
Mem:          992M       923M        68M         4K       1.8M        21M
-/+ buffers/cache:       900M        91M
Swap:         8.0G       431M       7.6G

             total       used       free     shared    buffers     cached
Mem:          992M       925M        66M         4K       1.8M        21M
-/+ buffers/cache:       902M        89M
Swap:         8.0G       431M       7.6G

             total       used       free     shared    buffers     cached
Mem:          992M       926M        65M         4K       1.8M        21M
-/+ buffers/cache:       904M        88M
Swap:         8.0G       430M       7.6G

             total       used       free     shared    buffers     cached
Mem:          992M       928M        63M         4K       1.8M        21M
-/+ buffers/cache:       905M        86M
Swap:         8.0G       429M       7.6G

             total       used       free     shared    buffers     cached
Mem:          992M       930M        61M         4K       1.8M        21M
-/+ buffers/cache:       907M        84M
Swap:         8.0G       429M       7.6G

             total       used       free     shared    buffers     cached
Mem:          992M       916M        75M         4K       1.7M        17M
-/+ buffers/cache:       896M        95M
Swap:         8.0G       442M       7.6G

             total       used       free     shared    buffers     cached
Mem:          992M       918M        73M         4K       1.7M        17M
-/+ buffers/cache:       898M        93M
Swap:         8.0G       441M       7.6G

             total       used       free     shared    buffers     cached
Mem:          992M       919M        72M         4K       1.7M        17M
-/+ buffers/cache:       900M        92M
Swap:         8.0G       441M       7.6G

             total       used       free     shared    buffers     cached
Mem:          992M       921M        70M         4K       1.7M        17M
-/+ buffers/cache:       901M        90M
Swap:         8.0G       440M       7.6G

             total       used       free     shared    buffers     cached
Mem:          992M       922M        69M         4K       1.7M        17M
-/+ buffers/cache:       903M        88M
Swap:         8.0G       439M       7.6G

             total       used       free     shared    buffers     cached
Mem:          992M       924M        67M         4K       1.7M        17M
-/+ buffers/cache:       904M        87M
Swap:         8.0G       439M       7.6G

             total       used       free     shared    buffers     cached
Mem:          992M       926M        66M         4K       1.7M        17M
-/+ buffers/cache:       906M        85M
Swap:         8.0G       438M       7.6G

             total       used       free     shared    buffers     cached
Mem:          992M       928M        64M         4K       1.7M        17M
-/+ buffers/cache:       908M        83M
Swap:         8.0G       437M       7.6G

             total       used       free     shared    buffers     cached
Mem:          992M       929M        62M         4K       1.8M        17M
-/+ buffers/cache:       910M        81M
Swap:         8.0G       436M       7.6G

             total       used       free     shared    buffers     cached
Mem:          992M       913M        78M         4K       1.8M        15M
-/+ buffers/cache:       896M        95M
Swap:         8.0G       456M       7.6G

             total       used       free     shared    buffers     cached
Mem:          992M       915M        76M         4K       1.8M        15M
-/+ buffers/cache:       897M        94M
Swap:         8.0G       455M       7.6G

             total       used       free     shared    buffers     cached
Mem:          992M       917M        75M         4K       1.8M        15M
-/+ buffers/cache:       899M        92M
Swap:         8.0G       454M       7.6G

             total       used       free     shared    buffers     cached
Mem:          992M       919M        73M         4K       1.8M        15M
-/+ buffers/cache:       901M        90M
Swap:         8.0G       453M       7.6G

             total       used       free     shared    buffers     cached
Mem:          992M       920M        71M         4K       1.8M        15M
-/+ buffers/cache:       903M        88M
Swap:         8.0G       452M       7.6G

             total       used       free     shared    buffers     cached
Mem:          992M       922M        69M         4K       1.8M        15M
-/+ buffers/cache:       905M        86M
Swap:         8.0G       451M       7.6G

             total       used       free     shared    buffers     cached
Mem:          992M       924M        67M         4K       1.8M        15M
-/+ buffers/cache:       907M        85M
Swap:         8.0G       450M       7.6G

             total       used       free     shared    buffers     cached
Mem:          992M       926M        66M         4K       1.8M        15M
-/+ buffers/cache:       908M        83M
Swap:         8.0G       449M       7.6G

             total       used       free     shared    buffers     cached
Mem:          992M       927M        64M         4K       1.8M        15M
-/+ buffers/cache:       910M        81M
Swap:         8.0G       448M       7.6G

             total       used       free     shared    buffers     cached
Mem:          992M       929M        62M         4K       1.8M        15M
-/+ buffers/cache:       912M        79M
Swap:         8.0G       447M       7.6G

             total       used       free     shared    buffers     cached
Mem:          992M       918M        73M         4K       268K       7.9M
-/+ buffers/cache:       910M        81M
Swap:         8.0G       446M       7.6G

             total       used       free     shared    buffers     cached
Mem:          992M       922M        69M         4K       524K       9.9M
-/+ buffers/cache:       912M        79M
Swap:         8.0G       445M       7.6G

             total       used       free     shared    buffers     cached
Mem:          992M       923M        68M         4K       688K        11M
-/+ buffers/cache:       911M        80M
Swap:         8.0G       445M       7.6G

             total       used       free     shared    buffers     cached
Mem:          992M       927M        64M        20K       496K        27M
-/+ buffers/cache:       900M        91M
Swap:         8.0G       467M       7.5G

             total       used       free     shared    buffers     cached
Mem:          992M       899M        92M        20K       496K        25M
-/+ buffers/cache:       873M       118M
Swap:         8.0G       486M       7.5G

             total       used       free     shared    buffers     cached
Mem:          992M       900M        91M        20K       496K        25M
-/+ buffers/cache:       874M       117M
Swap:         8.0G       485M       7.5G

             total       used       free     shared    buffers     cached
Mem:          992M       902M        90M        20K       496K        25M
-/+ buffers/cache:       875M       116M
Swap:         8.0G       484M       7.5G

             total       used       free     shared    buffers     cached
Mem:          992M       903M        88M        20K       496K        25M
-/+ buffers/cache:       876M       115M
Swap:         8.0G       484M       7.5G

             total       used       free     shared    buffers     cached
Mem:          992M       904M        87M        20K       504K        25M
-/+ buffers/cache:       878M       114M
Swap:         8.0G       483M       7.5G

             total       used       free     shared    buffers     cached
Mem:          992M       905M        86M        20K       504K        25M
-/+ buffers/cache:       878M       113M
Swap:         8.0G       483M       7.5G

             total       used       free     shared    buffers     cached
Mem:          992M       908M        84M        20K       504K        26M
-/+ buffers/cache:       880M       111M
Swap:         8.0G       482M       7.5G

             total       used       free     shared    buffers     cached
Mem:          992M       909M        82M        20K       504K        27M
-/+ buffers/cache:       882M       109M
Swap:         8.0G       481M       7.5G

             total       used       free     shared    buffers     cached
Mem:          992M       911M        80M        20K       504K        27M
-/+ buffers/cache:       883M       108M
Swap:         8.0G       480M       7.5G

             total       used       free     shared    buffers     cached
Mem:          992M       912M        79M        20K       504K        27M
-/+ buffers/cache:       884M       107M
Swap:         8.0G       480M       7.5G

             total       used       free     shared    buffers     cached
Mem:          992M       913M        78M        20K       512K        27M
-/+ buffers/cache:       885M       106M
Swap:         8.0G       479M       7.5G

             total       used       free     shared    buffers     cached
Mem:          992M       914M        77M        20K       512K        27M
-/+ buffers/cache:       886M       105M
Swap:         8.0G       478M       7.5G

             total       used       free     shared    buffers     cached
Mem:          992M       915M        76M        20K       512K        27M
-/+ buffers/cache:       888M       104M
Swap:         8.0G       478M       7.5G

             total       used       free     shared    buffers     cached
Mem:          992M       922M        69M        20K       512K        32M
-/+ buffers/cache:       889M       102M
Swap:         8.0G       477M       7.5G

             total       used       free     shared    buffers     cached
Mem:          992M       924M        68M        20K       828K        32M
-/+ buffers/cache:       890M       101M
Swap:         8.0G       476M       7.5G

             total       used       free     shared    buffers     cached
Mem:          992M       925M        67M        20K       836K        32M
-/+ buffers/cache:       891M       100M
Swap:         8.0G       476M       7.5G

             total       used       free     shared    buffers     cached
Mem:          992M       926M        65M        20K       836K        32M
-/+ buffers/cache:       892M        99M
Swap:         8.0G       475M       7.5G

             total       used       free     shared    buffers     cached
Mem:          992M       927M        64M        20K       836K        32M
-/+ buffers/cache:       893M        98M
Swap:         8.0G       474M       7.5G

             total       used       free     shared    buffers     cached
Mem:          992M       928M        63M        20K       836K        32M
-/+ buffers/cache:       895M        97M
Swap:         8.0G       474M       7.5G

             total       used       free     shared    buffers     cached
Mem:          992M       930M        62M        20K       836K        32M
-/+ buffers/cache:       896M        95M
Swap:         8.0G       473M       7.5G

             total       used       free     shared    buffers     cached
Mem:          992M       931M        60M        20K       836K        32M
-/+ buffers/cache:       897M        94M
Swap:         8.0G       472M       7.5G

             total       used       free     shared    buffers     cached
Mem:          992M       919M        72M        20K       820K        31M
-/+ buffers/cache:       887M       105M
Swap:         8.0G       485M       7.5G

             total       used       free     shared    buffers     cached
Mem:          992M       920M        71M        20K       820K        31M
-/+ buffers/cache:       888M       103M
Swap:         8.0G       484M       7.5G

             total       used       free     shared    buffers     cached
Mem:          992M       921M        70M        20K       820K        31M
-/+ buffers/cache:       889M       102M
Swap:         8.0G       483M       7.5G

             total       used       free     shared    buffers     cached
Mem:          992M       922M        69M        20K       820K        31M
-/+ buffers/cache:       890M       101M
Swap:         8.0G       483M       7.5G

             total       used       free     shared    buffers     cached
Mem:          992M       923M        68M        20K       820K        31M
-/+ buffers/cache:       891M       100M
Swap:         8.0G       482M       7.5G

             total       used       free     shared    buffers     cached
Mem:          992M       925M        66M        20K       828K        31M
-/+ buffers/cache:       892M        99M
Swap:         8.0G       482M       7.5G

             total       used       free     shared    buffers     cached
Mem:          992M       926M        65M        20K       836K        31M
-/+ buffers/cache:       893M        98M
Swap:         8.0G       481M       7.5G

             total       used       free     shared    buffers     cached
Mem:          992M       927M        64M        20K       836K        31M
-/+ buffers/cache:       895M        96M
Swap:         8.0G       480M       7.5G

             total       used       free     shared    buffers     cached
Mem:          992M       928M        63M        20K       836K        31M
-/+ buffers/cache:       896M        95M
Swap:         8.0G       480M       7.5G

             total       used       free     shared    buffers     cached
Mem:          992M       930M        62M        20K       836K        31M
-/+ buffers/cache:       897M        94M
Swap:         8.0G       479M       7.5G

             total       used       free     shared    buffers     cached
Mem:          992M       931M        60M        20K       836K        31M
-/+ buffers/cache:       898M        93M
Swap:         8.0G       478M       7.5G

             total       used       free     shared    buffers     cached
Mem:          992M       916M        75M        20K       844K        30M
-/+ buffers/cache:       885M       106M
Swap:         8.0G       491M       7.5G

             total       used       free     shared    buffers     cached
Mem:          992M       918M        74M        20K       844K        30M
-/+ buffers/cache:       887M       105M
Swap:         8.0G       491M       7.5G

             total       used       free     shared    buffers     cached
Mem:          992M       919M        73M        20K       844K        30M
-/+ buffers/cache:       888M       104M
Swap:         8.0G       490M       7.5G

             total       used       free     shared    buffers     cached
Mem:          992M       920M        71M        20K       844K        30M
-/+ buffers/cache:       889M       102M
Swap:         8.0G       489M       7.5G

             total       used       free     shared    buffers     cached
Mem:          992M       921M        70M        20K       844K        30M
-/+ buffers/cache:       890M       101M
Swap:         8.0G       488M       7.5G

             total       used       free     shared    buffers     cached
Mem:          992M       922M        69M        20K       852K        30M
-/+ buffers/cache:       891M       100M
Swap:         8.0G       488M       7.5G

             total       used       free     shared    buffers     cached
Mem:          992M       924M        68M        20K       852K        30M
-/+ buffers/cache:       893M        99M
Swap:         8.0G       487M       7.5G

             total       used       free     shared    buffers     cached
Mem:          992M       925M        66M        20K       852K        30M
-/+ buffers/cache:       894M        98M
Swap:         8.0G       487M       7.5G

             total       used       free     shared    buffers     cached
Mem:          992M       926M        65M        20K       852K        30M
-/+ buffers/cache:       895M        96M
Swap:         8.0G       486M       7.5G

             total       used       free     shared    buffers     cached
Mem:          992M       927M        64M        20K       852K        30M
-/+ buffers/cache:       896M        95M
Swap:         8.0G       485M       7.5G

             total       used       free     shared    buffers     cached
Mem:          992M       928M        63M        20K       860K        30M
-/+ buffers/cache:       897M        94M
Swap:         8.0G       485M       7.5G

             total       used       free     shared    buffers     cached
Mem:          992M       930M        61M        20K       860K        30M
-/+ buffers/cache:       899M        93M
Swap:         8.0G       484M       7.5G

             total       used       free     shared    buffers     cached
Mem:          992M       931M        60M        20K       860K        30M
-/+ buffers/cache:       900M        91M
Swap:         8.0G       483M       7.5G

             total       used       free     shared    buffers     cached
Mem:          992M       919M        72M        20K       848K        28M
-/+ buffers/cache:       889M       102M
Swap:         8.0G       494M       7.5G

             total       used       free     shared    buffers     cached
Mem:          992M       920M        71M        20K       848K        28M
-/+ buffers/cache:       891M       100M
Swap:         8.0G       493M       7.5G

             total       used       free     shared    buffers     cached
Mem:          992M       922M        70M        20K       848K        28M
-/+ buffers/cache:       892M        99M
Swap:         8.0G       493M       7.5G

             total       used       free     shared    buffers     cached
Mem:          992M       923M        69M        20K       856K        28M
-/+ buffers/cache:       893M        98M
Swap:         8.0G       492M       7.5G

             total       used       free     shared    buffers     cached
Mem:          992M       924M        67M        20K       856K        28M
-/+ buffers/cache:       895M        97M
Swap:         8.0G       492M       7.5G

             total       used       free     shared    buffers     cached
Mem:          992M       925M        66M        20K       856K        28M
-/+ buffers/cache:       896M        96M
Swap:         8.0G       491M       7.5G

             total       used       free     shared    buffers     cached
Mem:          992M       926M        65M        20K       856K        28M
-/+ buffers/cache:       897M        94M
Swap:         8.0G       490M       7.5G

             total       used       free     shared    buffers     cached
Mem:          992M       928M        63M        20K       856K        28M
-/+ buffers/cache:       898M        93M
Swap:         8.0G       489M       7.5G

             total       used       free     shared    buffers     cached
Mem:          992M       929M        62M        20K       864K        28M
-/+ buffers/cache:       900M        92M
Swap:         8.0G       489M       7.5G

             total       used       free     shared    buffers     cached
Mem:          992M       930M        61M        20K       864K        28M
-/+ buffers/cache:       901M        90M
Swap:         8.0G       488M       7.5G

             total       used       free     shared    buffers     cached
Mem:          992M       918M        74M        20K       864K        27M
-/+ buffers/cache:       889M       102M
Swap:         8.0G       496M       7.5G

             total       used       free     shared    buffers     cached
Mem:          992M       919M        72M        20K       864K        27M
-/+ buffers/cache:       891M       101M
Swap:         8.0G       495M       7.5G

             total       used       free     shared    buffers     cached
Mem:          992M       920M        71M        20K       864K        27M
-/+ buffers/cache:       892M        99M
Swap:         8.0G       495M       7.5G

             total       used       free     shared    buffers     cached
Mem:          992M       922M        69M        20K       864K        27M
-/+ buffers/cache:       894M        98M
Swap:         8.0G       494M       7.5G

             total       used       free     shared    buffers     cached
Mem:          992M       923M        68M        20K       872K        27M
-/+ buffers/cache:       895M        96M
Swap:         8.0G       493M       7.5G

             total       used       free     shared    buffers     cached
Mem:          992M       924M        67M        20K       872K        27M
-/+ buffers/cache:       896M        95M
Swap:         8.0G       492M       7.5G

             total       used       free     shared    buffers     cached
Mem:          992M       926M        65M        20K       872K        27M
-/+ buffers/cache:       898M        94M
Swap:         8.0G       492M       7.5G

             total       used       free     shared    buffers     cached
Mem:          992M       927M        64M        20K       872K        27M
-/+ buffers/cache:       899M        92M
Swap:         8.0G       491M       7.5G

             total       used       free     shared    buffers     cached
Mem:          992M       930M        61M        20K       1.0M        28M
-/+ buffers/cache:       900M        91M
Swap:         8.0G       490M       7.5G

             total       used       free     shared    buffers     cached
Mem:          992M       916M        75M        24K       1.0M        27M
-/+ buffers/cache:       888M       104M
Swap:         8.0G       509M       7.5G

             total       used       free     shared    buffers     cached
Mem:          992M       917M        74M        24K       1.0M        27M
-/+ buffers/cache:       889M       102M
Swap:         8.0G       508M       7.5G

             total       used       free     shared    buffers     cached
Mem:          992M       919M        73M        24K       1.0M        27M
-/+ buffers/cache:       890M       101M
Swap:         8.0G       507M       7.5G

             total       used       free     shared    buffers     cached
Mem:          992M       927M        64M        24K       1.0M        29M
-/+ buffers/cache:       897M        94M
Swap:         8.0G       504M       7.5G

             total       used       free     shared    buffers     cached
Mem:          992M       929M        62M        24K       1.0M        29M
-/+ buffers/cache:       898M        93M
Swap:         8.0G       503M       7.5G

             total       used       free     shared    buffers     cached
Mem:          992M       919M        72M        20K       616K        29M
-/+ buffers/cache:       889M       103M
Swap:         8.0G       505M       7.5G

             total       used       free     shared    buffers     cached
Mem:          992M       919M        72M        20K       624K        29M
-/+ buffers/cache:       889M       102M
Swap:         8.0G       505M       7.5G

             total       used       free     shared    buffers     cached
Mem:          992M       920M        71M        20K       624K        29M
-/+ buffers/cache:       890M       102M
Swap:         8.0G       504M       7.5G

             total       used       free     shared    buffers     cached
Mem:          992M       921M        71M        20K       624K        29M
-/+ buffers/cache:       890M       101M
Swap:         8.0G       504M       7.5G

             total       used       free     shared    buffers     cached
Mem:          992M       921M        70M        20K       624K        29M
-/+ buffers/cache:       891M       100M
Swap:         8.0G       503M       7.5G

             total       used       free     shared    buffers     cached
Mem:          992M       922M        69M        20K       624K        29M
-/+ buffers/cache:       892M       100M
Swap:         8.0G       503M       7.5G

             total       used       free     shared    buffers     cached
Mem:          992M       923M        68M        20K       632K        29M
-/+ buffers/cache:       893M        99M
Swap:         8.0G       503M       7.5G

             total       used       free     shared    buffers     cached
Mem:          992M       924M        68M        20K       632K        29M
-/+ buffers/cache:       893M        98M
Swap:         8.0G       502M       7.5G

             total       used       free     shared    buffers     cached
Mem:          992M       924M        67M        20K       632K        29M
-/+ buffers/cache:       894M        97M
Swap:         8.0G       502M       7.5G

             total       used       free     shared    buffers     cached
Mem:          992M       925M        66M        20K       632K        29M
-/+ buffers/cache:       895M        96M
Swap:         8.0G       501M       7.5G

             total       used       free     shared    buffers     cached
Mem:          992M       926M        65M       176K       632K        31M
-/+ buffers/cache:       894M        97M
Swap:         8.0G       505M       7.5G

             total       used       free     shared    buffers     cached
Mem:          992M       918M        73M       3.9M       5.3M        53M
-/+ buffers/cache:       859M       132M
Swap:         8.0G       550M       7.5G

             total       used       free     shared    buffers     cached
Mem:          992M       930M        61M       3.9M       5.3M        64M
-/+ buffers/cache:       860M       131M
Swap:         8.0G       548M       7.5G

             total       used       free     shared    buffers     cached
Mem:          992M       929M        62M       272K       5.4M        64M
-/+ buffers/cache:       859M       132M
Swap:         8.0G       561M       7.4G

             total       used       free     shared    buffers     cached
Mem:          992M       914M        77M       256K       4.7M        61M
-/+ buffers/cache:       848M       143M
Swap:         8.0G       567M       7.4G

             total       used       free     shared    buffers     cached
Mem:          992M       916M        75M       256K       4.7M        61M
-/+ buffers/cache:       849M       142M
Swap:         8.0G       566M       7.4G

             total       used       free     shared    buffers     cached
Mem:          992M       917M        74M       256K       4.7M        61M
-/+ buffers/cache:       851M       140M
Swap:         8.0G       566M       7.4G

             total       used       free     shared    buffers     cached
Mem:          992M       918M        73M       256K       4.7M        61M
-/+ buffers/cache:       852M       140M
Swap:         8.0G       565M       7.4G

             total       used       free     shared    buffers     cached
Mem:          992M       920M        71M       256K       4.7M        62M
-/+ buffers/cache:       853M       138M
Swap:         8.0G       565M       7.4G

             total       used       free     shared    buffers     cached
Mem:          992M       922M        69M       256K       4.8M        62M
-/+ buffers/cache:       855M       137M
Swap:         8.0G       564M       7.4G

             total       used       free     shared    buffers     cached
Mem:          992M       923M        68M       256K       4.8M        62M
-/+ buffers/cache:       856M       135M
Swap:         8.0G       563M       7.4G

             total       used       free     shared    buffers     cached
Mem:          992M       925M        66M       256K       4.8M        62M
-/+ buffers/cache:       857M       134M
Swap:         8.0G       563M       7.4G

             total       used       free     shared    buffers     cached
Mem:          992M       926M        65M       256K       4.8M        62M
-/+ buffers/cache:       859M       132M
Swap:         8.0G       562M       7.4G

             total       used       free     shared    buffers     cached
Mem:          992M       928M        64M       256K       4.8M        62M
-/+ buffers/cache:       860M       131M
Swap:         8.0G       562M       7.4G

             total       used       free     shared    buffers     cached
Mem:          992M       929M        62M       256K       4.8M        62M
-/+ buffers/cache:       862M       130M
Swap:         8.0G       561M       7.4G

             total       used       free     shared    buffers     cached
Mem:          992M       930M        61M       256K       4.8M        62M
-/+ buffers/cache:       863M       128M
Swap:         8.0G       560M       7.4G

             total       used       free     shared    buffers     cached
Mem:          992M       911M        80M       256K       3.7M        60M
-/+ buffers/cache:       848M       144M
Swap:         8.0G       573M       7.4G

             total       used       free     shared    buffers     cached
Mem:          992M       913M        78M       256K       3.7M        60M
-/+ buffers/cache:       849M       142M
Swap:         8.0G       573M       7.4G

             total       used       free     shared    buffers     cached
Mem:          992M       914M        77M       256K       3.7M        60M
-/+ buffers/cache:       850M       141M
Swap:         8.0G       572M       7.4G

             total       used       free     shared    buffers     cached
Mem:          992M       915M        76M       256K       3.7M        60M
-/+ buffers/cache:       852M       140M
Swap:         8.0G       571M       7.4G

             total       used       free     shared    buffers     cached
Mem:          992M       916M        75M       256K       3.7M        60M
-/+ buffers/cache:       853M       139M
Swap:         8.0G       571M       7.4G

             total       used       free     shared    buffers     cached
Mem:          992M       917M        74M       256K       3.7M        60M
-/+ buffers/cache:       854M       138M
Swap:         8.0G       570M       7.4G

             total       used       free     shared    buffers     cached
Mem:          992M       919M        72M       256K       3.7M        60M
-/+ buffers/cache:       855M       136M
Swap:         8.0G       570M       7.4G

             total       used       free     shared    buffers     cached
Mem:          992M       920M        71M       256K       3.7M        60M
-/+ buffers/cache:       856M       135M
Swap:         8.0G       569M       7.4G

             total       used       free     shared    buffers     cached
Mem:          992M       922M        70M       256K       3.7M        60M
-/+ buffers/cache:       858M       133M
Swap:         8.0G       568M       7.4G

             total       used       free     shared    buffers     cached
Mem:          992M       923M        68M       256K       3.7M        60M
-/+ buffers/cache:       859M       132M
Swap:         8.0G       568M       7.4G

             total       used       free     shared    buffers     cached
Mem:          992M       924M        67M       256K       3.7M        60M
-/+ buffers/cache:       860M       131M
Swap:         8.0G       567M       7.4G

             total       used       free     shared    buffers     cached
Mem:          992M       926M        66M       256K       3.7M        60M
-/+ buffers/cache:       862M       130M
Swap:         8.0G       567M       7.4G

             total       used       free     shared    buffers     cached
Mem:          992M       927M        64M       256K       3.7M        60M
-/+ buffers/cache:       863M       128M
Swap:         8.0G       566M       7.4G

             total       used       free     shared    buffers     cached
Mem:          992M       928M        63M       256K       3.7M        60M
-/+ buffers/cache:       864M       127M
Swap:         8.0G       565M       7.4G

             total       used       free     shared    buffers     cached
Mem:          992M       929M        62M       256K       3.7M        60M
-/+ buffers/cache:       865M       126M
Swap:         8.0G       565M       7.4G

             total       used       free     shared    buffers     cached
Mem:          992M       931M        61M       256K       3.7M        60M
-/+ buffers/cache:       867M       125M
Swap:         8.0G       564M       7.4G

             total       used       free     shared    buffers     cached
Mem:          992M       918M        74M       256K       3.1M        58M
-/+ buffers/cache:       856M       135M
Swap:         8.0G       573M       7.4G

             total       used       free     shared    buffers     cached
Mem:          992M       919M        72M       256K       3.1M        58M
-/+ buffers/cache:       858M       133M
Swap:         8.0G       573M       7.4G

             total       used       free     shared    buffers     cached
Mem:          992M       920M        71M       256K       3.1M        58M
-/+ buffers/cache:       859M       132M
Swap:         8.0G       572M       7.4G

             total       used       free     shared    buffers     cached
Mem:          992M       922M        69M       256K       3.1M        58M
-/+ buffers/cache:       861M       131M
Swap:         8.0G       572M       7.4G

             total       used       free     shared    buffers     cached
Mem:          992M       923M        68M       256K       3.1M        58M
-/+ buffers/cache:       862M       129M
Swap:         8.0G       571M       7.4G

             total       used       free     shared    buffers     cached
Mem:          992M       924M        67M       256K       3.1M        58M
-/+ buffers/cache:       863M       128M
Swap:         8.0G       571M       7.4G

             total       used       free     shared    buffers     cached
Mem:          992M       925M        66M       256K       3.1M        58M
-/+ buffers/cache:       864M       127M
Swap:         8.0G       570M       7.4G

             total       used       free     shared    buffers     cached
Mem:          992M       927M        64M       256K       3.1M        58M
-/+ buffers/cache:       866M       125M
Swap:         8.0G       569M       7.4G

             total       used       free     shared    buffers     cached
Mem:          992M       928M        63M       256K       3.1M        58M
-/+ buffers/cache:       867M       124M
Swap:         8.0G       569M       7.4G

             total       used       free     shared    buffers     cached
Mem:          992M       925M        66M       308K       5.9M        67M
-/+ buffers/cache:       852M       140M
Swap:         8.0G       588M       7.4G

             total       used       free     shared    buffers     cached
Mem:          992M       918M        73M       300K       7.8M        70M
-/+ buffers/cache:       840M       151M
Swap:         8.0G       599M       7.4G
