             total       used       free     shared    buffers     cached
Mem:          992M       656M       336M       3.2M        38M       289M
-/+ buffers/cache:       328M       663M
Swap:         8.0G         0B       8.0G

             total       used       free     shared    buffers     cached
Mem:          992M       655M       336M       1.4M        38M       287M
-/+ buffers/cache:       329M       663M
Swap:         8.0G         0B       8.0G

             total       used       free     shared    buffers     cached
Mem:          992M       655M       336M       1.4M        38M       287M
-/+ buffers/cache:       328M       663M
Swap:         8.0G         0B       8.0G

             total       used       free     shared    buffers     cached
Mem:          992M       655M       336M       1.4M        38M       287M
-/+ buffers/cache:       328M       663M
Swap:         8.0G         0B       8.0G

             total       used       free     shared    buffers     cached
Mem:          992M       655M       336M       1.4M        38M       287M
-/+ buffers/cache:       328M       663M
Swap:         8.0G         0B       8.0G

             total       used       free     shared    buffers     cached
Mem:          992M       655M       336M       1.4M        38M       287M
-/+ buffers/cache:       328M       663M
Swap:         8.0G         0B       8.0G

             total       used       free     shared    buffers     cached
Mem:          992M       654M       337M       1.4M        38M       287M
-/+ buffers/cache:       328M       663M
Swap:         8.0G         0B       8.0G

             total       used       free     shared    buffers     cached
Mem:          992M       655M       337M       1.4M        38M       288M
-/+ buffers/cache:       328M       663M
Swap:         8.0G         0B       8.0G

             total       used       free     shared    buffers     cached
Mem:          992M       654M       337M       1.4M        38M       288M
-/+ buffers/cache:       328M       664M
Swap:         8.0G         0B       8.0G

             total       used       free     shared    buffers     cached
Mem:          992M       658M       333M       1.4M        38M       288M
-/+ buffers/cache:       331M       660M
Swap:         8.0G         0B       8.0G

             total       used       free     shared    buffers     cached
Mem:          992M       677M       314M       1.4M        38M       288M
-/+ buffers/cache:       350M       641M
Swap:         8.0G         0B       8.0G

             total       used       free     shared    buffers     cached
Mem:          992M       663M       328M       1.4M        38M       289M
-/+ buffers/cache:       335M       656M
Swap:         8.0G         0B       8.0G

             total       used       free     shared    buffers     cached
Mem:          992M       663M       328M       1.4M        38M       289M
-/+ buffers/cache:       335M       656M
Swap:         8.0G         0B       8.0G

             total       used       free     shared    buffers     cached
Mem:          992M       664M       327M       1.4M        38M       289M
-/+ buffers/cache:       336M       655M
Swap:         8.0G         0B       8.0G

             total       used       free     shared    buffers     cached
Mem:          992M       664M       327M       1.4M        38M       289M
-/+ buffers/cache:       336M       655M
Swap:         8.0G         0B       8.0G

             total       used       free     shared    buffers     cached
Mem:          992M       664M       327M       1.4M        38M       289M
-/+ buffers/cache:       336M       655M
Swap:         8.0G         0B       8.0G

             total       used       free     shared    buffers     cached
Mem:          992M       664M       327M       1.4M        38M       289M
-/+ buffers/cache:       336M       655M
Swap:         8.0G         0B       8.0G

             total       used       free     shared    buffers     cached
Mem:          992M       664M       327M       1.4M        38M       289M
-/+ buffers/cache:       336M       655M
Swap:         8.0G         0B       8.0G

             total       used       free     shared    buffers     cached
Mem:          992M       664M       327M       1.4M        38M       289M
-/+ buffers/cache:       336M       656M
Swap:         8.0G         0B       8.0G

             total       used       free     shared    buffers     cached
Mem:          992M       664M       327M       1.4M        38M       289M
-/+ buffers/cache:       336M       656M
Swap:         8.0G         0B       8.0G

             total       used       free     shared    buffers     cached
Mem:          992M       664M       327M       1.4M        38M       289M
-/+ buffers/cache:       336M       656M
Swap:         8.0G         0B       8.0G

             total       used       free     shared    buffers     cached
Mem:          992M       664M       327M       1.4M        38M       289M
-/+ buffers/cache:       336M       655M
Swap:         8.0G         0B       8.0G

             total       used       free     shared    buffers     cached
Mem:          992M       664M       327M       1.4M        38M       289M
-/+ buffers/cache:       336M       655M
Swap:         8.0G         0B       8.0G

             total       used       free     shared    buffers     cached
Mem:          992M       664M       327M       1.4M        38M       289M
-/+ buffers/cache:       336M       655M
Swap:         8.0G         0B       8.0G

             total       used       free     shared    buffers     cached
Mem:          992M       664M       327M       1.4M        38M       289M
-/+ buffers/cache:       336M       655M
Swap:         8.0G         0B       8.0G

             total       used       free     shared    buffers     cached
Mem:          992M       664M       327M       1.4M        38M       289M
-/+ buffers/cache:       336M       655M
Swap:         8.0G         0B       8.0G

             total       used       free     shared    buffers     cached
Mem:          992M       664M       327M       1.4M        38M       289M
-/+ buffers/cache:       336M       655M
Swap:         8.0G         0B       8.0G

             total       used       free     shared    buffers     cached
Mem:          992M       664M       327M       1.4M        38M       289M
-/+ buffers/cache:       336M       656M
Swap:         8.0G         0B       8.0G

             total       used       free     shared    buffers     cached
Mem:          992M       664M       327M       1.4M        38M       289M
-/+ buffers/cache:       336M       656M
Swap:         8.0G         0B       8.0G

             total       used       free     shared    buffers     cached
Mem:          992M       664M       327M       1.4M        38M       289M
-/+ buffers/cache:       336M       656M
Swap:         8.0G         0B       8.0G

             total       used       free     shared    buffers     cached
Mem:          992M       664M       327M       1.4M        38M       289M
-/+ buffers/cache:       336M       656M
Swap:         8.0G         0B       8.0G

             total       used       free     shared    buffers     cached
Mem:          992M       664M       327M       1.4M        38M       289M
-/+ buffers/cache:       336M       656M
Swap:         8.0G         0B       8.0G

             total       used       free     shared    buffers     cached
Mem:          992M       664M       327M       1.4M        38M       289M
-/+ buffers/cache:       336M       656M
Swap:         8.0G         0B       8.0G

             total       used       free     shared    buffers     cached
Mem:          992M       672M       319M       1.4M        38M       289M
-/+ buffers/cache:       344M       647M
Swap:         8.0G         0B       8.0G

             total       used       free     shared    buffers     cached
Mem:          992M       689M       302M       1.4M        38M       289M
-/+ buffers/cache:       361M       630M
Swap:         8.0G         0B       8.0G

             total       used       free     shared    buffers     cached
Mem:          992M       707M       284M       1.4M        38M       289M
-/+ buffers/cache:       379M       612M
Swap:         8.0G         0B       8.0G

             total       used       free     shared    buffers     cached
Mem:          992M       726M       266M       1.4M        38M       289M
-/+ buffers/cache:       397M       594M
Swap:         8.0G         0B       8.0G

             total       used       free     shared    buffers     cached
Mem:          992M       745M       246M       1.4M        38M       289M
-/+ buffers/cache:       417M       574M
Swap:         8.0G         0B       8.0G

             total       used       free     shared    buffers     cached
Mem:          992M       765M       226M       1.4M        38M       289M
-/+ buffers/cache:       437M       554M
Swap:         8.0G         0B       8.0G

             total       used       free     shared    buffers     cached
Mem:          992M       782M       209M       1.4M        38M       289M
-/+ buffers/cache:       454M       538M
Swap:         8.0G         0B       8.0G

             total       used       free     shared    buffers     cached
Mem:          992M       801M       190M       1.4M        38M       289M
-/+ buffers/cache:       473M       519M
Swap:         8.0G         0B       8.0G

             total       used       free     shared    buffers     cached
Mem:          992M       817M       174M       1.4M        38M       289M
-/+ buffers/cache:       489M       503M
Swap:         8.0G         0B       8.0G

             total       used       free     shared    buffers     cached
Mem:          992M       837M       154M       1.4M        38M       289M
-/+ buffers/cache:       509M       483M
Swap:         8.0G         0B       8.0G

             total       used       free     shared    buffers     cached
Mem:          992M       857M       134M       1.4M        38M       289M
-/+ buffers/cache:       529M       462M
Swap:         8.0G         0B       8.0G

             total       used       free     shared    buffers     cached
Mem:          992M       877M       114M       1.4M        38M       289M
-/+ buffers/cache:       548M       443M
Swap:         8.0G         0B       8.0G

             total       used       free     shared    buffers     cached
Mem:          992M       893M        98M       1.4M        38M       289M
-/+ buffers/cache:       565M       426M
Swap:         8.0G         0B       8.0G

             total       used       free     shared    buffers     cached
Mem:          992M       913M        79M       1.4M        38M       289M
-/+ buffers/cache:       584M       407M
Swap:         8.0G         0B       8.0G

             total       used       free     shared    buffers     cached
Mem:          992M       932M        59M       1.4M        38M       289M
-/+ buffers/cache:       604M       387M
Swap:         8.0G         0B       8.0G

             total       used       free     shared    buffers     cached
Mem:          992M       929M        63M       1.4M        15M       288M
-/+ buffers/cache:       624M       367M
Swap:         8.0G         0B       8.0G

             total       used       free     shared    buffers     cached
Mem:          992M       931M        60M       1.4M        10M       277M
-/+ buffers/cache:       643M       348M
Swap:         8.0G         0B       8.0G

             total       used       free     shared    buffers     cached
Mem:          992M       916M        75M       1.3M       9.8M       243M
-/+ buffers/cache:       663M       328M
Swap:         8.0G       700K       8.0G

             total       used       free     shared    buffers     cached
Mem:          992M       921M        70M       1.2M       9.8M       231M
-/+ buffers/cache:       680M       312M
Swap:         8.0G       5.1M       8.0G

             total       used       free     shared    buffers     cached
Mem:          992M       905M        86M       1.2M       5.8M       204M
-/+ buffers/cache:       695M       296M
Swap:         8.0G       9.8M       8.0G

             total       used       free     shared    buffers     cached
Mem:          992M       924M        68M       1.2M       5.8M       204M
-/+ buffers/cache:       713M       278M
Swap:         8.0G       9.8M       8.0G

             total       used       free     shared    buffers     cached
Mem:          992M       929M        62M       1.2M       2.4M       195M
-/+ buffers/cache:       731M       260M
Swap:         8.0G       9.8M       8.0G

             total       used       free     shared    buffers     cached
Mem:          992M       919M        72M       1.2M       204K       170M
-/+ buffers/cache:       749M       242M
Swap:         8.0G       9.8M       8.0G

             total       used       free     shared    buffers     cached
Mem:          992M       914M        77M       1.2M       208K       149M
-/+ buffers/cache:       764M       227M
Swap:         8.0G       9.8M       8.0G

             total       used       free     shared    buffers     cached
Mem:          992M       927M        64M       1.2M       212K       149M
-/+ buffers/cache:       777M       214M
Swap:         8.0G       9.8M       8.0G

             total       used       free     shared    buffers     cached
Mem:          992M       920M        71M       1.2M       208K       132M
-/+ buffers/cache:       788M       203M
Swap:         8.0G       9.8M       8.0G

             total       used       free     shared    buffers     cached
Mem:          992M       921M        70M       1.2M        88K       116M
-/+ buffers/cache:       805M       186M
Swap:         8.0G       9.8M       8.0G

             total       used       free     shared    buffers     cached
Mem:          992M       924M        67M       1.2M        88K       102M
-/+ buffers/cache:       821M       170M
Swap:         8.0G       9.8M       8.0G

             total       used       free     shared    buffers     cached
Mem:          992M       927M        64M       1.2M        88K        90M
-/+ buffers/cache:       836M       155M
Swap:         8.0G       9.8M       8.0G

             total       used       free     shared    buffers     cached
Mem:          992M       924M        67M       1.2M       256K        71M
-/+ buffers/cache:       852M       139M
Swap:         8.0G       9.8M       8.0G

             total       used       free     shared    buffers     cached
Mem:          992M       921M        71M       1.2M       256K        52M
-/+ buffers/cache:       868M       123M
Swap:         8.0G       9.8M       8.0G

             total       used       free     shared    buffers     cached
Mem:          992M       923M        68M       1.2M       396K        37M
-/+ buffers/cache:       885M       106M
Swap:         8.0G       9.8M       8.0G

             total       used       free     shared    buffers     cached
Mem:          992M       923M        68M       1.0M       708K        22M
-/+ buffers/cache:       900M        92M
Swap:         8.0G        11M       8.0G

             total       used       free     shared    buffers     cached
Mem:          992M       921M        70M       988K       652K       9.1M
-/+ buffers/cache:       911M        80M
Swap:         8.0G        18M       8.0G

             total       used       free     shared    buffers     cached
Mem:          992M       917M        74M       704K       148K       2.5M
-/+ buffers/cache:       915M        77M
Swap:         8.0G        45M       8.0G

             total       used       free     shared    buffers     cached
Mem:          992M       931M        61M       672K       280K       4.9M
-/+ buffers/cache:       925M        66M
Swap:         8.0G        49M       7.9G

             total       used       free     shared    buffers     cached
Mem:          992M       921M        70M       640K       2.8M        17M
-/+ buffers/cache:       901M        90M
Swap:         8.0G       103M       7.9G

             total       used       free     shared    buffers     cached
Mem:          992M       916M        76M       644K       2.7M        13M
-/+ buffers/cache:       899M        92M
Swap:         8.0G       122M       7.9G

             total       used       free     shared    buffers     cached
Mem:          992M       920M        72M       640K       2.7M        13M
-/+ buffers/cache:       904M        88M
Swap:         8.0G       122M       7.9G

             total       used       free     shared    buffers     cached
Mem:          992M       907M        84M       588K       1.7M        11M
-/+ buffers/cache:       894M        97M
Swap:         8.0G       178M       7.8G

             total       used       free     shared    buffers     cached
Mem:          992M       920M        71M       568K       1.7M        11M
-/+ buffers/cache:       907M        84M
Swap:         8.0G       178M       7.8G

             total       used       free     shared    buffers     cached
Mem:          992M       931M        61M       568K        84K       8.0M
-/+ buffers/cache:       922M        69M
Swap:         8.0G       178M       7.8G

             total       used       free     shared    buffers     cached
Mem:          992M       929M        62M       568K       496K       4.9M
-/+ buffers/cache:       924M        67M
Swap:         8.0G       178M       7.8G

             total       used       free     shared    buffers     cached
Mem:          992M       920M        71M       568K       492K       2.7M
-/+ buffers/cache:       917M        75M
Swap:         8.0G       217M       7.8G

             total       used       free     shared    buffers     cached
Mem:          992M       921M        70M       568K       492K       2.7M
-/+ buffers/cache:       918M        73M
Swap:         8.0G       217M       7.8G

             total       used       free     shared    buffers     cached
Mem:          992M       924M        67M       568K       500K       2.7M
-/+ buffers/cache:       921M        70M
Swap:         8.0G       217M       7.8G

             total       used       free     shared    buffers     cached
Mem:          992M       928M        64M       568K       500K       2.8M
-/+ buffers/cache:       924M        67M
Swap:         8.0G       224M       7.8G

             total       used       free     shared    buffers     cached
Mem:          992M       925M        66M       544K       468K       2.4M
-/+ buffers/cache:       922M        69M
Swap:         8.0G       239M       7.8G

             total       used       free     shared    buffers     cached
Mem:          992M       920M        72M       544K       460K       2.1M
-/+ buffers/cache:       917M        74M
Swap:         8.0G       257M       7.7G

             total       used       free     shared    buffers     cached
Mem:          992M       927M        64M       544K       460K       2.1M
-/+ buffers/cache:       925M        66M
Swap:         8.0G       257M       7.7G

             total       used       free     shared    buffers     cached
Mem:          992M       916M        75M       544K       352K       2.1M
-/+ buffers/cache:       914M        78M
Swap:         8.0G       274M       7.7G

             total       used       free     shared    buffers     cached
Mem:          992M       923M        68M       540K       352K       2.4M
-/+ buffers/cache:       920M        71M
Swap:         8.0G       274M       7.7G

             total       used       free     shared    buffers     cached
Mem:          992M       929M        62M       540K       352K       2.4M
-/+ buffers/cache:       926M        65M
Swap:         8.0G       274M       7.7G

             total       used       free     shared    buffers     cached
Mem:          992M       922M        69M       540K       264K       2.4M
-/+ buffers/cache:       919M        72M
Swap:         8.0G       286M       7.7G

             total       used       free     shared    buffers     cached
Mem:          992M       928M        63M       540K       264K       2.4M
-/+ buffers/cache:       925M        66M
Swap:         8.0G       286M       7.7G

             total       used       free     shared    buffers     cached
Mem:          992M       918M        73M       540K       184K       2.4M
-/+ buffers/cache:       915M        76M
Swap:         8.0G       299M       7.7G

             total       used       free     shared    buffers     cached
Mem:          992M       923M        69M       536K       184K       2.5M
-/+ buffers/cache:       920M        71M
Swap:         8.0G       299M       7.7G

             total       used       free     shared    buffers     cached
Mem:          992M       928M        63M       536K       184K       2.5M
-/+ buffers/cache:       925M        66M
Swap:         8.0G       299M       7.7G

             total       used       free     shared    buffers     cached
Mem:          992M       916M        75M        16K       184K       1.9M
-/+ buffers/cache:       914M        77M
Swap:         8.0G       332M       7.7G

             total       used       free     shared    buffers     cached
Mem:          992M       921M        71M         4K       184K       1.9M
-/+ buffers/cache:       919M        73M
Swap:         8.0G       332M       7.7G

             total       used       free     shared    buffers     cached
Mem:          992M       926M        65M         4K       184K       1.9M
-/+ buffers/cache:       924M        67M
Swap:         8.0G       332M       7.7G

             total       used       free     shared    buffers     cached
Mem:          992M       929M        62M         4K       192K       2.0M
-/+ buffers/cache:       927M        65M
Swap:         8.0G       332M       7.7G

             total       used       free     shared    buffers     cached
Mem:          992M       916M        75M         4K       144K       1.9M
-/+ buffers/cache:       914M        77M
Swap:         8.0G       332M       7.7G

             total       used       free     shared    buffers     cached
Mem:          992M       931M        60M         4K        76K       1.9M
-/+ buffers/cache:       929M        62M
Swap:         8.0G       312M       7.7G

             total       used       free     shared    buffers     cached
Mem:          992M       920M        71M         4K        76K       1.8M
-/+ buffers/cache:       918M        73M
Swap:         8.0G       320M       7.7G

             total       used       free     shared    buffers     cached
Mem:          992M       922M        69M         0B        76K       1.6M
-/+ buffers/cache:       920M        71M
Swap:         8.0G       322M       7.7G

             total       used       free     shared    buffers     cached
Mem:          992M       930M        61M         0B        84K       1.7M
-/+ buffers/cache:       928M        63M
Swap:         8.0G       413M       7.6G

             total       used       free     shared    buffers     cached
Mem:          992M       872M       119M         0B        84K       1.7M
-/+ buffers/cache:       870M       121M
Swap:         8.0G       412M       7.6G

             total       used       free     shared    buffers     cached
Mem:          992M       917M        74M         0B        84K       1.6M
-/+ buffers/cache:       915M        76M
Swap:         8.0G       352M       7.7G

             total       used       free     shared    buffers     cached
Mem:          992M       924M        67M         0B        84K       1.6M
-/+ buffers/cache:       923M        68M
Swap:         8.0G       342M       7.7G

             total       used       free     shared    buffers     cached
Mem:          992M       920M        71M         0B        76K       1.5M
-/+ buffers/cache:       919M        73M
Swap:         8.0G       320M       7.7G

             total       used       free     shared    buffers     cached
Mem:          992M       922M        69M         0B        84K       1.5M
-/+ buffers/cache:       920M        71M
Swap:         8.0G       322M       7.7G

             total       used       free     shared    buffers     cached
Mem:          992M       927M        64M         0B        84K       1.5M
-/+ buffers/cache:       926M        66M
Swap:         8.0G       316M       7.7G

             total       used       free     shared    buffers     cached
Mem:          992M       926M        65M         0B        92K       1.4M
-/+ buffers/cache:       924M        67M
Swap:         8.0G       322M       7.7G

             total       used       free     shared    buffers     cached
Mem:          992M       929M        62M         0B       112K       1.8M
-/+ buffers/cache:       927M        64M
Swap:         8.0G       317M       7.7G

             total       used       free     shared    buffers     cached
Mem:          992M       917M        74M         0B       112K       1.8M
-/+ buffers/cache:       915M        76M
Swap:         8.0G       334M       7.7G

             total       used       free     shared    buffers     cached
Mem:          992M       917M        74M         0B       112K       1.9M
-/+ buffers/cache:       915M        76M
Swap:         8.0G       334M       7.7G

             total       used       free     shared    buffers     cached
Mem:          992M       928M        63M         0B       408K        10M
-/+ buffers/cache:       917M        74M
Swap:         8.0G       333M       7.7G

             total       used       free     shared    buffers     cached
Mem:          992M       924M        67M         4K        80K        25M
-/+ buffers/cache:       898M        93M
Swap:         8.0G       365M       7.6G

             total       used       free     shared    buffers     cached
Mem:          992M       911M        80M        16K       176K        21M
-/+ buffers/cache:       890M       101M
Swap:         8.0G       367M       7.6G

             total       used       free     shared    buffers     cached
Mem:          992M       913M        78M        16K       176K        21M
-/+ buffers/cache:       892M        99M
Swap:         8.0G       367M       7.6G

             total       used       free     shared    buffers     cached
Mem:          992M       922M        69M        16K       336K        22M
-/+ buffers/cache:       899M        92M
Swap:         8.0G       365M       7.6G

             total       used       free     shared    buffers     cached
Mem:          992M       918M        74M        16K       344K        25M
-/+ buffers/cache:       892M        99M
Swap:         8.0G       377M       7.6G

             total       used       free     shared    buffers     cached
Mem:          992M       921M        70M        16K       660K        25M
-/+ buffers/cache:       895M        96M
Swap:         8.0G       377M       7.6G

             total       used       free     shared    buffers     cached
Mem:          992M       924M        67M        16K       660K        25M
-/+ buffers/cache:       898M        93M
Swap:         8.0G       377M       7.6G

             total       used       free     shared    buffers     cached
Mem:          992M       927M        64M        16K       660K        25M
-/+ buffers/cache:       901M        90M
Swap:         8.0G       377M       7.6G

             total       used       free     shared    buffers     cached
Mem:          992M       931M        60M        16K       660K        25M
-/+ buffers/cache:       905M        87M
Swap:         8.0G       377M       7.6G

             total       used       free     shared    buffers     cached
Mem:          992M       920M        71M        16K       668K        24M
-/+ buffers/cache:       895M        96M
Swap:         8.0G       387M       7.6G

             total       used       free     shared    buffers     cached
Mem:          992M       922M        69M        16K       668K        25M
-/+ buffers/cache:       897M        94M
Swap:         8.0G       387M       7.6G

             total       used       free     shared    buffers     cached
Mem:          992M       926M        65M        16K       668K        25M
-/+ buffers/cache:       901M        90M
Swap:         8.0G       387M       7.6G

             total       used       free     shared    buffers     cached
Mem:          992M       929M        62M        16K       668K        25M
-/+ buffers/cache:       904M        88M
Swap:         8.0G       387M       7.6G

             total       used       free     shared    buffers     cached
Mem:          992M       919M        72M        16K       668K        23M
-/+ buffers/cache:       895M        96M
Swap:         8.0G       398M       7.6G

             total       used       free     shared    buffers     cached
Mem:          992M       923M        69M        16K       668K        23M
-/+ buffers/cache:       898M        93M
Swap:         8.0G       398M       7.6G

             total       used       free     shared    buffers     cached
Mem:          992M       925M        66M        16K       676K        23M
-/+ buffers/cache:       901M        90M
Swap:         8.0G       398M       7.6G

             total       used       free     shared    buffers     cached
Mem:          992M       927M        65M        16K       676K        23M
-/+ buffers/cache:       902M        89M
Swap:         8.0G       398M       7.6G

             total       used       free     shared    buffers     cached
Mem:          992M       928M        63M        16K       676K        23M
-/+ buffers/cache:       903M        88M
Swap:         8.0G       397M       7.6G

             total       used       free     shared    buffers     cached
Mem:          992M       929M        62M        16K       676K        23M
-/+ buffers/cache:       905M        86M
Swap:         8.0G       396M       7.6G

             total       used       free     shared    buffers     cached
Mem:          992M       924M        67M        16K       676K        23M
-/+ buffers/cache:       900M        91M
Swap:         8.0G       397M       7.6G

             total       used       free     shared    buffers     cached
Mem:          992M       921M        70M        16K       684K        23M
-/+ buffers/cache:       897M        94M
Swap:         8.0G       407M       7.6G

             total       used       free     shared    buffers     cached
Mem:          992M       923M        69M        16K       684K        23M
-/+ buffers/cache:       899M        92M
Swap:         8.0G       406M       7.6G

             total       used       free     shared    buffers     cached
Mem:          992M       924M        67M        16K       684K        23M
-/+ buffers/cache:       900M        91M
Swap:         8.0G       405M       7.6G

             total       used       free     shared    buffers     cached
Mem:          992M       925M        66M        16K       684K        23M
-/+ buffers/cache:       902M        90M
Swap:         8.0G       404M       7.6G

             total       used       free     shared    buffers     cached
Mem:          992M       927M        64M        16K       684K        23M
-/+ buffers/cache:       903M        88M
Swap:         8.0G       404M       7.6G

             total       used       free     shared    buffers     cached
Mem:          992M       929M        63M        16K       692K        23M
-/+ buffers/cache:       905M        86M
Swap:         8.0G       403M       7.6G

             total       used       free     shared    buffers     cached
Mem:          992M       930M        61M        16K       692K        23M
-/+ buffers/cache:       907M        85M
Swap:         8.0G       402M       7.6G

             total       used       free     shared    buffers     cached
Mem:          992M       909M        82M        16K       692K        22M
-/+ buffers/cache:       886M       105M
Swap:         8.0G       435M       7.6G

             total       used       free     shared    buffers     cached
Mem:          992M       911M        80M        16K       692K        22M
-/+ buffers/cache:       888M       103M
Swap:         8.0G       434M       7.6G

             total       used       free     shared    buffers     cached
Mem:          992M       912M        79M        16K       692K        22M
-/+ buffers/cache:       889M       102M
Swap:         8.0G       433M       7.6G

             total       used       free     shared    buffers     cached
Mem:          992M       914M        77M        16K       692K        22M
-/+ buffers/cache:       891M       100M
Swap:         8.0G       432M       7.6G

             total       used       free     shared    buffers     cached
Mem:          992M       916M        76M        16K       700K        22M
-/+ buffers/cache:       892M        99M
Swap:         8.0G       432M       7.6G

             total       used       free     shared    buffers     cached
Mem:          992M       917M        74M        16K       700K        22M
-/+ buffers/cache:       894M        97M
Swap:         8.0G       431M       7.6G

             total       used       free     shared    buffers     cached
Mem:          992M       919M        72M        16K       700K        22M
-/+ buffers/cache:       896M        95M
Swap:         8.0G       430M       7.6G

             total       used       free     shared    buffers     cached
Mem:          992M       921M        71M        16K       700K        22M
-/+ buffers/cache:       897M        94M
Swap:         8.0G       429M       7.6G

             total       used       free     shared    buffers     cached
Mem:          992M       922M        69M        16K       700K        22M
-/+ buffers/cache:       899M        92M
Swap:         8.0G       428M       7.6G

             total       used       free     shared    buffers     cached
Mem:          992M       924M        67M        16K       708K        22M
-/+ buffers/cache:       901M        90M
Swap:         8.0G       427M       7.6G

             total       used       free     shared    buffers     cached
Mem:          992M       926M        65M        16K       708K        22M
-/+ buffers/cache:       903M        89M
Swap:         8.0G       426M       7.6G

             total       used       free     shared    buffers     cached
Mem:          992M       927M        64M        16K       708K        22M
-/+ buffers/cache:       904M        87M
Swap:         8.0G       425M       7.6G

             total       used       free     shared    buffers     cached
Mem:          992M       929M        62M        16K       708K        22M
-/+ buffers/cache:       906M        85M
Swap:         8.0G       424M       7.6G

             total       used       free     shared    buffers     cached
Mem:          992M       931M        61M        16K       708K        22M
-/+ buffers/cache:       907M        84M
Swap:         8.0G       424M       7.6G

             total       used       free     shared    buffers     cached
Mem:          992M       915M        77M        16K       716K        21M
-/+ buffers/cache:       892M        99M
Swap:         8.0G       424M       7.6G

             total       used       free     shared    buffers     cached
Mem:          992M       916M        75M        16K       716K        21M
-/+ buffers/cache:       894M        98M
Swap:         8.0G       423M       7.6G

             total       used       free     shared    buffers     cached
Mem:          992M       918M        73M        16K       716K        21M
-/+ buffers/cache:       896M        96M
Swap:         8.0G       423M       7.6G

             total       used       free     shared    buffers     cached
Mem:          992M       920M        71M        16K       716K        21M
-/+ buffers/cache:       897M        94M
Swap:         8.0G       422M       7.6G

             total       used       free     shared    buffers     cached
Mem:          992M       921M        70M        16K       716K        21M
-/+ buffers/cache:       899M        92M
Swap:         8.0G       421M       7.6G

             total       used       free     shared    buffers     cached
Mem:          992M       923M        68M        16K       716K        21M
-/+ buffers/cache:       901M        91M
Swap:         8.0G       420M       7.6G

             total       used       free     shared    buffers     cached
Mem:          992M       925M        66M        16K       724K        21M
-/+ buffers/cache:       902M        89M
Swap:         8.0G       419M       7.6G

             total       used       free     shared    buffers     cached
Mem:          992M       926M        65M        16K       724K        21M
-/+ buffers/cache:       904M        87M
Swap:         8.0G       418M       7.6G

             total       used       free     shared    buffers     cached
Mem:          992M       928M        63M        16K       724K        21M
-/+ buffers/cache:       905M        86M
Swap:         8.0G       418M       7.6G

             total       used       free     shared    buffers     cached
Mem:          992M       930M        62M        16K       724K        21M
-/+ buffers/cache:       907M        84M
Swap:         8.0G       417M       7.6G

             total       used       free     shared    buffers     cached
Mem:          992M       911M        81M        16K       592K        18M
-/+ buffers/cache:       891M       100M
Swap:         8.0G       446M       7.6G

             total       used       free     shared    buffers     cached
Mem:          992M       912M        80M        16K       600K        18M
-/+ buffers/cache:       892M        99M
Swap:         8.0G       445M       7.6G

             total       used       free     shared    buffers     cached
Mem:          992M       913M        78M        16K       600K        18M
-/+ buffers/cache:       894M        97M
Swap:         8.0G       444M       7.6G

             total       used       free     shared    buffers     cached
Mem:          992M       915M        76M        16K       600K        18M
-/+ buffers/cache:       896M        96M
Swap:         8.0G       444M       7.6G

             total       used       free     shared    buffers     cached
Mem:          992M       917M        74M        16K       600K        18M
-/+ buffers/cache:       897M        94M
Swap:         8.0G       443M       7.6G

             total       used       free     shared    buffers     cached
Mem:          992M       918M        73M        16K       600K        18M
-/+ buffers/cache:       899M        92M
Swap:         8.0G       442M       7.6G

             total       used       free     shared    buffers     cached
Mem:          992M       920M        71M        16K       608K        18M
-/+ buffers/cache:       900M        91M
Swap:         8.0G       441M       7.6G

             total       used       free     shared    buffers     cached
Mem:          992M       921M        70M        16K       608K        18M
-/+ buffers/cache:       902M        89M
Swap:         8.0G       441M       7.6G

             total       used       free     shared    buffers     cached
Mem:          992M       923M        68M        16K       608K        18M
-/+ buffers/cache:       904M        88M
Swap:         8.0G       440M       7.6G

             total       used       free     shared    buffers     cached
Mem:          992M       925M        66M        16K       608K        18M
-/+ buffers/cache:       905M        86M
Swap:         8.0G       439M       7.6G

             total       used       free     shared    buffers     cached
Mem:          992M       926M        65M        16K       608K        18M
-/+ buffers/cache:       907M        84M
Swap:         8.0G       438M       7.6G

             total       used       free     shared    buffers     cached
Mem:          992M       928M        63M        16K       608K        18M
-/+ buffers/cache:       909M        83M
Swap:         8.0G       437M       7.6G

             total       used       free     shared    buffers     cached
Mem:          992M       930M        61M        16K       616K        18M
-/+ buffers/cache:       910M        81M
Swap:         8.0G       436M       7.6G

             total       used       free     shared    buffers     cached
Mem:          992M       918M        73M        16K       616K        18M
-/+ buffers/cache:       899M        92M
Swap:         8.0G       437M       7.6G

             total       used       free     shared    buffers     cached
Mem:          992M       920M        71M        16K       616K        18M
-/+ buffers/cache:       901M        90M
Swap:         8.0G       436M       7.6G

             total       used       free     shared    buffers     cached
Mem:          992M       922M        70M        16K       616K        18M
-/+ buffers/cache:       903M        88M
Swap:         8.0G       435M       7.6G

             total       used       free     shared    buffers     cached
Mem:          992M       923M        68M        16K       616K        18M
-/+ buffers/cache:       905M        87M
Swap:         8.0G       434M       7.6G

             total       used       free     shared    buffers     cached
Mem:          992M       926M        65M        16K       896K        18M
-/+ buffers/cache:       907M        85M
Swap:         8.0G       433M       7.6G

             total       used       free     shared    buffers     cached
Mem:          992M       908M        83M        28K       724K        26M
-/+ buffers/cache:       881M       110M
Swap:         8.0G       465M       7.5G

             total       used       free     shared    buffers     cached
Mem:          992M       910M        81M        28K       724K        26M
-/+ buffers/cache:       883M       108M
Swap:         8.0G       465M       7.5G

             total       used       free     shared    buffers     cached
Mem:          992M       912M        80M        28K       724K        26M
-/+ buffers/cache:       884M       107M
Swap:         8.0G       464M       7.5G

             total       used       free     shared    buffers     cached
Mem:          992M       913M        78M        28K       724K        26M
-/+ buffers/cache:       886M       105M
Swap:         8.0G       463M       7.5G

             total       used       free     shared    buffers     cached
Mem:          992M       915M        77M        28K       724K        26M
-/+ buffers/cache:       888M       104M
Swap:         8.0G       462M       7.5G

             total       used       free     shared    buffers     cached
Mem:          992M       916M        75M        28K       732K        26M
-/+ buffers/cache:       889M       102M
Swap:         8.0G       462M       7.5G

             total       used       free     shared    buffers     cached
Mem:          992M       918M        73M        28K       732K        26M
-/+ buffers/cache:       891M       100M
Swap:         8.0G       461M       7.5G

             total       used       free     shared    buffers     cached
Mem:          992M       920M        71M        28K       732K        26M
-/+ buffers/cache:       893M        99M
Swap:         8.0G       460M       7.5G

             total       used       free     shared    buffers     cached
Mem:          992M       922M        70M        28K       732K        26M
-/+ buffers/cache:       895M        97M
Swap:         8.0G       459M       7.5G

             total       used       free     shared    buffers     cached
Mem:          992M       923M        68M        28K       732K        26M
-/+ buffers/cache:       896M        95M
Swap:         8.0G       459M       7.5G

             total       used       free     shared    buffers     cached
Mem:          992M       925M        66M        28K       740K        26M
-/+ buffers/cache:       898M        93M
Swap:         8.0G       458M       7.5G

             total       used       free     shared    buffers     cached
Mem:          992M       927M        65M        28K       752K        26M
-/+ buffers/cache:       900M        92M
Swap:         8.0G       457M       7.6G

             total       used       free     shared    buffers     cached
Mem:          992M       929M        62M        28K       752K        26M
-/+ buffers/cache:       901M        90M
Swap:         8.0G       456M       7.6G

             total       used       free     shared    buffers     cached
Mem:          992M       930M        61M        28K       752K        26M
-/+ buffers/cache:       903M        88M
Swap:         8.0G       456M       7.6G

             total       used       free     shared    buffers     cached
Mem:          992M       918M        73M        28K       740K        26M
-/+ buffers/cache:       891M       100M
Swap:         8.0G       464M       7.5G

             total       used       free     shared    buffers     cached
Mem:          992M       920M        72M        28K       740K        26M
-/+ buffers/cache:       893M        99M
Swap:         8.0G       463M       7.5G

             total       used       free     shared    buffers     cached
Mem:          992M       921M        70M        28K       748K        26M
-/+ buffers/cache:       894M        97M
Swap:         8.0G       462M       7.5G

             total       used       free     shared    buffers     cached
Mem:          992M       923M        69M        28K       748K        26M
-/+ buffers/cache:       896M        96M
Swap:         8.0G       462M       7.5G

             total       used       free     shared    buffers     cached
Mem:          992M       924M        67M        28K       748K        26M
-/+ buffers/cache:       897M        94M
Swap:         8.0G       461M       7.5G

             total       used       free     shared    buffers     cached
Mem:          992M       926M        65M        28K       748K        26M
-/+ buffers/cache:       899M        92M
Swap:         8.0G       460M       7.5G

             total       used       free     shared    buffers     cached
Mem:          992M       927M        64M        28K       748K        26M
-/+ buffers/cache:       901M        91M
Swap:         8.0G       459M       7.5G

             total       used       free     shared    buffers     cached
Mem:          992M       929M        62M        28K       756K        26M
-/+ buffers/cache:       902M        89M
Swap:         8.0G       458M       7.5G

             total       used       free     shared    buffers     cached
Mem:          992M       912M        79M        28K       748K        24M
-/+ buffers/cache:       886M       105M
Swap:         8.0G       484M       7.5G

             total       used       free     shared    buffers     cached
Mem:          992M       913M        78M        28K       748K        24M
-/+ buffers/cache:       888M       104M
Swap:         8.0G       483M       7.5G

             total       used       free     shared    buffers     cached
Mem:          992M       915M        76M        28K       748K        24M
-/+ buffers/cache:       889M       102M
Swap:         8.0G       482M       7.5G

             total       used       free     shared    buffers     cached
Mem:          992M       917M        74M        28K       748K        24M
-/+ buffers/cache:       891M       100M
Swap:         8.0G       481M       7.5G

             total       used       free     shared    buffers     cached
Mem:          992M       919M        72M        28K       748K        24M
-/+ buffers/cache:       893M        98M
Swap:         8.0G       480M       7.5G

             total       used       free     shared    buffers     cached
Mem:          992M       920M        71M        28K       756K        24M
-/+ buffers/cache:       894M        97M
Swap:         8.0G       480M       7.5G

             total       used       free     shared    buffers     cached
Mem:          992M       922M        69M        28K       756K        24M
-/+ buffers/cache:       897M        95M
Swap:         8.0G       479M       7.5G

             total       used       free     shared    buffers     cached
Mem:          992M       924M        67M        28K       756K        24M
-/+ buffers/cache:       899M        93M
Swap:         8.0G       478M       7.5G

             total       used       free     shared    buffers     cached
Mem:          992M       926M        65M        28K       756K        24M
-/+ buffers/cache:       900M        91M
Swap:         8.0G       477M       7.5G

             total       used       free     shared    buffers     cached
Mem:          992M       928M        63M        28K       756K        24M
-/+ buffers/cache:       902M        89M
Swap:         8.0G       476M       7.5G

             total       used       free     shared    buffers     cached
Mem:          992M       930M        61M        28K       764K        24M
-/+ buffers/cache:       904M        87M
Swap:         8.0G       474M       7.5G

             total       used       free     shared    buffers     cached
Mem:          992M       913M        78M        28K       764K        23M
-/+ buffers/cache:       889M       102M
Swap:         8.0G       482M       7.5G

             total       used       free     shared    buffers     cached
Mem:          992M       915M        76M        28K       764K        23M
-/+ buffers/cache:       891M       100M
Swap:         8.0G       481M       7.5G

             total       used       free     shared    buffers     cached
Mem:          992M       917M        74M        28K       764K        23M
-/+ buffers/cache:       893M        99M
Swap:         8.0G       480M       7.5G

             total       used       free     shared    buffers     cached
Mem:          992M       919M        72M        28K       764K        23M
-/+ buffers/cache:       895M        96M
Swap:         8.0G       479M       7.5G

             total       used       free     shared    buffers     cached
Mem:          992M       921M        70M        28K       764K        23M
-/+ buffers/cache:       897M        94M
Swap:         8.0G       478M       7.5G

             total       used       free     shared    buffers     cached
Mem:          992M       923M        68M        28K       772K        23M
-/+ buffers/cache:       899M        93M
Swap:         8.0G       477M       7.5G

             total       used       free     shared    buffers     cached
Mem:          992M       925M        66M        28K       772K        23M
-/+ buffers/cache:       901M        90M
Swap:         8.0G       476M       7.5G

             total       used       free     shared    buffers     cached
Mem:          992M       928M        64M        28K       772K        23M
-/+ buffers/cache:       903M        88M
Swap:         8.0G       475M       7.5G

             total       used       free     shared    buffers     cached
Mem:          992M       930M        62M        28K       772K        23M
-/+ buffers/cache:       905M        86M
Swap:         8.0G       473M       7.5G

             total       used       free     shared    buffers     cached
Mem:          992M       915M        77M        28K       756K        21M
-/+ buffers/cache:       893M        99M
Swap:         8.0G       491M       7.5G

             total       used       free     shared    buffers     cached
Mem:          992M       916M        75M        28K       764K        21M
-/+ buffers/cache:       894M        97M
Swap:         8.0G       490M       7.5G

             total       used       free     shared    buffers     cached
Mem:          992M       919M        73M        28K       764K        21M
-/+ buffers/cache:       896M        95M
Swap:         8.0G       488M       7.5G

             total       used       free     shared    buffers     cached
Mem:          992M       921M        71M        28K       764K        21M
-/+ buffers/cache:       899M        93M
Swap:         8.0G       487M       7.5G

             total       used       free     shared    buffers     cached
Mem:          992M       922M        69M        28K       764K        21M
-/+ buffers/cache:       900M        91M
Swap:         8.0G       486M       7.5G

             total       used       free     shared    buffers     cached
Mem:          992M       924M        67M        28K       764K        21M
-/+ buffers/cache:       902M        89M
Swap:         8.0G       485M       7.5G

             total       used       free     shared    buffers     cached
Mem:          992M       927M        64M        28K       764K        22M
-/+ buffers/cache:       905M        87M
Swap:         8.0G       484M       7.5G

             total       used       free     shared    buffers     cached
Mem:          992M       918M        74M        92K       6.1M        27M
-/+ buffers/cache:       884M       107M
Swap:         8.0G       503M       7.5G

             total       used       free     shared    buffers     cached
Mem:          992M       925M        66M        84K       6.2M        30M
-/+ buffers/cache:       889M       103M
Swap:         8.0G       502M       7.5G
