             total       used       free     shared    buffers     cached
Mem:          992M       654M       337M       3.2M        38M       286M
-/+ buffers/cache:       329M       662M
Swap:         8.0G         0B       8.0G

             total       used       free     shared    buffers     cached
Mem:          992M       653M       339M       1.4M        38M       285M
-/+ buffers/cache:       329M       662M
Swap:         8.0G         0B       8.0G

             total       used       free     shared    buffers     cached
Mem:          992M       653M       339M       1.4M        38M       285M
-/+ buffers/cache:       329M       663M
Swap:         8.0G         0B       8.0G

             total       used       free     shared    buffers     cached
Mem:          992M       653M       339M       1.4M        38M       285M
-/+ buffers/cache:       329M       663M
Swap:         8.0G         0B       8.0G

             total       used       free     shared    buffers     cached
Mem:          992M       653M       339M       1.4M        38M       285M
-/+ buffers/cache:       329M       663M
Swap:         8.0G         0B       8.0G

             total       used       free     shared    buffers     cached
Mem:          992M       653M       339M       1.4M        38M       285M
-/+ buffers/cache:       329M       663M
Swap:         8.0G         0B       8.0G

             total       used       free     shared    buffers     cached
Mem:          992M       653M       339M       1.4M        38M       285M
-/+ buffers/cache:       329M       663M
Swap:         8.0G         0B       8.0G

             total       used       free     shared    buffers     cached
Mem:          992M       652M       339M       1.4M        38M       285M
-/+ buffers/cache:       328M       663M
Swap:         8.0G         0B       8.0G

             total       used       free     shared    buffers     cached
Mem:          992M       653M       339M       1.4M        38M       285M
-/+ buffers/cache:       328M       663M
Swap:         8.0G         0B       8.0G

             total       used       free     shared    buffers     cached
Mem:          992M       656M       336M       1.4M        38M       285M
-/+ buffers/cache:       331M       660M
Swap:         8.0G         0B       8.0G

             total       used       free     shared    buffers     cached
Mem:          992M       663M       328M       1.4M        38M       285M
-/+ buffers/cache:       339M       653M
Swap:         8.0G         0B       8.0G

             total       used       free     shared    buffers     cached
Mem:          992M       684M       308M       1.4M        38M       286M
-/+ buffers/cache:       359M       633M
Swap:         8.0G         0B       8.0G

             total       used       free     shared    buffers     cached
Mem:          992M       671M       320M       1.4M        38M       289M
-/+ buffers/cache:       344M       648M
Swap:         8.0G         0B       8.0G

             total       used       free     shared    buffers     cached
Mem:          992M       723M       268M       1.4M        38M       290M
-/+ buffers/cache:       394M       597M
Swap:         8.0G         0B       8.0G

             total       used       free     shared    buffers     cached
Mem:          992M       732M       259M       1.4M        38M       290M
-/+ buffers/cache:       403M       588M
Swap:         8.0G         0B       8.0G

             total       used       free     shared    buffers     cached
Mem:          992M       734M       257M       1.4M        38M       290M
-/+ buffers/cache:       405M       586M
Swap:         8.0G         0B       8.0G

             total       used       free     shared    buffers     cached
Mem:          992M       719M       272M       1.5M        39M       294M
-/+ buffers/cache:       385M       606M
Swap:         8.0G         0B       8.0G

             total       used       free     shared    buffers     cached
Mem:          992M       720M       272M       1.5M        39M       294M
-/+ buffers/cache:       385M       606M
Swap:         8.0G         0B       8.0G

             total       used       free     shared    buffers     cached
Mem:          992M       720M       271M       1.5M        39M       294M
-/+ buffers/cache:       386M       605M
Swap:         8.0G         0B       8.0G

             total       used       free     shared    buffers     cached
Mem:          992M       720M       271M       1.5M        39M       294M
-/+ buffers/cache:       386M       605M
Swap:         8.0G         0B       8.0G

             total       used       free     shared    buffers     cached
Mem:          992M       720M       271M       1.5M        39M       294M
-/+ buffers/cache:       386M       605M
Swap:         8.0G         0B       8.0G

             total       used       free     shared    buffers     cached
Mem:          992M       720M       271M       1.5M        39M       294M
-/+ buffers/cache:       386M       605M
Swap:         8.0G         0B       8.0G

             total       used       free     shared    buffers     cached
Mem:          992M       720M       271M       1.5M        39M       294M
-/+ buffers/cache:       386M       605M
Swap:         8.0G         0B       8.0G

             total       used       free     shared    buffers     cached
Mem:          992M       720M       271M       1.5M        39M       294M
-/+ buffers/cache:       386M       605M
Swap:         8.0G         0B       8.0G

             total       used       free     shared    buffers     cached
Mem:          992M       720M       271M       1.5M        39M       294M
-/+ buffers/cache:       386M       605M
Swap:         8.0G         0B       8.0G

             total       used       free     shared    buffers     cached
Mem:          992M       720M       271M       1.5M        39M       294M
-/+ buffers/cache:       386M       605M
Swap:         8.0G         0B       8.0G

             total       used       free     shared    buffers     cached
Mem:          992M       720M       271M       1.5M        39M       294M
-/+ buffers/cache:       386M       605M
Swap:         8.0G         0B       8.0G

             total       used       free     shared    buffers     cached
Mem:          992M       720M       271M       1.5M        39M       294M
-/+ buffers/cache:       386M       605M
Swap:         8.0G         0B       8.0G

             total       used       free     shared    buffers     cached
Mem:          992M       720M       271M       1.5M        39M       294M
-/+ buffers/cache:       386M       605M
Swap:         8.0G         0B       8.0G

             total       used       free     shared    buffers     cached
Mem:          992M       720M       271M       1.5M        39M       294M
-/+ buffers/cache:       386M       605M
Swap:         8.0G         0B       8.0G

             total       used       free     shared    buffers     cached
Mem:          992M       720M       271M       1.5M        39M       294M
-/+ buffers/cache:       386M       605M
Swap:         8.0G         0B       8.0G

             total       used       free     shared    buffers     cached
Mem:          992M       720M       271M       1.5M        39M       294M
-/+ buffers/cache:       386M       605M
Swap:         8.0G         0B       8.0G

             total       used       free     shared    buffers     cached
Mem:          992M       720M       271M       1.5M        39M       294M
-/+ buffers/cache:       386M       605M
Swap:         8.0G         0B       8.0G

             total       used       free     shared    buffers     cached
Mem:          992M       728M       264M       1.5M        39M       294M
-/+ buffers/cache:       393M       598M
Swap:         8.0G         0B       8.0G

             total       used       free     shared    buffers     cached
Mem:          992M       744M       248M       1.5M        39M       294M
-/+ buffers/cache:       409M       582M
Swap:         8.0G         0B       8.0G

             total       used       free     shared    buffers     cached
Mem:          992M       759M       232M       1.5M        39M       294M
-/+ buffers/cache:       425M       567M
Swap:         8.0G         0B       8.0G

             total       used       free     shared    buffers     cached
Mem:          992M       774M       217M       1.5M        39M       294M
-/+ buffers/cache:       439M       552M
Swap:         8.0G         0B       8.0G

             total       used       free     shared    buffers     cached
Mem:          992M       788M       203M       1.5M        39M       294M
-/+ buffers/cache:       454M       537M
Swap:         8.0G         0B       8.0G

             total       used       free     shared    buffers     cached
Mem:          992M       804M       187M       1.5M        39M       294M
-/+ buffers/cache:       469M       522M
Swap:         8.0G         0B       8.0G

             total       used       free     shared    buffers     cached
Mem:          992M       819M       172M       1.5M        39M       294M
-/+ buffers/cache:       485M       507M
Swap:         8.0G         0B       8.0G

             total       used       free     shared    buffers     cached
Mem:          992M       834M       157M       1.5M        39M       294M
-/+ buffers/cache:       500M       492M
Swap:         8.0G         0B       8.0G

             total       used       free     shared    buffers     cached
Mem:          992M       848M       143M       1.5M        39M       294M
-/+ buffers/cache:       514M       477M
Swap:         8.0G         0B       8.0G

             total       used       free     shared    buffers     cached
Mem:          992M       865M       126M       1.5M        39M       294M
-/+ buffers/cache:       531M       460M
Swap:         8.0G         0B       8.0G

             total       used       free     shared    buffers     cached
Mem:          992M       883M       109M       1.5M        39M       294M
-/+ buffers/cache:       548M       443M
Swap:         8.0G         0B       8.0G

             total       used       free     shared    buffers     cached
Mem:          992M       899M        92M       1.5M        39M       294M
-/+ buffers/cache:       565M       426M
Swap:         8.0G         0B       8.0G

             total       used       free     shared    buffers     cached
Mem:          992M       916M        76M       1.5M        39M       294M
-/+ buffers/cache:       581M       410M
Swap:         8.0G         0B       8.0G

             total       used       free     shared    buffers     cached
Mem:          992M       931M        61M       1.5M        39M       294M
-/+ buffers/cache:       596M       395M
Swap:         8.0G         0B       8.0G

             total       used       free     shared    buffers     cached
Mem:          992M       923M        69M       1.5M        17M       293M
-/+ buffers/cache:       611M       380M
Swap:         8.0G         0B       8.0G

             total       used       free     shared    buffers     cached
Mem:          992M       932M        59M       1.5M        15M       293M
-/+ buffers/cache:       623M       368M
Swap:         8.0G         0B       8.0G

             total       used       free     shared    buffers     cached
Mem:          992M       931M        60M       1.5M        11M       282M
-/+ buffers/cache:       638M       353M
Swap:         8.0G         0B       8.0G

             total       used       free     shared    buffers     cached
Mem:          992M       929M        62M       1.4M        10M       267M
-/+ buffers/cache:       652M       340M
Swap:         8.0G       120K       8.0G

             total       used       free     shared    buffers     cached
Mem:          992M       924M        68M       1.3M        10M       247M
-/+ buffers/cache:       666M       325M
Swap:         8.0G       1.0M       8.0G

             total       used       free     shared    buffers     cached
Mem:          992M       920M        72M       1.1M        10M       234M
-/+ buffers/cache:       674M       317M
Swap:         8.0G       7.7M       8.0G

             total       used       free     shared    buffers     cached
Mem:          992M       921M        70M       1.1M        10M       229M
-/+ buffers/cache:       681M       310M
Swap:         8.0G       8.6M       8.0G

             total       used       free     shared    buffers     cached
Mem:          992M       913M        78M       1.1M       8.4M       209M
-/+ buffers/cache:       695M       296M
Swap:         8.0G        10M       8.0G

             total       used       free     shared    buffers     cached
Mem:          992M       928M        63M       1.1M       8.4M       209M
-/+ buffers/cache:       710M       281M
Swap:         8.0G        10M       8.0G

             total       used       free     shared    buffers     cached
Mem:          992M       930M        61M       1.1M       3.0M       201M
-/+ buffers/cache:       725M       266M
Swap:         8.0G        10M       8.0G

             total       used       free     shared    buffers     cached
Mem:          992M       909M        82M       1.1M       944K       168M
-/+ buffers/cache:       739M       252M
Swap:         8.0G        10M       8.0G

             total       used       free     shared    buffers     cached
Mem:          992M       924M        67M       1.1M       956K       168M
-/+ buffers/cache:       754M       237M
Swap:         8.0G        10M       8.0G

             total       used       free     shared    buffers     cached
Mem:          992M       918M        73M       1.1M       964K       148M
-/+ buffers/cache:       769M       223M
Swap:         8.0G        10M       8.0G

             total       used       free     shared    buffers     cached
Mem:          992M       915M        76M       1.1M        88K       131M
-/+ buffers/cache:       784M       208M
Swap:         8.0G        10M       8.0G

             total       used       free     shared    buffers     cached
Mem:          992M       924M        67M       1.1M       384K       123M
-/+ buffers/cache:       800M       191M
Swap:         8.0G        10M       8.0G

             total       used       free     shared    buffers     cached
Mem:          992M       930M        61M       1.1M       384K       116M
-/+ buffers/cache:       814M       178M
Swap:         8.0G        10M       8.0G

             total       used       free     shared    buffers     cached
Mem:          992M       926M        65M       1.1M       384K       102M
-/+ buffers/cache:       824M       168M
Swap:         8.0G        10M       8.0G

             total       used       free     shared    buffers     cached
Mem:          992M       914M        77M       1.1M       384K        79M
-/+ buffers/cache:       834M       157M
Swap:         8.0G        10M       8.0G

             total       used       free     shared    buffers     cached
Mem:          992M       930M        61M       1.1M       388K        79M
-/+ buffers/cache:       850M       141M
Swap:         8.0G        10M       8.0G

             total       used       free     shared    buffers     cached
Mem:          992M       926M        65M       1.1M       388K        60M
-/+ buffers/cache:       865M       127M
Swap:         8.0G        10M       8.0G

             total       used       free     shared    buffers     cached
Mem:          992M       927M        64M       1.1M       396K        46M
-/+ buffers/cache:       879M       112M
Swap:         8.0G        10M       8.0G

             total       used       free     shared    buffers     cached
Mem:          992M       922M        69M       1.1M       536K        27M
-/+ buffers/cache:       894M        97M
Swap:         8.0G        10M       8.0G

             total       used       free     shared    buffers     cached
Mem:          992M       925M        66M       776K       3.0M        12M
-/+ buffers/cache:       909M        82M
Swap:         8.0G        46M       8.0G

             total       used       free     shared    buffers     cached
Mem:          992M       934M        58M       776K       1.9M        10M
-/+ buffers/cache:       921M        70M
Swap:         8.0G        46M       8.0G

             total       used       free     shared    buffers     cached
Mem:          992M       916M        75M       664K       1.8M        10M
-/+ buffers/cache:       903M        88M
Swap:         8.0G       115M       7.9G

             total       used       free     shared    buffers     cached
Mem:          992M       930M        61M       664K       1.8M        11M
-/+ buffers/cache:       917M        74M
Swap:         8.0G       115M       7.9G

             total       used       free     shared    buffers     cached
Mem:          992M       922M        69M       664K       360K       3.4M
-/+ buffers/cache:       918M        73M
Swap:         8.0G       115M       7.9G

             total       used       free     shared    buffers     cached
Mem:          992M       921M        70M       664K       360K       3.2M
-/+ buffers/cache:       918M        74M
Swap:         8.0G       115M       7.9G

             total       used       free     shared    buffers     cached
Mem:          992M       908M        84M       664K       328K       2.6M
-/+ buffers/cache:       905M        86M
Swap:         8.0G       116M       7.9G

             total       used       free     shared    buffers     cached
Mem:          992M       923M        68M       664K       336K       2.8M
-/+ buffers/cache:       920M        71M
Swap:         8.0G       116M       7.9G

             total       used       free     shared    buffers     cached
Mem:          992M       935M        57M       612K       336K       2.3M
-/+ buffers/cache:       932M        59M
Swap:         8.0G       348M       7.7G

             total       used       free     shared    buffers     cached
Mem:          992M       942M        49M       596K       336K       2.4M
-/+ buffers/cache:       939M        52M
Swap:         8.0G       348M       7.7G

             total       used       free     shared    buffers     cached
Mem:          992M       940M        52M       596K       336K       2.4M
-/+ buffers/cache:       937M        54M
Swap:         8.0G       348M       7.7G

             total       used       free     shared    buffers     cached
Mem:          992M       870M       121M       596K       336K       2.4M
-/+ buffers/cache:       867M       124M
Swap:         8.0G       348M       7.7G

             total       used       free     shared    buffers     cached
Mem:          992M       867M       124M       596K       360K       2.7M
-/+ buffers/cache:       864M       127M
Swap:         8.0G       348M       7.7G

             total       used       free     shared    buffers     cached
Mem:          992M       873M       118M       596K       360K       2.7M
-/+ buffers/cache:       870M       121M
Swap:         8.0G       348M       7.7G

             total       used       free     shared    buffers     cached
Mem:          992M       880M       111M       596K       360K       2.7M
-/+ buffers/cache:       877M       114M
Swap:         8.0G       348M       7.7G

             total       used       free     shared    buffers     cached
Mem:          992M       888M       104M       596K       360K       2.8M
-/+ buffers/cache:       884M       107M
Swap:         8.0G       348M       7.7G

             total       used       free     shared    buffers     cached
Mem:          992M       895M        96M       596K       360K       2.8M
-/+ buffers/cache:       892M        99M
Swap:         8.0G       348M       7.7G

             total       used       free     shared    buffers     cached
Mem:          992M       902M        89M       596K       360K       2.8M
-/+ buffers/cache:       899M        92M
Swap:         8.0G       348M       7.7G

             total       used       free     shared    buffers     cached
Mem:          992M       910M        81M       596K       368K       2.8M
-/+ buffers/cache:       907M        85M
Swap:         8.0G       348M       7.7G

             total       used       free     shared    buffers     cached
Mem:          992M       917M        75M       596K       368K       2.8M
-/+ buffers/cache:       913M        78M
Swap:         8.0G       348M       7.7G

             total       used       free     shared    buffers     cached
Mem:          992M       924M        67M       596K       368K       2.8M
-/+ buffers/cache:       921M        70M
Swap:         8.0G       348M       7.7G

             total       used       free     shared    buffers     cached
Mem:          992M       930M        61M       596K       368K       2.9M
-/+ buffers/cache:       927M        64M
Swap:         8.0G       348M       7.7G

             total       used       free     shared    buffers     cached
Mem:          992M       925M        67M       596K       368K       2.8M
-/+ buffers/cache:       921M        70M
Swap:         8.0G       348M       7.7G

             total       used       free     shared    buffers     cached
Mem:          992M       918M        73M       596K       360K       2.8M
-/+ buffers/cache:       915M        76M
Swap:         8.0G       348M       7.7G

             total       used       free     shared    buffers     cached
Mem:          992M       925M        67M       596K       360K       2.8M
-/+ buffers/cache:       922M        70M
Swap:         8.0G       348M       7.7G

             total       used       free     shared    buffers     cached
Mem:          992M       918M        74M       596K       360K       2.9M
-/+ buffers/cache:       914M        77M
Swap:         8.0G       348M       7.7G

             total       used       free     shared    buffers     cached
Mem:          992M       923M        68M       596K       360K       2.9M
-/+ buffers/cache:       920M        71M
Swap:         8.0G       348M       7.7G

             total       used       free     shared    buffers     cached
Mem:          992M       929M        62M       596K       360K       2.9M
-/+ buffers/cache:       926M        65M
Swap:         8.0G       348M       7.7G

             total       used       free     shared    buffers     cached
Mem:          992M       922M        70M       596K       368K       2.9M
-/+ buffers/cache:       918M        73M
Swap:         8.0G       348M       7.7G

             total       used       free     shared    buffers     cached
Mem:          992M       928M        63M       596K       368K       2.9M
-/+ buffers/cache:       925M        67M
Swap:         8.0G       348M       7.7G

             total       used       free     shared    buffers     cached
Mem:          992M       921M        70M       596K       368K       2.8M
-/+ buffers/cache:       918M        74M
Swap:         8.0G       348M       7.7G

             total       used       free     shared    buffers     cached
Mem:          992M       927M        64M       596K       368K       2.9M
-/+ buffers/cache:       924M        68M
Swap:         8.0G       348M       7.7G

             total       used       free     shared    buffers     cached
Mem:          992M       920M        71M       596K       368K       2.9M
-/+ buffers/cache:       917M        75M
Swap:         8.0G       348M       7.7G

             total       used       free     shared    buffers     cached
Mem:          992M       925M        66M       596K       368K       2.9M
-/+ buffers/cache:       922M        69M
Swap:         8.0G       348M       7.7G

             total       used       free     shared    buffers     cached
Mem:          992M       919M        73M       596K       376K       2.9M
-/+ buffers/cache:       915M        76M
Swap:         8.0G       348M       7.7G

             total       used       free     shared    buffers     cached
Mem:          992M       924M        67M       596K       376K       2.8M
-/+ buffers/cache:       921M        70M
Swap:         8.0G       348M       7.7G

             total       used       free     shared    buffers     cached
Mem:          992M       930M        61M       596K       376K       2.9M
-/+ buffers/cache:       927M        64M
Swap:         8.0G       348M       7.7G

             total       used       free     shared    buffers     cached
Mem:          992M       924M        67M       596K       376K       2.9M
-/+ buffers/cache:       921M        70M
Swap:         8.0G       348M       7.7G

             total       used       free     shared    buffers     cached
Mem:          992M       931M        60M       596K       376K       2.8M
-/+ buffers/cache:       928M        64M
Swap:         8.0G       348M       7.7G

             total       used       free     shared    buffers     cached
Mem:          992M       919M        72M       596K       380K       3.1M
-/+ buffers/cache:       915M        76M
Swap:         8.0G       348M       7.7G

             total       used       free     shared    buffers     cached
Mem:          992M       930M        62M       596K       1.0M        33M
-/+ buffers/cache:       895M        97M
Swap:         8.0G       348M       7.7G

             total       used       free     shared    buffers     cached
Mem:          992M       915M        76M       596K        92K        20M
-/+ buffers/cache:       894M        97M
Swap:         8.0G       396M       7.6G

             total       used       free     shared    buffers     cached
Mem:          992M       908M        83M       596K        96K        14M
-/+ buffers/cache:       893M        98M
Swap:         8.0G       389M       7.6G

             total       used       free     shared    buffers     cached
Mem:          992M       912M        80M       596K        96K        14M
-/+ buffers/cache:       896M        95M
Swap:         8.0G       389M       7.6G

             total       used       free     shared    buffers     cached
Mem:          992M       916M        75M       596K       372K        15M
-/+ buffers/cache:       900M        91M
Swap:         8.0G       389M       7.6G

             total       used       free     shared    buffers     cached
Mem:          992M       918M        73M       596K       380K        15M
-/+ buffers/cache:       902M        89M
Swap:         8.0G       389M       7.6G

             total       used       free     shared    buffers     cached
Mem:          992M       922M        69M       596K       380K        15M
-/+ buffers/cache:       906M        85M
Swap:         8.0G       389M       7.6G

             total       used       free     shared    buffers     cached
Mem:          992M       926M        66M       596K       380K        15M
-/+ buffers/cache:       910M        81M
Swap:         8.0G       389M       7.6G

             total       used       free     shared    buffers     cached
Mem:          992M       929M        62M       596K       380K        15M
-/+ buffers/cache:       913M        78M
Swap:         8.0G       389M       7.6G

             total       used       free     shared    buffers     cached
Mem:          992M       904M        87M       596K       380K        12M
-/+ buffers/cache:       892M       100M
Swap:         8.0G       389M       7.6G

             total       used       free     shared    buffers     cached
Mem:          992M       908M        83M       596K       388K        12M
-/+ buffers/cache:       895M        96M
Swap:         8.0G       389M       7.6G

             total       used       free     shared    buffers     cached
Mem:          992M       911M        80M       596K       388K        12M
-/+ buffers/cache:       898M        93M
Swap:         8.0G       389M       7.6G

             total       used       free     shared    buffers     cached
Mem:          992M       915M        77M       596K       520K        13M
-/+ buffers/cache:       901M        90M
Swap:         8.0G       389M       7.6G

             total       used       free     shared    buffers     cached
Mem:          992M       919M        73M       596K       520K        13M
-/+ buffers/cache:       905M        86M
Swap:         8.0G       389M       7.6G

             total       used       free     shared    buffers     cached
Mem:          992M       923M        69M       596K       520K        13M
-/+ buffers/cache:       909M        82M
Swap:         8.0G       389M       7.6G

             total       used       free     shared    buffers     cached
Mem:          992M       926M        66M       596K       520K        13M
-/+ buffers/cache:       912M        79M
Swap:         8.0G       389M       7.6G

             total       used       free     shared    buffers     cached
Mem:          992M       929M        62M       596K       528K        13M
-/+ buffers/cache:       916M        76M
Swap:         8.0G       389M       7.6G

             total       used       free     shared    buffers     cached
Mem:          992M       920M        71M       596K       484K       7.0M
-/+ buffers/cache:       912M        79M
Swap:         8.0G       392M       7.6G

             total       used       free     shared    buffers     cached
Mem:          992M       923M        68M       596K       484K       7.0M
-/+ buffers/cache:       916M        75M
Swap:         8.0G       392M       7.6G

             total       used       free     shared    buffers     cached
Mem:          992M       927M        64M       596K       484K       7.0M
-/+ buffers/cache:       920M        71M
Swap:         8.0G       392M       7.6G

             total       used       free     shared    buffers     cached
Mem:          992M       930M        61M       596K       484K       7.1M
-/+ buffers/cache:       923M        68M
Swap:         8.0G       392M       7.6G

             total       used       free     shared    buffers     cached
Mem:          992M       932M        59M        44K       488K       5.0M
-/+ buffers/cache:       927M        64M
Swap:         8.0G       608M       7.4G

             total       used       free     shared    buffers     cached
Mem:          992M       932M        59M        36K       488K       5.0M
-/+ buffers/cache:       927M        64M
Swap:         8.0G       608M       7.4G

             total       used       free     shared    buffers     cached
Mem:          992M       928M        63M        36K       488K       5.1M
-/+ buffers/cache:       923M        69M
Swap:         8.0G       608M       7.4G

             total       used       free     shared    buffers     cached
Mem:          992M       926M        65M        36K       504K       5.0M
-/+ buffers/cache:       921M        70M
Swap:         8.0G       608M       7.4G

             total       used       free     shared    buffers     cached
Mem:          992M       922M        69M        36K       504K       5.2M
-/+ buffers/cache:       917M        74M
Swap:         8.0G       608M       7.4G

             total       used       free     shared    buffers     cached
Mem:          992M       925M        66M        36K       512K       5.2M
-/+ buffers/cache:       919M        72M
Swap:         8.0G       608M       7.4G

             total       used       free     shared    buffers     cached
Mem:          992M       925M        66M        36K       512K       5.2M
-/+ buffers/cache:       919M        72M
Swap:         8.0G       608M       7.4G

             total       used       free     shared    buffers     cached
Mem:          992M       927M        65M        36K       512K       5.2M
-/+ buffers/cache:       921M        70M
Swap:         8.0G       608M       7.4G

             total       used       free     shared    buffers     cached
Mem:          992M       929M        62M        36K       512K       5.1M
-/+ buffers/cache:       924M        67M
Swap:         8.0G       608M       7.4G

             total       used       free     shared    buffers     cached
Mem:          992M       917M        74M        36K       512K       4.0M
-/+ buffers/cache:       913M        78M
Swap:         8.0G       608M       7.4G

             total       used       free     shared    buffers     cached
Mem:          992M       920M        71M        36K       512K       4.0M
-/+ buffers/cache:       916M        75M
Swap:         8.0G       608M       7.4G

             total       used       free     shared    buffers     cached
Mem:          992M       923M        68M        36K       520K       4.0M
-/+ buffers/cache:       919M        72M
Swap:         8.0G       608M       7.4G

             total       used       free     shared    buffers     cached
Mem:          992M       927M        64M        36K       520K       4.0M
-/+ buffers/cache:       923M        69M
Swap:         8.0G       608M       7.4G

             total       used       free     shared    buffers     cached
Mem:          992M       930M        61M        36K       520K       4.0M
-/+ buffers/cache:       926M        65M
Swap:         8.0G       608M       7.4G

             total       used       free     shared    buffers     cached
Mem:          992M       914M        77M        36K       504K       3.7M
-/+ buffers/cache:       910M        81M
Swap:         8.0G       609M       7.4G

             total       used       free     shared    buffers     cached
Mem:          992M       917M        74M        36K       504K       3.7M
-/+ buffers/cache:       913M        78M
Swap:         8.0G       609M       7.4G

             total       used       free     shared    buffers     cached
Mem:          992M       919M        72M        36K       512K       3.7M
-/+ buffers/cache:       915M        76M
Swap:         8.0G       609M       7.4G

             total       used       free     shared    buffers     cached
Mem:          992M       923M        68M        36K       512K       3.7M
-/+ buffers/cache:       919M        72M
Swap:         8.0G       609M       7.4G

             total       used       free     shared    buffers     cached
Mem:          992M       919M        72M        36K       424K       3.6M
-/+ buffers/cache:       915M        77M
Swap:         8.0G       582M       7.4G

             total       used       free     shared    buffers     cached
Mem:          992M       921M        70M        36K       240K       3.5M
-/+ buffers/cache:       918M        74M
Swap:         8.0G       510M       7.5G

             total       used       free     shared    buffers     cached
Mem:          992M       927M        65M        36K        92K       2.3M
-/+ buffers/cache:       924M        67M
Swap:         8.0G       457M       7.6G

             total       used       free     shared    buffers     cached
Mem:          992M       922M        69M        36K       100K       2.1M
-/+ buffers/cache:       920M        71M
Swap:         8.0G       409M       7.6G

             total       used       free     shared    buffers     cached
Mem:          992M       923M        68M        36K       100K       2.1M
-/+ buffers/cache:       921M        70M
Swap:         8.0G       508M       7.5G

             total       used       free     shared    buffers     cached
Mem:          992M       908M        83M        36K       100K       2.0M
-/+ buffers/cache:       906M        85M
Swap:         8.0G       508M       7.5G

             total       used       free     shared    buffers     cached
Mem:          992M       905M        86M        36K       100K       2.1M
-/+ buffers/cache:       903M        88M
Swap:         8.0G       508M       7.5G

             total       used       free     shared    buffers     cached
Mem:          992M       929M        62M        36K       100K       2.1M
-/+ buffers/cache:       927M        64M
Swap:         8.0G       455M       7.6G

             total       used       free     shared    buffers     cached
Mem:          992M       918M        73M        36K       100K       1.9M
-/+ buffers/cache:       916M        75M
Swap:         8.0G       402M       7.6G

             total       used       free     shared    buffers     cached
Mem:          992M       925M        66M         0B        84K       1.5M
-/+ buffers/cache:       923M        68M
Swap:         8.0G       447M       7.6G

             total       used       free     shared    buffers     cached
Mem:          992M       919M        72M         0B        84K       1.5M
-/+ buffers/cache:       918M        73M
Swap:         8.0G       534M       7.5G

             total       used       free     shared    buffers     cached
Mem:          992M       918M        73M         0B        84K       1.5M
-/+ buffers/cache:       916M        75M
Swap:         8.0G       534M       7.5G

             total       used       free     shared    buffers     cached
Mem:          992M       917M        75M         0B        88K       1.5M
-/+ buffers/cache:       915M        76M
Swap:         8.0G       534M       7.5G

             total       used       free     shared    buffers     cached
Mem:          992M       915M        76M         0B        80K        11M
-/+ buffers/cache:       903M        88M
Swap:         8.0G       521M       7.5G

             total       used       free     shared    buffers     cached
Mem:          992M       924M        67M         0B       536K        19M
-/+ buffers/cache:       904M        87M
Swap:         8.0G       519M       7.5G

             total       used       free     shared    buffers     cached
Mem:          992M       928M        63M         0B       488K        19M
-/+ buffers/cache:       908M        83M
Swap:         8.0G       456M       7.6G

             total       used       free     shared    buffers     cached
Mem:          992M       920M        71M         0B       488K        18M
-/+ buffers/cache:       901M        90M
Swap:         8.0G       405M       7.6G

             total       used       free     shared    buffers     cached
Mem:          992M       920M        72M         0B        88K       8.7M
-/+ buffers/cache:       911M        81M
Swap:         8.0G       415M       7.6G

             total       used       free     shared    buffers     cached
Mem:          992M       920M        71M         0B        88K       3.7M
-/+ buffers/cache:       916M        75M
Swap:         8.0G       401M       7.6G

             total       used       free     shared    buffers     cached
Mem:          992M       928M        63M         0B       236K        26M
-/+ buffers/cache:       901M        90M
Swap:         8.0G       401M       7.6G

             total       used       free     shared    buffers     cached
Mem:          992M       917M        75M        28K       176K        19M
-/+ buffers/cache:       897M        94M
Swap:         8.0G       444M       7.6G

             total       used       free     shared    buffers     cached
Mem:          992M       922M        70M        28K       464K        17M
-/+ buffers/cache:       904M        88M
Swap:         8.0G       412M       7.6G

             total       used       free     shared    buffers     cached
Mem:          992M       919M        72M        28K       400K       2.0M
-/+ buffers/cache:       916M        75M
Swap:         8.0G       386M       7.6G

             total       used       free     shared    buffers     cached
Mem:          992M       920M        72M        28K       164K       2.1M
-/+ buffers/cache:       917M        74M
Swap:         8.0G       387M       7.6G

             total       used       free     shared    buffers     cached
Mem:          992M       917M        74M        28K       460K       1.8M
-/+ buffers/cache:       915M        76M
Swap:         8.0G       395M       7.6G

             total       used       free     shared    buffers     cached
Mem:          992M       917M        74M        28K       464K       1.7M
-/+ buffers/cache:       915M        76M
Swap:         8.0G       395M       7.6G

             total       used       free     shared    buffers     cached
Mem:          992M       922M        69M        28K       476K       1.7M
-/+ buffers/cache:       920M        71M
Swap:         8.0G       382M       7.6G

             total       used       free     shared    buffers     cached
Mem:          992M       922M        69M        28K       476K       2.1M
-/+ buffers/cache:       920M        71M
Swap:         8.0G       379M       7.6G

             total       used       free     shared    buffers     cached
Mem:          992M       926M        66M        28K       476K       2.1M
-/+ buffers/cache:       923M        68M
Swap:         8.0G       378M       7.6G

             total       used       free     shared    buffers     cached
Mem:          992M       918M        73M        28K       476K       2.1M
-/+ buffers/cache:       916M        76M
Swap:         8.0G       409M       7.6G

             total       used       free     shared    buffers     cached
Mem:          992M       916M        75M        28K       484K       2.1M
-/+ buffers/cache:       914M        77M
Swap:         8.0G       409M       7.6G

             total       used       free     shared    buffers     cached
Mem:          992M       921M        70M        28K       484K       2.1M
-/+ buffers/cache:       918M        73M
Swap:         8.0G       409M       7.6G

             total       used       free     shared    buffers     cached
Mem:          992M       929M        62M        28K       772K       3.3M
-/+ buffers/cache:       925M        67M
Swap:         8.0G       409M       7.6G

             total       used       free     shared    buffers     cached
Mem:          992M       911M        80M        28K       2.2M        35M
-/+ buffers/cache:       874M       117M
Swap:         8.0G       461M       7.5G

             total       used       free     shared    buffers     cached
Mem:          992M       926M        65M       564K       4.4M        42M
-/+ buffers/cache:       879M       112M
Swap:         8.0G       460M       7.5G

             total       used       free     shared    buffers     cached
Mem:          992M       920M        71M       572K       4.3M        44M
-/+ buffers/cache:       871M       120M
Swap:         8.0G       474M       7.5G

             total       used       free     shared    buffers     cached
Mem:          992M       923M        68M       572K       4.3M        44M
-/+ buffers/cache:       875M       117M
Swap:         8.0G       474M       7.5G

             total       used       free     shared    buffers     cached
Mem:          992M       927M        65M       572K       4.3M        44M
-/+ buffers/cache:       878M       114M
Swap:         8.0G       474M       7.5G

             total       used       free     shared    buffers     cached
Mem:          992M       909M        82M       572K       3.0M        42M
-/+ buffers/cache:       863M       128M
Swap:         8.0G       498M       7.5G

             total       used       free     shared    buffers     cached
Mem:          992M       912M        79M       572K       3.0M        42M
-/+ buffers/cache:       866M       125M
Swap:         8.0G       498M       7.5G

             total       used       free     shared    buffers     cached
Mem:          992M       914M        78M       572K       3.0M        42M
-/+ buffers/cache:       868M       124M
Swap:         8.0G       497M       7.5G

             total       used       free     shared    buffers     cached
Mem:          992M       915M        76M       572K       3.0M        42M
-/+ buffers/cache:       869M       122M
Swap:         8.0G       497M       7.5G

             total       used       free     shared    buffers     cached
Mem:          992M       917M        74M       572K       3.0M        42M
-/+ buffers/cache:       871M       120M
Swap:         8.0G       496M       7.5G

             total       used       free     shared    buffers     cached
Mem:          992M       918M        73M       572K       3.0M        42M
-/+ buffers/cache:       872M       119M
Swap:         8.0G       495M       7.5G

             total       used       free     shared    buffers     cached
Mem:          992M       920M        71M       572K       3.0M        43M
-/+ buffers/cache:       874M       117M
Swap:         8.0G       495M       7.5G

             total       used       free     shared    buffers     cached
Mem:          992M       922M        69M       572K       3.0M        43M
-/+ buffers/cache:       876M       116M
Swap:         8.0G       494M       7.5G

             total       used       free     shared    buffers     cached
Mem:          992M       923M        68M       572K       3.0M        43M
-/+ buffers/cache:       877M       114M
Swap:         8.0G       493M       7.5G

             total       used       free     shared    buffers     cached
Mem:          992M       925M        66M       572K       3.0M        43M
-/+ buffers/cache:       879M       112M
Swap:         8.0G       493M       7.5G

             total       used       free     shared    buffers     cached
Mem:          992M       927M        65M       572K       3.0M        43M
-/+ buffers/cache:       880M       111M
Swap:         8.0G       492M       7.5G

             total       used       free     shared    buffers     cached
Mem:          992M       928M        63M       572K       3.0M        43M
-/+ buffers/cache:       882M       109M
Swap:         8.0G       491M       7.5G

             total       used       free     shared    buffers     cached
Mem:          992M       930M        61M       572K       3.0M        43M
-/+ buffers/cache:       883M       108M
Swap:         8.0G       490M       7.5G

             total       used       free     shared    buffers     cached
Mem:          992M       918M        73M       572K       3.0M        42M
-/+ buffers/cache:       873M       118M
Swap:         8.0G       501M       7.5G

             total       used       free     shared    buffers     cached
Mem:          992M       919M        72M       572K       3.0M        42M
-/+ buffers/cache:       874M       117M
Swap:         8.0G       500M       7.5G

             total       used       free     shared    buffers     cached
Mem:          992M       921M        70M       572K       3.0M        42M
-/+ buffers/cache:       876M       115M
Swap:         8.0G       500M       7.5G

             total       used       free     shared    buffers     cached
Mem:          992M       922M        69M       572K       3.0M        42M
-/+ buffers/cache:       877M       114M
Swap:         8.0G       499M       7.5G

             total       used       free     shared    buffers     cached
Mem:          992M       924M        67M       572K       3.0M        42M
-/+ buffers/cache:       879M       112M
Swap:         8.0G       498M       7.5G

             total       used       free     shared    buffers     cached
Mem:          992M       925M        66M       572K       3.0M        42M
-/+ buffers/cache:       880M       111M
Swap:         8.0G       498M       7.5G

             total       used       free     shared    buffers     cached
Mem:          992M       927M        64M       572K       3.0M        42M
-/+ buffers/cache:       882M       109M
Swap:         8.0G       497M       7.5G

             total       used       free     shared    buffers     cached
Mem:          992M       929M        63M       572K       3.0M        42M
-/+ buffers/cache:       884M       108M
Swap:         8.0G       496M       7.5G

             total       used       free     shared    buffers     cached
Mem:          992M       930M        61M       572K       3.0M        42M
-/+ buffers/cache:       885M       106M
Swap:         8.0G       495M       7.5G

             total       used       free     shared    buffers     cached
Mem:          992M       919M        73M       572K       3.0M        41M
-/+ buffers/cache:       874M       117M
Swap:         8.0G       509M       7.5G

             total       used       free     shared    buffers     cached
Mem:          992M       920M        71M       572K       3.0M        41M
-/+ buffers/cache:       876M       115M
Swap:         8.0G       508M       7.5G

             total       used       free     shared    buffers     cached
Mem:          992M       922M        69M       572K       3.0M        41M
-/+ buffers/cache:       878M       114M
Swap:         8.0G       507M       7.5G

             total       used       free     shared    buffers     cached
Mem:          992M       923M        68M       572K       3.0M        41M
-/+ buffers/cache:       879M       112M
Swap:         8.0G       507M       7.5G

             total       used       free     shared    buffers     cached
Mem:          992M       925M        66M       572K       3.0M        41M
-/+ buffers/cache:       881M       111M
Swap:         8.0G       506M       7.5G

             total       used       free     shared    buffers     cached
Mem:          992M       926M        65M       572K       3.0M        41M
-/+ buffers/cache:       882M       109M
Swap:         8.0G       505M       7.5G

             total       used       free     shared    buffers     cached
Mem:          992M       928M        63M       572K       3.0M        41M
-/+ buffers/cache:       884M       107M
Swap:         8.0G       504M       7.5G

             total       used       free     shared    buffers     cached
Mem:          992M       929M        62M       572K       3.0M        41M
-/+ buffers/cache:       885M       106M
Swap:         8.0G       504M       7.5G

             total       used       free     shared    buffers     cached
Mem:          992M       914M        77M       572K       3.0M        40M
-/+ buffers/cache:       870M       121M
Swap:         8.0G       512M       7.5G

             total       used       free     shared    buffers     cached
Mem:          992M       915M        76M       572K       3.0M        40M
-/+ buffers/cache:       872M       120M
Swap:         8.0G       511M       7.5G

             total       used       free     shared    buffers     cached
Mem:          992M       917M        75M       572K       3.0M        40M
-/+ buffers/cache:       873M       118M
Swap:         8.0G       510M       7.5G

             total       used       free     shared    buffers     cached
Mem:          992M       918M        73M       572K       3.0M        40M
-/+ buffers/cache:       875M       116M
Swap:         8.0G       510M       7.5G

             total       used       free     shared    buffers     cached
Mem:          992M       921M        70M       572K       3.0M        41M
-/+ buffers/cache:       877M       115M
Swap:         8.0G       508M       7.5G

             total       used       free     shared    buffers     cached
Mem:          992M       923M        68M       572K       3.4M        41M
-/+ buffers/cache:       878M       113M
Swap:         8.0G       508M       7.5G

             total       used       free     shared    buffers     cached
Mem:          992M       924M        67M       572K       3.4M        41M
-/+ buffers/cache:       880M       111M
Swap:         8.0G       507M       7.5G

             total       used       free     shared    buffers     cached
Mem:          992M       926M        65M       572K       3.4M        41M
-/+ buffers/cache:       881M       110M
Swap:         8.0G       506M       7.5G

             total       used       free     shared    buffers     cached
Mem:          992M       928M        64M       572K       3.4M        41M
-/+ buffers/cache:       883M       108M
Swap:         8.0G       506M       7.5G

             total       used       free     shared    buffers     cached
Mem:          992M       929M        62M       572K       3.4M        41M
-/+ buffers/cache:       884M       107M
Swap:         8.0G       505M       7.5G

             total       used       free     shared    buffers     cached
Mem:          992M       930M        61M       572K       3.4M        41M
-/+ buffers/cache:       886M       106M
Swap:         8.0G       504M       7.5G

             total       used       free     shared    buffers     cached
Mem:          992M       919M        72M       572K       3.4M        39M
-/+ buffers/cache:       876M       115M
Swap:         8.0G       522M       7.5G

             total       used       free     shared    buffers     cached
Mem:          992M       927M        64M       572K       4.4M        44M
-/+ buffers/cache:       879M       112M
Swap:         8.0G       521M       7.5G

             total       used       free     shared    buffers     cached
Mem:          992M       921M        71M       628K       5.3M        50M
-/+ buffers/cache:       865M       127M
Swap:         8.0G       539M       7.5G
