             total       used       free     shared    buffers     cached
Mem:          992M       673M       319M       3.2M        40M       291M
-/+ buffers/cache:       340M       651M
Swap:         8.0G         0B       8.0G

             total       used       free     shared    buffers     cached
Mem:          992M       673M       318M       3.2M        40M       291M
-/+ buffers/cache:       340M       651M
Swap:         8.0G         0B       8.0G

             total       used       free     shared    buffers     cached
Mem:          992M       673M       318M       3.2M        40M       291M
-/+ buffers/cache:       340M       651M
Swap:         8.0G         0B       8.0G

             total       used       free     shared    buffers     cached
Mem:          992M       673M       318M       3.2M        40M       291M
-/+ buffers/cache:       340M       651M
Swap:         8.0G         0B       8.0G

             total       used       free     shared    buffers     cached
Mem:          992M       673M       318M       3.2M        40M       291M
-/+ buffers/cache:       341M       651M
Swap:         8.0G         0B       8.0G

             total       used       free     shared    buffers     cached
Mem:          992M       668M       323M       3.2M        40M       294M
-/+ buffers/cache:       333M       658M
Swap:         8.0G         0B       8.0G

             total       used       free     shared    buffers     cached
Mem:          992M       668M       323M       3.2M        40M       294M
-/+ buffers/cache:       333M       658M
Swap:         8.0G         0B       8.0G

             total       used       free     shared    buffers     cached
Mem:          992M       668M       323M       3.2M        40M       294M
-/+ buffers/cache:       333M       658M
Swap:         8.0G         0B       8.0G

             total       used       free     shared    buffers     cached
Mem:          992M       668M       323M       3.2M        40M       294M
-/+ buffers/cache:       333M       658M
Swap:         8.0G         0B       8.0G

             total       used       free     shared    buffers     cached
Mem:          992M       668M       323M       3.2M        40M       294M
-/+ buffers/cache:       333M       658M
Swap:         8.0G         0B       8.0G

             total       used       free     shared    buffers     cached
Mem:          992M       668M       323M       3.2M        40M       294M
-/+ buffers/cache:       333M       658M
Swap:         8.0G         0B       8.0G

             total       used       free     shared    buffers     cached
Mem:          992M       670M       321M       3.2M        40M       294M
-/+ buffers/cache:       335M       656M
Swap:         8.0G         0B       8.0G

             total       used       free     shared    buffers     cached
Mem:          992M       926M        65M       3.1M       2.7M       163M
-/+ buffers/cache:       760M       232M
Swap:         8.0G       4.6M       8.0G

             total       used       free     shared    buffers     cached
Mem:          992M       908M        83M       2.4M       1.1M       6.2M
-/+ buffers/cache:       901M        90M
Swap:         8.0G       230M       7.8G

             total       used       free     shared    buffers     cached
Mem:          992M       942M        49M       2.3M       380K        10M
-/+ buffers/cache:       931M        60M
Swap:         8.0G       289M       7.7G

             total       used       free     shared    buffers     cached
Mem:          992M       942M        49M       2.3M       140K        26M
-/+ buffers/cache:       915M        76M
Swap:         8.0G       352M       7.7G

             total       used       free     shared    buffers     cached
Mem:          992M       942M        49M       2.3M       152K        26M
-/+ buffers/cache:       915M        76M
Swap:         8.0G       352M       7.7G

             total       used       free     shared    buffers     cached
Mem:          992M       942M        49M       2.3M       152K        27M
-/+ buffers/cache:       915M        76M
Swap:         8.0G       354M       7.7G

             total       used       free     shared    buffers     cached
Mem:          992M       915M        76M       756K       2.4M        36M
-/+ buffers/cache:       876M       115M
Swap:         8.0G       462M       7.5G

             total       used       free     shared    buffers     cached
Mem:          992M       934M        57M       768K       132K        14M
-/+ buffers/cache:       920M        71M
Swap:         8.0G       378M       7.6G

             total       used       free     shared    buffers     cached
Mem:          992M       941M        50M       768K       140K        16M
-/+ buffers/cache:       924M        67M
Swap:         8.0G       374M       7.6G

             total       used       free     shared    buffers     cached
Mem:          992M       942M        49M       768K       1.5M        21M
-/+ buffers/cache:       919M        72M
Swap:         8.0G       362M       7.6G

             total       used       free     shared    buffers     cached
Mem:          992M       930M        61M       420K       3.4M        37M
-/+ buffers/cache:       889M       102M
Swap:         8.0G       481M       7.5G

             total       used       free     shared    buffers     cached
Mem:          992M       897M        94M       420K       5.1M        39M
-/+ buffers/cache:       852M       139M
Swap:         8.0G       462M       7.5G

             total       used       free     shared    buffers     cached
Mem:          992M       915M        76M       420K       5.3M        38M
-/+ buffers/cache:       871M       120M
Swap:         8.0G       434M       7.6G

             total       used       free     shared    buffers     cached
Mem:          992M       934M        57M       420K       2.3M        64M
-/+ buffers/cache:       866M       125M
Swap:         8.0G       438M       7.6G

             total       used       free     shared    buffers     cached
Mem:          992M       942M        49M       416K       116K        51M
-/+ buffers/cache:       891M       100M
Swap:         8.0G       405M       7.6G

             total       used       free     shared    buffers     cached
Mem:          992M       918M        73M       416K       300K        48M
-/+ buffers/cache:       870M       121M
Swap:         8.0G       426M       7.6G

             total       used       free     shared    buffers     cached
Mem:          992M       918M        73M       416K       356K        66M
-/+ buffers/cache:       851M       140M
Swap:         8.0G       445M       7.6G

             total       used       free     shared    buffers     cached
Mem:          992M       919M        72M       412K       596K        46M
-/+ buffers/cache:       872M       119M
Swap:         8.0G       436M       7.6G

             total       used       free     shared    buffers     cached
Mem:          992M       928M        63M       408K       336K        73M
-/+ buffers/cache:       854M       137M
Swap:         8.0G       450M       7.6G

             total       used       free     shared    buffers     cached
Mem:          992M       925M        66M       144K       344K        67M
-/+ buffers/cache:       857M       134M
Swap:         8.0G       524M       7.5G

             total       used       free     shared    buffers     cached
Mem:          992M       925M        66M       112K       344K        67M
-/+ buffers/cache:       857M       134M
Swap:         8.0G       524M       7.5G

             total       used       free     shared    buffers     cached
Mem:          992M       925M        67M       112K       3.3M        69M
-/+ buffers/cache:       851M       140M
Swap:         8.0G       447M       7.6G

             total       used       free     shared    buffers     cached
Mem:          992M       926M        65M        48K       3.0M        64M
-/+ buffers/cache:       859M       133M
Swap:         8.0G       578M       7.4G

             total       used       free     shared    buffers     cached
Mem:          992M       917M        74M        16K       3.0M        60M
-/+ buffers/cache:       854M       137M
Swap:         8.0G       575M       7.4G

             total       used       free     shared    buffers     cached
Mem:          992M       918M        73M        16K       3.1M        60M
-/+ buffers/cache:       854M       137M
Swap:         8.0G       574M       7.4G

             total       used       free     shared    buffers     cached
Mem:          992M       922M        69M        16K       3.1M        71M
-/+ buffers/cache:       848M       143M
Swap:         8.0G       473M       7.5G

             total       used       free     shared    buffers     cached
Mem:          992M       942M        49M        16K       2.0M        67M
-/+ buffers/cache:       873M       118M
Swap:         8.0G       473M       7.5G

             total       used       free     shared    buffers     cached
Mem:          992M       910M        81M        16K       536K        51M
-/+ buffers/cache:       858M       133M
Swap:         8.0G       453M       7.6G

             total       used       free     shared    buffers     cached
Mem:          992M       923M        68M        16K       1.7M        31M
-/+ buffers/cache:       890M       101M
Swap:         8.0G       429M       7.6G

             total       used       free     shared    buffers     cached
Mem:          992M       942M        49M         4K       1.7M        36M
-/+ buffers/cache:       904M        87M
Swap:         8.0G       415M       7.6G

             total       used       free     shared    buffers     cached
Mem:          992M       933M        58M         4K       2.0M        38M
-/+ buffers/cache:       893M        99M
Swap:         8.0G       412M       7.6G

             total       used       free     shared    buffers     cached
Mem:          992M       933M        58M         4K       1.1M        13M
-/+ buffers/cache:       919M        73M
Swap:         8.0G       361M       7.6G

             total       used       free     shared    buffers     cached
Mem:          992M       916M        75M        12K       1.6M        14M
-/+ buffers/cache:       901M        90M
Swap:         8.0G       375M       7.6G

             total       used       free     shared    buffers     cached
Mem:          992M       921M        70M       188K       2.3M        12M
-/+ buffers/cache:       906M        85M
Swap:         8.0G       377M       7.6G

             total       used       free     shared    buffers     cached
Mem:          992M       925M        66M       188K       3.0M        14M
-/+ buffers/cache:       908M        83M
Swap:         8.0G       384M       7.6G

             total       used       free     shared    buffers     cached
Mem:          992M       929M        62M       188K       3.9M        13M
-/+ buffers/cache:       911M        80M
Swap:         8.0G       367M       7.6G

             total       used       free     shared    buffers     cached
Mem:          992M       941M        50M       188K       3.9M        14M
-/+ buffers/cache:       923M        68M
Swap:         8.0G       355M       7.6G

             total       used       free     shared    buffers     cached
Mem:          992M       942M        49M       188K       3.9M        14M
-/+ buffers/cache:       924M        67M
Swap:         8.0G       347M       7.7G

             total       used       free     shared    buffers     cached
Mem:          992M       929M        62M       188K       2.2M        14M
-/+ buffers/cache:       913M        79M
Swap:         8.0G       367M       7.6G

             total       used       free     shared    buffers     cached
Mem:          992M       918M        73M       188K       156K       5.8M
-/+ buffers/cache:       912M        79M
Swap:         8.0G       367M       7.6G

             total       used       free     shared    buffers     cached
Mem:          992M       919M        73M       188K       164K       6.0M
-/+ buffers/cache:       913M        79M
Swap:         8.0G       366M       7.6G

             total       used       free     shared    buffers     cached
Mem:          992M       942M        49M       188K       164K       6.3M
-/+ buffers/cache:       936M        56M
Swap:         8.0G       334M       7.7G

             total       used       free     shared    buffers     cached
Mem:          992M       925M        66M       188K       364K       2.9M
-/+ buffers/cache:       922M        69M
Swap:         8.0G       352M       7.7G

             total       used       free     shared    buffers     cached
Mem:          992M       925M        66M       180K       364K       2.6M
-/+ buffers/cache:       922M        69M
Swap:         8.0G       346M       7.7G

             total       used       free     shared    buffers     cached
Mem:          992M       929M        63M       180K       364K       2.4M
-/+ buffers/cache:       926M        65M
Swap:         8.0G       344M       7.7G

             total       used       free     shared    buffers     cached
Mem:          992M       925M        66M       180K       372K       1.8M
-/+ buffers/cache:       923M        68M
Swap:         8.0G       459M       7.5G

             total       used       free     shared    buffers     cached
Mem:          992M       926M        66M       180K       372K       1.8M
-/+ buffers/cache:       923M        68M
Swap:         8.0G       459M       7.5G

             total       used       free     shared    buffers     cached
Mem:          992M       925M        66M       180K       332K       1.6M
-/+ buffers/cache:       923M        68M
Swap:         8.0G       390M       7.6G

             total       used       free     shared    buffers     cached
Mem:          992M       925M        67M        24K       320K       1.8M
-/+ buffers/cache:       922M        69M
Swap:         8.0G       360M       7.6G

             total       used       free     shared    buffers     cached
Mem:          992M       924M        67M         4K       320K       1.7M
-/+ buffers/cache:       922M        69M
Swap:         8.0G       343M       7.7G

             total       used       free     shared    buffers     cached
Mem:          992M       923M        68M         4K       204K       1.8M
-/+ buffers/cache:       921M        70M
Swap:         8.0G       342M       7.7G

             total       used       free     shared    buffers     cached
Mem:          992M       940M        51M         4K       212K       1.8M
-/+ buffers/cache:       938M        53M
Swap:         8.0G       436M       7.6G

             total       used       free     shared    buffers     cached
Mem:          992M       941M        51M         4K       212K       1.8M
-/+ buffers/cache:       939M        53M
Swap:         8.0G       436M       7.6G

             total       used       free     shared    buffers     cached
Mem:          992M       886M       105M         4K       212K       1.8M
-/+ buffers/cache:       884M       107M
Swap:         8.0G       438M       7.6G

             total       used       free     shared    buffers     cached
Mem:          992M       922M        69M         4K       144K       1.8M
-/+ buffers/cache:       921M        71M
Swap:         8.0G       340M       7.7G

             total       used       free     shared    buffers     cached
Mem:          992M       925M        67M         4K        80K       1.6M
-/+ buffers/cache:       923M        68M
Swap:         8.0G       348M       7.7G

             total       used       free     shared    buffers     cached
Mem:          992M       924M        68M         4K        80K       1.7M
-/+ buffers/cache:       922M        69M
Swap:         8.0G       345M       7.7G

             total       used       free     shared    buffers     cached
Mem:          992M       932M        59M         4K        88K       1.6M
-/+ buffers/cache:       931M        61M
Swap:         8.0G       498M       7.5G

             total       used       free     shared    buffers     cached
Mem:          992M       931M        60M         4K        88K       1.6M
-/+ buffers/cache:       929M        62M
Swap:         8.0G       498M       7.5G

             total       used       free     shared    buffers     cached
Mem:          992M       875M       117M         4K        88K       1.6M
-/+ buffers/cache:       873M       118M
Swap:         8.0G       498M       7.5G

             total       used       free     shared    buffers     cached
Mem:          992M       927M        64M         4K        88K       2.0M
-/+ buffers/cache:       925M        66M
Swap:         8.0G       351M       7.7G

             total       used       free     shared    buffers     cached
Mem:          992M       921M        70M         0B        88K       3.8M
-/+ buffers/cache:       917M        74M
Swap:         8.0G       352M       7.7G

             total       used       free     shared    buffers     cached
Mem:          992M       926M        65M         0B        88K       3.9M
-/+ buffers/cache:       922M        69M
Swap:         8.0G       457M       7.6G

             total       used       free     shared    buffers     cached
Mem:          992M       926M        65M         0B        92K       3.9M
-/+ buffers/cache:       922M        69M
Swap:         8.0G       457M       7.6G

             total       used       free     shared    buffers     cached
Mem:          992M       895M        96M         4K       2.7M        15M
-/+ buffers/cache:       876M       115M
Swap:         8.0G       437M       7.6G

             total       used       free     shared    buffers     cached
Mem:          992M       928M        63M         8K       2.7M        15M
-/+ buffers/cache:       910M        82M
Swap:         8.0G       365M       7.6G

             total       used       free     shared    buffers     cached
Mem:          992M       935M        56M         8K       1.7M        10M
-/+ buffers/cache:       923M        68M
Swap:         8.0G       346M       7.7G

             total       used       free     shared    buffers     cached
Mem:          992M       942M        49M         8K       1.7M        10M
-/+ buffers/cache:       929M        62M
Swap:         8.0G       338M       7.7G

             total       used       free     shared    buffers     cached
Mem:          992M       869M       122M         4K        80K       1.4M
-/+ buffers/cache:       867M       124M
Swap:         8.0G       407M       7.6G

             total       used       free     shared    buffers     cached
Mem:          992M       925M        66M         4K        80K       1.2M
-/+ buffers/cache:       924M        67M
Swap:         8.0G       344M       7.7G

             total       used       free     shared    buffers     cached
Mem:          992M       913M        78M         4K        88K        21M
-/+ buffers/cache:       892M       100M
Swap:         8.0G       390M       7.6G

             total       used       free     shared    buffers     cached
Mem:          992M       908M        83M        16K        84K       1.8M
-/+ buffers/cache:       906M        85M
Swap:         8.0G       380M       7.6G

             total       used       free     shared    buffers     cached
Mem:          992M       904M        87M        16K        92K       3.8M
-/+ buffers/cache:       900M        91M
Swap:         8.0G       457M       7.6G

             total       used       free     shared    buffers     cached
Mem:          992M       902M        89M        16K        92K       4.0M
-/+ buffers/cache:       898M        93M
Swap:         8.0G       457M       7.6G

             total       used       free     shared    buffers     cached
Mem:          992M       899M        92M        16K        96K       4.0M
-/+ buffers/cache:       895M        96M
Swap:         8.0G       457M       7.6G

             total       used       free     shared    buffers     cached
Mem:          992M       899M        92M        16K       228K       4.2M
-/+ buffers/cache:       895M        96M
Swap:         8.0G       457M       7.6G

             total       used       free     shared    buffers     cached
Mem:          992M       900M        91M        16K       356K       4.4M
-/+ buffers/cache:       895M        96M
Swap:         8.0G       457M       7.6G

             total       used       free     shared    buffers     cached
Mem:          992M       917M        74M        16K       780K       9.3M
-/+ buffers/cache:       907M        84M
Swap:         8.0G       447M       7.6G

             total       used       free     shared    buffers     cached
Mem:          992M       924M        68M        16K       760K        23M
-/+ buffers/cache:       900M        92M
Swap:         8.0G       381M       7.6G

             total       used       free     shared    buffers     cached
Mem:          992M       929M        62M        16K        84K        20M
-/+ buffers/cache:       909M        82M
Swap:         8.0G       372M       7.6G

             total       used       free     shared    buffers     cached
Mem:          992M       920M        71M        16K        88K        19M
-/+ buffers/cache:       900M        91M
Swap:         8.0G       380M       7.6G

             total       used       free     shared    buffers     cached
Mem:          992M       922M        69M        12K        88K        19M
-/+ buffers/cache:       903M        88M
Swap:         8.0G       377M       7.6G

             total       used       free     shared    buffers     cached
Mem:          992M       920M        72M        12K        88K       1.2M
-/+ buffers/cache:       918M        73M
Swap:         8.0G       373M       7.6G

             total       used       free     shared    buffers     cached
Mem:          992M       927M        64M        16K        76K        20M
-/+ buffers/cache:       906M        85M
Swap:         8.0G       369M       7.6G

             total       used       free     shared    buffers     cached
Mem:          992M       926M        65M        16K       300K       2.7M
-/+ buffers/cache:       923M        68M
Swap:         8.0G       361M       7.6G

             total       used       free     shared    buffers     cached
Mem:          992M       920M        71M        16K        92K       3.4M
-/+ buffers/cache:       916M        75M
Swap:         8.0G       360M       7.6G

             total       used       free     shared    buffers     cached
Mem:          992M       917M        74M        16K        92K       4.2M
-/+ buffers/cache:       913M        78M
Swap:         8.0G       353M       7.7G

             total       used       free     shared    buffers     cached
Mem:          992M       917M        74M         4K        96K       3.9M
-/+ buffers/cache:       913M        78M
Swap:         8.0G       370M       7.6G

             total       used       free     shared    buffers     cached
Mem:          992M       920M        72M         4K       104K       4.4M
-/+ buffers/cache:       915M        76M
Swap:         8.0G       367M       7.6G

             total       used       free     shared    buffers     cached
Mem:          992M       931M        60M         4K       204K       6.3M
-/+ buffers/cache:       924M        67M
Swap:         8.0G       456M       7.6G

             total       used       free     shared    buffers     cached
Mem:          992M       931M        60M         4K       208K        19M
-/+ buffers/cache:       911M        80M
Swap:         8.0G       428M       7.6G

             total       used       free     shared    buffers     cached
Mem:          992M       929M        62M        16K        80K        21M
-/+ buffers/cache:       908M        83M
Swap:         8.0G       378M       7.6G

             total       used       free     shared    buffers     cached
Mem:          992M       927M        64M        16K       224K        18M
-/+ buffers/cache:       908M        83M
Swap:         8.0G       375M       7.6G

             total       used       free     shared    buffers     cached
Mem:          992M       914M        77M        16K       176K       5.7M
-/+ buffers/cache:       908M        83M
Swap:         8.0G       378M       7.6G

             total       used       free     shared    buffers     cached
Mem:          992M       920M        72M        16K       328K       6.9M
-/+ buffers/cache:       912M        79M
Swap:         8.0G       375M       7.6G

             total       used       free     shared    buffers     cached
Mem:          992M       920M        71M        16K       332K       7.1M
-/+ buffers/cache:       912M        79M
Swap:         8.0G       375M       7.6G

             total       used       free     shared    buffers     cached
Mem:          992M       920M        71M        16K       332K        16M
-/+ buffers/cache:       903M        88M
Swap:         8.0G       455M       7.6G

             total       used       free     shared    buffers     cached
Mem:          992M       915M        76M        16K       332K        16M
-/+ buffers/cache:       898M        93M
Swap:         8.0G       455M       7.6G

             total       used       free     shared    buffers     cached
Mem:          992M       933M        58M        16K        80K        22M
-/+ buffers/cache:       911M        80M
Swap:         8.0G       359M       7.6G

             total       used       free     shared    buffers     cached
Mem:          992M       923M        69M        16K        80K        18M
-/+ buffers/cache:       904M        87M
Swap:         8.0G       371M       7.6G

             total       used       free     shared    buffers     cached
Mem:          992M       926M        65M        16K        88K        17M
-/+ buffers/cache:       909M        83M
Swap:         8.0G       451M       7.6G

             total       used       free     shared    buffers     cached
Mem:          992M       924M        67M        16K        88K        16M
-/+ buffers/cache:       907M        84M
Swap:         8.0G       389M       7.6G

             total       used       free     shared    buffers     cached
Mem:          992M       876M       115M        16K        80K       1.5M
-/+ buffers/cache:       875M       117M
Swap:         8.0G       453M       7.6G

             total       used       free     shared    buffers     cached
Mem:          992M       876M       115M        16K        80K       1.6M
-/+ buffers/cache:       875M       117M
Swap:         8.0G       453M       7.6G

             total       used       free     shared    buffers     cached
Mem:          992M       927M        64M        16K       212K       1.7M
-/+ buffers/cache:       925M        66M
Swap:         8.0G       389M       7.6G

             total       used       free     shared    buffers     cached
Mem:          992M       878M       113M        16K       212K       1.7M
-/+ buffers/cache:       876M       115M
Swap:         8.0G       454M       7.6G

             total       used       free     shared    buffers     cached
Mem:          992M       881M       110M        16K       220K       1.7M
-/+ buffers/cache:       880M       112M
Swap:         8.0G       450M       7.6G

             total       used       free     shared    buffers     cached
Mem:          992M       923M        68M        16K       220K       1.7M
-/+ buffers/cache:       922M        70M
Swap:         8.0G       350M       7.7G

             total       used       free     shared    buffers     cached
Mem:          992M       922M        69M         4K       220K       1.6M
-/+ buffers/cache:       920M        71M
Swap:         8.0G       357M       7.6G

             total       used       free     shared    buffers     cached
Mem:          992M       930M        61M         0B       220K       2.0M
-/+ buffers/cache:       928M        63M
Swap:         8.0G       341M       7.7G

             total       used       free     shared    buffers     cached
Mem:          992M       930M        61M         0B       212K       1.7M
-/+ buffers/cache:       928M        63M
Swap:         8.0G       334M       7.7G

             total       used       free     shared    buffers     cached
Mem:          992M       922M        70M         0B       212K       1.7M
-/+ buffers/cache:       920M        71M
Swap:         8.0G       343M       7.7G

             total       used       free     shared    buffers     cached
Mem:          992M       935M        56M         0B       220K       1.7M
-/+ buffers/cache:       933M        58M
Swap:         8.0G       447M       7.6G

             total       used       free     shared    buffers     cached
Mem:          992M       935M        56M         0B       220K       1.7M
-/+ buffers/cache:       933M        58M
Swap:         8.0G       447M       7.6G

             total       used       free     shared    buffers     cached
Mem:          992M       921M        71M         0B       356K        26M
-/+ buffers/cache:       893M        98M
Swap:         8.0G       383M       7.6G

             total       used       free     shared    buffers     cached
Mem:          992M       923M        68M        16K        84K        24M
-/+ buffers/cache:       899M        92M
Swap:         8.0G       375M       7.6G

             total       used       free     shared    buffers     cached
Mem:          992M       924M        68M        16K        80K        20M
-/+ buffers/cache:       903M        88M
Swap:         8.0G       384M       7.6G

             total       used       free     shared    buffers     cached
Mem:          992M       911M        80M        16K        88K       1.9M
-/+ buffers/cache:       909M        82M
Swap:         8.0G       442M       7.6G

             total       used       free     shared    buffers     cached
Mem:          992M       914M        77M        16K       620K        31M
-/+ buffers/cache:       882M       109M
Swap:         8.0G       415M       7.6G

             total       used       free     shared    buffers     cached
Mem:          992M       908M        83M        16K        80K       8.6M
-/+ buffers/cache:       900M        92M
Swap:         8.0G       376M       7.6G

             total       used       free     shared    buffers     cached
Mem:          992M       927M        65M        16K        80K       3.3M
-/+ buffers/cache:       923M        68M
Swap:         8.0G       426M       7.6G

             total       used       free     shared    buffers     cached
Mem:          992M       929M        62M        16K        80K       3.3M
-/+ buffers/cache:       926M        65M
Swap:         8.0G       472M       7.5G

             total       used       free     shared    buffers     cached
Mem:          992M       926M        65M        16K       360K       3.9M
-/+ buffers/cache:       922M        69M
Swap:         8.0G       415M       7.6G

             total       used       free     shared    buffers     cached
Mem:          992M       919M        72M        16K       364K       4.1M
-/+ buffers/cache:       915M        76M
Swap:         8.0G       410M       7.6G

             total       used       free     shared    buffers     cached
Mem:          992M       918M        74M        16K        76K       1.6M
-/+ buffers/cache:       916M        75M
Swap:         8.0G       412M       7.6G

             total       used       free     shared    buffers     cached
Mem:          992M       905M        86M        16K        76K       4.6M
-/+ buffers/cache:       900M        91M
Swap:         8.0G       380M       7.6G

             total       used       free     shared    buffers     cached
Mem:          992M       920M        72M         0B       316K       4.9M
-/+ buffers/cache:       914M        77M
Swap:         8.0G       349M       7.7G

             total       used       free     shared    buffers     cached
Mem:          992M       927M        64M         0B       316K       4.0M
-/+ buffers/cache:       923M        68M
Swap:         8.0G       369M       7.6G

             total       used       free     shared    buffers     cached
Mem:          992M       920M        72M         0B       324K       3.7M
-/+ buffers/cache:       916M        76M
Swap:         8.0G       360M       7.6G

             total       used       free     shared    buffers     cached
Mem:          992M       920M        72M         0B       324K       3.7M
-/+ buffers/cache:       916M        76M
Swap:         8.0G       360M       7.6G

             total       used       free     shared    buffers     cached
Mem:          992M       927M        64M         0B       324K       3.5M
-/+ buffers/cache:       923M        68M
Swap:         8.0G       427M       7.6G

             total       used       free     shared    buffers     cached
Mem:          992M       927M        64M         0B       324K       3.5M
-/+ buffers/cache:       923M        68M
Swap:         8.0G       427M       7.6G

             total       used       free     shared    buffers     cached
Mem:          992M       941M        50M       144K       660K        24M
-/+ buffers/cache:       916M        75M
Swap:         8.0G       363M       7.6G

             total       used       free     shared    buffers     cached
Mem:          992M       942M        49M       144K       1.2M        24M
-/+ buffers/cache:       916M        75M
Swap:         8.0G       366M       7.6G

             total       used       free     shared    buffers     cached
Mem:          992M       942M        49M       144K       868K        23M
-/+ buffers/cache:       918M        74M
Swap:         8.0G       367M       7.6G

             total       used       free     shared    buffers     cached
Mem:          992M       929M        62M       144K       2.5M        22M
-/+ buffers/cache:       904M        88M
Swap:         8.0G       438M       7.6G

             total       used       free     shared    buffers     cached
Mem:          992M       918M        73M       148K       3.5M        33M
-/+ buffers/cache:       882M       109M
Swap:         8.0G       403M       7.6G

             total       used       free     shared    buffers     cached
Mem:          992M       928M        64M       152K       3.5M        41M
-/+ buffers/cache:       883M       108M
Swap:         8.0G       401M       7.6G

             total       used       free     shared    buffers     cached
Mem:          992M       921M        70M       152K       1.1M        29M
-/+ buffers/cache:       890M       101M
Swap:         8.0G       389M       7.6G

             total       used       free     shared    buffers     cached
Mem:          992M       923M        68M       152K        84K        24M
-/+ buffers/cache:       898M        93M
Swap:         8.0G       416M       7.6G

             total       used       free     shared    buffers     cached
Mem:          992M       922M        69M       152K        84K        25M
-/+ buffers/cache:       897M        94M
Swap:         8.0G       415M       7.6G

             total       used       free     shared    buffers     cached
Mem:          992M       942M        49M       152K        84K        20M
-/+ buffers/cache:       921M        70M
Swap:         8.0G       357M       7.6G

             total       used       free     shared    buffers     cached
Mem:          992M       942M        49M       152K       100K        20M
-/+ buffers/cache:       921M        70M
Swap:         8.0G       356M       7.6G

             total       used       free     shared    buffers     cached
Mem:          992M       929M        62M       152K        88K       2.2M
-/+ buffers/cache:       927M        64M
Swap:         8.0G       350M       7.7G

             total       used       free     shared    buffers     cached
Mem:          992M       926M        65M         0B        76K       1.5M
-/+ buffers/cache:       924M        67M
Swap:         8.0G       354M       7.7G

             total       used       free     shared    buffers     cached
Mem:          992M       924M        67M         8K        84K       1.5M
-/+ buffers/cache:       923M        68M
Swap:         8.0G       459M       7.5G

             total       used       free     shared    buffers     cached
Mem:          992M       902M        89M         8K        84K       1.5M
-/+ buffers/cache:       901M        91M
Swap:         8.0G       459M       7.5G

             total       used       free     shared    buffers     cached
Mem:          992M       925M        66M         8K       348K       1.5M
-/+ buffers/cache:       923M        68M
Swap:         8.0G       382M       7.6G

             total       used       free     shared    buffers     cached
Mem:          992M       918M        73M         8K       348K       1.5M
-/+ buffers/cache:       916M        75M
Swap:         8.0G       360M       7.6G

             total       used       free     shared    buffers     cached
Mem:          992M       925M        67M         8K       348K       1.5M
-/+ buffers/cache:       923M        68M
Swap:         8.0G       359M       7.6G

             total       used       free     shared    buffers     cached
Mem:          992M       929M        62M         0B       348K       1.5M
-/+ buffers/cache:       928M        64M
Swap:         8.0G       352M       7.7G

             total       used       free     shared    buffers     cached
Mem:          992M       919M        72M         0B       352K       1.4M
-/+ buffers/cache:       918M        74M
Swap:         8.0G       378M       7.6G

             total       used       free     shared    buffers     cached
Mem:          992M       887M       104M         0B       356K       4.8M
-/+ buffers/cache:       882M       109M
Swap:         8.0G       430M       7.6G

             total       used       free     shared    buffers     cached
Mem:          992M       925M        66M         0B       328K       3.9M
-/+ buffers/cache:       921M        70M
Swap:         8.0G       359M       7.6G

             total       used       free     shared    buffers     cached
Mem:          992M       917M        74M         0B       328K       3.8M
-/+ buffers/cache:       913M        78M
Swap:         8.0G       360M       7.6G

             total       used       free     shared    buffers     cached
Mem:          992M       925M        66M         0B       328K       3.8M
-/+ buffers/cache:       921M        70M
Swap:         8.0G       439M       7.6G

             total       used       free     shared    buffers     cached
Mem:          992M       888M       103M         0B       328K       3.8M
-/+ buffers/cache:       884M       107M
Swap:         8.0G       417M       7.6G

             total       used       free     shared    buffers     cached
Mem:          992M       917M        74M         0B       336K       3.8M
-/+ buffers/cache:       913M        78M
Swap:         8.0G       388M       7.6G

             total       used       free     shared    buffers     cached
Mem:          992M       921M        70M         0B       336K       3.8M
-/+ buffers/cache:       917M        74M
Swap:         8.0G       355M       7.6G

             total       used       free     shared    buffers     cached
Mem:          992M       924M        67M         0B       336K       3.4M
-/+ buffers/cache:       921M        71M
Swap:         8.0G       358M       7.6G

             total       used       free     shared    buffers     cached
Mem:          992M       924M        67M         0B       336K       3.3M
-/+ buffers/cache:       921M        71M
Swap:         8.0G       349M       7.7G

             total       used       free     shared    buffers     cached
Mem:          992M       920M        71M         0B       160K       3.3M
-/+ buffers/cache:       916M        75M
Swap:         8.0G       352M       7.7G

             total       used       free     shared    buffers     cached
Mem:          992M       911M        80M         0B        76K       2.0M
-/+ buffers/cache:       909M        82M
Swap:         8.0G       363M       7.6G

             total       used       free     shared    buffers     cached
Mem:          992M       918M        73M         0B        84K       2.1M
-/+ buffers/cache:       916M        75M
Swap:         8.0G       361M       7.6G

             total       used       free     shared    buffers     cached
Mem:          992M       936M        55M         0B        84K       2.1M
-/+ buffers/cache:       934M        57M
Swap:         8.0G       427M       7.6G

             total       used       free     shared    buffers     cached
Mem:          992M       923M        68M         0B        84K       1.8M
-/+ buffers/cache:       921M        70M
Swap:         8.0G       397M       7.6G

             total       used       free     shared    buffers     cached
Mem:          992M       912M        80M         0B        84K       1.6M
-/+ buffers/cache:       910M        81M
Swap:         8.0G       406M       7.6G

             total       used       free     shared    buffers     cached
Mem:          992M       926M        66M         0B        84K       1.6M
-/+ buffers/cache:       924M        67M
Swap:         8.0G       358M       7.6G

             total       used       free     shared    buffers     cached
Mem:          992M       928M        63M         0B        84K       1.6M
-/+ buffers/cache:       927M        65M
Swap:         8.0G       345M       7.7G

             total       used       free     shared    buffers     cached
Mem:          992M       910M        81M         0B        92K       1.3M
-/+ buffers/cache:       909M        82M
Swap:         8.0G       451M       7.6G

             total       used       free     shared    buffers     cached
Mem:          992M       874M       117M         0B        92K       1.3M
-/+ buffers/cache:       873M       118M
Swap:         8.0G       488M       7.5G

             total       used       free     shared    buffers     cached
Mem:          992M       894M        98M         0B        92K       3.9M
-/+ buffers/cache:       890M       102M
Swap:         8.0G       469M       7.5G

             total       used       free     shared    buffers     cached
Mem:          992M       926M        65M         0B        76K       4.7M
-/+ buffers/cache:       921M        70M
Swap:         8.0G       342M       7.7G

             total       used       free     shared    buffers     cached
Mem:          992M       924M        67M         0B        76K       4.7M
-/+ buffers/cache:       919M        72M
Swap:         8.0G       350M       7.7G

             total       used       free     shared    buffers     cached
Mem:          992M       883M       108M         0B       216K       6.8M
-/+ buffers/cache:       876M       115M
Swap:         8.0G       394M       7.6G

             total       used       free     shared    buffers     cached
Mem:          992M       887M       104M         4K       224K       6.8M
-/+ buffers/cache:       880M       112M
Swap:         8.0G       390M       7.6G

             total       used       free     shared    buffers     cached
Mem:          992M       926M        66M         4K       124K       4.7M
-/+ buffers/cache:       921M        70M
Swap:         8.0G       401M       7.6G

             total       used       free     shared    buffers     cached
Mem:          992M       927M        64M         4K       612K        10M
-/+ buffers/cache:       916M        75M
Swap:         8.0G       366M       7.6G

             total       used       free     shared    buffers     cached
Mem:          992M       921M        70M        16K        80K        27M
-/+ buffers/cache:       893M        98M
Swap:         8.0G       387M       7.6G

             total       used       free     shared    buffers     cached
Mem:          992M       919M        72M        16K        84K        27M
-/+ buffers/cache:       891M       100M
Swap:         8.0G       385M       7.6G

             total       used       free     shared    buffers     cached
Mem:          992M       920M        71M        16K        84K        27M
-/+ buffers/cache:       893M        99M
Swap:         8.0G       390M       7.6G

             total       used       free     shared    buffers     cached
Mem:          992M       919M        72M        16K        92K        27M
-/+ buffers/cache:       892M       100M
Swap:         8.0G       384M       7.6G

             total       used       free     shared    buffers     cached
Mem:          992M       919M        72M        16K        80K        18M
-/+ buffers/cache:       901M        90M
Swap:         8.0G       412M       7.6G

             total       used       free     shared    buffers     cached
Mem:          992M       926M        65M        16K        80K       2.3M
-/+ buffers/cache:       924M        67M
Swap:         8.0G       356M       7.6G

             total       used       free     shared    buffers     cached
Mem:          992M       928M        63M        16K        80K       4.1M
-/+ buffers/cache:       924M        67M
Swap:         8.0G       360M       7.6G

             total       used       free     shared    buffers     cached
Mem:          992M       926M        65M        16K        80K       4.1M
-/+ buffers/cache:       922M        70M
Swap:         8.0G       439M       7.6G

             total       used       free     shared    buffers     cached
Mem:          992M       911M        80M        16K        88K       4.5M
-/+ buffers/cache:       907M        85M
Swap:         8.0G       457M       7.5G

             total       used       free     shared    buffers     cached
Mem:          992M       942M        49M        16K       1.5M       9.1M
-/+ buffers/cache:       931M        60M
Swap:         8.0G       418M       7.6G

             total       used       free     shared    buffers     cached
Mem:          992M       920M        71M        16K       1.7M        12M
-/+ buffers/cache:       906M        85M
Swap:         8.0G       380M       7.6G

             total       used       free     shared    buffers     cached
Mem:          992M       929M        62M       232K       4.3M        18M
-/+ buffers/cache:       907M        85M
Swap:         8.0G       372M       7.6G

             total       used       free     shared    buffers     cached
Mem:          992M       911M        81M       228K       656K        16M
-/+ buffers/cache:       894M        98M
Swap:         8.0G       399M       7.6G

             total       used       free     shared    buffers     cached
Mem:          992M       928M        63M       212K       1.0M        20M
-/+ buffers/cache:       907M        84M
Swap:         8.0G       390M       7.6G

             total       used       free     shared    buffers     cached
Mem:          992M       942M        49M       212K       852K        28M
-/+ buffers/cache:       913M        78M
Swap:         8.0G       371M       7.6G

             total       used       free     shared    buffers     cached
Mem:          992M       923M        68M       204K       6.0M        42M
-/+ buffers/cache:       875M       117M
Swap:         8.0G       408M       7.6G
