             total       used       free     shared    buffers     cached
Mem:          992M       660M       331M       3.2M        38M       289M
-/+ buffers/cache:       332M       660M
Swap:         8.0G         0B       8.0G

             total       used       free     shared    buffers     cached
Mem:          992M       659M       332M       3.2M        38M       289M
-/+ buffers/cache:       330M       661M
Swap:         8.0G         0B       8.0G

             total       used       free     shared    buffers     cached
Mem:          992M       659M       332M       3.2M        38M       289M
-/+ buffers/cache:       330M       661M
Swap:         8.0G         0B       8.0G

             total       used       free     shared    buffers     cached
Mem:          992M       659M       332M       3.2M        38M       289M
-/+ buffers/cache:       330M       661M
Swap:         8.0G         0B       8.0G

             total       used       free     shared    buffers     cached
Mem:          992M       659M       332M       3.2M        38M       289M
-/+ buffers/cache:       330M       661M
Swap:         8.0G         0B       8.0G

             total       used       free     shared    buffers     cached
Mem:          992M       659M       332M       3.2M        38M       289M
-/+ buffers/cache:       330M       661M
Swap:         8.0G         0B       8.0G

             total       used       free     shared    buffers     cached
Mem:          992M       659M       332M       3.2M        38M       289M
-/+ buffers/cache:       330M       661M
Swap:         8.0G         0B       8.0G

             total       used       free     shared    buffers     cached
Mem:          992M       659M       332M       3.2M        38M       289M
-/+ buffers/cache:       330M       661M
Swap:         8.0G         0B       8.0G

             total       used       free     shared    buffers     cached
Mem:          992M       659M       332M       3.2M        38M       290M
-/+ buffers/cache:       330M       661M
Swap:         8.0G         0B       8.0G

             total       used       free     shared    buffers     cached
Mem:          992M       659M       332M       3.2M        38M       290M
-/+ buffers/cache:       330M       661M
Swap:         8.0G         0B       8.0G

             total       used       free     shared    buffers     cached
Mem:          992M       659M       332M       3.2M        38M       290M
-/+ buffers/cache:       330M       661M
Swap:         8.0G         0B       8.0G

             total       used       free     shared    buffers     cached
Mem:          992M       665M       326M       3.2M        38M       290M
-/+ buffers/cache:       335M       656M
Swap:         8.0G         0B       8.0G

             total       used       free     shared    buffers     cached
Mem:          992M       690M       301M       3.2M        38M       290M
-/+ buffers/cache:       361M       631M
Swap:         8.0G         0B       8.0G

             total       used       free     shared    buffers     cached
Mem:          992M       668M       323M       3.2M        38M       291M
-/+ buffers/cache:       338M       653M
Swap:         8.0G         0B       8.0G

             total       used       free     shared    buffers     cached
Mem:          992M       668M       323M       3.2M        38M       291M
-/+ buffers/cache:       338M       653M
Swap:         8.0G         0B       8.0G

             total       used       free     shared    buffers     cached
Mem:          992M       669M       322M       3.2M        38M       291M
-/+ buffers/cache:       338M       653M
Swap:         8.0G         0B       8.0G

             total       used       free     shared    buffers     cached
Mem:          992M       669M       322M       3.2M        38M       291M
-/+ buffers/cache:       338M       653M
Swap:         8.0G         0B       8.0G

             total       used       free     shared    buffers     cached
Mem:          992M       669M       322M       3.2M        38M       291M
-/+ buffers/cache:       338M       653M
Swap:         8.0G         0B       8.0G

             total       used       free     shared    buffers     cached
Mem:          992M       669M       322M       3.2M        38M       291M
-/+ buffers/cache:       338M       653M
Swap:         8.0G         0B       8.0G

             total       used       free     shared    buffers     cached
Mem:          992M       669M       322M       3.2M        38M       291M
-/+ buffers/cache:       338M       653M
Swap:         8.0G         0B       8.0G

             total       used       free     shared    buffers     cached
Mem:          992M       669M       322M       3.2M        38M       291M
-/+ buffers/cache:       338M       653M
Swap:         8.0G         0B       8.0G

             total       used       free     shared    buffers     cached
Mem:          992M       669M       322M       3.2M        38M       291M
-/+ buffers/cache:       338M       653M
Swap:         8.0G         0B       8.0G

             total       used       free     shared    buffers     cached
Mem:          992M       669M       322M       3.2M        38M       291M
-/+ buffers/cache:       338M       653M
Swap:         8.0G         0B       8.0G

             total       used       free     shared    buffers     cached
Mem:          992M       669M       322M       3.2M        38M       291M
-/+ buffers/cache:       338M       653M
Swap:         8.0G         0B       8.0G

             total       used       free     shared    buffers     cached
Mem:          992M       669M       322M       3.2M        38M       291M
-/+ buffers/cache:       338M       653M
Swap:         8.0G         0B       8.0G

             total       used       free     shared    buffers     cached
Mem:          992M       669M       322M       3.2M        38M       291M
-/+ buffers/cache:       338M       653M
Swap:         8.0G         0B       8.0G

             total       used       free     shared    buffers     cached
Mem:          992M       669M       322M       3.2M        38M       291M
-/+ buffers/cache:       338M       653M
Swap:         8.0G         0B       8.0G

             total       used       free     shared    buffers     cached
Mem:          992M       669M       322M       3.2M        38M       291M
-/+ buffers/cache:       338M       653M
Swap:         8.0G         0B       8.0G

             total       used       free     shared    buffers     cached
Mem:          992M       669M       322M       3.2M        38M       291M
-/+ buffers/cache:       338M       653M
Swap:         8.0G         0B       8.0G

             total       used       free     shared    buffers     cached
Mem:          992M       669M       322M       3.2M        38M       291M
-/+ buffers/cache:       338M       653M
Swap:         8.0G         0B       8.0G

             total       used       free     shared    buffers     cached
Mem:          992M       669M       322M       3.2M        38M       291M
-/+ buffers/cache:       338M       653M
Swap:         8.0G         0B       8.0G

             total       used       free     shared    buffers     cached
Mem:          992M       669M       322M       3.2M        38M       291M
-/+ buffers/cache:       338M       653M
Swap:         8.0G         0B       8.0G

             total       used       free     shared    buffers     cached
Mem:          992M       669M       322M       3.2M        38M       291M
-/+ buffers/cache:       338M       653M
Swap:         8.0G         0B       8.0G

             total       used       free     shared    buffers     cached
Mem:          992M       675M       316M       3.2M        38M       291M
-/+ buffers/cache:       344M       647M
Swap:         8.0G         0B       8.0G

             total       used       free     shared    buffers     cached
Mem:          992M       690M       301M       3.2M        38M       291M
-/+ buffers/cache:       360M       632M
Swap:         8.0G         0B       8.0G

             total       used       free     shared    buffers     cached
Mem:          992M       705M       286M       3.2M        38M       291M
-/+ buffers/cache:       375M       617M
Swap:         8.0G         0B       8.0G

             total       used       free     shared    buffers     cached
Mem:          992M       719M       272M       3.2M        38M       291M
-/+ buffers/cache:       389M       603M
Swap:         8.0G         0B       8.0G

             total       used       free     shared    buffers     cached
Mem:          992M       733M       258M       3.2M        38M       291M
-/+ buffers/cache:       403M       589M
Swap:         8.0G         0B       8.0G

             total       used       free     shared    buffers     cached
Mem:          992M       747M       244M       3.2M        38M       291M
-/+ buffers/cache:       417M       575M
Swap:         8.0G         0B       8.0G

             total       used       free     shared    buffers     cached
Mem:          992M       761M       230M       3.2M        38M       291M
-/+ buffers/cache:       431M       560M
Swap:         8.0G         0B       8.0G

             total       used       free     shared    buffers     cached
Mem:          992M       775M       216M       3.2M        38M       291M
-/+ buffers/cache:       445M       547M
Swap:         8.0G         0B       8.0G

             total       used       free     shared    buffers     cached
Mem:          992M       788M       203M       3.2M        38M       291M
-/+ buffers/cache:       457M       534M
Swap:         8.0G         0B       8.0G

             total       used       free     shared    buffers     cached
Mem:          992M       802M       189M       3.2M        38M       291M
-/+ buffers/cache:       471M       520M
Swap:         8.0G         0B       8.0G

             total       used       free     shared    buffers     cached
Mem:          992M       821M       170M       3.2M        38M       291M
-/+ buffers/cache:       490M       501M
Swap:         8.0G         0B       8.0G

             total       used       free     shared    buffers     cached
Mem:          992M       835M       156M       3.2M        38M       291M
-/+ buffers/cache:       504M       487M
Swap:         8.0G         0B       8.0G

             total       used       free     shared    buffers     cached
Mem:          992M       849M       142M       3.2M        38M       291M
-/+ buffers/cache:       518M       473M
Swap:         8.0G         0B       8.0G

             total       used       free     shared    buffers     cached
Mem:          992M       864M       127M       3.2M        38M       291M
-/+ buffers/cache:       534M       458M
Swap:         8.0G         0B       8.0G

             total       used       free     shared    buffers     cached
Mem:          992M       878M       113M       3.2M        38M       291M
-/+ buffers/cache:       548M       444M
Swap:         8.0G         0B       8.0G

             total       used       free     shared    buffers     cached
Mem:          992M       893M        98M       3.2M        38M       291M
-/+ buffers/cache:       562M       429M
Swap:         8.0G         0B       8.0G

             total       used       free     shared    buffers     cached
Mem:          992M       905M        86M       3.2M        38M       291M
-/+ buffers/cache:       574M       417M
Swap:         8.0G         0B       8.0G

             total       used       free     shared    buffers     cached
Mem:          992M       919M        72M       3.2M        38M       291M
-/+ buffers/cache:       589M       403M
Swap:         8.0G         0B       8.0G

             total       used       free     shared    buffers     cached
Mem:          992M       923M        68M       3.2M        27M       290M
-/+ buffers/cache:       605M       386M
Swap:         8.0G         0B       8.0G

             total       used       free     shared    buffers     cached
Mem:          992M       933M        59M       3.2M        23M       290M
-/+ buffers/cache:       619M       372M
Swap:         8.0G         0B       8.0G

             total       used       free     shared    buffers     cached
Mem:          992M       926M        65M       3.2M        10M       283M
-/+ buffers/cache:       632M       360M
Swap:         8.0G         0B       8.0G

             total       used       free     shared    buffers     cached
Mem:          992M       925M        66M       3.2M        10M       266M
-/+ buffers/cache:       649M       343M
Swap:         8.0G        76K       8.0G

             total       used       free     shared    buffers     cached
Mem:          992M       920M        71M       3.1M       9.8M       246M
-/+ buffers/cache:       664M       327M
Swap:         8.0G       228K       8.0G

             total       used       free     shared    buffers     cached
Mem:          992M       923M        69M       3.1M       9.8M       234M
-/+ buffers/cache:       678M       313M
Swap:         8.0G       3.2M       8.0G

             total       used       free     shared    buffers     cached
Mem:          992M       908M        83M       3.0M       9.8M       208M
-/+ buffers/cache:       690M       301M
Swap:         8.0G       7.1M       8.0G

             total       used       free     shared    buffers     cached
Mem:          992M       923M        68M       3.0M       9.8M       208M
-/+ buffers/cache:       705M       287M
Swap:         8.0G       7.1M       8.0G

             total       used       free     shared    buffers     cached
Mem:          992M       925M        66M       3.0M       2.9M       201M
-/+ buffers/cache:       720M       271M
Swap:         8.0G       7.1M       8.0G

             total       used       free     shared    buffers     cached
Mem:          992M       924M        67M       3.0M       1.1M       187M
-/+ buffers/cache:       735M       256M
Swap:         8.0G       7.1M       8.0G

             total       used       free     shared    buffers     cached
Mem:          992M       915M        76M       3.0M       224K       166M
-/+ buffers/cache:       748M       243M
Swap:         8.0G       7.1M       8.0G

             total       used       free     shared    buffers     cached
Mem:          992M       930M        61M       3.0M       236K       166M
-/+ buffers/cache:       763M       228M
Swap:         8.0G       7.1M       8.0G

             total       used       free     shared    buffers     cached
Mem:          992M       924M        67M       3.0M       236K       146M
-/+ buffers/cache:       777M       214M
Swap:         8.0G       7.1M       8.0G

             total       used       free     shared    buffers     cached
Mem:          992M       915M        76M       3.0M        80K       129M
-/+ buffers/cache:       786M       206M
Swap:         8.0G       7.1M       8.0G

             total       used       free     shared    buffers     cached
Mem:          992M       930M        62M       3.0M        80K       129M
-/+ buffers/cache:       800M       191M
Swap:         8.0G       7.1M       8.0G

             total       used       free     shared    buffers     cached
Mem:          992M       928M        63M       3.0M        92K       114M
-/+ buffers/cache:       814M       177M
Swap:         8.0G       7.1M       8.0G

             total       used       free     shared    buffers     cached
Mem:          992M       928M        63M       3.0M       100K       101M
-/+ buffers/cache:       827M       165M
Swap:         8.0G       7.1M       8.0G

             total       used       free     shared    buffers     cached
Mem:          992M       930M        62M       3.0M       100K        89M
-/+ buffers/cache:       840M       151M
Swap:         8.0G       7.1M       8.0G

             total       used       free     shared    buffers     cached
Mem:          992M       922M        69M       3.0M       100K        69M
-/+ buffers/cache:       852M       139M
Swap:         8.0G       7.1M       8.0G

             total       used       free     shared    buffers     cached
Mem:          992M       924M        67M       3.0M       248K        57M
-/+ buffers/cache:       866M       125M
Swap:         8.0G       7.1M       8.0G

             total       used       free     shared    buffers     cached
Mem:          992M       926M        65M       3.0M       2.9M        42M
-/+ buffers/cache:       880M       111M
Swap:         8.0G       7.1M       8.0G

             total       used       free     shared    buffers     cached
Mem:          992M       926M        66M       3.0M       2.9M        27M
-/+ buffers/cache:       895M        96M
Swap:         8.0G       7.1M       8.0G

             total       used       free     shared    buffers     cached
Mem:          992M       923M        68M       2.8M       2.9M        18M
-/+ buffers/cache:       901M        90M
Swap:         8.0G        18M       8.0G

             total       used       free     shared    buffers     cached
Mem:          992M       922M        69M       2.8M        88K       7.8M
-/+ buffers/cache:       914M        77M
Swap:         8.0G        18M       8.0G

             total       used       free     shared    buffers     cached
Mem:          992M       921M        70M       2.5M        84K       4.7M
-/+ buffers/cache:       916M        75M
Swap:         8.0G        44M       8.0G

             total       used       free     shared    buffers     cached
Mem:          992M       920M        71M       2.5M        80K        16M
-/+ buffers/cache:       904M        87M
Swap:         8.0G        65M       7.9G

             total       used       free     shared    buffers     cached
Mem:          992M       919M        72M       2.5M       524K        16M
-/+ buffers/cache:       902M        89M
Swap:         8.0G        69M       7.9G

             total       used       free     shared    buffers     cached
Mem:          992M       919M        73M       2.5M       524K        14M
-/+ buffers/cache:       904M        88M
Swap:         8.0G        91M       7.9G

             total       used       free     shared    buffers     cached
Mem:          992M       903M        88M       2.5M       504K        11M
-/+ buffers/cache:       891M       100M
Swap:         8.0G       131M       7.9G

             total       used       free     shared    buffers     cached
Mem:          992M       919M        73M       2.4M       512K        11M
-/+ buffers/cache:       906M        85M
Swap:         8.0G       131M       7.9G

             total       used       free     shared    buffers     cached
Mem:          992M       912M        80M       2.4M       520K        10M
-/+ buffers/cache:       900M        91M
Swap:         8.0G       131M       7.9G

             total       used       free     shared    buffers     cached
Mem:          992M       926M        65M       2.4M       520K        10M
-/+ buffers/cache:       915M        76M
Swap:         8.0G       131M       7.9G

             total       used       free     shared    buffers     cached
Mem:          992M       921M        70M       2.4M       212K       6.7M
-/+ buffers/cache:       914M        77M
Swap:         8.0G       161M       7.8G

             total       used       free     shared    buffers     cached
Mem:          992M       922M        69M       2.4M       212K       6.6M
-/+ buffers/cache:       915M        76M
Swap:         8.0G       161M       7.8G

             total       used       free     shared    buffers     cached
Mem:          992M       921M        70M       2.4M       212K       4.6M
-/+ buffers/cache:       916M        75M
Swap:         8.0G       173M       7.8G

             total       used       free     shared    buffers     cached
Mem:          992M       921M        71M       2.4M       220K       4.7M
-/+ buffers/cache:       916M        76M
Swap:         8.0G       201M       7.8G

             total       used       free     shared    buffers     cached
Mem:          992M       920M        71M       2.4M       220K       4.7M
-/+ buffers/cache:       916M        76M
Swap:         8.0G       201M       7.8G

             total       used       free     shared    buffers     cached
Mem:          992M       915M        76M       2.4M       220K       4.6M
-/+ buffers/cache:       910M        81M
Swap:         8.0G       226M       7.8G

             total       used       free     shared    buffers     cached
Mem:          992M       928M        64M       2.4M       220K       4.6M
-/+ buffers/cache:       923M        68M
Swap:         8.0G       226M       7.8G

             total       used       free     shared    buffers     cached
Mem:          992M       920M        71M       2.4M       220K       4.4M
-/+ buffers/cache:       916M        75M
Swap:         8.0G       238M       7.8G

             total       used       free     shared    buffers     cached
Mem:          992M       918M        73M       2.3M       220K       4.4M
-/+ buffers/cache:       913M        78M
Swap:         8.0G       252M       7.8G

             total       used       free     shared    buffers     cached
Mem:          992M       923M        68M       2.3M       228K       4.4M
-/+ buffers/cache:       918M        73M
Swap:         8.0G       252M       7.8G

             total       used       free     shared    buffers     cached
Mem:          992M       918M        73M       2.3M       228K       4.3M
-/+ buffers/cache:       914M        77M
Swap:         8.0G       277M       7.7G

             total       used       free     shared    buffers     cached
Mem:          992M       924M        67M       2.3M       228K       4.4M
-/+ buffers/cache:       919M        72M
Swap:         8.0G       277M       7.7G

             total       used       free     shared    buffers     cached
Mem:          992M       931M        60M       2.3M       228K       4.4M
-/+ buffers/cache:       926M        65M
Swap:         8.0G       277M       7.7G

             total       used       free     shared    buffers     cached
Mem:          992M       926M        65M       2.3M       228K       4.4M
-/+ buffers/cache:       921M        70M
Swap:         8.0G       277M       7.7G

             total       used       free     shared    buffers     cached
Mem:          992M       931M        60M       2.3M       236K       4.4M
-/+ buffers/cache:       926M        65M
Swap:         8.0G       277M       7.7G

             total       used       free     shared    buffers     cached
Mem:          992M       914M        77M       2.3M       224K       4.2M
-/+ buffers/cache:       909M        82M
Swap:         8.0G       308M       7.7G

             total       used       free     shared    buffers     cached
Mem:          992M       918M        73M       2.3M       224K       4.2M
-/+ buffers/cache:       914M        78M
Swap:         8.0G       308M       7.7G

             total       used       free     shared    buffers     cached
Mem:          992M       923M        68M       2.3M       224K       4.2M
-/+ buffers/cache:       919M        72M
Swap:         8.0G       308M       7.7G

             total       used       free     shared    buffers     cached
Mem:          992M       928M        63M       2.3M       224K       4.2M
-/+ buffers/cache:       924M        67M
Swap:         8.0G       308M       7.7G

             total       used       free     shared    buffers     cached
Mem:          992M       920M        71M       2.3M       228K       4.2M
-/+ buffers/cache:       916M        75M
Swap:         8.0G       317M       7.7G

             total       used       free     shared    buffers     cached
Mem:          992M       924M        67M       2.3M       228K       4.1M
-/+ buffers/cache:       920M        71M
Swap:         8.0G       317M       7.7G

             total       used       free     shared    buffers     cached
Mem:          992M       930M        62M       2.3M       228K       4.2M
-/+ buffers/cache:       925M        66M
Swap:         8.0G       317M       7.7G

             total       used       free     shared    buffers     cached
Mem:          992M       917M        74M        40K       224K       1.8M
-/+ buffers/cache:       915M        76M
Swap:         8.0G       339M       7.7G

             total       used       free     shared    buffers     cached
Mem:          992M       922M        69M        20K       224K       1.8M
-/+ buffers/cache:       920M        71M
Swap:         8.0G       339M       7.7G

             total       used       free     shared    buffers     cached
Mem:          992M       921M        71M        20K       224K       1.8M
-/+ buffers/cache:       919M        73M
Swap:         8.0G       330M       7.7G

             total       used       free     shared    buffers     cached
Mem:          992M       921M        70M        20K       232K       1.7M
-/+ buffers/cache:       919M        72M
Swap:         8.0G       328M       7.7G

             total       used       free     shared    buffers     cached
Mem:          992M       918M        73M        20K       232K       1.7M
-/+ buffers/cache:       917M        75M
Swap:         8.0G       329M       7.7G

             total       used       free     shared    buffers     cached
Mem:          992M       921M        70M        16K       232K       1.6M
-/+ buffers/cache:       919M        72M
Swap:         8.0G       324M       7.7G

             total       used       free     shared    buffers     cached
Mem:          992M       928M        64M        16K       216K       1.6M
-/+ buffers/cache:       926M        65M
Swap:         8.0G       315M       7.7G

             total       used       free     shared    buffers     cached
Mem:          992M       930M        61M        16K       228K       1.6M
-/+ buffers/cache:       928M        63M
Swap:         8.0G       321M       7.7G

             total       used       free     shared    buffers     cached
Mem:          992M       920M        71M        16K       480K       1.6M
-/+ buffers/cache:       918M        73M
Swap:         8.0G       324M       7.7G

             total       used       free     shared    buffers     cached
Mem:          992M       926M        65M        16K       488K       1.6M
-/+ buffers/cache:       924M        67M
Swap:         8.0G       318M       7.7G

             total       used       free     shared    buffers     cached
Mem:          992M       915M        76M        16K       468K       1.6M
-/+ buffers/cache:       913M        78M
Swap:         8.0G       333M       7.7G

             total       used       free     shared    buffers     cached
Mem:          992M       919M        73M        16K       468K       1.6M
-/+ buffers/cache:       917M        75M
Swap:         8.0G       331M       7.7G

             total       used       free     shared    buffers     cached
Mem:          992M       919M        72M         0B       464K       1.4M
-/+ buffers/cache:       917M        74M
Swap:         8.0G       336M       7.7G

             total       used       free     shared    buffers     cached
Mem:          992M       920M        71M         4K       472K       1.4M
-/+ buffers/cache:       918M        73M
Swap:         8.0G       334M       7.7G

             total       used       free     shared    buffers     cached
Mem:          992M       858M       133M         0B        80K       1.2M
-/+ buffers/cache:       857M       135M
Swap:         8.0G       421M       7.6G

             total       used       free     shared    buffers     cached
Mem:          992M       881M       110M         0B        80K       1.2M
-/+ buffers/cache:       880M       111M
Swap:         8.0G       396M       7.6G

             total       used       free     shared    buffers     cached
Mem:          992M       923M        68M         0B        80K       1.2M
-/+ buffers/cache:       922M        70M
Swap:         8.0G       352M       7.7G

             total       used       free     shared    buffers     cached
Mem:          992M       919M        72M         0B        80K       1.6M
-/+ buffers/cache:       918M        74M
Swap:         8.0G       337M       7.7G

             total       used       free     shared    buffers     cached
Mem:          992M       924M        67M         0B        80K       1.6M
-/+ buffers/cache:       922M        69M
Swap:         8.0G       335M       7.7G

             total       used       free     shared    buffers     cached
Mem:          992M       928M        63M         0B        88K       1.6M
-/+ buffers/cache:       926M        65M
Swap:         8.0G       335M       7.7G

             total       used       free     shared    buffers     cached
Mem:          992M       912M        79M         0B        88K       1.6M
-/+ buffers/cache:       910M        81M
Swap:         8.0G       360M       7.6G

             total       used       free     shared    buffers     cached
Mem:          992M       918M        73M         0B        88K       1.6M
-/+ buffers/cache:       917M        75M
Swap:         8.0G       360M       7.6G

             total       used       free     shared    buffers     cached
Mem:          992M       925M        66M         0B        88K       1.6M
-/+ buffers/cache:       923M        68M
Swap:         8.0G       360M       7.6G

             total       used       free     shared    buffers     cached
Mem:          992M       919M        73M         0B        88K       1.6M
-/+ buffers/cache:       917M        74M
Swap:         8.0G       368M       7.6G

             total       used       free     shared    buffers     cached
Mem:          992M       924M        68M         0B       224K       2.4M
-/+ buffers/cache:       921M        70M
Swap:         8.0G       368M       7.6G

             total       used       free     shared    buffers     cached
Mem:          992M       929M        62M         0B       224K       2.4M
-/+ buffers/cache:       927M        64M
Swap:         8.0G       368M       7.6G

             total       used       free     shared    buffers     cached
Mem:          992M       931M        61M         0B       224K       2.4M
-/+ buffers/cache:       928M        63M
Swap:         8.0G       372M       7.6G

             total       used       free     shared    buffers     cached
Mem:          992M       911M        81M         0B       224K       2.4M
-/+ buffers/cache:       908M        83M
Swap:         8.0G       393M       7.6G

             total       used       free     shared    buffers     cached
Mem:          992M       913M        78M         0B       224K       2.6M
-/+ buffers/cache:       910M        81M
Swap:         8.0G       392M       7.6G

             total       used       free     shared    buffers     cached
Mem:          992M       915M        76M         0B       232K       2.6M
-/+ buffers/cache:       912M        79M
Swap:         8.0G       391M       7.6G

             total       used       free     shared    buffers     cached
Mem:          992M       917M        74M         0B       232K       2.6M
-/+ buffers/cache:       914M        77M
Swap:         8.0G       390M       7.6G

             total       used       free     shared    buffers     cached
Mem:          992M       920M        71M         0B        76K        19M
-/+ buffers/cache:       901M        90M
Swap:         8.0G       413M       7.6G

             total       used       free     shared    buffers     cached
Mem:          992M       925M        66M         0B       508K        21M
-/+ buffers/cache:       903M        88M
Swap:         8.0G       412M       7.6G

             total       used       free     shared    buffers     cached
Mem:          992M       927M        65M         0B       516K        21M
-/+ buffers/cache:       905M        86M
Swap:         8.0G       411M       7.6G

             total       used       free     shared    buffers     cached
Mem:          992M       928M        63M         0B       524K        21M
-/+ buffers/cache:       906M        85M
Swap:         8.0G       411M       7.6G

             total       used       free     shared    buffers     cached
Mem:          992M       930M        61M         0B       524K        21M
-/+ buffers/cache:       909M        82M
Swap:         8.0G       410M       7.6G

             total       used       free     shared    buffers     cached
Mem:          992M       920M        71M         0B       524K        20M
-/+ buffers/cache:       899M        93M
Swap:         8.0G       420M       7.6G

             total       used       free     shared    buffers     cached
Mem:          992M       922M        70M         0B       524K        20M
-/+ buffers/cache:       900M        91M
Swap:         8.0G       419M       7.6G

             total       used       free     shared    buffers     cached
Mem:          992M       924M        68M         0B       524K        20M
-/+ buffers/cache:       902M        89M
Swap:         8.0G       419M       7.6G

             total       used       free     shared    buffers     cached
Mem:          992M       926M        66M         0B       532K        20M
-/+ buffers/cache:       904M        87M
Swap:         8.0G       418M       7.6G

             total       used       free     shared    buffers     cached
Mem:          992M       928M        63M         0B       532K        20M
-/+ buffers/cache:       907M        84M
Swap:         8.0G       416M       7.6G

             total       used       free     shared    buffers     cached
Mem:          992M       930M        61M         0B       532K        20M
-/+ buffers/cache:       909M        82M
Swap:         8.0G       415M       7.6G

             total       used       free     shared    buffers     cached
Mem:          992M       920M        71M         0B       532K        20M
-/+ buffers/cache:       899M        92M
Swap:         8.0G       427M       7.6G

             total       used       free     shared    buffers     cached
Mem:          992M       923M        69M         0B       532K        20M
-/+ buffers/cache:       902M        89M
Swap:         8.0G       426M       7.6G

             total       used       free     shared    buffers     cached
Mem:          992M       925M        66M         0B       532K        20M
-/+ buffers/cache:       904M        87M
Swap:         8.0G       425M       7.6G

             total       used       free     shared    buffers     cached
Mem:          992M       926M        65M         0B       540K        20M
-/+ buffers/cache:       906M        86M
Swap:         8.0G       424M       7.6G

             total       used       free     shared    buffers     cached
Mem:          992M       929M        62M         0B       540K        20M
-/+ buffers/cache:       908M        83M
Swap:         8.0G       423M       7.6G

             total       used       free     shared    buffers     cached
Mem:          992M       919M        72M         0B       540K        19M
-/+ buffers/cache:       899M        92M
Swap:         8.0G       432M       7.6G

             total       used       free     shared    buffers     cached
Mem:          992M       921M        70M         0B       540K        19M
-/+ buffers/cache:       901M        90M
Swap:         8.0G       431M       7.6G

             total       used       free     shared    buffers     cached
Mem:          992M       923M        68M         0B       540K        19M
-/+ buffers/cache:       903M        88M
Swap:         8.0G       430M       7.6G

             total       used       free     shared    buffers     cached
Mem:          992M       926M        66M         0B       548K        19M
-/+ buffers/cache:       905M        86M
Swap:         8.0G       429M       7.6G

             total       used       free     shared    buffers     cached
Mem:          992M       928M        64M         0B       548K        19M
-/+ buffers/cache:       907M        84M
Swap:         8.0G       428M       7.6G

             total       used       free     shared    buffers     cached
Mem:          992M       930M        61M         0B       548K        19M
-/+ buffers/cache:       910M        82M
Swap:         8.0G       427M       7.6G

             total       used       free     shared    buffers     cached
Mem:          992M       914M        78M         0B       548K        17M
-/+ buffers/cache:       896M        95M
Swap:         8.0G       437M       7.6G

             total       used       free     shared    buffers     cached
Mem:          992M       916M        75M         0B       548K        17M
-/+ buffers/cache:       898M        93M
Swap:         8.0G       436M       7.6G

             total       used       free     shared    buffers     cached
Mem:          992M       918M        73M         0B       556K        17M
-/+ buffers/cache:       901M        91M
Swap:         8.0G       435M       7.6G

             total       used       free     shared    buffers     cached
Mem:          992M       920M        71M         0B       556K        17M
-/+ buffers/cache:       903M        88M
Swap:         8.0G       434M       7.6G

             total       used       free     shared    buffers     cached
Mem:          992M       923M        69M         0B       556K        17M
-/+ buffers/cache:       905M        86M
Swap:         8.0G       433M       7.6G

             total       used       free     shared    buffers     cached
Mem:          992M       925M        66M         0B       556K        17M
-/+ buffers/cache:       907M        84M
Swap:         8.0G       432M       7.6G

             total       used       free     shared    buffers     cached
Mem:          992M       927M        64M         0B       556K        17M
-/+ buffers/cache:       910M        81M
Swap:         8.0G       431M       7.6G

             total       used       free     shared    buffers     cached
Mem:          992M       930M        62M         0B       556K        17M
-/+ buffers/cache:       912M        79M
Swap:         8.0G       430M       7.6G

             total       used       free     shared    buffers     cached
Mem:          992M       910M        81M         0B       524K        11M
-/+ buffers/cache:       897M        94M
Swap:         8.0G       441M       7.6G

             total       used       free     shared    buffers     cached
Mem:          992M       911M        80M         0B       524K        11M
-/+ buffers/cache:       899M        92M
Swap:         8.0G       440M       7.6G

             total       used       free     shared    buffers     cached
Mem:          992M       914M        78M         0B       524K        11M
-/+ buffers/cache:       901M        90M
Swap:         8.0G       439M       7.6G

             total       used       free     shared    buffers     cached
Mem:          992M       916M        75M         0B       524K        11M
-/+ buffers/cache:       904M        88M
Swap:         8.0G       438M       7.6G

             total       used       free     shared    buffers     cached
Mem:          992M       918M        73M         0B       524K        11M
-/+ buffers/cache:       906M        86M
Swap:         8.0G       437M       7.6G

             total       used       free     shared    buffers     cached
Mem:          992M       920M        71M         0B       536K        11M
-/+ buffers/cache:       908M        84M
Swap:         8.0G       436M       7.6G

             total       used       free     shared    buffers     cached
Mem:          992M       922M        69M         0B       536K        11M
-/+ buffers/cache:       910M        81M
Swap:         8.0G       435M       7.6G

             total       used       free     shared    buffers     cached
Mem:          992M       924M        67M         0B       536K        11M
-/+ buffers/cache:       912M        79M
Swap:         8.0G       434M       7.6G

             total       used       free     shared    buffers     cached
Mem:          992M       926M        65M         0B       536K        11M
-/+ buffers/cache:       914M        77M
Swap:         8.0G       434M       7.6G

             total       used       free     shared    buffers     cached
Mem:          992M       928M        63M         0B       536K        11M
-/+ buffers/cache:       916M        75M
Swap:         8.0G       433M       7.6G

             total       used       free     shared    buffers     cached
Mem:          992M       930M        61M         0B       544K        11M
-/+ buffers/cache:       918M        73M
Swap:         8.0G       432M       7.6G

             total       used       free     shared    buffers     cached
Mem:          992M       912M        79M         0B       492K       4.4M
-/+ buffers/cache:       907M        84M
Swap:         8.0G       450M       7.6G

             total       used       free     shared    buffers     cached
Mem:          992M       915M        76M         0B       500K       5.0M
-/+ buffers/cache:       910M        82M
Swap:         8.0G       449M       7.6G

             total       used       free     shared    buffers     cached
Mem:          992M       917M        74M         0B       500K       5.0M
-/+ buffers/cache:       912M        80M
Swap:         8.0G       448M       7.6G

             total       used       free     shared    buffers     cached
Mem:          992M       918M        73M         0B       784K        31M
-/+ buffers/cache:       886M       105M
Swap:         8.0G       483M       7.5G

             total       used       free     shared    buffers     cached
Mem:          992M       920M        71M        16K       932K        31M
-/+ buffers/cache:       887M       104M
Swap:         8.0G       482M       7.5G

             total       used       free     shared    buffers     cached
Mem:          992M       923M        68M        16K       932K        33M
-/+ buffers/cache:       889M       102M
Swap:         8.0G       481M       7.5G

             total       used       free     shared    buffers     cached
Mem:          992M       924M        67M        28K       932K        33M
-/+ buffers/cache:       890M       101M
Swap:         8.0G       481M       7.5G

             total       used       free     shared    buffers     cached
Mem:          992M       926M        66M        28K       932K        33M
-/+ buffers/cache:       891M       100M
Swap:         8.0G       480M       7.5G

             total       used       free     shared    buffers     cached
Mem:          992M       927M        64M        28K       932K        33M
-/+ buffers/cache:       892M        99M
Swap:         8.0G       479M       7.5G

             total       used       free     shared    buffers     cached
Mem:          992M       928M        63M        28K       932K        33M
-/+ buffers/cache:       894M        97M
Swap:         8.0G       479M       7.5G

             total       used       free     shared    buffers     cached
Mem:          992M       929M        62M        28K       940K        33M
-/+ buffers/cache:       895M        96M
Swap:         8.0G       478M       7.5G

             total       used       free     shared    buffers     cached
Mem:          992M       930M        61M        28K       940K        33M
-/+ buffers/cache:       896M        95M
Swap:         8.0G       478M       7.5G

             total       used       free     shared    buffers     cached
Mem:          992M       917M        75M        28K       940K        33M
-/+ buffers/cache:       882M       109M
Swap:         8.0G       479M       7.5G

             total       used       free     shared    buffers     cached
Mem:          992M       919M        72M        28K       940K        33M
-/+ buffers/cache:       885M       107M
Swap:         8.0G       478M       7.5G

             total       used       free     shared    buffers     cached
Mem:          992M       921M        71M        28K       940K        33M
-/+ buffers/cache:       886M       105M
Swap:         8.0G       477M       7.5G

             total       used       free     shared    buffers     cached
Mem:          992M       922M        69M        28K       948K        34M
-/+ buffers/cache:       887M       104M
Swap:         8.0G       477M       7.5G

             total       used       free     shared    buffers     cached
Mem:          992M       923M        68M        28K       948K        34M
-/+ buffers/cache:       888M       103M
Swap:         8.0G       476M       7.5G

             total       used       free     shared    buffers     cached
Mem:          992M       924M        67M        28K       948K        34M
-/+ buffers/cache:       889M       102M
Swap:         8.0G       476M       7.5G

             total       used       free     shared    buffers     cached
Mem:          992M       929M        62M        28K       948K        37M
-/+ buffers/cache:       891M       100M
Swap:         8.0G       475M       7.5G

             total       used       free     shared    buffers     cached
Mem:          992M       907M        84M        28K       628K        36M
-/+ buffers/cache:       870M       121M
Swap:         8.0G       503M       7.5G

             total       used       free     shared    buffers     cached
Mem:          992M       908M        83M        28K       944K        36M
-/+ buffers/cache:       871M       120M
Swap:         8.0G       503M       7.5G

             total       used       free     shared    buffers     cached
Mem:          992M       910M        82M        28K       952K        36M
-/+ buffers/cache:       872M       119M
Swap:         8.0G       503M       7.5G

             total       used       free     shared    buffers     cached
Mem:          992M       911M        81M        28K       952K        36M
-/+ buffers/cache:       873M       118M
Swap:         8.0G       502M       7.5G

             total       used       free     shared    buffers     cached
Mem:          992M       912M        79M        28K       952K        36M
-/+ buffers/cache:       875M       117M
Swap:         8.0G       501M       7.5G

             total       used       free     shared    buffers     cached
Mem:          992M       913M        78M        28K       952K        36M
-/+ buffers/cache:       876M       115M
Swap:         8.0G       501M       7.5G

             total       used       free     shared    buffers     cached
Mem:          992M       914M        77M        28K       952K        36M
-/+ buffers/cache:       877M       114M
Swap:         8.0G       500M       7.5G

             total       used       free     shared    buffers     cached
Mem:          992M       916M        76M        28K       960K        36M
-/+ buffers/cache:       878M       113M
Swap:         8.0G       500M       7.5G

             total       used       free     shared    buffers     cached
Mem:          992M       917M        74M        28K       960K        36M
-/+ buffers/cache:       880M       112M
Swap:         8.0G       499M       7.5G

             total       used       free     shared    buffers     cached
Mem:          992M       918M        73M        28K       960K        36M
-/+ buffers/cache:       881M       111M
Swap:         8.0G       499M       7.5G

             total       used       free     shared    buffers     cached
Mem:          992M       919M        72M        28K       960K        36M
-/+ buffers/cache:       882M       109M
Swap:         8.0G       498M       7.5G

             total       used       free     shared    buffers     cached
Mem:          992M       920M        71M        28K       960K        36M
-/+ buffers/cache:       883M       108M
Swap:         8.0G       497M       7.5G

             total       used       free     shared    buffers     cached
Mem:          992M       921M        70M        28K       960K        36M
-/+ buffers/cache:       884M       107M
Swap:         8.0G       497M       7.5G

             total       used       free     shared    buffers     cached
Mem:          992M       923M        68M        28K       968K        36M
-/+ buffers/cache:       885M       106M
Swap:         8.0G       496M       7.5G

             total       used       free     shared    buffers     cached
Mem:          992M       924M        67M        28K       968K        36M
-/+ buffers/cache:       887M       104M
Swap:         8.0G       496M       7.5G

             total       used       free     shared    buffers     cached
Mem:          992M       926M        66M        28K       968K        36M
-/+ buffers/cache:       888M       103M
Swap:         8.0G       495M       7.5G

             total       used       free     shared    buffers     cached
Mem:          992M       927M        65M        28K       968K        36M
-/+ buffers/cache:       889M       102M
Swap:         8.0G       495M       7.5G

             total       used       free     shared    buffers     cached
Mem:          992M       928M        63M        28K       968K        36M
-/+ buffers/cache:       891M       101M
Swap:         8.0G       494M       7.5G

             total       used       free     shared    buffers     cached
Mem:          992M       929M        62M        28K       976K        36M
-/+ buffers/cache:       892M        99M
Swap:         8.0G       493M       7.5G

             total       used       free     shared    buffers     cached
Mem:          992M       930M        61M        28K       976K        36M
-/+ buffers/cache:       893M        98M
Swap:         8.0G       493M       7.5G

             total       used       free     shared    buffers     cached
Mem:          992M       918M        74M        28K       964K        35M
-/+ buffers/cache:       882M       110M
Swap:         8.0G       500M       7.5G

             total       used       free     shared    buffers     cached
Mem:          992M       919M        72M        28K       964K        34M
-/+ buffers/cache:       883M       108M
Swap:         8.0G       500M       7.5G

             total       used       free     shared    buffers     cached
Mem:          992M       920M        71M        28K       964K        35M
-/+ buffers/cache:       884M       107M
Swap:         8.0G       499M       7.5G

             total       used       free     shared    buffers     cached
Mem:          992M       921M        70M        28K       964K        34M
-/+ buffers/cache:       885M       106M
Swap:         8.0G       499M       7.5G

             total       used       free     shared    buffers     cached
Mem:          992M       922M        69M        28K       972K        34M
-/+ buffers/cache:       886M       105M
Swap:         8.0G       498M       7.5G

             total       used       free     shared    buffers     cached
Mem:          992M       924M        68M        28K       972K        34M
-/+ buffers/cache:       888M       104M
Swap:         8.0G       497M       7.5G

             total       used       free     shared    buffers     cached
Mem:          992M       925M        67M        28K       972K        34M
-/+ buffers/cache:       889M       102M
Swap:         8.0G       497M       7.5G

             total       used       free     shared    buffers     cached
Mem:          992M       926M        65M        28K       972K        34M
-/+ buffers/cache:       890M       101M
Swap:         8.0G       496M       7.5G

             total       used       free     shared    buffers     cached
Mem:          992M       927M        64M        28K       972K        34M
-/+ buffers/cache:       891M       100M
Swap:         8.0G       496M       7.5G

             total       used       free     shared    buffers     cached
Mem:          992M       929M        63M        28K       980K        34M
-/+ buffers/cache:       893M        98M
Swap:         8.0G       495M       7.5G

             total       used       free     shared    buffers     cached
Mem:          992M       930M        61M        28K       980K        34M
-/+ buffers/cache:       894M        97M
Swap:         8.0G       494M       7.5G

             total       used       free     shared    buffers     cached
Mem:          992M       918M        73M        28K       980K        33M
-/+ buffers/cache:       884M       107M
Swap:         8.0G       501M       7.5G

             total       used       free     shared    buffers     cached
Mem:          992M       919M        72M        28K       980K        33M
-/+ buffers/cache:       885M       106M
Swap:         8.0G       501M       7.5G

             total       used       free     shared    buffers     cached
Mem:          992M       921M        70M        28K       980K        33M
-/+ buffers/cache:       886M       105M
Swap:         8.0G       500M       7.5G

             total       used       free     shared    buffers     cached
Mem:          992M       922M        69M        28K       980K        33M
-/+ buffers/cache:       888M       103M
Swap:         8.0G       499M       7.5G

             total       used       free     shared    buffers     cached
Mem:          992M       923M        68M        28K       988K        33M
-/+ buffers/cache:       889M       102M
Swap:         8.0G       499M       7.5G

             total       used       free     shared    buffers     cached
Mem:          992M       925M        67M        28K       988K        33M
-/+ buffers/cache:       890M       101M
Swap:         8.0G       498M       7.5G

             total       used       free     shared    buffers     cached
Mem:          992M       926M        65M        28K       988K        33M
-/+ buffers/cache:       892M       100M
Swap:         8.0G       498M       7.5G

             total       used       free     shared    buffers     cached
Mem:          992M       927M        64M        28K       988K        33M
-/+ buffers/cache:       893M        98M
Swap:         8.0G       497M       7.5G

             total       used       free     shared    buffers     cached
Mem:          992M       928M        63M        28K       988K        33M
-/+ buffers/cache:       894M        97M
Swap:         8.0G       496M       7.5G

             total       used       free     shared    buffers     cached
Mem:          992M       929M        62M        28K       996K        33M
-/+ buffers/cache:       895M        96M
Swap:         8.0G       496M       7.5G

             total       used       free     shared    buffers     cached
Mem:          992M       931M        61M        28K       996K        33M
-/+ buffers/cache:       896M        95M
Swap:         8.0G       495M       7.5G

             total       used       free     shared    buffers     cached
Mem:          992M       920M        71M        28K       996K        32M
-/+ buffers/cache:       886M       105M
Swap:         8.0G       504M       7.5G

             total       used       free     shared    buffers     cached
Mem:          992M       921M        70M        28K       996K        32M
-/+ buffers/cache:       888M       104M
Swap:         8.0G       503M       7.5G

             total       used       free     shared    buffers     cached
Mem:          992M       922M        69M        28K       996K        32M
-/+ buffers/cache:       889M       102M
Swap:         8.0G       502M       7.5G

             total       used       free     shared    buffers     cached
Mem:          992M       924M        68M        28K       996K        32M
-/+ buffers/cache:       890M       101M
Swap:         8.0G       502M       7.5G

             total       used       free     shared    buffers     cached
Mem:          992M       925M        66M        28K       1.0M        32M
-/+ buffers/cache:       891M       100M
Swap:         8.0G       501M       7.5G

             total       used       free     shared    buffers     cached
Mem:          992M       926M        65M        28K       1.0M        32M
-/+ buffers/cache:       893M        98M
Swap:         8.0G       501M       7.5G

             total       used       free     shared    buffers     cached
Mem:          992M       928M        64M        28K       1.0M        32M
-/+ buffers/cache:       894M        97M
Swap:         8.0G       500M       7.5G

             total       used       free     shared    buffers     cached
Mem:          992M       929M        62M        28K       1.0M        32M
-/+ buffers/cache:       895M        96M
Swap:         8.0G       499M       7.5G

             total       used       free     shared    buffers     cached
Mem:          992M       911M        80M        32K       1.1M        32M
-/+ buffers/cache:       878M       114M
Swap:         8.0G       518M       7.5G

             total       used       free     shared    buffers     cached
Mem:          992M       912M        79M        32K       1.1M        32M
-/+ buffers/cache:       879M       112M
Swap:         8.0G       518M       7.5G

             total       used       free     shared    buffers     cached
Mem:          992M       913M        78M        32K       1.1M        32M
-/+ buffers/cache:       880M       111M
Swap:         8.0G       517M       7.5G

             total       used       free     shared    buffers     cached
Mem:          992M       915M        77M        32K       1.1M        32M
-/+ buffers/cache:       881M       110M
Swap:         8.0G       517M       7.5G

             total       used       free     shared    buffers     cached
Mem:          992M       923M        69M        32K       1.1M        33M
-/+ buffers/cache:       887M       104M
Swap:         8.0G       514M       7.5G

             total       used       free     shared    buffers     cached
Mem:          992M       924M        67M        32K       1.1M        33M
-/+ buffers/cache:       889M       102M
Swap:         8.0G       513M       7.5G

             total       used       free     shared    buffers     cached
Mem:          992M       925M        66M        32K       1.1M        33M
-/+ buffers/cache:       890M       101M
Swap:         8.0G       513M       7.5G

             total       used       free     shared    buffers     cached
Mem:          992M       920M        71M        32K       1.1M        33M
-/+ buffers/cache:       886M       106M
Swap:         8.0G       519M       7.5G

             total       used       free     shared    buffers     cached
Mem:          992M       921M        70M        32K       1.1M        33M
-/+ buffers/cache:       886M       105M
Swap:         8.0G       518M       7.5G

             total       used       free     shared    buffers     cached
Mem:          992M       921M        70M        32K       1.1M        33M
-/+ buffers/cache:       887M       104M
Swap:         8.0G       518M       7.5G

             total       used       free     shared    buffers     cached
Mem:          992M       922M        69M        32K       1.1M        33M
-/+ buffers/cache:       887M       104M
Swap:         8.0G       518M       7.5G

             total       used       free     shared    buffers     cached
Mem:          992M       923M        69M        32K       1.1M        33M
-/+ buffers/cache:       888M       103M
Swap:         8.0G       517M       7.5G

             total       used       free     shared    buffers     cached
Mem:          992M       923M        68M        32K       1.1M        33M
-/+ buffers/cache:       889M       103M
Swap:         8.0G       517M       7.5G

             total       used       free     shared    buffers     cached
Mem:          992M       924M        67M        32K       1.1M        33M
-/+ buffers/cache:       890M       102M
Swap:         8.0G       517M       7.5G

             total       used       free     shared    buffers     cached
Mem:          992M       925M        66M        32K       1.1M        33M
-/+ buffers/cache:       890M       101M
Swap:         8.0G       516M       7.5G

             total       used       free     shared    buffers     cached
Mem:          992M       925M        66M        32K       1.1M        33M
-/+ buffers/cache:       891M       101M
Swap:         8.0G       516M       7.5G

             total       used       free     shared    buffers     cached
Mem:          992M       926M        65M        32K       1.1M        33M
-/+ buffers/cache:       891M       100M
Swap:         8.0G       516M       7.5G

             total       used       free     shared    buffers     cached
Mem:          992M       922M        69M       188K       1.2M        37M
-/+ buffers/cache:       883M       108M
Swap:         8.0G       521M       7.5G

             total       used       free     shared    buffers     cached
Mem:          992M       912M        79M       3.8M       2.8M        49M
-/+ buffers/cache:       859M       132M
Swap:         8.0G       559M       7.5G

             total       used       free     shared    buffers     cached
Mem:          992M       920M        71M       3.9M       4.9M        67M
-/+ buffers/cache:       848M       143M
Swap:         8.0G       570M       7.4G

             total       used       free     shared    buffers     cached
Mem:          992M       927M        65M       220K       5.1M        65M
-/+ buffers/cache:       856M       135M
Swap:         8.0G       566M       7.4G

             total       used       free     shared    buffers     cached
Mem:          992M       928M        63M       220K       5.1M        65M
-/+ buffers/cache:       857M       134M
Swap:         8.0G       565M       7.4G

             total       used       free     shared    buffers     cached
Mem:          992M       929M        62M       220K       5.1M        65M
-/+ buffers/cache:       859M       133M
Swap:         8.0G       565M       7.4G

             total       used       free     shared    buffers     cached
Mem:          992M       930M        61M       220K       5.2M        65M
-/+ buffers/cache:       859M       132M
Swap:         8.0G       564M       7.4G

             total       used       free     shared    buffers     cached
Mem:          992M       916M        75M       220K       5.1M        61M
-/+ buffers/cache:       850M       142M
Swap:         8.0G       587M       7.4G

             total       used       free     shared    buffers     cached
Mem:          992M       918M        73M       220K       5.1M        61M
-/+ buffers/cache:       851M       140M
Swap:         8.0G       586M       7.4G

             total       used       free     shared    buffers     cached
Mem:          992M       919M        72M       220K       5.1M        61M
-/+ buffers/cache:       852M       139M
Swap:         8.0G       585M       7.4G

             total       used       free     shared    buffers     cached
Mem:          992M       920M        71M       220K       5.1M        61M
-/+ buffers/cache:       854M       138M
Swap:         8.0G       585M       7.4G

             total       used       free     shared    buffers     cached
Mem:          992M       922M        70M       220K       5.1M        61M
-/+ buffers/cache:       855M       136M
Swap:         8.0G       584M       7.4G

             total       used       free     shared    buffers     cached
Mem:          992M       923M        68M       220K       5.1M        61M
-/+ buffers/cache:       856M       135M
Swap:         8.0G       583M       7.4G

             total       used       free     shared    buffers     cached
Mem:          992M       925M        67M       220K       5.1M        61M
-/+ buffers/cache:       858M       133M
Swap:         8.0G       583M       7.4G

             total       used       free     shared    buffers     cached
Mem:          992M       926M        65M       220K       5.1M        61M
-/+ buffers/cache:       859M       132M
Swap:         8.0G       582M       7.4G

             total       used       free     shared    buffers     cached
Mem:          992M       927M        64M       220K       5.1M        61M
-/+ buffers/cache:       861M       131M
Swap:         8.0G       581M       7.4G

             total       used       free     shared    buffers     cached
Mem:          992M       929M        62M       220K       5.1M        62M
-/+ buffers/cache:       862M       130M
Swap:         8.0G       580M       7.4G

             total       used       free     shared    buffers     cached
Mem:          992M       930M        61M       220K       5.1M        62M
-/+ buffers/cache:       863M       128M
Swap:         8.0G       580M       7.4G

             total       used       free     shared    buffers     cached
Mem:          992M       918M        74M       220K       5.1M        62M
-/+ buffers/cache:       851M       141M
Swap:         8.0G       582M       7.4G

             total       used       free     shared    buffers     cached
Mem:          992M       919M        72M       220K       5.1M        61M
-/+ buffers/cache:       852M       139M
Swap:         8.0G       581M       7.4G

             total       used       free     shared    buffers     cached
Mem:          992M       920M        71M       220K       5.1M        62M
-/+ buffers/cache:       853M       138M
Swap:         8.0G       580M       7.4G

             total       used       free     shared    buffers     cached
Mem:          992M       922M        70M       220K       5.1M        61M
-/+ buffers/cache:       855M       137M
Swap:         8.0G       579M       7.4G

             total       used       free     shared    buffers     cached
Mem:          992M       923M        68M       220K       5.1M        61M
-/+ buffers/cache:       856M       135M
Swap:         8.0G       579M       7.4G

             total       used       free     shared    buffers     cached
Mem:          992M       924M        67M       220K       5.1M        61M
-/+ buffers/cache:       857M       134M
Swap:         8.0G       578M       7.4G

             total       used       free     shared    buffers     cached
Mem:          992M       926M        66M       220K       5.1M        61M
-/+ buffers/cache:       859M       133M
Swap:         8.0G       577M       7.4G

             total       used       free     shared    buffers     cached
Mem:          992M       927M        64M       220K       5.1M        61M
-/+ buffers/cache:       860M       131M
Swap:         8.0G       577M       7.4G

             total       used       free     shared    buffers     cached
Mem:          992M       928M        63M       220K       5.1M        61M
-/+ buffers/cache:       861M       130M
Swap:         8.0G       576M       7.4G

             total       used       free     shared    buffers     cached
Mem:          992M       930M        61M       220K       5.1M        62M
-/+ buffers/cache:       863M       129M
Swap:         8.0G       575M       7.4G

             total       used       free     shared    buffers     cached
Mem:          992M       917M        74M       220K       5.0M        60M
-/+ buffers/cache:       851M       140M
Swap:         8.0G       587M       7.4G

             total       used       free     shared    buffers     cached
Mem:          992M       918M        73M       220K       5.0M        60M
-/+ buffers/cache:       852M       139M
Swap:         8.0G       586M       7.4G

             total       used       free     shared    buffers     cached
Mem:          992M       919M        72M       220K       5.0M        60M
-/+ buffers/cache:       853M       138M
Swap:         8.0G       586M       7.4G

             total       used       free     shared    buffers     cached
Mem:          992M       921M        70M       220K       5.0M        60M
-/+ buffers/cache:       855M       136M
Swap:         8.0G       585M       7.4G

             total       used       free     shared    buffers     cached
Mem:          992M       922M        69M       220K       5.0M        60M
-/+ buffers/cache:       856M       135M
Swap:         8.0G       584M       7.4G

             total       used       free     shared    buffers     cached
Mem:          992M       924M        68M       220K       5.0M        61M
-/+ buffers/cache:       858M       134M
Swap:         8.0G       584M       7.4G

             total       used       free     shared    buffers     cached
Mem:          992M       925M        66M       220K       5.0M        60M
-/+ buffers/cache:       859M       132M
Swap:         8.0G       583M       7.4G

             total       used       free     shared    buffers     cached
Mem:          992M       918M        73M       276K       8.3M        71M
-/+ buffers/cache:       838M       153M
Swap:         8.0G       598M       7.4G

             total       used       free     shared    buffers     cached
Mem:          992M       926M        65M       264K       8.8M        74M
-/+ buffers/cache:       843M       148M
Swap:         8.0G       597M       7.4G
