             total       used       free     shared    buffers     cached
Mem:          2.0G       655M       1.3G       3.2M        38M       286M
-/+ buffers/cache:       330M       1.6G
Swap:         8.0G         0B       8.0G

             total       used       free     shared    buffers     cached
Mem:          2.0G       656M       1.3G       3.2M        38M       287M
-/+ buffers/cache:       330M       1.6G
Swap:         8.0G         0B       8.0G

             total       used       free     shared    buffers     cached
Mem:          2.0G       656M       1.3G       3.2M        38M       287M
-/+ buffers/cache:       330M       1.6G
Swap:         8.0G         0B       8.0G

             total       used       free     shared    buffers     cached
Mem:          2.0G       656M       1.3G       3.2M        38M       287M
-/+ buffers/cache:       330M       1.6G
Swap:         8.0G         0B       8.0G

             total       used       free     shared    buffers     cached
Mem:          2.0G       656M       1.3G       3.2M        38M       287M
-/+ buffers/cache:       330M       1.6G
Swap:         8.0G         0B       8.0G

             total       used       free     shared    buffers     cached
Mem:          2.0G       656M       1.3G       3.2M        38M       287M
-/+ buffers/cache:       330M       1.6G
Swap:         8.0G         0B       8.0G

             total       used       free     shared    buffers     cached
Mem:          2.0G       655M       1.3G       3.2M        38M       287M
-/+ buffers/cache:       329M       1.6G
Swap:         8.0G         0B       8.0G

             total       used       free     shared    buffers     cached
Mem:          2.0G       655M       1.3G       3.2M        38M       287M
-/+ buffers/cache:       329M       1.6G
Swap:         8.0G         0B       8.0G

             total       used       free     shared    buffers     cached
Mem:          2.0G       659M       1.3G       3.2M        38M       287M
-/+ buffers/cache:       333M       1.6G
Swap:         8.0G         0B       8.0G

             total       used       free     shared    buffers     cached
Mem:          2.0G       676M       1.3G       3.2M        38M       287M
-/+ buffers/cache:       349M       1.6G
Swap:         8.0G         0B       8.0G

             total       used       free     shared    buffers     cached
Mem:          2.0G       698M       1.3G       3.2M        38M       287M
-/+ buffers/cache:       371M       1.6G
Swap:         8.0G         0B       8.0G

             total       used       free     shared    buffers     cached
Mem:          2.0G       680M       1.3G       3.2M        38M       291M
-/+ buffers/cache:       350M       1.6G
Swap:         8.0G         0B       8.0G

             total       used       free     shared    buffers     cached
Mem:          2.0G       727M       1.2G       3.2M        38M       292M
-/+ buffers/cache:       397M       1.6G
Swap:         8.0G         0B       8.0G

             total       used       free     shared    buffers     cached
Mem:          2.0G       735M       1.2G       3.2M        38M       292M
-/+ buffers/cache:       404M       1.6G
Swap:         8.0G         0B       8.0G

             total       used       free     shared    buffers     cached
Mem:          2.0G       737M       1.2G       3.2M        38M       292M
-/+ buffers/cache:       407M       1.6G
Swap:         8.0G         0B       8.0G

             total       used       free     shared    buffers     cached
Mem:          2.0G       722M       1.2G       3.2M        39M       296M
-/+ buffers/cache:       386M       1.6G
Swap:         8.0G         0B       8.0G

             total       used       free     shared    buffers     cached
Mem:          2.0G       723M       1.2G       3.3M        39M       296M
-/+ buffers/cache:       387M       1.6G
Swap:         8.0G         0B       8.0G

             total       used       free     shared    buffers     cached
Mem:          2.0G       723M       1.2G       3.3M        39M       296M
-/+ buffers/cache:       387M       1.6G
Swap:         8.0G         0B       8.0G

             total       used       free     shared    buffers     cached
Mem:          2.0G       723M       1.2G       3.3M        39M       296M
-/+ buffers/cache:       387M       1.6G
Swap:         8.0G         0B       8.0G

             total       used       free     shared    buffers     cached
Mem:          2.0G       723M       1.2G       3.3M        39M       296M
-/+ buffers/cache:       387M       1.6G
Swap:         8.0G         0B       8.0G

             total       used       free     shared    buffers     cached
Mem:          2.0G       723M       1.2G       3.3M        39M       296M
-/+ buffers/cache:       387M       1.6G
Swap:         8.0G         0B       8.0G

             total       used       free     shared    buffers     cached
Mem:          2.0G       723M       1.2G       3.3M        39M       296M
-/+ buffers/cache:       387M       1.6G
Swap:         8.0G         0B       8.0G

             total       used       free     shared    buffers     cached
Mem:          2.0G       723M       1.2G       3.3M        39M       296M
-/+ buffers/cache:       387M       1.6G
Swap:         8.0G         0B       8.0G

             total       used       free     shared    buffers     cached
Mem:          2.0G       723M       1.2G       3.3M        39M       296M
-/+ buffers/cache:       387M       1.6G
Swap:         8.0G         0B       8.0G

             total       used       free     shared    buffers     cached
Mem:          2.0G       723M       1.2G       3.3M        39M       296M
-/+ buffers/cache:       387M       1.6G
Swap:         8.0G         0B       8.0G

             total       used       free     shared    buffers     cached
Mem:          2.0G       723M       1.2G       3.3M        39M       296M
-/+ buffers/cache:       387M       1.6G
Swap:         8.0G         0B       8.0G

             total       used       free     shared    buffers     cached
Mem:          2.0G       723M       1.2G       3.3M        39M       296M
-/+ buffers/cache:       387M       1.6G
Swap:         8.0G         0B       8.0G

             total       used       free     shared    buffers     cached
Mem:          2.0G       723M       1.2G       3.3M        39M       296M
-/+ buffers/cache:       387M       1.6G
Swap:         8.0G         0B       8.0G

             total       used       free     shared    buffers     cached
Mem:          2.0G       723M       1.2G       3.3M        39M       296M
-/+ buffers/cache:       387M       1.6G
Swap:         8.0G         0B       8.0G

             total       used       free     shared    buffers     cached
Mem:          2.0G       723M       1.2G       3.3M        39M       296M
-/+ buffers/cache:       387M       1.6G
Swap:         8.0G         0B       8.0G

             total       used       free     shared    buffers     cached
Mem:          2.0G       723M       1.2G       3.3M        39M       296M
-/+ buffers/cache:       387M       1.6G
Swap:         8.0G         0B       8.0G

             total       used       free     shared    buffers     cached
Mem:          2.0G       723M       1.2G       3.3M        39M       296M
-/+ buffers/cache:       387M       1.6G
Swap:         8.0G         0B       8.0G

             total       used       free     shared    buffers     cached
Mem:          2.0G       723M       1.2G       3.3M        39M       296M
-/+ buffers/cache:       387M       1.6G
Swap:         8.0G         0B       8.0G

             total       used       free     shared    buffers     cached
Mem:          2.0G       726M       1.2G       3.3M        39M       296M
-/+ buffers/cache:       390M       1.6G
Swap:         8.0G         0B       8.0G

             total       used       free     shared    buffers     cached
Mem:          2.0G       741M       1.2G       3.3M        39M       296M
-/+ buffers/cache:       405M       1.6G
Swap:         8.0G         0B       8.0G

             total       used       free     shared    buffers     cached
Mem:          2.0G       755M       1.2G       3.3M        39M       296M
-/+ buffers/cache:       419M       1.5G
Swap:         8.0G         0B       8.0G

             total       used       free     shared    buffers     cached
Mem:          2.0G       769M       1.2G       3.3M        39M       296M
-/+ buffers/cache:       433M       1.5G
Swap:         8.0G         0B       8.0G

             total       used       free     shared    buffers     cached
Mem:          2.0G       785M       1.2G       3.3M        39M       296M
-/+ buffers/cache:       448M       1.5G
Swap:         8.0G         0B       8.0G

             total       used       free     shared    buffers     cached
Mem:          2.0G       798M       1.2G       3.3M        39M       296M
-/+ buffers/cache:       461M       1.5G
Swap:         8.0G         0B       8.0G

             total       used       free     shared    buffers     cached
Mem:          2.0G       812M       1.2G       3.3M        39M       296M
-/+ buffers/cache:       476M       1.5G
Swap:         8.0G         0B       8.0G

             total       used       free     shared    buffers     cached
Mem:          2.0G       828M       1.1G       3.3M        39M       296M
-/+ buffers/cache:       492M       1.5G
Swap:         8.0G         0B       8.0G

             total       used       free     shared    buffers     cached
Mem:          2.0G       840M       1.1G       3.3M        39M       296M
-/+ buffers/cache:       504M       1.5G
Swap:         8.0G         0B       8.0G

             total       used       free     shared    buffers     cached
Mem:          2.0G       855M       1.1G       3.3M        39M       296M
-/+ buffers/cache:       519M       1.4G
Swap:         8.0G         0B       8.0G

             total       used       free     shared    buffers     cached
Mem:          2.0G       871M       1.1G       3.3M        39M       296M
-/+ buffers/cache:       535M       1.4G
Swap:         8.0G         0B       8.0G

             total       used       free     shared    buffers     cached
Mem:          2.0G       885M       1.1G       3.3M        39M       296M
-/+ buffers/cache:       549M       1.4G
Swap:         8.0G         0B       8.0G

             total       used       free     shared    buffers     cached
Mem:          2.0G       900M       1.1G       3.3M        39M       296M
-/+ buffers/cache:       564M       1.4G
Swap:         8.0G         0B       8.0G

             total       used       free     shared    buffers     cached
Mem:          2.0G       916M       1.1G       3.3M        39M       296M
-/+ buffers/cache:       580M       1.4G
Swap:         8.0G         0B       8.0G

             total       used       free     shared    buffers     cached
Mem:          2.0G       932M       1.0G       3.3M        39M       296M
-/+ buffers/cache:       596M       1.4G
Swap:         8.0G         0B       8.0G

             total       used       free     shared    buffers     cached
Mem:          2.0G       947M       1.0G       3.3M        39M       296M
-/+ buffers/cache:       611M       1.4G
Swap:         8.0G         0B       8.0G

             total       used       free     shared    buffers     cached
Mem:          2.0G       959M       1.0G       3.3M        39M       296M
-/+ buffers/cache:       622M       1.3G
Swap:         8.0G         0B       8.0G

             total       used       free     shared    buffers     cached
Mem:          2.0G       974M       1.0G       3.3M        39M       296M
-/+ buffers/cache:       638M       1.3G
Swap:         8.0G         0B       8.0G

             total       used       free     shared    buffers     cached
Mem:          2.0G       989M       1.0G       3.3M        39M       296M
-/+ buffers/cache:       653M       1.3G
Swap:         8.0G         0B       8.0G

             total       used       free     shared    buffers     cached
Mem:          2.0G       1.0G       993M       3.3M        39M       296M
-/+ buffers/cache:       670M       1.3G
Swap:         8.0G         0B       8.0G

             total       used       free     shared    buffers     cached
Mem:          2.0G       1.0G       976M       3.3M        39M       296M
-/+ buffers/cache:       687M       1.3G
Swap:         8.0G         0B       8.0G

             total       used       free     shared    buffers     cached
Mem:          2.0G       1.0G       960M       3.3M        39M       296M
-/+ buffers/cache:       703M       1.3G
Swap:         8.0G         0B       8.0G

             total       used       free     shared    buffers     cached
Mem:          2.0G       1.0G       945M       3.3M        39M       296M
-/+ buffers/cache:       718M       1.3G
Swap:         8.0G         0B       8.0G

             total       used       free     shared    buffers     cached
Mem:          2.0G       1.0G       930M       3.3M        39M       296M
-/+ buffers/cache:       734M       1.2G
Swap:         8.0G         0B       8.0G

             total       used       free     shared    buffers     cached
Mem:          2.0G       1.1G       916M       3.3M        39M       296M
-/+ buffers/cache:       748M       1.2G
Swap:         8.0G         0B       8.0G

             total       used       free     shared    buffers     cached
Mem:          2.0G       1.1G       901M       3.3M        39M       296M
-/+ buffers/cache:       762M       1.2G
Swap:         8.0G         0B       8.0G

             total       used       free     shared    buffers     cached
Mem:          2.0G       1.1G       886M       3.3M        39M       296M
-/+ buffers/cache:       777M       1.2G
Swap:         8.0G         0B       8.0G

             total       used       free     shared    buffers     cached
Mem:          2.0G       1.1G       873M       3.3M        39M       296M
-/+ buffers/cache:       791M       1.2G
Swap:         8.0G         0B       8.0G

             total       used       free     shared    buffers     cached
Mem:          2.0G       1.1G       857M       3.3M        39M       296M
-/+ buffers/cache:       806M       1.2G
Swap:         8.0G         0B       8.0G

             total       used       free     shared    buffers     cached
Mem:          2.0G       1.1G       841M       3.3M        39M       296M
-/+ buffers/cache:       822M       1.2G
Swap:         8.0G         0B       8.0G

             total       used       free     shared    buffers     cached
Mem:          2.0G       1.1G       828M       3.3M        39M       296M
-/+ buffers/cache:       835M       1.1G
Swap:         8.0G         0B       8.0G

             total       used       free     shared    buffers     cached
Mem:          2.0G       1.2G       818M       3.3M        39M       296M
-/+ buffers/cache:       845M       1.1G
Swap:         8.0G         0B       8.0G

             total       used       free     shared    buffers     cached
Mem:          2.0G       1.2G       801M       3.3M        39M       296M
-/+ buffers/cache:       862M       1.1G
Swap:         8.0G         0B       8.0G

             total       used       free     shared    buffers     cached
Mem:          2.0G       1.2G       785M       3.3M        39M       296M
-/+ buffers/cache:       878M       1.1G
Swap:         8.0G         0B       8.0G

             total       used       free     shared    buffers     cached
Mem:          2.0G       1.2G       769M       3.3M        39M       296M
-/+ buffers/cache:       894M       1.1G
Swap:         8.0G         0B       8.0G

             total       used       free     shared    buffers     cached
Mem:          2.0G       1.2G       753M       3.3M        39M       297M
-/+ buffers/cache:       910M       1.1G
Swap:         8.0G         0B       8.0G

             total       used       free     shared    buffers     cached
Mem:          2.0G       1.2G       737M       3.3M        39M       297M
-/+ buffers/cache:       925M       1.0G
Swap:         8.0G         0B       8.0G

             total       used       free     shared    buffers     cached
Mem:          2.0G       1.2G       724M       3.3M        39M       297M
-/+ buffers/cache:       939M       1.0G
Swap:         8.0G         0B       8.0G

             total       used       free     shared    buffers     cached
Mem:          2.0G       1.3G       709M       3.3M        39M       297M
-/+ buffers/cache:       953M       1.0G
Swap:         8.0G         0B       8.0G

             total       used       free     shared    buffers     cached
Mem:          2.0G       1.3G       694M       3.3M        39M       297M
-/+ buffers/cache:       968M       1.0G
Swap:         8.0G         0B       8.0G

             total       used       free     shared    buffers     cached
Mem:          2.0G       1.3G       679M       3.3M        39M       297M
-/+ buffers/cache:       983M       1.0G
Swap:         8.0G         0B       8.0G

             total       used       free     shared    buffers     cached
Mem:          2.0G       1.3G       665M       3.3M        39M       297M
-/+ buffers/cache:       997M       1.0G
Swap:         8.0G         0B       8.0G

             total       used       free     shared    buffers     cached
Mem:          2.0G       1.3G       649M       3.3M        39M       297M
-/+ buffers/cache:       1.0G       986M
Swap:         8.0G         0B       8.0G

             total       used       free     shared    buffers     cached
Mem:          2.0G       1.3G       634M       3.3M        39M       297M
-/+ buffers/cache:       1.0G       971M
Swap:         8.0G         0B       8.0G

             total       used       free     shared    buffers     cached
Mem:          2.0G       1.3G       619M       3.3M        39M       297M
-/+ buffers/cache:       1.0G       956M
Swap:         8.0G         0B       8.0G

             total       used       free     shared    buffers     cached
Mem:          2.0G       1.4G       605M       3.3M        39M       297M
-/+ buffers/cache:       1.0G       942M
Swap:         8.0G         0B       8.0G

             total       used       free     shared    buffers     cached
Mem:          2.0G       1.4G       590M       3.3M        39M       297M
-/+ buffers/cache:       1.0G       927M
Swap:         8.0G         0B       8.0G

             total       used       free     shared    buffers     cached
Mem:          2.0G       1.4G       577M       3.3M        39M       297M
-/+ buffers/cache:       1.1G       914M
Swap:         8.0G         0B       8.0G

             total       used       free     shared    buffers     cached
Mem:          2.0G       1.4G       562M       3.3M        39M       297M
-/+ buffers/cache:       1.1G       899M
Swap:         8.0G         0B       8.0G

             total       used       free     shared    buffers     cached
Mem:          2.0G       1.4G       547M       3.3M        39M       297M
-/+ buffers/cache:       1.1G       884M
Swap:         8.0G         0B       8.0G

             total       used       free     shared    buffers     cached
Mem:          2.0G       1.4G       532M       3.3M        39M       297M
-/+ buffers/cache:       1.1G       869M
Swap:         8.0G         0B       8.0G

             total       used       free     shared    buffers     cached
Mem:          2.0G       1.4G       517M       3.3M        39M       297M
-/+ buffers/cache:       1.1G       854M
Swap:         8.0G         0B       8.0G

             total       used       free     shared    buffers     cached
Mem:          2.0G       1.5G       502M       3.3M        39M       297M
-/+ buffers/cache:       1.1G       839M
Swap:         8.0G         0B       8.0G

             total       used       free     shared    buffers     cached
Mem:          2.0G       1.5G       487M       3.3M        39M       297M
-/+ buffers/cache:       1.1G       824M
Swap:         8.0G         0B       8.0G

             total       used       free     shared    buffers     cached
Mem:          2.0G       1.5G       473M       3.3M        39M       297M
-/+ buffers/cache:       1.2G       810M
Swap:         8.0G         0B       8.0G

             total       used       free     shared    buffers     cached
Mem:          2.0G       1.5G       459M       3.3M        39M       297M
-/+ buffers/cache:       1.2G       796M
Swap:         8.0G         0B       8.0G

             total       used       free     shared    buffers     cached
Mem:          2.0G       1.5G       445M       3.3M        39M       297M
-/+ buffers/cache:       1.2G       782M
Swap:         8.0G         0B       8.0G

             total       used       free     shared    buffers     cached
Mem:          2.0G       1.5G       430M       3.3M        39M       297M
-/+ buffers/cache:       1.2G       766M
Swap:         8.0G         0B       8.0G

             total       used       free     shared    buffers     cached
Mem:          2.0G       1.5G       415M       3.3M        39M       297M
-/+ buffers/cache:       1.2G       752M
Swap:         8.0G         0B       8.0G

             total       used       free     shared    buffers     cached
Mem:          2.0G       1.6G       401M       3.3M        39M       297M
-/+ buffers/cache:       1.2G       737M
Swap:         8.0G         0B       8.0G

             total       used       free     shared    buffers     cached
Mem:          2.0G       1.6G       387M       3.3M        39M       297M
-/+ buffers/cache:       1.2G       724M
Swap:         8.0G         0B       8.0G

             total       used       free     shared    buffers     cached
Mem:          2.0G       1.6G       377M       3.3M        39M       297M
-/+ buffers/cache:       1.3G       713M
Swap:         8.0G         0B       8.0G

             total       used       free     shared    buffers     cached
Mem:          2.0G       1.6G       371M       3.3M        39M       297M
-/+ buffers/cache:       1.3G       708M
Swap:         8.0G         0B       8.0G

             total       used       free     shared    buffers     cached
Mem:          2.0G       1.6G       357M       3.3M        39M       297M
-/+ buffers/cache:       1.3G       693M
Swap:         8.0G         0B       8.0G

             total       used       free     shared    buffers     cached
Mem:          2.0G       1.6G       343M       3.3M        39M       297M
-/+ buffers/cache:       1.3G       680M
Swap:         8.0G         0B       8.0G

             total       used       free     shared    buffers     cached
Mem:          2.0G       1.6G       329M       3.3M        39M       297M
-/+ buffers/cache:       1.3G       666M
Swap:         8.0G         0B       8.0G

             total       used       free     shared    buffers     cached
Mem:          2.0G       1.6G       315M       3.3M        39M       297M
-/+ buffers/cache:       1.3G       652M
Swap:         8.0G         0B       8.0G

             total       used       free     shared    buffers     cached
Mem:          2.0G       1.7G       301M       3.3M        39M       297M
-/+ buffers/cache:       1.3G       637M
Swap:         8.0G         0B       8.0G

             total       used       free     shared    buffers     cached
Mem:          2.0G       1.7G       287M       3.3M        39M       297M
-/+ buffers/cache:       1.3G       623M
Swap:         8.0G         0B       8.0G

             total       used       free     shared    buffers     cached
Mem:          2.0G       1.7G       273M       3.3M        39M       297M
-/+ buffers/cache:       1.4G       609M
Swap:         8.0G         0B       8.0G

             total       used       free     shared    buffers     cached
Mem:          2.0G       1.7G       258M       3.3M        39M       297M
-/+ buffers/cache:       1.4G       594M
Swap:         8.0G         0B       8.0G

             total       used       free     shared    buffers     cached
Mem:          2.0G       1.7G       242M       3.3M        39M       297M
-/+ buffers/cache:       1.4G       578M
Swap:         8.0G         0B       8.0G

             total       used       free     shared    buffers     cached
Mem:          2.0G       1.7G       226M       3.3M        39M       297M
-/+ buffers/cache:       1.4G       562M
Swap:         8.0G         0B       8.0G

             total       used       free     shared    buffers     cached
Mem:          2.0G       1.7G       212M       3.3M        39M       297M
-/+ buffers/cache:       1.4G       548M
Swap:         8.0G         0B       8.0G

             total       used       free     shared    buffers     cached
Mem:          2.0G       1.8G       198M       3.3M        39M       297M
-/+ buffers/cache:       1.4G       534M
Swap:         8.0G         0B       8.0G

             total       used       free     shared    buffers     cached
Mem:          2.0G       1.8G       187M       3.3M        39M       297M
-/+ buffers/cache:       1.4G       524M
Swap:         8.0G         0B       8.0G

             total       used       free     shared    buffers     cached
Mem:          2.0G       1.8G       186M       3.3M        39M       297M
-/+ buffers/cache:       1.4G       523M
Swap:         8.0G         0B       8.0G

             total       used       free     shared    buffers     cached
Mem:          2.0G       1.8G       186M       3.3M        39M       297M
-/+ buffers/cache:       1.4G       522M
Swap:         8.0G         0B       8.0G

             total       used       free     shared    buffers     cached
Mem:          2.0G       1.8G       181M       3.3M        39M       297M
-/+ buffers/cache:       1.4G       517M
Swap:         8.0G         0B       8.0G

             total       used       free     shared    buffers     cached
Mem:          2.0G       1.8G       169M       3.3M        39M       297M
-/+ buffers/cache:       1.5G       505M
Swap:         8.0G         0B       8.0G

             total       used       free     shared    buffers     cached
Mem:          2.0G       1.8G       156M       3.3M        39M       297M
-/+ buffers/cache:       1.5G       492M
Swap:         8.0G         0B       8.0G

             total       used       free     shared    buffers     cached
Mem:          2.0G       1.8G       145M       3.3M        39M       297M
-/+ buffers/cache:       1.5G       481M
Swap:         8.0G         0B       8.0G

             total       used       free     shared    buffers     cached
Mem:          2.0G       1.8G       132M       3.3M        39M       297M
-/+ buffers/cache:       1.5G       468M
Swap:         8.0G         0B       8.0G

             total       used       free     shared    buffers     cached
Mem:          2.0G       1.8G       118M       3.3M        39M       297M
-/+ buffers/cache:       1.5G       455M
Swap:         8.0G         0B       8.0G

             total       used       free     shared    buffers     cached
Mem:          2.0G       1.8G       105M       3.3M        39M       297M
-/+ buffers/cache:       1.5G       442M
Swap:         8.0G         0B       8.0G

             total       used       free     shared    buffers     cached
Mem:          2.0G       1.9G        92M       3.3M        39M       297M
-/+ buffers/cache:       1.5G       429M
Swap:         8.0G         0B       8.0G

             total       used       free     shared    buffers     cached
Mem:          2.0G       1.9G        79M       3.3M        39M       297M
-/+ buffers/cache:       1.5G       416M
Swap:         8.0G         0B       8.0G

             total       used       free     shared    buffers     cached
Mem:          2.0G       1.9G        65M       3.3M        39M       297M
-/+ buffers/cache:       1.6G       402M
Swap:         8.0G         0B       8.0G

             total       used       free     shared    buffers     cached
Mem:          2.0G       1.9G        66M       3.3M        26M       295M
-/+ buffers/cache:       1.6G       388M
Swap:         8.0G         0B       8.0G

             total       used       free     shared    buffers     cached
Mem:          2.0G       1.9G        67M       3.3M        11M       295M
-/+ buffers/cache:       1.6G       374M
Swap:         8.0G         0B       8.0G

             total       used       free     shared    buffers     cached
Mem:          2.0G       1.9G        65M       3.3M        11M       283M
-/+ buffers/cache:       1.6G       360M
Swap:         8.0G         0B       8.0G

             total       used       free     shared    buffers     cached
Mem:          2.0G       1.9G        70M       3.1M        10M       266M
-/+ buffers/cache:       1.6G       347M
Swap:         8.0G       200K       8.0G

             total       used       free     shared    buffers     cached
Mem:          2.0G       1.9G        75M       3.1M        10M       248M
-/+ buffers/cache:       1.6G       334M
Swap:         8.0G       248K       8.0G

             total       used       free     shared    buffers     cached
Mem:          2.0G       1.9G        78M       2.9M        10M       231M
-/+ buffers/cache:       1.6G       320M
Swap:         8.0G        17M       8.0G

             total       used       free     shared    buffers     cached
Mem:          2.0G       1.9G        65M       2.9M        10M       231M
-/+ buffers/cache:       1.7G       307M
Swap:         8.0G        17M       8.0G

             total       used       free     shared    buffers     cached
Mem:          2.0G       1.9G        66M       2.9M        10M       219M
-/+ buffers/cache:       1.7G       296M
Swap:         8.0G        17M       8.0G

             total       used       free     shared    buffers     cached
Mem:          2.0G       1.9G        76M       2.9M       3.2M       204M
-/+ buffers/cache:       1.7G       284M
Swap:         8.0G        17M       8.0G

             total       used       free     shared    buffers     cached
Mem:          2.0G       1.9G        74M       2.9M       1.8M       193M
-/+ buffers/cache:       1.7G       269M
Swap:         8.0G        17M       8.0G

             total       used       free     shared    buffers     cached
Mem:          2.0G       1.9G        71M       2.9M       1.1M       182M
-/+ buffers/cache:       1.7G       255M
Swap:         8.0G        17M       8.0G

             total       used       free     shared    buffers     cached
Mem:          2.0G       1.9G        80M       2.9M       1.1M       160M
-/+ buffers/cache:       1.7G       241M
Swap:         8.0G        17M       8.0G

             total       used       free     shared    buffers     cached
Mem:          2.0G       1.9G        74M       2.9M       1.1M       150M
-/+ buffers/cache:       1.7G       226M
Swap:         8.0G        17M       8.0G

             total       used       free     shared    buffers     cached
Mem:          2.0G       1.9G        69M       2.9M       1.1M       141M
-/+ buffers/cache:       1.7G       212M
Swap:         8.0G        17M       8.0G

             total       used       free     shared    buffers     cached
Mem:          2.0G       1.9G        73M       2.9M        84K       126M
-/+ buffers/cache:       1.8G       199M
Swap:         8.0G        17M       8.0G

             total       used       free     shared    buffers     cached
Mem:          2.0G       1.9G        75M       2.9M        92K       111M
-/+ buffers/cache:       1.8G       187M
Swap:         8.0G        17M       8.0G

             total       used       free     shared    buffers     cached
Mem:          2.0G       1.9G        73M       2.9M       104K        98M
-/+ buffers/cache:       1.8G       172M
Swap:         8.0G        17M       8.0G

             total       used       free     shared    buffers     cached
Mem:          2.0G       1.9G        81M       2.9M       104K        76M
-/+ buffers/cache:       1.8G       157M
Swap:         8.0G        17M       8.0G

             total       used       free     shared    buffers     cached
Mem:          2.0G       1.9G        65M       2.9M       104K        76M
-/+ buffers/cache:       1.8G       141M
Swap:         8.0G        17M       8.0G

             total       used       free     shared    buffers     cached
Mem:          2.0G       1.9G        69M       2.9M       244K        59M
-/+ buffers/cache:       1.8G       128M
Swap:         8.0G        17M       8.0G

             total       used       free     shared    buffers     cached
Mem:          2.0G       1.9G        68M       2.9M       520K        46M
-/+ buffers/cache:       1.8G       114M
Swap:         8.0G        17M       8.0G

             total       used       free     shared    buffers     cached
Mem:          2.0G       1.9G        73M       2.9M       520K        27M
-/+ buffers/cache:       1.9G       101M
Swap:         8.0G        17M       8.0G

             total       used       free     shared    buffers     cached
Mem:          2.0G       1.9G        76M       2.9M       520K        11M
-/+ buffers/cache:       1.9G        89M
Swap:         8.0G        17M       8.0G

             total       used       free     shared    buffers     cached
Mem:          2.0G       1.9G        76M       2.9M       520K       5.8M
-/+ buffers/cache:       1.9G        82M
Swap:         8.0G        17M       8.0G

             total       used       free     shared    buffers     cached
Mem:          2.0G       1.9G        75M       2.4M       196K       8.5M
-/+ buffers/cache:       1.9G        83M
Swap:         8.0G       289M       7.7G

             total       used       free     shared    buffers     cached
Mem:          2.0G       1.9G       105M       2.4M       196K       8.6M
-/+ buffers/cache:       1.8G       114M
Swap:         8.0G       299M       7.7G

             total       used       free     shared    buffers     cached
Mem:          2.0G       1.9G        92M       2.4M       340K       9.4M
-/+ buffers/cache:       1.9G       102M
Swap:         8.0G       299M       7.7G

             total       used       free     shared    buffers     cached
Mem:          2.0G       1.9G        82M       2.4M       340K       9.8M
-/+ buffers/cache:       1.9G        93M
Swap:         8.0G       299M       7.7G

             total       used       free     shared    buffers     cached
Mem:          2.0G       1.9G        73M       2.4M       472K       9.8M
-/+ buffers/cache:       1.9G        83M
Swap:         8.0G       299M       7.7G

             total       used       free     shared    buffers     cached
Mem:          2.0G       1.9G        90M       2.4M       808K        34M
-/+ buffers/cache:       1.8G       126M
Swap:         8.0G       283M       7.7G

             total       used       free     shared    buffers     cached
Mem:          2.0G       1.9G        77M       2.4M       808K        34M
-/+ buffers/cache:       1.8G       113M
Swap:         8.0G       283M       7.7G

             total       used       free     shared    buffers     cached
Mem:          2.0G       1.9G        76M       2.4M       816K        34M
-/+ buffers/cache:       1.8G       112M
Swap:         8.0G       283M       7.7G

             total       used       free     shared    buffers     cached
Mem:          2.0G       1.8G       115M       2.4M       752K        31M
-/+ buffers/cache:       1.8G       147M
Swap:         8.0G       283M       7.7G

             total       used       free     shared    buffers     cached
Mem:          2.0G       1.9G       103M       2.4M       752K        31M
-/+ buffers/cache:       1.8G       135M
Swap:         8.0G       283M       7.7G

             total       used       free     shared    buffers     cached
Mem:          2.0G       1.9G        90M       2.4M       752K        31M
-/+ buffers/cache:       1.8G       122M
Swap:         8.0G       283M       7.7G

             total       used       free     shared    buffers     cached
Mem:          2.0G       1.9G        77M       2.4M       752K        31M
-/+ buffers/cache:       1.8G       109M
Swap:         8.0G       283M       7.7G

             total       used       free     shared    buffers     cached
Mem:          2.0G       1.9G        79M       2.4M       760K        31M
-/+ buffers/cache:       1.8G       111M
Swap:         8.0G       283M       7.7G

             total       used       free     shared    buffers     cached
Mem:          2.0G       1.9G        66M       2.4M       760K        31M
-/+ buffers/cache:       1.9G        98M
Swap:         8.0G       283M       7.7G

             total       used       free     shared    buffers     cached
Mem:          2.0G       1.9G        69M       2.4M       760K        30M
-/+ buffers/cache:       1.9G       100M
Swap:         8.0G       283M       7.7G

             total       used       free     shared    buffers     cached
Mem:          2.0G       1.9G        69M       2.4M       760K        30M
-/+ buffers/cache:       1.9G       101M
Swap:         8.0G       283M       7.7G

             total       used       free     shared    buffers     cached
Mem:          2.0G       1.9G        74M       2.4M       760K        29M
-/+ buffers/cache:       1.9G       104M
Swap:         8.0G       283M       7.7G

             total       used       free     shared    buffers     cached
Mem:          2.0G       1.9G        81M       2.4M       760K        28M
-/+ buffers/cache:       1.8G       110M
Swap:         8.0G       283M       7.7G

             total       used       free     shared    buffers     cached
Mem:          2.0G       1.9G        68M       2.4M       768K        28M
-/+ buffers/cache:       1.9G        97M
Swap:         8.0G       283M       7.7G

             total       used       free     shared    buffers     cached
Mem:          2.0G       1.9G        70M       2.4M       108K        23M
-/+ buffers/cache:       1.9G        94M
Swap:         8.0G       283M       7.7G

             total       used       free     shared    buffers     cached
Mem:          2.0G       1.9G        64M       2.4M       108K        23M
-/+ buffers/cache:       1.9G        88M
Swap:         8.0G       282M       7.7G

             total       used       free     shared    buffers     cached
Mem:          2.0G       1.9G        74M       2.4M       108K        14M
-/+ buffers/cache:       1.9G        88M
Swap:         8.0G       281M       7.7G

             total       used       free     shared    buffers     cached
Mem:          2.0G       1.9G        73M       2.4M       108K        14M
-/+ buffers/cache:       1.9G        88M
Swap:         8.0G       281M       7.7G

             total       used       free     shared    buffers     cached
Mem:          2.0G       1.9G        70M       2.4M       224K       4.2M
-/+ buffers/cache:       1.9G        74M
Swap:         8.0G       281M       7.7G

             total       used       free     shared    buffers     cached
Mem:          2.0G       1.9G        55M       2.4M       220K       4.1M
-/+ buffers/cache:       1.9G        60M
Swap:         8.0G       519M       7.5G

             total       used       free     shared    buffers     cached
Mem:          2.0G       1.9G        55M       2.4M       220K       4.1M
-/+ buffers/cache:       1.9G        59M
Swap:         8.0G       519M       7.5G

             total       used       free     shared    buffers     cached
Mem:          2.0G       1.9G        55M       2.4M       220K       4.1M
-/+ buffers/cache:       1.9G        59M
Swap:         8.0G       519M       7.5G

             total       used       free     shared    buffers     cached
Mem:          2.0G       1.8G       120M       2.4M       352K       4.1M
-/+ buffers/cache:       1.8G       125M
Swap:         8.0G       519M       7.5G

             total       used       free     shared    buffers     cached
Mem:          2.0G       1.8G       113M       2.4M       1.5M        13M
-/+ buffers/cache:       1.8G       128M
Swap:         8.0G       518M       7.5G

             total       used       free     shared    buffers     cached
Mem:          2.0G       1.9G        76M       2.4M       5.5M        39M
-/+ buffers/cache:       1.8G       121M
Swap:         8.0G       515M       7.5G

             total       used       free     shared    buffers     cached
Mem:          2.0G       1.9G        75M       2.9M       5.8M        49M
-/+ buffers/cache:       1.8G       131M
Swap:         8.0G       512M       7.5G

             total       used       free     shared    buffers     cached
Mem:          2.0G       1.9G        69M       2.9M       5.8M        49M
-/+ buffers/cache:       1.8G       124M
Swap:         8.0G       512M       7.5G

             total       used       free     shared    buffers     cached
Mem:          2.0G       1.9G        75M       2.9M       5.8M        48M
-/+ buffers/cache:       1.8G       130M
Swap:         8.0G       512M       7.5G

             total       used       free     shared    buffers     cached
Mem:          2.0G       1.9G        68M       2.9M       5.8M        48M
-/+ buffers/cache:       1.8G       123M
Swap:         8.0G       512M       7.5G

             total       used       free     shared    buffers     cached
Mem:          2.0G       1.9G        76M       2.9M       5.8M        47M
-/+ buffers/cache:       1.8G       129M
Swap:         8.0G       512M       7.5G

             total       used       free     shared    buffers     cached
Mem:          2.0G       1.9G        69M       2.9M       5.8M        48M
-/+ buffers/cache:       1.8G       123M
Swap:         8.0G       512M       7.5G

             total       used       free     shared    buffers     cached
Mem:          2.0G       1.9G        75M       2.9M       4.3M        49M
-/+ buffers/cache:       1.8G       129M
Swap:         8.0G       511M       7.5G

             total       used       free     shared    buffers     cached
Mem:          2.0G       1.9G        73M       2.9M       4.3M        49M
-/+ buffers/cache:       1.8G       127M
Swap:         8.0G       510M       7.5G

             total       used       free     shared    buffers     cached
Mem:          2.0G       1.9G        72M       2.9M       4.3M        49M
-/+ buffers/cache:       1.8G       126M
Swap:         8.0G       509M       7.5G

             total       used       free     shared    buffers     cached
Mem:          2.0G       1.9G        71M       2.9M       4.3M        49M
-/+ buffers/cache:       1.8G       125M
Swap:         8.0G       508M       7.5G

             total       used       free     shared    buffers     cached
Mem:          2.0G       1.9G        69M       2.9M       4.3M        50M
-/+ buffers/cache:       1.8G       124M
Swap:         8.0G       507M       7.5G

             total       used       free     shared    buffers     cached
Mem:          2.0G       1.9G        68M       2.9M       4.3M        50M
-/+ buffers/cache:       1.8G       122M
Swap:         8.0G       505M       7.5G

             total       used       free     shared    buffers     cached
Mem:          2.0G       1.9G        67M       2.9M       4.3M        50M
-/+ buffers/cache:       1.8G       121M
Swap:         8.0G       504M       7.5G

             total       used       free     shared    buffers     cached
Mem:          2.0G       1.9G        66M       2.9M       4.3M        50M
-/+ buffers/cache:       1.8G       120M
Swap:         8.0G       503M       7.5G

             total       used       free     shared    buffers     cached
Mem:          2.0G       1.9G        64M       2.9M       4.3M        50M
-/+ buffers/cache:       1.8G       119M
Swap:         8.0G       502M       7.5G

             total       used       free     shared    buffers     cached
Mem:          2.0G       1.9G        76M       2.9M       2.2M        49M
-/+ buffers/cache:       1.8G       128M
Swap:         8.0G       501M       7.5G

             total       used       free     shared    buffers     cached
Mem:          2.0G       1.9G        75M       2.9M       2.2M        49M
-/+ buffers/cache:       1.8G       127M
Swap:         8.0G       500M       7.5G

             total       used       free     shared    buffers     cached
Mem:          2.0G       1.9G        73M       2.9M       2.2M        49M
-/+ buffers/cache:       1.8G       126M
Swap:         8.0G       499M       7.5G

             total       used       free     shared    buffers     cached
Mem:          2.0G       1.9G        72M       2.9M       2.2M        49M
-/+ buffers/cache:       1.8G       124M
Swap:         8.0G       498M       7.5G

             total       used       free     shared    buffers     cached
Mem:          2.0G       1.9G        71M       2.9M       2.2M        49M
-/+ buffers/cache:       1.8G       123M
Swap:         8.0G       497M       7.5G

             total       used       free     shared    buffers     cached
Mem:          2.0G       1.9G        70M       2.9M       2.2M        49M
-/+ buffers/cache:       1.8G       122M
Swap:         8.0G       496M       7.5G

             total       used       free     shared    buffers     cached
Mem:          2.0G       1.9G        69M       2.9M       2.2M        49M
-/+ buffers/cache:       1.8G       121M
Swap:         8.0G       495M       7.5G

             total       used       free     shared    buffers     cached
Mem:          2.0G       1.9G        67M       2.9M       2.2M        49M
-/+ buffers/cache:       1.8G       120M
Swap:         8.0G       494M       7.5G

             total       used       free     shared    buffers     cached
Mem:          2.0G       1.9G        66M       2.9M       2.2M        49M
-/+ buffers/cache:       1.8G       118M
Swap:         8.0G       493M       7.5G

             total       used       free     shared    buffers     cached
Mem:          2.0G       1.9G        65M       2.9M       2.2M        49M
-/+ buffers/cache:       1.8G       117M
Swap:         8.0G       492M       7.5G

             total       used       free     shared    buffers     cached
Mem:          2.0G       1.9G        86M       2.9M       1.7M        49M
-/+ buffers/cache:       1.8G       137M
Swap:         8.0G       491M       7.5G

             total       used       free     shared    buffers     cached
Mem:          2.0G       1.9G        85M       2.9M       1.7M        49M
-/+ buffers/cache:       1.8G       136M
Swap:         8.0G       490M       7.5G

             total       used       free     shared    buffers     cached
Mem:          2.0G       1.9G        84M       2.9M       1.7M        49M
-/+ buffers/cache:       1.8G       135M
Swap:         8.0G       489M       7.5G

             total       used       free     shared    buffers     cached
Mem:          2.0G       1.9G        83M       2.9M       1.7M        49M
-/+ buffers/cache:       1.8G       134M
Swap:         8.0G       489M       7.5G

             total       used       free     shared    buffers     cached
Mem:          2.0G       1.9G        82M       2.9M       1.7M        48M
-/+ buffers/cache:       1.8G       133M
Swap:         8.0G       488M       7.5G

             total       used       free     shared    buffers     cached
Mem:          2.0G       1.9G        80M       2.9M       1.7M        49M
-/+ buffers/cache:       1.8G       132M
Swap:         8.0G       487M       7.5G

             total       used       free     shared    buffers     cached
Mem:          2.0G       1.9G        78M       2.9M       2.2M        50M
-/+ buffers/cache:       1.8G       130M
Swap:         8.0G       486M       7.5G

             total       used       free     shared    buffers     cached
Mem:          2.0G       1.9G        77M       2.9M       2.2M        50M
-/+ buffers/cache:       1.8G       129M
Swap:         8.0G       485M       7.5G

             total       used       free     shared    buffers     cached
Mem:          2.0G       1.9G        76M       2.9M       2.2M        49M
-/+ buffers/cache:       1.8G       128M
Swap:         8.0G       484M       7.5G

             total       used       free     shared    buffers     cached
Mem:          2.0G       1.9G        74M       2.9M       2.2M        49M
-/+ buffers/cache:       1.8G       126M
Swap:         8.0G       483M       7.5G

             total       used       free     shared    buffers     cached
Mem:          2.0G       1.9G        73M       2.9M       2.2M        50M
-/+ buffers/cache:       1.8G       125M
Swap:         8.0G       482M       7.5G

             total       used       free     shared    buffers     cached
Mem:          2.0G       1.9G        72M       2.9M       2.2M        50M
-/+ buffers/cache:       1.8G       124M
Swap:         8.0G       481M       7.5G

             total       used       free     shared    buffers     cached
Mem:          2.0G       1.9G        71M       2.9M       2.2M        50M
-/+ buffers/cache:       1.8G       123M
Swap:         8.0G       481M       7.5G

             total       used       free     shared    buffers     cached
Mem:          2.0G       1.9G        70M       2.9M       2.2M        50M
-/+ buffers/cache:       1.8G       122M
Swap:         8.0G       479M       7.5G

             total       used       free     shared    buffers     cached
Mem:          2.0G       1.9G        68M       2.9M       2.2M        49M
-/+ buffers/cache:       1.8G       121M
Swap:         8.0G       479M       7.5G

             total       used       free     shared    buffers     cached
Mem:          2.0G       1.9G        67M       2.9M       2.2M        50M
-/+ buffers/cache:       1.8G       119M
Swap:         8.0G       478M       7.5G

             total       used       free     shared    buffers     cached
Mem:          2.0G       1.9G        66M       2.9M       2.2M        50M
-/+ buffers/cache:       1.8G       118M
Swap:         8.0G       477M       7.5G

             total       used       free     shared    buffers     cached
Mem:          2.0G       1.9G        65M       2.9M       2.2M        50M
-/+ buffers/cache:       1.8G       117M
Swap:         8.0G       476M       7.5G

             total       used       free     shared    buffers     cached
Mem:          2.0G       1.9G        84M       2.9M       2.2M        48M
-/+ buffers/cache:       1.8G       135M
Swap:         8.0G       475M       7.5G

             total       used       free     shared    buffers     cached
Mem:          2.0G       1.9G        83M       2.9M       2.2M        48M
-/+ buffers/cache:       1.8G       134M
Swap:         8.0G       474M       7.5G

             total       used       free     shared    buffers     cached
Mem:          2.0G       1.9G        82M       2.9M       2.2M        48M
-/+ buffers/cache:       1.8G       133M
Swap:         8.0G       473M       7.5G

             total       used       free     shared    buffers     cached
Mem:          2.0G       1.9G        81M       2.9M       2.2M        48M
-/+ buffers/cache:       1.8G       132M
Swap:         8.0G       472M       7.5G

             total       used       free     shared    buffers     cached
Mem:          2.0G       1.9G        75M       3.0M       6.4M        59M
-/+ buffers/cache:       1.8G       141M
Swap:         8.0G       478M       7.5G

             total       used       free     shared    buffers     cached
Mem:          2.0G       1.9G        74M       3.0M       6.7M        61M
-/+ buffers/cache:       1.8G       143M
Swap:         8.0G       477M       7.5G
