             total       used       free     shared    buffers     cached
Mem:          2.0G       659M       1.3G       3.2M        38M       289M
-/+ buffers/cache:       331M       1.6G
Swap:         8.0G         0B       8.0G

             total       used       free     shared    buffers     cached
Mem:          2.0G       658M       1.3G       1.4M        38M       287M
-/+ buffers/cache:       332M       1.6G
Swap:         8.0G         0B       8.0G

             total       used       free     shared    buffers     cached
Mem:          2.0G       658M       1.3G       1.4M        38M       288M
-/+ buffers/cache:       332M       1.6G
Swap:         8.0G         0B       8.0G

             total       used       free     shared    buffers     cached
Mem:          2.0G       658M       1.3G       1.4M        38M       288M
-/+ buffers/cache:       332M       1.6G
Swap:         8.0G         0B       8.0G

             total       used       free     shared    buffers     cached
Mem:          2.0G       658M       1.3G       1.4M        38M       288M
-/+ buffers/cache:       332M       1.6G
Swap:         8.0G         0B       8.0G

             total       used       free     shared    buffers     cached
Mem:          2.0G       658M       1.3G       1.4M        38M       288M
-/+ buffers/cache:       332M       1.6G
Swap:         8.0G         0B       8.0G

             total       used       free     shared    buffers     cached
Mem:          2.0G       658M       1.3G       1.4M        38M       288M
-/+ buffers/cache:       331M       1.6G
Swap:         8.0G         0B       8.0G

             total       used       free     shared    buffers     cached
Mem:          2.0G       658M       1.3G       1.4M        38M       288M
-/+ buffers/cache:       331M       1.6G
Swap:         8.0G         0B       8.0G

             total       used       free     shared    buffers     cached
Mem:          2.0G       658M       1.3G       1.4M        38M       288M
-/+ buffers/cache:       331M       1.6G
Swap:         8.0G         0B       8.0G

             total       used       free     shared    buffers     cached
Mem:          2.0G       661M       1.3G       1.4M        38M       288M
-/+ buffers/cache:       334M       1.6G
Swap:         8.0G         0B       8.0G

             total       used       free     shared    buffers     cached
Mem:          2.0G       678M       1.3G       1.4M        38M       288M
-/+ buffers/cache:       351M       1.6G
Swap:         8.0G         0B       8.0G

             total       used       free     shared    buffers     cached
Mem:          2.0G       686M       1.3G       1.4M        38M       288M
-/+ buffers/cache:       359M       1.6G
Swap:         8.0G         0B       8.0G

             total       used       free     shared    buffers     cached
Mem:          2.0G       667M       1.3G       1.4M        38M       289M
-/+ buffers/cache:       339M       1.6G
Swap:         8.0G         0B       8.0G

             total       used       free     shared    buffers     cached
Mem:          2.0G       667M       1.3G       1.4M        38M       289M
-/+ buffers/cache:       339M       1.6G
Swap:         8.0G         0B       8.0G

             total       used       free     shared    buffers     cached
Mem:          2.0G       667M       1.3G       1.4M        38M       289M
-/+ buffers/cache:       339M       1.6G
Swap:         8.0G         0B       8.0G

             total       used       free     shared    buffers     cached
Mem:          2.0G       667M       1.3G       1.4M        38M       289M
-/+ buffers/cache:       339M       1.6G
Swap:         8.0G         0B       8.0G

             total       used       free     shared    buffers     cached
Mem:          2.0G       667M       1.3G       1.4M        38M       289M
-/+ buffers/cache:       339M       1.6G
Swap:         8.0G         0B       8.0G

             total       used       free     shared    buffers     cached
Mem:          2.0G       667M       1.3G       1.4M        38M       289M
-/+ buffers/cache:       339M       1.6G
Swap:         8.0G         0B       8.0G

             total       used       free     shared    buffers     cached
Mem:          2.0G       667M       1.3G       1.4M        38M       289M
-/+ buffers/cache:       339M       1.6G
Swap:         8.0G         0B       8.0G

             total       used       free     shared    buffers     cached
Mem:          2.0G       667M       1.3G       1.4M        38M       289M
-/+ buffers/cache:       339M       1.6G
Swap:         8.0G         0B       8.0G

             total       used       free     shared    buffers     cached
Mem:          2.0G       667M       1.3G       1.4M        38M       289M
-/+ buffers/cache:       339M       1.6G
Swap:         8.0G         0B       8.0G

             total       used       free     shared    buffers     cached
Mem:          2.0G       668M       1.3G       1.4M        38M       289M
-/+ buffers/cache:       339M       1.6G
Swap:         8.0G         0B       8.0G

             total       used       free     shared    buffers     cached
Mem:          2.0G       668M       1.3G       1.4M        38M       289M
-/+ buffers/cache:       339M       1.6G
Swap:         8.0G         0B       8.0G

             total       used       free     shared    buffers     cached
Mem:          2.0G       668M       1.3G       1.4M        38M       289M
-/+ buffers/cache:       339M       1.6G
Swap:         8.0G         0B       8.0G

             total       used       free     shared    buffers     cached
Mem:          2.0G       668M       1.3G       1.4M        38M       289M
-/+ buffers/cache:       339M       1.6G
Swap:         8.0G         0B       8.0G

             total       used       free     shared    buffers     cached
Mem:          2.0G       667M       1.3G       1.4M        38M       289M
-/+ buffers/cache:       339M       1.6G
Swap:         8.0G         0B       8.0G

             total       used       free     shared    buffers     cached
Mem:          2.0G       667M       1.3G       1.4M        38M       289M
-/+ buffers/cache:       339M       1.6G
Swap:         8.0G         0B       8.0G

             total       used       free     shared    buffers     cached
Mem:          2.0G       667M       1.3G       1.4M        38M       289M
-/+ buffers/cache:       339M       1.6G
Swap:         8.0G         0B       8.0G

             total       used       free     shared    buffers     cached
Mem:          2.0G       667M       1.3G       1.4M        38M       289M
-/+ buffers/cache:       339M       1.6G
Swap:         8.0G         0B       8.0G

             total       used       free     shared    buffers     cached
Mem:          2.0G       667M       1.3G       1.4M        38M       289M
-/+ buffers/cache:       339M       1.6G
Swap:         8.0G         0B       8.0G

             total       used       free     shared    buffers     cached
Mem:          2.0G       667M       1.3G       1.4M        38M       289M
-/+ buffers/cache:       339M       1.6G
Swap:         8.0G         0B       8.0G

             total       used       free     shared    buffers     cached
Mem:          2.0G       667M       1.3G       1.4M        38M       289M
-/+ buffers/cache:       339M       1.6G
Swap:         8.0G         0B       8.0G

             total       used       free     shared    buffers     cached
Mem:          2.0G       667M       1.3G       1.4M        38M       289M
-/+ buffers/cache:       339M       1.6G
Swap:         8.0G         0B       8.0G

             total       used       free     shared    buffers     cached
Mem:          2.0G       674M       1.3G       1.4M        38M       289M
-/+ buffers/cache:       345M       1.6G
Swap:         8.0G         0B       8.0G

             total       used       free     shared    buffers     cached
Mem:          2.0G       689M       1.3G       1.4M        38M       289M
-/+ buffers/cache:       360M       1.6G
Swap:         8.0G         0B       8.0G

             total       used       free     shared    buffers     cached
Mem:          2.0G       705M       1.3G       1.4M        38M       289M
-/+ buffers/cache:       376M       1.6G
Swap:         8.0G         0B       8.0G

             total       used       free     shared    buffers     cached
Mem:          2.0G       721M       1.2G       1.4M        38M       289M
-/+ buffers/cache:       392M       1.6G
Swap:         8.0G         0B       8.0G

             total       used       free     shared    buffers     cached
Mem:          2.0G       737M       1.2G       1.4M        38M       289M
-/+ buffers/cache:       408M       1.6G
Swap:         8.0G         0B       8.0G

             total       used       free     shared    buffers     cached
Mem:          2.0G       753M       1.2G       1.4M        38M       289M
-/+ buffers/cache:       424M       1.5G
Swap:         8.0G         0B       8.0G

             total       used       free     shared    buffers     cached
Mem:          2.0G       769M       1.2G       1.4M        38M       289M
-/+ buffers/cache:       440M       1.5G
Swap:         8.0G         0B       8.0G

             total       used       free     shared    buffers     cached
Mem:          2.0G       782M       1.2G       1.4M        38M       289M
-/+ buffers/cache:       454M       1.5G
Swap:         8.0G         0B       8.0G

             total       used       free     shared    buffers     cached
Mem:          2.0G       798M       1.2G       1.4M        38M       289M
-/+ buffers/cache:       469M       1.5G
Swap:         8.0G         0B       8.0G

             total       used       free     shared    buffers     cached
Mem:          2.0G       813M       1.2G       1.4M        38M       289M
-/+ buffers/cache:       485M       1.5G
Swap:         8.0G         0B       8.0G

             total       used       free     shared    buffers     cached
Mem:          2.0G       832M       1.1G       1.4M        38M       289M
-/+ buffers/cache:       504M       1.5G
Swap:         8.0G         0B       8.0G

             total       used       free     shared    buffers     cached
Mem:          2.0G       847M       1.1G       1.4M        38M       289M
-/+ buffers/cache:       519M       1.4G
Swap:         8.0G         0B       8.0G

             total       used       free     shared    buffers     cached
Mem:          2.0G       863M       1.1G       1.4M        38M       289M
-/+ buffers/cache:       534M       1.4G
Swap:         8.0G         0B       8.0G

             total       used       free     shared    buffers     cached
Mem:          2.0G       878M       1.1G       1.4M        38M       289M
-/+ buffers/cache:       549M       1.4G
Swap:         8.0G         0B       8.0G

             total       used       free     shared    buffers     cached
Mem:          2.0G       892M       1.1G       1.4M        38M       289M
-/+ buffers/cache:       564M       1.4G
Swap:         8.0G         0B       8.0G

             total       used       free     shared    buffers     cached
Mem:          2.0G       905M       1.1G       1.4M        38M       289M
-/+ buffers/cache:       576M       1.4G
Swap:         8.0G         0B       8.0G

             total       used       free     shared    buffers     cached
Mem:          2.0G       921M       1.1G       1.4M        38M       289M
-/+ buffers/cache:       592M       1.4G
Swap:         8.0G         0B       8.0G

             total       used       free     shared    buffers     cached
Mem:          2.0G       937M       1.0G       1.4M        38M       289M
-/+ buffers/cache:       608M       1.4G
Swap:         8.0G         0B       8.0G

             total       used       free     shared    buffers     cached
Mem:          2.0G       953M       1.0G       1.4M        38M       289M
-/+ buffers/cache:       624M       1.3G
Swap:         8.0G         0B       8.0G

             total       used       free     shared    buffers     cached
Mem:          2.0G       968M       1.0G       1.4M        38M       289M
-/+ buffers/cache:       639M       1.3G
Swap:         8.0G         0B       8.0G

             total       used       free     shared    buffers     cached
Mem:          2.0G       983M       1.0G       1.4M        38M       289M
-/+ buffers/cache:       654M       1.3G
Swap:         8.0G         0B       8.0G

             total       used       free     shared    buffers     cached
Mem:          2.0G       998M       1.0G       1.4M        38M       289M
-/+ buffers/cache:       670M       1.3G
Swap:         8.0G         0B       8.0G

             total       used       free     shared    buffers     cached
Mem:          2.0G       1.0G       985M       1.4M        38M       289M
-/+ buffers/cache:       685M       1.3G
Swap:         8.0G         0B       8.0G

             total       used       free     shared    buffers     cached
Mem:          2.0G       1.0G       970M       1.4M        38M       289M
-/+ buffers/cache:       700M       1.3G
Swap:         8.0G         0B       8.0G

             total       used       free     shared    buffers     cached
Mem:          2.0G       1.0G       955M       1.4M        38M       289M
-/+ buffers/cache:       715M       1.3G
Swap:         8.0G         0B       8.0G

             total       used       free     shared    buffers     cached
Mem:          2.0G       1.0G       940M       1.4M        38M       289M
-/+ buffers/cache:       730M       1.2G
Swap:         8.0G         0B       8.0G

             total       used       free     shared    buffers     cached
Mem:          2.0G       1.1G       924M       1.4M        38M       289M
-/+ buffers/cache:       746M       1.2G
Swap:         8.0G         0B       8.0G

             total       used       free     shared    buffers     cached
Mem:          2.0G       1.1G       908M       1.4M        38M       289M
-/+ buffers/cache:       763M       1.2G
Swap:         8.0G         0B       8.0G

             total       used       free     shared    buffers     cached
Mem:          2.0G       1.1G       891M       1.4M        38M       289M
-/+ buffers/cache:       779M       1.2G
Swap:         8.0G         0B       8.0G

             total       used       free     shared    buffers     cached
Mem:          2.0G       1.1G       881M       1.4M        38M       289M
-/+ buffers/cache:       790M       1.2G
Swap:         8.0G         0B       8.0G

             total       used       free     shared    buffers     cached
Mem:          2.0G       1.1G       867M       1.4M        38M       289M
-/+ buffers/cache:       804M       1.2G
Swap:         8.0G         0B       8.0G

             total       used       free     shared    buffers     cached
Mem:          2.0G       1.1G       852M       1.4M        38M       289M
-/+ buffers/cache:       818M       1.2G
Swap:         8.0G         0B       8.0G

             total       used       free     shared    buffers     cached
Mem:          2.0G       1.1G       835M       1.4M        38M       289M
-/+ buffers/cache:       835M       1.1G
Swap:         8.0G         0B       8.0G

             total       used       free     shared    buffers     cached
Mem:          2.0G       1.2G       820M       1.4M        38M       289M
-/+ buffers/cache:       850M       1.1G
Swap:         8.0G         0B       8.0G

             total       used       free     shared    buffers     cached
Mem:          2.0G       1.2G       804M       1.4M        38M       289M
-/+ buffers/cache:       867M       1.1G
Swap:         8.0G         0B       8.0G

             total       used       free     shared    buffers     cached
Mem:          2.0G       1.2G       789M       1.4M        38M       289M
-/+ buffers/cache:       882M       1.1G
Swap:         8.0G         0B       8.0G

             total       used       free     shared    buffers     cached
Mem:          2.0G       1.2G       772M       1.4M        38M       290M
-/+ buffers/cache:       898M       1.1G
Swap:         8.0G         0B       8.0G

             total       used       free     shared    buffers     cached
Mem:          2.0G       1.2G       757M       1.4M        38M       290M
-/+ buffers/cache:       913M       1.1G
Swap:         8.0G         0B       8.0G

             total       used       free     shared    buffers     cached
Mem:          2.0G       1.2G       741M       1.4M        38M       290M
-/+ buffers/cache:       929M       1.0G
Swap:         8.0G         0B       8.0G

             total       used       free     shared    buffers     cached
Mem:          2.0G       1.2G       726M       1.4M        38M       290M
-/+ buffers/cache:       944M       1.0G
Swap:         8.0G         0B       8.0G

             total       used       free     shared    buffers     cached
Mem:          2.0G       1.3G       711M       1.4M        38M       290M
-/+ buffers/cache:       959M       1.0G
Swap:         8.0G         0B       8.0G

             total       used       free     shared    buffers     cached
Mem:          2.0G       1.3G       695M       1.4M        38M       290M
-/+ buffers/cache:       975M       1.0G
Swap:         8.0G         0B       8.0G

             total       used       free     shared    buffers     cached
Mem:          2.0G       1.3G       680M       1.4M        38M       290M
-/+ buffers/cache:       990M       1.0G
Swap:         8.0G         0B       8.0G

             total       used       free     shared    buffers     cached
Mem:          2.0G       1.3G       666M       1.4M        38M       290M
-/+ buffers/cache:       1.0G       995M
Swap:         8.0G         0B       8.0G

             total       used       free     shared    buffers     cached
Mem:          2.0G       1.3G       651M       1.4M        38M       290M
-/+ buffers/cache:       1.0G       980M
Swap:         8.0G         0B       8.0G

             total       used       free     shared    buffers     cached
Mem:          2.0G       1.3G       636M       1.4M        38M       290M
-/+ buffers/cache:       1.0G       965M
Swap:         8.0G         0B       8.0G

             total       used       free     shared    buffers     cached
Mem:          2.0G       1.3G       621M       1.4M        38M       290M
-/+ buffers/cache:       1.0G       950M
Swap:         8.0G         0B       8.0G

             total       used       free     shared    buffers     cached
Mem:          2.0G       1.4G       605M       1.4M        38M       290M
-/+ buffers/cache:       1.0G       934M
Swap:         8.0G         0B       8.0G

             total       used       free     shared    buffers     cached
Mem:          2.0G       1.4G       590M       1.4M        38M       290M
-/+ buffers/cache:       1.1G       919M
Swap:         8.0G         0B       8.0G

             total       used       free     shared    buffers     cached
Mem:          2.0G       1.4G       574M       1.4M        38M       290M
-/+ buffers/cache:       1.1G       903M
Swap:         8.0G         0B       8.0G

             total       used       free     shared    buffers     cached
Mem:          2.0G       1.4G       559M       1.4M        38M       290M
-/+ buffers/cache:       1.1G       888M
Swap:         8.0G         0B       8.0G

             total       used       free     shared    buffers     cached
Mem:          2.0G       1.4G       544M       1.4M        38M       290M
-/+ buffers/cache:       1.1G       873M
Swap:         8.0G         0B       8.0G

             total       used       free     shared    buffers     cached
Mem:          2.0G       1.4G       529M       1.4M        38M       290M
-/+ buffers/cache:       1.1G       858M
Swap:         8.0G         0B       8.0G

             total       used       free     shared    buffers     cached
Mem:          2.0G       1.5G       513M       1.4M        38M       290M
-/+ buffers/cache:       1.1G       842M
Swap:         8.0G         0B       8.0G

             total       used       free     shared    buffers     cached
Mem:          2.0G       1.5G       498M       1.4M        38M       290M
-/+ buffers/cache:       1.1G       827M
Swap:         8.0G         0B       8.0G

             total       used       free     shared    buffers     cached
Mem:          2.0G       1.5G       483M       1.4M        38M       290M
-/+ buffers/cache:       1.2G       812M
Swap:         8.0G         0B       8.0G

             total       used       free     shared    buffers     cached
Mem:          2.0G       1.5G       469M       1.4M        38M       290M
-/+ buffers/cache:       1.2G       798M
Swap:         8.0G         0B       8.0G

             total       used       free     shared    buffers     cached
Mem:          2.0G       1.5G       455M       1.4M        38M       290M
-/+ buffers/cache:       1.2G       784M
Swap:         8.0G         0B       8.0G

             total       used       free     shared    buffers     cached
Mem:          2.0G       1.5G       440M       1.4M        38M       290M
-/+ buffers/cache:       1.2G       769M
Swap:         8.0G         0B       8.0G

             total       used       free     shared    buffers     cached
Mem:          2.0G       1.5G       431M       1.4M        38M       290M
-/+ buffers/cache:       1.2G       760M
Swap:         8.0G         0B       8.0G

             total       used       free     shared    buffers     cached
Mem:          2.0G       1.5G       425M       1.4M        38M       290M
-/+ buffers/cache:       1.2G       754M
Swap:         8.0G         0B       8.0G

             total       used       free     shared    buffers     cached
Mem:          2.0G       1.6G       410M       1.4M        38M       290M
-/+ buffers/cache:       1.2G       739M
Swap:         8.0G         0B       8.0G

             total       used       free     shared    buffers     cached
Mem:          2.0G       1.6G       395M       1.4M        38M       290M
-/+ buffers/cache:       1.2G       724M
Swap:         8.0G         0B       8.0G

             total       used       free     shared    buffers     cached
Mem:          2.0G       1.6G       379M       1.4M        38M       290M
-/+ buffers/cache:       1.3G       708M
Swap:         8.0G         0B       8.0G

             total       used       free     shared    buffers     cached
Mem:          2.0G       1.6G       364M       1.4M        38M       290M
-/+ buffers/cache:       1.3G       693M
Swap:         8.0G         0B       8.0G

             total       used       free     shared    buffers     cached
Mem:          2.0G       1.6G       350M       1.4M        38M       290M
-/+ buffers/cache:       1.3G       679M
Swap:         8.0G         0B       8.0G

             total       used       free     shared    buffers     cached
Mem:          2.0G       1.6G       335M       1.4M        38M       290M
-/+ buffers/cache:       1.3G       664M
Swap:         8.0G         0B       8.0G

             total       used       free     shared    buffers     cached
Mem:          2.0G       1.6G       320M       1.4M        38M       290M
-/+ buffers/cache:       1.3G       649M
Swap:         8.0G         0B       8.0G

             total       used       free     shared    buffers     cached
Mem:          2.0G       1.7G       305M       1.4M        38M       290M
-/+ buffers/cache:       1.3G       634M
Swap:         8.0G         0B       8.0G

             total       used       free     shared    buffers     cached
Mem:          2.0G       1.7G       289M       1.4M        38M       290M
-/+ buffers/cache:       1.3G       618M
Swap:         8.0G         0B       8.0G

             total       used       free     shared    buffers     cached
Mem:          2.0G       1.7G       275M       1.4M        38M       290M
-/+ buffers/cache:       1.4G       604M
Swap:         8.0G         0B       8.0G

             total       used       free     shared    buffers     cached
Mem:          2.0G       1.7G       260M       1.4M        38M       290M
-/+ buffers/cache:       1.4G       589M
Swap:         8.0G         0B       8.0G

             total       used       free     shared    buffers     cached
Mem:          2.0G       1.7G       245M       1.4M        38M       290M
-/+ buffers/cache:       1.4G       574M
Swap:         8.0G         0B       8.0G

             total       used       free     shared    buffers     cached
Mem:          2.0G       1.7G       229M       1.4M        38M       290M
-/+ buffers/cache:       1.4G       558M
Swap:         8.0G         0B       8.0G

             total       used       free     shared    buffers     cached
Mem:          2.0G       1.7G       214M       1.4M        38M       290M
-/+ buffers/cache:       1.4G       543M
Swap:         8.0G         0B       8.0G

             total       used       free     shared    buffers     cached
Mem:          2.0G       1.8G       199M       1.4M        38M       290M
-/+ buffers/cache:       1.4G       528M
Swap:         8.0G         0B       8.0G

             total       used       free     shared    buffers     cached
Mem:          2.0G       1.8G       185M       1.4M        38M       290M
-/+ buffers/cache:       1.5G       514M
Swap:         8.0G         0B       8.0G

             total       used       free     shared    buffers     cached
Mem:          2.0G       1.8G       170M       1.4M        38M       290M
-/+ buffers/cache:       1.5G       499M
Swap:         8.0G         0B       8.0G

             total       used       free     shared    buffers     cached
Mem:          2.0G       1.8G       154M       1.4M        38M       290M
-/+ buffers/cache:       1.5G       483M
Swap:         8.0G         0B       8.0G

             total       used       free     shared    buffers     cached
Mem:          2.0G       1.8G       138M       1.4M        38M       290M
-/+ buffers/cache:       1.5G       467M
Swap:         8.0G         0B       8.0G

             total       used       free     shared    buffers     cached
Mem:          2.0G       1.8G       122M       1.4M        38M       290M
-/+ buffers/cache:       1.5G       451M
Swap:         8.0G         0B       8.0G

             total       used       free     shared    buffers     cached
Mem:          2.0G       1.8G       107M       1.4M        38M       290M
-/+ buffers/cache:       1.5G       436M
Swap:         8.0G         0B       8.0G

             total       used       free     shared    buffers     cached
Mem:          2.0G       1.9G        92M       1.4M        38M       290M
-/+ buffers/cache:       1.5G       421M
Swap:         8.0G         0B       8.0G

             total       used       free     shared    buffers     cached
Mem:          2.0G       1.9G        77M       1.4M        38M       290M
-/+ buffers/cache:       1.6G       406M
Swap:         8.0G         0B       8.0G

             total       used       free     shared    buffers     cached
Mem:          2.0G       1.9G        72M       1.4M        28M       288M
-/+ buffers/cache:       1.6G       390M
Swap:         8.0G         0B       8.0G

             total       used       free     shared    buffers     cached
Mem:          2.0G       1.9G        65M       1.4M        20M       288M
-/+ buffers/cache:       1.6G       375M
Swap:         8.0G         0B       8.0G

             total       used       free     shared    buffers     cached
Mem:          2.0G       1.9G        68M       1.4M        10M       281M
-/+ buffers/cache:       1.6G       360M
Swap:         8.0G         0B       8.0G

             total       used       free     shared    buffers     cached
Mem:          2.0G       1.9G        70M       1.4M       9.8M       264M
-/+ buffers/cache:       1.6G       344M
Swap:         8.0G       108K       8.0G

             total       used       free     shared    buffers     cached
Mem:          2.0G       1.9G        76M       1.2M       9.8M       244M
-/+ buffers/cache:       1.6G       330M
Swap:         8.0G       608K       8.0G

             total       used       free     shared    buffers     cached
Mem:          2.0G       1.9G        75M       1.1M       9.8M       231M
-/+ buffers/cache:       1.6G       316M
Swap:         8.0G       5.8M       8.0G

             total       used       free     shared    buffers     cached
Mem:          2.0G       1.9G        90M       1.0M       9.6M       205M
-/+ buffers/cache:       1.7G       305M
Swap:         8.0G        10M       8.0G

             total       used       free     shared    buffers     cached
Mem:          2.0G       1.9G        75M       1.0M       9.6M       205M
-/+ buffers/cache:       1.7G       290M
Swap:         8.0G        10M       8.0G

             total       used       free     shared    buffers     cached
Mem:          2.0G       1.9G        74M       1.0M       2.9M       199M
-/+ buffers/cache:       1.7G       276M
Swap:         8.0G        10M       8.0G

             total       used       free     shared    buffers     cached
Mem:          2.0G       1.9G        71M       1.0M       1.6M       188M
-/+ buffers/cache:       1.7G       262M
Swap:         8.0G        10M       8.0G

             total       used       free     shared    buffers     cached
Mem:          2.0G       1.9G        79M       1.0M       312K       167M
-/+ buffers/cache:       1.7G       247M
Swap:         8.0G        10M       8.0G

             total       used       free     shared    buffers     cached
Mem:          2.0G       1.9G        64M       1.0M       320K       167M
-/+ buffers/cache:       1.7G       232M
Swap:         8.0G        10M       8.0G

             total       used       free     shared    buffers     cached
Mem:          2.0G       1.9G        68M       1.0M       324K       147M
-/+ buffers/cache:       1.7G       216M
Swap:         8.0G        10M       8.0G

             total       used       free     shared    buffers     cached
Mem:          2.0G       1.9G        71M       1.0M       324K       129M
-/+ buffers/cache:       1.8G       202M
Swap:         8.0G        10M       8.0G

             total       used       free     shared    buffers     cached
Mem:          2.0G       1.9G        73M       1.0M        84K       115M
-/+ buffers/cache:       1.8G       188M
Swap:         8.0G        10M       8.0G

             total       used       free     shared    buffers     cached
Mem:          2.0G       1.9G        72M       1.0M        84K       101M
-/+ buffers/cache:       1.8G       173M
Swap:         8.0G        10M       8.0G

             total       used       free     shared    buffers     cached
Mem:          2.0G       1.9G        71M       1.0M        96K        89M
-/+ buffers/cache:       1.8G       161M
Swap:         8.0G        10M       8.0G

             total       used       free     shared    buffers     cached
Mem:          2.0G       1.9G        78M       1.0M        96K        69M
-/+ buffers/cache:       1.8G       147M
Swap:         8.0G        10M       8.0G

             total       used       free     shared    buffers     cached
Mem:          2.0G       1.9G        63M       1.0M        96K        69M
-/+ buffers/cache:       1.8G       132M
Swap:         8.0G        10M       8.0G

             total       used       free     shared    buffers     cached
Mem:          2.0G       1.9G        64M       1.0M        96K        53M
-/+ buffers/cache:       1.8G       118M
Swap:         8.0G        10M       8.0G

             total       used       free     shared    buffers     cached
Mem:          2.0G       1.9G        75M       1.0M       512K        28M
-/+ buffers/cache:       1.9G       104M
Swap:         8.0G        10M       8.0G

             total       used       free     shared    buffers     cached
Mem:          2.0G       1.9G        66M       1.0M       508K        22M
-/+ buffers/cache:       1.9G        89M
Swap:         8.0G        10M       8.0G

             total       used       free     shared    buffers     cached
Mem:          2.0G       1.9G        76M       1.0M       448K       3.0M
-/+ buffers/cache:       1.9G        80M
Swap:         8.0G        16M       8.0G

             total       used       free     shared    buffers     cached
Mem:          2.0G       1.9G        76M       672K       448K       2.8M
-/+ buffers/cache:       1.9G        79M
Swap:         8.0G        38M       8.0G

             total       used       free     shared    buffers     cached
Mem:          2.0G       1.9G        73M       688K       452K       2.6M
-/+ buffers/cache:       1.9G        76M
Swap:         8.0G        40M       8.0G

             total       used       free     shared    buffers     cached
Mem:          2.0G       1.8G       117M       624K       460K       2.4M
-/+ buffers/cache:       1.8G       120M
Swap:         8.0G       132M       7.9G

             total       used       free     shared    buffers     cached
Mem:          2.0G       1.9G       103M       644K       460K       2.5M
-/+ buffers/cache:       1.8G       106M
Swap:         8.0G       132M       7.9G

             total       used       free     shared    buffers     cached
Mem:          2.0G       1.9G        87M       644K       472K       2.4M
-/+ buffers/cache:       1.9G        90M
Swap:         8.0G       132M       7.9G

             total       used       free     shared    buffers     cached
Mem:          2.0G       1.9G        73M       644K       472K       2.5M
-/+ buffers/cache:       1.9G        76M
Swap:         8.0G       132M       7.9G

             total       used       free     shared    buffers     cached
Mem:          2.0G       1.9G        72M       644K       472K       2.4M
-/+ buffers/cache:       1.9G        75M
Swap:         8.0G       132M       7.9G

             total       used       free     shared    buffers     cached
Mem:          2.0G       1.9G        71M       644K       480K       2.4M
-/+ buffers/cache:       1.9G        74M
Swap:         8.0G       132M       7.9G

             total       used       free     shared    buffers     cached
Mem:          2.0G       1.9G        69M       644K       480K       2.4M
-/+ buffers/cache:       1.9G        72M
Swap:         8.0G       147M       7.9G

             total       used       free     shared    buffers     cached
Mem:          2.0G       1.9G        68M       604K       348K       2.4M
-/+ buffers/cache:       1.9G        71M
Swap:         8.0G       169M       7.8G

             total       used       free     shared    buffers     cached
Mem:          2.0G       1.9G        69M       580K       348K       2.4M
-/+ buffers/cache:       1.9G        72M
Swap:         8.0G       169M       7.8G

             total       used       free     shared    buffers     cached
Mem:          2.0G       1.9G        67M       568K       244K       2.3M
-/+ buffers/cache:       1.9G        70M
Swap:         8.0G       206M       7.8G

             total       used       free     shared    buffers     cached
Mem:          2.0G       1.9G        67M       568K       244K       2.3M
-/+ buffers/cache:       1.9G        70M
Swap:         8.0G       206M       7.8G

             total       used       free     shared    buffers     cached
Mem:          2.0G       1.9G        74M       568K       252K       2.3M
-/+ buffers/cache:       1.9G        77M
Swap:         8.0G       208M       7.8G

             total       used       free     shared    buffers     cached
Mem:          2.0G       1.9G        68M       568K       252K       2.3M
-/+ buffers/cache:       1.9G        70M
Swap:         8.0G       208M       7.8G

             total       used       free     shared    buffers     cached
Mem:          2.0G       1.9G        84M       568K        88K       2.3M
-/+ buffers/cache:       1.9G        86M
Swap:         8.0G       243M       7.8G

             total       used       free     shared    buffers     cached
Mem:          2.0G       1.9G        68M       540K        88K       2.3M
-/+ buffers/cache:       1.9G        70M
Swap:         8.0G       243M       7.8G

             total       used       free     shared    buffers     cached
Mem:          2.0G       1.9G        65M       540K        88K       2.3M
-/+ buffers/cache:       1.9G        68M
Swap:         8.0G       243M       7.8G

             total       used       free     shared    buffers     cached
Mem:          2.0G       1.9G        73M       540K        96K       2.2M
-/+ buffers/cache:       1.9G        76M
Swap:         8.0G       312M       7.7G

             total       used       free     shared    buffers     cached
Mem:          2.0G       1.9G        77M       540K        96K       2.3M
-/+ buffers/cache:       1.9G        80M
Swap:         8.0G       312M       7.7G

             total       used       free     shared    buffers     cached
Mem:          2.0G       1.9G        72M       540K        96K       2.3M
-/+ buffers/cache:       1.9G        74M
Swap:         8.0G       312M       7.7G

             total       used       free     shared    buffers     cached
Mem:          2.0G       1.9G        71M       540K        96K       2.3M
-/+ buffers/cache:       1.9G        74M
Swap:         8.0G       311M       7.7G

             total       used       free     shared    buffers     cached
Mem:          2.0G       1.9G        71M       540K        96K       2.3M
-/+ buffers/cache:       1.9G        73M
Swap:         8.0G       310M       7.7G

             total       used       free     shared    buffers     cached
Mem:          2.0G       1.9G        70M       540K       104K       2.3M
-/+ buffers/cache:       1.9G        72M
Swap:         8.0G       310M       7.7G

             total       used       free     shared    buffers     cached
Mem:          2.0G       1.9G        70M       540K       104K       2.3M
-/+ buffers/cache:       1.9G        72M
Swap:         8.0G       309M       7.7G

             total       used       free     shared    buffers     cached
Mem:          2.0G       1.9G        69M       540K       104K       2.3M
-/+ buffers/cache:       1.9G        71M
Swap:         8.0G       309M       7.7G

             total       used       free     shared    buffers     cached
Mem:          2.0G       1.9G        68M       540K       104K       2.3M
-/+ buffers/cache:       1.9G        71M
Swap:         8.0G       308M       7.7G

             total       used       free     shared    buffers     cached
Mem:          2.0G       1.9G        68M       540K       104K       2.3M
-/+ buffers/cache:       1.9G        70M
Swap:         8.0G       307M       7.7G

             total       used       free     shared    buffers     cached
Mem:          2.0G       1.9G        67M       540K       104K       2.3M
-/+ buffers/cache:       1.9G        70M
Swap:         8.0G       307M       7.7G

             total       used       free     shared    buffers     cached
Mem:          2.0G       1.9G        67M       540K       116K       2.3M
-/+ buffers/cache:       1.9G        69M
Swap:         8.0G       306M       7.7G

             total       used       free     shared    buffers     cached
Mem:          2.0G       1.9G        66M       540K       116K       2.3M
-/+ buffers/cache:       1.9G        69M
Swap:         8.0G       306M       7.7G

             total       used       free     shared    buffers     cached
Mem:          2.0G       1.9G        66M       540K       116K       2.3M
-/+ buffers/cache:       1.9G        68M
Swap:         8.0G       305M       7.7G

             total       used       free     shared    buffers     cached
Mem:          2.0G       1.9G        65M       540K       116K       2.3M
-/+ buffers/cache:       1.9G        68M
Swap:         8.0G       305M       7.7G

             total       used       free     shared    buffers     cached
Mem:          2.0G       1.9G        65M       540K       116K       2.3M
-/+ buffers/cache:       1.9G        67M
Swap:         8.0G       304M       7.7G

             total       used       free     shared    buffers     cached
Mem:          2.0G       1.9G        64M       540K       124K       2.3M
-/+ buffers/cache:       1.9G        67M
Swap:         8.0G       304M       7.7G

             total       used       free     shared    buffers     cached
Mem:          2.0G       1.9G        75M       540K       124K       2.3M
-/+ buffers/cache:       1.9G        78M
Swap:         8.0G       303M       7.7G

             total       used       free     shared    buffers     cached
Mem:          2.0G       1.9G        75M       540K       124K       2.3M
-/+ buffers/cache:       1.9G        77M
Swap:         8.0G       303M       7.7G

             total       used       free     shared    buffers     cached
Mem:          2.0G       1.9G        74M       540K       124K       2.3M
-/+ buffers/cache:       1.9G        77M
Swap:         8.0G       302M       7.7G

             total       used       free     shared    buffers     cached
Mem:          2.0G       1.9G        74M       540K       124K       2.3M
-/+ buffers/cache:       1.9G        76M
Swap:         8.0G       302M       7.7G

             total       used       free     shared    buffers     cached
Mem:          2.0G       1.9G        73M       540K       132K       2.3M
-/+ buffers/cache:       1.9G        76M
Swap:         8.0G       301M       7.7G

             total       used       free     shared    buffers     cached
Mem:          2.0G       1.9G        70M       540K       552K       3.5M
-/+ buffers/cache:       1.9G        74M
Swap:         8.0G       301M       7.7G

             total       used       free     shared    buffers     cached
Mem:          2.0G       1.9G        53M       540K       140K        26M
-/+ buffers/cache:       1.9G        80M
Swap:         8.0G       306M       7.7G

             total       used       free     shared    buffers     cached
Mem:          2.0G       1.9G        78M       544K       228K        24M
-/+ buffers/cache:       1.9G       102M
Swap:         8.0G       330M       7.7G

             total       used       free     shared    buffers     cached
Mem:          2.0G       1.9G        77M       544K       236K        24M
-/+ buffers/cache:       1.9G       102M
Swap:         8.0G       330M       7.7G

             total       used       free     shared    buffers     cached
Mem:          2.0G       1.9G        76M       544K       236K        24M
-/+ buffers/cache:       1.9G       101M
Swap:         8.0G       329M       7.7G

             total       used       free     shared    buffers     cached
Mem:          2.0G       1.9G        75M       544K       240K        24M
-/+ buffers/cache:       1.9G       100M
Swap:         8.0G       329M       7.7G

             total       used       free     shared    buffers     cached
Mem:          2.0G       1.9G        65M       544K       240K        30M
-/+ buffers/cache:       1.9G        96M
Swap:         8.0G       326M       7.7G

             total       used       free     shared    buffers     cached
Mem:          2.0G       1.9G        64M       544K       248K        30M
-/+ buffers/cache:       1.9G        95M
Swap:         8.0G       326M       7.7G

             total       used       free     shared    buffers     cached
Mem:          2.0G       1.9G        85M       544K       1.7M        28M
-/+ buffers/cache:       1.8G       115M
Swap:         8.0G       360M       7.6G

             total       used       free     shared    buffers     cached
Mem:          2.0G       1.9G        82M       548K       1.7M        29M
-/+ buffers/cache:       1.8G       113M
Swap:         8.0G       359M       7.6G

             total       used       free     shared    buffers     cached
Mem:          2.0G       1.9G        82M       548K       1.7M        29M
-/+ buffers/cache:       1.8G       113M
Swap:         8.0G       359M       7.6G

             total       used       free     shared    buffers     cached
Mem:          2.0G       1.9G        81M       548K       1.7M        29M
-/+ buffers/cache:       1.8G       112M
Swap:         8.0G       358M       7.6G

             total       used       free     shared    buffers     cached
Mem:          2.0G       1.9G        81M       548K       1.7M        29M
-/+ buffers/cache:       1.8G       112M
Swap:         8.0G       358M       7.6G

             total       used       free     shared    buffers     cached
Mem:          2.0G       1.9G        80M       548K       1.7M        29M
-/+ buffers/cache:       1.8G       111M
Swap:         8.0G       357M       7.6G

             total       used       free     shared    buffers     cached
Mem:          2.0G       1.9G        79M       548K       1.7M        29M
-/+ buffers/cache:       1.8G       111M
Swap:         8.0G       357M       7.6G

             total       used       free     shared    buffers     cached
Mem:          2.0G       1.9G        79M       548K       1.7M        29M
-/+ buffers/cache:       1.8G       110M
Swap:         8.0G       357M       7.6G

             total       used       free     shared    buffers     cached
Mem:          2.0G       1.9G        78M       548K       1.7M        29M
-/+ buffers/cache:       1.8G       110M
Swap:         8.0G       356M       7.6G

             total       used       free     shared    buffers     cached
Mem:          2.0G       1.9G        78M       548K       1.7M        29M
-/+ buffers/cache:       1.8G       109M
Swap:         8.0G       356M       7.6G

             total       used       free     shared    buffers     cached
Mem:          2.0G       1.9G        77M       548K       1.7M        29M
-/+ buffers/cache:       1.8G       108M
Swap:         8.0G       356M       7.6G

             total       used       free     shared    buffers     cached
Mem:          2.0G       1.9G        77M       548K       1.7M        29M
-/+ buffers/cache:       1.8G       108M
Swap:         8.0G       355M       7.6G

             total       used       free     shared    buffers     cached
Mem:          2.0G       1.9G        76M       548K       1.7M        29M
-/+ buffers/cache:       1.8G       107M
Swap:         8.0G       355M       7.6G

             total       used       free     shared    buffers     cached
Mem:          2.0G       1.9G        75M       548K       1.7M        29M
-/+ buffers/cache:       1.8G       106M
Swap:         8.0G       354M       7.7G

             total       used       free     shared    buffers     cached
Mem:          2.0G       1.9G        74M       548K       1.7M        29M
-/+ buffers/cache:       1.8G       106M
Swap:         8.0G       354M       7.7G

             total       used       free     shared    buffers     cached
Mem:          2.0G       1.9G        74M       548K       1.7M        29M
-/+ buffers/cache:       1.9G       105M
Swap:         8.0G       354M       7.7G

             total       used       free     shared    buffers     cached
Mem:          2.0G       1.9G        73M       548K       1.7M        29M
-/+ buffers/cache:       1.9G       104M
Swap:         8.0G       353M       7.7G

             total       used       free     shared    buffers     cached
Mem:          2.0G       1.9G        73M       548K       1.7M        29M
-/+ buffers/cache:       1.9G       104M
Swap:         8.0G       353M       7.7G

             total       used       free     shared    buffers     cached
Mem:          2.0G       1.9G        72M       548K       1.7M        29M
-/+ buffers/cache:       1.9G       103M
Swap:         8.0G       352M       7.7G

             total       used       free     shared    buffers     cached
Mem:          2.0G       1.9G        71M       548K       1.7M        29M
-/+ buffers/cache:       1.9G       103M
Swap:         8.0G       352M       7.7G

             total       used       free     shared    buffers     cached
Mem:          2.0G       1.9G        71M       548K       1.7M        29M
-/+ buffers/cache:       1.9G       102M
Swap:         8.0G       352M       7.7G

             total       used       free     shared    buffers     cached
Mem:          2.0G       1.9G        70M       548K       1.7M        29M
-/+ buffers/cache:       1.9G       101M
Swap:         8.0G       351M       7.7G

             total       used       free     shared    buffers     cached
Mem:          2.0G       1.9G        69M       548K       1.7M        29M
-/+ buffers/cache:       1.9G       101M
Swap:         8.0G       351M       7.7G

             total       used       free     shared    buffers     cached
Mem:          2.0G       1.9G        69M       548K       1.7M        29M
-/+ buffers/cache:       1.9G       100M
Swap:         8.0G       350M       7.7G

             total       used       free     shared    buffers     cached
Mem:          2.0G       1.9G        68M       548K       1.7M        29M
-/+ buffers/cache:       1.9G       100M
Swap:         8.0G       350M       7.7G

             total       used       free     shared    buffers     cached
Mem:          2.0G       1.9G        68M       548K       1.7M        29M
-/+ buffers/cache:       1.9G        99M
Swap:         8.0G       350M       7.7G

             total       used       free     shared    buffers     cached
Mem:          2.0G       1.9G        67M       548K       1.7M        29M
-/+ buffers/cache:       1.9G        98M
Swap:         8.0G       349M       7.7G

             total       used       free     shared    buffers     cached
Mem:          2.0G       1.9G        66M       548K       1.7M        29M
-/+ buffers/cache:       1.9G        98M
Swap:         8.0G       349M       7.7G

             total       used       free     shared    buffers     cached
Mem:          2.0G       1.9G        66M       548K       1.7M        29M
-/+ buffers/cache:       1.9G        97M
Swap:         8.0G       348M       7.7G

             total       used       free     shared    buffers     cached
Mem:          2.0G       1.9G        65M       548K       1.7M        29M
-/+ buffers/cache:       1.9G        96M
Swap:         8.0G       348M       7.7G

             total       used       free     shared    buffers     cached
Mem:          2.0G       1.9G        65M       548K       1.7M        29M
-/+ buffers/cache:       1.9G        96M
Swap:         8.0G       348M       7.7G

             total       used       free     shared    buffers     cached
Mem:          2.0G       1.9G        68M       548K       1.7M        29M
-/+ buffers/cache:       1.9G        99M
Swap:         8.0G       347M       7.7G

             total       used       free     shared    buffers     cached
Mem:          2.0G       1.9G        80M       548K       1.7M        28M
-/+ buffers/cache:       1.8G       111M
Swap:         8.0G       350M       7.7G

             total       used       free     shared    buffers     cached
Mem:          2.0G       1.9G        79M       548K       1.7M        28M
-/+ buffers/cache:       1.8G       110M
Swap:         8.0G       350M       7.7G

             total       used       free     shared    buffers     cached
Mem:          2.0G       1.9G        78M       548K       1.7M        28M
-/+ buffers/cache:       1.8G       109M
Swap:         8.0G       349M       7.7G

             total       used       free     shared    buffers     cached
Mem:          2.0G       1.9G        78M       548K       1.7M        28M
-/+ buffers/cache:       1.8G       108M
Swap:         8.0G       349M       7.7G

             total       used       free     shared    buffers     cached
Mem:          2.0G       1.9G        77M       548K       1.7M        28M
-/+ buffers/cache:       1.8G       108M
Swap:         8.0G       348M       7.7G

             total       used       free     shared    buffers     cached
Mem:          2.0G       1.9G        76M       548K       1.7M        28M
-/+ buffers/cache:       1.8G       107M
Swap:         8.0G       348M       7.7G

             total       used       free     shared    buffers     cached
Mem:          2.0G       1.9G        76M       548K       1.7M        28M
-/+ buffers/cache:       1.8G       106M
Swap:         8.0G       348M       7.7G

             total       used       free     shared    buffers     cached
Mem:          2.0G       1.9G        75M       548K       1.7M        28M
-/+ buffers/cache:       1.8G       106M
Swap:         8.0G       347M       7.7G

             total       used       free     shared    buffers     cached
Mem:          2.0G       1.9G        74M       548K       1.7M        28M
-/+ buffers/cache:       1.9G       105M
Swap:         8.0G       347M       7.7G

             total       used       free     shared    buffers     cached
Mem:          2.0G       1.9G        74M       548K       1.7M        28M
-/+ buffers/cache:       1.9G       104M
Swap:         8.0G       346M       7.7G

             total       used       free     shared    buffers     cached
Mem:          2.0G       1.9G        73M       548K       1.7M        28M
-/+ buffers/cache:       1.9G       104M
Swap:         8.0G       346M       7.7G

             total       used       free     shared    buffers     cached
Mem:          2.0G       1.9G        72M       548K       1.7M        28M
-/+ buffers/cache:       1.9G       103M
Swap:         8.0G       346M       7.7G

             total       used       free     shared    buffers     cached
Mem:          2.0G       1.9G        72M       548K       1.7M        28M
-/+ buffers/cache:       1.9G       102M
Swap:         8.0G       345M       7.7G

             total       used       free     shared    buffers     cached
Mem:          2.0G       1.9G        71M       548K       1.7M        28M
-/+ buffers/cache:       1.9G       102M
Swap:         8.0G       345M       7.7G

             total       used       free     shared    buffers     cached
Mem:          2.0G       1.9G        70M       548K       1.7M        28M
-/+ buffers/cache:       1.9G       101M
Swap:         8.0G       344M       7.7G

             total       used       free     shared    buffers     cached
Mem:          2.0G       1.9G        70M       548K       1.7M        28M
-/+ buffers/cache:       1.9G       100M
Swap:         8.0G       344M       7.7G

             total       used       free     shared    buffers     cached
Mem:          2.0G       1.9G        69M       548K       1.8M        28M
-/+ buffers/cache:       1.9G       100M
Swap:         8.0G       344M       7.7G

             total       used       free     shared    buffers     cached
Mem:          2.0G       1.9G        68M       548K       1.8M        28M
-/+ buffers/cache:       1.9G        99M
Swap:         8.0G       343M       7.7G

             total       used       free     shared    buffers     cached
Mem:          2.0G       1.9G        68M       548K       1.8M        28M
-/+ buffers/cache:       1.9G        99M
Swap:         8.0G       343M       7.7G

             total       used       free     shared    buffers     cached
Mem:          2.0G       1.9G        67M       548K       1.8M        28M
-/+ buffers/cache:       1.9G        98M
Swap:         8.0G       342M       7.7G

             total       used       free     shared    buffers     cached
Mem:          2.0G       1.9G        67M       548K       1.8M        28M
-/+ buffers/cache:       1.9G        97M
Swap:         8.0G       342M       7.7G

             total       used       free     shared    buffers     cached
Mem:          2.0G       1.9G        66M       548K       1.8M        28M
-/+ buffers/cache:       1.9G        96M
Swap:         8.0G       342M       7.7G

             total       used       free     shared    buffers     cached
Mem:          2.0G       1.9G        65M       548K       1.8M        28M
-/+ buffers/cache:       1.9G        96M
Swap:         8.0G       341M       7.7G

             total       used       free     shared    buffers     cached
Mem:          2.0G       1.9G        65M       548K       1.8M        28M
-/+ buffers/cache:       1.9G        95M
Swap:         8.0G       341M       7.7G

             total       used       free     shared    buffers     cached
Mem:          2.0G       1.9G        77M       548K       1.8M        26M
-/+ buffers/cache:       1.9G       104M
Swap:         8.0G       355M       7.7G

             total       used       free     shared    buffers     cached
Mem:          2.0G       1.9G        76M       548K       1.8M        26M
-/+ buffers/cache:       1.9G       104M
Swap:         8.0G       354M       7.7G

             total       used       free     shared    buffers     cached
Mem:          2.0G       1.9G        75M       548K       1.8M        26M
-/+ buffers/cache:       1.9G       103M
Swap:         8.0G       354M       7.7G

             total       used       free     shared    buffers     cached
Mem:          2.0G       1.9G        73M       548K       1.8M        26M
-/+ buffers/cache:       1.9G       102M
Swap:         8.0G       353M       7.7G

             total       used       free     shared    buffers     cached
Mem:          2.0G       1.9G        73M       552K       1.8M        26M
-/+ buffers/cache:       1.9G       101M
Swap:         8.0G       353M       7.7G

             total       used       free     shared    buffers     cached
Mem:          2.0G       1.9G        66M       552K       1.8M        28M
-/+ buffers/cache:       1.9G        97M
Swap:         8.0G       350M       7.7G

             total       used       free     shared    buffers     cached
Mem:          2.0G       1.9G        66M       552K       1.8M        28M
-/+ buffers/cache:       1.9G        96M
Swap:         8.0G       350M       7.7G

             total       used       free     shared    buffers     cached
Mem:          2.0G       1.9G        76M       552K       1.6M        25M
-/+ buffers/cache:       1.9G       103M
Swap:         8.0G       353M       7.7G

             total       used       free     shared    buffers     cached
Mem:          2.0G       1.9G        75M       552K       1.6M        25M
-/+ buffers/cache:       1.9G       103M
Swap:         8.0G       353M       7.7G

             total       used       free     shared    buffers     cached
Mem:          2.0G       1.9G        74M       552K       1.6M        25M
-/+ buffers/cache:       1.9G       102M
Swap:         8.0G       353M       7.7G

             total       used       free     shared    buffers     cached
Mem:          2.0G       1.9G        74M       552K       1.6M        25M
-/+ buffers/cache:       1.9G       102M
Swap:         8.0G       352M       7.7G

             total       used       free     shared    buffers     cached
Mem:          2.0G       1.9G        74M       552K       1.6M        25M
-/+ buffers/cache:       1.9G       101M
Swap:         8.0G       352M       7.7G

             total       used       free     shared    buffers     cached
Mem:          2.0G       1.9G        73M       552K       1.6M        25M
-/+ buffers/cache:       1.9G       101M
Swap:         8.0G       352M       7.7G

             total       used       free     shared    buffers     cached
Mem:          2.0G       1.9G        73M       552K       1.6M        25M
-/+ buffers/cache:       1.9G       100M
Swap:         8.0G       352M       7.7G

             total       used       free     shared    buffers     cached
Mem:          2.0G       1.9G        72M       552K       1.6M        25M
-/+ buffers/cache:       1.9G       100M
Swap:         8.0G       351M       7.7G

             total       used       free     shared    buffers     cached
Mem:          2.0G       1.9G        72M       552K       1.6M        25M
-/+ buffers/cache:       1.9G        99M
Swap:         8.0G       351M       7.7G

             total       used       free     shared    buffers     cached
Mem:          2.0G       1.9G        71M       552K       1.6M        25M
-/+ buffers/cache:       1.9G        99M
Swap:         8.0G       351M       7.7G

             total       used       free     shared    buffers     cached
Mem:          2.0G       1.9G        69M       552K       1.6M        27M
-/+ buffers/cache:       1.9G        98M
Swap:         8.0G       350M       7.7G

             total       used       free     shared    buffers     cached
Mem:          2.0G       1.9G        79M       4.3M       2.7M        45M
-/+ buffers/cache:       1.8G       128M
Swap:         8.0G       406M       7.6G

             total       used       free     shared    buffers     cached
Mem:          2.0G       1.9G        79M       4.3M       3.9M        58M
-/+ buffers/cache:       1.8G       141M
Swap:         8.0G       423M       7.6G

             total       used       free     shared    buffers     cached
Mem:          2.0G       1.9G        74M       672K       3.9M        59M
-/+ buffers/cache:       1.8G       138M
Swap:         8.0G       423M       7.6G

             total       used       free     shared    buffers     cached
Mem:          2.0G       1.9G        65M       632K       4.2M        61M
-/+ buffers/cache:       1.8G       131M
Swap:         8.0G       419M       7.6G

             total       used       free     shared    buffers     cached
Mem:          2.0G       1.9G        64M       632K       4.2M        61M
-/+ buffers/cache:       1.8G       130M
Swap:         8.0G       418M       7.6G

             total       used       free     shared    buffers     cached
Mem:          2.0G       1.9G        76M       632K       4.2M        60M
-/+ buffers/cache:       1.8G       141M
Swap:         8.0G       417M       7.6G

             total       used       free     shared    buffers     cached
Mem:          2.0G       1.9G        75M       632K       4.2M        60M
-/+ buffers/cache:       1.8G       140M
Swap:         8.0G       415M       7.6G

             total       used       free     shared    buffers     cached
Mem:          2.0G       1.9G        74M       632K       4.2M        60M
-/+ buffers/cache:       1.8G       139M
Swap:         8.0G       414M       7.6G

             total       used       free     shared    buffers     cached
Mem:          2.0G       1.9G        72M       632K       4.3M        61M
-/+ buffers/cache:       1.8G       138M
Swap:         8.0G       413M       7.6G

             total       used       free     shared    buffers     cached
Mem:          2.0G       1.9G        71M       632K       4.3M        61M
-/+ buffers/cache:       1.8G       137M
Swap:         8.0G       412M       7.6G

             total       used       free     shared    buffers     cached
Mem:          2.0G       1.9G        70M       632K       4.3M        61M
-/+ buffers/cache:       1.8G       136M
Swap:         8.0G       411M       7.6G

             total       used       free     shared    buffers     cached
Mem:          2.0G       1.9G        69M       632K       4.3M        61M
-/+ buffers/cache:       1.8G       135M
Swap:         8.0G       409M       7.6G

             total       used       free     shared    buffers     cached
Mem:          2.0G       1.9G        68M       632K       4.3M        61M
-/+ buffers/cache:       1.8G       134M
Swap:         8.0G       408M       7.6G

             total       used       free     shared    buffers     cached
Mem:          2.0G       1.9G        67M       632K       4.3M        61M
-/+ buffers/cache:       1.8G       133M
Swap:         8.0G       407M       7.6G

             total       used       free     shared    buffers     cached
Mem:          2.0G       1.9G        66M       632K       4.3M        61M
-/+ buffers/cache:       1.8G       132M
Swap:         8.0G       406M       7.6G

             total       used       free     shared    buffers     cached
Mem:          2.0G       1.9G        65M       632K       4.3M        61M
-/+ buffers/cache:       1.8G       131M
Swap:         8.0G       404M       7.6G

             total       used       free     shared    buffers     cached
Mem:          2.0G       1.9G        84M       632K       2.9M        55M
-/+ buffers/cache:       1.8G       142M
Swap:         8.0G       425M       7.6G

             total       used       free     shared    buffers     cached
Mem:          2.0G       1.9G        83M       632K       2.9M        55M
-/+ buffers/cache:       1.8G       141M
Swap:         8.0G       424M       7.6G

             total       used       free     shared    buffers     cached
Mem:          2.0G       1.9G        81M       632K       2.9M        55M
-/+ buffers/cache:       1.8G       140M
Swap:         8.0G       423M       7.6G

             total       used       free     shared    buffers     cached
Mem:          2.0G       1.9G        81M       632K       2.9M        55M
-/+ buffers/cache:       1.8G       139M
Swap:         8.0G       422M       7.6G

             total       used       free     shared    buffers     cached
Mem:          2.0G       1.9G        80M       632K       2.9M        55M
-/+ buffers/cache:       1.8G       138M
Swap:         8.0G       421M       7.6G

             total       used       free     shared    buffers     cached
Mem:          2.0G       1.9G        79M       632K       2.9M        55M
-/+ buffers/cache:       1.8G       137M
Swap:         8.0G       420M       7.6G

             total       used       free     shared    buffers     cached
Mem:          2.0G       1.9G        78M       632K       2.9M        55M
-/+ buffers/cache:       1.8G       136M
Swap:         8.0G       419M       7.6G

             total       used       free     shared    buffers     cached
Mem:          2.0G       1.9G        77M       632K       2.9M        56M
-/+ buffers/cache:       1.8G       136M
Swap:         8.0G       418M       7.6G

             total       used       free     shared    buffers     cached
Mem:          2.0G       1.9G        76M       632K       2.9M        55M
-/+ buffers/cache:       1.8G       135M
Swap:         8.0G       417M       7.6G

             total       used       free     shared    buffers     cached
Mem:          2.0G       1.9G        75M       632K       2.9M        55M
-/+ buffers/cache:       1.8G       134M
Swap:         8.0G       416M       7.6G

             total       used       free     shared    buffers     cached
Mem:          2.0G       1.9G        74M       632K       2.9M        55M
-/+ buffers/cache:       1.8G       133M
Swap:         8.0G       415M       7.6G

             total       used       free     shared    buffers     cached
Mem:          2.0G       1.9G        73M       632K       2.9M        56M
-/+ buffers/cache:       1.8G       132M
Swap:         8.0G       414M       7.6G

             total       used       free     shared    buffers     cached
Mem:          2.0G       1.9G        72M       632K       2.9M        55M
-/+ buffers/cache:       1.8G       131M
Swap:         8.0G       414M       7.6G

             total       used       free     shared    buffers     cached
Mem:          2.0G       1.9G        71M       632K       2.9M        55M
-/+ buffers/cache:       1.8G       130M
Swap:         8.0G       412M       7.6G

             total       used       free     shared    buffers     cached
Mem:          2.0G       1.9G        70M       632K       2.9M        55M
-/+ buffers/cache:       1.8G       129M
Swap:         8.0G       411M       7.6G

             total       used       free     shared    buffers     cached
Mem:          2.0G       1.9G        69M       632K       2.9M        55M
-/+ buffers/cache:       1.8G       128M
Swap:         8.0G       410M       7.6G

             total       used       free     shared    buffers     cached
Mem:          2.0G       1.9G        68M       632K       2.9M        55M
-/+ buffers/cache:       1.8G       127M
Swap:         8.0G       409M       7.6G

             total       used       free     shared    buffers     cached
Mem:          2.0G       1.9G        67M       632K       2.9M        56M
-/+ buffers/cache:       1.8G       126M
Swap:         8.0G       408M       7.6G

             total       used       free     shared    buffers     cached
Mem:          2.0G       1.9G        66M       632K       2.9M        55M
-/+ buffers/cache:       1.8G       125M
Swap:         8.0G       407M       7.6G

             total       used       free     shared    buffers     cached
Mem:          2.0G       1.9G        65M       632K       2.9M        56M
-/+ buffers/cache:       1.8G       124M
Swap:         8.0G       406M       7.6G

             total       used       free     shared    buffers     cached
Mem:          2.0G       1.9G        64M       632K       2.9M        56M
-/+ buffers/cache:       1.8G       123M
Swap:         8.0G       405M       7.6G

             total       used       free     shared    buffers     cached
Mem:          2.0G       1.9G        76M       632K       2.9M        54M
-/+ buffers/cache:       1.8G       133M
Swap:         8.0G       405M       7.6G

             total       used       free     shared    buffers     cached
Mem:          2.0G       1.9G        75M       632K       2.9M        54M
-/+ buffers/cache:       1.8G       132M
Swap:         8.0G       404M       7.6G

             total       used       free     shared    buffers     cached
Mem:          2.0G       1.9G        74M       632K       2.9M        54M
-/+ buffers/cache:       1.8G       131M
Swap:         8.0G       403M       7.6G

             total       used       free     shared    buffers     cached
Mem:          2.0G       1.9G        73M       632K       2.9M        54M
-/+ buffers/cache:       1.8G       130M
Swap:         8.0G       402M       7.6G

             total       used       free     shared    buffers     cached
Mem:          2.0G       1.9G        84M       696K       4.1M        59M
-/+ buffers/cache:       1.8G       148M
Swap:         8.0G       431M       7.6G

             total       used       free     shared    buffers     cached
Mem:          2.0G       1.9G        66M       676K       7.3M        67M
-/+ buffers/cache:       1.8G       141M
Swap:         8.0G       430M       7.6G
