             total       used       free     shared    buffers     cached
Mem:          992M       660M       331M       3.2M        38M       289M
-/+ buffers/cache:       332M       659M
Swap:         8.0G         0B       8.0G

             total       used       free     shared    buffers     cached
Mem:          992M       659M       332M       1.4M        38M       287M
-/+ buffers/cache:       333M       658M
Swap:         8.0G         0B       8.0G

             total       used       free     shared    buffers     cached
Mem:          992M       659M       332M       1.4M        38M       287M
-/+ buffers/cache:       333M       659M
Swap:         8.0G         0B       8.0G

             total       used       free     shared    buffers     cached
Mem:          992M       659M       332M       1.4M        38M       287M
-/+ buffers/cache:       333M       659M
Swap:         8.0G         0B       8.0G

             total       used       free     shared    buffers     cached
Mem:          992M       659M       332M       1.4M        38M       287M
-/+ buffers/cache:       333M       659M
Swap:         8.0G         0B       8.0G

             total       used       free     shared    buffers     cached
Mem:          992M       659M       332M       1.4M        38M       287M
-/+ buffers/cache:       333M       659M
Swap:         8.0G         0B       8.0G

             total       used       free     shared    buffers     cached
Mem:          992M       659M       332M       1.4M        38M       287M
-/+ buffers/cache:       332M       659M
Swap:         8.0G         0B       8.0G

             total       used       free     shared    buffers     cached
Mem:          992M       658M       333M       1.4M        38M       288M
-/+ buffers/cache:       332M       659M
Swap:         8.0G         0B       8.0G

             total       used       free     shared    buffers     cached
Mem:          992M       658M       333M       1.4M        38M       288M
-/+ buffers/cache:       332M       659M
Swap:         8.0G         0B       8.0G

             total       used       free     shared    buffers     cached
Mem:          992M       662M       329M       1.4M        38M       288M
-/+ buffers/cache:       335M       656M
Swap:         8.0G         0B       8.0G

             total       used       free     shared    buffers     cached
Mem:          992M       681M       310M       1.4M        38M       288M
-/+ buffers/cache:       354M       637M
Swap:         8.0G         0B       8.0G

             total       used       free     shared    buffers     cached
Mem:          992M       708M       283M       1.4M        38M       289M
-/+ buffers/cache:       380M       611M
Swap:         8.0G         0B       8.0G

             total       used       free     shared    buffers     cached
Mem:          992M       668M       323M       1.4M        38M       289M
-/+ buffers/cache:       340M       651M
Swap:         8.0G         0B       8.0G

             total       used       free     shared    buffers     cached
Mem:          992M       668M       323M       1.4M        38M       289M
-/+ buffers/cache:       340M       651M
Swap:         8.0G         0B       8.0G

             total       used       free     shared    buffers     cached
Mem:          992M       668M       323M       1.4M        38M       289M
-/+ buffers/cache:       340M       651M
Swap:         8.0G         0B       8.0G

             total       used       free     shared    buffers     cached
Mem:          992M       668M       323M       1.4M        38M       289M
-/+ buffers/cache:       340M       651M
Swap:         8.0G         0B       8.0G

             total       used       free     shared    buffers     cached
Mem:          992M       668M       323M       1.4M        38M       289M
-/+ buffers/cache:       340M       651M
Swap:         8.0G         0B       8.0G

             total       used       free     shared    buffers     cached
Mem:          992M       668M       323M       1.4M        38M       289M
-/+ buffers/cache:       340M       651M
Swap:         8.0G         0B       8.0G

             total       used       free     shared    buffers     cached
Mem:          992M       668M       323M       1.4M        38M       289M
-/+ buffers/cache:       340M       651M
Swap:         8.0G         0B       8.0G

             total       used       free     shared    buffers     cached
Mem:          992M       668M       323M       1.4M        38M       289M
-/+ buffers/cache:       340M       651M
Swap:         8.0G         0B       8.0G

             total       used       free     shared    buffers     cached
Mem:          992M       668M       323M       1.4M        38M       289M
-/+ buffers/cache:       340M       651M
Swap:         8.0G         0B       8.0G

             total       used       free     shared    buffers     cached
Mem:          992M       668M       323M       1.4M        38M       289M
-/+ buffers/cache:       340M       651M
Swap:         8.0G         0B       8.0G

             total       used       free     shared    buffers     cached
Mem:          992M       668M       323M       1.4M        38M       289M
-/+ buffers/cache:       340M       651M
Swap:         8.0G         0B       8.0G

             total       used       free     shared    buffers     cached
Mem:          992M       668M       323M       1.4M        38M       289M
-/+ buffers/cache:       340M       651M
Swap:         8.0G         0B       8.0G

             total       used       free     shared    buffers     cached
Mem:          992M       668M       323M       1.4M        38M       289M
-/+ buffers/cache:       340M       651M
Swap:         8.0G         0B       8.0G

             total       used       free     shared    buffers     cached
Mem:          992M       668M       323M       1.4M        38M       289M
-/+ buffers/cache:       340M       651M
Swap:         8.0G         0B       8.0G

             total       used       free     shared    buffers     cached
Mem:          992M       668M       323M       1.4M        38M       289M
-/+ buffers/cache:       340M       651M
Swap:         8.0G         0B       8.0G

             total       used       free     shared    buffers     cached
Mem:          992M       668M       323M       1.4M        38M       289M
-/+ buffers/cache:       340M       651M
Swap:         8.0G         0B       8.0G

             total       used       free     shared    buffers     cached
Mem:          992M       668M       323M       1.4M        38M       289M
-/+ buffers/cache:       340M       651M
Swap:         8.0G         0B       8.0G

             total       used       free     shared    buffers     cached
Mem:          992M       668M       323M       1.4M        38M       289M
-/+ buffers/cache:       340M       651M
Swap:         8.0G         0B       8.0G

             total       used       free     shared    buffers     cached
Mem:          992M       668M       323M       1.4M        38M       289M
-/+ buffers/cache:       340M       651M
Swap:         8.0G         0B       8.0G

             total       used       free     shared    buffers     cached
Mem:          992M       668M       323M       1.4M        38M       289M
-/+ buffers/cache:       340M       651M
Swap:         8.0G         0B       8.0G

             total       used       free     shared    buffers     cached
Mem:          992M       668M       323M       1.4M        38M       289M
-/+ buffers/cache:       340M       651M
Swap:         8.0G         0B       8.0G

             total       used       free     shared    buffers     cached
Mem:          992M       676M       316M       1.4M        38M       289M
-/+ buffers/cache:       347M       644M
Swap:         8.0G         0B       8.0G

             total       used       free     shared    buffers     cached
Mem:          992M       691M       301M       1.4M        38M       289M
-/+ buffers/cache:       362M       629M
Swap:         8.0G         0B       8.0G

             total       used       free     shared    buffers     cached
Mem:          992M       707M       285M       1.4M        38M       289M
-/+ buffers/cache:       378M       613M
Swap:         8.0G         0B       8.0G

             total       used       free     shared    buffers     cached
Mem:          992M       723M       268M       1.4M        38M       289M
-/+ buffers/cache:       394M       597M
Swap:         8.0G         0B       8.0G

             total       used       free     shared    buffers     cached
Mem:          992M       738M       253M       1.4M        38M       289M
-/+ buffers/cache:       409M       582M
Swap:         8.0G         0B       8.0G

             total       used       free     shared    buffers     cached
Mem:          992M       753M       238M       1.4M        38M       289M
-/+ buffers/cache:       424M       567M
Swap:         8.0G         0B       8.0G

             total       used       free     shared    buffers     cached
Mem:          992M       768M       223M       1.4M        38M       289M
-/+ buffers/cache:       440M       551M
Swap:         8.0G         0B       8.0G

             total       used       free     shared    buffers     cached
Mem:          992M       782M       209M       1.4M        38M       289M
-/+ buffers/cache:       453M       538M
Swap:         8.0G         0B       8.0G

             total       used       free     shared    buffers     cached
Mem:          992M       796M       195M       1.4M        38M       289M
-/+ buffers/cache:       468M       523M
Swap:         8.0G         0B       8.0G

             total       used       free     shared    buffers     cached
Mem:          992M       812M       179M       1.4M        38M       289M
-/+ buffers/cache:       484M       507M
Swap:         8.0G         0B       8.0G

             total       used       free     shared    buffers     cached
Mem:          992M       829M       162M       1.4M        38M       289M
-/+ buffers/cache:       501M       490M
Swap:         8.0G         0B       8.0G

             total       used       free     shared    buffers     cached
Mem:          992M       845M       146M       1.4M        38M       289M
-/+ buffers/cache:       517M       474M
Swap:         8.0G         0B       8.0G

             total       used       free     shared    buffers     cached
Mem:          992M       862M       130M       1.4M        38M       289M
-/+ buffers/cache:       533M       458M
Swap:         8.0G         0B       8.0G

             total       used       free     shared    buffers     cached
Mem:          992M       877M       115M       1.4M        38M       289M
-/+ buffers/cache:       548M       443M
Swap:         8.0G         0B       8.0G

             total       used       free     shared    buffers     cached
Mem:          992M       893M        99M       1.4M        38M       289M
-/+ buffers/cache:       564M       427M
Swap:         8.0G         0B       8.0G

             total       used       free     shared    buffers     cached
Mem:          992M       905M        86M       1.4M        38M       289M
-/+ buffers/cache:       577M       414M
Swap:         8.0G         0B       8.0G

             total       used       free     shared    buffers     cached
Mem:          992M       921M        71M       1.4M        38M       289M
-/+ buffers/cache:       592M       399M
Swap:         8.0G         0B       8.0G

             total       used       free     shared    buffers     cached
Mem:          992M       912M        79M       1.4M        17M       288M
-/+ buffers/cache:       607M       384M
Swap:         8.0G         0B       8.0G

             total       used       free     shared    buffers     cached
Mem:          992M       927M        64M       1.4M        17M       288M
-/+ buffers/cache:       622M       369M
Swap:         8.0G         0B       8.0G

             total       used       free     shared    buffers     cached
Mem:          992M       926M        65M       1.4M        10M       278M
-/+ buffers/cache:       637M       354M
Swap:         8.0G         0B       8.0G

             total       used       free     shared    buffers     cached
Mem:          992M       923M        68M       1.4M       9.7M       262M
-/+ buffers/cache:       651M       340M
Swap:         8.0G       120K       8.0G

             total       used       free     shared    buffers     cached
Mem:          992M       919M        72M       1.3M       9.7M       243M
-/+ buffers/cache:       666M       325M
Swap:         8.0G       368K       8.0G

             total       used       free     shared    buffers     cached
Mem:          992M       921M        71M       1.2M       9.7M       231M
-/+ buffers/cache:       680M       312M
Swap:         8.0G       4.4M       8.0G

             total       used       free     shared    buffers     cached
Mem:          992M       904M        87M       1.2M       9.7M       204M
-/+ buffers/cache:       689M       302M
Swap:         8.0G       8.6M       8.0G

             total       used       free     shared    buffers     cached
Mem:          992M       919M        72M       1.1M       9.7M       204M
-/+ buffers/cache:       704M       287M
Swap:         8.0G       8.6M       8.0G

             total       used       free     shared    buffers     cached
Mem:          992M       921M        70M       1.1M       2.8M       198M
-/+ buffers/cache:       719M       272M
Swap:         8.0G       8.6M       8.0G

             total       used       free     shared    buffers     cached
Mem:          992M       923M        68M       1.1M       1.7M       187M
-/+ buffers/cache:       733M       258M
Swap:         8.0G       8.6M       8.0G

             total       used       free     shared    buffers     cached
Mem:          992M       923M        69M       1.1M       200K       173M
-/+ buffers/cache:       749M       242M
Swap:         8.0G       8.6M       8.0G

             total       used       free     shared    buffers     cached
Mem:          992M       923M        68M       1.1M       204K       158M
-/+ buffers/cache:       764M       227M
Swap:         8.0G       8.6M       8.0G

             total       used       free     shared    buffers     cached
Mem:          992M       927M        64M       1.1M       360K       149M
-/+ buffers/cache:       778M       213M
Swap:         8.0G       8.6M       8.0G

             total       used       free     shared    buffers     cached
Mem:          992M       917M        74M       1.1M       360K       131M
-/+ buffers/cache:       785M       206M
Swap:         8.0G       8.6M       8.0G

             total       used       free     shared    buffers     cached
Mem:          992M       932M        59M       1.1M       360K       131M
-/+ buffers/cache:       800M       191M
Swap:         8.0G       8.6M       8.0G

             total       used       free     shared    buffers     cached
Mem:          992M       933M        59M       1.1M       200K       116M
-/+ buffers/cache:       816M       175M
Swap:         8.0G       8.6M       8.0G

             total       used       free     shared    buffers     cached
Mem:          992M       921M        70M       1.1M       204K        90M
-/+ buffers/cache:       831M       160M
Swap:         8.0G       8.6M       8.0G

             total       used       free     shared    buffers     cached
Mem:          992M       912M        79M       1.1M       212K        65M
-/+ buffers/cache:       847M       144M
Swap:         8.0G       8.6M       8.0G

             total       used       free     shared    buffers     cached
Mem:          992M       915M        76M       1.1M       360K        52M
-/+ buffers/cache:       862M       129M
Swap:         8.0G       8.6M       8.0G

             total       used       free     shared    buffers     cached
Mem:          992M       921M        70M       1.1M       3.1M        40M
-/+ buffers/cache:       878M       113M
Swap:         8.0G       8.6M       8.0G

             total       used       free     shared    buffers     cached
Mem:          992M       923M        68M       1.1M       3.1M        26M
-/+ buffers/cache:       894M        97M
Swap:         8.0G       8.9M       8.0G

             total       used       free     shared    buffers     cached
Mem:          992M       924M        67M       996K       3.1M        16M
-/+ buffers/cache:       905M        86M
Swap:         8.0G        19M       8.0G

             total       used       free     shared    buffers     cached
Mem:          992M       919M        73M       996K        96K        10M
-/+ buffers/cache:       908M        83M
Swap:         8.0G        29M       8.0G

             total       used       free     shared    buffers     cached
Mem:          992M       918M        74M       680K       100K       2.8M
-/+ buffers/cache:       915M        77M
Swap:         8.0G        61M       7.9G

             total       used       free     shared    buffers     cached
Mem:          992M       919M        72M       692K       372K       2.8M
-/+ buffers/cache:       916M        75M
Swap:         8.0G        61M       7.9G

             total       used       free     shared    buffers     cached
Mem:          992M       915M        76M       692K       372K       2.9M
-/+ buffers/cache:       912M        79M
Swap:         8.0G        68M       7.9G

             total       used       free     shared    buffers     cached
Mem:          992M       917M        74M       692K       372K       2.7M
-/+ buffers/cache:       914M        77M
Swap:         8.0G        99M       7.9G

             total       used       free     shared    buffers     cached
Mem:          992M       916M        75M       664K       372K       2.6M
-/+ buffers/cache:       913M        78M
Swap:         8.0G        99M       7.9G

             total       used       free     shared    buffers     cached
Mem:          992M       904M        87M       612K       332K       2.5M
-/+ buffers/cache:       901M        90M
Swap:         8.0G       156M       7.8G

             total       used       free     shared    buffers     cached
Mem:          992M       921M        70M       596K       332K       2.8M
-/+ buffers/cache:       918M        73M
Swap:         8.0G       156M       7.8G

             total       used       free     shared    buffers     cached
Mem:          992M       918M        73M       596K       340K       2.7M
-/+ buffers/cache:       915M        77M
Swap:         8.0G       156M       7.8G

             total       used       free     shared    buffers     cached
Mem:          992M       922M        69M       596K       340K       2.7M
-/+ buffers/cache:       919M        73M
Swap:         8.0G       163M       7.8G

             total       used       free     shared    buffers     cached
Mem:          992M       924M        68M       580K       340K       2.6M
-/+ buffers/cache:       921M        70M
Swap:         8.0G       180M       7.8G

             total       used       free     shared    buffers     cached
Mem:          992M       926M        65M       576K       340K       2.6M
-/+ buffers/cache:       923M        68M
Swap:         8.0G       193M       7.8G

             total       used       free     shared    buffers     cached
Mem:          992M       924M        67M       576K       340K       2.7M
-/+ buffers/cache:       921M        70M
Swap:         8.0G       212M       7.8G

             total       used       free     shared    buffers     cached
Mem:          992M       921M        70M       560K       348K       2.6M
-/+ buffers/cache:       918M        73M
Swap:         8.0G       229M       7.8G

             total       used       free     shared    buffers     cached
Mem:          992M       917M        74M       560K       344K       2.6M
-/+ buffers/cache:       914M        77M
Swap:         8.0G       248M       7.8G

             total       used       free     shared    buffers     cached
Mem:          992M       918M        73M       544K       344K       2.5M
-/+ buffers/cache:       915M        76M
Swap:         8.0G       255M       7.7G

             total       used       free     shared    buffers     cached
Mem:          992M       914M        78M       536K        76K       2.5M
-/+ buffers/cache:       911M        80M
Swap:         8.0G       278M       7.7G

             total       used       free     shared    buffers     cached
Mem:          992M       921M        70M       536K        76K       2.5M
-/+ buffers/cache:       919M        72M
Swap:         8.0G       278M       7.7G

             total       used       free     shared    buffers     cached
Mem:          992M       916M        75M       536K        84K       2.4M
-/+ buffers/cache:       913M        78M
Swap:         8.0G       283M       7.7G

             total       used       free     shared    buffers     cached
Mem:          992M       924M        67M       536K        84K       2.4M
-/+ buffers/cache:       922M        70M
Swap:         8.0G       283M       7.7G

             total       used       free     shared    buffers     cached
Mem:          992M       913M        78M       536K        84K       2.3M
-/+ buffers/cache:       910M        81M
Swap:         8.0G       313M       7.7G

             total       used       free     shared    buffers     cached
Mem:          992M       911M        80M        16K       532K        17M
-/+ buffers/cache:       893M        99M
Swap:         8.0G       349M       7.7G

             total       used       free     shared    buffers     cached
Mem:          992M       916M        75M         8K       540K        19M
-/+ buffers/cache:       896M        95M
Swap:         8.0G       349M       7.7G

             total       used       free     shared    buffers     cached
Mem:          992M       922M        70M         8K       540K        19M
-/+ buffers/cache:       902M        89M
Swap:         8.0G       349M       7.7G

             total       used       free     shared    buffers     cached
Mem:          992M       923M        68M         8K       548K        19M
-/+ buffers/cache:       904M        88M
Swap:         8.0G       349M       7.7G

             total       used       free     shared    buffers     cached
Mem:          992M       907M        84M         8K       508K        15M
-/+ buffers/cache:       891M       100M
Swap:         8.0G       349M       7.7G

             total       used       free     shared    buffers     cached
Mem:          992M       911M        80M         8K       508K        15M
-/+ buffers/cache:       895M        96M
Swap:         8.0G       349M       7.7G

             total       used       free     shared    buffers     cached
Mem:          992M       916M        75M         8K       508K        15M
-/+ buffers/cache:       900M        91M
Swap:         8.0G       349M       7.7G

             total       used       free     shared    buffers     cached
Mem:          992M       921M        71M         8K       508K        15M
-/+ buffers/cache:       904M        87M
Swap:         8.0G       349M       7.7G

             total       used       free     shared    buffers     cached
Mem:          992M       909M        82M         8K        76K       4.2M
-/+ buffers/cache:       905M        86M
Swap:         8.0G       359M       7.6G

             total       used       free     shared    buffers     cached
Mem:          992M       914M        78M         8K        76K       4.2M
-/+ buffers/cache:       909M        82M
Swap:         8.0G       358M       7.6G

             total       used       free     shared    buffers     cached
Mem:          992M       914M        77M         8K       304K       3.8M
-/+ buffers/cache:       910M        81M
Swap:         8.0G       350M       7.7G

             total       used       free     shared    buffers     cached
Mem:          992M       913M        78M         0B        76K       2.4M
-/+ buffers/cache:       911M        80M
Swap:         8.0G       343M       7.7G

             total       used       free     shared    buffers     cached
Mem:          992M       914M        77M         0B        76K       1.4M
-/+ buffers/cache:       913M        78M
Swap:         8.0G       356M       7.6G

             total       used       free     shared    buffers     cached
Mem:          992M       916M        76M         0B        88K       1.5M
-/+ buffers/cache:       914M        77M
Swap:         8.0G       344M       7.7G

             total       used       free     shared    buffers     cached
Mem:          992M       918M        73M        16K       228K        26M
-/+ buffers/cache:       891M       100M
Swap:         8.0G       371M       7.6G

             total       used       free     shared    buffers     cached
Mem:          992M       916M        76M        16K       332K       8.7M
-/+ buffers/cache:       907M        85M
Swap:         8.0G       363M       7.6G

             total       used       free     shared    buffers     cached
Mem:          992M       920M        71M        16K       208K       4.2M
-/+ buffers/cache:       916M        75M
Swap:         8.0G       354M       7.7G

             total       used       free     shared    buffers     cached
Mem:          992M       918M        73M        16K        92K       5.9M
-/+ buffers/cache:       912M        79M
Swap:         8.0G       359M       7.6G

             total       used       free     shared    buffers     cached
Mem:          992M       927M        64M        16K        92K       5.7M
-/+ buffers/cache:       921M        70M
Swap:         8.0G       356M       7.6G

             total       used       free     shared    buffers     cached
Mem:          992M       917M        74M        16K       384K       4.0M
-/+ buffers/cache:       913M        78M
Swap:         8.0G       363M       7.6G

             total       used       free     shared    buffers     cached
Mem:          992M       919M        72M        16K       316K       2.0M
-/+ buffers/cache:       917M        74M
Swap:         8.0G       359M       7.6G

             total       used       free     shared    buffers     cached
Mem:          992M       914M        77M        16K        84K       2.2M
-/+ buffers/cache:       912M        79M
Swap:         8.0G       370M       7.6G

             total       used       free     shared    buffers     cached
Mem:          992M       919M        72M        16K        92K       2.3M
-/+ buffers/cache:       917M        74M
Swap:         8.0G       368M       7.6G

             total       used       free     shared    buffers     cached
Mem:          992M       919M        72M        16K        92K       2.3M
-/+ buffers/cache:       917M        74M
Swap:         8.0G       368M       7.6G

             total       used       free     shared    buffers     cached
Mem:          992M       926M        66M        16K        92K       2.3M
-/+ buffers/cache:       923M        68M
Swap:         8.0G       367M       7.6G

             total       used       free     shared    buffers     cached
Mem:          992M       918M        73M        16K        92K       2.3M
-/+ buffers/cache:       916M        75M
Swap:         8.0G       372M       7.6G

             total       used       free     shared    buffers     cached
Mem:          992M       925M        66M        16K        92K       2.3M
-/+ buffers/cache:       923M        68M
Swap:         8.0G       372M       7.6G

             total       used       free     shared    buffers     cached
Mem:          992M       920M        72M        16K        92K       2.2M
-/+ buffers/cache:       917M        74M
Swap:         8.0G       388M       7.6G

             total       used       free     shared    buffers     cached
Mem:          992M       925M        66M        16K       100K       2.2M
-/+ buffers/cache:       923M        69M
Swap:         8.0G       388M       7.6G

             total       used       free     shared    buffers     cached
Mem:          992M       919M        72M        16K       100K       2.4M
-/+ buffers/cache:       916M        75M
Swap:         8.0G       395M       7.6G

             total       used       free     shared    buffers     cached
Mem:          992M       924M        67M        16K       100K       2.4M
-/+ buffers/cache:       922M        69M
Swap:         8.0G       395M       7.6G

             total       used       free     shared    buffers     cached
Mem:          992M       927M        64M        16K       100K       2.4M
-/+ buffers/cache:       925M        67M
Swap:         8.0G       394M       7.6G

             total       used       free     shared    buffers     cached
Mem:          992M       913M        78M        16K       100K       2.3M
-/+ buffers/cache:       911M        80M
Swap:         8.0G       410M       7.6G

             total       used       free     shared    buffers     cached
Mem:          992M       917M        74M        16K       248K       3.0M
-/+ buffers/cache:       914M        77M
Swap:         8.0G       408M       7.6G

             total       used       free     shared    buffers     cached
Mem:          992M       920M        71M        16K       248K       3.0M
-/+ buffers/cache:       917M        74M
Swap:         8.0G       407M       7.6G

             total       used       free     shared    buffers     cached
Mem:          992M       923M        68M        16K       248K       3.2M
-/+ buffers/cache:       920M        71M
Swap:         8.0G       406M       7.6G

             total       used       free     shared    buffers     cached
Mem:          992M       926M        65M        16K       248K       3.2M
-/+ buffers/cache:       922M        69M
Swap:         8.0G       405M       7.6G

             total       used       free     shared    buffers     cached
Mem:          992M       929M        63M        16K       248K       3.2M
-/+ buffers/cache:       925M        66M
Swap:         8.0G       404M       7.6G

             total       used       free     shared    buffers     cached
Mem:          992M       912M        79M        16K       256K       3.0M
-/+ buffers/cache:       908M        83M
Swap:         8.0G       424M       7.6G

             total       used       free     shared    buffers     cached
Mem:          992M       914M        77M        16K       256K       3.0M
-/+ buffers/cache:       911M        80M
Swap:         8.0G       423M       7.6G

             total       used       free     shared    buffers     cached
Mem:          992M       917M        74M        16K       256K       3.0M
-/+ buffers/cache:       914M        78M
Swap:         8.0G       421M       7.6G

             total       used       free     shared    buffers     cached
Mem:          992M       919M        72M        16K       256K       3.0M
-/+ buffers/cache:       916M        76M
Swap:         8.0G       420M       7.6G

             total       used       free     shared    buffers     cached
Mem:          992M       921M        70M        16K       256K       3.0M
-/+ buffers/cache:       918M        73M
Swap:         8.0G       420M       7.6G

             total       used       free     shared    buffers     cached
Mem:          992M       924M        68M        16K       256K       3.0M
-/+ buffers/cache:       920M        71M
Swap:         8.0G       419M       7.6G

             total       used       free     shared    buffers     cached
Mem:          992M       926M        65M        16K       264K       3.0M
-/+ buffers/cache:       923M        69M
Swap:         8.0G       417M       7.6G

             total       used       free     shared    buffers     cached
Mem:          992M       929M        63M        16K       264K       3.1M
-/+ buffers/cache:       925M        66M
Swap:         8.0G       416M       7.6G

             total       used       free     shared    buffers     cached
Mem:          992M       907M        84M        16K       264K       2.9M
-/+ buffers/cache:       904M        87M
Swap:         8.0G       434M       7.6G

             total       used       free     shared    buffers     cached
Mem:          992M       910M        82M        16K       264K       2.9M
-/+ buffers/cache:       906M        85M
Swap:         8.0G       433M       7.6G

             total       used       free     shared    buffers     cached
Mem:          992M       912M        79M        16K       264K       2.9M
-/+ buffers/cache:       909M        83M
Swap:         8.0G       432M       7.6G

             total       used       free     shared    buffers     cached
Mem:          992M       914M        77M        16K       272K       3.0M
-/+ buffers/cache:       911M        80M
Swap:         8.0G       431M       7.6G

             total       used       free     shared    buffers     cached
Mem:          992M       916M        75M        16K       272K       3.0M
-/+ buffers/cache:       913M        78M
Swap:         8.0G       430M       7.6G

             total       used       free     shared    buffers     cached
Mem:          992M       919M        72M        16K       272K       3.0M
-/+ buffers/cache:       916M        76M
Swap:         8.0G       429M       7.6G

             total       used       free     shared    buffers     cached
Mem:          992M       921M        70M        16K       272K       3.0M
-/+ buffers/cache:       918M        73M
Swap:         8.0G       427M       7.6G

             total       used       free     shared    buffers     cached
Mem:          992M       924M        67M        16K       272K       3.0M
-/+ buffers/cache:       921M        70M
Swap:         8.0G       426M       7.6G

             total       used       free     shared    buffers     cached
Mem:          992M       927M        64M        16K       280K       3.0M
-/+ buffers/cache:       924M        67M
Swap:         8.0G       425M       7.6G

             total       used       free     shared    buffers     cached
Mem:          992M       913M        79M        16K       256K       3.0M
-/+ buffers/cache:       909M        82M
Swap:         8.0G       435M       7.6G

             total       used       free     shared    buffers     cached
Mem:          992M       915M        76M        16K       256K       3.0M
-/+ buffers/cache:       912M        80M
Swap:         8.0G       434M       7.6G

             total       used       free     shared    buffers     cached
Mem:          992M       917M        74M        16K       256K       3.0M
-/+ buffers/cache:       914M        77M
Swap:         8.0G       433M       7.6G

             total       used       free     shared    buffers     cached
Mem:          992M       917M        75M        16K       200K        20M
-/+ buffers/cache:       895M        96M
Swap:         8.0G       451M       7.6G

             total       used       free     shared    buffers     cached
Mem:          992M       920M        71M        16K       540K        21M
-/+ buffers/cache:       898M        93M
Swap:         8.0G       450M       7.6G

             total       used       free     shared    buffers     cached
Mem:          992M       921M        70M        16K       548K        21M
-/+ buffers/cache:       900M        92M
Swap:         8.0G       449M       7.6G

             total       used       free     shared    buffers     cached
Mem:          992M       924M        67M        16K       548K        21M
-/+ buffers/cache:       902M        89M
Swap:         8.0G       448M       7.6G

             total       used       free     shared    buffers     cached
Mem:          992M       926M        65M        16K       548K        21M
-/+ buffers/cache:       905M        87M
Swap:         8.0G       447M       7.6G

             total       used       free     shared    buffers     cached
Mem:          992M       929M        63M        16K       548K        21M
-/+ buffers/cache:       907M        84M
Swap:         8.0G       446M       7.6G

             total       used       free     shared    buffers     cached
Mem:          992M       915M        76M        16K       548K        20M
-/+ buffers/cache:       894M        98M
Swap:         8.0G       470M       7.5G

             total       used       free     shared    buffers     cached
Mem:          992M       917M        74M        16K       556K        20M
-/+ buffers/cache:       896M        95M
Swap:         8.0G       469M       7.5G

             total       used       free     shared    buffers     cached
Mem:          992M       920M        71M        16K       556K        20M
-/+ buffers/cache:       899M        92M
Swap:         8.0G       468M       7.5G

             total       used       free     shared    buffers     cached
Mem:          992M       922M        69M        16K       556K        20M
-/+ buffers/cache:       901M        90M
Swap:         8.0G       467M       7.5G

             total       used       free     shared    buffers     cached
Mem:          992M       924M        67M        16K       556K        20M
-/+ buffers/cache:       903M        88M
Swap:         8.0G       466M       7.5G

             total       used       free     shared    buffers     cached
Mem:          992M       927M        65M        16K       556K        20M
-/+ buffers/cache:       905M        86M
Swap:         8.0G       465M       7.5G

             total       used       free     shared    buffers     cached
Mem:          992M       929M        62M        16K       564K        20M
-/+ buffers/cache:       908M        83M
Swap:         8.0G       464M       7.5G

             total       used       free     shared    buffers     cached
Mem:          992M       918M        73M        16K       564K        20M
-/+ buffers/cache:       897M        94M
Swap:         8.0G       464M       7.5G

             total       used       free     shared    buffers     cached
Mem:          992M       921M        70M        16K       564K        20M
-/+ buffers/cache:       900M        91M
Swap:         8.0G       463M       7.5G

             total       used       free     shared    buffers     cached
Mem:          992M       923M        68M        16K       564K        20M
-/+ buffers/cache:       902M        89M
Swap:         8.0G       462M       7.5G

             total       used       free     shared    buffers     cached
Mem:          992M       925M        66M        16K       564K        20M
-/+ buffers/cache:       904M        87M
Swap:         8.0G       461M       7.5G

             total       used       free     shared    buffers     cached
Mem:          992M       927M        64M        16K       564K        20M
-/+ buffers/cache:       906M        85M
Swap:         8.0G       460M       7.5G

             total       used       free     shared    buffers     cached
Mem:          992M       910M        81M        16K       572K        19M
-/+ buffers/cache:       890M       102M
Swap:         8.0G       487M       7.5G

             total       used       free     shared    buffers     cached
Mem:          992M       912M        79M        16K       572K        19M
-/+ buffers/cache:       892M        99M
Swap:         8.0G       485M       7.5G

             total       used       free     shared    buffers     cached
Mem:          992M       914M        77M        16K       572K        19M
-/+ buffers/cache:       894M        97M
Swap:         8.0G       484M       7.5G

             total       used       free     shared    buffers     cached
Mem:          992M       917M        75M        16K       572K        19M
-/+ buffers/cache:       896M        95M
Swap:         8.0G       483M       7.5G

             total       used       free     shared    buffers     cached
Mem:          992M       919M        73M        16K       580K        19M
-/+ buffers/cache:       898M        93M
Swap:         8.0G       482M       7.5G

             total       used       free     shared    buffers     cached
Mem:          992M       920M        71M        16K       588K        19M
-/+ buffers/cache:       900M        92M
Swap:         8.0G       482M       7.5G

             total       used       free     shared    buffers     cached
Mem:          992M       922M        69M        16K       588K        19M
-/+ buffers/cache:       902M        90M
Swap:         8.0G       481M       7.5G

             total       used       free     shared    buffers     cached
Mem:          992M       925M        66M        16K       588K        21M
-/+ buffers/cache:       903M        88M
Swap:         8.0G       480M       7.5G

             total       used       free     shared    buffers     cached
Mem:          992M       926M        65M        16K       588K        20M
-/+ buffers/cache:       905M        87M
Swap:         8.0G       479M       7.5G

             total       used       free     shared    buffers     cached
Mem:          992M       927M        64M        16K       592K        21M
-/+ buffers/cache:       906M        85M
Swap:         8.0G       479M       7.5G

             total       used       free     shared    buffers     cached
Mem:          992M       918M        73M        16K       872K        20M
-/+ buffers/cache:       896M        95M
Swap:         8.0G       487M       7.5G

             total       used       free     shared    buffers     cached
Mem:          992M       913M        78M        16K       996K        27M
-/+ buffers/cache:       885M       106M
Swap:         8.0G       504M       7.5G

             total       used       free     shared    buffers     cached
Mem:          992M       915M        77M        16K       996K        27M
-/+ buffers/cache:       886M       105M
Swap:         8.0G       503M       7.5G

             total       used       free     shared    buffers     cached
Mem:          992M       916M        75M        16K       996K        27M
-/+ buffers/cache:       888M       103M
Swap:         8.0G       503M       7.5G

             total       used       free     shared    buffers     cached
Mem:          992M       917M        74M        16K       996K        27M
-/+ buffers/cache:       889M       102M
Swap:         8.0G       502M       7.5G

             total       used       free     shared    buffers     cached
Mem:          992M       918M        73M        16K       996K        27M
-/+ buffers/cache:       890M       101M
Swap:         8.0G       501M       7.5G

             total       used       free     shared    buffers     cached
Mem:          992M       920M        72M        16K       1.0M        27M
-/+ buffers/cache:       892M       100M
Swap:         8.0G       501M       7.5G

             total       used       free     shared    buffers     cached
Mem:          992M       921M        70M        16K       1.0M        27M
-/+ buffers/cache:       893M        98M
Swap:         8.0G       500M       7.5G

             total       used       free     shared    buffers     cached
Mem:          992M       924M        67M        16K       1.0M        28M
-/+ buffers/cache:       895M        96M
Swap:         8.0G       499M       7.5G

             total       used       free     shared    buffers     cached
Mem:          992M       926M        65M        16K       1.0M        28M
-/+ buffers/cache:       896M        95M
Swap:         8.0G       498M       7.5G

             total       used       free     shared    buffers     cached
Mem:          992M       927M        64M        16K       1.0M        28M
-/+ buffers/cache:       898M        94M
Swap:         8.0G       498M       7.5G

             total       used       free     shared    buffers     cached
Mem:          992M       928M        63M        16K       1.0M        28M
-/+ buffers/cache:       899M        92M
Swap:         8.0G       497M       7.5G

             total       used       free     shared    buffers     cached
Mem:          992M       915M        76M        16K       1.0M        28M
-/+ buffers/cache:       886M       105M
Swap:         8.0G       498M       7.5G

             total       used       free     shared    buffers     cached
Mem:          992M       917M        75M        16K       1.0M        28M
-/+ buffers/cache:       888M       104M
Swap:         8.0G       497M       7.5G

             total       used       free     shared    buffers     cached
Mem:          992M       918M        73M        16K       1.0M        28M
-/+ buffers/cache:       889M       102M
Swap:         8.0G       497M       7.5G

             total       used       free     shared    buffers     cached
Mem:          992M       919M        72M        16K       1.0M        28M
-/+ buffers/cache:       890M       101M
Swap:         8.0G       496M       7.5G

             total       used       free     shared    buffers     cached
Mem:          992M       920M        71M        16K       1.0M        28M
-/+ buffers/cache:       891M       100M
Swap:         8.0G       495M       7.5G

             total       used       free     shared    buffers     cached
Mem:          992M       922M        70M        16K       1.0M        28M
-/+ buffers/cache:       892M        99M
Swap:         8.0G       495M       7.5G

             total       used       free     shared    buffers     cached
Mem:          992M       923M        68M        16K       1.0M        28M
-/+ buffers/cache:       894M        97M
Swap:         8.0G       494M       7.5G

             total       used       free     shared    buffers     cached
Mem:          992M       924M        67M        16K       1.0M        28M
-/+ buffers/cache:       895M        96M
Swap:         8.0G       494M       7.5G

             total       used       free     shared    buffers     cached
Mem:          992M       925M        66M        16K       1.0M        28M
-/+ buffers/cache:       896M        95M
Swap:         8.0G       493M       7.5G

             total       used       free     shared    buffers     cached
Mem:          992M       926M        65M        16K       1.0M        28M
-/+ buffers/cache:       897M        94M
Swap:         8.0G       492M       7.5G

             total       used       free     shared    buffers     cached
Mem:          992M       928M        64M        16K       1.0M        28M
-/+ buffers/cache:       899M        93M
Swap:         8.0G       492M       7.5G

             total       used       free     shared    buffers     cached
Mem:          992M       929M        62M        16K       1.0M        28M
-/+ buffers/cache:       900M        91M
Swap:         8.0G       491M       7.5G

             total       used       free     shared    buffers     cached
Mem:          992M       917M        74M        16K       1.0M        26M
-/+ buffers/cache:       889M       102M
Swap:         8.0G       505M       7.5G

             total       used       free     shared    buffers     cached
Mem:          992M       919M        73M        16K       1.0M        26M
-/+ buffers/cache:       891M       100M
Swap:         8.0G       504M       7.5G

             total       used       free     shared    buffers     cached
Mem:          992M       920M        71M        16K       1.0M        26M
-/+ buffers/cache:       892M        99M
Swap:         8.0G       503M       7.5G

             total       used       free     shared    buffers     cached
Mem:          992M       921M        70M        16K       1.0M        26M
-/+ buffers/cache:       893M        98M
Swap:         8.0G       503M       7.5G

             total       used       free     shared    buffers     cached
Mem:          992M       922M        69M        16K       1.0M        26M
-/+ buffers/cache:       894M        97M
Swap:         8.0G       502M       7.5G

             total       used       free     shared    buffers     cached
Mem:          992M       923M        68M        16K       1.0M        26M
-/+ buffers/cache:       895M        96M
Swap:         8.0G       502M       7.5G

             total       used       free     shared    buffers     cached
Mem:          992M       924M        67M        16K       1.0M        26M
-/+ buffers/cache:       897M        95M
Swap:         8.0G       501M       7.5G

             total       used       free     shared    buffers     cached
Mem:          992M       926M        66M        16K       1.0M        26M
-/+ buffers/cache:       898M        93M
Swap:         8.0G       501M       7.5G

             total       used       free     shared    buffers     cached
Mem:          992M       909M        82M        16K       584K        29M
-/+ buffers/cache:       878M       113M
Swap:         8.0G       522M       7.5G

             total       used       free     shared    buffers     cached
Mem:          992M       910M        81M        16K       596K        29M
-/+ buffers/cache:       879M       112M
Swap:         8.0G       522M       7.5G

             total       used       free     shared    buffers     cached
Mem:          992M       911M        80M        16K       596K        29M
-/+ buffers/cache:       880M       111M
Swap:         8.0G       521M       7.5G

             total       used       free     shared    buffers     cached
Mem:          992M       912M        79M        16K       596K        29M
-/+ buffers/cache:       882M       109M
Swap:         8.0G       520M       7.5G

             total       used       free     shared    buffers     cached
Mem:          992M       914M        78M        16K       596K        29M
-/+ buffers/cache:       883M       108M
Swap:         8.0G       520M       7.5G

             total       used       free     shared    buffers     cached
Mem:          992M       915M        76M        16K       596K        29M
-/+ buffers/cache:       884M       107M
Swap:         8.0G       519M       7.5G

             total       used       free     shared    buffers     cached
Mem:          992M       916M        75M        16K       604K        29M
-/+ buffers/cache:       885M       106M
Swap:         8.0G       518M       7.5G

             total       used       free     shared    buffers     cached
Mem:          992M       917M        74M        16K       604K        29M
-/+ buffers/cache:       887M       105M
Swap:         8.0G       518M       7.5G

             total       used       free     shared    buffers     cached
Mem:          992M       918M        73M        16K       604K        29M
-/+ buffers/cache:       888M       103M
Swap:         8.0G       517M       7.5G

             total       used       free     shared    buffers     cached
Mem:          992M       920M        71M        16K       604K        29M
-/+ buffers/cache:       889M       102M
Swap:         8.0G       517M       7.5G

             total       used       free     shared    buffers     cached
Mem:          992M       921M        70M        16K       604K        29M
-/+ buffers/cache:       891M       101M
Swap:         8.0G       516M       7.5G

             total       used       free     shared    buffers     cached
Mem:          992M       922M        69M        16K       612K        29M
-/+ buffers/cache:       892M        99M
Swap:         8.0G       515M       7.5G

             total       used       free     shared    buffers     cached
Mem:          992M       923M        68M        16K       612K        29M
-/+ buffers/cache:       893M        98M
Swap:         8.0G       515M       7.5G

             total       used       free     shared    buffers     cached
Mem:          992M       925M        66M        16K       612K        29M
-/+ buffers/cache:       894M        97M
Swap:         8.0G       514M       7.5G

             total       used       free     shared    buffers     cached
Mem:          992M       926M        65M        16K       612K        29M
-/+ buffers/cache:       895M        96M
Swap:         8.0G       513M       7.5G

             total       used       free     shared    buffers     cached
Mem:          992M       927M        64M        16K       612K        29M
-/+ buffers/cache:       897M        94M
Swap:         8.0G       513M       7.5G

             total       used       free     shared    buffers     cached
Mem:          992M       929M        63M        16K       612K        29M
-/+ buffers/cache:       898M        93M
Swap:         8.0G       512M       7.5G

             total       used       free     shared    buffers     cached
Mem:          992M       915M        76M        16K       604K        28M
-/+ buffers/cache:       886M       105M
Swap:         8.0G       513M       7.5G

             total       used       free     shared    buffers     cached
Mem:          992M       916M        75M        16K       604K        28M
-/+ buffers/cache:       888M       104M
Swap:         8.0G       512M       7.5G

             total       used       free     shared    buffers     cached
Mem:          992M       918M        73M        16K       604K        28M
-/+ buffers/cache:       889M       102M
Swap:         8.0G       511M       7.5G

             total       used       free     shared    buffers     cached
Mem:          992M       919M        72M        16K       604K        28M
-/+ buffers/cache:       890M       101M
Swap:         8.0G       511M       7.5G

             total       used       free     shared    buffers     cached
Mem:          992M       920M        71M        16K       604K        28M
-/+ buffers/cache:       891M       100M
Swap:         8.0G       510M       7.5G

             total       used       free     shared    buffers     cached
Mem:          992M       921M        70M        16K       612K        28M
-/+ buffers/cache:       892M        99M
Swap:         8.0G       509M       7.5G

             total       used       free     shared    buffers     cached
Mem:          992M       923M        69M        16K       612K        28M
-/+ buffers/cache:       894M        98M
Swap:         8.0G       509M       7.5G

             total       used       free     shared    buffers     cached
Mem:          992M       924M        68M        16K       612K        28M
-/+ buffers/cache:       895M        96M
Swap:         8.0G       508M       7.5G

             total       used       free     shared    buffers     cached
Mem:          992M       925M        67M        16K       612K        28M
-/+ buffers/cache:       896M        95M
Swap:         8.0G       508M       7.5G

             total       used       free     shared    buffers     cached
Mem:          992M       926M        66M        16K       612K        28M
-/+ buffers/cache:       897M        94M
Swap:         8.0G       507M       7.5G

             total       used       free     shared    buffers     cached
Mem:          992M       927M        64M        16K       612K        28M
-/+ buffers/cache:       898M        93M
Swap:         8.0G       506M       7.5G

             total       used       free     shared    buffers     cached
Mem:          992M       928M        63M        16K       620K        28M
-/+ buffers/cache:       899M        92M
Swap:         8.0G       506M       7.5G

             total       used       free     shared    buffers     cached
Mem:          992M       917M        75M        16K       176K        25M
-/+ buffers/cache:       891M       100M
Swap:         8.0G       515M       7.5G

             total       used       free     shared    buffers     cached
Mem:          992M       918M        73M        16K       176K        25M
-/+ buffers/cache:       892M        99M
Swap:         8.0G       515M       7.5G

             total       used       free     shared    buffers     cached
Mem:          992M       919M        72M        16K       176K        25M
-/+ buffers/cache:       894M        98M
Swap:         8.0G       514M       7.5G

             total       used       free     shared    buffers     cached
Mem:          992M       921M        70M        16K       180K        25M
-/+ buffers/cache:       895M        96M
Swap:         8.0G       513M       7.5G

             total       used       free     shared    buffers     cached
Mem:          992M       923M        68M        16K       324K        26M
-/+ buffers/cache:       896M        95M
Swap:         8.0G       512M       7.5G

             total       used       free     shared    buffers     cached
Mem:          992M       924M        67M        20K       324K        26M
-/+ buffers/cache:       898M        94M
Swap:         8.0G       512M       7.5G

             total       used       free     shared    buffers     cached
Mem:          992M       926M        66M        20K       324K        26M
-/+ buffers/cache:       899M        92M
Swap:         8.0G       511M       7.5G

             total       used       free     shared    buffers     cached
Mem:          992M       917M        74M        20K       284K        24M
-/+ buffers/cache:       893M        98M
Swap:         8.0G       522M       7.5G

             total       used       free     shared    buffers     cached
Mem:          992M       918M        73M        20K       284K        24M
-/+ buffers/cache:       894M        97M
Swap:         8.0G       521M       7.5G

             total       used       free     shared    buffers     cached
Mem:          992M       925M        66M        20K       284K        26M
-/+ buffers/cache:       898M        93M
Swap:         8.0G       519M       7.5G

             total       used       free     shared    buffers     cached
Mem:          992M       927M        64M        20K       292K        27M
-/+ buffers/cache:       900M        92M
Swap:         8.0G       518M       7.5G

             total       used       free     shared    buffers     cached
Mem:          992M       928M        63M        20K       292K        27M
-/+ buffers/cache:       901M        91M
Swap:         8.0G       518M       7.5G

             total       used       free     shared    buffers     cached
Mem:          992M       929M        62M        20K       292K        27M
-/+ buffers/cache:       901M        90M
Swap:         8.0G       517M       7.5G

             total       used       free     shared    buffers     cached
Mem:          992M       915M        76M        20K       248K        22M
-/+ buffers/cache:       892M        99M
Swap:         8.0G       525M       7.5G

             total       used       free     shared    buffers     cached
Mem:          992M       915M        76M        20K       248K        22M
-/+ buffers/cache:       892M        99M
Swap:         8.0G       525M       7.5G

             total       used       free     shared    buffers     cached
Mem:          992M       916M        75M        20K       256K        22M
-/+ buffers/cache:       893M        98M
Swap:         8.0G       525M       7.5G

             total       used       free     shared    buffers     cached
Mem:          992M       917M        75M        20K       256K        22M
-/+ buffers/cache:       894M        98M
Swap:         8.0G       524M       7.5G

             total       used       free     shared    buffers     cached
Mem:          992M       917M        74M        20K       256K        22M
-/+ buffers/cache:       894M        97M
Swap:         8.0G       524M       7.5G

             total       used       free     shared    buffers     cached
Mem:          992M       918M        73M        20K       256K        22M
-/+ buffers/cache:       895M        96M
Swap:         8.0G       523M       7.5G

             total       used       free     shared    buffers     cached
Mem:          992M       919M        73M        20K       256K        22M
-/+ buffers/cache:       896M        96M
Swap:         8.0G       523M       7.5G

             total       used       free     shared    buffers     cached
Mem:          992M       928M        63M       200K       1.5M        40M
-/+ buffers/cache:       886M       105M
Swap:         8.0G       525M       7.5G

             total       used       free     shared    buffers     cached
Mem:          992M       917M        74M       3.9M       5.0M        53M
-/+ buffers/cache:       859M       133M
Swap:         8.0G       560M       7.5G

             total       used       free     shared    buffers     cached
Mem:          992M       917M        74M       208K       4.8M        62M
-/+ buffers/cache:       849M       142M
Swap:         8.0G       578M       7.4G

             total       used       free     shared    buffers     cached
Mem:          992M       924M        67M       224K       4.9M        64M
-/+ buffers/cache:       855M       136M
Swap:         8.0G       575M       7.4G

             total       used       free     shared    buffers     cached
Mem:          992M       925M        66M       224K       4.9M        64M
-/+ buffers/cache:       856M       135M
Swap:         8.0G       575M       7.4G

             total       used       free     shared    buffers     cached
Mem:          992M       927M        64M       224K       4.9M        64M
-/+ buffers/cache:       858M       134M
Swap:         8.0G       574M       7.4G

             total       used       free     shared    buffers     cached
Mem:          992M       928M        63M       224K       4.9M        64M
-/+ buffers/cache:       859M       133M
Swap:         8.0G       574M       7.4G

             total       used       free     shared    buffers     cached
Mem:          992M       907M        84M       224K       4.0M        60M
-/+ buffers/cache:       843M       148M
Swap:         8.0G       590M       7.4G

             total       used       free     shared    buffers     cached
Mem:          992M       909M        83M       224K       4.1M        61M
-/+ buffers/cache:       844M       148M
Swap:         8.0G       589M       7.4G

             total       used       free     shared    buffers     cached
Mem:          992M       910M        81M       224K       4.1M        61M
-/+ buffers/cache:       845M       146M
Swap:         8.0G       588M       7.4G

             total       used       free     shared    buffers     cached
Mem:          992M       911M        80M       224K       4.1M        60M
-/+ buffers/cache:       846M       145M
Swap:         8.0G       588M       7.4G

             total       used       free     shared    buffers     cached
Mem:          992M       913M        78M       224K       4.1M        61M
-/+ buffers/cache:       847M       144M
Swap:         8.0G       587M       7.4G

             total       used       free     shared    buffers     cached
Mem:          992M       914M        77M       224K       4.1M        61M
-/+ buffers/cache:       849M       142M
Swap:         8.0G       587M       7.4G

             total       used       free     shared    buffers     cached
Mem:          992M       916M        75M       224K       4.1M        61M
-/+ buffers/cache:       850M       141M
Swap:         8.0G       586M       7.4G

             total       used       free     shared    buffers     cached
Mem:          992M       917M        74M       224K       4.2M        61M
-/+ buffers/cache:       851M       140M
Swap:         8.0G       586M       7.4G

             total       used       free     shared    buffers     cached
Mem:          992M       919M        73M       224K       4.2M        61M
-/+ buffers/cache:       853M       139M
Swap:         8.0G       585M       7.4G

             total       used       free     shared    buffers     cached
Mem:          992M       920M        71M       224K       4.2M        61M
-/+ buffers/cache:       854M       137M
Swap:         8.0G       584M       7.4G

             total       used       free     shared    buffers     cached
Mem:          992M       921M        70M       224K       4.2M        61M
-/+ buffers/cache:       855M       136M
Swap:         8.0G       584M       7.4G

             total       used       free     shared    buffers     cached
Mem:          992M       923M        68M       224K       4.2M        61M
-/+ buffers/cache:       857M       134M
Swap:         8.0G       583M       7.4G

             total       used       free     shared    buffers     cached
Mem:          992M       924M        67M       224K       4.2M        61M
-/+ buffers/cache:       858M       133M
Swap:         8.0G       582M       7.4G

             total       used       free     shared    buffers     cached
Mem:          992M       925M        66M       224K       4.2M        61M
-/+ buffers/cache:       859M       132M
Swap:         8.0G       582M       7.4G

             total       used       free     shared    buffers     cached
Mem:          992M       927M        64M       224K       4.2M        61M
-/+ buffers/cache:       861M       130M
Swap:         8.0G       581M       7.4G

             total       used       free     shared    buffers     cached
Mem:          992M       928M        63M       224K       4.2M        61M
-/+ buffers/cache:       862M       129M
Swap:         8.0G       581M       7.4G

             total       used       free     shared    buffers     cached
Mem:          992M       915M        76M       224K       4.2M        61M
-/+ buffers/cache:       850M       141M
Swap:         8.0G       596M       7.4G

             total       used       free     shared    buffers     cached
Mem:          992M       917M        75M       224K       4.2M        61M
-/+ buffers/cache:       851M       140M
Swap:         8.0G       596M       7.4G

             total       used       free     shared    buffers     cached
Mem:          992M       918M        74M       224K       4.2M        61M
-/+ buffers/cache:       852M       139M
Swap:         8.0G       595M       7.4G

             total       used       free     shared    buffers     cached
Mem:          992M       919M        72M       224K       4.2M        61M
-/+ buffers/cache:       854M       138M
Swap:         8.0G       595M       7.4G

             total       used       free     shared    buffers     cached
Mem:          992M       920M        71M       224K       4.2M        61M
-/+ buffers/cache:       855M       136M
Swap:         8.0G       594M       7.4G

             total       used       free     shared    buffers     cached
Mem:          992M       921M        70M       224K       4.2M        61M
-/+ buffers/cache:       856M       135M
Swap:         8.0G       594M       7.4G

             total       used       free     shared    buffers     cached
Mem:          992M       923M        68M       224K       4.2M        61M
-/+ buffers/cache:       857M       134M
Swap:         8.0G       593M       7.4G

             total       used       free     shared    buffers     cached
Mem:          992M       924M        67M       224K       4.2M        61M
-/+ buffers/cache:       859M       132M
Swap:         8.0G       592M       7.4G

             total       used       free     shared    buffers     cached
Mem:          992M       925M        66M       224K       4.2M        61M
-/+ buffers/cache:       860M       131M
Swap:         8.0G       592M       7.4G

             total       used       free     shared    buffers     cached
Mem:          992M       927M        65M       224K       4.2M        61M
-/+ buffers/cache:       861M       130M
Swap:         8.0G       591M       7.4G

             total       used       free     shared    buffers     cached
Mem:          992M       928M        63M       224K       4.2M        61M
-/+ buffers/cache:       862M       129M
Swap:         8.0G       590M       7.4G

             total       used       free     shared    buffers     cached
Mem:          992M       917M        74M       224K       4.2M        60M
-/+ buffers/cache:       852M       139M
Swap:         8.0G       591M       7.4G

             total       used       free     shared    buffers     cached
Mem:          992M       918M        73M       224K       4.2M        60M
-/+ buffers/cache:       853M       138M
Swap:         8.0G       590M       7.4G

             total       used       free     shared    buffers     cached
Mem:          992M       912M        79M       268K       8.5M        69M
-/+ buffers/cache:       834M       158M
Swap:         8.0G       618M       7.4G

             total       used       free     shared    buffers     cached
Mem:          992M       911M        80M       272K       8.9M        72M
-/+ buffers/cache:       830M       161M
Swap:         8.0G       618M       7.4G
