             total       used       free     shared    buffers     cached
Mem:          3.9G       664M       3.2G       3.2M        38M       289M
-/+ buffers/cache:       336M       3.5G
Swap:         8.0G         0B       8.0G

             total       used       free     shared    buffers     cached
Mem:          3.9G       663M       3.2G       1.4M        38M       287M
-/+ buffers/cache:       336M       3.5G
Swap:         8.0G         0B       8.0G

             total       used       free     shared    buffers     cached
Mem:          3.9G       663M       3.2G       1.5M        38M       287M
-/+ buffers/cache:       336M       3.5G
Swap:         8.0G         0B       8.0G

             total       used       free     shared    buffers     cached
Mem:          3.9G       663M       3.2G       1.5M        38M       287M
-/+ buffers/cache:       336M       3.5G
Swap:         8.0G         0B       8.0G

             total       used       free     shared    buffers     cached
Mem:          3.9G       663M       3.2G       1.5M        38M       287M
-/+ buffers/cache:       336M       3.5G
Swap:         8.0G         0B       8.0G

             total       used       free     shared    buffers     cached
Mem:          3.9G       663M       3.2G       1.5M        38M       287M
-/+ buffers/cache:       336M       3.5G
Swap:         8.0G         0B       8.0G

             total       used       free     shared    buffers     cached
Mem:          3.9G       662M       3.2G       1.5M        38M       287M
-/+ buffers/cache:       336M       3.5G
Swap:         8.0G         0B       8.0G

             total       used       free     shared    buffers     cached
Mem:          3.9G       662M       3.2G       1.5M        38M       288M
-/+ buffers/cache:       336M       3.5G
Swap:         8.0G         0B       8.0G

             total       used       free     shared    buffers     cached
Mem:          3.9G       663M       3.2G       1.5M        38M       288M
-/+ buffers/cache:       336M       3.5G
Swap:         8.0G         0B       8.0G

             total       used       free     shared    buffers     cached
Mem:          3.9G       666M       3.2G       1.5M        38M       288M
-/+ buffers/cache:       340M       3.5G
Swap:         8.0G         0B       8.0G

             total       used       free     shared    buffers     cached
Mem:          3.9G       690M       3.2G       1.5M        38M       288M
-/+ buffers/cache:       363M       3.5G
Swap:         8.0G         0B       8.0G

             total       used       free     shared    buffers     cached
Mem:          3.9G       671M       3.2G       1.5M        38M       289M
-/+ buffers/cache:       343M       3.5G
Swap:         8.0G         0B       8.0G

             total       used       free     shared    buffers     cached
Mem:          3.9G       672M       3.2G       1.5M        38M       289M
-/+ buffers/cache:       344M       3.5G
Swap:         8.0G         0B       8.0G

             total       used       free     shared    buffers     cached
Mem:          3.9G       672M       3.2G       1.5M        38M       289M
-/+ buffers/cache:       344M       3.5G
Swap:         8.0G         0B       8.0G

             total       used       free     shared    buffers     cached
Mem:          3.9G       672M       3.2G       1.5M        38M       289M
-/+ buffers/cache:       344M       3.5G
Swap:         8.0G         0B       8.0G

             total       used       free     shared    buffers     cached
Mem:          3.9G       672M       3.2G       1.5M        38M       289M
-/+ buffers/cache:       344M       3.5G
Swap:         8.0G         0B       8.0G

             total       used       free     shared    buffers     cached
Mem:          3.9G       672M       3.2G       1.5M        38M       289M
-/+ buffers/cache:       344M       3.5G
Swap:         8.0G         0B       8.0G

             total       used       free     shared    buffers     cached
Mem:          3.9G       672M       3.2G       1.5M        38M       289M
-/+ buffers/cache:       344M       3.5G
Swap:         8.0G         0B       8.0G

             total       used       free     shared    buffers     cached
Mem:          3.9G       672M       3.2G       1.5M        38M       289M
-/+ buffers/cache:       344M       3.5G
Swap:         8.0G         0B       8.0G

             total       used       free     shared    buffers     cached
Mem:          3.9G       672M       3.2G       1.5M        38M       289M
-/+ buffers/cache:       344M       3.5G
Swap:         8.0G         0B       8.0G

             total       used       free     shared    buffers     cached
Mem:          3.9G       672M       3.2G       1.5M        38M       289M
-/+ buffers/cache:       344M       3.5G
Swap:         8.0G         0B       8.0G

             total       used       free     shared    buffers     cached
Mem:          3.9G       672M       3.2G       1.5M        38M       289M
-/+ buffers/cache:       344M       3.5G
Swap:         8.0G         0B       8.0G

             total       used       free     shared    buffers     cached
Mem:          3.9G       672M       3.2G       1.5M        38M       289M
-/+ buffers/cache:       344M       3.5G
Swap:         8.0G         0B       8.0G

             total       used       free     shared    buffers     cached
Mem:          3.9G       672M       3.2G       1.5M        38M       289M
-/+ buffers/cache:       344M       3.5G
Swap:         8.0G         0B       8.0G

             total       used       free     shared    buffers     cached
Mem:          3.9G       672M       3.2G       1.5M        38M       289M
-/+ buffers/cache:       344M       3.5G
Swap:         8.0G         0B       8.0G

             total       used       free     shared    buffers     cached
Mem:          3.9G       672M       3.2G       1.5M        38M       289M
-/+ buffers/cache:       344M       3.5G
Swap:         8.0G         0B       8.0G

             total       used       free     shared    buffers     cached
Mem:          3.9G       672M       3.2G       1.5M        38M       289M
-/+ buffers/cache:       344M       3.5G
Swap:         8.0G         0B       8.0G

             total       used       free     shared    buffers     cached
Mem:          3.9G       672M       3.2G       1.5M        38M       289M
-/+ buffers/cache:       344M       3.5G
Swap:         8.0G         0B       8.0G

             total       used       free     shared    buffers     cached
Mem:          3.9G       672M       3.2G       1.5M        38M       289M
-/+ buffers/cache:       344M       3.5G
Swap:         8.0G         0B       8.0G

             total       used       free     shared    buffers     cached
Mem:          3.9G       672M       3.2G       1.5M        38M       289M
-/+ buffers/cache:       344M       3.5G
Swap:         8.0G         0B       8.0G

             total       used       free     shared    buffers     cached
Mem:          3.9G       672M       3.2G       1.5M        38M       289M
-/+ buffers/cache:       344M       3.5G
Swap:         8.0G         0B       8.0G

             total       used       free     shared    buffers     cached
Mem:          3.9G       672M       3.2G       1.5M        38M       289M
-/+ buffers/cache:       344M       3.5G
Swap:         8.0G         0B       8.0G

             total       used       free     shared    buffers     cached
Mem:          3.9G       672M       3.2G       1.5M        38M       289M
-/+ buffers/cache:       344M       3.5G
Swap:         8.0G         0B       8.0G

             total       used       free     shared    buffers     cached
Mem:          3.9G       678M       3.2G       1.5M        38M       289M
-/+ buffers/cache:       349M       3.5G
Swap:         8.0G         0B       8.0G

             total       used       free     shared    buffers     cached
Mem:          3.9G       693M       3.2G       1.5M        38M       289M
-/+ buffers/cache:       364M       3.5G
Swap:         8.0G         0B       8.0G

             total       used       free     shared    buffers     cached
Mem:          3.9G       709M       3.2G       1.5M        38M       289M
-/+ buffers/cache:       380M       3.5G
Swap:         8.0G         0B       8.0G

             total       used       free     shared    buffers     cached
Mem:          3.9G       725M       3.2G       1.5M        38M       289M
-/+ buffers/cache:       396M       3.5G
Swap:         8.0G         0B       8.0G

             total       used       free     shared    buffers     cached
Mem:          3.9G       749M       3.1G       1.5M        38M       289M
-/+ buffers/cache:       421M       3.4G
Swap:         8.0G         0B       8.0G

             total       used       free     shared    buffers     cached
Mem:          3.9G       768M       3.1G       1.5M        38M       289M
-/+ buffers/cache:       440M       3.4G
Swap:         8.0G         0B       8.0G

             total       used       free     shared    buffers     cached
Mem:          3.9G       783M       3.1G       1.5M        38M       289M
-/+ buffers/cache:       454M       3.4G
Swap:         8.0G         0B       8.0G

             total       used       free     shared    buffers     cached
Mem:          3.9G       798M       3.1G       1.5M        38M       289M
-/+ buffers/cache:       469M       3.4G
Swap:         8.0G         0B       8.0G

             total       used       free     shared    buffers     cached
Mem:          3.9G       813M       3.1G       1.5M        38M       289M
-/+ buffers/cache:       484M       3.4G
Swap:         8.0G         0B       8.0G

             total       used       free     shared    buffers     cached
Mem:          3.9G       829M       3.0G       1.5M        38M       289M
-/+ buffers/cache:       500M       3.4G
Swap:         8.0G         0B       8.0G

             total       used       free     shared    buffers     cached
Mem:          3.9G       846M       3.0G       1.5M        38M       289M
-/+ buffers/cache:       517M       3.4G
Swap:         8.0G         0B       8.0G

             total       used       free     shared    buffers     cached
Mem:          3.9G       865M       3.0G       1.5M        38M       289M
-/+ buffers/cache:       536M       3.3G
Swap:         8.0G         0B       8.0G

             total       used       free     shared    buffers     cached
Mem:          3.9G       886M       3.0G       1.5M        38M       289M
-/+ buffers/cache:       557M       3.3G
Swap:         8.0G         0B       8.0G

             total       used       free     shared    buffers     cached
Mem:          3.9G       904M       3.0G       1.5M        38M       289M
-/+ buffers/cache:       576M       3.3G
Swap:         8.0G         0B       8.0G

             total       used       free     shared    buffers     cached
Mem:          3.9G       926M       3.0G       1.5M        38M       289M
-/+ buffers/cache:       598M       3.3G
Swap:         8.0G         0B       8.0G

             total       used       free     shared    buffers     cached
Mem:          3.9G       950M       2.9G       1.5M        38M       289M
-/+ buffers/cache:       622M       3.3G
Swap:         8.0G         0B       8.0G

             total       used       free     shared    buffers     cached
Mem:          3.9G       975M       2.9G       1.5M        38M       289M
-/+ buffers/cache:       646M       3.2G
Swap:         8.0G         0B       8.0G

             total       used       free     shared    buffers     cached
Mem:          3.9G       998M       2.9G       1.5M        38M       289M
-/+ buffers/cache:       670M       3.2G
Swap:         8.0G         0B       8.0G

             total       used       free     shared    buffers     cached
Mem:          3.9G       1.0G       2.9G       1.5M        38M       289M
-/+ buffers/cache:       694M       3.2G
Swap:         8.0G         0B       8.0G

             total       used       free     shared    buffers     cached
Mem:          3.9G       1.0G       2.8G       1.5M        38M       289M
-/+ buffers/cache:       718M       3.2G
Swap:         8.0G         0B       8.0G

             total       used       free     shared    buffers     cached
Mem:          3.9G       1.0G       2.8G       1.5M        38M       289M
-/+ buffers/cache:       742M       3.1G
Swap:         8.0G         0B       8.0G

             total       used       free     shared    buffers     cached
Mem:          3.9G       1.1G       2.8G       1.5M        38M       289M
-/+ buffers/cache:       764M       3.1G
Swap:         8.0G         0B       8.0G

             total       used       free     shared    buffers     cached
Mem:          3.9G       1.1G       2.8G       1.5M        38M       289M
-/+ buffers/cache:       786M       3.1G
Swap:         8.0G         0B       8.0G

             total       used       free     shared    buffers     cached
Mem:          3.9G       1.1G       2.8G       1.5M        38M       289M
-/+ buffers/cache:       800M       3.1G
Swap:         8.0G         0B       8.0G

             total       used       free     shared    buffers     cached
Mem:          3.9G       1.1G       2.7G       1.5M        38M       289M
-/+ buffers/cache:       823M       3.1G
Swap:         8.0G         0B       8.0G

             total       used       free     shared    buffers     cached
Mem:          3.9G       1.1G       2.7G       1.5M        38M       289M
-/+ buffers/cache:       845M       3.0G
Swap:         8.0G         0B       8.0G

             total       used       free     shared    buffers     cached
Mem:          3.9G       1.2G       2.7G       1.5M        38M       289M
-/+ buffers/cache:       867M       3.0G
Swap:         8.0G         0B       8.0G

             total       used       free     shared    buffers     cached
Mem:          3.9G       1.2G       2.7G       1.5M        38M       289M
-/+ buffers/cache:       891M       3.0G
Swap:         8.0G         0B       8.0G

             total       used       free     shared    buffers     cached
Mem:          3.9G       1.2G       2.6G       1.5M        38M       289M
-/+ buffers/cache:       916M       3.0G
Swap:         8.0G         0B       8.0G

             total       used       free     shared    buffers     cached
Mem:          3.9G       1.2G       2.6G       1.5M        38M       289M
-/+ buffers/cache:       939M       2.9G
Swap:         8.0G         0B       8.0G

             total       used       free     shared    buffers     cached
Mem:          3.9G       1.3G       2.6G       1.5M        38M       289M
-/+ buffers/cache:       962M       2.9G
Swap:         8.0G         0B       8.0G

             total       used       free     shared    buffers     cached
Mem:          3.9G       1.3G       2.6G       1.5M        38M       289M
-/+ buffers/cache:       985M       2.9G
Swap:         8.0G         0B       8.0G

             total       used       free     shared    buffers     cached
Mem:          3.9G       1.3G       2.6G       1.5M        38M       289M
-/+ buffers/cache:       1.0G       2.9G
Swap:         8.0G         0B       8.0G

             total       used       free     shared    buffers     cached
Mem:          3.9G       1.3G       2.5G       1.5M        38M       289M
-/+ buffers/cache:       1.0G       2.9G
Swap:         8.0G         0B       8.0G

             total       used       free     shared    buffers     cached
Mem:          3.9G       1.3G       2.5G       1.5M        38M       289M
-/+ buffers/cache:       1.0G       2.8G
Swap:         8.0G         0B       8.0G

             total       used       free     shared    buffers     cached
Mem:          3.9G       1.4G       2.5G       1.5M        38M       289M
-/+ buffers/cache:       1.0G       2.8G
Swap:         8.0G         0B       8.0G

             total       used       free     shared    buffers     cached
Mem:          3.9G       1.4G       2.5G       1.5M        38M       290M
-/+ buffers/cache:       1.1G       2.8G
Swap:         8.0G         0B       8.0G

             total       used       free     shared    buffers     cached
Mem:          3.9G       1.4G       2.4G       1.5M        38M       290M
-/+ buffers/cache:       1.1G       2.8G
Swap:         8.0G         0B       8.0G

             total       used       free     shared    buffers     cached
Mem:          3.9G       1.4G       2.4G       1.5M        38M       290M
-/+ buffers/cache:       1.1G       2.7G
Swap:         8.0G         0B       8.0G

             total       used       free     shared    buffers     cached
Mem:          3.9G       1.5G       2.4G       1.5M        38M       290M
-/+ buffers/cache:       1.1G       2.7G
Swap:         8.0G         0B       8.0G

             total       used       free     shared    buffers     cached
Mem:          3.9G       1.5G       2.4G       1.5M        38M       290M
-/+ buffers/cache:       1.2G       2.7G
Swap:         8.0G         0B       8.0G

             total       used       free     shared    buffers     cached
Mem:          3.9G       1.5G       2.4G       1.5M        38M       290M
-/+ buffers/cache:       1.2G       2.7G
Swap:         8.0G         0B       8.0G

             total       used       free     shared    buffers     cached
Mem:          3.9G       1.5G       2.3G       1.5M        38M       290M
-/+ buffers/cache:       1.2G       2.7G
Swap:         8.0G         0B       8.0G

             total       used       free     shared    buffers     cached
Mem:          3.9G       1.5G       2.3G       1.5M        38M       290M
-/+ buffers/cache:       1.2G       2.7G
Swap:         8.0G         0B       8.0G

             total       used       free     shared    buffers     cached
Mem:          3.9G       1.5G       2.3G       1.5M        38M       290M
-/+ buffers/cache:       1.2G       2.6G
Swap:         8.0G         0B       8.0G

             total       used       free     shared    buffers     cached
Mem:          3.9G       1.5G       2.3G       1.5M        38M       290M
-/+ buffers/cache:       1.2G       2.6G
Swap:         8.0G         0B       8.0G

             total       used       free     shared    buffers     cached
Mem:          3.9G       1.6G       2.3G       1.5M        38M       290M
-/+ buffers/cache:       1.2G       2.6G
Swap:         8.0G         0B       8.0G

             total       used       free     shared    buffers     cached
Mem:          3.9G       1.6G       2.3G       1.5M        38M       290M
-/+ buffers/cache:       1.3G       2.6G
Swap:         8.0G         0B       8.0G

             total       used       free     shared    buffers     cached
Mem:          3.9G       1.6G       2.3G       1.5M        38M       290M
-/+ buffers/cache:       1.3G       2.6G
Swap:         8.0G         0B       8.0G

             total       used       free     shared    buffers     cached
Mem:          3.9G       1.6G       2.2G       1.5M        38M       290M
-/+ buffers/cache:       1.3G       2.6G
Swap:         8.0G         0B       8.0G

             total       used       free     shared    buffers     cached
Mem:          3.9G       1.6G       2.2G       1.5M        38M       290M
-/+ buffers/cache:       1.3G       2.5G
Swap:         8.0G         0B       8.0G

             total       used       free     shared    buffers     cached
Mem:          3.9G       1.7G       2.2G       1.5M        38M       290M
-/+ buffers/cache:       1.3G       2.5G
Swap:         8.0G         0B       8.0G

             total       used       free     shared    buffers     cached
Mem:          3.9G       1.7G       2.2G       1.5M        38M       290M
-/+ buffers/cache:       1.4G       2.5G
Swap:         8.0G         0B       8.0G

             total       used       free     shared    buffers     cached
Mem:          3.9G       1.7G       2.2G       1.5M        38M       290M
-/+ buffers/cache:       1.4G       2.5G
Swap:         8.0G         0B       8.0G

             total       used       free     shared    buffers     cached
Mem:          3.9G       1.7G       2.1G       1.5M        38M       290M
-/+ buffers/cache:       1.4G       2.5G
Swap:         8.0G         0B       8.0G

             total       used       free     shared    buffers     cached
Mem:          3.9G       1.7G       2.1G       1.5M        38M       290M
-/+ buffers/cache:       1.4G       2.4G
Swap:         8.0G         0B       8.0G

             total       used       free     shared    buffers     cached
Mem:          3.9G       1.8G       2.1G       1.5M        38M       290M
-/+ buffers/cache:       1.4G       2.4G
Swap:         8.0G         0B       8.0G

             total       used       free     shared    buffers     cached
Mem:          3.9G       1.8G       2.1G       1.5M        38M       290M
-/+ buffers/cache:       1.5G       2.4G
Swap:         8.0G         0B       8.0G

             total       used       free     shared    buffers     cached
Mem:          3.9G       1.8G       2.0G       1.5M        38M       290M
-/+ buffers/cache:       1.5G       2.4G
Swap:         8.0G         0B       8.0G

             total       used       free     shared    buffers     cached
Mem:          3.9G       1.8G       2.0G       1.5M        38M       290M
-/+ buffers/cache:       1.5G       2.3G
Swap:         8.0G         0B       8.0G

             total       used       free     shared    buffers     cached
Mem:          3.9G       1.9G       2.0G       1.5M        38M       290M
-/+ buffers/cache:       1.5G       2.3G
Swap:         8.0G         0B       8.0G

             total       used       free     shared    buffers     cached
Mem:          3.9G       1.9G       2.0G       1.5M        38M       290M
-/+ buffers/cache:       1.6G       2.3G
Swap:         8.0G         0B       8.0G

             total       used       free     shared    buffers     cached
Mem:          3.9G       1.9G       2.0G       1.5M        38M       290M
-/+ buffers/cache:       1.6G       2.3G
Swap:         8.0G         0B       8.0G

             total       used       free     shared    buffers     cached
Mem:          3.9G       1.9G       1.9G       1.5M        38M       290M
-/+ buffers/cache:       1.6G       2.3G
Swap:         8.0G         0B       8.0G

             total       used       free     shared    buffers     cached
Mem:          3.9G       1.9G       1.9G       1.5M        38M       290M
-/+ buffers/cache:       1.6G       2.2G
Swap:         8.0G         0B       8.0G

             total       used       free     shared    buffers     cached
Mem:          3.9G       1.9G       1.9G       1.5M        38M       290M
-/+ buffers/cache:       1.6G       2.2G
Swap:         8.0G         0B       8.0G

             total       used       free     shared    buffers     cached
Mem:          3.9G       2.0G       1.9G       1.5M        38M       290M
-/+ buffers/cache:       1.6G       2.2G
Swap:         8.0G         0B       8.0G

             total       used       free     shared    buffers     cached
Mem:          3.9G       2.0G       1.9G       1.5M        38M       290M
-/+ buffers/cache:       1.7G       2.2G
Swap:         8.0G         0B       8.0G

             total       used       free     shared    buffers     cached
Mem:          3.9G       2.0G       1.9G       1.5M        38M       290M
-/+ buffers/cache:       1.7G       2.2G
Swap:         8.0G         0B       8.0G

             total       used       free     shared    buffers     cached
Mem:          3.9G       2.0G       1.8G       1.5M        38M       290M
-/+ buffers/cache:       1.7G       2.2G
Swap:         8.0G         0B       8.0G

             total       used       free     shared    buffers     cached
Mem:          3.9G       2.0G       1.8G       1.5M        38M       290M
-/+ buffers/cache:       1.7G       2.2G
Swap:         8.0G         0B       8.0G

             total       used       free     shared    buffers     cached
Mem:          3.9G       2.0G       1.8G       1.5M        38M       290M
-/+ buffers/cache:       1.7G       2.1G
Swap:         8.0G         0B       8.0G

             total       used       free     shared    buffers     cached
Mem:          3.9G       2.1G       1.8G       1.5M        38M       290M
-/+ buffers/cache:       1.7G       2.1G
Swap:         8.0G         0B       8.0G

             total       used       free     shared    buffers     cached
Mem:          3.9G       2.1G       1.8G       1.5M        38M       290M
-/+ buffers/cache:       1.8G       2.1G
Swap:         8.0G         0B       8.0G

             total       used       free     shared    buffers     cached
Mem:          3.9G       2.1G       1.8G       1.5M        38M       290M
-/+ buffers/cache:       1.8G       2.1G
Swap:         8.0G         0B       8.0G

             total       used       free     shared    buffers     cached
Mem:          3.9G       2.1G       1.8G       1.5M        38M       290M
-/+ buffers/cache:       1.8G       2.1G
Swap:         8.0G         0B       8.0G

             total       used       free     shared    buffers     cached
Mem:          3.9G       2.1G       1.7G       1.5M        38M       290M
-/+ buffers/cache:       1.8G       2.1G
Swap:         8.0G         0B       8.0G

             total       used       free     shared    buffers     cached
Mem:          3.9G       2.1G       1.7G       1.5M        38M       290M
-/+ buffers/cache:       1.8G       2.0G
Swap:         8.0G         0B       8.0G

             total       used       free     shared    buffers     cached
Mem:          3.9G       2.1G       1.7G       1.5M        38M       290M
-/+ buffers/cache:       1.8G       2.0G
Swap:         8.0G         0B       8.0G

             total       used       free     shared    buffers     cached
Mem:          3.9G       2.2G       1.7G       1.5M        38M       290M
-/+ buffers/cache:       1.8G       2.0G
Swap:         8.0G         0B       8.0G

             total       used       free     shared    buffers     cached
Mem:          3.9G       2.2G       1.7G       1.5M        38M       290M
-/+ buffers/cache:       1.9G       2.0G
Swap:         8.0G         0B       8.0G

             total       used       free     shared    buffers     cached
Mem:          3.9G       2.2G       1.7G       1.5M        38M       290M
-/+ buffers/cache:       1.9G       2.0G
Swap:         8.0G         0B       8.0G

             total       used       free     shared    buffers     cached
Mem:          3.9G       2.2G       1.6G       1.5M        38M       290M
-/+ buffers/cache:       1.9G       2.0G
Swap:         8.0G         0B       8.0G

             total       used       free     shared    buffers     cached
Mem:          3.9G       2.2G       1.6G       1.5M        38M       290M
-/+ buffers/cache:       1.9G       2.0G
Swap:         8.0G         0B       8.0G

             total       used       free     shared    buffers     cached
Mem:          3.9G       2.2G       1.6G       1.5M        38M       290M
-/+ buffers/cache:       1.9G       1.9G
Swap:         8.0G         0B       8.0G

             total       used       free     shared    buffers     cached
Mem:          3.9G       2.3G       1.6G       1.5M        38M       290M
-/+ buffers/cache:       1.9G       1.9G
Swap:         8.0G         0B       8.0G

             total       used       free     shared    buffers     cached
Mem:          3.9G       2.3G       1.6G       1.5M        38M       290M
-/+ buffers/cache:       2.0G       1.9G
Swap:         8.0G         0B       8.0G

             total       used       free     shared    buffers     cached
Mem:          3.9G       2.3G       1.6G       1.5M        38M       290M
-/+ buffers/cache:       2.0G       1.9G
Swap:         8.0G         0B       8.0G

             total       used       free     shared    buffers     cached
Mem:          3.9G       2.3G       1.6G       1.5M        38M       290M
-/+ buffers/cache:       2.0G       1.9G
Swap:         8.0G         0B       8.0G

             total       used       free     shared    buffers     cached
Mem:          3.9G       2.3G       1.5G       1.5M        38M       290M
-/+ buffers/cache:       2.0G       1.9G
Swap:         8.0G         0B       8.0G

             total       used       free     shared    buffers     cached
Mem:          3.9G       2.3G       1.5G       1.5M        38M       290M
-/+ buffers/cache:       2.0G       1.8G
Swap:         8.0G         0B       8.0G

             total       used       free     shared    buffers     cached
Mem:          3.9G       2.4G       1.5G       1.5M        38M       290M
-/+ buffers/cache:       2.0G       1.8G
Swap:         8.0G         0B       8.0G

             total       used       free     shared    buffers     cached
Mem:          3.9G       2.4G       1.5G       1.5M        38M       290M
-/+ buffers/cache:       2.1G       1.8G
Swap:         8.0G         0B       8.0G

             total       used       free     shared    buffers     cached
Mem:          3.9G       2.4G       1.5G       1.5M        38M       290M
-/+ buffers/cache:       2.1G       1.8G
Swap:         8.0G         0B       8.0G

             total       used       free     shared    buffers     cached
Mem:          3.9G       2.4G       1.5G       1.5M        38M       290M
-/+ buffers/cache:       2.1G       1.8G
Swap:         8.0G         0B       8.0G

             total       used       free     shared    buffers     cached
Mem:          3.9G       2.4G       1.4G       1.5M        38M       290M
-/+ buffers/cache:       2.1G       1.8G
Swap:         8.0G         0B       8.0G

             total       used       free     shared    buffers     cached
Mem:          3.9G       2.4G       1.4G       1.5M        38M       290M
-/+ buffers/cache:       2.1G       1.8G
Swap:         8.0G         0B       8.0G

             total       used       free     shared    buffers     cached
Mem:          3.9G       2.4G       1.4G       1.5M        38M       290M
-/+ buffers/cache:       2.1G       1.7G
Swap:         8.0G         0B       8.0G

             total       used       free     shared    buffers     cached
Mem:          3.9G       2.5G       1.4G       1.5M        38M       290M
-/+ buffers/cache:       2.1G       1.7G
Swap:         8.0G         0B       8.0G

             total       used       free     shared    buffers     cached
Mem:          3.9G       2.5G       1.4G       1.5M        38M       290M
-/+ buffers/cache:       2.2G       1.7G
Swap:         8.0G         0B       8.0G

             total       used       free     shared    buffers     cached
Mem:          3.9G       2.5G       1.4G       1.5M        38M       290M
-/+ buffers/cache:       2.2G       1.7G
Swap:         8.0G         0B       8.0G

             total       used       free     shared    buffers     cached
Mem:          3.9G       2.5G       1.3G       1.5M        38M       290M
-/+ buffers/cache:       2.2G       1.7G
Swap:         8.0G         0B       8.0G

             total       used       free     shared    buffers     cached
Mem:          3.9G       2.5G       1.3G       1.5M        38M       290M
-/+ buffers/cache:       2.2G       1.6G
Swap:         8.0G         0B       8.0G

             total       used       free     shared    buffers     cached
Mem:          3.9G       2.6G       1.3G       1.5M        38M       290M
-/+ buffers/cache:       2.2G       1.6G
Swap:         8.0G         0B       8.0G

             total       used       free     shared    buffers     cached
Mem:          3.9G       2.6G       1.3G       1.5M        38M       290M
-/+ buffers/cache:       2.3G       1.6G
Swap:         8.0G         0B       8.0G

             total       used       free     shared    buffers     cached
Mem:          3.9G       2.6G       1.3G       1.5M        38M       290M
-/+ buffers/cache:       2.3G       1.6G
Swap:         8.0G         0B       8.0G

             total       used       free     shared    buffers     cached
Mem:          3.9G       2.6G       1.2G       1.5M        38M       290M
-/+ buffers/cache:       2.3G       1.6G
Swap:         8.0G         0B       8.0G

             total       used       free     shared    buffers     cached
Mem:          3.9G       2.6G       1.2G       1.5M        38M       290M
-/+ buffers/cache:       2.3G       1.5G
Swap:         8.0G         0B       8.0G

             total       used       free     shared    buffers     cached
Mem:          3.9G       2.7G       1.2G       1.5M        38M       290M
-/+ buffers/cache:       2.3G       1.5G
Swap:         8.0G         0B       8.0G

             total       used       free     shared    buffers     cached
Mem:          3.9G       2.7G       1.2G       1.5M        38M       290M
-/+ buffers/cache:       2.4G       1.5G
Swap:         8.0G         0B       8.0G

             total       used       free     shared    buffers     cached
Mem:          3.9G       2.7G       1.1G       1.5M        38M       290M
-/+ buffers/cache:       2.4G       1.5G
Swap:         8.0G         0B       8.0G

             total       used       free     shared    buffers     cached
Mem:          3.9G       2.7G       1.1G       1.5M        38M       290M
-/+ buffers/cache:       2.4G       1.4G
Swap:         8.0G         0B       8.0G

             total       used       free     shared    buffers     cached
Mem:          3.9G       2.8G       1.1G       1.5M        38M       290M
-/+ buffers/cache:       2.4G       1.4G
Swap:         8.0G         0B       8.0G

             total       used       free     shared    buffers     cached
Mem:          3.9G       2.8G       1.1G       1.5M        38M       290M
-/+ buffers/cache:       2.5G       1.4G
Swap:         8.0G         0B       8.0G

             total       used       free     shared    buffers     cached
Mem:          3.9G       2.8G       1.1G       1.5M        38M       290M
-/+ buffers/cache:       2.5G       1.4G
Swap:         8.0G         0B       8.0G

             total       used       free     shared    buffers     cached
Mem:          3.9G       2.8G       1.0G       1.5M        38M       290M
-/+ buffers/cache:       2.5G       1.4G
Swap:         8.0G         0B       8.0G

             total       used       free     shared    buffers     cached
Mem:          3.9G       2.8G       1.0G       1.5M        38M       290M
-/+ buffers/cache:       2.5G       1.3G
Swap:         8.0G         0B       8.0G

             total       used       free     shared    buffers     cached
Mem:          3.9G       2.9G       1.0G       1.5M        38M       290M
-/+ buffers/cache:       2.5G       1.3G
Swap:         8.0G         0B       8.0G

             total       used       free     shared    buffers     cached
Mem:          3.9G       2.9G       999M       1.5M        38M       290M
-/+ buffers/cache:       2.6G       1.3G
Swap:         8.0G         0B       8.0G

             total       used       free     shared    buffers     cached
Mem:          3.9G       2.9G       978M       1.5M        38M       290M
-/+ buffers/cache:       2.6G       1.3G
Swap:         8.0G         0B       8.0G

             total       used       free     shared    buffers     cached
Mem:          3.9G       2.9G       956M       1.5M        38M       290M
-/+ buffers/cache:       2.6G       1.3G
Swap:         8.0G         0B       8.0G

             total       used       free     shared    buffers     cached
Mem:          3.9G       2.9G       933M       1.5M        38M       290M
-/+ buffers/cache:       2.6G       1.2G
Swap:         8.0G         0B       8.0G

             total       used       free     shared    buffers     cached
Mem:          3.9G       3.0G       912M       1.5M        38M       290M
-/+ buffers/cache:       2.6G       1.2G
Swap:         8.0G         0B       8.0G

             total       used       free     shared    buffers     cached
Mem:          3.9G       3.0G       892M       1.5M        38M       290M
-/+ buffers/cache:       2.7G       1.2G
Swap:         8.0G         0B       8.0G

             total       used       free     shared    buffers     cached
Mem:          3.9G       3.0G       873M       1.5M        38M       290M
-/+ buffers/cache:       2.7G       1.2G
Swap:         8.0G         0B       8.0G

             total       used       free     shared    buffers     cached
Mem:          3.9G       3.0G       850M       1.5M        38M       290M
-/+ buffers/cache:       2.7G       1.2G
Swap:         8.0G         0B       8.0G

             total       used       free     shared    buffers     cached
Mem:          3.9G       3.0G       834M       1.5M        38M       290M
-/+ buffers/cache:       2.7G       1.1G
Swap:         8.0G         0B       8.0G

             total       used       free     shared    buffers     cached
Mem:          3.9G       3.1G       818M       1.5M        38M       290M
-/+ buffers/cache:       2.7G       1.1G
Swap:         8.0G         0B       8.0G

             total       used       free     shared    buffers     cached
Mem:          3.9G       3.1G       796M       1.5M        38M       290M
-/+ buffers/cache:       2.8G       1.1G
Swap:         8.0G         0B       8.0G

             total       used       free     shared    buffers     cached
Mem:          3.9G       3.1G       780M       1.5M        38M       290M
-/+ buffers/cache:       2.8G       1.1G
Swap:         8.0G         0B       8.0G

             total       used       free     shared    buffers     cached
Mem:          3.9G       3.1G       760M       1.5M        38M       290M
-/+ buffers/cache:       2.8G       1.1G
Swap:         8.0G         0B       8.0G

             total       used       free     shared    buffers     cached
Mem:          3.9G       3.1G       739M       1.5M        38M       290M
-/+ buffers/cache:       2.8G       1.0G
Swap:         8.0G         0B       8.0G

             total       used       free     shared    buffers     cached
Mem:          3.9G       3.2G       717M       1.5M        38M       290M
-/+ buffers/cache:       2.8G       1.0G
Swap:         8.0G         0B       8.0G

             total       used       free     shared    buffers     cached
Mem:          3.9G       3.2G       692M       1.5M        38M       290M
-/+ buffers/cache:       2.9G       1.0G
Swap:         8.0G         0B       8.0G

             total       used       free     shared    buffers     cached
Mem:          3.9G       3.2G       672M       1.5M        38M       290M
-/+ buffers/cache:       2.9G       1.0G
Swap:         8.0G         0B       8.0G

             total       used       free     shared    buffers     cached
Mem:          3.9G       3.2G       653M       1.5M        38M       290M
-/+ buffers/cache:       2.9G       982M
Swap:         8.0G         0B       8.0G

             total       used       free     shared    buffers     cached
Mem:          3.9G       3.2G       634M       1.5M        38M       290M
-/+ buffers/cache:       2.9G       963M
Swap:         8.0G         0B       8.0G

             total       used       free     shared    buffers     cached
Mem:          3.9G       3.3G       616M       1.5M        38M       290M
-/+ buffers/cache:       2.9G       945M
Swap:         8.0G         0B       8.0G

             total       used       free     shared    buffers     cached
Mem:          3.9G       3.3G       603M       1.5M        38M       290M
-/+ buffers/cache:       2.9G       932M
Swap:         8.0G         0B       8.0G

             total       used       free     shared    buffers     cached
Mem:          3.9G       3.3G       589M       1.5M        38M       290M
-/+ buffers/cache:       3.0G       918M
Swap:         8.0G         0B       8.0G

             total       used       free     shared    buffers     cached
Mem:          3.9G       3.3G       577M       1.5M        38M       290M
-/+ buffers/cache:       3.0G       906M
Swap:         8.0G         0B       8.0G

             total       used       free     shared    buffers     cached
Mem:          3.9G       3.3G       566M       1.5M        38M       290M
-/+ buffers/cache:       3.0G       896M
Swap:         8.0G         0B       8.0G

             total       used       free     shared    buffers     cached
Mem:          3.9G       3.3G       556M       1.5M        38M       290M
-/+ buffers/cache:       3.0G       885M
Swap:         8.0G         0B       8.0G

             total       used       free     shared    buffers     cached
Mem:          3.9G       3.3G       547M       1.5M        38M       290M
-/+ buffers/cache:       3.0G       876M
Swap:         8.0G         0B       8.0G

             total       used       free     shared    buffers     cached
Mem:          3.9G       3.3G       535M       1.5M        38M       290M
-/+ buffers/cache:       3.0G       865M
Swap:         8.0G         0B       8.0G

             total       used       free     shared    buffers     cached
Mem:          3.9G       3.3G       525M       1.5M        38M       290M
-/+ buffers/cache:       3.0G       855M
Swap:         8.0G         0B       8.0G

             total       used       free     shared    buffers     cached
Mem:          3.9G       3.4G       513M       1.5M        38M       290M
-/+ buffers/cache:       3.0G       842M
Swap:         8.0G         0B       8.0G

             total       used       free     shared    buffers     cached
Mem:          3.9G       3.4G       503M       1.5M        38M       290M
-/+ buffers/cache:       3.0G       832M
Swap:         8.0G         0B       8.0G

             total       used       free     shared    buffers     cached
Mem:          3.9G       3.4G       492M       1.5M        38M       290M
-/+ buffers/cache:       3.1G       821M
Swap:         8.0G         0B       8.0G

             total       used       free     shared    buffers     cached
Mem:          3.9G       3.4G       480M       1.5M        38M       290M
-/+ buffers/cache:       3.1G       809M
Swap:         8.0G         0B       8.0G

             total       used       free     shared    buffers     cached
Mem:          3.9G       3.4G       467M       1.5M        38M       290M
-/+ buffers/cache:       3.1G       797M
Swap:         8.0G         0B       8.0G

             total       used       free     shared    buffers     cached
Mem:          3.9G       3.4G       456M       1.5M        38M       290M
-/+ buffers/cache:       3.1G       785M
Swap:         8.0G         0B       8.0G

             total       used       free     shared    buffers     cached
Mem:          3.9G       3.4G       445M       1.5M        38M       290M
-/+ buffers/cache:       3.1G       774M
Swap:         8.0G         0B       8.0G

             total       used       free     shared    buffers     cached
Mem:          3.9G       3.4G       435M       1.5M        38M       290M
-/+ buffers/cache:       3.1G       764M
Swap:         8.0G         0B       8.0G

             total       used       free     shared    buffers     cached
Mem:          3.9G       3.4G       424M       1.5M        38M       290M
-/+ buffers/cache:       3.1G       753M
Swap:         8.0G         0B       8.0G

             total       used       free     shared    buffers     cached
Mem:          3.9G       3.5G       413M       1.5M        38M       290M
-/+ buffers/cache:       3.1G       742M
Swap:         8.0G         0B       8.0G

             total       used       free     shared    buffers     cached
Mem:          3.9G       3.5G       402M       1.5M        38M       290M
-/+ buffers/cache:       3.1G       731M
Swap:         8.0G         0B       8.0G

             total       used       free     shared    buffers     cached
Mem:          3.9G       3.5G       391M       1.5M        38M       290M
-/+ buffers/cache:       3.2G       721M
Swap:         8.0G         0B       8.0G

             total       used       free     shared    buffers     cached
Mem:          3.9G       3.5G       381M       1.5M        38M       290M
-/+ buffers/cache:       3.2G       711M
Swap:         8.0G         0B       8.0G

             total       used       free     shared    buffers     cached
Mem:          3.9G       3.5G       370M       1.5M        38M       290M
-/+ buffers/cache:       3.2G       700M
Swap:         8.0G         0B       8.0G

             total       used       free     shared    buffers     cached
Mem:          3.9G       3.5G       361M       1.5M        38M       290M
-/+ buffers/cache:       3.2G       690M
Swap:         8.0G         0B       8.0G

             total       used       free     shared    buffers     cached
Mem:          3.9G       3.5G       350M       1.5M        38M       290M
-/+ buffers/cache:       3.2G       680M
Swap:         8.0G         0B       8.0G

             total       used       free     shared    buffers     cached
Mem:          3.9G       3.5G       339M       1.5M        38M       290M
-/+ buffers/cache:       3.2G       669M
Swap:         8.0G         0B       8.0G

             total       used       free     shared    buffers     cached
Mem:          3.9G       3.5G       329M       1.5M        38M       290M
-/+ buffers/cache:       3.2G       658M
Swap:         8.0G         0B       8.0G

             total       used       free     shared    buffers     cached
Mem:          3.9G       3.5G       318M       1.5M        38M       290M
-/+ buffers/cache:       3.2G       647M
Swap:         8.0G         0B       8.0G

             total       used       free     shared    buffers     cached
Mem:          3.9G       3.6G       305M       1.5M        38M       290M
-/+ buffers/cache:       3.2G       634M
Swap:         8.0G         0B       8.0G

             total       used       free     shared    buffers     cached
Mem:          3.9G       3.6G       293M       1.5M        38M       290M
-/+ buffers/cache:       3.3G       622M
Swap:         8.0G         0B       8.0G

             total       used       free     shared    buffers     cached
Mem:          3.9G       3.6G       282M       1.5M        38M       290M
-/+ buffers/cache:       3.3G       611M
Swap:         8.0G         0B       8.0G

             total       used       free     shared    buffers     cached
Mem:          3.9G       3.6G       272M       1.5M        38M       290M
-/+ buffers/cache:       3.3G       601M
Swap:         8.0G         0B       8.0G

             total       used       free     shared    buffers     cached
Mem:          3.9G       3.6G       261M       1.5M        38M       290M
-/+ buffers/cache:       3.3G       590M
Swap:         8.0G         0B       8.0G

             total       used       free     shared    buffers     cached
Mem:          3.9G       3.6G       250M       1.5M        38M       290M
-/+ buffers/cache:       3.3G       579M
Swap:         8.0G         0B       8.0G

             total       used       free     shared    buffers     cached
Mem:          3.9G       3.6G       238M       1.5M        38M       290M
-/+ buffers/cache:       3.3G       567M
Swap:         8.0G         0B       8.0G

             total       used       free     shared    buffers     cached
Mem:          3.9G       3.6G       226M       1.5M        38M       290M
-/+ buffers/cache:       3.3G       556M
Swap:         8.0G         0B       8.0G

             total       used       free     shared    buffers     cached
Mem:          3.9G       3.6G       215M       1.5M        38M       290M
-/+ buffers/cache:       3.3G       544M
Swap:         8.0G         0B       8.0G

             total       used       free     shared    buffers     cached
Mem:          3.9G       3.7G       208M       1.5M        38M       290M
-/+ buffers/cache:       3.3G       537M
Swap:         8.0G         0B       8.0G

             total       used       free     shared    buffers     cached
Mem:          3.9G       3.7G       193M       1.5M        38M       290M
-/+ buffers/cache:       3.3G       522M
Swap:         8.0G         0B       8.0G

             total       used       free     shared    buffers     cached
Mem:          3.9G       3.7G       175M       1.5M        38M       290M
-/+ buffers/cache:       3.4G       504M
Swap:         8.0G         0B       8.0G

             total       used       free     shared    buffers     cached
Mem:          3.9G       3.7G       157M       1.5M        38M       290M
-/+ buffers/cache:       3.4G       486M
Swap:         8.0G         0B       8.0G

             total       used       free     shared    buffers     cached
Mem:          3.9G       3.7G       140M       1.5M        38M       290M
-/+ buffers/cache:       3.4G       469M
Swap:         8.0G         0B       8.0G

             total       used       free     shared    buffers     cached
Mem:          3.9G       3.7G       124M       1.5M        38M       290M
-/+ buffers/cache:       3.4G       453M
Swap:         8.0G         0B       8.0G

             total       used       free     shared    buffers     cached
Mem:          3.9G       3.8G       108M       1.5M        38M       290M
-/+ buffers/cache:       3.4G       437M
Swap:         8.0G         0B       8.0G

             total       used       free     shared    buffers     cached
Mem:          3.9G       3.7G       125M       1.5M        10M       283M
-/+ buffers/cache:       3.4G       419M
Swap:         8.0G         0B       8.0G

             total       used       free     shared    buffers     cached
Mem:          3.9G       3.8G       107M       1.5M        10M       283M
-/+ buffers/cache:       3.5G       401M
Swap:         8.0G         0B       8.0G

             total       used       free     shared    buffers     cached
Mem:          3.9G       3.8G       106M       1.4M        10M       265M
-/+ buffers/cache:       3.5G       382M
Swap:         8.0G        60K       8.0G

             total       used       free     shared    buffers     cached
Mem:          3.9G       3.8G       106M       1.3M       9.9M       247M
-/+ buffers/cache:       3.5G       364M
Swap:         8.0G       448K       8.0G

             total       used       free     shared    buffers     cached
Mem:          3.9G       3.7G       133M       1.0M       9.9M       210M
-/+ buffers/cache:       3.5G       353M
Swap:         8.0G        13M       8.0G

             total       used       free     shared    buffers     cached
Mem:          3.9G       3.7G       118M       1.1M       9.9M       210M
-/+ buffers/cache:       3.5G       338M
Swap:         8.0G        13M       8.0G

             total       used       free     shared    buffers     cached
Mem:          3.9G       3.7G       148M       1.1M       464K       170M
-/+ buffers/cache:       3.5G       320M
Swap:         8.0G        13M       8.0G

             total       used       free     shared    buffers     cached
Mem:          3.9G       3.7G       130M       1.1M       468K       170M
-/+ buffers/cache:       3.6G       302M
Swap:         8.0G        13M       8.0G

             total       used       free     shared    buffers     cached
Mem:          3.9G       3.7G       115M       1.1M       468K       170M
-/+ buffers/cache:       3.6G       286M
Swap:         8.0G        13M       8.0G

             total       used       free     shared    buffers     cached
Mem:          3.9G       3.7G       121M       1.1M       476K       148M
-/+ buffers/cache:       3.6G       270M
Swap:         8.0G        13M       8.0G

             total       used       free     shared    buffers     cached
Mem:          3.9G       3.7G       120M       1.1M        84K       126M
-/+ buffers/cache:       3.6G       247M
Swap:         8.0G        13M       8.0G

             total       used       free     shared    buffers     cached
Mem:          3.9G       3.8G       105M       1.1M        84K       124M
-/+ buffers/cache:       3.6G       229M
Swap:         8.0G        13M       8.0G

             total       used       free     shared    buffers     cached
Mem:          3.9G       3.7G       118M       1.1M        88K        98M
-/+ buffers/cache:       3.6G       216M
Swap:         8.0G        13M       8.0G

             total       used       free     shared    buffers     cached
Mem:          3.9G       3.8G       104M       1.1M        88K        98M
-/+ buffers/cache:       3.7G       202M
Swap:         8.0G        13M       8.0G

             total       used       free     shared    buffers     cached
Mem:          3.9G       3.7G       112M       1.1M        92K        75M
-/+ buffers/cache:       3.7G       187M
Swap:         8.0G        13M       8.0G

             total       used       free     shared    buffers     cached
Mem:          3.9G       3.7G       128M       1.1M       100K        43M
-/+ buffers/cache:       3.7G       172M
Swap:         8.0G        13M       8.0G

             total       used       free     shared    buffers     cached
Mem:          3.9G       3.7G       113M       1.1M       108K        43M
-/+ buffers/cache:       3.7G       157M
Swap:         8.0G        13M       8.0G

             total       used       free     shared    buffers     cached
Mem:          3.9G       3.7G       119M       1.1M       116K        22M
-/+ buffers/cache:       3.7G       142M
Swap:         8.0G        13M       8.0G

             total       used       free     shared    buffers     cached
Mem:          3.9G       3.8G       105M       1.1M       512K        22M
-/+ buffers/cache:       3.7G       129M
Swap:         8.0G        13M       8.0G

             total       used       free     shared    buffers     cached
Mem:          3.9G       3.7G       113M       1.1M       512K       3.0M
-/+ buffers/cache:       3.7G       116M
Swap:         8.0G        15M       8.0G

             total       used       free     shared    buffers     cached
Mem:          3.9G       3.7G       121M       744K       508K       1.9M
-/+ buffers/cache:       3.7G       123M
Swap:         8.0G        56M       7.9G

             total       used       free     shared    buffers     cached
Mem:          3.9G       3.8G       103M       700K       508K       1.9M
-/+ buffers/cache:       3.8G       105M
Swap:         8.0G        56M       7.9G

             total       used       free     shared    buffers     cached
Mem:          3.9G       3.8G       111M       700K       504K       1.9M
-/+ buffers/cache:       3.7G       113M
Swap:         8.0G        66M       7.9G

             total       used       free     shared    buffers     cached
Mem:          3.9G       3.7G       112M       700K       504K       2.0M
-/+ buffers/cache:       3.7G       115M
Swap:         8.0G        81M       7.9G

             total       used       free     shared    buffers     cached
Mem:          3.9G       3.8G       107M       680K       504K       2.0M
-/+ buffers/cache:       3.8G       110M
Swap:         8.0G        81M       7.9G

             total       used       free     shared    buffers     cached
Mem:          3.9G       3.7G       118M       680K       500K       1.9M
-/+ buffers/cache:       3.7G       120M
Swap:         8.0G       115M       7.9G

             total       used       free     shared    buffers     cached
Mem:          3.9G       3.7G       112M       668K       500K       2.0M
-/+ buffers/cache:       3.7G       115M
Swap:         8.0G       115M       7.9G

             total       used       free     shared    buffers     cached
Mem:          3.9G       3.8G       106M       668K       500K       2.0M
-/+ buffers/cache:       3.8G       109M
Swap:         8.0G       115M       7.9G

             total       used       free     shared    buffers     cached
Mem:          3.9G       3.7G       122M       668K       456K       1.9M
-/+ buffers/cache:       3.7G       124M
Swap:         8.0G       126M       7.9G

             total       used       free     shared    buffers     cached
Mem:          3.9G       3.7G       121M       664K       456K       2.0M
-/+ buffers/cache:       3.7G       123M
Swap:         8.0G       126M       7.9G

             total       used       free     shared    buffers     cached
Mem:          3.9G       3.7G       122M       664K       288K       2.2M
-/+ buffers/cache:       3.7G       125M
Swap:         8.0G       163M       7.8G

             total       used       free     shared    buffers     cached
Mem:          3.9G       3.7G       138M       580K       188K       2.8M
-/+ buffers/cache:       3.7G       141M
Swap:         8.0G       225M       7.8G

             total       used       free     shared    buffers     cached
Mem:          3.9G       3.7G       140M       548K       456K       3.2M
-/+ buffers/cache:       3.7G       143M
Swap:         8.0G       254M       7.7G

             total       used       free     shared    buffers     cached
Mem:          3.9G       3.7G       123M       552K       456K       3.2M
-/+ buffers/cache:       3.7G       126M
Swap:         8.0G       254M       7.7G

             total       used       free     shared    buffers     cached
Mem:          3.9G       3.8G       105M       552K       456K       3.2M
-/+ buffers/cache:       3.8G       108M
Swap:         8.0G       254M       7.7G

             total       used       free     shared    buffers     cached
Mem:          3.9G       3.7G       114M       552K       360K        22M
-/+ buffers/cache:       3.7G       137M
Swap:         8.0G       270M       7.7G

             total       used       free     shared    buffers     cached
Mem:          3.9G       3.8G       101M       552K       348K        24M
-/+ buffers/cache:       3.7G       126M
Swap:         8.0G       267M       7.7G

             total       used       free     shared    buffers     cached
Mem:          3.9G       3.7G       122M       552K       356K        22M
-/+ buffers/cache:       3.7G       146M
Swap:         8.0G       283M       7.7G

             total       used       free     shared    buffers     cached
Mem:          3.9G       3.7G       151M       552K       348K        19M
-/+ buffers/cache:       3.7G       171M
Swap:         8.0G       320M       7.7G

             total       used       free     shared    buffers     cached
Mem:          3.9G       3.7G       151M       552K       356K        19M
-/+ buffers/cache:       3.7G       171M
Swap:         8.0G       320M       7.7G

             total       used       free     shared    buffers     cached
Mem:          3.9G       3.7G       151M       552K       356K        19M
-/+ buffers/cache:       3.7G       171M
Swap:         8.0G       319M       7.7G

             total       used       free     shared    buffers     cached
Mem:          3.9G       3.7G       151M       552K       364K        19M
-/+ buffers/cache:       3.7G       171M
Swap:         8.0G       319M       7.7G

             total       used       free     shared    buffers     cached
Mem:          3.9G       3.7G       151M       552K       364K        19M
-/+ buffers/cache:       3.7G       171M
Swap:         8.0G       319M       7.7G

             total       used       free     shared    buffers     cached
Mem:          3.9G       3.7G       150M       552K       364K        19M
-/+ buffers/cache:       3.7G       170M
Swap:         8.0G       319M       7.7G

             total       used       free     shared    buffers     cached
Mem:          3.9G       3.7G       150M       552K       364K        19M
-/+ buffers/cache:       3.7G       170M
Swap:         8.0G       319M       7.7G

             total       used       free     shared    buffers     cached
Mem:          3.9G       3.7G       150M       552K       364K        19M
-/+ buffers/cache:       3.7G       170M
Swap:         8.0G       319M       7.7G

             total       used       free     shared    buffers     cached
Mem:          3.9G       3.7G       150M       552K       364K        19M
-/+ buffers/cache:       3.7G       170M
Swap:         8.0G       319M       7.7G

             total       used       free     shared    buffers     cached
Mem:          3.9G       3.7G       122M       628K       796K        36M
-/+ buffers/cache:       3.7G       159M
Swap:         8.0G       313M       7.7G

             total       used       free     shared    buffers     cached
Mem:          3.9G       3.7G       117M       4.2M       5.4M        57M
-/+ buffers/cache:       3.7G       180M
Swap:         8.0G       371M       7.6G

             total       used       free     shared    buffers     cached
Mem:          3.9G       3.7G       133M       648K       3.3M        62M
-/+ buffers/cache:       3.7G       199M
Swap:         8.0G       373M       7.6G

             total       used       free     shared    buffers     cached
Mem:          3.9G       3.7G       133M       636K       3.3M        62M
-/+ buffers/cache:       3.7G       198M
Swap:         8.0G       373M       7.6G

             total       used       free     shared    buffers     cached
Mem:          3.9G       3.7G       132M       636K       3.3M        62M
-/+ buffers/cache:       3.7G       197M
Swap:         8.0G       373M       7.6G

             total       used       free     shared    buffers     cached
Mem:          3.9G       3.7G       131M       636K       3.3M        62M
-/+ buffers/cache:       3.7G       197M
Swap:         8.0G       373M       7.6G

             total       used       free     shared    buffers     cached
Mem:          3.9G       3.7G       130M       636K       3.3M        62M
-/+ buffers/cache:       3.7G       196M
Swap:         8.0G       372M       7.6G

             total       used       free     shared    buffers     cached
Mem:          3.9G       3.7G       129M       636K       3.3M        62M
-/+ buffers/cache:       3.7G       195M
Swap:         8.0G       372M       7.6G

             total       used       free     shared    buffers     cached
Mem:          3.9G       3.7G       127M       636K       3.4M        63M
-/+ buffers/cache:       3.7G       194M
Swap:         8.0G       371M       7.6G

             total       used       free     shared    buffers     cached
Mem:          3.9G       3.7G       126M       636K       3.4M        63M
-/+ buffers/cache:       3.7G       193M
Swap:         8.0G       371M       7.6G

             total       used       free     shared    buffers     cached
Mem:          3.9G       3.7G       126M       636K       3.4M        63M
-/+ buffers/cache:       3.7G       192M
Swap:         8.0G       371M       7.6G

             total       used       free     shared    buffers     cached
Mem:          3.9G       3.7G       125M       636K       3.4M        63M
-/+ buffers/cache:       3.7G       191M
Swap:         8.0G       371M       7.6G

             total       used       free     shared    buffers     cached
Mem:          3.9G       3.7G       124M       636K       3.4M        63M
-/+ buffers/cache:       3.7G       191M
Swap:         8.0G       370M       7.6G

             total       used       free     shared    buffers     cached
Mem:          3.9G       3.7G       123M       636K       3.4M        63M
-/+ buffers/cache:       3.7G       190M
Swap:         8.0G       370M       7.6G

             total       used       free     shared    buffers     cached
Mem:          3.9G       3.7G       122M       636K       3.4M        63M
-/+ buffers/cache:       3.7G       189M
Swap:         8.0G       370M       7.6G

             total       used       free     shared    buffers     cached
Mem:          3.9G       3.7G       122M       636K       3.4M        63M
-/+ buffers/cache:       3.7G       188M
Swap:         8.0G       369M       7.6G

             total       used       free     shared    buffers     cached
Mem:          3.9G       3.7G       121M       636K       3.4M        63M
-/+ buffers/cache:       3.7G       188M
Swap:         8.0G       369M       7.6G

             total       used       free     shared    buffers     cached
Mem:          3.9G       3.7G       120M       636K       3.4M        63M
-/+ buffers/cache:       3.7G       187M
Swap:         8.0G       369M       7.6G

             total       used       free     shared    buffers     cached
Mem:          3.9G       3.7G       120M       636K       3.4M        63M
-/+ buffers/cache:       3.7G       186M
Swap:         8.0G       369M       7.6G

             total       used       free     shared    buffers     cached
Mem:          3.9G       3.7G       119M       636K       3.4M        63M
-/+ buffers/cache:       3.7G       186M
Swap:         8.0G       368M       7.6G

             total       used       free     shared    buffers     cached
Mem:          3.9G       3.7G       117M       636K       3.4M        63M
-/+ buffers/cache:       3.7G       184M
Swap:         8.0G       367M       7.6G

             total       used       free     shared    buffers     cached
Mem:          3.9G       3.7G       115M       636K       3.4M        63M
-/+ buffers/cache:       3.7G       181M
Swap:         8.0G       366M       7.6G

             total       used       free     shared    buffers     cached
Mem:          3.9G       3.7G       113M       636K       3.4M        63M
-/+ buffers/cache:       3.7G       179M
Swap:         8.0G       364M       7.6G

             total       used       free     shared    buffers     cached
Mem:          3.9G       3.8G       110M       636K       3.4M        63M
-/+ buffers/cache:       3.7G       176M
Swap:         8.0G       363M       7.6G

             total       used       free     shared    buffers     cached
Mem:          3.9G       3.8G       108M       636K       3.5M        63M
-/+ buffers/cache:       3.7G       174M
Swap:         8.0G       361M       7.6G

             total       used       free     shared    buffers     cached
Mem:          3.9G       3.8G       105M       636K       3.5M        63M
-/+ buffers/cache:       3.7G       172M
Swap:         8.0G       360M       7.6G

             total       used       free     shared    buffers     cached
Mem:          3.9G       3.7G       119M       636K       3.5M        61M
-/+ buffers/cache:       3.7G       184M
Swap:         8.0G       376M       7.6G

             total       used       free     shared    buffers     cached
Mem:          3.9G       3.7G       117M       636K       3.5M        61M
-/+ buffers/cache:       3.7G       182M
Swap:         8.0G       374M       7.6G

             total       used       free     shared    buffers     cached
Mem:          3.9G       3.7G       115M       636K       3.5M        61M
-/+ buffers/cache:       3.7G       180M
Swap:         8.0G       372M       7.6G

             total       used       free     shared    buffers     cached
Mem:          3.9G       3.7G       112M       636K       3.5M        61M
-/+ buffers/cache:       3.7G       177M
Swap:         8.0G       370M       7.6G

             total       used       free     shared    buffers     cached
Mem:          3.9G       3.8G       109M       636K       3.5M        61M
-/+ buffers/cache:       3.7G       174M
Swap:         8.0G       368M       7.6G

             total       used       free     shared    buffers     cached
Mem:          3.9G       3.8G       105M       636K       3.5M        61M
-/+ buffers/cache:       3.7G       171M
Swap:         8.0G       365M       7.6G

             total       used       free     shared    buffers     cached
Mem:          3.9G       3.7G       120M       636K       3.5M        61M
-/+ buffers/cache:       3.7G       184M
Swap:         8.0G       371M       7.6G

             total       used       free     shared    buffers     cached
Mem:          3.9G       3.7G       117M       636K       3.5M        61M
-/+ buffers/cache:       3.7G       182M
Swap:         8.0G       368M       7.6G

             total       used       free     shared    buffers     cached
Mem:          3.9G       3.7G       114M       636K       3.5M        61M
-/+ buffers/cache:       3.7G       179M
Swap:         8.0G       366M       7.6G

             total       used       free     shared    buffers     cached
Mem:          3.9G       3.7G       111M       636K       3.5M        61M
-/+ buffers/cache:       3.7G       176M
Swap:         8.0G       364M       7.6G

             total       used       free     shared    buffers     cached
Mem:          3.9G       3.8G       103M       636K       4.1M        64M
-/+ buffers/cache:       3.7G       172M
Swap:         8.0G       361M       7.6G

             total       used       free     shared    buffers     cached
Mem:          3.9G       3.7G       146M       676K       8.6M        74M
-/+ buffers/cache:       3.6G       229M
Swap:         8.0G       443M       7.6G
