             total       used       free     shared    buffers     cached
Mem:          992M       673M       318M       3.3M        39M       288M
-/+ buffers/cache:       346M       646M
Swap:         8.0G         0B       8.0G

             total       used       free     shared    buffers     cached
Mem:          992M       672M       319M       3.3M        39M       288M
-/+ buffers/cache:       344M       647M
Swap:         8.0G         0B       8.0G

             total       used       free     shared    buffers     cached
Mem:          992M       672M       319M       3.3M        39M       288M
-/+ buffers/cache:       344M       647M
Swap:         8.0G         0B       8.0G

             total       used       free     shared    buffers     cached
Mem:          992M       668M       323M       3.3M        39M       291M
-/+ buffers/cache:       338M       654M
Swap:         8.0G         0B       8.0G

             total       used       free     shared    buffers     cached
Mem:          992M       668M       323M       3.3M        39M       291M
-/+ buffers/cache:       337M       654M
Swap:         8.0G         0B       8.0G

             total       used       free     shared    buffers     cached
Mem:          992M       668M       323M       3.3M        39M       291M
-/+ buffers/cache:       337M       654M
Swap:         8.0G         0B       8.0G

             total       used       free     shared    buffers     cached
Mem:          992M       668M       323M       3.3M        39M       291M
-/+ buffers/cache:       337M       654M
Swap:         8.0G         0B       8.0G

             total       used       free     shared    buffers     cached
Mem:          992M       668M       323M       3.3M        39M       291M
-/+ buffers/cache:       337M       654M
Swap:         8.0G         0B       8.0G

             total       used       free     shared    buffers     cached
Mem:          992M       668M       323M       3.3M        39M       291M
-/+ buffers/cache:       337M       654M
Swap:         8.0G         0B       8.0G

             total       used       free     shared    buffers     cached
Mem:          992M       668M       323M       3.3M        39M       291M
-/+ buffers/cache:       337M       654M
Swap:         8.0G         0B       8.0G

             total       used       free     shared    buffers     cached
Mem:          992M       668M       323M       3.3M        39M       291M
-/+ buffers/cache:       337M       654M
Swap:         8.0G         0B       8.0G

             total       used       free     shared    buffers     cached
Mem:          992M       672M       319M       3.3M        39M       291M
-/+ buffers/cache:       342M       649M
Swap:         8.0G         0B       8.0G

             total       used       free     shared    buffers     cached
Mem:          992M       670M       322M       3.3M        39M       291M
-/+ buffers/cache:       339M       652M
Swap:         8.0G         0B       8.0G

             total       used       free     shared    buffers     cached
Mem:          992M       670M       321M       3.3M        39M       291M
-/+ buffers/cache:       339M       652M
Swap:         8.0G         0B       8.0G

             total       used       free     shared    buffers     cached
Mem:          992M       670M       321M       3.3M        39M       291M
-/+ buffers/cache:       339M       652M
Swap:         8.0G         0B       8.0G

             total       used       free     shared    buffers     cached
Mem:          992M       670M       321M       3.3M        39M       291M
-/+ buffers/cache:       339M       652M
Swap:         8.0G         0B       8.0G

             total       used       free     shared    buffers     cached
Mem:          992M       670M       321M       3.3M        39M       291M
-/+ buffers/cache:       339M       652M
Swap:         8.0G         0B       8.0G

             total       used       free     shared    buffers     cached
Mem:          992M       673M       318M       3.3M        39M       291M
-/+ buffers/cache:       342M       649M
Swap:         8.0G         0B       8.0G

             total       used       free     shared    buffers     cached
Mem:          992M       683M       309M       3.3M        39M       291M
-/+ buffers/cache:       352M       640M
Swap:         8.0G         0B       8.0G

             total       used       free     shared    buffers     cached
Mem:          992M       692M       299M       3.3M        39M       291M
-/+ buffers/cache:       361M       630M
Swap:         8.0G         0B       8.0G

             total       used       free     shared    buffers     cached
Mem:          992M       702M       289M       3.3M        39M       291M
-/+ buffers/cache:       371M       620M
Swap:         8.0G         0B       8.0G

             total       used       free     shared    buffers     cached
Mem:          992M       681M       311M       3.3M        39M       292M
-/+ buffers/cache:       349M       642M
Swap:         8.0G         0B       8.0G

             total       used       free     shared    buffers     cached
Mem:          992M       677M       314M       3.3M        39M       292M
-/+ buffers/cache:       345M       646M
Swap:         8.0G         0B       8.0G

             total       used       free     shared    buffers     cached
Mem:          992M       678M       314M       3.3M        39M       292M
-/+ buffers/cache:       346M       646M
Swap:         8.0G         0B       8.0G

             total       used       free     shared    buffers     cached
Mem:          992M       678M       313M       3.4M        39M       292M
-/+ buffers/cache:       346M       645M
Swap:         8.0G         0B       8.0G

             total       used       free     shared    buffers     cached
Mem:          992M       678M       313M       3.4M        39M       292M
-/+ buffers/cache:       346M       645M
Swap:         8.0G         0B       8.0G

             total       used       free     shared    buffers     cached
Mem:          992M       678M       313M       3.4M        39M       292M
-/+ buffers/cache:       346M       645M
Swap:         8.0G         0B       8.0G

             total       used       free     shared    buffers     cached
Mem:          992M       678M       313M       3.4M        39M       292M
-/+ buffers/cache:       346M       645M
Swap:         8.0G         0B       8.0G

             total       used       free     shared    buffers     cached
Mem:          992M       678M       313M       3.4M        39M       292M
-/+ buffers/cache:       346M       645M
Swap:         8.0G         0B       8.0G

             total       used       free     shared    buffers     cached
Mem:          992M       678M       313M       3.4M        39M       292M
-/+ buffers/cache:       346M       645M
Swap:         8.0G         0B       8.0G

             total       used       free     shared    buffers     cached
Mem:          992M       678M       313M       3.4M        39M       292M
-/+ buffers/cache:       346M       645M
Swap:         8.0G         0B       8.0G

             total       used       free     shared    buffers     cached
Mem:          992M       678M       313M       3.4M        39M       292M
-/+ buffers/cache:       346M       645M
Swap:         8.0G         0B       8.0G

             total       used       free     shared    buffers     cached
Mem:          992M       678M       313M       3.4M        39M       292M
-/+ buffers/cache:       346M       645M
Swap:         8.0G         0B       8.0G

             total       used       free     shared    buffers     cached
Mem:          992M       678M       313M       3.4M        39M       292M
-/+ buffers/cache:       346M       645M
Swap:         8.0G         0B       8.0G

             total       used       free     shared    buffers     cached
Mem:          992M       690M       301M       3.4M        39M       292M
-/+ buffers/cache:       358M       633M
Swap:         8.0G         0B       8.0G

             total       used       free     shared    buffers     cached
Mem:          992M       704M       287M       3.4M        39M       292M
-/+ buffers/cache:       372M       619M
Swap:         8.0G         0B       8.0G

             total       used       free     shared    buffers     cached
Mem:          992M       717M       274M       3.4M        39M       292M
-/+ buffers/cache:       385M       606M
Swap:         8.0G         0B       8.0G

             total       used       free     shared    buffers     cached
Mem:          992M       732M       259M       3.4M        39M       292M
-/+ buffers/cache:       400M       591M
Swap:         8.0G         0B       8.0G

             total       used       free     shared    buffers     cached
Mem:          992M       746M       245M       3.4M        39M       292M
-/+ buffers/cache:       414M       577M
Swap:         8.0G         0B       8.0G

             total       used       free     shared    buffers     cached
Mem:          992M       759M       232M       3.4M        39M       292M
-/+ buffers/cache:       427M       564M
Swap:         8.0G         0B       8.0G

             total       used       free     shared    buffers     cached
Mem:          992M       771M       220M       3.4M        39M       292M
-/+ buffers/cache:       439M       552M
Swap:         8.0G         0B       8.0G

             total       used       free     shared    buffers     cached
Mem:          992M       782M       209M       3.4M        39M       292M
-/+ buffers/cache:       450M       541M
Swap:         8.0G         0B       8.0G

             total       used       free     shared    buffers     cached
Mem:          992M       794M       198M       3.4M        39M       292M
-/+ buffers/cache:       462M       530M
Swap:         8.0G         0B       8.0G

             total       used       free     shared    buffers     cached
Mem:          992M       806M       186M       3.4M        39M       292M
-/+ buffers/cache:       474M       518M
Swap:         8.0G         0B       8.0G

             total       used       free     shared    buffers     cached
Mem:          992M       820M       171M       3.4M        39M       292M
-/+ buffers/cache:       488M       504M
Swap:         8.0G         0B       8.0G

             total       used       free     shared    buffers     cached
Mem:          992M       832M       160M       3.4M        39M       292M
-/+ buffers/cache:       500M       492M
Swap:         8.0G         0B       8.0G

             total       used       free     shared    buffers     cached
Mem:          992M       846M       145M       3.4M        39M       292M
-/+ buffers/cache:       514M       478M
Swap:         8.0G         0B       8.0G

             total       used       free     shared    buffers     cached
Mem:          992M       858M       133M       3.4M        39M       292M
-/+ buffers/cache:       526M       466M
Swap:         8.0G         0B       8.0G

             total       used       free     shared    buffers     cached
Mem:          992M       871M       120M       3.4M        39M       292M
-/+ buffers/cache:       539M       452M
Swap:         8.0G         0B       8.0G

             total       used       free     shared    buffers     cached
Mem:          992M       883M       108M       3.4M        39M       292M
-/+ buffers/cache:       551M       440M
Swap:         8.0G         0B       8.0G

             total       used       free     shared    buffers     cached
Mem:          992M       896M        95M       3.4M        39M       292M
-/+ buffers/cache:       564M       427M
Swap:         8.0G         0B       8.0G

             total       used       free     shared    buffers     cached
Mem:          992M       905M        87M       3.4M        39M       292M
-/+ buffers/cache:       573M       419M
Swap:         8.0G         0B       8.0G

             total       used       free     shared    buffers     cached
Mem:          992M       917M        74M       3.4M        39M       292M
-/+ buffers/cache:       585M       406M
Swap:         8.0G         0B       8.0G

             total       used       free     shared    buffers     cached
Mem:          992M       929M        62M       3.4M        39M       292M
-/+ buffers/cache:       597M       395M
Swap:         8.0G         0B       8.0G

             total       used       free     shared    buffers     cached
Mem:          992M       923M        68M       3.4M        20M       291M
-/+ buffers/cache:       611M       380M
Swap:         8.0G         0B       8.0G

             total       used       free     shared    buffers     cached
Mem:          992M       925M        66M       3.4M        10M       290M
-/+ buffers/cache:       624M       367M
Swap:         8.0G         0B       8.0G

             total       used       free     shared    buffers     cached
Mem:          992M       918M        73M       3.3M        10M       272M
-/+ buffers/cache:       635M       356M
Swap:         8.0G       176K       8.0G

             total       used       free     shared    buffers     cached
Mem:          992M       928M        63M       3.2M        10M       272M
-/+ buffers/cache:       645M       346M
Swap:         8.0G       176K       8.0G

             total       used       free     shared    buffers     cached
Mem:          992M       919M        73M       3.2M       9.9M       252M
-/+ buffers/cache:       656M       335M
Swap:         8.0G       196K       8.0G

             total       used       free     shared    buffers     cached
Mem:          992M       932M        59M       3.2M       9.9M       252M
-/+ buffers/cache:       669M       322M
Swap:         8.0G       196K       8.0G

             total       used       free     shared    buffers     cached
Mem:          992M       926M        65M       3.1M       9.9M       236M
-/+ buffers/cache:       679M       312M
Swap:         8.0G       5.2M       8.0G

             total       used       free     shared    buffers     cached
Mem:          992M       907M        84M       3.1M       9.9M       212M
-/+ buffers/cache:       684M       307M
Swap:         8.0G        10M       8.0G

             total       used       free     shared    buffers     cached
Mem:          992M       917M        74M       3.1M       9.9M       212M
-/+ buffers/cache:       694M       297M
Swap:         8.0G        10M       8.0G

             total       used       free     shared    buffers     cached
Mem:          992M       928M        63M       3.1M       9.9M       212M
-/+ buffers/cache:       705M       286M
Swap:         8.0G        10M       8.0G

             total       used       free     shared    buffers     cached
Mem:          992M       923M        69M       3.1M       3.1M       204M
-/+ buffers/cache:       715M       276M
Swap:         8.0G        10M       8.0G

             total       used       free     shared    buffers     cached
Mem:          992M       933M        58M       3.1M       3.1M       204M
-/+ buffers/cache:       725M       266M
Swap:         8.0G        10M       8.0G

             total       used       free     shared    buffers     cached
Mem:          992M       931M        60M       3.1M       2.0M       191M
-/+ buffers/cache:       737M       254M
Swap:         8.0G        10M       8.0G

             total       used       free     shared    buffers     cached
Mem:          992M       919M        72M       3.1M       216K       170M
-/+ buffers/cache:       748M       243M
Swap:         8.0G        10M       8.0G

             total       used       free     shared    buffers     cached
Mem:          992M       930M        62M       3.1M       216K       170M
-/+ buffers/cache:       758M       233M
Swap:         8.0G        10M       8.0G

             total       used       free     shared    buffers     cached
Mem:          992M       919M        72M       3.1M       192K       150M
-/+ buffers/cache:       768M       223M
Swap:         8.0G        10M       8.0G

             total       used       free     shared    buffers     cached
Mem:          992M       930M        61M       3.1M       200K       150M
-/+ buffers/cache:       779M       212M
Swap:         8.0G        10M       8.0G

             total       used       free     shared    buffers     cached
Mem:          992M       920M        71M       3.1M       176K       133M
-/+ buffers/cache:       787M       205M
Swap:         8.0G        10M       8.0G

             total       used       free     shared    buffers     cached
Mem:          992M       923M        68M       3.1M       176K       133M
-/+ buffers/cache:       790M       201M
Swap:         8.0G        10M       8.0G

             total       used       free     shared    buffers     cached
Mem:          992M       921M        70M       3.1M        76K       118M
-/+ buffers/cache:       803M       188M
Swap:         8.0G        10M       8.0G

             total       used       free     shared    buffers     cached
Mem:          992M       919M        72M       3.1M        76K       104M
-/+ buffers/cache:       815M       177M
Swap:         8.0G        10M       8.0G

             total       used       free     shared    buffers     cached
Mem:          992M       930M        61M       3.1M        76K       104M
-/+ buffers/cache:       826M       166M
Swap:         8.0G        10M       8.0G

             total       used       free     shared    buffers     cached
Mem:          992M       929M        62M       3.1M       224K        93M
-/+ buffers/cache:       836M       156M
Swap:         8.0G        10M       8.0G

             total       used       free     shared    buffers     cached
Mem:          992M       914M        78M       3.1M       2.2M        65M
-/+ buffers/cache:       846M       145M
Swap:         8.0G        10M       8.0G

             total       used       free     shared    buffers     cached
Mem:          992M       926M        66M       3.1M       2.2M        65M
-/+ buffers/cache:       858M       133M
Swap:         8.0G        10M       8.0G

             total       used       free     shared    buffers     cached
Mem:          992M       921M        70M       3.1M       2.2M        50M
-/+ buffers/cache:       869M       123M
Swap:         8.0G        10M       8.0G

             total       used       free     shared    buffers     cached
Mem:          992M       924M        67M       3.1M       2.2M        42M
-/+ buffers/cache:       880M       112M
Swap:         8.0G        10M       8.0G

             total       used       free     shared    buffers     cached
Mem:          992M       924M        67M       3.1M       2.2M        32M
-/+ buffers/cache:       889M       102M
Swap:         8.0G        10M       8.0G

             total       used       free     shared    buffers     cached
Mem:          992M       920M        71M       3.0M       2.5M        18M
-/+ buffers/cache:       899M        93M
Swap:         8.0G        13M       8.0G

             total       used       free     shared    buffers     cached
Mem:          992M       920M        72M       3.0M       336K        12M
-/+ buffers/cache:       907M        84M
Swap:         8.0G        14M       8.0G

             total       used       free     shared    buffers     cached
Mem:          992M       920M        71M       3.0M       336K        11M
-/+ buffers/cache:       909M        83M
Swap:         8.0G        14M       8.0G

             total       used       free     shared    buffers     cached
Mem:          992M       928M        63M       3.0M       336K        11M
-/+ buffers/cache:       916M        75M
Swap:         8.0G        14M       8.0G

             total       used       free     shared    buffers     cached
Mem:          992M       919M        72M       3.0M        84K       4.5M
-/+ buffers/cache:       915M        77M
Swap:         8.0G        23M       8.0G

             total       used       free     shared    buffers     cached
Mem:          992M       925M        66M       3.0M       468K       4.8M
-/+ buffers/cache:       920M        71M
Swap:         8.0G        23M       8.0G

             total       used       free     shared    buffers     cached
Mem:          992M       921M        70M       2.7M       468K       4.4M
-/+ buffers/cache:       917M        75M
Swap:         8.0G        43M       8.0G

             total       used       free     shared    buffers     cached
Mem:          992M       929M        63M       2.7M       468K       4.4M
-/+ buffers/cache:       924M        67M
Swap:         8.0G        43M       8.0G

             total       used       free     shared    buffers     cached
Mem:          992M       930M        62M       2.7M       468K       4.4M
-/+ buffers/cache:       925M        66M
Swap:         8.0G        43M       8.0G

             total       used       free     shared    buffers     cached
Mem:          992M       917M        75M       2.7M       464K       4.2M
-/+ buffers/cache:       912M        79M
Swap:         8.0G        58M       7.9G

             total       used       free     shared    buffers     cached
Mem:          992M       927M        64M       2.7M       464K       4.2M
-/+ buffers/cache:       922M        69M
Swap:         8.0G        58M       7.9G

             total       used       free     shared    buffers     cached
Mem:          992M       923M        68M       2.7M       464K       4.5M
-/+ buffers/cache:       918M        73M
Swap:         8.0G        66M       7.9G

             total       used       free     shared    buffers     cached
Mem:          992M       919M        72M       2.7M       464K       4.6M
-/+ buffers/cache:       914M        77M
Swap:         8.0G        77M       7.9G

             total       used       free     shared    buffers     cached
Mem:          992M       930M        62M       2.7M       464K       4.5M
-/+ buffers/cache:       925M        67M
Swap:         8.0G        77M       7.9G

             total       used       free     shared    buffers     cached
Mem:          992M       922M        69M       2.6M       472K       4.5M
-/+ buffers/cache:       917M        74M
Swap:         8.0G       101M       7.9G

             total       used       free     shared    buffers     cached
Mem:          992M       931M        60M       2.6M       472K       4.5M
-/+ buffers/cache:       926M        65M
Swap:         8.0G       101M       7.9G

             total       used       free     shared    buffers     cached
Mem:          992M       927M        64M       2.6M       472K       4.5M
-/+ buffers/cache:       922M        69M
Swap:         8.0G       101M       7.9G

             total       used       free     shared    buffers     cached
Mem:          992M       923M        68M       2.6M       472K       4.4M
-/+ buffers/cache:       919M        73M
Swap:         8.0G       129M       7.9G

             total       used       free     shared    buffers     cached
Mem:          992M       931M        61M       2.6M       476K       4.5M
-/+ buffers/cache:       926M        66M
Swap:         8.0G       129M       7.9G

             total       used       free     shared    buffers     cached
Mem:          992M       925M        67M       2.6M       484K       4.5M
-/+ buffers/cache:       920M        71M
Swap:         8.0G       129M       7.9G

             total       used       free     shared    buffers     cached
Mem:          992M       912M        79M       2.6M       484K       4.5M
-/+ buffers/cache:       907M        84M
Swap:         8.0G       150M       7.9G

             total       used       free     shared    buffers     cached
Mem:          992M       918M        73M       2.6M       484K       4.5M
-/+ buffers/cache:       913M        78M
Swap:         8.0G       150M       7.9G

             total       used       free     shared    buffers     cached
Mem:          992M       921M        71M       2.6M       484K       4.7M
-/+ buffers/cache:       915M        76M
Swap:         8.0G       150M       7.9G

             total       used       free     shared    buffers     cached
Mem:          992M       921M        70M       2.6M       492K       5.1M
-/+ buffers/cache:       915M        76M
Swap:         8.0G       150M       7.9G

             total       used       free     shared    buffers     cached
Mem:          992M       921M        70M       2.6M       492K       5.3M
-/+ buffers/cache:       915M        76M
Swap:         8.0G       150M       7.9G

             total       used       free     shared    buffers     cached
Mem:          992M       922M        69M       2.6M       492K       5.7M
-/+ buffers/cache:       916M        75M
Swap:         8.0G       150M       7.9G

             total       used       free     shared    buffers     cached
Mem:          992M       916M        76M       2.5M       284K        33M
-/+ buffers/cache:       882M       110M
Swap:         8.0G       202M       7.8G

             total       used       free     shared    buffers     cached
Mem:          992M       930M        62M       2.5M       296K        33M
-/+ buffers/cache:       896M        96M
Swap:         8.0G       202M       7.8G

             total       used       free     shared    buffers     cached
Mem:          992M       928M        63M       2.5M       188K        32M
-/+ buffers/cache:       895M        96M
Swap:         8.0G       209M       7.8G

             total       used       free     shared    buffers     cached
Mem:          992M       922M        69M       2.5M       188K        31M
-/+ buffers/cache:       891M       100M
Swap:         8.0G       238M       7.8G

             total       used       free     shared    buffers     cached
Mem:          992M       916M        75M       2.5M       188K        30M
-/+ buffers/cache:       885M       106M
Swap:         8.0G       238M       7.8G

             total       used       free     shared    buffers     cached
Mem:          992M       925M        66M       2.5M       188K        30M
-/+ buffers/cache:       895M        97M
Swap:         8.0G       238M       7.8G

             total       used       free     shared    buffers     cached
Mem:          992M       918M        73M       2.5M       112K        28M
-/+ buffers/cache:       890M       101M
Swap:         8.0G       253M       7.7G

             total       used       free     shared    buffers     cached
Mem:          992M       918M        73M       2.5M       112K        28M
-/+ buffers/cache:       890M       101M
Swap:         8.0G       253M       7.7G

             total       used       free     shared    buffers     cached
Mem:          992M       921M        70M       2.5M       112K        28M
-/+ buffers/cache:       893M        98M
Swap:         8.0G       253M       7.7G

             total       used       free     shared    buffers     cached
Mem:          992M       926M        65M       2.5M       112K        28M
-/+ buffers/cache:       898M        93M
Swap:         8.0G       253M       7.7G

             total       used       free     shared    buffers     cached
Mem:          992M       928M        63M       2.5M       100K        31M
-/+ buffers/cache:       897M        94M
Swap:         8.0G       260M       7.7G

             total       used       free     shared    buffers     cached
Mem:          992M       915M        76M       2.5M       104K        22M
-/+ buffers/cache:       892M        99M
Swap:         8.0G       275M       7.7G

             total       used       free     shared    buffers     cached
Mem:          992M       918M        73M       2.5M       552K        23M
-/+ buffers/cache:       895M        97M
Swap:         8.0G       275M       7.7G

             total       used       free     shared    buffers     cached
Mem:          992M       923M        69M       2.5M       560K        23M
-/+ buffers/cache:       899M        92M
Swap:         8.0G       275M       7.7G

             total       used       free     shared    buffers     cached
Mem:          992M       926M        65M       2.5M       560K        23M
-/+ buffers/cache:       903M        89M
Swap:         8.0G       275M       7.7G

             total       used       free     shared    buffers     cached
Mem:          992M       919M        72M       2.5M       560K        22M
-/+ buffers/cache:       896M        95M
Swap:         8.0G       278M       7.7G

             total       used       free     shared    buffers     cached
Mem:          992M       923M        69M       2.5M       560K        22M
-/+ buffers/cache:       900M        92M
Swap:         8.0G       278M       7.7G

             total       used       free     shared    buffers     cached
Mem:          992M       925M        66M       2.5M       568K        22M
-/+ buffers/cache:       902M        89M
Swap:         8.0G       278M       7.7G

             total       used       free     shared    buffers     cached
Mem:          992M       929M        62M       2.5M       568K        22M
-/+ buffers/cache:       906M        86M
Swap:         8.0G       278M       7.7G

             total       used       free     shared    buffers     cached
Mem:          992M       909M        83M       2.5M       568K        17M
-/+ buffers/cache:       890M       101M
Swap:         8.0G       305M       7.7G

             total       used       free     shared    buffers     cached
Mem:          992M       925M        66M       2.5M       568K        26M
-/+ buffers/cache:       897M        94M
Swap:         8.0G       303M       7.7G

             total       used       free     shared    buffers     cached
Mem:          992M       924M        68M       2.5M       828K        31M
-/+ buffers/cache:       891M       100M
Swap:         8.0G       307M       7.7G

             total       used       free     shared    buffers     cached
Mem:          992M       915M        76M       2.1M       1.9M        36M
-/+ buffers/cache:       876M       115M
Swap:         8.0G       345M       7.7G

             total       used       free     shared    buffers     cached
Mem:          992M       923M        68M       2.1M       4.2M        48M
-/+ buffers/cache:       871M       121M
Swap:         8.0G       344M       7.7G

             total       used       free     shared    buffers     cached
Mem:          992M       895M        96M       176K       6.4M        48M
-/+ buffers/cache:       840M       151M
Swap:         8.0G       382M       7.6G

             total       used       free     shared    buffers     cached
Mem:          992M       905M        86M       112K       6.6M        52M
-/+ buffers/cache:       846M       146M
Swap:         8.0G       377M       7.6G

             total       used       free     shared    buffers     cached
Mem:          992M       924M        67M       112K       6.6M        55M
-/+ buffers/cache:       862M       129M
Swap:         8.0G       376M       7.6G

             total       used       free     shared    buffers     cached
Mem:          992M       909M        83M       112K       6.6M        55M
-/+ buffers/cache:       847M       145M
Swap:         8.0G       376M       7.6G

             total       used       free     shared    buffers     cached
Mem:          992M       911M        81M       112K       6.6M        55M
-/+ buffers/cache:       848M       143M
Swap:         8.0G       376M       7.6G

             total       used       free     shared    buffers     cached
Mem:          992M       912M        79M       112K       6.6M        55M
-/+ buffers/cache:       850M       141M
Swap:         8.0G       376M       7.6G

             total       used       free     shared    buffers     cached
Mem:          992M       914M        77M       112K       6.6M        55M
-/+ buffers/cache:       852M       139M
Swap:         8.0G       376M       7.6G

             total       used       free     shared    buffers     cached
Mem:          992M       916M        75M       112K       6.6M        55M
-/+ buffers/cache:       854M       137M
Swap:         8.0G       376M       7.6G

             total       used       free     shared    buffers     cached
Mem:          992M       918M        73M       112K       6.6M        55M
-/+ buffers/cache:       856M       135M
Swap:         8.0G       376M       7.6G

             total       used       free     shared    buffers     cached
Mem:          992M       920M        72M       112K       6.6M        55M
-/+ buffers/cache:       857M       134M
Swap:         8.0G       376M       7.6G

             total       used       free     shared    buffers     cached
Mem:          992M       923M        69M       112K       6.6M        55M
-/+ buffers/cache:       861M       131M
Swap:         8.0G       376M       7.6G

             total       used       free     shared    buffers     cached
Mem:          992M       925M        67M       112K       6.6M        55M
-/+ buffers/cache:       862M       129M
Swap:         8.0G       376M       7.6G

             total       used       free     shared    buffers     cached
Mem:          992M       926M        65M       112K       6.6M        55M
-/+ buffers/cache:       864M       127M
Swap:         8.0G       376M       7.6G

             total       used       free     shared    buffers     cached
Mem:          992M       928M        63M       112K       6.6M        55M
-/+ buffers/cache:       866M       125M
Swap:         8.0G       376M       7.6G

             total       used       free     shared    buffers     cached
Mem:          992M       915M        76M       112K       6.6M        54M
-/+ buffers/cache:       854M       137M
Swap:         8.0G       376M       7.6G

             total       used       free     shared    buffers     cached
Mem:          992M       917M        74M       112K       6.6M        54M
-/+ buffers/cache:       856M       135M
Swap:         8.0G       376M       7.6G

             total       used       free     shared    buffers     cached
Mem:          992M       919M        72M       112K       6.6M        54M
-/+ buffers/cache:       858M       133M
Swap:         8.0G       376M       7.6G

             total       used       free     shared    buffers     cached
Mem:          992M       921M        71M       112K       6.6M        54M
-/+ buffers/cache:       859M       132M
Swap:         8.0G       376M       7.6G

             total       used       free     shared    buffers     cached
Mem:          992M       924M        68M       112K       6.6M        54M
-/+ buffers/cache:       863M       129M
Swap:         8.0G       376M       7.6G

             total       used       free     shared    buffers     cached
Mem:          992M       925M        66M       112K       6.6M        54M
-/+ buffers/cache:       864M       127M
Swap:         8.0G       376M       7.6G

             total       used       free     shared    buffers     cached
Mem:          992M       927M        64M       112K       6.6M        54M
-/+ buffers/cache:       866M       125M
Swap:         8.0G       376M       7.6G

             total       used       free     shared    buffers     cached
Mem:          992M       914M        78M       112K       6.3M        50M
-/+ buffers/cache:       857M       134M
Swap:         8.0G       401M       7.6G

             total       used       free     shared    buffers     cached
Mem:          992M       915M        76M       112K       6.3M        50M
-/+ buffers/cache:       859M       132M
Swap:         8.0G       401M       7.6G

             total       used       free     shared    buffers     cached
Mem:          992M       917M        74M       112K       6.3M        50M
-/+ buffers/cache:       861M       130M
Swap:         8.0G       401M       7.6G

             total       used       free     shared    buffers     cached
Mem:          992M       919M        72M       112K       6.3M        50M
-/+ buffers/cache:       863M       129M
Swap:         8.0G       401M       7.6G

             total       used       free     shared    buffers     cached
Mem:          992M       921M        70M       112K       6.3M        50M
-/+ buffers/cache:       864M       127M
Swap:         8.0G       401M       7.6G

             total       used       free     shared    buffers     cached
Mem:          992M       923M        69M       112K       6.3M        50M
-/+ buffers/cache:       866M       125M
Swap:         8.0G       401M       7.6G

             total       used       free     shared    buffers     cached
Mem:          992M       924M        67M       112K       6.3M        50M
-/+ buffers/cache:       868M       123M
Swap:         8.0G       401M       7.6G

             total       used       free     shared    buffers     cached
Mem:          992M       926M        65M       112K       6.3M        50M
-/+ buffers/cache:       870M       122M
Swap:         8.0G       401M       7.6G

             total       used       free     shared    buffers     cached
Mem:          992M       928M        63M       112K       6.3M        50M
-/+ buffers/cache:       872M       120M
Swap:         8.0G       401M       7.6G

             total       used       free     shared    buffers     cached
Mem:          992M       916M        75M       112K       6.2M        49M
-/+ buffers/cache:       861M       131M
Swap:         8.0G       401M       7.6G

             total       used       free     shared    buffers     cached
Mem:          992M       918M        73M       112K       6.2M        49M
-/+ buffers/cache:       862M       129M
Swap:         8.0G       401M       7.6G

             total       used       free     shared    buffers     cached
Mem:          992M       920M        72M       112K       6.2M        49M
-/+ buffers/cache:       864M       127M
Swap:         8.0G       401M       7.6G

             total       used       free     shared    buffers     cached
Mem:          992M       922M        70M       112K       6.2M        49M
-/+ buffers/cache:       866M       125M
Swap:         8.0G       401M       7.6G

             total       used       free     shared    buffers     cached
Mem:          992M       923M        68M       112K       6.2M        49M
-/+ buffers/cache:       868M       123M
Swap:         8.0G       401M       7.6G

             total       used       free     shared    buffers     cached
Mem:          992M       926M        65M       112K       6.3M        49M
-/+ buffers/cache:       871M       120M
Swap:         8.0G       401M       7.6G

             total       used       free     shared    buffers     cached
Mem:          992M       928M        63M       112K       6.3M        49M
-/+ buffers/cache:       873M       119M
Swap:         8.0G       401M       7.6G

             total       used       free     shared    buffers     cached
Mem:          992M       913M        78M       112K       4.8M        45M
-/+ buffers/cache:       863M       128M
Swap:         8.0G       422M       7.6G

             total       used       free     shared    buffers     cached
Mem:          992M       913M        78M       112K       4.8M        45M
-/+ buffers/cache:       863M       128M
Swap:         8.0G       422M       7.6G

             total       used       free     shared    buffers     cached
Mem:          992M       915M        76M       112K       4.8M        45M
-/+ buffers/cache:       865M       126M
Swap:         8.0G       422M       7.6G

             total       used       free     shared    buffers     cached
Mem:          992M       917M        74M       112K       4.8M        45M
-/+ buffers/cache:       867M       124M
Swap:         8.0G       422M       7.6G

             total       used       free     shared    buffers     cached
Mem:          992M       919M        72M       112K       4.8M        45M
-/+ buffers/cache:       869M       122M
Swap:         8.0G       422M       7.6G

             total       used       free     shared    buffers     cached
Mem:          992M       921M        70M       112K       4.8M        45M
-/+ buffers/cache:       871M       120M
Swap:         8.0G       422M       7.6G

             total       used       free     shared    buffers     cached
Mem:          992M       923M        68M       112K       4.8M        45M
-/+ buffers/cache:       873M       118M
Swap:         8.0G       422M       7.6G

             total       used       free     shared    buffers     cached
Mem:          992M       925M        67M       112K       4.8M        45M
-/+ buffers/cache:       875M       117M
Swap:         8.0G       422M       7.6G

             total       used       free     shared    buffers     cached
Mem:          992M       927M        65M       112K       4.8M        45M
-/+ buffers/cache:       876M       115M
Swap:         8.0G       422M       7.6G

             total       used       free     shared    buffers     cached
Mem:          992M       916M        75M       112K       3.0M        44M
-/+ buffers/cache:       869M       122M
Swap:         8.0G       424M       7.6G

             total       used       free     shared    buffers     cached
Mem:          992M       918M        73M       112K       3.0M        44M
-/+ buffers/cache:       871M       121M
Swap:         8.0G       424M       7.6G

             total       used       free     shared    buffers     cached
Mem:          992M       920M        71M       112K       3.3M        44M
-/+ buffers/cache:       873M       118M
Swap:         8.0G       424M       7.6G

             total       used       free     shared    buffers     cached
Mem:          992M       926M        65M       112K       3.4M        47M
-/+ buffers/cache:       876M       116M
Swap:         8.0G       424M       7.6G

             total       used       free     shared    buffers     cached
Mem:          992M       928M        63M       112K       3.4M        47M
-/+ buffers/cache:       877M       114M
Swap:         8.0G       424M       7.6G

             total       used       free     shared    buffers     cached
Mem:          992M       917M        74M       112K       1.9M        38M
-/+ buffers/cache:       876M       115M
Swap:         8.0G       426M       7.6G

             total       used       free     shared    buffers     cached
Mem:          992M       919M        72M       112K       1.9M        38M
-/+ buffers/cache:       878M       113M
Swap:         8.0G       426M       7.6G

             total       used       free     shared    buffers     cached
Mem:          992M       921M        70M       112K       1.9M        38M
-/+ buffers/cache:       880M       111M
Swap:         8.0G       426M       7.6G

             total       used       free     shared    buffers     cached
Mem:          992M       923M        69M       112K       1.9M        38M
-/+ buffers/cache:       882M       109M
Swap:         8.0G       426M       7.6G

             total       used       free     shared    buffers     cached
Mem:          992M       924M        67M       112K       1.9M        38M
-/+ buffers/cache:       884M       108M
Swap:         8.0G       426M       7.6G

             total       used       free     shared    buffers     cached
Mem:          992M       926M        65M       112K       1.9M        38M
-/+ buffers/cache:       886M       106M
Swap:         8.0G       426M       7.6G

             total       used       free     shared    buffers     cached
Mem:          992M       928M        63M       112K       1.9M        38M
-/+ buffers/cache:       887M       104M
Swap:         8.0G       426M       7.6G

             total       used       free     shared    buffers     cached
Mem:          992M       908M        83M       112K       664K        28M
-/+ buffers/cache:       879M       112M
Swap:         8.0G       450M       7.6G

             total       used       free     shared    buffers     cached
Mem:          992M       910M        81M       112K       664K        28M
-/+ buffers/cache:       881M       110M
Swap:         8.0G       450M       7.6G

             total       used       free     shared    buffers     cached
Mem:          992M       912M        79M       112K       664K        28M
-/+ buffers/cache:       883M       108M
Swap:         8.0G       450M       7.6G

             total       used       free     shared    buffers     cached
Mem:          992M       920M        71M       112K       664K        28M
-/+ buffers/cache:       890M       101M
Swap:         8.0G       441M       7.6G

             total       used       free     shared    buffers     cached
Mem:          992M       921M        70M       112K       648K        27M
-/+ buffers/cache:       894M        98M
Swap:         8.0G       419M       7.6G

             total       used       free     shared    buffers     cached
Mem:          992M       917M        74M       112K       532K        17M
-/+ buffers/cache:       899M        92M
Swap:         8.0G       422M       7.6G

             total       used       free     shared    buffers     cached
Mem:          992M       918M        73M       112K       156K        14M
-/+ buffers/cache:       903M        89M
Swap:         8.0G       401M       7.6G

             total       used       free     shared    buffers     cached
Mem:          992M       907M        84M       112K        76K       3.3M
-/+ buffers/cache:       904M        87M
Swap:         8.0G       394M       7.6G

             total       used       free     shared    buffers     cached
Mem:          992M       925M        66M       112K       208K       4.1M
-/+ buffers/cache:       921M        70M
Swap:         8.0G       373M       7.6G

             total       used       free     shared    buffers     cached
Mem:          992M       928M        64M       112K       204K       2.5M
-/+ buffers/cache:       925M        66M
Swap:         8.0G       364M       7.6G

             total       used       free     shared    buffers     cached
Mem:          992M       923M        68M       112K       212K       2.4M
-/+ buffers/cache:       920M        71M
Swap:         8.0G       369M       7.6G

             total       used       free     shared    buffers     cached
Mem:          992M       926M        65M       108K       476K       2.6M
-/+ buffers/cache:       923M        68M
Swap:         8.0G       360M       7.6G

             total       used       free     shared    buffers     cached
Mem:          992M       928M        63M       108K       476K       2.6M
-/+ buffers/cache:       925M        66M
Swap:         8.0G       362M       7.6G

             total       used       free     shared    buffers     cached
Mem:          992M       916M        75M       108K       456K       2.1M
-/+ buffers/cache:       914M        77M
Swap:         8.0G       377M       7.6G

             total       used       free     shared    buffers     cached
Mem:          992M       918M        73M       108K       456K       2.1M
-/+ buffers/cache:       916M        76M
Swap:         8.0G       363M       7.6G

             total       used       free     shared    buffers     cached
Mem:          992M       922M        69M       108K       476K       2.1M
-/+ buffers/cache:       920M        71M
Swap:         8.0G       357M       7.6G

             total       used       free     shared    buffers     cached
Mem:          992M       923M        68M       108K       336K       2.0M
-/+ buffers/cache:       920M        71M
Swap:         8.0G       363M       7.6G

             total       used       free     shared    buffers     cached
Mem:          992M       923M        68M       108K       232K       1.9M
-/+ buffers/cache:       921M        70M
Swap:         8.0G       364M       7.6G

             total       used       free     shared    buffers     cached
Mem:          992M       924M        67M       108K       144K       1.9M
-/+ buffers/cache:       922M        69M
Swap:         8.0G       356M       7.6G

             total       used       free     shared    buffers     cached
Mem:          992M       918M        74M       108K        76K       1.9M
-/+ buffers/cache:       916M        75M
Swap:         8.0G       363M       7.6G

             total       used       free     shared    buffers     cached
Mem:          992M       921M        70M         0B        76K       1.7M
-/+ buffers/cache:       920M        71M
Swap:         8.0G       351M       7.7G

             total       used       free     shared    buffers     cached
Mem:          992M       915M        77M         0B        80K       6.4M
-/+ buffers/cache:       908M        83M
Swap:         8.0G       369M       7.6G

             total       used       free     shared    buffers     cached
Mem:          992M       928M        64M         0B        80K       6.6M
-/+ buffers/cache:       921M        70M
Swap:         8.0G       355M       7.6G

             total       used       free     shared    buffers     cached
Mem:          992M       921M        70M         0B        84K       6.5M
-/+ buffers/cache:       915M        77M
Swap:         8.0G       356M       7.6G

             total       used       free     shared    buffers     cached
Mem:          992M       917M        74M         0B        84K       6.3M
-/+ buffers/cache:       911M        80M
Swap:         8.0G       360M       7.6G

             total       used       free     shared    buffers     cached
Mem:          992M       929M        62M         0B        76K       6.3M
-/+ buffers/cache:       923M        69M
Swap:         8.0G       346M       7.7G

             total       used       free     shared    buffers     cached
Mem:          992M       923M        68M         0B        84K       5.9M
-/+ buffers/cache:       917M        74M
Swap:         8.0G       356M       7.6G

             total       used       free     shared    buffers     cached
Mem:          992M       921M        70M         0B        84K       5.2M
-/+ buffers/cache:       915M        76M
Swap:         8.0G       353M       7.7G

             total       used       free     shared    buffers     cached
Mem:          992M       922M        69M         0B        84K       4.6M
-/+ buffers/cache:       918M        73M
Swap:         8.0G       349M       7.7G

             total       used       free     shared    buffers     cached
Mem:          992M       924M        67M         0B        84K       3.9M
-/+ buffers/cache:       920M        71M
Swap:         8.0G       344M       7.7G

             total       used       free     shared    buffers     cached
Mem:          992M       918M        73M         0B        76K       2.5M
-/+ buffers/cache:       915M        76M
Swap:         8.0G       345M       7.7G

             total       used       free     shared    buffers     cached
Mem:          992M       926M        66M         0B        76K       2.3M
-/+ buffers/cache:       923M        68M
Swap:         8.0G       338M       7.7G

             total       used       free     shared    buffers     cached
Mem:          992M       920M        72M         0B       1.5M       5.9M
-/+ buffers/cache:       912M        79M
Swap:         8.0G       355M       7.7G

             total       used       free     shared    buffers     cached
Mem:          992M       918M        73M        12K       1.6M       9.9M
-/+ buffers/cache:       907M        85M
Swap:         8.0G       371M       7.6G

             total       used       free     shared    buffers     cached
Mem:          992M       916M        75M        52K       5.4M        23M
-/+ buffers/cache:       887M       104M
Swap:         8.0G       385M       7.6G

             total       used       free     shared    buffers     cached
Mem:          992M       909M        82M        56K       5.8M        25M
-/+ buffers/cache:       877M       114M
Swap:         8.0G       395M       7.6G
