             total       used       free     shared    buffers     cached
Mem:          992M       660M       331M       3.2M        38M       289M
-/+ buffers/cache:       332M       660M
Swap:         8.0G         0B       8.0G

             total       used       free     shared    buffers     cached
Mem:          992M       659M       332M       3.2M        38M       290M
-/+ buffers/cache:       330M       661M
Swap:         8.0G         0B       8.0G

             total       used       free     shared    buffers     cached
Mem:          992M       659M       332M       3.2M        38M       290M
-/+ buffers/cache:       330M       661M
Swap:         8.0G         0B       8.0G

             total       used       free     shared    buffers     cached
Mem:          992M       659M       332M       3.2M        38M       290M
-/+ buffers/cache:       330M       661M
Swap:         8.0G         0B       8.0G

             total       used       free     shared    buffers     cached
Mem:          992M       659M       332M       3.2M        38M       290M
-/+ buffers/cache:       330M       661M
Swap:         8.0G         0B       8.0G

             total       used       free     shared    buffers     cached
Mem:          992M       659M       332M       3.2M        38M       290M
-/+ buffers/cache:       330M       661M
Swap:         8.0G         0B       8.0G

             total       used       free     shared    buffers     cached
Mem:          992M       659M       332M       3.2M        38M       290M
-/+ buffers/cache:       330M       661M
Swap:         8.0G         0B       8.0G

             total       used       free     shared    buffers     cached
Mem:          992M       659M       332M       3.2M        38M       290M
-/+ buffers/cache:       330M       661M
Swap:         8.0G         0B       8.0G

             total       used       free     shared    buffers     cached
Mem:          992M       659M       332M       3.2M        38M       290M
-/+ buffers/cache:       330M       661M
Swap:         8.0G         0B       8.0G

             total       used       free     shared    buffers     cached
Mem:          992M       659M       332M       3.2M        38M       290M
-/+ buffers/cache:       330M       661M
Swap:         8.0G         0B       8.0G

             total       used       free     shared    buffers     cached
Mem:          992M       659M       332M       3.2M        38M       290M
-/+ buffers/cache:       330M       661M
Swap:         8.0G         0B       8.0G

             total       used       free     shared    buffers     cached
Mem:          992M       665M       327M       3.2M        38M       290M
-/+ buffers/cache:       335M       656M
Swap:         8.0G         0B       8.0G

             total       used       free     shared    buffers     cached
Mem:          992M       684M       308M       3.2M        38M       290M
-/+ buffers/cache:       354M       637M
Swap:         8.0G         0B       8.0G

             total       used       free     shared    buffers     cached
Mem:          992M       668M       323M       3.2M        38M       291M
-/+ buffers/cache:       338M       653M
Swap:         8.0G         0B       8.0G

             total       used       free     shared    buffers     cached
Mem:          992M       668M       323M       3.2M        38M       291M
-/+ buffers/cache:       338M       653M
Swap:         8.0G         0B       8.0G

             total       used       free     shared    buffers     cached
Mem:          992M       669M       322M       3.2M        38M       291M
-/+ buffers/cache:       338M       653M
Swap:         8.0G         0B       8.0G

             total       used       free     shared    buffers     cached
Mem:          992M       669M       322M       3.2M        38M       291M
-/+ buffers/cache:       338M       653M
Swap:         8.0G         0B       8.0G

             total       used       free     shared    buffers     cached
Mem:          992M       669M       322M       3.2M        38M       291M
-/+ buffers/cache:       338M       653M
Swap:         8.0G         0B       8.0G

             total       used       free     shared    buffers     cached
Mem:          992M       669M       322M       3.2M        38M       291M
-/+ buffers/cache:       338M       653M
Swap:         8.0G         0B       8.0G

             total       used       free     shared    buffers     cached
Mem:          992M       669M       323M       3.2M        38M       291M
-/+ buffers/cache:       338M       653M
Swap:         8.0G         0B       8.0G

             total       used       free     shared    buffers     cached
Mem:          992M       669M       323M       3.2M        38M       291M
-/+ buffers/cache:       338M       653M
Swap:         8.0G         0B       8.0G

             total       used       free     shared    buffers     cached
Mem:          992M       669M       322M       3.2M        38M       291M
-/+ buffers/cache:       338M       653M
Swap:         8.0G         0B       8.0G

             total       used       free     shared    buffers     cached
Mem:          992M       669M       322M       3.2M        38M       291M
-/+ buffers/cache:       338M       653M
Swap:         8.0G         0B       8.0G

             total       used       free     shared    buffers     cached
Mem:          992M       669M       322M       3.2M        38M       291M
-/+ buffers/cache:       338M       653M
Swap:         8.0G         0B       8.0G

             total       used       free     shared    buffers     cached
Mem:          992M       669M       322M       3.2M        38M       291M
-/+ buffers/cache:       338M       653M
Swap:         8.0G         0B       8.0G

             total       used       free     shared    buffers     cached
Mem:          992M       669M       322M       3.2M        38M       291M
-/+ buffers/cache:       338M       653M
Swap:         8.0G         0B       8.0G

             total       used       free     shared    buffers     cached
Mem:          992M       669M       322M       3.2M        38M       291M
-/+ buffers/cache:       338M       653M
Swap:         8.0G         0B       8.0G

             total       used       free     shared    buffers     cached
Mem:          992M       669M       322M       3.2M        38M       291M
-/+ buffers/cache:       338M       653M
Swap:         8.0G         0B       8.0G

             total       used       free     shared    buffers     cached
Mem:          992M       669M       322M       3.2M        38M       291M
-/+ buffers/cache:       338M       653M
Swap:         8.0G         0B       8.0G

             total       used       free     shared    buffers     cached
Mem:          992M       669M       322M       3.2M        38M       291M
-/+ buffers/cache:       338M       653M
Swap:         8.0G         0B       8.0G

             total       used       free     shared    buffers     cached
Mem:          992M       669M       322M       3.2M        38M       291M
-/+ buffers/cache:       338M       653M
Swap:         8.0G         0B       8.0G

             total       used       free     shared    buffers     cached
Mem:          992M       669M       322M       3.2M        38M       291M
-/+ buffers/cache:       338M       653M
Swap:         8.0G         0B       8.0G

             total       used       free     shared    buffers     cached
Mem:          992M       669M       322M       3.2M        38M       291M
-/+ buffers/cache:       338M       653M
Swap:         8.0G         0B       8.0G

             total       used       free     shared    buffers     cached
Mem:          992M       674M       317M       3.2M        38M       291M
-/+ buffers/cache:       343M       648M
Swap:         8.0G         0B       8.0G

             total       used       free     shared    buffers     cached
Mem:          992M       691M       300M       3.2M        38M       291M
-/+ buffers/cache:       360M       631M
Swap:         8.0G         0B       8.0G

             total       used       free     shared    buffers     cached
Mem:          992M       708M       283M       3.2M        38M       291M
-/+ buffers/cache:       377M       614M
Swap:         8.0G         0B       8.0G

             total       used       free     shared    buffers     cached
Mem:          992M       723M       268M       3.2M        38M       291M
-/+ buffers/cache:       393M       599M
Swap:         8.0G         0B       8.0G

             total       used       free     shared    buffers     cached
Mem:          992M       740M       251M       3.2M        38M       291M
-/+ buffers/cache:       410M       582M
Swap:         8.0G         0B       8.0G

             total       used       free     shared    buffers     cached
Mem:          992M       755M       236M       3.2M        38M       291M
-/+ buffers/cache:       425M       567M
Swap:         8.0G         0B       8.0G

             total       used       free     shared    buffers     cached
Mem:          992M       771M       220M       3.2M        38M       291M
-/+ buffers/cache:       441M       551M
Swap:         8.0G         0B       8.0G

             total       used       free     shared    buffers     cached
Mem:          992M       786M       206M       3.2M        38M       291M
-/+ buffers/cache:       455M       536M
Swap:         8.0G         0B       8.0G

             total       used       free     shared    buffers     cached
Mem:          992M       802M       189M       3.2M        38M       291M
-/+ buffers/cache:       471M       520M
Swap:         8.0G         0B       8.0G

             total       used       free     shared    buffers     cached
Mem:          992M       818M       173M       3.2M        38M       291M
-/+ buffers/cache:       487M       504M
Swap:         8.0G         0B       8.0G

             total       used       free     shared    buffers     cached
Mem:          992M       832M       159M       3.2M        38M       291M
-/+ buffers/cache:       501M       490M
Swap:         8.0G         0B       8.0G

             total       used       free     shared    buffers     cached
Mem:          992M       847M       144M       3.2M        38M       291M
-/+ buffers/cache:       516M       475M
Swap:         8.0G         0B       8.0G

             total       used       free     shared    buffers     cached
Mem:          992M       862M       129M       3.2M        38M       291M
-/+ buffers/cache:       531M       460M
Swap:         8.0G         0B       8.0G

             total       used       free     shared    buffers     cached
Mem:          992M       876M       115M       3.2M        38M       291M
-/+ buffers/cache:       545M       446M
Swap:         8.0G         0B       8.0G

             total       used       free     shared    buffers     cached
Mem:          992M       891M       100M       3.2M        38M       291M
-/+ buffers/cache:       560M       431M
Swap:         8.0G         0B       8.0G

             total       used       free     shared    buffers     cached
Mem:          992M       903M        88M       3.2M        38M       291M
-/+ buffers/cache:       573M       419M
Swap:         8.0G         0B       8.0G

             total       used       free     shared    buffers     cached
Mem:          992M       917M        74M       3.2M        38M       291M
-/+ buffers/cache:       587M       405M
Swap:         8.0G         0B       8.0G

             total       used       free     shared    buffers     cached
Mem:          992M       932M        59M       3.2M        38M       291M
-/+ buffers/cache:       601M       390M
Swap:         8.0G         0B       8.0G

             total       used       free     shared    buffers     cached
Mem:          992M       924M        67M       3.2M        17M       290M
-/+ buffers/cache:       616M       375M
Swap:         8.0G         0B       8.0G

             total       used       free     shared    buffers     cached
Mem:          992M       921M        70M       3.2M        10M       281M
-/+ buffers/cache:       630M       362M
Swap:         8.0G         8K       8.0G

             total       used       free     shared    buffers     cached
Mem:          992M       918M        73M       3.2M       9.8M       264M
-/+ buffers/cache:       644M       348M
Swap:         8.0G       116K       8.0G

             total       used       free     shared    buffers     cached
Mem:          992M       914M        78M       3.1M       9.8M       246M
-/+ buffers/cache:       657M       334M
Swap:         8.0G       272K       8.0G

             total       used       free     shared    buffers     cached
Mem:          992M       927M        65M       3.1M       9.8M       246M
-/+ buffers/cache:       671M       321M
Swap:         8.0G       272K       8.0G

             total       used       free     shared    buffers     cached
Mem:          992M       928M        63M       3.0M       9.8M       234M
-/+ buffers/cache:       684M       307M
Swap:         8.0G       3.8M       8.0G

             total       used       free     shared    buffers     cached
Mem:          992M       910M        81M       2.9M       9.3M       207M
-/+ buffers/cache:       694M       297M
Swap:         8.0G       8.1M       8.0G

             total       used       free     shared    buffers     cached
Mem:          992M       924M        67M       2.9M       9.3M       207M
-/+ buffers/cache:       708M       283M
Swap:         8.0G       8.1M       8.0G

             total       used       free     shared    buffers     cached
Mem:          992M       925M        66M       2.9M       2.8M       200M
-/+ buffers/cache:       722M       270M
Swap:         8.0G       8.1M       8.0G

             total       used       free     shared    buffers     cached
Mem:          992M       918M        73M       2.9M       856K       182M
-/+ buffers/cache:       735M       257M
Swap:         8.0G       8.1M       8.0G

             total       used       free     shared    buffers     cached
Mem:          992M       909M        82M       2.9M       240K       161M
-/+ buffers/cache:       747M       244M
Swap:         8.0G       8.1M       8.0G

             total       used       free     shared    buffers     cached
Mem:          992M       923M        68M       2.9M       244K       161M
-/+ buffers/cache:       761M       230M
Swap:         8.0G       8.1M       8.0G

             total       used       free     shared    buffers     cached
Mem:          992M       917M        74M       2.9M       244K       142M
-/+ buffers/cache:       774M       217M
Swap:         8.0G       8.1M       8.0G

             total       used       free     shared    buffers     cached
Mem:          992M       926M        66M       2.9M       244K       142M
-/+ buffers/cache:       783M       209M
Swap:         8.0G       8.1M       8.0G

             total       used       free     shared    buffers     cached
Mem:          992M       920M        71M       2.9M        84K       126M
-/+ buffers/cache:       794M       197M
Swap:         8.0G       8.1M       8.0G

             total       used       free     shared    buffers     cached
Mem:          992M       917M        74M       2.9M       104K       111M
-/+ buffers/cache:       806M       185M
Swap:         8.0G       8.1M       8.0G

             total       used       free     shared    buffers     cached
Mem:          992M       918M        73M       2.9M       104K        98M
-/+ buffers/cache:       820M       171M
Swap:         8.0G       8.1M       8.0G

             total       used       free     shared    buffers     cached
Mem:          992M       920M        71M       2.9M       104K        87M
-/+ buffers/cache:       833M       159M
Swap:         8.0G       8.1M       8.0G

             total       used       free     shared    buffers     cached
Mem:          992M       913M        78M       2.9M       104K        67M
-/+ buffers/cache:       845M       146M
Swap:         8.0G       8.1M       8.0G

             total       used       free     shared    buffers     cached
Mem:          992M       915M        76M       2.9M       252K        55M
-/+ buffers/cache:       860M       132M
Swap:         8.0G       8.1M       8.0G

             total       used       free     shared    buffers     cached
Mem:          992M       918M        73M       2.9M       2.8M        41M
-/+ buffers/cache:       873M       118M
Swap:         8.0G       8.1M       8.0G

             total       used       free     shared    buffers     cached
Mem:          992M       918M        73M       2.9M       2.8M        28M
-/+ buffers/cache:       886M       105M
Swap:         8.0G       8.1M       8.0G

             total       used       free     shared    buffers     cached
Mem:          992M       916M        75M       2.9M       2.8M        17M
-/+ buffers/cache:       896M        95M
Swap:         8.0G        10M       8.0G

             total       used       free     shared    buffers     cached
Mem:          992M       916M        75M       2.9M       308K       8.7M
-/+ buffers/cache:       907M        84M
Swap:         8.0G        11M       8.0G

             total       used       free     shared    buffers     cached
Mem:          992M       928M        63M       2.9M       312K       8.7M
-/+ buffers/cache:       919M        72M
Swap:         8.0G        11M       8.0G

             total       used       free     shared    buffers     cached
Mem:          992M       926M        66M       2.8M       440K       4.4M
-/+ buffers/cache:       921M        70M
Swap:         8.0G        28M       8.0G

             total       used       free     shared    buffers     cached
Mem:          992M       926M        66M       2.5M       292K       4.0M
-/+ buffers/cache:       921M        70M
Swap:         8.0G        41M       8.0G

             total       used       free     shared    buffers     cached
Mem:          992M       923M        68M       2.5M       408K       4.0M
-/+ buffers/cache:       918M        73M
Swap:         8.0G        63M       7.9G

             total       used       free     shared    buffers     cached
Mem:          992M       922M        69M       2.5M       408K       4.2M
-/+ buffers/cache:       917M        74M
Swap:         8.0G        65M       7.9G

             total       used       free     shared    buffers     cached
Mem:          992M       920M        71M       2.5M       412K       4.4M
-/+ buffers/cache:       915M        76M
Swap:         8.0G        83M       7.9G

             total       used       free     shared    buffers     cached
Mem:          992M       914M        77M       2.5M       412K       4.3M
-/+ buffers/cache:       909M        82M
Swap:         8.0G       106M       7.9G

             total       used       free     shared    buffers     cached
Mem:          992M       927M        64M       2.5M       420K       4.3M
-/+ buffers/cache:       922M        69M
Swap:         8.0G       106M       7.9G

             total       used       free     shared    buffers     cached
Mem:          992M       927M        64M       2.4M       420K       4.2M
-/+ buffers/cache:       923M        68M
Swap:         8.0G       111M       7.9G

             total       used       free     shared    buffers     cached
Mem:          992M       925M        66M       2.4M       420K       4.2M
-/+ buffers/cache:       920M        71M
Swap:         8.0G       135M       7.9G

             total       used       free     shared    buffers     cached
Mem:          992M       922M        69M       2.4M       420K       4.2M
-/+ buffers/cache:       918M        73M
Swap:         8.0G       146M       7.9G

             total       used       free     shared    buffers     cached
Mem:          992M       922M        69M       2.4M       420K       4.2M
-/+ buffers/cache:       917M        74M
Swap:         8.0G       161M       7.8G

             total       used       free     shared    buffers     cached
Mem:          992M       920M        71M       2.4M       420K       4.2M
-/+ buffers/cache:       915M        76M
Swap:         8.0G       178M       7.8G

             total       used       free     shared    buffers     cached
Mem:          992M       918M        73M       2.4M       428K       4.1M
-/+ buffers/cache:       913M        78M
Swap:         8.0G       186M       7.8G

             total       used       free     shared    buffers     cached
Mem:          992M       912M        79M       2.4M        76K        14M
-/+ buffers/cache:       897M        94M
Swap:         8.0G       238M       7.8G

             total       used       free     shared    buffers     cached
Mem:          992M       917M        74M       2.3M        92K        21M
-/+ buffers/cache:       895M        96M
Swap:         8.0G       248M       7.8G

             total       used       free     shared    buffers     cached
Mem:          992M       918M        74M       2.3M       540K        21M
-/+ buffers/cache:       896M        96M
Swap:         8.0G       248M       7.8G

             total       used       free     shared    buffers     cached
Mem:          992M       926M        65M       2.3M       540K        21M
-/+ buffers/cache:       904M        87M
Swap:         8.0G       248M       7.8G

             total       used       free     shared    buffers     cached
Mem:          992M       909M        82M       2.3M       500K        18M
-/+ buffers/cache:       890M       101M
Swap:         8.0G       266M       7.7G

             total       used       free     shared    buffers     cached
Mem:          992M       913M        78M       2.3M       500K        18M
-/+ buffers/cache:       894M        97M
Swap:         8.0G       266M       7.7G

             total       used       free     shared    buffers     cached
Mem:          992M       919M        72M       2.3M       500K        18M
-/+ buffers/cache:       900M        91M
Swap:         8.0G       266M       7.7G

             total       used       free     shared    buffers     cached
Mem:          992M       925M        66M       2.3M       500K        18M
-/+ buffers/cache:       907M        84M
Swap:         8.0G       266M       7.7G

             total       used       free     shared    buffers     cached
Mem:          992M       918M        73M       2.3M       500K       9.9M
-/+ buffers/cache:       908M        83M
Swap:         8.0G       266M       7.7G

             total       used       free     shared    buffers     cached
Mem:          992M       925M        66M       2.3M       788K       9.9M
-/+ buffers/cache:       915M        76M
Swap:         8.0G       266M       7.7G

             total       used       free     shared    buffers     cached
Mem:          992M       919M        72M       2.3M       376K       4.1M
-/+ buffers/cache:       914M        77M
Swap:         8.0G       283M       7.7G

             total       used       free     shared    buffers     cached
Mem:          992M       924M        68M       2.3M       376K       4.2M
-/+ buffers/cache:       919M        72M
Swap:         8.0G       283M       7.7G

             total       used       free     shared    buffers     cached
Mem:          992M       907M        85M       2.3M        96K       3.8M
-/+ buffers/cache:       903M        88M
Swap:         8.0G       311M       7.7G

             total       used       free     shared    buffers     cached
Mem:          992M       911M        81M       2.3M       220K       3.7M
-/+ buffers/cache:       907M        85M
Swap:         8.0G       311M       7.7G

             total       used       free     shared    buffers     cached
Mem:          992M       916M        76M       2.3M       220K       3.8M
-/+ buffers/cache:       912M        80M
Swap:         8.0G       311M       7.7G

             total       used       free     shared    buffers     cached
Mem:          992M       919M        72M       2.3M       228K       3.8M
-/+ buffers/cache:       915M        76M
Swap:         8.0G       311M       7.7G

             total       used       free     shared    buffers     cached
Mem:          992M       924M        67M       2.3M       228K       3.8M
-/+ buffers/cache:       920M        71M
Swap:         8.0G       311M       7.7G

             total       used       free     shared    buffers     cached
Mem:          992M       916M        75M       2.3M       228K       3.8M
-/+ buffers/cache:       912M        79M
Swap:         8.0G       313M       7.7G

             total       used       free     shared    buffers     cached
Mem:          992M       921M        70M       2.3M       228K       3.8M
-/+ buffers/cache:       917M        74M
Swap:         8.0G       313M       7.7G

             total       used       free     shared    buffers     cached
Mem:          992M       925M        66M       2.3M       228K       3.8M
-/+ buffers/cache:       921M        70M
Swap:         8.0G       313M       7.7G

             total       used       free     shared    buffers     cached
Mem:          992M       913M        78M       2.3M       236K       3.8M
-/+ buffers/cache:       909M        82M
Swap:         8.0G       333M       7.7G

             total       used       free     shared    buffers     cached
Mem:          992M       917M        75M       2.3M       236K       3.8M
-/+ buffers/cache:       913M        79M
Swap:         8.0G       333M       7.7G

             total       used       free     shared    buffers     cached
Mem:          992M       921M        70M       2.3M       236K       3.8M
-/+ buffers/cache:       917M        74M
Swap:         8.0G       333M       7.7G

             total       used       free     shared    buffers     cached
Mem:          992M       924M        67M       2.3M       236K       3.8M
-/+ buffers/cache:       920M        71M
Swap:         8.0G       333M       7.7G

             total       used       free     shared    buffers     cached
Mem:          992M       928M        64M       2.3M       236K       3.7M
-/+ buffers/cache:       924M        67M
Swap:         8.0G       333M       7.7G

             total       used       free     shared    buffers     cached
Mem:          992M       918M        73M       2.3M       244K       3.8M
-/+ buffers/cache:       914M        77M
Swap:         8.0G       342M       7.7G

             total       used       free     shared    buffers     cached
Mem:          992M       922M        70M       2.3M       244K       3.7M
-/+ buffers/cache:       918M        74M
Swap:         8.0G       342M       7.7G

             total       used       free     shared    buffers     cached
Mem:          992M       915M        76M        44K       244K       1.5M
-/+ buffers/cache:       913M        78M
Swap:         8.0G       352M       7.7G

             total       used       free     shared    buffers     cached
Mem:          992M       920M        71M         4K       244K       1.5M
-/+ buffers/cache:       918M        73M
Swap:         8.0G       334M       7.7G

             total       used       free     shared    buffers     cached
Mem:          992M       919M        73M         4K       244K       1.5M
-/+ buffers/cache:       917M        74M
Swap:         8.0G       335M       7.7G

             total       used       free     shared    buffers     cached
Mem:          992M       918M        73M         0B       236K       1.4M
-/+ buffers/cache:       917M        74M
Swap:         8.0G       335M       7.7G

             total       used       free     shared    buffers     cached
Mem:          992M       918M        73M         0B       244K       1.4M
-/+ buffers/cache:       916M        75M
Swap:         8.0G       334M       7.7G

             total       used       free     shared    buffers     cached
Mem:          992M       921M        70M         0B       220K       1.3M
-/+ buffers/cache:       920M        72M
Swap:         8.0G       332M       7.7G

             total       used       free     shared    buffers     cached
Mem:          992M       920M        71M         0B       124K       1.4M
-/+ buffers/cache:       919M        72M
Swap:         8.0G       326M       7.7G

             total       used       free     shared    buffers     cached
Mem:          992M       921M        70M         0B       100K       1.3M
-/+ buffers/cache:       920M        71M
Swap:         8.0G       330M       7.7G

             total       used       free     shared    buffers     cached
Mem:          992M       918M        74M         0B       100K       1.3M
-/+ buffers/cache:       916M        75M
Swap:         8.0G       332M       7.7G

             total       used       free     shared    buffers     cached
Mem:          992M       918M        73M         0B       108K       1.3M
-/+ buffers/cache:       916M        75M
Swap:         8.0G       332M       7.7G

             total       used       free     shared    buffers     cached
Mem:          992M       919M        72M         0B       108K       1.3M
-/+ buffers/cache:       918M        73M
Swap:         8.0G       333M       7.7G

             total       used       free     shared    buffers     cached
Mem:          992M       923M        68M         0B       108K       1.3M
-/+ buffers/cache:       921M        70M
Swap:         8.0G       328M       7.7G

             total       used       free     shared    buffers     cached
Mem:          992M       923M        68M         0B       108K       1.3M
-/+ buffers/cache:       922M        69M
Swap:         8.0G       331M       7.7G

             total       used       free     shared    buffers     cached
Mem:          992M       922M        69M         0B       108K       1.2M
-/+ buffers/cache:       921M        71M
Swap:         8.0G       336M       7.7G

             total       used       free     shared    buffers     cached
Mem:          992M       916M        76M         0B       196K       1.9M
-/+ buffers/cache:       914M        78M
Swap:         8.0G       348M       7.7G

             total       used       free     shared    buffers     cached
Mem:          992M       927M        65M         0B       196K       2.3M
-/+ buffers/cache:       924M        67M
Swap:         8.0G       334M       7.7G

             total       used       free     shared    buffers     cached
Mem:          992M       912M        79M         0B       196K       2.4M
-/+ buffers/cache:       909M        82M
Swap:         8.0G       364M       7.6G

             total       used       free     shared    buffers     cached
Mem:          992M       917M        74M         0B       196K       2.4M
-/+ buffers/cache:       915M        76M
Swap:         8.0G       362M       7.6G

             total       used       free     shared    buffers     cached
Mem:          992M       923M        68M         0B       196K       2.4M
-/+ buffers/cache:       920M        71M
Swap:         8.0G       362M       7.6G

             total       used       free     shared    buffers     cached
Mem:          992M       918M        73M         0B       196K       2.4M
-/+ buffers/cache:       915M        76M
Swap:         8.0G       362M       7.6G

             total       used       free     shared    buffers     cached
Mem:          992M       923M        68M         0B       204K       2.4M
-/+ buffers/cache:       921M        71M
Swap:         8.0G       362M       7.6G

             total       used       free     shared    buffers     cached
Mem:          992M       917M        74M         0B       204K       2.3M
-/+ buffers/cache:       915M        77M
Swap:         8.0G       374M       7.6G

             total       used       free     shared    buffers     cached
Mem:          992M       923M        68M         0B       204K       2.3M
-/+ buffers/cache:       920M        71M
Swap:         8.0G       374M       7.6G

             total       used       free     shared    buffers     cached
Mem:          992M       928M        63M         0B       204K       2.3M
-/+ buffers/cache:       926M        66M
Swap:         8.0G       374M       7.6G

             total       used       free     shared    buffers     cached
Mem:          992M       913M        78M         0B       200K       2.3M
-/+ buffers/cache:       911M        81M
Swap:         8.0G       393M       7.6G

             total       used       free     shared    buffers     cached
Mem:          992M       915M        76M         0B       208K       2.4M
-/+ buffers/cache:       912M        79M
Swap:         8.0G       392M       7.6G

             total       used       free     shared    buffers     cached
Mem:          992M       917M        74M         0B       208K       2.4M
-/+ buffers/cache:       914M        77M
Swap:         8.0G       391M       7.6G

             total       used       free     shared    buffers     cached
Mem:          992M       919M        72M         0B       208K       2.4M
-/+ buffers/cache:       916M        75M
Swap:         8.0G       391M       7.6G

             total       used       free     shared    buffers     cached
Mem:          992M       921M        70M         0B       208K       2.4M
-/+ buffers/cache:       918M        73M
Swap:         8.0G       390M       7.6G

             total       used       free     shared    buffers     cached
Mem:          992M       923M        69M         0B       208K       2.4M
-/+ buffers/cache:       920M        71M
Swap:         8.0G       389M       7.6G

             total       used       free     shared    buffers     cached
Mem:          992M       925M        67M         0B       216K       2.4M
-/+ buffers/cache:       922M        69M
Swap:         8.0G       388M       7.6G

             total       used       free     shared    buffers     cached
Mem:          992M       927M        64M         0B       216K       2.4M
-/+ buffers/cache:       924M        67M
Swap:         8.0G       387M       7.6G

             total       used       free     shared    buffers     cached
Mem:          992M       929M        63M         0B       216K       2.4M
-/+ buffers/cache:       926M        65M
Swap:         8.0G       386M       7.6G

             total       used       free     shared    buffers     cached
Mem:          992M       926M        65M         0B        84K        19M
-/+ buffers/cache:       907M        85M
Swap:         8.0G       407M       7.6G

             total       used       free     shared    buffers     cached
Mem:          992M       918M        73M         0B       492K        20M
-/+ buffers/cache:       897M        94M
Swap:         8.0G       418M       7.6G

             total       used       free     shared    buffers     cached
Mem:          992M       920M        71M         0B       804K        20M
-/+ buffers/cache:       899M        92M
Swap:         8.0G       417M       7.6G

             total       used       free     shared    buffers     cached
Mem:          992M       922M        70M         0B       812K        20M
-/+ buffers/cache:       900M        91M
Swap:         8.0G       416M       7.6G

             total       used       free     shared    buffers     cached
Mem:          992M       923M        68M         0B       812K        20M
-/+ buffers/cache:       902M        89M
Swap:         8.0G       415M       7.6G

             total       used       free     shared    buffers     cached
Mem:          992M       925M        66M         0B       812K        20M
-/+ buffers/cache:       904M        87M
Swap:         8.0G       414M       7.6G

             total       used       free     shared    buffers     cached
Mem:          992M       927M        64M         0B       812K        20M
-/+ buffers/cache:       906M        85M
Swap:         8.0G       413M       7.6G

             total       used       free     shared    buffers     cached
Mem:          992M       917M        74M         0B       812K        20M
-/+ buffers/cache:       896M        95M
Swap:         8.0G       424M       7.6G

             total       used       free     shared    buffers     cached
Mem:          992M       919M        72M         0B       820K        20M
-/+ buffers/cache:       898M        94M
Swap:         8.0G       423M       7.6G

             total       used       free     shared    buffers     cached
Mem:          992M       920M        71M         0B       820K        20M
-/+ buffers/cache:       899M        92M
Swap:         8.0G       422M       7.6G

             total       used       free     shared    buffers     cached
Mem:          992M       922M        69M         0B       820K        20M
-/+ buffers/cache:       901M        90M
Swap:         8.0G       422M       7.6G

             total       used       free     shared    buffers     cached
Mem:          992M       924M        67M         0B       820K        20M
-/+ buffers/cache:       903M        88M
Swap:         8.0G       421M       7.6G

             total       used       free     shared    buffers     cached
Mem:          992M       926M        65M         0B       820K        20M
-/+ buffers/cache:       905M        86M
Swap:         8.0G       420M       7.6G

             total       used       free     shared    buffers     cached
Mem:          992M       928M        63M         0B       828K        20M
-/+ buffers/cache:       907M        84M
Swap:         8.0G       419M       7.6G

             total       used       free     shared    buffers     cached
Mem:          992M       918M        73M         0B       828K        20M
-/+ buffers/cache:       897M        94M
Swap:         8.0G       434M       7.6G

             total       used       free     shared    buffers     cached
Mem:          992M       920M        71M         0B       828K        19M
-/+ buffers/cache:       899M        92M
Swap:         8.0G       433M       7.6G

             total       used       free     shared    buffers     cached
Mem:          992M       922M        69M         0B       828K        20M
-/+ buffers/cache:       901M        90M
Swap:         8.0G       432M       7.6G

             total       used       free     shared    buffers     cached
Mem:          992M       924M        67M         0B       828K        20M
-/+ buffers/cache:       903M        88M
Swap:         8.0G       431M       7.6G

             total       used       free     shared    buffers     cached
Mem:          992M       926M        65M         0B       828K        20M
-/+ buffers/cache:       905M        86M
Swap:         8.0G       430M       7.6G

             total       used       free     shared    buffers     cached
Mem:          992M       928M        63M         0B       836K        19M
-/+ buffers/cache:       907M        84M
Swap:         8.0G       429M       7.6G

             total       used       free     shared    buffers     cached
Mem:          992M       916M        75M         0B       836K        19M
-/+ buffers/cache:       895M        96M
Swap:         8.0G       442M       7.6G

             total       used       free     shared    buffers     cached
Mem:          992M       917M        74M         0B       836K        19M
-/+ buffers/cache:       897M        94M
Swap:         8.0G       442M       7.6G

             total       used       free     shared    buffers     cached
Mem:          992M       920M        72M         0B       836K        19M
-/+ buffers/cache:       899M        92M
Swap:         8.0G       441M       7.6G

             total       used       free     shared    buffers     cached
Mem:          992M       921M        70M         0B       836K        19M
-/+ buffers/cache:       901M        90M
Swap:         8.0G       440M       7.6G

             total       used       free     shared    buffers     cached
Mem:          992M       923M        68M         0B       844K        19M
-/+ buffers/cache:       903M        89M
Swap:         8.0G       439M       7.6G

             total       used       free     shared    buffers     cached
Mem:          992M       925M        66M         0B       844K        19M
-/+ buffers/cache:       904M        87M
Swap:         8.0G       439M       7.6G

             total       used       free     shared    buffers     cached
Mem:          992M       927M        64M         0B       844K        19M
-/+ buffers/cache:       907M        85M
Swap:         8.0G       438M       7.6G

             total       used       free     shared    buffers     cached
Mem:          992M       914M        77M         0B       816K        18M
-/+ buffers/cache:       894M        97M
Swap:         8.0G       449M       7.6G

             total       used       free     shared    buffers     cached
Mem:          992M       915M        76M         0B       816K        18M
-/+ buffers/cache:       896M        95M
Swap:         8.0G       448M       7.6G

             total       used       free     shared    buffers     cached
Mem:          992M       918M        73M         0B       824K        20M
-/+ buffers/cache:       898M        94M
Swap:         8.0G       448M       7.6G

             total       used       free     shared    buffers     cached
Mem:          992M       919M        72M         0B       824K        20M
-/+ buffers/cache:       899M        93M
Swap:         8.0G       447M       7.6G

             total       used       free     shared    buffers     cached
Mem:          992M       922M        69M         0B       1.1M        20M
-/+ buffers/cache:       900M        91M
Swap:         8.0G       446M       7.6G

             total       used       free     shared    buffers     cached
Mem:          992M       917M        74M         0B       1.4M        32M
-/+ buffers/cache:       883M       109M
Swap:         8.0G       472M       7.5G

             total       used       free     shared    buffers     cached
Mem:          992M       918M        73M        16K       1.4M        32M
-/+ buffers/cache:       884M       108M
Swap:         8.0G       471M       7.5G

             total       used       free     shared    buffers     cached
Mem:          992M       919M        72M        16K       1.4M        32M
-/+ buffers/cache:       885M       107M
Swap:         8.0G       471M       7.5G

             total       used       free     shared    buffers     cached
Mem:          992M       920M        71M        16K       1.4M        32M
-/+ buffers/cache:       886M       106M
Swap:         8.0G       471M       7.5G

             total       used       free     shared    buffers     cached
Mem:          992M       921M        70M        16K       1.4M        32M
-/+ buffers/cache:       887M       104M
Swap:         8.0G       470M       7.5G

             total       used       free     shared    buffers     cached
Mem:          992M       922M        69M        16K       1.4M        32M
-/+ buffers/cache:       888M       103M
Swap:         8.0G       470M       7.5G

             total       used       free     shared    buffers     cached
Mem:          992M       923M        68M        16K       1.4M        32M
-/+ buffers/cache:       889M       102M
Swap:         8.0G       469M       7.5G

             total       used       free     shared    buffers     cached
Mem:          992M       924M        67M        16K       1.4M        32M
-/+ buffers/cache:       890M       101M
Swap:         8.0G       469M       7.5G

             total       used       free     shared    buffers     cached
Mem:          992M       926M        66M        16K       1.4M        32M
-/+ buffers/cache:       891M       100M
Swap:         8.0G       468M       7.5G

             total       used       free     shared    buffers     cached
Mem:          992M       927M        64M        16K       1.4M        33M
-/+ buffers/cache:       892M        99M
Swap:         8.0G       468M       7.5G

             total       used       free     shared    buffers     cached
Mem:          992M       915M        76M        16K       1.4M        30M
-/+ buffers/cache:       884M       107M
Swap:         8.0G       477M       7.5G

             total       used       free     shared    buffers     cached
Mem:          992M       917M        74M        16K       1.4M        30M
-/+ buffers/cache:       885M       106M
Swap:         8.0G       477M       7.5G

             total       used       free     shared    buffers     cached
Mem:          992M       918M        73M        16K       1.4M        30M
-/+ buffers/cache:       886M       105M
Swap:         8.0G       476M       7.5G

             total       used       free     shared    buffers     cached
Mem:          992M       919M        72M        16K       1.4M        30M
-/+ buffers/cache:       887M       104M
Swap:         8.0G       476M       7.5G

             total       used       free     shared    buffers     cached
Mem:          992M       920M        71M        16K       1.4M        30M
-/+ buffers/cache:       889M       102M
Swap:         8.0G       475M       7.5G

             total       used       free     shared    buffers     cached
Mem:          992M       922M        69M        16K       1.4M        30M
-/+ buffers/cache:       890M       101M
Swap:         8.0G       475M       7.5G

             total       used       free     shared    buffers     cached
Mem:          992M       923M        68M        16K       1.4M        30M
-/+ buffers/cache:       891M       100M
Swap:         8.0G       474M       7.5G

             total       used       free     shared    buffers     cached
Mem:          992M       924M        67M        16K       1.4M        30M
-/+ buffers/cache:       892M        99M
Swap:         8.0G       474M       7.5G

             total       used       free     shared    buffers     cached
Mem:          992M       925M        66M        16K       1.4M        30M
-/+ buffers/cache:       893M        98M
Swap:         8.0G       473M       7.5G

             total       used       free     shared    buffers     cached
Mem:          992M       926M        65M        16K       1.4M        30M
-/+ buffers/cache:       895M        97M
Swap:         8.0G       473M       7.5G

             total       used       free     shared    buffers     cached
Mem:          992M       927M        64M        16K       1.4M        30M
-/+ buffers/cache:       896M        95M
Swap:         8.0G       472M       7.5G

             total       used       free     shared    buffers     cached
Mem:          992M       929M        62M        16K       1.4M        30M
-/+ buffers/cache:       897M        94M
Swap:         8.0G       472M       7.5G

             total       used       free     shared    buffers     cached
Mem:          992M       915M        76M        16K       984K        29M
-/+ buffers/cache:       884M       107M
Swap:         8.0G       482M       7.5G

             total       used       free     shared    buffers     cached
Mem:          992M       916M        75M        16K       984K        29M
-/+ buffers/cache:       885M       106M
Swap:         8.0G       481M       7.5G

             total       used       free     shared    buffers     cached
Mem:          992M       917M        74M        16K       992K        29M
-/+ buffers/cache:       886M       105M
Swap:         8.0G       481M       7.5G

             total       used       free     shared    buffers     cached
Mem:          992M       918M        73M        16K       992K        29M
-/+ buffers/cache:       888M       104M
Swap:         8.0G       480M       7.5G

             total       used       free     shared    buffers     cached
Mem:          992M       919M        72M        16K       992K        29M
-/+ buffers/cache:       889M       102M
Swap:         8.0G       480M       7.5G

             total       used       free     shared    buffers     cached
Mem:          992M       920M        71M        16K       992K        29M
-/+ buffers/cache:       890M       101M
Swap:         8.0G       479M       7.5G

             total       used       free     shared    buffers     cached
Mem:          992M       926M        65M        16K       992K        33M
-/+ buffers/cache:       891M       100M
Swap:         8.0G       478M       7.5G

             total       used       free     shared    buffers     cached
Mem:          992M       927M        64M        16K       992K        33M
-/+ buffers/cache:       893M        99M
Swap:         8.0G       478M       7.5G

             total       used       free     shared    buffers     cached
Mem:          992M       929M        62M        16K       1.0M        33M
-/+ buffers/cache:       894M        97M
Swap:         8.0G       477M       7.5G

             total       used       free     shared    buffers     cached
Mem:          992M       914M        77M        16K       728K        32M
-/+ buffers/cache:       881M       110M
Swap:         8.0G       490M       7.5G

             total       used       free     shared    buffers     cached
Mem:          992M       916M        76M        16K       728K        32M
-/+ buffers/cache:       882M       109M
Swap:         8.0G       489M       7.5G

             total       used       free     shared    buffers     cached
Mem:          992M       917M        75M        16K       728K        32M
-/+ buffers/cache:       883M       108M
Swap:         8.0G       489M       7.5G

             total       used       free     shared    buffers     cached
Mem:          992M       918M        73M        16K       728K        32M
-/+ buffers/cache:       885M       107M
Swap:         8.0G       488M       7.5G

             total       used       free     shared    buffers     cached
Mem:          992M       919M        72M        16K       736K        32M
-/+ buffers/cache:       886M       105M
Swap:         8.0G       487M       7.5G

             total       used       free     shared    buffers     cached
Mem:          992M       920M        71M        16K       736K        32M
-/+ buffers/cache:       887M       104M
Swap:         8.0G       487M       7.5G

             total       used       free     shared    buffers     cached
Mem:          992M       922M        69M        16K       736K        32M
-/+ buffers/cache:       888M       103M
Swap:         8.0G       486M       7.5G

             total       used       free     shared    buffers     cached
Mem:          992M       923M        68M        16K       736K        32M
-/+ buffers/cache:       890M       102M
Swap:         8.0G       485M       7.5G

             total       used       free     shared    buffers     cached
Mem:          992M       924M        67M        16K       736K        32M
-/+ buffers/cache:       891M       100M
Swap:         8.0G       485M       7.5G

             total       used       free     shared    buffers     cached
Mem:          992M       926M        66M        16K       744K        32M
-/+ buffers/cache:       892M        99M
Swap:         8.0G       484M       7.5G

             total       used       free     shared    buffers     cached
Mem:          992M       927M        64M        16K       744K        32M
-/+ buffers/cache:       893M        98M
Swap:         8.0G       484M       7.5G

             total       used       free     shared    buffers     cached
Mem:          992M       929M        63M        16K       744K        32M
-/+ buffers/cache:       895M        96M
Swap:         8.0G       483M       7.5G

             total       used       free     shared    buffers     cached
Mem:          992M       916M        75M        16K       724K        32M
-/+ buffers/cache:       883M       108M
Swap:         8.0G       496M       7.5G

             total       used       free     shared    buffers     cached
Mem:          992M       918M        74M        16K       724K        32M
-/+ buffers/cache:       885M       107M
Swap:         8.0G       496M       7.5G

             total       used       free     shared    buffers     cached
Mem:          992M       919M        72M        16K       724K        32M
-/+ buffers/cache:       886M       105M
Swap:         8.0G       495M       7.5G

             total       used       free     shared    buffers     cached
Mem:          992M       920M        71M        16K       732K        32M
-/+ buffers/cache:       887M       104M
Swap:         8.0G       494M       7.5G

             total       used       free     shared    buffers     cached
Mem:          992M       921M        70M        16K       732K        32M
-/+ buffers/cache:       888M       103M
Swap:         8.0G       494M       7.5G

             total       used       free     shared    buffers     cached
Mem:          992M       923M        68M        16K       732K        32M
-/+ buffers/cache:       890M       101M
Swap:         8.0G       493M       7.5G

             total       used       free     shared    buffers     cached
Mem:          992M       924M        67M        16K       732K        32M
-/+ buffers/cache:       891M       100M
Swap:         8.0G       493M       7.5G

             total       used       free     shared    buffers     cached
Mem:          992M       926M        65M        16K       732K        32M
-/+ buffers/cache:       893M        98M
Swap:         8.0G       492M       7.5G

             total       used       free     shared    buffers     cached
Mem:          992M       927M        64M        16K       740K        32M
-/+ buffers/cache:       894M        97M
Swap:         8.0G       491M       7.5G

             total       used       free     shared    buffers     cached
Mem:          992M       929M        62M        16K       740K        32M
-/+ buffers/cache:       896M        95M
Swap:         8.0G       490M       7.5G

             total       used       free     shared    buffers     cached
Mem:          992M       916M        75M        16K       732K        31M
-/+ buffers/cache:       884M       107M
Swap:         8.0G       495M       7.5G

             total       used       free     shared    buffers     cached
Mem:          992M       917M        74M        16K       732K        31M
-/+ buffers/cache:       885M       106M
Swap:         8.0G       495M       7.5G

             total       used       free     shared    buffers     cached
Mem:          992M       919M        73M        16K       732K        31M
-/+ buffers/cache:       887M       104M
Swap:         8.0G       494M       7.5G

             total       used       free     shared    buffers     cached
Mem:          992M       920M        71M        16K       732K        31M
-/+ buffers/cache:       888M       103M
Swap:         8.0G       493M       7.5G

             total       used       free     shared    buffers     cached
Mem:          992M       921M        70M        16K       740K        31M
-/+ buffers/cache:       889M       102M
Swap:         8.0G       493M       7.5G

             total       used       free     shared    buffers     cached
Mem:          992M       923M        68M        16K       740K        31M
-/+ buffers/cache:       891M       100M
Swap:         8.0G       492M       7.5G

             total       used       free     shared    buffers     cached
Mem:          992M       924M        67M        16K       740K        31M
-/+ buffers/cache:       892M        99M
Swap:         8.0G       491M       7.5G

             total       used       free     shared    buffers     cached
Mem:          992M       926M        66M        16K       740K        31M
-/+ buffers/cache:       894M        98M
Swap:         8.0G       491M       7.5G

             total       used       free     shared    buffers     cached
Mem:          992M       927M        65M        16K       740K        31M
-/+ buffers/cache:       895M        96M
Swap:         8.0G       490M       7.5G

             total       used       free     shared    buffers     cached
Mem:          992M       928M        63M        16K       748K        31M
-/+ buffers/cache:       896M        95M
Swap:         8.0G       489M       7.5G

             total       used       free     shared    buffers     cached
Mem:          992M       914M        77M        16K       748K        29M
-/+ buffers/cache:       884M       107M
Swap:         8.0G       512M       7.5G

             total       used       free     shared    buffers     cached
Mem:          992M       915M        76M        16K       748K        29M
-/+ buffers/cache:       885M       106M
Swap:         8.0G       511M       7.5G

             total       used       free     shared    buffers     cached
Mem:          992M       918M        73M        16K       884K        30M
-/+ buffers/cache:       887M       104M
Swap:         8.0G       511M       7.5G

             total       used       free     shared    buffers     cached
Mem:          992M       920M        72M        20K       884K        30M
-/+ buffers/cache:       888M       103M
Swap:         8.0G       510M       7.5G

             total       used       free     shared    buffers     cached
Mem:          992M       921M        71M        20K       884K        30M
-/+ buffers/cache:       889M       102M
Swap:         8.0G       509M       7.5G

             total       used       free     shared    buffers     cached
Mem:          992M       922M        70M        20K       892K        30M
-/+ buffers/cache:       890M       101M
Swap:         8.0G       509M       7.5G

             total       used       free     shared    buffers     cached
Mem:          992M       924M        68M        20K       892K        30M
-/+ buffers/cache:       892M        99M
Swap:         8.0G       508M       7.5G

             total       used       free     shared    buffers     cached
Mem:          992M       917M        75M        20K       552K        31M
-/+ buffers/cache:       885M       106M
Swap:         8.0G       505M       7.5G

             total       used       free     shared    buffers     cached
Mem:          992M       918M        73M        20K       552K        31M
-/+ buffers/cache:       886M       105M
Swap:         8.0G       504M       7.5G

             total       used       free     shared    buffers     cached
Mem:          992M       919M        72M        20K       552K        31M
-/+ buffers/cache:       888M       104M
Swap:         8.0G       504M       7.5G

             total       used       free     shared    buffers     cached
Mem:          992M       927M        64M        20K       560K        33M
-/+ buffers/cache:       893M        99M
Swap:         8.0G       501M       7.5G

             total       used       free     shared    buffers     cached
Mem:          992M       928M        63M        20K       560K        33M
-/+ buffers/cache:       894M        98M
Swap:         8.0G       501M       7.5G

             total       used       free     shared    buffers     cached
Mem:          992M       929M        63M        20K       560K        33M
-/+ buffers/cache:       894M        97M
Swap:         8.0G       501M       7.5G

             total       used       free     shared    buffers     cached
Mem:          992M       910M        81M        20K       288K        29M
-/+ buffers/cache:       880M       111M
Swap:         8.0G       517M       7.5G

             total       used       free     shared    buffers     cached
Mem:          992M       910M        81M        20K       288K        29M
-/+ buffers/cache:       881M       111M
Swap:         8.0G       517M       7.5G

             total       used       free     shared    buffers     cached
Mem:          992M       911M        80M        20K       288K        29M
-/+ buffers/cache:       881M       110M
Swap:         8.0G       517M       7.5G

             total       used       free     shared    buffers     cached
Mem:          992M       912M        80M        20K       296K        29M
-/+ buffers/cache:       882M       109M
Swap:         8.0G       516M       7.5G

             total       used       free     shared    buffers     cached
Mem:          992M       912M        79M        20K       296K        29M
-/+ buffers/cache:       883M       108M
Swap:         8.0G       516M       7.5G

             total       used       free     shared    buffers     cached
Mem:          992M       913M        78M        20K       296K        29M
-/+ buffers/cache:       884M       107M
Swap:         8.0G       516M       7.5G

             total       used       free     shared    buffers     cached
Mem:          992M       914M        77M        20K       296K        29M
-/+ buffers/cache:       884M       107M
Swap:         8.0G       515M       7.5G

             total       used       free     shared    buffers     cached
Mem:          992M       914M        77M       176K       1.6M        40M
-/+ buffers/cache:       872M       119M
Swap:         8.0G       531M       7.5G

             total       used       free     shared    buffers     cached
Mem:          992M       919M        72M       3.9M       5.0M        53M
-/+ buffers/cache:       861M       131M
Swap:         8.0G       550M       7.5G

             total       used       free     shared    buffers     cached
Mem:          992M       922M        69M       3.9M       5.0M        66M
-/+ buffers/cache:       851M       140M
Swap:         8.0G       562M       7.4G

             total       used       free     shared    buffers     cached
Mem:          992M       917M        74M       268K       4.8M        61M
-/+ buffers/cache:       851M       141M
Swap:         8.0G       567M       7.4G

             total       used       free     shared    buffers     cached
Mem:          992M       918M        73M       252K       4.8M        61M
-/+ buffers/cache:       852M       139M
Swap:         8.0G       566M       7.4G

             total       used       free     shared    buffers     cached
Mem:          992M       920M        71M       252K       4.8M        61M
-/+ buffers/cache:       853M       138M
Swap:         8.0G       566M       7.4G

             total       used       free     shared    buffers     cached
Mem:          992M       921M        70M       252K       4.8M        61M
-/+ buffers/cache:       854M       137M
Swap:         8.0G       565M       7.4G

             total       used       free     shared    buffers     cached
Mem:          992M       923M        68M       252K       5.0M        62M
-/+ buffers/cache:       855M       136M
Swap:         8.0G       565M       7.4G

             total       used       free     shared    buffers     cached
Mem:          992M       924M        67M       252K       5.0M        62M
-/+ buffers/cache:       856M       135M
Swap:         8.0G       564M       7.4G

             total       used       free     shared    buffers     cached
Mem:          992M       926M        66M       252K       5.0M        62M
-/+ buffers/cache:       858M       133M
Swap:         8.0G       564M       7.4G

             total       used       free     shared    buffers     cached
Mem:          992M       927M        64M       252K       5.0M        62M
-/+ buffers/cache:       859M       132M
Swap:         8.0G       563M       7.4G

             total       used       free     shared    buffers     cached
Mem:          992M       929M        62M       252K       5.0M        62M
-/+ buffers/cache:       861M       130M
Swap:         8.0G       562M       7.4G

             total       used       free     shared    buffers     cached
Mem:          992M       904M        87M       252K       3.8M        61M
-/+ buffers/cache:       839M       152M
Swap:         8.0G       584M       7.4G

             total       used       free     shared    buffers     cached
Mem:          992M       905M        86M       252K       3.8M        61M
-/+ buffers/cache:       840M       152M
Swap:         8.0G       583M       7.4G

             total       used       free     shared    buffers     cached
Mem:          992M       906M        85M       252K       3.8M        61M
-/+ buffers/cache:       841M       150M
Swap:         8.0G       583M       7.4G

             total       used       free     shared    buffers     cached
Mem:          992M       907M        84M       252K       3.8M        61M
-/+ buffers/cache:       842M       149M
Swap:         8.0G       582M       7.4G

             total       used       free     shared    buffers     cached
Mem:          992M       909M        83M       252K       3.8M        61M
-/+ buffers/cache:       843M       148M
Swap:         8.0G       582M       7.4G

             total       used       free     shared    buffers     cached
Mem:          992M       910M        81M       252K       3.8M        61M
-/+ buffers/cache:       845M       146M
Swap:         8.0G       581M       7.4G

             total       used       free     shared    buffers     cached
Mem:          992M       911M        80M       252K       3.8M        61M
-/+ buffers/cache:       846M       145M
Swap:         8.0G       580M       7.4G

             total       used       free     shared    buffers     cached
Mem:          992M       913M        79M       252K       3.8M        61M
-/+ buffers/cache:       847M       144M
Swap:         8.0G       580M       7.4G

             total       used       free     shared    buffers     cached
Mem:          992M       914M        77M       252K       3.8M        61M
-/+ buffers/cache:       849M       142M
Swap:         8.0G       579M       7.4G

             total       used       free     shared    buffers     cached
Mem:          992M       915M        76M       252K       3.8M        61M
-/+ buffers/cache:       850M       141M
Swap:         8.0G       578M       7.4G

             total       used       free     shared    buffers     cached
Mem:          992M       917M        74M       252K       3.8M        61M
-/+ buffers/cache:       852M       140M
Swap:         8.0G       578M       7.4G

             total       used       free     shared    buffers     cached
Mem:          992M       918M        73M       252K       3.8M        61M
-/+ buffers/cache:       853M       138M
Swap:         8.0G       577M       7.4G

             total       used       free     shared    buffers     cached
Mem:          992M       919M        72M       252K       3.8M        61M
-/+ buffers/cache:       854M       137M
Swap:         8.0G       576M       7.4G

             total       used       free     shared    buffers     cached
Mem:          992M       920M        71M       252K       3.8M        61M
-/+ buffers/cache:       855M       136M
Swap:         8.0G       576M       7.4G

             total       used       free     shared    buffers     cached
Mem:          992M       922M        69M       252K       3.8M        61M
-/+ buffers/cache:       857M       135M
Swap:         8.0G       575M       7.4G

             total       used       free     shared    buffers     cached
Mem:          992M       923M        68M       252K       3.8M        61M
-/+ buffers/cache:       858M       133M
Swap:         8.0G       574M       7.4G

             total       used       free     shared    buffers     cached
Mem:          992M       919M        72M       252K       4.5M        64M
-/+ buffers/cache:       850M       141M
Swap:         8.0G       575M       7.4G

             total       used       free     shared    buffers     cached
Mem:          992M       917M        74M       328K       8.6M        74M
-/+ buffers/cache:       834M       157M
Swap:         8.0G       596M       7.4G

             total       used       free     shared    buffers     cached
Mem:          992M       922M        69M       324K       8.6M        74M
-/+ buffers/cache:       838M       153M
Swap:         8.0G       595M       7.4G
