             total       used       free     shared    buffers     cached
Mem:          992M       656M       336M       3.2M        38M       289M
-/+ buffers/cache:       328M       663M
Swap:         8.0G         0B       8.0G

             total       used       free     shared    buffers     cached
Mem:          992M       654M       337M       1.4M        38M       287M
-/+ buffers/cache:       328M       663M
Swap:         8.0G         0B       8.0G

             total       used       free     shared    buffers     cached
Mem:          992M       654M       337M       1.4M        38M       287M
-/+ buffers/cache:       328M       663M
Swap:         8.0G         0B       8.0G

             total       used       free     shared    buffers     cached
Mem:          992M       654M       337M       1.4M        38M       287M
-/+ buffers/cache:       328M       663M
Swap:         8.0G         0B       8.0G

             total       used       free     shared    buffers     cached
Mem:          992M       654M       337M       1.4M        38M       287M
-/+ buffers/cache:       328M       663M
Swap:         8.0G         0B       8.0G

             total       used       free     shared    buffers     cached
Mem:          992M       654M       337M       1.4M        38M       287M
-/+ buffers/cache:       328M       663M
Swap:         8.0G         0B       8.0G

             total       used       free     shared    buffers     cached
Mem:          992M       654M       337M       1.4M        38M       287M
-/+ buffers/cache:       328M       663M
Swap:         8.0G         0B       8.0G

             total       used       free     shared    buffers     cached
Mem:          992M       654M       337M       1.4M        38M       287M
-/+ buffers/cache:       327M       664M
Swap:         8.0G         0B       8.0G

             total       used       free     shared    buffers     cached
Mem:          992M       654M       338M       1.4M        38M       288M
-/+ buffers/cache:       327M       664M
Swap:         8.0G         0B       8.0G

             total       used       free     shared    buffers     cached
Mem:          992M       654M       338M       1.4M        38M       288M
-/+ buffers/cache:       327M       664M
Swap:         8.0G         0B       8.0G

             total       used       free     shared    buffers     cached
Mem:          992M       657M       334M       1.4M        38M       288M
-/+ buffers/cache:       330M       661M
Swap:         8.0G         0B       8.0G

             total       used       free     shared    buffers     cached
Mem:          992M       670M       321M       1.4M        38M       288M
-/+ buffers/cache:       344M       647M
Swap:         8.0G         0B       8.0G

             total       used       free     shared    buffers     cached
Mem:          992M       685M       306M       1.4M        38M       288M
-/+ buffers/cache:       358M       633M
Swap:         8.0G         0B       8.0G

             total       used       free     shared    buffers     cached
Mem:          992M       663M       328M       1.4M        38M       289M
-/+ buffers/cache:       335M       656M
Swap:         8.0G         0B       8.0G

             total       used       free     shared    buffers     cached
Mem:          992M       663M       328M       1.4M        38M       289M
-/+ buffers/cache:       335M       656M
Swap:         8.0G         0B       8.0G

             total       used       free     shared    buffers     cached
Mem:          992M       664M       328M       1.4M        38M       289M
-/+ buffers/cache:       335M       656M
Swap:         8.0G         0B       8.0G

             total       used       free     shared    buffers     cached
Mem:          992M       664M       328M       1.4M        38M       289M
-/+ buffers/cache:       335M       656M
Swap:         8.0G         0B       8.0G

             total       used       free     shared    buffers     cached
Mem:          992M       664M       328M       1.4M        38M       289M
-/+ buffers/cache:       335M       656M
Swap:         8.0G         0B       8.0G

             total       used       free     shared    buffers     cached
Mem:          992M       664M       328M       1.4M        38M       289M
-/+ buffers/cache:       335M       656M
Swap:         8.0G         0B       8.0G

             total       used       free     shared    buffers     cached
Mem:          992M       664M       328M       1.4M        38M       289M
-/+ buffers/cache:       335M       656M
Swap:         8.0G         0B       8.0G

             total       used       free     shared    buffers     cached
Mem:          992M       664M       328M       1.4M        38M       289M
-/+ buffers/cache:       335M       656M
Swap:         8.0G         0B       8.0G

             total       used       free     shared    buffers     cached
Mem:          992M       664M       327M       1.4M        38M       289M
-/+ buffers/cache:       335M       656M
Swap:         8.0G         0B       8.0G

             total       used       free     shared    buffers     cached
Mem:          992M       664M       327M       1.4M        38M       289M
-/+ buffers/cache:       335M       656M
Swap:         8.0G         0B       8.0G

             total       used       free     shared    buffers     cached
Mem:          992M       664M       327M       1.4M        38M       289M
-/+ buffers/cache:       335M       656M
Swap:         8.0G         0B       8.0G

             total       used       free     shared    buffers     cached
Mem:          992M       664M       327M       1.4M        38M       289M
-/+ buffers/cache:       335M       656M
Swap:         8.0G         0B       8.0G

             total       used       free     shared    buffers     cached
Mem:          992M       664M       327M       1.4M        38M       289M
-/+ buffers/cache:       335M       656M
Swap:         8.0G         0B       8.0G

             total       used       free     shared    buffers     cached
Mem:          992M       664M       327M       1.4M        38M       289M
-/+ buffers/cache:       335M       656M
Swap:         8.0G         0B       8.0G

             total       used       free     shared    buffers     cached
Mem:          992M       664M       327M       1.4M        38M       289M
-/+ buffers/cache:       335M       656M
Swap:         8.0G         0B       8.0G

             total       used       free     shared    buffers     cached
Mem:          992M       664M       327M       1.4M        38M       289M
-/+ buffers/cache:       335M       656M
Swap:         8.0G         0B       8.0G

             total       used       free     shared    buffers     cached
Mem:          992M       664M       327M       1.4M        38M       289M
-/+ buffers/cache:       335M       656M
Swap:         8.0G         0B       8.0G

             total       used       free     shared    buffers     cached
Mem:          992M       664M       327M       1.4M        38M       289M
-/+ buffers/cache:       335M       656M
Swap:         8.0G         0B       8.0G

             total       used       free     shared    buffers     cached
Mem:          992M       664M       327M       1.4M        38M       289M
-/+ buffers/cache:       335M       656M
Swap:         8.0G         0B       8.0G

             total       used       free     shared    buffers     cached
Mem:          992M       664M       327M       1.4M        38M       289M
-/+ buffers/cache:       335M       656M
Swap:         8.0G         0B       8.0G

             total       used       free     shared    buffers     cached
Mem:          992M       673M       318M       1.4M        38M       289M
-/+ buffers/cache:       344M       647M
Swap:         8.0G         0B       8.0G

             total       used       free     shared    buffers     cached
Mem:          992M       691M       300M       1.4M        38M       289M
-/+ buffers/cache:       362M       629M
Swap:         8.0G         0B       8.0G

             total       used       free     shared    buffers     cached
Mem:          992M       710M       281M       1.4M        38M       289M
-/+ buffers/cache:       382M       610M
Swap:         8.0G         0B       8.0G

             total       used       free     shared    buffers     cached
Mem:          992M       723M       268M       1.4M        38M       289M
-/+ buffers/cache:       395M       597M
Swap:         8.0G         0B       8.0G

             total       used       free     shared    buffers     cached
Mem:          992M       739M       252M       1.4M        38M       289M
-/+ buffers/cache:       411M       581M
Swap:         8.0G         0B       8.0G

             total       used       free     shared    buffers     cached
Mem:          992M       752M       239M       1.4M        38M       289M
-/+ buffers/cache:       424M       568M
Swap:         8.0G         0B       8.0G

             total       used       free     shared    buffers     cached
Mem:          992M       769M       222M       1.4M        38M       289M
-/+ buffers/cache:       441M       550M
Swap:         8.0G         0B       8.0G

             total       used       free     shared    buffers     cached
Mem:          992M       785M       207M       1.4M        38M       289M
-/+ buffers/cache:       456M       535M
Swap:         8.0G         0B       8.0G

             total       used       free     shared    buffers     cached
Mem:          992M       802M       190M       1.4M        38M       289M
-/+ buffers/cache:       473M       518M
Swap:         8.0G         0B       8.0G

             total       used       free     shared    buffers     cached
Mem:          992M       821M       170M       1.4M        38M       289M
-/+ buffers/cache:       492M       499M
Swap:         8.0G         0B       8.0G

             total       used       free     shared    buffers     cached
Mem:          992M       840M       151M       1.4M        38M       289M
-/+ buffers/cache:       512M       479M
Swap:         8.0G         0B       8.0G

             total       used       free     shared    buffers     cached
Mem:          992M       860M       132M       1.4M        38M       289M
-/+ buffers/cache:       531M       460M
Swap:         8.0G         0B       8.0G

             total       used       free     shared    buffers     cached
Mem:          992M       880M       111M       1.4M        38M       289M
-/+ buffers/cache:       551M       440M
Swap:         8.0G         0B       8.0G

             total       used       free     shared    buffers     cached
Mem:          992M       894M        97M       1.4M        38M       289M
-/+ buffers/cache:       565M       426M
Swap:         8.0G         0B       8.0G

             total       used       free     shared    buffers     cached
Mem:          992M       911M        80M       1.4M        38M       289M
-/+ buffers/cache:       582M       409M
Swap:         8.0G         0B       8.0G

             total       used       free     shared    buffers     cached
Mem:          992M       929M        62M       1.4M        38M       289M
-/+ buffers/cache:       600M       391M
Swap:         8.0G         0B       8.0G

             total       used       free     shared    buffers     cached
Mem:          992M       922M        69M       1.4M        14M       288M
-/+ buffers/cache:       620M       371M
Swap:         8.0G         0B       8.0G

             total       used       free     shared    buffers     cached
Mem:          992M       926M        66M       1.4M        10M       276M
-/+ buffers/cache:       639M       352M
Swap:         8.0G         0B       8.0G

             total       used       free     shared    buffers     cached
Mem:          992M       929M        62M       1.3M       9.7M       261M
-/+ buffers/cache:       659M       332M
Swap:         8.0G       168K       8.0G

             total       used       free     shared    buffers     cached
Mem:          992M       931M        60M       1.3M       9.7M       243M
-/+ buffers/cache:       677M       314M
Swap:         8.0G       964K       8.0G

             total       used       free     shared    buffers     cached
Mem:          992M       901M        90M       1.0M       6.5M       205M
-/+ buffers/cache:       690M       301M
Swap:         8.0G        10M       8.0G

             total       used       free     shared    buffers     cached
Mem:          992M       921M        71M       1.0M       6.5M       205M
-/+ buffers/cache:       709M       282M
Swap:         8.0G        10M       8.0G

             total       used       free     shared    buffers     cached
Mem:          992M       927M        64M       1.0M       2.2M       196M
-/+ buffers/cache:       728M       263M
Swap:         8.0G        10M       8.0G

             total       used       free     shared    buffers     cached
Mem:          992M       921M        70M       1.0M       204K       174M
-/+ buffers/cache:       746M       246M
Swap:         8.0G        10M       8.0G

             total       used       free     shared    buffers     cached
Mem:          992M       915M        76M       1.0M       196K       154M
-/+ buffers/cache:       761M       230M
Swap:         8.0G        10M       8.0G

             total       used       free     shared    buffers     cached
Mem:          992M       931M        60M       1.0M       200K       154M
-/+ buffers/cache:       777M       214M
Swap:         8.0G        10M       8.0G

             total       used       free     shared    buffers     cached
Mem:          992M       926M        65M       1.0M       208K       135M
-/+ buffers/cache:       790M       201M
Swap:         8.0G        10M       8.0G

             total       used       free     shared    buffers     cached
Mem:          992M       927M        65M       1.0M        84K       119M
-/+ buffers/cache:       807M       185M
Swap:         8.0G        10M       8.0G

             total       used       free     shared    buffers     cached
Mem:          992M       929M        62M       1.0M        84K       105M
-/+ buffers/cache:       824M       167M
Swap:         8.0G        10M       8.0G

             total       used       free     shared    buffers     cached
Mem:          992M       910M        81M       1.0M       300K        72M
-/+ buffers/cache:       837M       154M
Swap:         8.0G        10M       8.0G

             total       used       free     shared    buffers     cached
Mem:          992M       927M        65M       1.0M       304K        72M
-/+ buffers/cache:       854M       138M
Swap:         8.0G        10M       8.0G

             total       used       free     shared    buffers     cached
Mem:          992M       926M        65M       1.0M       304K        56M
-/+ buffers/cache:       870M       121M
Swap:         8.0G        10M       8.0G

             total       used       free     shared    buffers     cached
Mem:          992M       913M        78M       1.0M       444K        24M
-/+ buffers/cache:       888M       103M
Swap:         8.0G        10M       8.0G

             total       used       free     shared    buffers     cached
Mem:          992M       930M        61M       1.0M       444K        24M
-/+ buffers/cache:       905M        86M
Swap:         8.0G        10M       8.0G

             total       used       free     shared    buffers     cached
Mem:          992M       920M        71M       1.0M       668K       3.5M
-/+ buffers/cache:       916M        75M
Swap:         8.0G        25M       8.0G

             total       used       free     shared    buffers     cached
Mem:          992M       898M        93M       688K       476K       3.5M
-/+ buffers/cache:       894M        97M
Swap:         8.0G        87M       7.9G

             total       used       free     shared    buffers     cached
Mem:          992M       918M        73M       672K       476K       5.9M
-/+ buffers/cache:       911M        80M
Swap:         8.0G        87M       7.9G

             total       used       free     shared    buffers     cached
Mem:          992M       938M        53M       672K       1.3M        11M
-/+ buffers/cache:       925M        66M
Swap:         8.0G        86M       7.9G

             total       used       free     shared    buffers     cached
Mem:          992M       901M        90M       568K       3.0M        19M
-/+ buffers/cache:       879M       113M
Swap:         8.0G       180M       7.8G

             total       used       free     shared    buffers     cached
Mem:          992M       917M        74M       576K       2.9M        33M
-/+ buffers/cache:       881M       110M
Swap:         8.0G       174M       7.8G

             total       used       free     shared    buffers     cached
Mem:          992M       915M        77M       576K       2.9M        31M
-/+ buffers/cache:       880M       111M
Swap:         8.0G       174M       7.8G

             total       used       free     shared    buffers     cached
Mem:          992M       929M        63M       576K       2.9M        31M
-/+ buffers/cache:       894M        97M
Swap:         8.0G       174M       7.8G

             total       used       free     shared    buffers     cached
Mem:          992M       926M        65M       576K       2.9M        30M
-/+ buffers/cache:       893M        98M
Swap:         8.0G       174M       7.8G

             total       used       free     shared    buffers     cached
Mem:          992M       926M        65M       576K       112K        23M
-/+ buffers/cache:       902M        89M
Swap:         8.0G       178M       7.8G

             total       used       free     shared    buffers     cached
Mem:          992M       917M        74M       576K       228K        19M
-/+ buffers/cache:       897M        94M
Swap:         8.0G       221M       7.8G

             total       used       free     shared    buffers     cached
Mem:          992M       921M        70M       556K       540K        18M
-/+ buffers/cache:       902M        90M
Swap:         8.0G       220M       7.8G

             total       used       free     shared    buffers     cached
Mem:          992M       920M        71M       556K       800K        17M
-/+ buffers/cache:       902M        89M
Swap:         8.0G       222M       7.8G

             total       used       free     shared    buffers     cached
Mem:          992M       922M        69M       556K       768K       3.4M
-/+ buffers/cache:       918M        73M
Swap:         8.0G       222M       7.8G

             total       used       free     shared    buffers     cached
Mem:          992M       920M        71M       556K       324K       2.5M
-/+ buffers/cache:       917M        74M
Swap:         8.0G       233M       7.8G

             total       used       free     shared    buffers     cached
Mem:          992M       927M        64M       544K       328K       2.5M
-/+ buffers/cache:       925M        67M
Swap:         8.0G       233M       7.8G

             total       used       free     shared    buffers     cached
Mem:          992M       920M        71M       544K       348K       2.5M
-/+ buffers/cache:       917M        74M
Swap:         8.0G       254M       7.7G

             total       used       free     shared    buffers     cached
Mem:          992M       926M        65M       544K       348K       2.6M
-/+ buffers/cache:       923M        68M
Swap:         8.0G       254M       7.7G

             total       used       free     shared    buffers     cached
Mem:          992M       919M        72M       544K       344K       2.5M
-/+ buffers/cache:       916M        75M
Swap:         8.0G       269M       7.7G

             total       used       free     shared    buffers     cached
Mem:          992M       923M        69M       544K       352K       2.6M
-/+ buffers/cache:       920M        71M
Swap:         8.0G       269M       7.7G

             total       used       free     shared    buffers     cached
Mem:          992M       928M        63M       544K       352K       2.6M
-/+ buffers/cache:       926M        66M
Swap:         8.0G       269M       7.7G

             total       used       free     shared    buffers     cached
Mem:          992M       918M        73M       544K       340K       2.4M
-/+ buffers/cache:       915M        76M
Swap:         8.0G       285M       7.7G

             total       used       free     shared    buffers     cached
Mem:          992M       922M        69M       544K       340K       2.5M
-/+ buffers/cache:       919M        72M
Swap:         8.0G       285M       7.7G

             total       used       free     shared    buffers     cached
Mem:          992M       928M        63M       544K       340K       2.4M
-/+ buffers/cache:       925M        66M
Swap:         8.0G       285M       7.7G

             total       used       free     shared    buffers     cached
Mem:          992M       907M        84M       544K       328K       2.1M
-/+ buffers/cache:       905M        86M
Swap:         8.0G       311M       7.7G

             total       used       free     shared    buffers     cached
Mem:          992M       910M        81M       544K       336K       2.1M
-/+ buffers/cache:       908M        84M
Swap:         8.0G       311M       7.7G

             total       used       free     shared    buffers     cached
Mem:          992M       914M        77M       544K       336K       2.1M
-/+ buffers/cache:       912M        80M
Swap:         8.0G       311M       7.7G

             total       used       free     shared    buffers     cached
Mem:          992M       918M        73M       544K       336K       2.1M
-/+ buffers/cache:       916M        75M
Swap:         8.0G       311M       7.7G

             total       used       free     shared    buffers     cached
Mem:          992M       922M        69M       544K       336K       2.1M
-/+ buffers/cache:       920M        71M
Swap:         8.0G       311M       7.7G

             total       used       free     shared    buffers     cached
Mem:          992M       927M        65M       544K       336K       2.2M
-/+ buffers/cache:       924M        67M
Swap:         8.0G       311M       7.7G

             total       used       free     shared    buffers     cached
Mem:          992M       916M        75M       544K       332K       2.1M
-/+ buffers/cache:       914M        77M
Swap:         8.0G       326M       7.7G

             total       used       free     shared    buffers     cached
Mem:          992M       921M        70M       540K       332K       2.1M
-/+ buffers/cache:       918M        73M
Swap:         8.0G       326M       7.7G

             total       used       free     shared    buffers     cached
Mem:          992M       924M        67M       540K       332K       2.1M
-/+ buffers/cache:       922M        70M
Swap:         8.0G       326M       7.7G

             total       used       free     shared    buffers     cached
Mem:          992M       928M        63M       540K       332K       2.1M
-/+ buffers/cache:       926M        65M
Swap:         8.0G       326M       7.7G

             total       used       free     shared    buffers     cached
Mem:          992M       919M        73M        48K       276K       1.6M
-/+ buffers/cache:       917M        74M
Swap:         8.0G       335M       7.7G

             total       used       free     shared    buffers     cached
Mem:          992M       922M        69M        48K       284K       1.6M
-/+ buffers/cache:       920M        71M
Swap:         8.0G       335M       7.7G

             total       used       free     shared    buffers     cached
Mem:          992M       926M        65M        48K       284K       1.6M
-/+ buffers/cache:       924M        67M
Swap:         8.0G       335M       7.7G

             total       used       free     shared    buffers     cached
Mem:          992M       916M        75M        48K       284K       1.6M
-/+ buffers/cache:       915M        77M
Swap:         8.0G       351M       7.7G

             total       used       free     shared    buffers     cached
Mem:          992M       918M        73M        48K       224K       1.6M
-/+ buffers/cache:       916M        75M
Swap:         8.0G       344M       7.7G

             total       used       free     shared    buffers     cached
Mem:          992M       918M        73M        16K       112K       1.6M
-/+ buffers/cache:       916M        75M
Swap:         8.0G       341M       7.7G

             total       used       free     shared    buffers     cached
Mem:          992M       920M        71M        16K        76K       1.6M
-/+ buffers/cache:       918M        73M
Swap:         8.0G       331M       7.7G

             total       used       free     shared    buffers     cached
Mem:          992M       916M        75M        16K        80K       1.6M
-/+ buffers/cache:       915M        76M
Swap:         8.0G       336M       7.7G

             total       used       free     shared    buffers     cached
Mem:          992M       917M        74M        16K        80K       1.7M
-/+ buffers/cache:       915M        76M
Swap:         8.0G       336M       7.7G

             total       used       free     shared    buffers     cached
Mem:          992M       919M        72M       176K       3.1M        14M
-/+ buffers/cache:       901M        90M
Swap:         8.0G       362M       7.6G

             total       used       free     shared    buffers     cached
Mem:          992M       902M        89M       180K       2.4M        19M
-/+ buffers/cache:       880M       112M
Swap:         8.0G       385M       7.6G

             total       used       free     shared    buffers     cached
Mem:          992M       924M        68M       180K       204K        33M
-/+ buffers/cache:       890M       101M
Swap:         8.0G       383M       7.6G

             total       used       free     shared    buffers     cached
Mem:          992M       917M        75M       180K       204K        31M
-/+ buffers/cache:       885M       106M
Swap:         8.0G       393M       7.6G

             total       used       free     shared    buffers     cached
Mem:          992M       923M        68M       180K       364K        32M
-/+ buffers/cache:       890M       101M
Swap:         8.0G       389M       7.6G

             total       used       free     shared    buffers     cached
Mem:          992M       916M        75M       180K       360K        30M
-/+ buffers/cache:       885M       106M
Swap:         8.0G       390M       7.6G

             total       used       free     shared    buffers     cached
Mem:          992M       919M        72M       180K       360K        30M
-/+ buffers/cache:       888M       103M
Swap:         8.0G       387M       7.6G

             total       used       free     shared    buffers     cached
Mem:          992M       910M        81M       180K       360K        24M
-/+ buffers/cache:       886M       106M
Swap:         8.0G       393M       7.6G

             total       used       free     shared    buffers     cached
Mem:          992M       918M        73M       180K       360K        24M
-/+ buffers/cache:       894M        98M
Swap:         8.0G       393M       7.6G

             total       used       free     shared    buffers     cached
Mem:          992M       916M        75M       180K       332K        14M
-/+ buffers/cache:       902M        89M
Swap:         8.0G       380M       7.6G

             total       used       free     shared    buffers     cached
Mem:          992M       928M        64M       180K       332K        14M
-/+ buffers/cache:       913M        79M
Swap:         8.0G       371M       7.6G

             total       used       free     shared    buffers     cached
Mem:          992M       921M        70M       180K       340K        13M
-/+ buffers/cache:       908M        84M
Swap:         8.0G       366M       7.6G

             total       used       free     shared    buffers     cached
Mem:          992M       917M        75M       180K       332K       4.5M
-/+ buffers/cache:       912M        79M
Swap:         8.0G       376M       7.6G

             total       used       free     shared    buffers     cached
Mem:          992M       916M        75M       180K       1.1M       4.8M
-/+ buffers/cache:       910M        81M
Swap:         8.0G       363M       7.6G

             total       used       free     shared    buffers     cached
Mem:          992M       914M        77M       180K       1.1M       4.2M
-/+ buffers/cache:       909M        83M
Swap:         8.0G       376M       7.6G

             total       used       free     shared    buffers     cached
Mem:          992M       916M        75M       180K       1.0M       4.1M
-/+ buffers/cache:       911M        80M
Swap:         8.0G       368M       7.6G

             total       used       free     shared    buffers     cached
Mem:          992M       921M        70M       180K       1.0M       4.2M
-/+ buffers/cache:       916M        75M
Swap:         8.0G       363M       7.6G

             total       used       free     shared    buffers     cached
Mem:          992M       926M        65M       180K       892K       4.3M
-/+ buffers/cache:       921M        70M
Swap:         8.0G       363M       7.6G

             total       used       free     shared    buffers     cached
Mem:          992M       923M        69M       176K       240K        21M
-/+ buffers/cache:       900M        91M
Swap:         8.0G       382M       7.6G

             total       used       free     shared    buffers     cached
Mem:          992M       905M        86M       176K       240K        16M
-/+ buffers/cache:       888M       103M
Swap:         8.0G       387M       7.6G

             total       used       free     shared    buffers     cached
Mem:          992M       922M        69M       176K       420K        30M
-/+ buffers/cache:       891M       100M
Swap:         8.0G       385M       7.6G

             total       used       free     shared    buffers     cached
Mem:          992M       924M        67M       176K       120K        31M
-/+ buffers/cache:       893M        98M
Swap:         8.0G       386M       7.6G

             total       used       free     shared    buffers     cached
Mem:          992M       925M        67M       176K       120K        31M
-/+ buffers/cache:       893M        98M
Swap:         8.0G       386M       7.6G

             total       used       free     shared    buffers     cached
Mem:          992M       921M        70M       176K       112K        30M
-/+ buffers/cache:       891M       101M
Swap:         8.0G       400M       7.6G

             total       used       free     shared    buffers     cached
Mem:          992M       927M        64M       176K       248K        32M
-/+ buffers/cache:       894M        97M
Swap:         8.0G       397M       7.6G

             total       used       free     shared    buffers     cached
Mem:          992M       919M        72M       176K       248K        34M
-/+ buffers/cache:       885M       106M
Swap:         8.0G       393M       7.6G

             total       used       free     shared    buffers     cached
Mem:          992M       919M        72M       176K       256K        31M
-/+ buffers/cache:       888M       104M
Swap:         8.0G       393M       7.6G

             total       used       free     shared    buffers     cached
Mem:          992M       921M        71M       176K       256K        28M
-/+ buffers/cache:       892M        99M
Swap:         8.0G       401M       7.6G

             total       used       free     shared    buffers     cached
Mem:          992M       923M        68M       676K       240K        14M
-/+ buffers/cache:       908M        83M
Swap:         8.0G       378M       7.6G

             total       used       free     shared    buffers     cached
Mem:          992M       918M        73M       260K       780K        36M
-/+ buffers/cache:       881M       111M
Swap:         8.0G       391M       7.6G

             total       used       free     shared    buffers     cached
Mem:          992M       918M        73M       228K       780K        35M
-/+ buffers/cache:       881M       110M
Swap:         8.0G       386M       7.6G

             total       used       free     shared    buffers     cached
Mem:          992M       929M        63M       228K       780K        36M
-/+ buffers/cache:       892M       100M
Swap:         8.0G       376M       7.6G

             total       used       free     shared    buffers     cached
Mem:          992M       921M        70M       228K       788K        34M
-/+ buffers/cache:       885M       106M
Swap:         8.0G       387M       7.6G

             total       used       free     shared    buffers     cached
Mem:          992M       928M        63M       228K       788K        31M
-/+ buffers/cache:       896M        96M
Swap:         8.0G       379M       7.6G

             total       used       free     shared    buffers     cached
Mem:          992M       921M        71M       228K        84K        13M
-/+ buffers/cache:       907M        84M
Swap:         8.0G       371M       7.6G

             total       used       free     shared    buffers     cached
Mem:          992M       924M        67M        72K        76K       5.4M
-/+ buffers/cache:       919M        73M
Swap:         8.0G       362M       7.6G

             total       used       free     shared    buffers     cached
Mem:          992M       928M        63M        64K       452K       5.7M
-/+ buffers/cache:       922M        70M
Swap:         8.0G       353M       7.7G

             total       used       free     shared    buffers     cached
Mem:          992M       875M       116M        64K       820K       8.7M
-/+ buffers/cache:       866M       125M
Swap:         8.0G       399M       7.6G

             total       used       free     shared    buffers     cached
Mem:          992M       900M        91M        64K       3.8M        25M
-/+ buffers/cache:       871M       120M
Swap:         8.0G       386M       7.6G

             total       used       free     shared    buffers     cached
Mem:          992M       918M        73M        64K       7.4M        43M
-/+ buffers/cache:       867M       125M
Swap:         8.0G       402M       7.6G

             total       used       free     shared    buffers     cached
Mem:          992M       931M        60M       176K       5.0M        67M
-/+ buffers/cache:       859M       132M
Swap:         8.0G       418M       7.6G

             total       used       free     shared    buffers     cached
Mem:          992M       913M        79M       184K       4.3M        57M
-/+ buffers/cache:       851M       141M
Swap:         8.0G       435M       7.6G

             total       used       free     shared    buffers     cached
Mem:          992M       915M        76M       184K       4.3M        57M
-/+ buffers/cache:       853M       138M
Swap:         8.0G       435M       7.6G

             total       used       free     shared    buffers     cached
Mem:          992M       919M        72M       184K       4.3M        57M
-/+ buffers/cache:       857M       134M
Swap:         8.0G       434M       7.6G

             total       used       free     shared    buffers     cached
Mem:          992M       924M        67M       184K       4.3M        57M
-/+ buffers/cache:       862M       129M
Swap:         8.0G       434M       7.6G

             total       used       free     shared    buffers     cached
Mem:          992M       927M        64M       184K       4.3M        57M
-/+ buffers/cache:       865M       126M
Swap:         8.0G       434M       7.6G

             total       used       free     shared    buffers     cached
Mem:          992M       915M        76M       184K       4.1M        56M
-/+ buffers/cache:       855M       137M
Swap:         8.0G       438M       7.6G

             total       used       free     shared    buffers     cached
Mem:          992M       917M        74M       184K       4.1M        56M
-/+ buffers/cache:       856M       135M
Swap:         8.0G       438M       7.6G

             total       used       free     shared    buffers     cached
Mem:          992M       922M        69M       184K       4.1M        56M
-/+ buffers/cache:       861M       130M
Swap:         8.0G       438M       7.6G

             total       used       free     shared    buffers     cached
Mem:          992M       925M        66M       312K       4.2M        57M
-/+ buffers/cache:       863M       128M
Swap:         8.0G       437M       7.6G

             total       used       free     shared    buffers     cached
Mem:          992M       928M        63M       320K       4.2M        57M
-/+ buffers/cache:       866M       125M
Swap:         8.0G       437M       7.6G

             total       used       free     shared    buffers     cached
Mem:          992M       913M        78M       320K       2.7M        52M
-/+ buffers/cache:       858M       133M
Swap:         8.0G       464M       7.5G

             total       used       free     shared    buffers     cached
Mem:          992M       916M        75M       320K       2.7M        52M
-/+ buffers/cache:       861M       130M
Swap:         8.0G       464M       7.5G

             total       used       free     shared    buffers     cached
Mem:          992M       919M        72M       320K       2.7M        52M
-/+ buffers/cache:       864M       127M
Swap:         8.0G       464M       7.5G

             total       used       free     shared    buffers     cached
Mem:          992M       923M        68M       320K       2.7M        52M
-/+ buffers/cache:       868M       123M
Swap:         8.0G       464M       7.5G

             total       used       free     shared    buffers     cached
Mem:          992M       925M        66M       320K       2.7M        52M
-/+ buffers/cache:       870M       121M
Swap:         8.0G       464M       7.5G

             total       used       free     shared    buffers     cached
Mem:          992M       928M        63M       320K       2.7M        52M
-/+ buffers/cache:       873M       118M
Swap:         8.0G       464M       7.5G

             total       used       free     shared    buffers     cached
Mem:          992M       917M        74M       320K       2.1M        50M
-/+ buffers/cache:       865M       127M
Swap:         8.0G       463M       7.5G

             total       used       free     shared    buffers     cached
Mem:          992M       918M        73M       320K       2.1M        50M
-/+ buffers/cache:       865M       126M
Swap:         8.0G       463M       7.5G

             total       used       free     shared    buffers     cached
Mem:          992M       919M        72M       320K       2.1M        50M
-/+ buffers/cache:       867M       124M
Swap:         8.0G       462M       7.5G

             total       used       free     shared    buffers     cached
Mem:          992M       921M        70M       320K       2.1M        50M
-/+ buffers/cache:       868M       123M
Swap:         8.0G       462M       7.5G

             total       used       free     shared    buffers     cached
Mem:          992M       923M        69M       320K       2.1M        50M
-/+ buffers/cache:       870M       121M
Swap:         8.0G       461M       7.5G

             total       used       free     shared    buffers     cached
Mem:          992M       924M        67M       320K       2.1M        50M
-/+ buffers/cache:       872M       119M
Swap:         8.0G       460M       7.5G

             total       used       free     shared    buffers     cached
Mem:          992M       926M        65M       320K       2.1M        50M
-/+ buffers/cache:       873M       118M
Swap:         8.0G       460M       7.5G

             total       used       free     shared    buffers     cached
Mem:          992M       928M        64M       320K       2.2M        50M
-/+ buffers/cache:       875M       117M
Swap:         8.0G       459M       7.5G

             total       used       free     shared    buffers     cached
Mem:          992M       929M        62M       320K       2.2M        50M
-/+ buffers/cache:       876M       115M
Swap:         8.0G       459M       7.5G

             total       used       free     shared    buffers     cached
Mem:          992M       914M        77M       320K       272K        42M
-/+ buffers/cache:       872M       119M
Swap:         8.0G       469M       7.5G

             total       used       free     shared    buffers     cached
Mem:          992M       915M        76M       320K       280K        42M
-/+ buffers/cache:       873M       119M
Swap:         8.0G       469M       7.5G

             total       used       free     shared    buffers     cached
Mem:          992M       917M        75M       320K       280K        42M
-/+ buffers/cache:       874M       117M
Swap:         8.0G       468M       7.5G

             total       used       free     shared    buffers     cached
Mem:          992M       918M        73M       320K       340K        42M
-/+ buffers/cache:       876M       115M
Swap:         8.0G       467M       7.5G

             total       used       free     shared    buffers     cached
Mem:          992M       920M        71M       320K       340K        42M
-/+ buffers/cache:       878M       113M
Swap:         8.0G       467M       7.5G

             total       used       free     shared    buffers     cached
Mem:          992M       922M        69M       320K       364K        42M
-/+ buffers/cache:       879M       112M
Swap:         8.0G       466M       7.5G

             total       used       free     shared    buffers     cached
Mem:          992M       926M        65M       320K       504K        42M
-/+ buffers/cache:       883M       109M
Swap:         8.0G       465M       7.5G

             total       used       free     shared    buffers     cached
Mem:          992M       928M        64M       320K       504K        42M
-/+ buffers/cache:       884M       107M
Swap:         8.0G       464M       7.5G

             total       used       free     shared    buffers     cached
Mem:          992M       916M        75M       320K       488K        39M
-/+ buffers/cache:       876M       116M
Swap:         8.0G       464M       7.5G

             total       used       free     shared    buffers     cached
Mem:          992M       918M        74M       320K       488K        39M
-/+ buffers/cache:       877M       114M
Swap:         8.0G       463M       7.5G

             total       used       free     shared    buffers     cached
Mem:          992M       919M        72M       320K       488K        39M
-/+ buffers/cache:       879M       112M
Swap:         8.0G       462M       7.5G

             total       used       free     shared    buffers     cached
Mem:          992M       921M        70M       320K       488K        39M
-/+ buffers/cache:       881M       110M
Swap:         8.0G       461M       7.5G

             total       used       free     shared    buffers     cached
Mem:          992M       927M        64M       320K       496K        42M
-/+ buffers/cache:       884M       107M
Swap:         8.0G       460M       7.5G

             total       used       free     shared    buffers     cached
Mem:          992M       929M        63M       320K       496K        42M
-/+ buffers/cache:       885M       106M
Swap:         8.0G       459M       7.5G

             total       used       free     shared    buffers     cached
Mem:          992M       918M        73M       320K       1.2M        37M
-/+ buffers/cache:       879M       112M
Swap:         8.0G       477M       7.5G

             total       used       free     shared    buffers     cached
Mem:          992M       920M        71M       320K       1.2M        37M
-/+ buffers/cache:       881M       110M
Swap:         8.0G       476M       7.5G

             total       used       free     shared    buffers     cached
Mem:          992M       921M        70M       320K       1.2M        37M
-/+ buffers/cache:       883M       108M
Swap:         8.0G       475M       7.5G

             total       used       free     shared    buffers     cached
Mem:          992M       923M        68M       320K       1.2M        37M
-/+ buffers/cache:       885M       107M
Swap:         8.0G       474M       7.5G

             total       used       free     shared    buffers     cached
Mem:          992M       925M        67M       320K       1.2M        37M
-/+ buffers/cache:       886M       105M
Swap:         8.0G       474M       7.5G

             total       used       free     shared    buffers     cached
Mem:          992M       926M        65M       320K       1.2M        37M
-/+ buffers/cache:       888M       103M
Swap:         8.0G       473M       7.5G

             total       used       free     shared    buffers     cached
Mem:          992M       928M        64M       320K       1.2M        37M
-/+ buffers/cache:       889M       102M
Swap:         8.0G       472M       7.5G

             total       used       free     shared    buffers     cached
Mem:          992M       907M        85M       320K       1.2M        28M
-/+ buffers/cache:       877M       114M
Swap:         8.0G       472M       7.5G

             total       used       free     shared    buffers     cached
Mem:          992M       909M        83M       320K       1.3M        28M
-/+ buffers/cache:       879M       112M
Swap:         8.0G       471M       7.5G

             total       used       free     shared    buffers     cached
Mem:          992M       910M        81M       320K       1.3M        28M
-/+ buffers/cache:       880M       111M
Swap:         8.0G       471M       7.5G

             total       used       free     shared    buffers     cached
Mem:          992M       911M        80M       320K       1.3M        28M
-/+ buffers/cache:       882M       110M
Swap:         8.0G       470M       7.5G

             total       used       free     shared    buffers     cached
Mem:          992M       913M        78M       320K       1.3M        28M
-/+ buffers/cache:       883M       108M
Swap:         8.0G       469M       7.5G

             total       used       free     shared    buffers     cached
Mem:          992M       915M        77M       320K       1.3M        28M
-/+ buffers/cache:       885M       106M
Swap:         8.0G       469M       7.5G

             total       used       free     shared    buffers     cached
Mem:          992M       916M        75M       320K       1.3M        28M
-/+ buffers/cache:       886M       105M
Swap:         8.0G       468M       7.5G

             total       used       free     shared    buffers     cached
Mem:          992M       918M        73M       320K       1.3M        28M
-/+ buffers/cache:       888M       103M
Swap:         8.0G       467M       7.5G

             total       used       free     shared    buffers     cached
Mem:          992M       920M        72M       320K       1.3M        28M
-/+ buffers/cache:       890M       101M
Swap:         8.0G       467M       7.5G

             total       used       free     shared    buffers     cached
Mem:          992M       921M        70M       320K       1.3M        28M
-/+ buffers/cache:       891M       100M
Swap:         8.0G       466M       7.5G

             total       used       free     shared    buffers     cached
Mem:          992M       923M        69M       320K       1.3M        28M
-/+ buffers/cache:       893M        98M
Swap:         8.0G       465M       7.5G

             total       used       free     shared    buffers     cached
Mem:          992M       924M        67M       320K       1.3M        28M
-/+ buffers/cache:       895M        97M
Swap:         8.0G       464M       7.5G

             total       used       free     shared    buffers     cached
Mem:          992M       926M        65M       320K       1.3M        28M
-/+ buffers/cache:       896M        95M
Swap:         8.0G       464M       7.5G

             total       used       free     shared    buffers     cached
Mem:          992M       927M        64M       320K       1.3M        28M
-/+ buffers/cache:       898M        94M
Swap:         8.0G       463M       7.5G

             total       used       free     shared    buffers     cached
Mem:          992M       928M        63M       320K       1.3M        28M
-/+ buffers/cache:       899M        92M
Swap:         8.0G       464M       7.5G

             total       used       free     shared    buffers     cached
Mem:          992M       911M        80M       320K       1.3M        25M
-/+ buffers/cache:       884M       107M
Swap:         8.0G       495M       7.5G

             total       used       free     shared    buffers     cached
Mem:          992M       913M        78M       320K       1.3M        25M
-/+ buffers/cache:       886M       105M
Swap:         8.0G       494M       7.5G

             total       used       free     shared    buffers     cached
Mem:          992M       914M        77M       320K       1.3M        25M
-/+ buffers/cache:       887M       104M
Swap:         8.0G       493M       7.5G

             total       used       free     shared    buffers     cached
Mem:          992M       916M        76M       320K       1.3M        25M
-/+ buffers/cache:       888M       103M
Swap:         8.0G       493M       7.5G

             total       used       free     shared    buffers     cached
Mem:          992M       917M        74M       320K       1.3M        25M
-/+ buffers/cache:       890M       101M
Swap:         8.0G       492M       7.5G

             total       used       free     shared    buffers     cached
Mem:          992M       919M        72M       320K       1.3M        25M
-/+ buffers/cache:       892M       100M
Swap:         8.0G       491M       7.5G

             total       used       free     shared    buffers     cached
Mem:          992M       920M        71M       320K       1.3M        25M
-/+ buffers/cache:       893M        98M
Swap:         8.0G       490M       7.5G

             total       used       free     shared    buffers     cached
Mem:          992M       922M        69M       320K       1.3M        25M
-/+ buffers/cache:       895M        96M
Swap:         8.0G       490M       7.5G

             total       used       free     shared    buffers     cached
Mem:          992M       924M        67M       320K       1.3M        25M
-/+ buffers/cache:       897M        94M
Swap:         8.0G       489M       7.5G

             total       used       free     shared    buffers     cached
Mem:          992M       926M        66M       320K       1.3M        25M
-/+ buffers/cache:       898M        93M
Swap:         8.0G       488M       7.5G

             total       used       free     shared    buffers     cached
Mem:          992M       927M        64M       320K       1.3M        25M
-/+ buffers/cache:       900M        91M
Swap:         8.0G       487M       7.5G

             total       used       free     shared    buffers     cached
Mem:          992M       929M        62M       320K       1.3M        25M
-/+ buffers/cache:       902M        90M
Swap:         8.0G       486M       7.5G

             total       used       free     shared    buffers     cached
Mem:          992M       914M        78M       320K       1.3M        24M
-/+ buffers/cache:       887M       104M
Swap:         8.0G       487M       7.5G

             total       used       free     shared    buffers     cached
Mem:          992M       915M        76M       320K       1.3M        25M
-/+ buffers/cache:       889M       102M
Swap:         8.0G       487M       7.5G

             total       used       free     shared    buffers     cached
Mem:          992M       917M        74M       320K       1.4M        25M
-/+ buffers/cache:       891M       101M
Swap:         8.0G       486M       7.5G

             total       used       free     shared    buffers     cached
Mem:          992M       918M        73M       320K       1.4M        25M
-/+ buffers/cache:       892M        99M
Swap:         8.0G       485M       7.5G

             total       used       free     shared    buffers     cached
Mem:          992M       920M        71M       320K       1.4M        25M
-/+ buffers/cache:       894M        97M
Swap:         8.0G       484M       7.5G

             total       used       free     shared    buffers     cached
Mem:          992M       905M        86M       320K       2.2M        19M
-/+ buffers/cache:       884M       107M
Swap:         8.0G       505M       7.5G

             total       used       free     shared    buffers     cached
Mem:          992M       910M        81M       416K       5.7M        29M
-/+ buffers/cache:       874M       117M
Swap:         8.0G       517M       7.5G

             total       used       free     shared    buffers     cached
Mem:          992M       915M        76M       400K       6.0M        31M
-/+ buffers/cache:       877M       114M
Swap:         8.0G       516M       7.5G
