             total       used       free     shared    buffers     cached
Mem:          992M       659M       333M       3.2M        38M       289M
-/+ buffers/cache:       330M       661M
Swap:         8.0G         0B       8.0G

             total       used       free     shared    buffers     cached
Mem:          992M       658M       333M       3.2M        38M       289M
-/+ buffers/cache:       329M       662M
Swap:         8.0G         0B       8.0G

             total       used       free     shared    buffers     cached
Mem:          992M       658M       333M       3.2M        38M       289M
-/+ buffers/cache:       329M       662M
Swap:         8.0G         0B       8.0G

             total       used       free     shared    buffers     cached
Mem:          992M       658M       333M       3.2M        38M       289M
-/+ buffers/cache:       329M       662M
Swap:         8.0G         0B       8.0G

             total       used       free     shared    buffers     cached
Mem:          992M       658M       333M       3.2M        38M       289M
-/+ buffers/cache:       329M       662M
Swap:         8.0G         0B       8.0G

             total       used       free     shared    buffers     cached
Mem:          992M       658M       333M       3.2M        38M       289M
-/+ buffers/cache:       329M       662M
Swap:         8.0G         0B       8.0G

             total       used       free     shared    buffers     cached
Mem:          992M       658M       333M       3.2M        38M       289M
-/+ buffers/cache:       329M       662M
Swap:         8.0G         0B       8.0G

             total       used       free     shared    buffers     cached
Mem:          992M       658M       333M       3.2M        38M       289M
-/+ buffers/cache:       329M       662M
Swap:         8.0G         0B       8.0G

             total       used       free     shared    buffers     cached
Mem:          992M       658M       334M       3.2M        38M       289M
-/+ buffers/cache:       329M       662M
Swap:         8.0G         0B       8.0G

             total       used       free     shared    buffers     cached
Mem:          992M       658M       334M       3.2M        38M       289M
-/+ buffers/cache:       329M       662M
Swap:         8.0G         0B       8.0G

             total       used       free     shared    buffers     cached
Mem:          992M       658M       334M       3.2M        38M       289M
-/+ buffers/cache:       329M       662M
Swap:         8.0G         0B       8.0G

             total       used       free     shared    buffers     cached
Mem:          992M       663M       328M       3.2M        38M       290M
-/+ buffers/cache:       334M       657M
Swap:         8.0G         0B       8.0G

             total       used       free     shared    buffers     cached
Mem:          992M       682M       309M       3.2M        38M       290M
-/+ buffers/cache:       353M       638M
Swap:         8.0G         0B       8.0G

             total       used       free     shared    buffers     cached
Mem:          992M       667M       324M       3.2M        38M       291M
-/+ buffers/cache:       337M       654M
Swap:         8.0G         0B       8.0G

             total       used       free     shared    buffers     cached
Mem:          992M       667M       324M       3.2M        38M       291M
-/+ buffers/cache:       337M       654M
Swap:         8.0G         0B       8.0G

             total       used       free     shared    buffers     cached
Mem:          992M       667M       324M       3.2M        38M       291M
-/+ buffers/cache:       337M       654M
Swap:         8.0G         0B       8.0G

             total       used       free     shared    buffers     cached
Mem:          992M       667M       324M       3.2M        38M       291M
-/+ buffers/cache:       337M       654M
Swap:         8.0G         0B       8.0G

             total       used       free     shared    buffers     cached
Mem:          992M       667M       324M       3.2M        38M       291M
-/+ buffers/cache:       337M       654M
Swap:         8.0G         0B       8.0G

             total       used       free     shared    buffers     cached
Mem:          992M       667M       324M       3.2M        38M       291M
-/+ buffers/cache:       337M       654M
Swap:         8.0G         0B       8.0G

             total       used       free     shared    buffers     cached
Mem:          992M       667M       324M       3.2M        38M       291M
-/+ buffers/cache:       337M       654M
Swap:         8.0G         0B       8.0G

             total       used       free     shared    buffers     cached
Mem:          992M       667M       324M       3.2M        38M       291M
-/+ buffers/cache:       337M       654M
Swap:         8.0G         0B       8.0G

             total       used       free     shared    buffers     cached
Mem:          992M       668M       324M       3.2M        38M       291M
-/+ buffers/cache:       337M       654M
Swap:         8.0G         0B       8.0G

             total       used       free     shared    buffers     cached
Mem:          992M       668M       324M       3.2M        38M       291M
-/+ buffers/cache:       337M       654M
Swap:         8.0G         0B       8.0G

             total       used       free     shared    buffers     cached
Mem:          992M       668M       324M       3.2M        38M       291M
-/+ buffers/cache:       337M       654M
Swap:         8.0G         0B       8.0G

             total       used       free     shared    buffers     cached
Mem:          992M       668M       324M       3.2M        38M       291M
-/+ buffers/cache:       337M       654M
Swap:         8.0G         0B       8.0G

             total       used       free     shared    buffers     cached
Mem:          992M       668M       324M       3.2M        38M       291M
-/+ buffers/cache:       337M       654M
Swap:         8.0G         0B       8.0G

             total       used       free     shared    buffers     cached
Mem:          992M       668M       324M       3.2M        38M       291M
-/+ buffers/cache:       337M       654M
Swap:         8.0G         0B       8.0G

             total       used       free     shared    buffers     cached
Mem:          992M       668M       324M       3.2M        38M       291M
-/+ buffers/cache:       337M       654M
Swap:         8.0G         0B       8.0G

             total       used       free     shared    buffers     cached
Mem:          992M       668M       324M       3.2M        38M       291M
-/+ buffers/cache:       337M       654M
Swap:         8.0G         0B       8.0G

             total       used       free     shared    buffers     cached
Mem:          992M       668M       324M       3.2M        38M       291M
-/+ buffers/cache:       337M       654M
Swap:         8.0G         0B       8.0G

             total       used       free     shared    buffers     cached
Mem:          992M       668M       324M       3.2M        38M       291M
-/+ buffers/cache:       337M       654M
Swap:         8.0G         0B       8.0G

             total       used       free     shared    buffers     cached
Mem:          992M       668M       324M       3.2M        38M       291M
-/+ buffers/cache:       337M       654M
Swap:         8.0G         0B       8.0G

             total       used       free     shared    buffers     cached
Mem:          992M       668M       324M       3.2M        38M       291M
-/+ buffers/cache:       337M       654M
Swap:         8.0G         0B       8.0G

             total       used       free     shared    buffers     cached
Mem:          992M       674M       317M       3.2M        38M       291M
-/+ buffers/cache:       343M       648M
Swap:         8.0G         0B       8.0G

             total       used       free     shared    buffers     cached
Mem:          992M       691M       300M       3.2M        38M       291M
-/+ buffers/cache:       360M       631M
Swap:         8.0G         0B       8.0G

             total       used       free     shared    buffers     cached
Mem:          992M       707M       284M       3.2M        38M       291M
-/+ buffers/cache:       376M       615M
Swap:         8.0G         0B       8.0G

             total       used       free     shared    buffers     cached
Mem:          992M       723M       269M       3.2M        38M       291M
-/+ buffers/cache:       392M       599M
Swap:         8.0G         0B       8.0G

             total       used       free     shared    buffers     cached
Mem:          992M       739M       252M       3.2M        38M       291M
-/+ buffers/cache:       409M       583M
Swap:         8.0G         0B       8.0G

             total       used       free     shared    buffers     cached
Mem:          992M       758M       233M       3.2M        38M       291M
-/+ buffers/cache:       427M       564M
Swap:         8.0G         0B       8.0G

             total       used       free     shared    buffers     cached
Mem:          992M       776M       215M       3.2M        38M       291M
-/+ buffers/cache:       446M       546M
Swap:         8.0G         0B       8.0G

             total       used       free     shared    buffers     cached
Mem:          992M       791M       200M       3.2M        38M       291M
-/+ buffers/cache:       461M       530M
Swap:         8.0G         0B       8.0G

             total       used       free     shared    buffers     cached
Mem:          992M       810M       182M       3.2M        38M       291M
-/+ buffers/cache:       479M       512M
Swap:         8.0G         0B       8.0G

             total       used       free     shared    buffers     cached
Mem:          992M       827M       165M       3.2M        38M       291M
-/+ buffers/cache:       496M       495M
Swap:         8.0G         0B       8.0G

             total       used       free     shared    buffers     cached
Mem:          992M       845M       147M       3.2M        38M       291M
-/+ buffers/cache:       514M       477M
Swap:         8.0G         0B       8.0G

             total       used       free     shared    buffers     cached
Mem:          992M       862M       130M       3.2M        38M       291M
-/+ buffers/cache:       531M       460M
Swap:         8.0G         0B       8.0G

             total       used       free     shared    buffers     cached
Mem:          992M       878M       113M       3.2M        38M       291M
-/+ buffers/cache:       547M       444M
Swap:         8.0G         0B       8.0G

             total       used       free     shared    buffers     cached
Mem:          992M       893M        99M       3.2M        38M       291M
-/+ buffers/cache:       562M       429M
Swap:         8.0G         0B       8.0G

             total       used       free     shared    buffers     cached
Mem:          992M       906M        85M       3.2M        38M       291M
-/+ buffers/cache:       576M       415M
Swap:         8.0G         0B       8.0G

             total       used       free     shared    buffers     cached
Mem:          992M       924M        67M       3.2M        38M       291M
-/+ buffers/cache:       594M       397M
Swap:         8.0G         0B       8.0G

             total       used       free     shared    buffers     cached
Mem:          992M       922M        69M       3.2M        20M       290M
-/+ buffers/cache:       611M       380M
Swap:         8.0G         0B       8.0G

             total       used       free     shared    buffers     cached
Mem:          992M       919M        72M       3.2M        10M       282M
-/+ buffers/cache:       626M       365M
Swap:         8.0G         0B       8.0G

             total       used       free     shared    buffers     cached
Mem:          992M       918M        73M       3.2M       9.8M       265M
-/+ buffers/cache:       642M       349M
Swap:         8.0G       120K       8.0G

             total       used       free     shared    buffers     cached
Mem:          992M       914M        77M       3.1M       9.8M       246M
-/+ buffers/cache:       658M       333M
Swap:         8.0G       240K       8.0G

             total       used       free     shared    buffers     cached
Mem:          992M       928M        63M       3.1M       9.8M       246M
-/+ buffers/cache:       672M       319M
Swap:         8.0G       240K       8.0G

             total       used       free     shared    buffers     cached
Mem:          992M       932M        60M       3.0M       9.8M       233M
-/+ buffers/cache:       688M       303M
Swap:         8.0G       3.6M       8.0G

             total       used       free     shared    buffers     cached
Mem:          992M       918M        74M       2.9M       9.8M       207M
-/+ buffers/cache:       700M       291M
Swap:         8.0G       7.6M       8.0G

             total       used       free     shared    buffers     cached
Mem:          992M       927M        64M       2.9M       4.1M       206M
-/+ buffers/cache:       716M       275M
Swap:         8.0G       7.7M       8.0G

             total       used       free     shared    buffers     cached
Mem:          992M       923M        69M       2.9M       1.2M       189M
-/+ buffers/cache:       732M       259M
Swap:         8.0G       7.7M       8.0G

             total       used       free     shared    buffers     cached
Mem:          992M       913M        78M       2.9M       232K       164M
-/+ buffers/cache:       748M       243M
Swap:         8.0G       7.7M       8.0G

             total       used       free     shared    buffers     cached
Mem:          992M       930M        61M       2.9M       232K       164M
-/+ buffers/cache:       765M       226M
Swap:         8.0G       7.7M       8.0G

             total       used       free     shared    buffers     cached
Mem:          992M       925M        66M       2.9M       224K       145M
-/+ buffers/cache:       780M       211M
Swap:         8.0G       7.7M       8.0G

             total       used       free     shared    buffers     cached
Mem:          992M       918M        73M       2.9M        84K       128M
-/+ buffers/cache:       790M       201M
Swap:         8.0G       7.7M       8.0G

             total       used       free     shared    buffers     cached
Mem:          992M       918M        73M       2.9M       100K       113M
-/+ buffers/cache:       805M       186M
Swap:         8.0G       7.7M       8.0G

             total       used       free     shared    buffers     cached
Mem:          992M       921M        71M       2.9M        96K        99M
-/+ buffers/cache:       821M       171M
Swap:         8.0G       7.7M       8.0G

             total       used       free     shared    buffers     cached
Mem:          992M       920M        71M       2.9M        96K        84M
-/+ buffers/cache:       836M       155M
Swap:         8.0G       7.7M       8.0G

             total       used       free     shared    buffers     cached
Mem:          992M       918M        73M       2.9M        96K        65M
-/+ buffers/cache:       852M       139M
Swap:         8.0G       7.7M       8.0G

             total       used       free     shared    buffers     cached
Mem:          992M       919M        73M       2.9M        96K        51M
-/+ buffers/cache:       867M       124M
Swap:         8.0G       7.7M       8.0G

             total       used       free     shared    buffers     cached
Mem:          992M       915M        76M       2.9M       104K        30M
-/+ buffers/cache:       884M       107M
Swap:         8.0G       7.7M       8.0G

             total       used       free     shared    buffers     cached
Mem:          992M       929M        62M       2.9M       388K        30M
-/+ buffers/cache:       898M        93M
Swap:         8.0G       7.7M       8.0G

             total       used       free     shared    buffers     cached
Mem:          992M       927M        65M       2.9M       388K        14M
-/+ buffers/cache:       912M        79M
Swap:         8.0G       7.7M       8.0G

             total       used       free     shared    buffers     cached
Mem:          992M       920M        71M       2.8M       512K       7.4M
-/+ buffers/cache:       912M        79M
Swap:         8.0G        23M       8.0G

             total       used       free     shared    buffers     cached
Mem:          992M       916M        76M       2.5M       2.4M        14M
-/+ buffers/cache:       899M        93M
Swap:         8.0G        72M       7.9G

             total       used       free     shared    buffers     cached
Mem:          992M       920M        71M       2.5M       2.4M        14M
-/+ buffers/cache:       903M        88M
Swap:         8.0G        72M       7.9G

             total       used       free     shared    buffers     cached
Mem:          992M       913M        79M       2.5M       2.4M        13M
-/+ buffers/cache:       896M        95M
Swap:         8.0G        92M       7.9G

             total       used       free     shared    buffers     cached
Mem:          992M       928M        64M       2.4M       2.4M        13M
-/+ buffers/cache:       911M        80M
Swap:         8.0G        92M       7.9G

             total       used       free     shared    buffers     cached
Mem:          992M       926M        65M       2.4M       2.0M        13M
-/+ buffers/cache:       910M        81M
Swap:         8.0G        96M       7.9G

             total       used       free     shared    buffers     cached
Mem:          992M       927M        64M       2.4M        88K        10M
-/+ buffers/cache:       916M        75M
Swap:         8.0G       125M       7.9G

             total       used       free     shared    buffers     cached
Mem:          992M       915M        76M       2.4M        84K       5.5M
-/+ buffers/cache:       910M        81M
Swap:         8.0G       138M       7.9G

             total       used       free     shared    buffers     cached
Mem:          992M       918M        73M       2.4M       108K       5.2M
-/+ buffers/cache:       913M        79M
Swap:         8.0G       141M       7.9G

             total       used       free     shared    buffers     cached
Mem:          992M       920M        71M       2.4M       108K       5.1M
-/+ buffers/cache:       915M        76M
Swap:         8.0G       159M       7.8G

             total       used       free     shared    buffers     cached
Mem:          992M       895M        97M       2.4M        76K       4.0M
-/+ buffers/cache:       891M       101M
Swap:         8.0G       216M       7.8G

             total       used       free     shared    buffers     cached
Mem:          992M       912M        79M       2.3M       208K       4.0M
-/+ buffers/cache:       908M        84M
Swap:         8.0G       216M       7.8G

             total       used       free     shared    buffers     cached
Mem:          992M       927M        64M       2.3M       208K       4.0M
-/+ buffers/cache:       923M        69M
Swap:         8.0G       216M       7.8G

             total       used       free     shared    buffers     cached
Mem:          992M       931M        60M       2.3M       208K       4.0M
-/+ buffers/cache:       927M        64M
Swap:         8.0G       216M       7.8G

             total       used       free     shared    buffers     cached
Mem:          992M       925M        66M       2.3M       216K       4.0M
-/+ buffers/cache:       921M        71M
Swap:         8.0G       226M       7.8G

             total       used       free     shared    buffers     cached
Mem:          992M       921M        71M       2.3M       216K       3.9M
-/+ buffers/cache:       916M        75M
Swap:         8.0G       247M       7.8G

             total       used       free     shared    buffers     cached
Mem:          992M       913M        78M       2.3M       216K       4.2M
-/+ buffers/cache:       909M        83M
Swap:         8.0G       266M       7.7G

             total       used       free     shared    buffers     cached
Mem:          992M       921M        71M       2.3M       216K       4.2M
-/+ buffers/cache:       916M        75M
Swap:         8.0G       266M       7.7G

             total       used       free     shared    buffers     cached
Mem:          992M       928M        63M       2.3M       216K       4.2M
-/+ buffers/cache:       924M        67M
Swap:         8.0G       266M       7.7G

             total       used       free     shared    buffers     cached
Mem:          992M       918M        73M       2.3M       224K       4.2M
-/+ buffers/cache:       914M        77M
Swap:         8.0G       278M       7.7G

             total       used       free     shared    buffers     cached
Mem:          992M       924M        67M       2.3M       224K       4.2M
-/+ buffers/cache:       920M        72M
Swap:         8.0G       278M       7.7G

             total       used       free     shared    buffers     cached
Mem:          992M       930M        61M       2.3M       224K       4.2M
-/+ buffers/cache:       925M        66M
Swap:         8.0G       278M       7.7G

             total       used       free     shared    buffers     cached
Mem:          992M       911M        80M       2.3M       220K       4.1M
-/+ buffers/cache:       907M        84M
Swap:         8.0G       309M       7.7G

             total       used       free     shared    buffers     cached
Mem:          992M       916M        75M       2.3M       220K       4.1M
-/+ buffers/cache:       912M        79M
Swap:         8.0G       309M       7.7G

             total       used       free     shared    buffers     cached
Mem:          992M       920M        71M       2.3M       228K       4.1M
-/+ buffers/cache:       916M        75M
Swap:         8.0G       309M       7.7G

             total       used       free     shared    buffers     cached
Mem:          992M       926M        66M       2.3M       228K       4.1M
-/+ buffers/cache:       921M        70M
Swap:         8.0G       309M       7.7G

             total       used       free     shared    buffers     cached
Mem:          992M       931M        61M       2.3M       228K       4.1M
-/+ buffers/cache:       926M        65M
Swap:         8.0G       309M       7.7G

             total       used       free     shared    buffers     cached
Mem:          992M       922M        69M       2.3M       192K       4.1M
-/+ buffers/cache:       918M        73M
Swap:         8.0G       317M       7.7G

             total       used       free     shared    buffers     cached
Mem:          992M       927M        64M       2.3M       192K       4.1M
-/+ buffers/cache:       923M        68M
Swap:         8.0G       317M       7.7G

             total       used       free     shared    buffers     cached
Mem:          992M       916M        75M       868K       192K       2.6M
-/+ buffers/cache:       914M        78M
Swap:         8.0G       338M       7.7G

             total       used       free     shared    buffers     cached
Mem:          992M       924M        67M       856K       200K       2.6M
-/+ buffers/cache:       922M        70M
Swap:         8.0G       329M       7.7G

             total       used       free     shared    buffers     cached
Mem:          992M       930M        62M        12K       200K       1.8M
-/+ buffers/cache:       928M        64M
Swap:         8.0G       313M       7.7G

             total       used       free     shared    buffers     cached
Mem:          992M       926M        65M        12K        76K        19M
-/+ buffers/cache:       906M        85M
Swap:         8.0G       341M       7.7G

             total       used       free     shared    buffers     cached
Mem:          992M       925M        66M         4K       512K       8.6M
-/+ buffers/cache:       916M        76M
Swap:         8.0G       331M       7.7G

             total       used       free     shared    buffers     cached
Mem:          992M       921M        71M         0B       492K       4.1M
-/+ buffers/cache:       916M        75M
Swap:         8.0G       332M       7.7G

             total       used       free     shared    buffers     cached
Mem:          992M       918M        73M         0B        80K       1.8M
-/+ buffers/cache:       916M        75M
Swap:         8.0G       374M       7.6G

             total       used       free     shared    buffers     cached
Mem:          992M       918M        73M         0B        84K       1.8M
-/+ buffers/cache:       916M        75M
Swap:         8.0G       338M       7.7G

             total       used       free     shared    buffers     cached
Mem:          992M       920M        71M         0B        88K       1.9M
-/+ buffers/cache:       918M        73M
Swap:         8.0G       331M       7.7G

             total       used       free     shared    buffers     cached
Mem:          992M       919M        72M         0B        88K       2.0M
-/+ buffers/cache:       917M        74M
Swap:         8.0G       339M       7.7G

             total       used       free     shared    buffers     cached
Mem:          992M       921M        70M         0B        88K       1.8M
-/+ buffers/cache:       920M        72M
Swap:         8.0G       337M       7.7G

             total       used       free     shared    buffers     cached
Mem:          992M       925M        66M         0B        80K       1.7M
-/+ buffers/cache:       923M        68M
Swap:         8.0G       421M       7.6G

             total       used       free     shared    buffers     cached
Mem:          992M       922M        69M         0B       340K       1.7M
-/+ buffers/cache:       920M        71M
Swap:         8.0G       376M       7.6G

             total       used       free     shared    buffers     cached
Mem:          992M       919M        72M         0B       472K       1.7M
-/+ buffers/cache:       917M        74M
Swap:         8.0G       363M       7.6G

             total       used       free     shared    buffers     cached
Mem:          992M       928M        63M         0B       464K       1.6M
-/+ buffers/cache:       926M        65M
Swap:         8.0G       338M       7.7G

             total       used       free     shared    buffers     cached
Mem:          992M       919M        72M         0B       464K       1.6M
-/+ buffers/cache:       917M        74M
Swap:         8.0G       346M       7.7G

             total       used       free     shared    buffers     cached
Mem:          992M       916M        75M         0B       464K       1.9M
-/+ buffers/cache:       914M        77M
Swap:         8.0G       352M       7.7G

             total       used       free     shared    buffers     cached
Mem:          992M       920M        71M         0B       472K       1.8M
-/+ buffers/cache:       918M        74M
Swap:         8.0G       351M       7.7G

             total       used       free     shared    buffers     cached
Mem:          992M       926M        65M         0B       472K       1.9M
-/+ buffers/cache:       924M        67M
Swap:         8.0G       349M       7.7G

             total       used       free     shared    buffers     cached
Mem:          992M       920M        71M         0B       472K       1.9M
-/+ buffers/cache:       918M        74M
Swap:         8.0G       353M       7.7G

             total       used       free     shared    buffers     cached
Mem:          992M       925M        66M         0B       472K       1.9M
-/+ buffers/cache:       923M        68M
Swap:         8.0G       353M       7.7G

             total       used       free     shared    buffers     cached
Mem:          992M       931M        60M         0B       472K       1.8M
-/+ buffers/cache:       928M        63M
Swap:         8.0G       353M       7.7G

             total       used       free     shared    buffers     cached
Mem:          992M       923M        68M         0B       480K       1.8M
-/+ buffers/cache:       921M        70M
Swap:         8.0G       368M       7.6G

             total       used       free     shared    buffers     cached
Mem:          992M       930M        61M         0B       480K       1.8M
-/+ buffers/cache:       928M        63M
Swap:         8.0G       368M       7.6G

             total       used       free     shared    buffers     cached
Mem:          992M       919M        72M         0B       480K       1.7M
-/+ buffers/cache:       917M        74M
Swap:         8.0G       384M       7.6G

             total       used       free     shared    buffers     cached
Mem:          992M       923M        68M         0B       480K       1.7M
-/+ buffers/cache:       921M        70M
Swap:         8.0G       384M       7.6G

             total       used       free     shared    buffers     cached
Mem:          992M       925M        66M         0B       480K       1.7M
-/+ buffers/cache:       923M        68M
Swap:         8.0G       383M       7.6G

             total       used       free     shared    buffers     cached
Mem:          992M       927M        64M         0B       488K       1.8M
-/+ buffers/cache:       925M        67M
Swap:         8.0G       382M       7.6G

             total       used       free     shared    buffers     cached
Mem:          992M       929M        62M         0B       488K       1.7M
-/+ buffers/cache:       927M        65M
Swap:         8.0G       382M       7.6G

             total       used       free     shared    buffers     cached
Mem:          992M       931M        61M         0B       488K       1.8M
-/+ buffers/cache:       928M        63M
Swap:         8.0G       381M       7.6G

             total       used       free     shared    buffers     cached
Mem:          992M       920M        72M         0B       448K       2.3M
-/+ buffers/cache:       917M        74M
Swap:         8.0G       395M       7.6G

             total       used       free     shared    buffers     cached
Mem:          992M       922M        70M         0B       448K       2.3M
-/+ buffers/cache:       919M        72M
Swap:         8.0G       394M       7.6G

             total       used       free     shared    buffers     cached
Mem:          992M       924M        68M         0B       448K       2.3M
-/+ buffers/cache:       921M        70M
Swap:         8.0G       393M       7.6G

             total       used       free     shared    buffers     cached
Mem:          992M       926M        65M         0B       456K       2.6M
-/+ buffers/cache:       923M        68M
Swap:         8.0G       392M       7.6G

             total       used       free     shared    buffers     cached
Mem:          992M       928M        63M         0B       456K       2.5M
-/+ buffers/cache:       925M        66M
Swap:         8.0G       392M       7.6G

             total       used       free     shared    buffers     cached
Mem:          992M       930M        61M         0B       456K       2.5M
-/+ buffers/cache:       927M        64M
Swap:         8.0G       391M       7.6G

             total       used       free     shared    buffers     cached
Mem:          992M       919M        73M         0B       456K       2.5M
-/+ buffers/cache:       916M        75M
Swap:         8.0G       397M       7.6G

             total       used       free     shared    buffers     cached
Mem:          992M       921M        70M         0B       456K       2.5M
-/+ buffers/cache:       918M        73M
Swap:         8.0G       396M       7.6G

             total       used       free     shared    buffers     cached
Mem:          992M       923M        68M         0B       464K       2.5M
-/+ buffers/cache:       920M        71M
Swap:         8.0G       395M       7.6G

             total       used       free     shared    buffers     cached
Mem:          992M       925M        67M         0B       464K       2.5M
-/+ buffers/cache:       922M        69M
Swap:         8.0G       394M       7.6G

             total       used       free     shared    buffers     cached
Mem:          992M       927M        64M         0B       464K       2.5M
-/+ buffers/cache:       924M        67M
Swap:         8.0G       393M       7.6G

             total       used       free     shared    buffers     cached
Mem:          992M       929M        62M         0B       464K       2.4M
-/+ buffers/cache:       926M        65M
Swap:         8.0G       393M       7.6G

             total       used       free     shared    buffers     cached
Mem:          992M       910M        81M         0B       352K       2.6M
-/+ buffers/cache:       907M        84M
Swap:         8.0G       411M       7.6G

             total       used       free     shared    buffers     cached
Mem:          992M       912M        79M         0B       360K       2.6M
-/+ buffers/cache:       909M        82M
Swap:         8.0G       410M       7.6G

             total       used       free     shared    buffers     cached
Mem:          992M       914M        77M         0B       360K       2.6M
-/+ buffers/cache:       911M        80M
Swap:         8.0G       410M       7.6G

             total       used       free     shared    buffers     cached
Mem:          992M       916M        75M         0B       360K       2.6M
-/+ buffers/cache:       913M        78M
Swap:         8.0G       409M       7.6G

             total       used       free     shared    buffers     cached
Mem:          992M       919M        73M         0B       360K       2.6M
-/+ buffers/cache:       916M        75M
Swap:         8.0G       408M       7.6G

             total       used       free     shared    buffers     cached
Mem:          992M       921M        70M         0B       360K       2.6M
-/+ buffers/cache:       918M        73M
Swap:         8.0G       407M       7.6G

             total       used       free     shared    buffers     cached
Mem:          992M       923M        68M         0B       360K       2.6M
-/+ buffers/cache:       921M        71M
Swap:         8.0G       406M       7.6G

             total       used       free     shared    buffers     cached
Mem:          992M       926M        65M         0B       368K       2.6M
-/+ buffers/cache:       923M        68M
Swap:         8.0G       405M       7.6G

             total       used       free     shared    buffers     cached
Mem:          992M       928M        63M         0B       368K       2.6M
-/+ buffers/cache:       925M        66M
Swap:         8.0G       404M       7.6G

             total       used       free     shared    buffers     cached
Mem:          992M       930M        61M         0B       368K       2.6M
-/+ buffers/cache:       927M        64M
Swap:         8.0G       403M       7.6G

             total       used       free     shared    buffers     cached
Mem:          992M       915M        76M         0B       260K       2.6M
-/+ buffers/cache:       912M        79M
Swap:         8.0G       418M       7.6G

             total       used       free     shared    buffers     cached
Mem:          992M       917M        74M         0B       260K       2.6M
-/+ buffers/cache:       914M        77M
Swap:         8.0G       417M       7.6G

             total       used       free     shared    buffers     cached
Mem:          992M       919M        72M         0B       268K       2.6M
-/+ buffers/cache:       916M        75M
Swap:         8.0G       416M       7.6G

             total       used       free     shared    buffers     cached
Mem:          992M       921M        70M         0B       268K       2.6M
-/+ buffers/cache:       918M        73M
Swap:         8.0G       416M       7.6G

             total       used       free     shared    buffers     cached
Mem:          992M       924M        67M         0B       268K       2.6M
-/+ buffers/cache:       921M        70M
Swap:         8.0G       415M       7.6G

             total       used       free     shared    buffers     cached
Mem:          992M       926M        65M         0B       268K       2.6M
-/+ buffers/cache:       923M        68M
Swap:         8.0G       414M       7.6G

             total       used       free     shared    buffers     cached
Mem:          992M       928M        63M         0B       276K       2.6M
-/+ buffers/cache:       925M        66M
Swap:         8.0G       413M       7.6G

             total       used       free     shared    buffers     cached
Mem:          992M       930M        61M         0B       284K       2.6M
-/+ buffers/cache:       928M        64M
Swap:         8.0G       412M       7.6G

             total       used       free     shared    buffers     cached
Mem:          992M       921M        71M         0B       148K       2.6M
-/+ buffers/cache:       918M        73M
Swap:         8.0G       425M       7.6G

             total       used       free     shared    buffers     cached
Mem:          992M       923M        68M         0B       148K       2.6M
-/+ buffers/cache:       920M        71M
Swap:         8.0G       424M       7.6G

             total       used       free     shared    buffers     cached
Mem:          992M       925M        66M         0B       148K       2.6M
-/+ buffers/cache:       922M        69M
Swap:         8.0G       423M       7.6G

             total       used       free     shared    buffers     cached
Mem:          992M       903M        88M         0B        84K        20M
-/+ buffers/cache:       883M       108M
Swap:         8.0G       463M       7.5G

             total       used       free     shared    buffers     cached
Mem:          992M       911M        80M         4K       1.8M        23M
-/+ buffers/cache:       886M       105M
Swap:         8.0G       462M       7.5G

             total       used       free     shared    buffers     cached
Mem:          992M       912M        79M         4K       1.8M        23M
-/+ buffers/cache:       887M       104M
Swap:         8.0G       462M       7.5G

             total       used       free     shared    buffers     cached
Mem:          992M       914M        77M         4K       1.8M        23M
-/+ buffers/cache:       889M       102M
Swap:         8.0G       461M       7.5G

             total       used       free     shared    buffers     cached
Mem:          992M       916M        75M         4K       1.8M        23M
-/+ buffers/cache:       891M       100M
Swap:         8.0G       460M       7.5G

             total       used       free     shared    buffers     cached
Mem:          992M       919M        73M         4K       1.8M        23M
-/+ buffers/cache:       893M        98M
Swap:         8.0G       459M       7.5G

             total       used       free     shared    buffers     cached
Mem:          992M       920M        71M         4K       1.8M        23M
-/+ buffers/cache:       895M        96M
Swap:         8.0G       458M       7.5G

             total       used       free     shared    buffers     cached
Mem:          992M       923M        68M         4K       1.9M        23M
-/+ buffers/cache:       898M        94M
Swap:         8.0G       457M       7.6G

             total       used       free     shared    buffers     cached
Mem:          992M       925M        67M         4K       1.9M        23M
-/+ buffers/cache:       900M        92M
Swap:         8.0G       456M       7.6G

             total       used       free     shared    buffers     cached
Mem:          992M       927M        64M         4K       1.9M        23M
-/+ buffers/cache:       902M        89M
Swap:         8.0G       455M       7.6G

             total       used       free     shared    buffers     cached
Mem:          992M       929M        62M         4K       1.9M        23M
-/+ buffers/cache:       904M        87M
Swap:         8.0G       454M       7.6G

             total       used       free     shared    buffers     cached
Mem:          992M       913M        78M         4K       1.9M        22M
-/+ buffers/cache:       889M       102M
Swap:         8.0G       480M       7.5G

             total       used       free     shared    buffers     cached
Mem:          992M       915M        76M         4K       1.9M        22M
-/+ buffers/cache:       891M       100M
Swap:         8.0G       480M       7.5G

             total       used       free     shared    buffers     cached
Mem:          992M       916M        75M         4K       1.9M        22M
-/+ buffers/cache:       892M        99M
Swap:         8.0G       479M       7.5G

             total       used       free     shared    buffers     cached
Mem:          992M       918M        73M         4K       1.9M        22M
-/+ buffers/cache:       894M        97M
Swap:         8.0G       478M       7.5G

             total       used       free     shared    buffers     cached
Mem:          992M       921M        70M         4K       1.9M        23M
-/+ buffers/cache:       896M        95M
Swap:         8.0G       477M       7.5G

             total       used       free     shared    buffers     cached
Mem:          992M       922M        69M         4K       1.9M        23M
-/+ buffers/cache:       897M        94M
Swap:         8.0G       476M       7.5G

             total       used       free     shared    buffers     cached
Mem:          992M       924M        68M         4K       1.9M        23M
-/+ buffers/cache:       898M        93M
Swap:         8.0G       476M       7.5G

             total       used       free     shared    buffers     cached
Mem:          992M       927M        65M         4K       2.2M        23M
-/+ buffers/cache:       901M        90M
Swap:         8.0G       475M       7.5G

             total       used       free     shared    buffers     cached
Mem:          992M       920M        72M        20K       992K        32M
-/+ buffers/cache:       886M       105M
Swap:         8.0G       486M       7.5G

             total       used       free     shared    buffers     cached
Mem:          992M       921M        70M        20K       992K        32M
-/+ buffers/cache:       887M       104M
Swap:         8.0G       486M       7.5G

             total       used       free     shared    buffers     cached
Mem:          992M       922M        69M        20K       992K        32M
-/+ buffers/cache:       888M       103M
Swap:         8.0G       485M       7.5G

             total       used       free     shared    buffers     cached
Mem:          992M       923M        68M        20K       992K        32M
-/+ buffers/cache:       889M       102M
Swap:         8.0G       485M       7.5G

             total       used       free     shared    buffers     cached
Mem:          992M       924M        67M        20K       1.0M        32M
-/+ buffers/cache:       891M       101M
Swap:         8.0G       484M       7.5G

             total       used       free     shared    buffers     cached
Mem:          992M       925M        66M        20K       1.0M        32M
-/+ buffers/cache:       892M       100M
Swap:         8.0G       484M       7.5G

             total       used       free     shared    buffers     cached
Mem:          992M       926M        65M        20K       1.0M        32M
-/+ buffers/cache:       893M        99M
Swap:         8.0G       483M       7.5G

             total       used       free     shared    buffers     cached
Mem:          992M       927M        64M        20K       1.0M        32M
-/+ buffers/cache:       894M        98M
Swap:         8.0G       483M       7.5G

             total       used       free     shared    buffers     cached
Mem:          992M       929M        62M        20K       1.0M        33M
-/+ buffers/cache:       895M        96M
Swap:         8.0G       482M       7.5G

             total       used       free     shared    buffers     cached
Mem:          992M       915M        77M        20K       868K        31M
-/+ buffers/cache:       882M       109M
Swap:         8.0G       492M       7.5G

             total       used       free     shared    buffers     cached
Mem:          992M       915M        76M        20K       876K        31M
-/+ buffers/cache:       882M       109M
Swap:         8.0G       492M       7.5G

             total       used       free     shared    buffers     cached
Mem:          992M       916M        75M        20K       876K        31M
-/+ buffers/cache:       884M       107M
Swap:         8.0G       491M       7.5G

             total       used       free     shared    buffers     cached
Mem:          992M       917M        74M        20K       876K        31M
-/+ buffers/cache:       885M       106M
Swap:         8.0G       491M       7.5G

             total       used       free     shared    buffers     cached
Mem:          992M       919M        73M        20K       876K        31M
-/+ buffers/cache:       886M       105M
Swap:         8.0G       490M       7.5G

             total       used       free     shared    buffers     cached
Mem:          992M       920M        71M        20K       876K        31M
-/+ buffers/cache:       887M       104M
Swap:         8.0G       490M       7.5G

             total       used       free     shared    buffers     cached
Mem:          992M       921M        71M        20K       884K        31M
-/+ buffers/cache:       888M       103M
Swap:         8.0G       489M       7.5G

             total       used       free     shared    buffers     cached
Mem:          992M       922M        69M        20K       884K        31M
-/+ buffers/cache:       889M       102M
Swap:         8.0G       489M       7.5G

             total       used       free     shared    buffers     cached
Mem:          992M       923M        68M        20K       884K        31M
-/+ buffers/cache:       890M       101M
Swap:         8.0G       488M       7.5G

             total       used       free     shared    buffers     cached
Mem:          992M       924M        67M        20K       884K        31M
-/+ buffers/cache:       891M       100M
Swap:         8.0G       488M       7.5G

             total       used       free     shared    buffers     cached
Mem:          992M       925M        66M        20K       884K        31M
-/+ buffers/cache:       893M        99M
Swap:         8.0G       487M       7.5G

             total       used       free     shared    buffers     cached
Mem:          992M       926M        65M        20K       892K        31M
-/+ buffers/cache:       894M        98M
Swap:         8.0G       487M       7.5G

             total       used       free     shared    buffers     cached
Mem:          992M       928M        64M        20K       892K        31M
-/+ buffers/cache:       895M        96M
Swap:         8.0G       486M       7.5G

             total       used       free     shared    buffers     cached
Mem:          992M       929M        62M        20K       892K        31M
-/+ buffers/cache:       896M        95M
Swap:         8.0G       486M       7.5G

             total       used       free     shared    buffers     cached
Mem:          992M       930M        61M        20K       892K        31M
-/+ buffers/cache:       897M        94M
Swap:         8.0G       485M       7.5G

             total       used       free     shared    buffers     cached
Mem:          992M       919M        72M        20K       872K        31M
-/+ buffers/cache:       887M       104M
Swap:         8.0G       498M       7.5G

             total       used       free     shared    buffers     cached
Mem:          992M       920M        71M        20K       872K        31M
-/+ buffers/cache:       888M       103M
Swap:         8.0G       498M       7.5G

             total       used       free     shared    buffers     cached
Mem:          992M       921M        70M        20K       880K        31M
-/+ buffers/cache:       889M       102M
Swap:         8.0G       497M       7.5G

             total       used       free     shared    buffers     cached
Mem:          992M       922M        69M        20K       880K        31M
-/+ buffers/cache:       890M       102M
Swap:         8.0G       497M       7.5G

             total       used       free     shared    buffers     cached
Mem:          992M       923M        68M        20K       880K        31M
-/+ buffers/cache:       891M       101M
Swap:         8.0G       496M       7.5G

             total       used       free     shared    buffers     cached
Mem:          992M       924M        67M        20K       880K        31M
-/+ buffers/cache:       892M        99M
Swap:         8.0G       496M       7.5G

             total       used       free     shared    buffers     cached
Mem:          992M       925M        66M        20K       880K        31M
-/+ buffers/cache:       893M        99M
Swap:         8.0G       495M       7.5G

             total       used       free     shared    buffers     cached
Mem:          992M       926M        65M        20K       888K        31M
-/+ buffers/cache:       894M        97M
Swap:         8.0G       495M       7.5G

             total       used       free     shared    buffers     cached
Mem:          992M       927M        64M        20K       888K        31M
-/+ buffers/cache:       895M        96M
Swap:         8.0G       494M       7.5G

             total       used       free     shared    buffers     cached
Mem:          992M       928M        63M        20K       888K        31M
-/+ buffers/cache:       896M        96M
Swap:         8.0G       494M       7.5G

             total       used       free     shared    buffers     cached
Mem:          992M       929M        62M        20K       888K        31M
-/+ buffers/cache:       897M        94M
Swap:         8.0G       493M       7.5G

             total       used       free     shared    buffers     cached
Mem:          992M       931M        61M        20K       888K        31M
-/+ buffers/cache:       898M        93M
Swap:         8.0G       493M       7.5G

             total       used       free     shared    buffers     cached
Mem:          992M       916M        75M        20K       880K        30M
-/+ buffers/cache:       884M       107M
Swap:         8.0G       497M       7.5G

             total       used       free     shared    buffers     cached
Mem:          992M       917M        74M        20K       888K        30M
-/+ buffers/cache:       885M       106M
Swap:         8.0G       496M       7.5G

             total       used       free     shared    buffers     cached
Mem:          992M       918M        73M        20K       888K        30M
-/+ buffers/cache:       887M       105M
Swap:         8.0G       496M       7.5G

             total       used       free     shared    buffers     cached
Mem:          992M       919M        72M        20K       888K        30M
-/+ buffers/cache:       888M       103M
Swap:         8.0G       495M       7.5G

             total       used       free     shared    buffers     cached
Mem:          992M       921M        71M        20K       888K        30M
-/+ buffers/cache:       889M       102M
Swap:         8.0G       494M       7.5G

             total       used       free     shared    buffers     cached
Mem:          992M       927M        64M        20K       888K        35M
-/+ buffers/cache:       891M       101M
Swap:         8.0G       494M       7.5G

             total       used       free     shared    buffers     cached
Mem:          992M       928M        63M        20K       908K        35M
-/+ buffers/cache:       892M       100M
Swap:         8.0G       493M       7.5G

             total       used       free     shared    buffers     cached
Mem:          992M       929M        62M        20K       908K        35M
-/+ buffers/cache:       893M        98M
Swap:         8.0G       492M       7.5G

             total       used       free     shared    buffers     cached
Mem:          992M       930M        61M        20K       908K        35M
-/+ buffers/cache:       894M        97M
Swap:         8.0G       492M       7.5G

             total       used       free     shared    buffers     cached
Mem:          992M       911M        80M        20K       552K        32M
-/+ buffers/cache:       878M       113M
Swap:         8.0G       510M       7.5G

             total       used       free     shared    buffers     cached
Mem:          992M       912M        79M        20K       552K        32M
-/+ buffers/cache:       879M       112M
Swap:         8.0G       510M       7.5G

             total       used       free     shared    buffers     cached
Mem:          992M       913M        78M        20K       552K        32M
-/+ buffers/cache:       881M       111M
Swap:         8.0G       509M       7.5G

             total       used       free     shared    buffers     cached
Mem:          992M       914M        77M        20K       560K        32M
-/+ buffers/cache:       882M       110M
Swap:         8.0G       509M       7.5G

             total       used       free     shared    buffers     cached
Mem:          992M       915M        76M        20K       560K        32M
-/+ buffers/cache:       883M       109M
Swap:         8.0G       508M       7.5G

             total       used       free     shared    buffers     cached
Mem:          992M       917M        75M        20K       560K        32M
-/+ buffers/cache:       884M       107M
Swap:         8.0G       507M       7.5G

             total       used       free     shared    buffers     cached
Mem:          992M       918M        73M        20K       560K        32M
-/+ buffers/cache:       885M       106M
Swap:         8.0G       507M       7.5G

             total       used       free     shared    buffers     cached
Mem:          992M       919M        72M        20K       560K        32M
-/+ buffers/cache:       886M       105M
Swap:         8.0G       506M       7.5G

             total       used       free     shared    buffers     cached
Mem:          992M       921M        71M        20K       568K        32M
-/+ buffers/cache:       888M       103M
Swap:         8.0G       506M       7.5G

             total       used       free     shared    buffers     cached
Mem:          992M       922M        69M        20K       568K        32M
-/+ buffers/cache:       889M       102M
Swap:         8.0G       505M       7.5G

             total       used       free     shared    buffers     cached
Mem:          992M       923M        68M        20K       568K        32M
-/+ buffers/cache:       890M       101M
Swap:         8.0G       504M       7.5G

             total       used       free     shared    buffers     cached
Mem:          992M       924M        67M        20K       568K        32M
-/+ buffers/cache:       891M       100M
Swap:         8.0G       504M       7.5G

             total       used       free     shared    buffers     cached
Mem:          992M       926M        66M        20K       568K        32M
-/+ buffers/cache:       893M        98M
Swap:         8.0G       503M       7.5G

             total       used       free     shared    buffers     cached
Mem:          992M       927M        64M        20K       568K        32M
-/+ buffers/cache:       894M        97M
Swap:         8.0G       502M       7.5G

             total       used       free     shared    buffers     cached
Mem:          992M       928M        63M        20K       576K        32M
-/+ buffers/cache:       895M        96M
Swap:         8.0G       502M       7.5G

             total       used       free     shared    buffers     cached
Mem:          992M       929M        62M        20K       576K        32M
-/+ buffers/cache:       896M        95M
Swap:         8.0G       501M       7.5G

             total       used       free     shared    buffers     cached
Mem:          992M       930M        61M        20K       576K        32M
-/+ buffers/cache:       898M        94M
Swap:         8.0G       500M       7.5G

             total       used       free     shared    buffers     cached
Mem:          992M       919M        72M        20K       308K        31M
-/+ buffers/cache:       888M       104M
Swap:         8.0G       511M       7.5G

             total       used       free     shared    buffers     cached
Mem:          992M       921M        70M        20K       308K        31M
-/+ buffers/cache:       889M       102M
Swap:         8.0G       510M       7.5G

             total       used       free     shared    buffers     cached
Mem:          992M       923M        68M        24K       316K        32M
-/+ buffers/cache:       890M       101M
Swap:         8.0G       510M       7.5G

             total       used       free     shared    buffers     cached
Mem:          992M       924M        67M        24K       316K        32M
-/+ buffers/cache:       892M       100M
Swap:         8.0G       509M       7.5G

             total       used       free     shared    buffers     cached
Mem:          992M       926M        66M        24K       316K        32M
-/+ buffers/cache:       893M        98M
Swap:         8.0G       508M       7.5G

             total       used       free     shared    buffers     cached
Mem:          992M       927M        64M        24K       316K        32M
-/+ buffers/cache:       894M        97M
Swap:         8.0G       507M       7.5G

             total       used       free     shared    buffers     cached
Mem:          992M       928M        63M        24K       316K        32M
-/+ buffers/cache:       896M        96M
Swap:         8.0G       507M       7.5G

             total       used       free     shared    buffers     cached
Mem:          992M       920M        71M        24K       168K        31M
-/+ buffers/cache:       888M       103M
Swap:         8.0G       511M       7.5G

             total       used       free     shared    buffers     cached
Mem:          992M       921M        70M        24K       176K        31M
-/+ buffers/cache:       889M       102M
Swap:         8.0G       511M       7.5G

             total       used       free     shared    buffers     cached
Mem:          992M       922M        69M        24K       176K        31M
-/+ buffers/cache:       890M       101M
Swap:         8.0G       510M       7.5G

             total       used       free     shared    buffers     cached
Mem:          992M       930M        61M        24K       176K        33M
-/+ buffers/cache:       896M        95M
Swap:         8.0G       508M       7.5G

             total       used       free     shared    buffers     cached
Mem:          992M       931M        61M        24K       176K        33M
-/+ buffers/cache:       896M        95M
Swap:         8.0G       507M       7.5G

             total       used       free     shared    buffers     cached
Mem:          992M       914M        77M        20K       176K        30M
-/+ buffers/cache:       883M       109M
Swap:         8.0G       531M       7.5G

             total       used       free     shared    buffers     cached
Mem:          992M       914M        77M        20K       184K        30M
-/+ buffers/cache:       883M       108M
Swap:         8.0G       530M       7.5G

             total       used       free     shared    buffers     cached
Mem:          992M       915M        76M        20K       184K        30M
-/+ buffers/cache:       884M       108M
Swap:         8.0G       530M       7.5G

             total       used       free     shared    buffers     cached
Mem:          992M       916M        76M        20K       184K        30M
-/+ buffers/cache:       884M       107M
Swap:         8.0G       530M       7.5G

             total       used       free     shared    buffers     cached
Mem:          992M       916M        75M        20K       184K        30M
-/+ buffers/cache:       885M       106M
Swap:         8.0G       529M       7.5G

             total       used       free     shared    buffers     cached
Mem:          992M       917M        74M        20K       184K        30M
-/+ buffers/cache:       886M       105M
Swap:         8.0G       529M       7.5G

             total       used       free     shared    buffers     cached
Mem:          992M       918M        74M        20K       184K        30M
-/+ buffers/cache:       886M       105M
Swap:         8.0G       529M       7.5G

             total       used       free     shared    buffers     cached
Mem:          992M       918M        73M        20K       192K        30M
-/+ buffers/cache:       887M       104M
Swap:         8.0G       528M       7.5G

             total       used       free     shared    buffers     cached
Mem:          992M       928M        64M       176K       192K        35M
-/+ buffers/cache:       892M        99M
Swap:         8.0G       525M       7.5G

             total       used       free     shared    buffers     cached
Mem:          992M       919M        72M       3.9M       4.8M        55M
-/+ buffers/cache:       859M       132M
Swap:         8.0G       566M       7.4G

             total       used       free     shared    buffers     cached
Mem:          992M       920M        71M       3.9M       4.8M        67M
-/+ buffers/cache:       848M       143M
Swap:         8.0G       572M       7.4G

             total       used       free     shared    buffers     cached
Mem:          992M       919M        72M       260K       4.1M        62M
-/+ buffers/cache:       852M       139M
Swap:         8.0G       584M       7.4G

             total       used       free     shared    buffers     cached
Mem:          992M       920M        71M       260K       4.1M        62M
-/+ buffers/cache:       854M       138M
Swap:         8.0G       584M       7.4G

             total       used       free     shared    buffers     cached
Mem:          992M       921M        71M       260K       4.1M        62M
-/+ buffers/cache:       854M       137M
Swap:         8.0G       584M       7.4G

             total       used       free     shared    buffers     cached
Mem:          992M       922M        70M       260K       4.1M        62M
-/+ buffers/cache:       855M       136M
Swap:         8.0G       583M       7.4G

             total       used       free     shared    buffers     cached
Mem:          992M       923M        68M       260K       4.1M        62M
-/+ buffers/cache:       856M       135M
Swap:         8.0G       583M       7.4G

             total       used       free     shared    buffers     cached
Mem:          992M       925M        66M       260K       4.3M        63M
-/+ buffers/cache:       858M       134M
Swap:         8.0G       582M       7.4G

             total       used       free     shared    buffers     cached
Mem:          992M       926M        65M       260K       4.3M        63M
-/+ buffers/cache:       859M       132M
Swap:         8.0G       582M       7.4G

             total       used       free     shared    buffers     cached
Mem:          992M       928M        63M       260K       4.3M        63M
-/+ buffers/cache:       860M       131M
Swap:         8.0G       581M       7.4G

             total       used       free     shared    buffers     cached
Mem:          992M       930M        62M       260K       4.3M        63M
-/+ buffers/cache:       862M       130M
Swap:         8.0G       581M       7.4G

             total       used       free     shared    buffers     cached
Mem:          992M       931M        60M       260K       4.3M        63M
-/+ buffers/cache:       863M       128M
Swap:         8.0G       580M       7.4G

             total       used       free     shared    buffers     cached
Mem:          992M       918M        73M       260K       4.3M        63M
-/+ buffers/cache:       850M       141M
Swap:         8.0G       580M       7.4G

             total       used       free     shared    buffers     cached
Mem:          992M       919M        72M       260K       4.3M        63M
-/+ buffers/cache:       852M       140M
Swap:         8.0G       580M       7.4G

             total       used       free     shared    buffers     cached
Mem:          992M       921M        71M       260K       4.3M        63M
-/+ buffers/cache:       853M       138M
Swap:         8.0G       579M       7.4G

             total       used       free     shared    buffers     cached
Mem:          992M       922M        69M       260K       4.3M        63M
-/+ buffers/cache:       854M       137M
Swap:         8.0G       579M       7.4G

             total       used       free     shared    buffers     cached
Mem:          992M       923M        68M       260K       4.3M        63M
-/+ buffers/cache:       855M       136M
Swap:         8.0G       578M       7.4G

             total       used       free     shared    buffers     cached
Mem:          992M       925M        67M       260K       4.3M        63M
-/+ buffers/cache:       857M       134M
Swap:         8.0G       578M       7.4G

             total       used       free     shared    buffers     cached
Mem:          992M       926M        65M       260K       4.3M        64M
-/+ buffers/cache:       858M       133M
Swap:         8.0G       577M       7.4G

             total       used       free     shared    buffers     cached
Mem:          992M       928M        64M       260K       4.3M        64M
-/+ buffers/cache:       859M       132M
Swap:         8.0G       577M       7.4G

             total       used       free     shared    buffers     cached
Mem:          992M       929M        62M       260K       4.3M        64M
-/+ buffers/cache:       860M       131M
Swap:         8.0G       576M       7.4G

             total       used       free     shared    buffers     cached
Mem:          992M       930M        61M       260K       4.3M        64M
-/+ buffers/cache:       862M       129M
Swap:         8.0G       576M       7.4G

             total       used       free     shared    buffers     cached
Mem:          992M       914M        77M       260K       4.3M        61M
-/+ buffers/cache:       849M       142M
Swap:         8.0G       596M       7.4G

             total       used       free     shared    buffers     cached
Mem:          992M       915M        76M       260K       4.3M        61M
-/+ buffers/cache:       850M       142M
Swap:         8.0G       595M       7.4G

             total       used       free     shared    buffers     cached
Mem:          992M       917M        75M       260K       4.3M        61M
-/+ buffers/cache:       851M       140M
Swap:         8.0G       595M       7.4G

             total       used       free     shared    buffers     cached
Mem:          992M       918M        73M       260K       4.3M        61M
-/+ buffers/cache:       852M       139M
Swap:         8.0G       594M       7.4G

             total       used       free     shared    buffers     cached
Mem:          992M       919M        72M       260K       4.3M        61M
-/+ buffers/cache:       854M       137M
Swap:         8.0G       593M       7.4G

             total       used       free     shared    buffers     cached
Mem:          992M       921M        71M       260K       4.3M        61M
-/+ buffers/cache:       855M       136M
Swap:         8.0G       593M       7.4G

             total       used       free     shared    buffers     cached
Mem:          992M       920M        71M       308K       8.1M        72M
-/+ buffers/cache:       840M       152M
Swap:         8.0G       604M       7.4G

             total       used       free     shared    buffers     cached
Mem:          992M       919M        72M       308K       8.5M        75M
-/+ buffers/cache:       835M       156M
Swap:         8.0G       603M       7.4G
