             total       used       free     shared    buffers     cached
Mem:          2.0G       659M       1.3G       3.2M        38M       289M
-/+ buffers/cache:       330M       1.6G
Swap:         8.0G         0B       8.0G

             total       used       free     shared    buffers     cached
Mem:          2.0G       658M       1.3G       3.2M        38M       289M
-/+ buffers/cache:       330M       1.6G
Swap:         8.0G         0B       8.0G

             total       used       free     shared    buffers     cached
Mem:          2.0G       658M       1.3G       3.2M        38M       289M
-/+ buffers/cache:       330M       1.6G
Swap:         8.0G         0B       8.0G

             total       used       free     shared    buffers     cached
Mem:          2.0G       658M       1.3G       3.2M        38M       289M
-/+ buffers/cache:       330M       1.6G
Swap:         8.0G         0B       8.0G

             total       used       free     shared    buffers     cached
Mem:          2.0G       658M       1.3G       3.2M        38M       289M
-/+ buffers/cache:       330M       1.6G
Swap:         8.0G         0B       8.0G

             total       used       free     shared    buffers     cached
Mem:          2.0G       658M       1.3G       3.2M        38M       289M
-/+ buffers/cache:       330M       1.6G
Swap:         8.0G         0B       8.0G

             total       used       free     shared    buffers     cached
Mem:          2.0G       658M       1.3G       3.2M        38M       289M
-/+ buffers/cache:       330M       1.6G
Swap:         8.0G         0B       8.0G

             total       used       free     shared    buffers     cached
Mem:          2.0G       658M       1.3G       3.2M        38M       289M
-/+ buffers/cache:       329M       1.6G
Swap:         8.0G         0B       8.0G

             total       used       free     shared    buffers     cached
Mem:          2.0G       657M       1.3G       3.2M        38M       289M
-/+ buffers/cache:       329M       1.6G
Swap:         8.0G         0B       8.0G

             total       used       free     shared    buffers     cached
Mem:          2.0G       657M       1.3G       3.2M        38M       289M
-/+ buffers/cache:       329M       1.6G
Swap:         8.0G         0B       8.0G

             total       used       free     shared    buffers     cached
Mem:          2.0G       657M       1.3G       3.2M        38M       289M
-/+ buffers/cache:       329M       1.6G
Swap:         8.0G         0B       8.0G

             total       used       free     shared    buffers     cached
Mem:          2.0G       662M       1.3G       3.2M        38M       290M
-/+ buffers/cache:       333M       1.6G
Swap:         8.0G         0B       8.0G

             total       used       free     shared    buffers     cached
Mem:          2.0G       681M       1.3G       3.2M        38M       290M
-/+ buffers/cache:       352M       1.6G
Swap:         8.0G         0B       8.0G

             total       used       free     shared    buffers     cached
Mem:          2.0G       666M       1.3G       3.2M        38M       290M
-/+ buffers/cache:       336M       1.6G
Swap:         8.0G         0B       8.0G

             total       used       free     shared    buffers     cached
Mem:          2.0G       666M       1.3G       3.2M        38M       290M
-/+ buffers/cache:       336M       1.6G
Swap:         8.0G         0B       8.0G

             total       used       free     shared    buffers     cached
Mem:          2.0G       666M       1.3G       3.2M        38M       291M
-/+ buffers/cache:       336M       1.6G
Swap:         8.0G         0B       8.0G

             total       used       free     shared    buffers     cached
Mem:          2.0G       666M       1.3G       3.2M        38M       291M
-/+ buffers/cache:       336M       1.6G
Swap:         8.0G         0B       8.0G

             total       used       free     shared    buffers     cached
Mem:          2.0G       666M       1.3G       3.2M        38M       291M
-/+ buffers/cache:       336M       1.6G
Swap:         8.0G         0B       8.0G

             total       used       free     shared    buffers     cached
Mem:          2.0G       666M       1.3G       3.2M        38M       291M
-/+ buffers/cache:       336M       1.6G
Swap:         8.0G         0B       8.0G

             total       used       free     shared    buffers     cached
Mem:          2.0G       666M       1.3G       3.2M        38M       291M
-/+ buffers/cache:       336M       1.6G
Swap:         8.0G         0B       8.0G

             total       used       free     shared    buffers     cached
Mem:          2.0G       666M       1.3G       3.2M        38M       291M
-/+ buffers/cache:       336M       1.6G
Swap:         8.0G         0B       8.0G

             total       used       free     shared    buffers     cached
Mem:          2.0G       667M       1.3G       3.2M        38M       291M
-/+ buffers/cache:       337M       1.6G
Swap:         8.0G         0B       8.0G

             total       used       free     shared    buffers     cached
Mem:          2.0G       667M       1.3G       3.2M        38M       291M
-/+ buffers/cache:       337M       1.6G
Swap:         8.0G         0B       8.0G

             total       used       free     shared    buffers     cached
Mem:          2.0G       667M       1.3G       3.2M        38M       291M
-/+ buffers/cache:       337M       1.6G
Swap:         8.0G         0B       8.0G

             total       used       free     shared    buffers     cached
Mem:          2.0G       667M       1.3G       3.2M        38M       291M
-/+ buffers/cache:       337M       1.6G
Swap:         8.0G         0B       8.0G

             total       used       free     shared    buffers     cached
Mem:          2.0G       667M       1.3G       3.2M        38M       291M
-/+ buffers/cache:       337M       1.6G
Swap:         8.0G         0B       8.0G

             total       used       free     shared    buffers     cached
Mem:          2.0G       667M       1.3G       3.2M        38M       291M
-/+ buffers/cache:       337M       1.6G
Swap:         8.0G         0B       8.0G

             total       used       free     shared    buffers     cached
Mem:          2.0G       667M       1.3G       3.2M        38M       291M
-/+ buffers/cache:       337M       1.6G
Swap:         8.0G         0B       8.0G

             total       used       free     shared    buffers     cached
Mem:          2.0G       667M       1.3G       3.2M        38M       291M
-/+ buffers/cache:       337M       1.6G
Swap:         8.0G         0B       8.0G

             total       used       free     shared    buffers     cached
Mem:          2.0G       667M       1.3G       3.2M        38M       291M
-/+ buffers/cache:       337M       1.6G
Swap:         8.0G         0B       8.0G

             total       used       free     shared    buffers     cached
Mem:          2.0G       667M       1.3G       3.2M        38M       291M
-/+ buffers/cache:       337M       1.6G
Swap:         8.0G         0B       8.0G

             total       used       free     shared    buffers     cached
Mem:          2.0G       668M       1.3G       3.2M        38M       291M
-/+ buffers/cache:       338M       1.6G
Swap:         8.0G         0B       8.0G

             total       used       free     shared    buffers     cached
Mem:          2.0G       668M       1.3G       3.2M        38M       291M
-/+ buffers/cache:       338M       1.6G
Swap:         8.0G         0B       8.0G

             total       used       free     shared    buffers     cached
Mem:          2.0G       668M       1.3G       3.2M        38M       291M
-/+ buffers/cache:       338M       1.6G
Swap:         8.0G         0B       8.0G

             total       used       free     shared    buffers     cached
Mem:          2.0G       668M       1.3G       3.2M        38M       291M
-/+ buffers/cache:       338M       1.6G
Swap:         8.0G         0B       8.0G

             total       used       free     shared    buffers     cached
Mem:          2.0G       668M       1.3G       3.2M        38M       291M
-/+ buffers/cache:       338M       1.6G
Swap:         8.0G         0B       8.0G

             total       used       free     shared    buffers     cached
Mem:          2.0G       668M       1.3G       3.2M        38M       291M
-/+ buffers/cache:       338M       1.6G
Swap:         8.0G         0B       8.0G

             total       used       free     shared    buffers     cached
Mem:          2.0G       668M       1.3G       3.2M        38M       291M
-/+ buffers/cache:       338M       1.6G
Swap:         8.0G         0B       8.0G

             total       used       free     shared    buffers     cached
Mem:          2.0G       668M       1.3G       3.2M        38M       291M
-/+ buffers/cache:       338M       1.6G
Swap:         8.0G         0B       8.0G

             total       used       free     shared    buffers     cached
Mem:          2.0G       668M       1.3G       3.2M        38M       291M
-/+ buffers/cache:       338M       1.6G
Swap:         8.0G         0B       8.0G

             total       used       free     shared    buffers     cached
Mem:          2.0G       668M       1.3G       3.2M        38M       291M
-/+ buffers/cache:       338M       1.6G
Swap:         8.0G         0B       8.0G

             total       used       free     shared    buffers     cached
Mem:          2.0G       667M       1.3G       3.2M        38M       291M
-/+ buffers/cache:       337M       1.6G
Swap:         8.0G         0B       8.0G

             total       used       free     shared    buffers     cached
Mem:          2.0G       667M       1.3G       3.2M        38M       291M
-/+ buffers/cache:       337M       1.6G
Swap:         8.0G         0B       8.0G

             total       used       free     shared    buffers     cached
Mem:          2.0G       667M       1.3G       3.2M        38M       291M
-/+ buffers/cache:       337M       1.6G
Swap:         8.0G         0B       8.0G

             total       used       free     shared    buffers     cached
Mem:          2.0G       667M       1.3G       3.2M        38M       291M
-/+ buffers/cache:       337M       1.6G
Swap:         8.0G         0B       8.0G

             total       used       free     shared    buffers     cached
Mem:          2.0G       667M       1.3G       3.2M        38M       291M
-/+ buffers/cache:       337M       1.6G
Swap:         8.0G         0B       8.0G

             total       used       free     shared    buffers     cached
Mem:          2.0G       667M       1.3G       3.2M        38M       291M
-/+ buffers/cache:       337M       1.6G
Swap:         8.0G         0B       8.0G

             total       used       free     shared    buffers     cached
Mem:          2.0G       667M       1.3G       3.2M        38M       291M
-/+ buffers/cache:       337M       1.6G
Swap:         8.0G         0B       8.0G

             total       used       free     shared    buffers     cached
Mem:          2.0G       667M       1.3G       3.2M        38M       291M
-/+ buffers/cache:       337M       1.6G
Swap:         8.0G         0B       8.0G

             total       used       free     shared    buffers     cached
Mem:          2.0G       667M       1.3G       3.2M        38M       291M
-/+ buffers/cache:       337M       1.6G
Swap:         8.0G         0B       8.0G

             total       used       free     shared    buffers     cached
Mem:          2.0G       667M       1.3G       3.2M        38M       291M
-/+ buffers/cache:       337M       1.6G
Swap:         8.0G         0B       8.0G

             total       used       free     shared    buffers     cached
Mem:          2.0G       667M       1.3G       3.2M        38M       291M
-/+ buffers/cache:       337M       1.6G
Swap:         8.0G         0B       8.0G

             total       used       free     shared    buffers     cached
Mem:          2.0G       667M       1.3G       3.2M        38M       291M
-/+ buffers/cache:       337M       1.6G
Swap:         8.0G         0B       8.0G

             total       used       free     shared    buffers     cached
Mem:          2.0G       673M       1.3G       3.2M        38M       291M
-/+ buffers/cache:       343M       1.6G
Swap:         8.0G         0B       8.0G

             total       used       free     shared    buffers     cached
Mem:          2.0G       690M       1.3G       3.2M        38M       291M
-/+ buffers/cache:       359M       1.6G
Swap:         8.0G         0B       8.0G

             total       used       free     shared    buffers     cached
Mem:          2.0G       706M       1.3G       3.2M        38M       291M
-/+ buffers/cache:       375M       1.6G
Swap:         8.0G         0B       8.0G

             total       used       free     shared    buffers     cached
Mem:          2.0G       722M       1.2G       3.2M        38M       291M
-/+ buffers/cache:       391M       1.6G
Swap:         8.0G         0B       8.0G

             total       used       free     shared    buffers     cached
Mem:          2.0G       738M       1.2G       3.2M        38M       291M
-/+ buffers/cache:       407M       1.6G
Swap:         8.0G         0B       8.0G

             total       used       free     shared    buffers     cached
Mem:          2.0G       754M       1.2G       3.2M        38M       291M
-/+ buffers/cache:       423M       1.5G
Swap:         8.0G         0B       8.0G

             total       used       free     shared    buffers     cached
Mem:          2.0G       770M       1.2G       3.2M        38M       291M
-/+ buffers/cache:       439M       1.5G
Swap:         8.0G         0B       8.0G

             total       used       free     shared    buffers     cached
Mem:          2.0G       787M       1.2G       3.2M        38M       291M
-/+ buffers/cache:       457M       1.5G
Swap:         8.0G         0B       8.0G

             total       used       free     shared    buffers     cached
Mem:          2.0G       804M       1.2G       3.2M        38M       291M
-/+ buffers/cache:       473M       1.5G
Swap:         8.0G         0B       8.0G

             total       used       free     shared    buffers     cached
Mem:          2.0G       822M       1.2G       3.2M        38M       291M
-/+ buffers/cache:       491M       1.5G
Swap:         8.0G         0B       8.0G

             total       used       free     shared    buffers     cached
Mem:          2.0G       836M       1.1G       3.2M        38M       291M
-/+ buffers/cache:       506M       1.5G
Swap:         8.0G         0B       8.0G

             total       used       free     shared    buffers     cached
Mem:          2.0G       852M       1.1G       3.2M        38M       291M
-/+ buffers/cache:       522M       1.4G
Swap:         8.0G         0B       8.0G

             total       used       free     shared    buffers     cached
Mem:          2.0G       868M       1.1G       3.2M        38M       291M
-/+ buffers/cache:       538M       1.4G
Swap:         8.0G         0B       8.0G

             total       used       free     shared    buffers     cached
Mem:          2.0G       884M       1.1G       3.2M        38M       291M
-/+ buffers/cache:       553M       1.4G
Swap:         8.0G         0B       8.0G

             total       used       free     shared    buffers     cached
Mem:          2.0G       896M       1.1G       3.2M        38M       291M
-/+ buffers/cache:       566M       1.4G
Swap:         8.0G         0B       8.0G

             total       used       free     shared    buffers     cached
Mem:          2.0G       913M       1.1G       3.2M        38M       291M
-/+ buffers/cache:       582M       1.4G
Swap:         8.0G         0B       8.0G

             total       used       free     shared    buffers     cached
Mem:          2.0G       929M       1.0G       3.2M        38M       291M
-/+ buffers/cache:       598M       1.4G
Swap:         8.0G         0B       8.0G

             total       used       free     shared    buffers     cached
Mem:          2.0G       944M       1.0G       3.2M        38M       291M
-/+ buffers/cache:       614M       1.4G
Swap:         8.0G         0B       8.0G

             total       used       free     shared    buffers     cached
Mem:          2.0G       964M       1.0G       3.2M        38M       291M
-/+ buffers/cache:       633M       1.3G
Swap:         8.0G         0B       8.0G

             total       used       free     shared    buffers     cached
Mem:          2.0G       981M       1.0G       3.2M        38M       291M
-/+ buffers/cache:       650M       1.3G
Swap:         8.0G         0B       8.0G

             total       used       free     shared    buffers     cached
Mem:          2.0G       997M       1.0G       3.2M        38M       291M
-/+ buffers/cache:       666M       1.3G
Swap:         8.0G         0B       8.0G

             total       used       free     shared    buffers     cached
Mem:          2.0G       1.0G       985M       3.2M        38M       291M
-/+ buffers/cache:       683M       1.3G
Swap:         8.0G         0B       8.0G

             total       used       free     shared    buffers     cached
Mem:          2.0G       1.0G       969M       3.2M        38M       291M
-/+ buffers/cache:       699M       1.3G
Swap:         8.0G         0B       8.0G

             total       used       free     shared    buffers     cached
Mem:          2.0G       1.0G       955M       3.2M        38M       291M
-/+ buffers/cache:       714M       1.3G
Swap:         8.0G         0B       8.0G

             total       used       free     shared    buffers     cached
Mem:          2.0G       1.0G       940M       3.2M        38M       291M
-/+ buffers/cache:       729M       1.2G
Swap:         8.0G         0B       8.0G

             total       used       free     shared    buffers     cached
Mem:          2.0G       1.1G       924M       3.2M        38M       291M
-/+ buffers/cache:       744M       1.2G
Swap:         8.0G         0B       8.0G

             total       used       free     shared    buffers     cached
Mem:          2.0G       1.1G       908M       3.2M        38M       291M
-/+ buffers/cache:       760M       1.2G
Swap:         8.0G         0B       8.0G

             total       used       free     shared    buffers     cached
Mem:          2.0G       1.1G       893M       3.2M        38M       291M
-/+ buffers/cache:       775M       1.2G
Swap:         8.0G         0B       8.0G

             total       used       free     shared    buffers     cached
Mem:          2.0G       1.1G       880M       3.2M        38M       291M
-/+ buffers/cache:       789M       1.2G
Swap:         8.0G         0B       8.0G

             total       used       free     shared    buffers     cached
Mem:          2.0G       1.1G       868M       3.2M        38M       291M
-/+ buffers/cache:       801M       1.2G
Swap:         8.0G         0B       8.0G

             total       used       free     shared    buffers     cached
Mem:          2.0G       1.1G       851M       3.2M        38M       291M
-/+ buffers/cache:       817M       1.2G
Swap:         8.0G         0B       8.0G

             total       used       free     shared    buffers     cached
Mem:          2.0G       1.1G       836M       3.2M        38M       291M
-/+ buffers/cache:       833M       1.1G
Swap:         8.0G         0B       8.0G

             total       used       free     shared    buffers     cached
Mem:          2.0G       1.2G       820M       3.2M        38M       291M
-/+ buffers/cache:       848M       1.1G
Swap:         8.0G         0B       8.0G

             total       used       free     shared    buffers     cached
Mem:          2.0G       1.2G       804M       3.2M        38M       291M
-/+ buffers/cache:       864M       1.1G
Swap:         8.0G         0B       8.0G

             total       used       free     shared    buffers     cached
Mem:          2.0G       1.2G       787M       3.2M        38M       291M
-/+ buffers/cache:       881M       1.1G
Swap:         8.0G         0B       8.0G

             total       used       free     shared    buffers     cached
Mem:          2.0G       1.2G       770M       3.2M        38M       291M
-/+ buffers/cache:       898M       1.1G
Swap:         8.0G         0B       8.0G

             total       used       free     shared    buffers     cached
Mem:          2.0G       1.2G       753M       3.2M        38M       291M
-/+ buffers/cache:       915M       1.1G
Swap:         8.0G         0B       8.0G

             total       used       free     shared    buffers     cached
Mem:          2.0G       1.2G       736M       3.2M        38M       291M
-/+ buffers/cache:       932M       1.0G
Swap:         8.0G         0B       8.0G

             total       used       free     shared    buffers     cached
Mem:          2.0G       1.2G       720M       3.2M        38M       291M
-/+ buffers/cache:       948M       1.0G
Swap:         8.0G         0B       8.0G

             total       used       free     shared    buffers     cached
Mem:          2.0G       1.3G       704M       3.2M        38M       291M
-/+ buffers/cache:       964M       1.0G
Swap:         8.0G         0B       8.0G

             total       used       free     shared    buffers     cached
Mem:          2.0G       1.3G       687M       3.2M        38M       291M
-/+ buffers/cache:       981M       1.0G
Swap:         8.0G         0B       8.0G

             total       used       free     shared    buffers     cached
Mem:          2.0G       1.3G       670M       3.2M        38M       291M
-/+ buffers/cache:       998M       1.0G
Swap:         8.0G         0B       8.0G

             total       used       free     shared    buffers     cached
Mem:          2.0G       1.3G       653M       3.2M        38M       291M
-/+ buffers/cache:       1.0G       984M
Swap:         8.0G         0B       8.0G

             total       used       free     shared    buffers     cached
Mem:          2.0G       1.3G       636M       3.2M        38M       291M
-/+ buffers/cache:       1.0G       967M
Swap:         8.0G         0B       8.0G

             total       used       free     shared    buffers     cached
Mem:          2.0G       1.3G       620M       3.2M        38M       291M
-/+ buffers/cache:       1.0G       951M
Swap:         8.0G         0B       8.0G

             total       used       free     shared    buffers     cached
Mem:          2.0G       1.4G       603M       3.2M        38M       291M
-/+ buffers/cache:       1.0G       934M
Swap:         8.0G         0B       8.0G

             total       used       free     shared    buffers     cached
Mem:          2.0G       1.4G       587M       3.2M        38M       291M
-/+ buffers/cache:       1.1G       918M
Swap:         8.0G         0B       8.0G

             total       used       free     shared    buffers     cached
Mem:          2.0G       1.4G       570M       3.2M        38M       291M
-/+ buffers/cache:       1.1G       901M
Swap:         8.0G         0B       8.0G

             total       used       free     shared    buffers     cached
Mem:          2.0G       1.4G       555M       3.2M        38M       291M
-/+ buffers/cache:       1.1G       886M
Swap:         8.0G         0B       8.0G

             total       used       free     shared    buffers     cached
Mem:          2.0G       1.4G       540M       3.2M        38M       291M
-/+ buffers/cache:       1.1G       871M
Swap:         8.0G         0B       8.0G

             total       used       free     shared    buffers     cached
Mem:          2.0G       1.4G       524M       3.2M        38M       291M
-/+ buffers/cache:       1.1G       855M
Swap:         8.0G         0B       8.0G

             total       used       free     shared    buffers     cached
Mem:          2.0G       1.5G       510M       3.2M        38M       291M
-/+ buffers/cache:       1.1G       841M
Swap:         8.0G         0B       8.0G

             total       used       free     shared    buffers     cached
Mem:          2.0G       1.5G       496M       3.2M        38M       291M
-/+ buffers/cache:       1.1G       827M
Swap:         8.0G         0B       8.0G

             total       used       free     shared    buffers     cached
Mem:          2.0G       1.5G       481M       3.2M        38M       291M
-/+ buffers/cache:       1.2G       812M
Swap:         8.0G         0B       8.0G

             total       used       free     shared    buffers     cached
Mem:          2.0G       1.5G       466M       3.2M        38M       292M
-/+ buffers/cache:       1.2G       797M
Swap:         8.0G         0B       8.0G

             total       used       free     shared    buffers     cached
Mem:          2.0G       1.5G       451M       3.2M        38M       292M
-/+ buffers/cache:       1.2G       782M
Swap:         8.0G         0B       8.0G

             total       used       free     shared    buffers     cached
Mem:          2.0G       1.5G       436M       3.2M        38M       291M
-/+ buffers/cache:       1.2G       767M
Swap:         8.0G         0B       8.0G

             total       used       free     shared    buffers     cached
Mem:          2.0G       1.5G       428M       3.2M        38M       292M
-/+ buffers/cache:       1.2G       759M
Swap:         8.0G         0B       8.0G

             total       used       free     shared    buffers     cached
Mem:          2.0G       1.5G       417M       3.2M        38M       292M
-/+ buffers/cache:       1.2G       748M
Swap:         8.0G         0B       8.0G

             total       used       free     shared    buffers     cached
Mem:          2.0G       1.6G       402M       3.2M        38M       292M
-/+ buffers/cache:       1.2G       733M
Swap:         8.0G         0B       8.0G

             total       used       free     shared    buffers     cached
Mem:          2.0G       1.6G       384M       3.2M        38M       292M
-/+ buffers/cache:       1.3G       715M
Swap:         8.0G         0B       8.0G

             total       used       free     shared    buffers     cached
Mem:          2.0G       1.6G       368M       3.2M        38M       292M
-/+ buffers/cache:       1.3G       699M
Swap:         8.0G         0B       8.0G

             total       used       free     shared    buffers     cached
Mem:          2.0G       1.6G       351M       3.2M        38M       292M
-/+ buffers/cache:       1.3G       682M
Swap:         8.0G         0B       8.0G

             total       used       free     shared    buffers     cached
Mem:          2.0G       1.6G       335M       3.2M        38M       292M
-/+ buffers/cache:       1.3G       666M
Swap:         8.0G         0B       8.0G

             total       used       free     shared    buffers     cached
Mem:          2.0G       1.6G       320M       3.2M        38M       292M
-/+ buffers/cache:       1.3G       651M
Swap:         8.0G         0B       8.0G

             total       used       free     shared    buffers     cached
Mem:          2.0G       1.7G       306M       3.2M        38M       292M
-/+ buffers/cache:       1.3G       637M
Swap:         8.0G         0B       8.0G

             total       used       free     shared    buffers     cached
Mem:          2.0G       1.7G       290M       3.2M        38M       292M
-/+ buffers/cache:       1.3G       621M
Swap:         8.0G         0B       8.0G

             total       used       free     shared    buffers     cached
Mem:          2.0G       1.7G       274M       3.2M        38M       291M
-/+ buffers/cache:       1.4G       605M
Swap:         8.0G         0B       8.0G

             total       used       free     shared    buffers     cached
Mem:          2.0G       1.7G       259M       3.2M        38M       292M
-/+ buffers/cache:       1.4G       590M
Swap:         8.0G         0B       8.0G

             total       used       free     shared    buffers     cached
Mem:          2.0G       1.7G       244M       3.2M        38M       292M
-/+ buffers/cache:       1.4G       575M
Swap:         8.0G         0B       8.0G

             total       used       free     shared    buffers     cached
Mem:          2.0G       1.7G       228M       3.2M        38M       292M
-/+ buffers/cache:       1.4G       559M
Swap:         8.0G         0B       8.0G

             total       used       free     shared    buffers     cached
Mem:          2.0G       1.7G       213M       3.2M        38M       292M
-/+ buffers/cache:       1.4G       544M
Swap:         8.0G         0B       8.0G

             total       used       free     shared    buffers     cached
Mem:          2.0G       1.8G       197M       3.2M        38M       291M
-/+ buffers/cache:       1.4G       528M
Swap:         8.0G         0B       8.0G

             total       used       free     shared    buffers     cached
Mem:          2.0G       1.8G       182M       3.2M        38M       292M
-/+ buffers/cache:       1.5G       513M
Swap:         8.0G         0B       8.0G

             total       used       free     shared    buffers     cached
Mem:          2.0G       1.8G       166M       3.2M        38M       292M
-/+ buffers/cache:       1.5G       497M
Swap:         8.0G         0B       8.0G

             total       used       free     shared    buffers     cached
Mem:          2.0G       1.8G       152M       3.2M        38M       292M
-/+ buffers/cache:       1.5G       483M
Swap:         8.0G         0B       8.0G

             total       used       free     shared    buffers     cached
Mem:          2.0G       1.8G       136M       3.2M        38M       292M
-/+ buffers/cache:       1.5G       467M
Swap:         8.0G         0B       8.0G

             total       used       free     shared    buffers     cached
Mem:          2.0G       1.8G       121M       3.2M        38M       292M
-/+ buffers/cache:       1.5G       452M
Swap:         8.0G         0B       8.0G

             total       used       free     shared    buffers     cached
Mem:          2.0G       1.8G       106M       3.2M        39M       292M
-/+ buffers/cache:       1.5G       437M
Swap:         8.0G         0B       8.0G

             total       used       free     shared    buffers     cached
Mem:          2.0G       1.9G        89M       3.2M        39M       292M
-/+ buffers/cache:       1.5G       420M
Swap:         8.0G         0B       8.0G

             total       used       free     shared    buffers     cached
Mem:          2.0G       1.9G        74M       3.2M        39M       292M
-/+ buffers/cache:       1.6G       405M
Swap:         8.0G         0B       8.0G

             total       used       free     shared    buffers     cached
Mem:          2.0G       1.9G        72M       3.2M        24M       290M
-/+ buffers/cache:       1.6G       388M
Swap:         8.0G         0B       8.0G

             total       used       free     shared    buffers     cached
Mem:          2.0G       1.9G        73M       3.2M        10M       289M
-/+ buffers/cache:       1.6G       373M
Swap:         8.0G         0B       8.0G

             total       used       free     shared    buffers     cached
Mem:          2.0G       1.9G        63M       3.2M        10M       286M
-/+ buffers/cache:       1.6G       359M
Swap:         8.0G         0B       8.0G

             total       used       free     shared    buffers     cached
Mem:          2.0G       1.9G        66M       3.2M        10M       268M
-/+ buffers/cache:       1.6G       345M
Swap:         8.0G        76K       8.0G

             total       used       free     shared    buffers     cached
Mem:          2.0G       1.9G        71M       3.1M       9.9M       250M
-/+ buffers/cache:       1.6G       331M
Swap:         8.0G       196K       8.0G

             total       used       free     shared    buffers     cached
Mem:          2.0G       1.9G        71M       2.9M       9.9M       235M
-/+ buffers/cache:       1.6G       316M
Swap:         8.0G       6.0M       8.0G

             total       used       free     shared    buffers     cached
Mem:          2.0G       1.9G        89M       2.8M       9.0M       207M
-/+ buffers/cache:       1.7G       305M
Swap:         8.0G        12M       8.0G

             total       used       free     shared    buffers     cached
Mem:          2.0G       1.9G        74M       2.8M       9.0M       207M
-/+ buffers/cache:       1.7G       290M
Swap:         8.0G        12M       8.0G

             total       used       free     shared    buffers     cached
Mem:          2.0G       1.9G        70M       2.8M       2.9M       200M
-/+ buffers/cache:       1.7G       274M
Swap:         8.0G        12M       8.0G

             total       used       free     shared    buffers     cached
Mem:          2.0G       1.9G        66M       2.8M       1.3M       190M
-/+ buffers/cache:       1.7G       258M
Swap:         8.0G        12M       8.0G

             total       used       free     shared    buffers     cached
Mem:          2.0G       1.9G        74M       2.8M       340K       168M
-/+ buffers/cache:       1.7G       243M
Swap:         8.0G        12M       8.0G

             total       used       free     shared    buffers     cached
Mem:          2.0G       1.9G        80M       2.8M       336K       148M
-/+ buffers/cache:       1.7G       229M
Swap:         8.0G        12M       8.0G

             total       used       free     shared    buffers     cached
Mem:          2.0G       1.9G        82M       2.8M       336K       131M
-/+ buffers/cache:       1.7G       213M
Swap:         8.0G        12M       8.0G

             total       used       free     shared    buffers     cached
Mem:          2.0G       1.9G        67M       2.8M       344K       131M
-/+ buffers/cache:       1.8G       198M
Swap:         8.0G        12M       8.0G

             total       used       free     shared    buffers     cached
Mem:          2.0G       1.9G        68M       2.8M        88K       116M
-/+ buffers/cache:       1.8G       184M
Swap:         8.0G        12M       8.0G

             total       used       free     shared    buffers     cached
Mem:          2.0G       1.9G        67M       2.8M        88K       102M
-/+ buffers/cache:       1.8G       170M
Swap:         8.0G        12M       8.0G

             total       used       free     shared    buffers     cached
Mem:          2.0G       1.9G        82M       2.8M        88K        77M
-/+ buffers/cache:       1.8G       159M
Swap:         8.0G        12M       8.0G

             total       used       free     shared    buffers     cached
Mem:          2.0G       1.9G        67M       2.8M       540K        77M
-/+ buffers/cache:       1.8G       144M
Swap:         8.0G        12M       8.0G

             total       used       free     shared    buffers     cached
Mem:          2.0G       1.9G        68M       2.8M       552K        60M
-/+ buffers/cache:       1.8G       129M
Swap:         8.0G        12M       8.0G

             total       used       free     shared    buffers     cached
Mem:          2.0G       1.9G        68M       2.8M       828K        47M
-/+ buffers/cache:       1.8G       116M
Swap:         8.0G        12M       8.0G

             total       used       free     shared    buffers     cached
Mem:          2.0G       1.9G        72M       2.8M       828K        28M
-/+ buffers/cache:       1.9G       101M
Swap:         8.0G        12M       8.0G

             total       used       free     shared    buffers     cached
Mem:          2.0G       1.9G        74M       2.8M       820K        17M
-/+ buffers/cache:       1.9G        92M
Swap:         8.0G        20M       8.0G

             total       used       free     shared    buffers     cached
Mem:          2.0G       1.9G        71M       2.5M       148K       9.5M
-/+ buffers/cache:       1.9G        81M
Swap:         8.0G        28M       8.0G

             total       used       free     shared    buffers     cached
Mem:          2.0G       1.9G        71M       2.5M        88K       4.6M
-/+ buffers/cache:       1.9G        75M
Swap:         8.0G        29M       8.0G

             total       used       free     shared    buffers     cached
Mem:          2.0G       1.9G        80M       2.5M        88K       4.4M
-/+ buffers/cache:       1.9G        84M
Swap:         8.0G        58M       7.9G

             total       used       free     shared    buffers     cached
Mem:          2.0G       1.9G        73M       2.5M        88K       4.4M
-/+ buffers/cache:       1.9G        77M
Swap:         8.0G        73M       7.9G

             total       used       free     shared    buffers     cached
Mem:          2.0G       1.9G        64M       2.5M        88K       4.6M
-/+ buffers/cache:       1.9G        69M
Swap:         8.0G        74M       7.9G

             total       used       free     shared    buffers     cached
Mem:          2.0G       1.9G        78M       2.4M        88K       4.3M
-/+ buffers/cache:       1.9G        82M
Swap:         8.0G       104M       7.9G

             total       used       free     shared    buffers     cached
Mem:          2.0G       1.9G        77M       2.4M        88K       4.2M
-/+ buffers/cache:       1.9G        81M
Swap:         8.0G       108M       7.9G

             total       used       free     shared    buffers     cached
Mem:          2.0G       1.9G        77M       2.4M        96K       4.2M
-/+ buffers/cache:       1.9G        82M
Swap:         8.0G       121M       7.9G

             total       used       free     shared    buffers     cached
Mem:          2.0G       1.9G        65M       2.4M        96K       4.2M
-/+ buffers/cache:       1.9G        69M
Swap:         8.0G       121M       7.9G

             total       used       free     shared    buffers     cached
Mem:          2.0G       1.9G        66M       2.4M        96K       4.2M
-/+ buffers/cache:       1.9G        71M
Swap:         8.0G       153M       7.8G

             total       used       free     shared    buffers     cached
Mem:          2.0G       1.9G        64M       2.4M        96K       4.2M
-/+ buffers/cache:       1.9G        69M
Swap:         8.0G       153M       7.8G

             total       used       free     shared    buffers     cached
Mem:          2.0G       1.9G        70M       2.3M        96K       4.1M
-/+ buffers/cache:       1.9G        74M
Swap:         8.0G       182M       7.8G

             total       used       free     shared    buffers     cached
Mem:          2.0G       1.9G        71M       2.3M       104K       4.0M
-/+ buffers/cache:       1.9G        75M
Swap:         8.0G       182M       7.8G

             total       used       free     shared    buffers     cached
Mem:          2.0G       1.9G        82M       2.3M       104K       4.0M
-/+ buffers/cache:       1.9G        86M
Swap:         8.0G       210M       7.8G

             total       used       free     shared    buffers     cached
Mem:          2.0G       1.9G        76M       2.3M       104K       4.1M
-/+ buffers/cache:       1.9G        80M
Swap:         8.0G       210M       7.8G

             total       used       free     shared    buffers     cached
Mem:          2.0G       1.9G        71M       2.3M       104K       4.1M
-/+ buffers/cache:       1.9G        75M
Swap:         8.0G       210M       7.8G

             total       used       free     shared    buffers     cached
Mem:          2.0G       1.9G        76M       2.3M       104K       4.1M
-/+ buffers/cache:       1.9G        80M
Swap:         8.0G       226M       7.8G

             total       used       free     shared    buffers     cached
Mem:          2.0G       1.9G        69M       2.3M       112K       4.1M
-/+ buffers/cache:       1.9G        74M
Swap:         8.0G       226M       7.8G

             total       used       free     shared    buffers     cached
Mem:          2.0G       1.9G        70M       2.3M       120K       4.0M
-/+ buffers/cache:       1.9G        74M
Swap:         8.0G       236M       7.8G

             total       used       free     shared    buffers     cached
Mem:          2.0G       1.9G        99M       2.3M       120K       4.1M
-/+ buffers/cache:       1.9G       103M
Swap:         8.0G       288M       7.7G

             total       used       free     shared    buffers     cached
Mem:          2.0G       1.9G        89M       2.3M       120K       4.0M
-/+ buffers/cache:       1.9G        93M
Swap:         8.0G       288M       7.7G

             total       used       free     shared    buffers     cached
Mem:          2.0G       1.9G        78M       2.3M       120K       4.0M
-/+ buffers/cache:       1.9G        83M
Swap:         8.0G       288M       7.7G

             total       used       free     shared    buffers     cached
Mem:          2.0G       1.9G        72M       2.3M       120K       4.0M
-/+ buffers/cache:       1.9G        76M
Swap:         8.0G       288M       7.7G

             total       used       free     shared    buffers     cached
Mem:          2.0G       1.9G        72M       2.3M       132K       4.0M
-/+ buffers/cache:       1.9G        76M
Swap:         8.0G       288M       7.7G

             total       used       free     shared    buffers     cached
Mem:          2.0G       1.9G        77M       2.3M       752K        31M
-/+ buffers/cache:       1.8G       108M
Swap:         8.0G       328M       7.7G

             total       used       free     shared    buffers     cached
Mem:          2.0G       1.9G        75M       2.3M       892K        31M
-/+ buffers/cache:       1.8G       108M
Swap:         8.0G       327M       7.7G

             total       used       free     shared    buffers     cached
Mem:          2.0G       1.9G        74M       2.3M       896K        31M
-/+ buffers/cache:       1.8G       106M
Swap:         8.0G       326M       7.7G

             total       used       free     shared    buffers     cached
Mem:          2.0G       1.9G        73M       2.3M       896K        31M
-/+ buffers/cache:       1.8G       105M
Swap:         8.0G       326M       7.7G

             total       used       free     shared    buffers     cached
Mem:          2.0G       1.9G        72M       2.3M       896K        31M
-/+ buffers/cache:       1.9G       104M
Swap:         8.0G       325M       7.7G

             total       used       free     shared    buffers     cached
Mem:          2.0G       1.9G        71M       2.3M       896K        31M
-/+ buffers/cache:       1.9G       103M
Swap:         8.0G       325M       7.7G

             total       used       free     shared    buffers     cached
Mem:          2.0G       1.9G        70M       2.3M       904K        31M
-/+ buffers/cache:       1.9G       103M
Swap:         8.0G       324M       7.7G

             total       used       free     shared    buffers     cached
Mem:          2.0G       1.9G        69M       2.3M       904K        31M
-/+ buffers/cache:       1.9G       102M
Swap:         8.0G       324M       7.7G

             total       used       free     shared    buffers     cached
Mem:          2.0G       1.9G        68M       2.3M       904K        31M
-/+ buffers/cache:       1.9G       101M
Swap:         8.0G       323M       7.7G

             total       used       free     shared    buffers     cached
Mem:          2.0G       1.9G        66M       2.3M       904K        31M
-/+ buffers/cache:       1.9G        99M
Swap:         8.0G       323M       7.7G

             total       used       free     shared    buffers     cached
Mem:          2.0G       1.9G        65M       2.3M       904K        32M
-/+ buffers/cache:       1.9G        98M
Swap:         8.0G       322M       7.7G

             total       used       free     shared    buffers     cached
Mem:          2.0G       1.9G        76M       2.3M       756K        31M
-/+ buffers/cache:       1.8G       108M
Swap:         8.0G       330M       7.7G

             total       used       free     shared    buffers     cached
Mem:          2.0G       1.9G        75M       2.3M       756K        31M
-/+ buffers/cache:       1.8G       107M
Swap:         8.0G       329M       7.7G

             total       used       free     shared    buffers     cached
Mem:          2.0G       1.9G        74M       2.3M       756K        31M
-/+ buffers/cache:       1.8G       106M
Swap:         8.0G       329M       7.7G

             total       used       free     shared    buffers     cached
Mem:          2.0G       1.9G        73M       2.3M       756K        31M
-/+ buffers/cache:       1.9G       105M
Swap:         8.0G       329M       7.7G

             total       used       free     shared    buffers     cached
Mem:          2.0G       1.9G        73M       2.3M       756K        31M
-/+ buffers/cache:       1.9G       105M
Swap:         8.0G       328M       7.7G

             total       used       free     shared    buffers     cached
Mem:          2.0G       1.9G        72M       2.3M       756K        31M
-/+ buffers/cache:       1.9G       104M
Swap:         8.0G       328M       7.7G

             total       used       free     shared    buffers     cached
Mem:          2.0G       1.9G        72M       2.3M       764K        31M
-/+ buffers/cache:       1.9G       104M
Swap:         8.0G       328M       7.7G

             total       used       free     shared    buffers     cached
Mem:          2.0G       1.9G        71M       2.3M       764K        31M
-/+ buffers/cache:       1.9G       103M
Swap:         8.0G       328M       7.7G

             total       used       free     shared    buffers     cached
Mem:          2.0G       1.9G        71M       2.3M       764K        31M
-/+ buffers/cache:       1.9G       103M
Swap:         8.0G       327M       7.7G

             total       used       free     shared    buffers     cached
Mem:          2.0G       1.9G        70M       2.3M       764K        31M
-/+ buffers/cache:       1.9G       102M
Swap:         8.0G       327M       7.7G

             total       used       free     shared    buffers     cached
Mem:          2.0G       1.9G        69M       2.3M       764K        31M
-/+ buffers/cache:       1.9G       102M
Swap:         8.0G       327M       7.7G

             total       used       free     shared    buffers     cached
Mem:          2.0G       1.9G        69M       2.3M       772K        31M
-/+ buffers/cache:       1.9G       101M
Swap:         8.0G       326M       7.7G

             total       used       free     shared    buffers     cached
Mem:          2.0G       1.9G        68M       2.3M       772K        31M
-/+ buffers/cache:       1.9G       101M
Swap:         8.0G       326M       7.7G

             total       used       free     shared    buffers     cached
Mem:          2.0G       1.9G        67M       2.3M       772K        31M
-/+ buffers/cache:       1.9G       100M
Swap:         8.0G       326M       7.7G

             total       used       free     shared    buffers     cached
Mem:          2.0G       1.9G        67M       2.3M       772K        31M
-/+ buffers/cache:       1.9G       100M
Swap:         8.0G       326M       7.7G

             total       used       free     shared    buffers     cached
Mem:          2.0G       1.9G        67M       2.3M       772K        31M
-/+ buffers/cache:       1.9G        99M
Swap:         8.0G       325M       7.7G

             total       used       free     shared    buffers     cached
Mem:          2.0G       1.9G        66M       2.3M       772K        31M
-/+ buffers/cache:       1.9G        99M
Swap:         8.0G       325M       7.7G

             total       used       free     shared    buffers     cached
Mem:          2.0G       1.9G        66M       2.3M       780K        31M
-/+ buffers/cache:       1.9G        98M
Swap:         8.0G       325M       7.7G

             total       used       free     shared    buffers     cached
Mem:          2.0G       1.9G        65M       2.3M       780K        31M
-/+ buffers/cache:       1.9G        98M
Swap:         8.0G       325M       7.7G

             total       used       free     shared    buffers     cached
Mem:          2.0G       1.9G        78M       2.3M       264K        33M
-/+ buffers/cache:       1.8G       112M
Swap:         8.0G       340M       7.7G

             total       used       free     shared    buffers     cached
Mem:          2.0G       1.9G        78M       2.3M       580K        33M
-/+ buffers/cache:       1.8G       112M
Swap:         8.0G       339M       7.7G

             total       used       free     shared    buffers     cached
Mem:          2.0G       1.9G        77M       2.3M       580K        33M
-/+ buffers/cache:       1.8G       111M
Swap:         8.0G       339M       7.7G

             total       used       free     shared    buffers     cached
Mem:          2.0G       1.9G        76M       2.3M       588K        33M
-/+ buffers/cache:       1.8G       111M
Swap:         8.0G       339M       7.7G

             total       used       free     shared    buffers     cached
Mem:          2.0G       1.9G        76M       2.3M       588K        33M
-/+ buffers/cache:       1.8G       110M
Swap:         8.0G       338M       7.7G

             total       used       free     shared    buffers     cached
Mem:          2.0G       1.9G        76M       2.3M       588K        33M
-/+ buffers/cache:       1.8G       110M
Swap:         8.0G       338M       7.7G

             total       used       free     shared    buffers     cached
Mem:          2.0G       1.9G        75M       2.3M       588K        33M
-/+ buffers/cache:       1.8G       110M
Swap:         8.0G       338M       7.7G

             total       used       free     shared    buffers     cached
Mem:          2.0G       1.9G        75M       2.3M       588K        33M
-/+ buffers/cache:       1.8G       110M
Swap:         8.0G       338M       7.7G

             total       used       free     shared    buffers     cached
Mem:          2.0G       1.9G        75M       2.3M       588K        33M
-/+ buffers/cache:       1.8G       109M
Swap:         8.0G       338M       7.7G

             total       used       free     shared    buffers     cached
Mem:          2.0G       1.9G        74M       2.3M       596K        33M
-/+ buffers/cache:       1.8G       109M
Swap:         8.0G       337M       7.7G

             total       used       free     shared    buffers     cached
Mem:          2.0G       1.9G        73M       2.3M       596K        33M
-/+ buffers/cache:       1.8G       108M
Swap:         8.0G       337M       7.7G

             total       used       free     shared    buffers     cached
Mem:          2.0G       1.9G        73M       2.3M       596K        33M
-/+ buffers/cache:       1.8G       107M
Swap:         8.0G       337M       7.7G

             total       used       free     shared    buffers     cached
Mem:          2.0G       1.9G        73M       2.3M       596K        33M
-/+ buffers/cache:       1.8G       107M
Swap:         8.0G       336M       7.7G

             total       used       free     shared    buffers     cached
Mem:          2.0G       1.9G        72M       2.3M       596K        33M
-/+ buffers/cache:       1.8G       106M
Swap:         8.0G       336M       7.7G

             total       used       free     shared    buffers     cached
Mem:          2.0G       1.9G        72M       2.3M       604K        33M
-/+ buffers/cache:       1.8G       106M
Swap:         8.0G       336M       7.7G

             total       used       free     shared    buffers     cached
Mem:          2.0G       1.9G        71M       2.3M       604K        33M
-/+ buffers/cache:       1.8G       105M
Swap:         8.0G       335M       7.7G

             total       used       free     shared    buffers     cached
Mem:          2.0G       1.9G        71M       2.3M       604K        33M
-/+ buffers/cache:       1.9G       105M
Swap:         8.0G       335M       7.7G

             total       used       free     shared    buffers     cached
Mem:          2.0G       1.9G        70M       2.3M       604K        33M
-/+ buffers/cache:       1.9G       105M
Swap:         8.0G       335M       7.7G

             total       used       free     shared    buffers     cached
Mem:          2.0G       1.9G        70M       2.3M       604K        33M
-/+ buffers/cache:       1.9G       104M
Swap:         8.0G       335M       7.7G

             total       used       free     shared    buffers     cached
Mem:          2.0G       1.9G        70M       2.3M       604K        33M
-/+ buffers/cache:       1.9G       104M
Swap:         8.0G       334M       7.7G

             total       used       free     shared    buffers     cached
Mem:          2.0G       1.9G        69M       2.3M       612K        33M
-/+ buffers/cache:       1.9G       103M
Swap:         8.0G       334M       7.7G

             total       used       free     shared    buffers     cached
Mem:          2.0G       1.9G        68M       2.3M       612K        33M
-/+ buffers/cache:       1.9G       103M
Swap:         8.0G       334M       7.7G

             total       used       free     shared    buffers     cached
Mem:          2.0G       1.9G        68M       2.3M       612K        33M
-/+ buffers/cache:       1.9G       102M
Swap:         8.0G       334M       7.7G

             total       used       free     shared    buffers     cached
Mem:          2.0G       1.9G        67M       2.3M       612K        33M
-/+ buffers/cache:       1.9G       102M
Swap:         8.0G       333M       7.7G

             total       used       free     shared    buffers     cached
Mem:          2.0G       1.9G        67M       2.3M       612K        33M
-/+ buffers/cache:       1.9G       101M
Swap:         8.0G       333M       7.7G

             total       used       free     shared    buffers     cached
Mem:          2.0G       1.9G        67M       2.3M       620K        33M
-/+ buffers/cache:       1.9G       101M
Swap:         8.0G       333M       7.7G

             total       used       free     shared    buffers     cached
Mem:          2.0G       1.9G        66M       2.3M       620K        33M
-/+ buffers/cache:       1.9G       101M
Swap:         8.0G       332M       7.7G

             total       used       free     shared    buffers     cached
Mem:          2.0G       1.9G        66M       2.3M       620K        33M
-/+ buffers/cache:       1.9G       100M
Swap:         8.0G       332M       7.7G

             total       used       free     shared    buffers     cached
Mem:          2.0G       1.9G        65M       2.3M       620K        33M
-/+ buffers/cache:       1.9G       100M
Swap:         8.0G       332M       7.7G

             total       used       free     shared    buffers     cached
Mem:          2.0G       1.9G        65M       2.3M       620K        33M
-/+ buffers/cache:       1.9G        99M
Swap:         8.0G       331M       7.7G

             total       used       free     shared    buffers     cached
Mem:          2.0G       1.9G        83M       2.3M       592K        31M
-/+ buffers/cache:       1.8G       115M
Swap:         8.0G       354M       7.7G

             total       used       free     shared    buffers     cached
Mem:          2.0G       1.9G        82M       2.3M       600K        31M
-/+ buffers/cache:       1.8G       114M
Swap:         8.0G       354M       7.7G

             total       used       free     shared    buffers     cached
Mem:          2.0G       1.9G        82M       2.3M       600K        31M
-/+ buffers/cache:       1.8G       114M
Swap:         8.0G       354M       7.7G

             total       used       free     shared    buffers     cached
Mem:          2.0G       1.9G        81M       2.3M       600K        31M
-/+ buffers/cache:       1.8G       113M
Swap:         8.0G       353M       7.7G

             total       used       free     shared    buffers     cached
Mem:          2.0G       1.9G        80M       2.3M       600K        31M
-/+ buffers/cache:       1.8G       112M
Swap:         8.0G       353M       7.7G

             total       used       free     shared    buffers     cached
Mem:          2.0G       1.9G        79M       2.3M       736K        32M
-/+ buffers/cache:       1.8G       112M
Swap:         8.0G       352M       7.7G

             total       used       free     shared    buffers     cached
Mem:          2.0G       1.9G        78M       2.3M       744K        32M
-/+ buffers/cache:       1.8G       111M
Swap:         8.0G       352M       7.7G

             total       used       free     shared    buffers     cached
Mem:          2.0G       1.9G        77M       2.3M       744K        32M
-/+ buffers/cache:       1.8G       110M
Swap:         8.0G       352M       7.7G

             total       used       free     shared    buffers     cached
Mem:          2.0G       1.9G        76M       2.3M       744K        32M
-/+ buffers/cache:       1.8G       110M
Swap:         8.0G       351M       7.7G

             total       used       free     shared    buffers     cached
Mem:          2.0G       1.9G        76M       2.3M       744K        32M
-/+ buffers/cache:       1.8G       109M
Swap:         8.0G       351M       7.7G

             total       used       free     shared    buffers     cached
Mem:          2.0G       1.9G        69M       2.3M       744K        34M
-/+ buffers/cache:       1.9G       105M
Swap:         8.0G       348M       7.7G

             total       used       free     shared    buffers     cached
Mem:          2.0G       1.9G        69M       2.3M       744K        34M
-/+ buffers/cache:       1.9G       104M
Swap:         8.0G       348M       7.7G

             total       used       free     shared    buffers     cached
Mem:          2.0G       1.9G        68M       2.3M       752K        34M
-/+ buffers/cache:       1.9G       104M
Swap:         8.0G       348M       7.7G

             total       used       free     shared    buffers     cached
Mem:          2.0G       1.9G        76M       2.3M       748K        35M
-/+ buffers/cache:       1.8G       112M
Swap:         8.0G       346M       7.7G

             total       used       free     shared    buffers     cached
Mem:          2.0G       1.9G        76M       2.3M       748K        35M
-/+ buffers/cache:       1.8G       111M
Swap:         8.0G       345M       7.7G

             total       used       free     shared    buffers     cached
Mem:          2.0G       1.9G        75M       2.3M       748K        35M
-/+ buffers/cache:       1.8G       111M
Swap:         8.0G       345M       7.7G

             total       used       free     shared    buffers     cached
Mem:          2.0G       1.9G        75M       2.3M       748K        35M
-/+ buffers/cache:       1.8G       111M
Swap:         8.0G       345M       7.7G

             total       used       free     shared    buffers     cached
Mem:          2.0G       1.9G        74M       2.3M       756K        35M
-/+ buffers/cache:       1.8G       110M
Swap:         8.0G       345M       7.7G

             total       used       free     shared    buffers     cached
Mem:          2.0G       1.9G        74M       2.3M       756K        35M
-/+ buffers/cache:       1.8G       110M
Swap:         8.0G       345M       7.7G

             total       used       free     shared    buffers     cached
Mem:          2.0G       1.9G        74M       2.3M       756K        35M
-/+ buffers/cache:       1.8G       109M
Swap:         8.0G       344M       7.7G

             total       used       free     shared    buffers     cached
Mem:          2.0G       1.9G        73M       2.3M       756K        35M
-/+ buffers/cache:       1.8G       109M
Swap:         8.0G       344M       7.7G

             total       used       free     shared    buffers     cached
Mem:          2.0G       1.9G        73M       2.3M       756K        35M
-/+ buffers/cache:       1.8G       109M
Swap:         8.0G       344M       7.7G

             total       used       free     shared    buffers     cached
Mem:          2.0G       1.9G        73M       2.3M       756K        35M
-/+ buffers/cache:       1.8G       108M
Swap:         8.0G       344M       7.7G

             total       used       free     shared    buffers     cached
Mem:          2.0G       1.9G        72M       2.3M       764K        35M
-/+ buffers/cache:       1.8G       108M
Swap:         8.0G       344M       7.7G

             total       used       free     shared    buffers     cached
Mem:          2.0G       1.9G        70M       7.8M       3.1M        55M
-/+ buffers/cache:       1.8G       129M
Swap:         8.0G       396M       7.6G

             total       used       free     shared    buffers     cached
Mem:          2.0G       1.9G        73M       6.1M       5.0M        66M
-/+ buffers/cache:       1.8G       145M
Swap:         8.0G       413M       7.6G

             total       used       free     shared    buffers     cached
Mem:          2.0G       1.9G        74M       2.5M       5.1M        68M
-/+ buffers/cache:       1.8G       148M
Swap:         8.0G       409M       7.6G

             total       used       free     shared    buffers     cached
Mem:          2.0G       1.9G        68M       2.4M       5.1M        69M
-/+ buffers/cache:       1.8G       142M
Swap:         8.0G       407M       7.6G

             total       used       free     shared    buffers     cached
Mem:          2.0G       1.9G        67M       2.4M       5.2M        69M
-/+ buffers/cache:       1.8G       141M
Swap:         8.0G       406M       7.6G

             total       used       free     shared    buffers     cached
Mem:          2.0G       1.9G        66M       2.4M       5.2M        69M
-/+ buffers/cache:       1.8G       141M
Swap:         8.0G       406M       7.6G

             total       used       free     shared    buffers     cached
Mem:          2.0G       1.9G        65M       2.4M       5.2M        69M
-/+ buffers/cache:       1.8G       140M
Swap:         8.0G       405M       7.6G

             total       used       free     shared    buffers     cached
Mem:          2.0G       1.9G        79M       2.4M       5.0M        65M
-/+ buffers/cache:       1.8G       149M
Swap:         8.0G       427M       7.6G

             total       used       free     shared    buffers     cached
Mem:          2.0G       1.9G        78M       2.4M       5.0M        65M
-/+ buffers/cache:       1.8G       148M
Swap:         8.0G       427M       7.6G

             total       used       free     shared    buffers     cached
Mem:          2.0G       1.9G        77M       2.4M       5.0M        65M
-/+ buffers/cache:       1.8G       147M
Swap:         8.0G       426M       7.6G

             total       used       free     shared    buffers     cached
Mem:          2.0G       1.9G        76M       2.4M       5.0M        65M
-/+ buffers/cache:       1.8G       146M
Swap:         8.0G       426M       7.6G

             total       used       free     shared    buffers     cached
Mem:          2.0G       1.9G        75M       2.4M       5.0M        65M
-/+ buffers/cache:       1.8G       145M
Swap:         8.0G       425M       7.6G

             total       used       free     shared    buffers     cached
Mem:          2.0G       1.9G        74M       2.4M       5.0M        65M
-/+ buffers/cache:       1.8G       145M
Swap:         8.0G       425M       7.6G

             total       used       free     shared    buffers     cached
Mem:          2.0G       1.9G        73M       2.4M       5.0M        65M
-/+ buffers/cache:       1.8G       144M
Swap:         8.0G       424M       7.6G

             total       used       free     shared    buffers     cached
Mem:          2.0G       1.9G        73M       2.4M       5.0M        65M
-/+ buffers/cache:       1.8G       143M
Swap:         8.0G       424M       7.6G

             total       used       free     shared    buffers     cached
Mem:          2.0G       1.9G        72M       2.4M       5.0M        65M
-/+ buffers/cache:       1.8G       142M
Swap:         8.0G       423M       7.6G

             total       used       free     shared    buffers     cached
Mem:          2.0G       1.9G        71M       2.4M       5.0M        65M
-/+ buffers/cache:       1.8G       141M
Swap:         8.0G       423M       7.6G

             total       used       free     shared    buffers     cached
Mem:          2.0G       1.9G        70M       2.4M       5.0M        65M
-/+ buffers/cache:       1.8G       140M
Swap:         8.0G       422M       7.6G

             total       used       free     shared    buffers     cached
Mem:          2.0G       1.9G        69M       2.4M       5.0M        65M
-/+ buffers/cache:       1.8G       139M
Swap:         8.0G       422M       7.6G

             total       used       free     shared    buffers     cached
Mem:          2.0G       1.9G        68M       2.4M       5.0M        65M
-/+ buffers/cache:       1.8G       138M
Swap:         8.0G       421M       7.6G

             total       used       free     shared    buffers     cached
Mem:          2.0G       1.9G        67M       2.4M       5.0M        65M
-/+ buffers/cache:       1.8G       137M
Swap:         8.0G       421M       7.6G

             total       used       free     shared    buffers     cached
Mem:          2.0G       1.9G        66M       2.4M       5.0M        65M
-/+ buffers/cache:       1.8G       136M
Swap:         8.0G       420M       7.6G

             total       used       free     shared    buffers     cached
Mem:          2.0G       1.9G        65M       2.4M       5.0M        65M
-/+ buffers/cache:       1.8G       135M
Swap:         8.0G       420M       7.6G

             total       used       free     shared    buffers     cached
Mem:          2.0G       1.9G        76M       2.4M       4.3M        64M
-/+ buffers/cache:       1.8G       145M
Swap:         8.0G       422M       7.6G

             total       used       free     shared    buffers     cached
Mem:          2.0G       1.9G        76M       2.4M       4.3M        64M
-/+ buffers/cache:       1.8G       145M
Swap:         8.0G       421M       7.6G

             total       used       free     shared    buffers     cached
Mem:          2.0G       1.9G        75M       2.4M       4.3M        64M
-/+ buffers/cache:       1.8G       144M
Swap:         8.0G       421M       7.6G

             total       used       free     shared    buffers     cached
Mem:          2.0G       1.9G        74M       2.4M       4.3M        64M
-/+ buffers/cache:       1.8G       143M
Swap:         8.0G       420M       7.6G

             total       used       free     shared    buffers     cached
Mem:          2.0G       1.9G        73M       2.4M       4.3M        64M
-/+ buffers/cache:       1.8G       142M
Swap:         8.0G       420M       7.6G

             total       used       free     shared    buffers     cached
Mem:          2.0G       1.9G        72M       2.4M       4.3M        64M
-/+ buffers/cache:       1.8G       141M
Swap:         8.0G       419M       7.6G

             total       used       free     shared    buffers     cached
Mem:          2.0G       1.9G        72M       2.4M       4.3M        64M
-/+ buffers/cache:       1.8G       140M
Swap:         8.0G       419M       7.6G

             total       used       free     shared    buffers     cached
Mem:          2.0G       1.9G        71M       2.4M       4.3M        64M
-/+ buffers/cache:       1.8G       139M
Swap:         8.0G       418M       7.6G

             total       used       free     shared    buffers     cached
Mem:          2.0G       1.9G        70M       2.4M       4.3M        64M
-/+ buffers/cache:       1.8G       139M
Swap:         8.0G       418M       7.6G

             total       used       free     shared    buffers     cached
Mem:          2.0G       1.9G        69M       2.4M       4.3M        64M
-/+ buffers/cache:       1.8G       138M
Swap:         8.0G       417M       7.6G

             total       used       free     shared    buffers     cached
Mem:          2.0G       1.9G        68M       2.4M       4.3M        64M
-/+ buffers/cache:       1.8G       137M
Swap:         8.0G       417M       7.6G

             total       used       free     shared    buffers     cached
Mem:          2.0G       1.9G        67M       2.4M       4.3M        64M
-/+ buffers/cache:       1.8G       136M
Swap:         8.0G       416M       7.6G

             total       used       free     shared    buffers     cached
Mem:          2.0G       1.9G        66M       2.4M       4.3M        64M
-/+ buffers/cache:       1.8G       135M
Swap:         8.0G       416M       7.6G

             total       used       free     shared    buffers     cached
Mem:          2.0G       1.9G        65M       2.4M       4.3M        64M
-/+ buffers/cache:       1.8G       134M
Swap:         8.0G       415M       7.6G

             total       used       free     shared    buffers     cached
Mem:          2.0G       1.9G        79M       2.4M       4.3M        61M
-/+ buffers/cache:       1.8G       145M
Swap:         8.0G       436M       7.6G

             total       used       free     shared    buffers     cached
Mem:          2.0G       1.9G        78M       2.4M       4.3M        61M
-/+ buffers/cache:       1.8G       144M
Swap:         8.0G       436M       7.6G

             total       used       free     shared    buffers     cached
Mem:          2.0G       1.9G        77M       2.4M       4.3M        61M
-/+ buffers/cache:       1.8G       143M
Swap:         8.0G       435M       7.6G

             total       used       free     shared    buffers     cached
Mem:          2.0G       1.9G        76M       2.4M       4.3M        61M
-/+ buffers/cache:       1.8G       142M
Swap:         8.0G       435M       7.6G

             total       used       free     shared    buffers     cached
Mem:          2.0G       1.9G        75M       2.4M       4.3M        61M
-/+ buffers/cache:       1.8G       141M
Swap:         8.0G       434M       7.6G

             total       used       free     shared    buffers     cached
Mem:          2.0G       1.9G        75M       2.4M       4.3M        61M
-/+ buffers/cache:       1.8G       140M
Swap:         8.0G       434M       7.6G

             total       used       free     shared    buffers     cached
Mem:          2.0G       1.9G        73M       2.4M       4.3M        61M
-/+ buffers/cache:       1.8G       139M
Swap:         8.0G       433M       7.6G

             total       used       free     shared    buffers     cached
Mem:          2.0G       1.9G        73M       2.4M       4.3M        61M
-/+ buffers/cache:       1.8G       138M
Swap:         8.0G       433M       7.6G

             total       used       free     shared    buffers     cached
Mem:          2.0G       1.9G        72M       2.4M       4.3M        61M
-/+ buffers/cache:       1.8G       137M
Swap:         8.0G       432M       7.6G

             total       used       free     shared    buffers     cached
Mem:          2.0G       1.9G        70M       2.4M       4.3M        61M
-/+ buffers/cache:       1.8G       137M
Swap:         8.0G       431M       7.6G

             total       used       free     shared    buffers     cached
Mem:          2.0G       1.9G        69M       2.4M       4.3M        61M
-/+ buffers/cache:       1.8G       136M
Swap:         8.0G       431M       7.6G

             total       used       free     shared    buffers     cached
Mem:          2.0G       1.9G        68M       2.4M       4.3M        62M
-/+ buffers/cache:       1.8G       135M
Swap:         8.0G       430M       7.6G

             total       used       free     shared    buffers     cached
Mem:          2.0G       1.9G        67M       2.4M       4.3M        62M
-/+ buffers/cache:       1.8G       134M
Swap:         8.0G       430M       7.6G

             total       used       free     shared    buffers     cached
Mem:          2.0G       1.9G        66M       2.4M       4.3M        62M
-/+ buffers/cache:       1.8G       133M
Swap:         8.0G       429M       7.6G

             total       used       free     shared    buffers     cached
Mem:          2.0G       1.9G        66M       2.4M       4.3M        62M
-/+ buffers/cache:       1.8G       132M
Swap:         8.0G       429M       7.6G

             total       used       free     shared    buffers     cached
Mem:          2.0G       1.9G        64M       2.4M       4.3M        62M
-/+ buffers/cache:       1.8G       131M
Swap:         8.0G       428M       7.6G

             total       used       free     shared    buffers     cached
Mem:          2.0G       1.9G        72M       2.4M       5.4M        65M
-/+ buffers/cache:       1.8G       143M
Swap:         8.0G       440M       7.6G

             total       used       free     shared    buffers     cached
Mem:          2.0G       1.9G        70M       2.4M       5.4M        65M
-/+ buffers/cache:       1.8G       142M
Swap:         8.0G       439M       7.6G

             total       used       free     shared    buffers     cached
Mem:          2.0G       1.9G        70M       2.4M       5.4M        65M
-/+ buffers/cache:       1.8G       141M
Swap:         8.0G       439M       7.6G

             total       used       free     shared    buffers     cached
Mem:          2.0G       1.9G        69M       2.4M       5.4M        65M
-/+ buffers/cache:       1.8G       140M
Swap:         8.0G       438M       7.6G

             total       used       free     shared    buffers     cached
Mem:          2.0G       1.9G        67M       2.4M       5.4M        65M
-/+ buffers/cache:       1.8G       139M
Swap:         8.0G       438M       7.6G

             total       used       free     shared    buffers     cached
Mem:          2.0G       1.9G        76M       2.5M       5.0M        66M
-/+ buffers/cache:       1.8G       148M
Swap:         8.0G       442M       7.6G

             total       used       free     shared    buffers     cached
Mem:          2.0G       1.9G        77M       2.5M       8.1M        71M
-/+ buffers/cache:       1.8G       157M
Swap:         8.0G       454M       7.6G
