             total       used       free     shared    buffers     cached
Mem:          992M       660M       332M       3.2M        38M       289M
-/+ buffers/cache:       332M       659M
Swap:         8.0G         0B       8.0G

             total       used       free     shared    buffers     cached
Mem:          992M       659M       332M       1.4M        38M       288M
-/+ buffers/cache:       332M       659M
Swap:         8.0G         0B       8.0G

             total       used       free     shared    buffers     cached
Mem:          992M       659M       333M       1.4M        38M       288M
-/+ buffers/cache:       332M       659M
Swap:         8.0G         0B       8.0G

             total       used       free     shared    buffers     cached
Mem:          992M       659M       333M       1.4M        38M       288M
-/+ buffers/cache:       332M       659M
Swap:         8.0G         0B       8.0G

             total       used       free     shared    buffers     cached
Mem:          992M       659M       333M       1.4M        38M       288M
-/+ buffers/cache:       332M       659M
Swap:         8.0G         0B       8.0G

             total       used       free     shared    buffers     cached
Mem:          992M       659M       333M       1.4M        38M       288M
-/+ buffers/cache:       332M       659M
Swap:         8.0G         0B       8.0G

             total       used       free     shared    buffers     cached
Mem:          992M       658M       333M       1.4M        38M       288M
-/+ buffers/cache:       332M       660M
Swap:         8.0G         0B       8.0G

             total       used       free     shared    buffers     cached
Mem:          992M       658M       333M       1.4M        38M       288M
-/+ buffers/cache:       331M       660M
Swap:         8.0G         0B       8.0G

             total       used       free     shared    buffers     cached
Mem:          992M       658M       333M       1.4M        38M       288M
-/+ buffers/cache:       331M       660M
Swap:         8.0G         0B       8.0G

             total       used       free     shared    buffers     cached
Mem:          992M       661M       330M       1.4M        38M       288M
-/+ buffers/cache:       335M       657M
Swap:         8.0G         0B       8.0G

             total       used       free     shared    buffers     cached
Mem:          992M       678M       313M       1.4M        38M       288M
-/+ buffers/cache:       351M       640M
Swap:         8.0G         0B       8.0G

             total       used       free     shared    buffers     cached
Mem:          992M       689M       302M       1.4M        38M       288M
-/+ buffers/cache:       362M       630M
Swap:         8.0G         0B       8.0G

             total       used       free     shared    buffers     cached
Mem:          992M       667M       324M       1.4M        38M       289M
-/+ buffers/cache:       339M       652M
Swap:         8.0G         0B       8.0G

             total       used       free     shared    buffers     cached
Mem:          992M       675M       316M       1.4M        38M       289M
-/+ buffers/cache:       347M       644M
Swap:         8.0G         0B       8.0G

             total       used       free     shared    buffers     cached
Mem:          992M       668M       323M       1.4M        38M       289M
-/+ buffers/cache:       340M       652M
Swap:         8.0G         0B       8.0G

             total       used       free     shared    buffers     cached
Mem:          992M       668M       323M       1.4M        38M       289M
-/+ buffers/cache:       340M       652M
Swap:         8.0G         0B       8.0G

             total       used       free     shared    buffers     cached
Mem:          992M       668M       323M       1.4M        38M       289M
-/+ buffers/cache:       339M       652M
Swap:         8.0G         0B       8.0G

             total       used       free     shared    buffers     cached
Mem:          992M       668M       323M       1.4M        38M       289M
-/+ buffers/cache:       339M       652M
Swap:         8.0G         0B       8.0G

             total       used       free     shared    buffers     cached
Mem:          992M       668M       323M       1.4M        38M       289M
-/+ buffers/cache:       339M       652M
Swap:         8.0G         0B       8.0G

             total       used       free     shared    buffers     cached
Mem:          992M       668M       323M       1.4M        38M       289M
-/+ buffers/cache:       339M       652M
Swap:         8.0G         0B       8.0G

             total       used       free     shared    buffers     cached
Mem:          992M       668M       323M       1.4M        38M       289M
-/+ buffers/cache:       339M       652M
Swap:         8.0G         0B       8.0G

             total       used       free     shared    buffers     cached
Mem:          992M       668M       323M       1.4M        38M       289M
-/+ buffers/cache:       340M       652M
Swap:         8.0G         0B       8.0G

             total       used       free     shared    buffers     cached
Mem:          992M       668M       323M       1.4M        38M       289M
-/+ buffers/cache:       340M       652M
Swap:         8.0G         0B       8.0G

             total       used       free     shared    buffers     cached
Mem:          992M       668M       323M       1.4M        38M       289M
-/+ buffers/cache:       340M       652M
Swap:         8.0G         0B       8.0G

             total       used       free     shared    buffers     cached
Mem:          992M       668M       323M       1.4M        38M       289M
-/+ buffers/cache:       340M       652M
Swap:         8.0G         0B       8.0G

             total       used       free     shared    buffers     cached
Mem:          992M       668M       323M       1.4M        38M       289M
-/+ buffers/cache:       339M       652M
Swap:         8.0G         0B       8.0G

             total       used       free     shared    buffers     cached
Mem:          992M       668M       323M       1.4M        38M       289M
-/+ buffers/cache:       339M       652M
Swap:         8.0G         0B       8.0G

             total       used       free     shared    buffers     cached
Mem:          992M       668M       323M       1.4M        38M       289M
-/+ buffers/cache:       339M       652M
Swap:         8.0G         0B       8.0G

             total       used       free     shared    buffers     cached
Mem:          992M       668M       323M       1.4M        38M       289M
-/+ buffers/cache:       339M       652M
Swap:         8.0G         0B       8.0G

             total       used       free     shared    buffers     cached
Mem:          992M       668M       323M       1.4M        38M       289M
-/+ buffers/cache:       339M       652M
Swap:         8.0G         0B       8.0G

             total       used       free     shared    buffers     cached
Mem:          992M       668M       323M       1.4M        38M       289M
-/+ buffers/cache:       339M       652M
Swap:         8.0G         0B       8.0G

             total       used       free     shared    buffers     cached
Mem:          992M       668M       323M       1.4M        38M       289M
-/+ buffers/cache:       339M       652M
Swap:         8.0G         0B       8.0G

             total       used       free     shared    buffers     cached
Mem:          992M       668M       323M       1.4M        38M       289M
-/+ buffers/cache:       339M       652M
Swap:         8.0G         0B       8.0G

             total       used       free     shared    buffers     cached
Mem:          992M       674M       317M       1.4M        38M       289M
-/+ buffers/cache:       346M       645M
Swap:         8.0G         0B       8.0G

             total       used       free     shared    buffers     cached
Mem:          992M       692M       299M       1.4M        38M       289M
-/+ buffers/cache:       364M       628M
Swap:         8.0G         0B       8.0G

             total       used       free     shared    buffers     cached
Mem:          992M       711M       280M       1.4M        38M       289M
-/+ buffers/cache:       383M       608M
Swap:         8.0G         0B       8.0G

             total       used       free     shared    buffers     cached
Mem:          992M       730M       261M       1.4M        38M       289M
-/+ buffers/cache:       402M       589M
Swap:         8.0G         0B       8.0G

             total       used       free     shared    buffers     cached
Mem:          992M       749M       242M       1.4M        38M       289M
-/+ buffers/cache:       421M       570M
Swap:         8.0G         0B       8.0G

             total       used       free     shared    buffers     cached
Mem:          992M       766M       225M       1.4M        38M       289M
-/+ buffers/cache:       438M       553M
Swap:         8.0G         0B       8.0G

             total       used       free     shared    buffers     cached
Mem:          992M       781M       210M       1.4M        38M       289M
-/+ buffers/cache:       453M       538M
Swap:         8.0G         0B       8.0G

             total       used       free     shared    buffers     cached
Mem:          992M       798M       193M       1.4M        38M       289M
-/+ buffers/cache:       469M       522M
Swap:         8.0G         0B       8.0G

             total       used       free     shared    buffers     cached
Mem:          992M       814M       177M       1.4M        38M       289M
-/+ buffers/cache:       485M       506M
Swap:         8.0G         0B       8.0G

             total       used       free     shared    buffers     cached
Mem:          992M       830M       161M       1.4M        38M       289M
-/+ buffers/cache:       501M       490M
Swap:         8.0G         0B       8.0G

             total       used       free     shared    buffers     cached
Mem:          992M       849M       142M       1.4M        38M       289M
-/+ buffers/cache:       521M       471M
Swap:         8.0G         0B       8.0G

             total       used       free     shared    buffers     cached
Mem:          992M       865M       126M       1.4M        38M       289M
-/+ buffers/cache:       537M       455M
Swap:         8.0G         0B       8.0G

             total       used       free     shared    buffers     cached
Mem:          992M       882M       109M       1.4M        38M       289M
-/+ buffers/cache:       554M       438M
Swap:         8.0G         0B       8.0G

             total       used       free     shared    buffers     cached
Mem:          992M       894M        97M       1.4M        38M       289M
-/+ buffers/cache:       566M       426M
Swap:         8.0G         0B       8.0G

             total       used       free     shared    buffers     cached
Mem:          992M       910M        81M       1.4M        38M       289M
-/+ buffers/cache:       582M       409M
Swap:         8.0G         0B       8.0G

             total       used       free     shared    buffers     cached
Mem:          992M       927M        64M       1.4M        38M       289M
-/+ buffers/cache:       599M       393M
Swap:         8.0G         0B       8.0G

             total       used       free     shared    buffers     cached
Mem:          992M       922M        70M       1.4M        17M       288M
-/+ buffers/cache:       615M       376M
Swap:         8.0G         0B       8.0G

             total       used       free     shared    buffers     cached
Mem:          992M       925M        66M       1.4M        10M       283M
-/+ buffers/cache:       631M       360M
Swap:         8.0G         0B       8.0G

             total       used       free     shared    buffers     cached
Mem:          992M       922M        69M       1.4M        10M       266M
-/+ buffers/cache:       646M       346M
Swap:         8.0G        84K       8.0G

             total       used       free     shared    buffers     cached
Mem:          992M       920M        72M       1.3M       9.7M       248M
-/+ buffers/cache:       662M       330M
Swap:         8.0G       760K       8.0G

             total       used       free     shared    buffers     cached
Mem:          992M       918M        74M       1.2M       9.7M       233M
-/+ buffers/cache:       675M       317M
Swap:         8.0G       5.1M       8.0G

             total       used       free     shared    buffers     cached
Mem:          992M       906M        85M       1.1M       9.6M       209M
-/+ buffers/cache:       687M       305M
Swap:         8.0G       9.5M       8.0G

             total       used       free     shared    buffers     cached
Mem:          992M       921M        70M       1.1M       9.7M       209M
-/+ buffers/cache:       702M       289M
Swap:         8.0G       9.5M       8.0G

             total       used       free     shared    buffers     cached
Mem:          992M       925M        66M       1.1M       3.0M       203M
-/+ buffers/cache:       718M       273M
Swap:         8.0G       9.5M       8.0G

             total       used       free     shared    buffers     cached
Mem:          992M       928M        63M       1.1M       1.9M       192M
-/+ buffers/cache:       734M       257M
Swap:         8.0G       9.5M       8.0G

             total       used       free     shared    buffers     cached
Mem:          992M       922M        69M       1.1M       204K       173M
-/+ buffers/cache:       749M       242M
Swap:         8.0G       9.5M       8.0G

             total       used       free     shared    buffers     cached
Mem:          992M       933M        58M       1.1M       200K       168M
-/+ buffers/cache:       765M       227M
Swap:         8.0G       9.5M       8.0G

             total       used       free     shared    buffers     cached
Mem:          992M       928M        63M       1.1M       204K       148M
-/+ buffers/cache:       780M       211M
Swap:         8.0G       9.5M       8.0G

             total       used       free     shared    buffers     cached
Mem:          992M       918M        73M       1.1M       360K       130M
-/+ buffers/cache:       787M       204M
Swap:         8.0G       9.5M       8.0G

             total       used       free     shared    buffers     cached
Mem:          992M       917M        74M       1.1M       216K       115M
-/+ buffers/cache:       801M       190M
Swap:         8.0G       9.5M       8.0G

             total       used       free     shared    buffers     cached
Mem:          992M       933M        58M       1.1M       220K       115M
-/+ buffers/cache:       817M       174M
Swap:         8.0G       9.5M       8.0G

             total       used       free     shared    buffers     cached
Mem:          992M       932M        59M       1.1M       216K       101M
-/+ buffers/cache:       831M       161M
Swap:         8.0G       9.5M       8.0G

             total       used       free     shared    buffers     cached
Mem:          992M       913M        78M       1.1M       216K        67M
-/+ buffers/cache:       846M       146M
Swap:         8.0G       9.5M       8.0G

             total       used       free     shared    buffers     cached
Mem:          992M       930M        61M       1.1M       220K        67M
-/+ buffers/cache:       863M       129M
Swap:         8.0G       9.5M       8.0G

             total       used       free     shared    buffers     cached
Mem:          992M       930M        62M       1.1M       228K        51M
-/+ buffers/cache:       878M       114M
Swap:         8.0G       9.5M       8.0G

             total       used       free     shared    buffers     cached
Mem:          992M       920M        71M       1.1M       372K        26M
-/+ buffers/cache:       893M        98M
Swap:         8.0G       9.5M       8.0G

             total       used       free     shared    buffers     cached
Mem:          992M       917M        75M       688K       3.1M        14M
-/+ buffers/cache:       899M        92M
Swap:         8.0G        55M       7.9G

             total       used       free     shared    buffers     cached
Mem:          992M       915M        76M       696K       3.1M        13M
-/+ buffers/cache:       899M        92M
Swap:         8.0G        55M       7.9G

             total       used       free     shared    buffers     cached
Mem:          992M       913M        78M       696K       2.4M        12M
-/+ buffers/cache:       898M        93M
Swap:         8.0G        55M       7.9G

             total       used       free     shared    buffers     cached
Mem:          992M       926M        65M       696K       2.4M        12M
-/+ buffers/cache:       911M        81M
Swap:         8.0G        55M       7.9G

             total       used       free     shared    buffers     cached
Mem:          992M       928M        63M       692K       100K       4.8M
-/+ buffers/cache:       923M        68M
Swap:         8.0G        63M       7.9G

             total       used       free     shared    buffers     cached
Mem:          992M       929M        62M       664K       356K       3.3M
-/+ buffers/cache:       925M        66M
Swap:         8.0G        86M       7.9G

             total       used       free     shared    buffers     cached
Mem:          992M       927M        64M       664K       356K       3.3M
-/+ buffers/cache:       923M        68M
Swap:         8.0G        86M       7.9G

             total       used       free     shared    buffers     cached
Mem:          992M       907M        84M       604K       352K       2.6M
-/+ buffers/cache:       904M        87M
Swap:         8.0G       168M       7.8G

             total       used       free     shared    buffers     cached
Mem:          992M       922M        69M       580K       360K       2.6M
-/+ buffers/cache:       919M        72M
Swap:         8.0G       168M       7.8G

             total       used       free     shared    buffers     cached
Mem:          992M       923M        68M       580K       360K       2.6M
-/+ buffers/cache:       920M        71M
Swap:         8.0G       168M       7.8G

             total       used       free     shared    buffers     cached
Mem:          992M       927M        64M       580K       360K       2.8M
-/+ buffers/cache:       924M        67M
Swap:         8.0G       168M       7.8G

             total       used       free     shared    buffers     cached
Mem:          992M       919M        72M       580K       360K       2.8M
-/+ buffers/cache:       916M        75M
Swap:         8.0G       169M       7.8G

             total       used       free     shared    buffers     cached
Mem:          992M       915M        76M       580K       348K       2.8M
-/+ buffers/cache:       912M        80M
Swap:         8.0G       216M       7.8G

             total       used       free     shared    buffers     cached
Mem:          992M       918M        73M       576K       348K       2.8M
-/+ buffers/cache:       915M        76M
Swap:         8.0G       216M       7.8G

             total       used       free     shared    buffers     cached
Mem:          992M       920M        71M       576K       356K       2.8M
-/+ buffers/cache:       917M        75M
Swap:         8.0G       216M       7.8G

             total       used       free     shared    buffers     cached
Mem:          992M       916M        76M       524K       348K       2.6M
-/+ buffers/cache:       913M        78M
Swap:         8.0G       251M       7.8G

             total       used       free     shared    buffers     cached
Mem:          992M       919M        72M       536K       348K       3.0M
-/+ buffers/cache:       915M        76M
Swap:         8.0G       251M       7.8G

             total       used       free     shared    buffers     cached
Mem:          992M       929M        63M       536K       348K       3.0M
-/+ buffers/cache:       925M        66M
Swap:         8.0G       251M       7.8G

             total       used       free     shared    buffers     cached
Mem:          992M       922M        69M       536K       332K       2.7M
-/+ buffers/cache:       919M        72M
Swap:         8.0G       264M       7.7G

             total       used       free     shared    buffers     cached
Mem:          992M       926M        65M       536K       340K       2.7M
-/+ buffers/cache:       923M        68M
Swap:         8.0G       264M       7.7G

             total       used       free     shared    buffers     cached
Mem:          992M       919M        72M       536K       340K       2.7M
-/+ buffers/cache:       916M        75M
Swap:         8.0G       284M       7.7G

             total       used       free     shared    buffers     cached
Mem:          992M       925M        66M       536K       340K       2.7M
-/+ buffers/cache:       922M        69M
Swap:         8.0G       284M       7.7G

             total       used       free     shared    buffers     cached
Mem:          992M       920M        71M       536K       272K       2.7M
-/+ buffers/cache:       917M        74M
Swap:         8.0G       292M       7.7G

             total       used       free     shared    buffers     cached
Mem:          992M       926M        65M       536K       272K       2.7M
-/+ buffers/cache:       923M        68M
Swap:         8.0G       292M       7.7G

             total       used       free     shared    buffers     cached
Mem:          992M       917M        74M       328K       280K       2.5M
-/+ buffers/cache:       914M        77M
Swap:         8.0G       322M       7.7G

             total       used       free     shared    buffers     cached
Mem:          992M       921M        70M       304K       280K       2.5M
-/+ buffers/cache:       918M        73M
Swap:         8.0G       322M       7.7G

             total       used       free     shared    buffers     cached
Mem:          992M       927M        64M       304K       280K       2.5M
-/+ buffers/cache:       924M        67M
Swap:         8.0G       322M       7.7G

             total       used       free     shared    buffers     cached
Mem:          992M       920M        72M       304K       280K       2.5M
-/+ buffers/cache:       917M        74M
Swap:         8.0G       322M       7.7G

             total       used       free     shared    buffers     cached
Mem:          992M       924M        67M       304K       280K       2.5M
-/+ buffers/cache:       921M        70M
Swap:         8.0G       322M       7.7G

             total       used       free     shared    buffers     cached
Mem:          992M       929M        62M       304K       280K       2.5M
-/+ buffers/cache:       926M        65M
Swap:         8.0G       321M       7.7G

             total       used       free     shared    buffers     cached
Mem:          992M       866M       125M        12K        80K       2.1M
-/+ buffers/cache:       864M       127M
Swap:         8.0G       440M       7.6G

             total       used       free     shared    buffers     cached
Mem:          992M       911M        80M         0B        88K       2.0M
-/+ buffers/cache:       909M        82M
Swap:         8.0G       373M       7.6G

             total       used       free     shared    buffers     cached
Mem:          992M       920M        71M         0B        88K       2.0M
-/+ buffers/cache:       918M        73M
Swap:         8.0G       322M       7.7G

             total       used       free     shared    buffers     cached
Mem:          992M       920M        71M         0B        76K       8.4M
-/+ buffers/cache:       911M        80M
Swap:         8.0G       334M       7.7G

             total       used       free     shared    buffers     cached
Mem:          992M       920M        71M         0B       444K       6.9M
-/+ buffers/cache:       913M        79M
Swap:         8.0G       335M       7.7G

             total       used       free     shared    buffers     cached
Mem:          992M       919M        72M         0B       772K       6.9M
-/+ buffers/cache:       911M        80M
Swap:         8.0G       341M       7.7G

             total       used       free     shared    buffers     cached
Mem:          992M       919M        72M         0B       772K       6.9M
-/+ buffers/cache:       911M        80M
Swap:         8.0G       341M       7.7G

             total       used       free     shared    buffers     cached
Mem:          992M       929M        62M         0B       780K       7.2M
-/+ buffers/cache:       921M        70M
Swap:         8.0G       331M       7.7G

             total       used       free     shared    buffers     cached
Mem:          992M       918M        73M         0B       648K       6.1M
-/+ buffers/cache:       912M        80M
Swap:         8.0G       341M       7.7G

             total       used       free     shared    buffers     cached
Mem:          992M       920M        71M         0B       220K       3.1M
-/+ buffers/cache:       917M        74M
Swap:         8.0G       363M       7.6G

             total       used       free     shared    buffers     cached
Mem:          992M       923M        68M         0B       228K       2.4M
-/+ buffers/cache:       921M        70M
Swap:         8.0G       337M       7.7G

             total       used       free     shared    buffers     cached
Mem:          992M       922M        70M         0B       212K       1.9M
-/+ buffers/cache:       919M        72M
Swap:         8.0G       340M       7.7G

             total       used       free     shared    buffers     cached
Mem:          992M       924M        67M         0B        80K       1.8M
-/+ buffers/cache:       922M        69M
Swap:         8.0G       342M       7.7G

             total       used       free     shared    buffers     cached
Mem:          992M       920M        71M         0B        80K       2.0M
-/+ buffers/cache:       918M        73M
Swap:         8.0G       350M       7.7G

             total       used       free     shared    buffers     cached
Mem:          992M       925M        67M         0B        80K       2.1M
-/+ buffers/cache:       923M        69M
Swap:         8.0G       349M       7.7G

             total       used       free     shared    buffers     cached
Mem:          992M       920M        72M         0B        80K       2.0M
-/+ buffers/cache:       917M        74M
Swap:         8.0G       355M       7.6G

             total       used       free     shared    buffers     cached
Mem:          992M       920M        72M         0B        88K       2.0M
-/+ buffers/cache:       917M        74M
Swap:         8.0G       355M       7.7G

             total       used       free     shared    buffers     cached
Mem:          992M       924M        67M         0B        88K       2.0M
-/+ buffers/cache:       922M        70M
Swap:         8.0G       355M       7.7G

             total       used       free     shared    buffers     cached
Mem:          992M       930M        61M         0B        88K       2.0M
-/+ buffers/cache:       928M        63M
Swap:         8.0G       355M       7.7G

             total       used       free     shared    buffers     cached
Mem:          992M       919M        72M         0B        88K       2.0M
-/+ buffers/cache:       917M        75M
Swap:         8.0G       373M       7.6G

             total       used       free     shared    buffers     cached
Mem:          992M       923M        68M         0B        88K       2.0M
-/+ buffers/cache:       921M        70M
Swap:         8.0G       373M       7.6G

             total       used       free     shared    buffers     cached
Mem:          992M       929M        63M         0B        96K       2.0M
-/+ buffers/cache:       926M        65M
Swap:         8.0G       373M       7.6G

             total       used       free     shared    buffers     cached
Mem:          992M       921M        70M         0B        96K       2.0M
-/+ buffers/cache:       919M        72M
Swap:         8.0G       388M       7.6G

             total       used       free     shared    buffers     cached
Mem:          992M       926M        65M         0B        96K       2.0M
-/+ buffers/cache:       924M        67M
Swap:         8.0G       388M       7.6G

             total       used       free     shared    buffers     cached
Mem:          992M       929M        62M         0B        96K       2.0M
-/+ buffers/cache:       927M        64M
Swap:         8.0G       387M       7.6G

             total       used       free     shared    buffers     cached
Mem:          992M       919M        72M         0B        96K       2.0M
-/+ buffers/cache:       917M        74M
Swap:         8.0G       394M       7.6G

             total       used       free     shared    buffers     cached
Mem:          992M       921M        70M         0B       104K       2.0M
-/+ buffers/cache:       919M        72M
Swap:         8.0G       393M       7.6G

             total       used       free     shared    buffers     cached
Mem:          992M       924M        67M         0B       104K       2.0M
-/+ buffers/cache:       922M        70M
Swap:         8.0G       392M       7.6G

             total       used       free     shared    buffers     cached
Mem:          992M       926M        65M         0B       104K       2.0M
-/+ buffers/cache:       924M        67M
Swap:         8.0G       391M       7.6G

             total       used       free     shared    buffers     cached
Mem:          992M       930M        61M         0B       228K       2.6M
-/+ buffers/cache:       927M        64M
Swap:         8.0G       390M       7.6G

             total       used       free     shared    buffers     cached
Mem:          992M       919M        72M         0B       228K       2.6M
-/+ buffers/cache:       916M        75M
Swap:         8.0G       402M       7.6G

             total       used       free     shared    buffers     cached
Mem:          992M       922M        69M         0B       236K       2.8M
-/+ buffers/cache:       919M        72M
Swap:         8.0G       401M       7.6G

             total       used       free     shared    buffers     cached
Mem:          992M       924M        67M         0B       236K       2.8M
-/+ buffers/cache:       921M        70M
Swap:         8.0G       399M       7.6G

             total       used       free     shared    buffers     cached
Mem:          992M       926M        65M         0B       236K       2.8M
-/+ buffers/cache:       923M        68M
Swap:         8.0G       398M       7.6G

             total       used       free     shared    buffers     cached
Mem:          992M       928M        63M         0B       236K       2.8M
-/+ buffers/cache:       925M        66M
Swap:         8.0G       397M       7.6G

             total       used       free     shared    buffers     cached
Mem:          992M       931M        60M         0B       236K       2.8M
-/+ buffers/cache:       928M        64M
Swap:         8.0G       396M       7.6G

             total       used       free     shared    buffers     cached
Mem:          992M       921M        70M         0B       236K       2.8M
-/+ buffers/cache:       918M        73M
Swap:         8.0G       404M       7.6G

             total       used       free     shared    buffers     cached
Mem:          992M       923M        68M         0B       244K       2.8M
-/+ buffers/cache:       920M        71M
Swap:         8.0G       403M       7.6G

             total       used       free     shared    buffers     cached
Mem:          992M       926M        65M         0B       244K       2.8M
-/+ buffers/cache:       923M        68M
Swap:         8.0G       402M       7.6G

             total       used       free     shared    buffers     cached
Mem:          992M       928M        63M         0B       244K       2.8M
-/+ buffers/cache:       925M        66M
Swap:         8.0G       401M       7.6G

             total       used       free     shared    buffers     cached
Mem:          992M       931M        61M         0B       244K       2.8M
-/+ buffers/cache:       928M        64M
Swap:         8.0G       400M       7.6G

             total       used       free     shared    buffers     cached
Mem:          992M       918M        73M         0B       224K       2.9M
-/+ buffers/cache:       915M        76M
Swap:         8.0G       417M       7.6G

             total       used       free     shared    buffers     cached
Mem:          992M       920M        71M         0B       232K       2.9M
-/+ buffers/cache:       917M        74M
Swap:         8.0G       416M       7.6G

             total       used       free     shared    buffers     cached
Mem:          992M       922M        69M         0B       232K       2.9M
-/+ buffers/cache:       919M        72M
Swap:         8.0G       415M       7.6G

             total       used       free     shared    buffers     cached
Mem:          992M       925M        66M         0B       232K       2.9M
-/+ buffers/cache:       922M        70M
Swap:         8.0G       414M       7.6G

             total       used       free     shared    buffers     cached
Mem:          992M       927M        64M         0B       232K       2.9M
-/+ buffers/cache:       924M        67M
Swap:         8.0G       413M       7.6G

             total       used       free     shared    buffers     cached
Mem:          992M       929M        62M         0B       232K       2.9M
-/+ buffers/cache:       926M        65M
Swap:         8.0G       412M       7.6G

             total       used       free     shared    buffers     cached
Mem:          992M       917M        75M         0B       232K       2.8M
-/+ buffers/cache:       914M        78M
Swap:         8.0G       423M       7.6G

             total       used       free     shared    buffers     cached
Mem:          992M       919M        73M         0B       232K       2.8M
-/+ buffers/cache:       916M        76M
Swap:         8.0G       422M       7.6G

             total       used       free     shared    buffers     cached
Mem:          992M       921M        70M         0B       232K       2.8M
-/+ buffers/cache:       918M        73M
Swap:         8.0G       421M       7.6G

             total       used       free     shared    buffers     cached
Mem:          992M       923M        68M         0B       232K       2.8M
-/+ buffers/cache:       920M        71M
Swap:         8.0G       420M       7.6G

             total       used       free     shared    buffers     cached
Mem:          992M       925M        66M         0B       232K       2.8M
-/+ buffers/cache:       922M        69M
Swap:         8.0G       420M       7.6G

             total       used       free     shared    buffers     cached
Mem:          992M       927M        64M         0B       232K       2.8M
-/+ buffers/cache:       924M        67M
Swap:         8.0G       419M       7.6G

             total       used       free     shared    buffers     cached
Mem:          992M       929M        62M         0B       240K       2.8M
-/+ buffers/cache:       926M        65M
Swap:         8.0G       417M       7.6G

             total       used       free     shared    buffers     cached
Mem:          992M       917M        74M         0B       240K       2.8M
-/+ buffers/cache:       914M        77M
Swap:         8.0G       427M       7.6G

             total       used       free     shared    buffers     cached
Mem:          992M       919M        72M         0B       240K       2.8M
-/+ buffers/cache:       916M        75M
Swap:         8.0G       426M       7.6G

             total       used       free     shared    buffers     cached
Mem:          992M       922M        70M         0B       240K       2.8M
-/+ buffers/cache:       919M        73M
Swap:         8.0G       425M       7.6G

             total       used       free     shared    buffers     cached
Mem:          992M       924M        68M         0B       240K       2.8M
-/+ buffers/cache:       921M        71M
Swap:         8.0G       425M       7.6G

             total       used       free     shared    buffers     cached
Mem:          992M       926M        65M         0B       248K       2.7M
-/+ buffers/cache:       923M        68M
Swap:         8.0G       424M       7.6G

             total       used       free     shared    buffers     cached
Mem:          992M       928M        63M         0B       248K       2.8M
-/+ buffers/cache:       925M        66M
Swap:         8.0G       423M       7.6G

             total       used       free     shared    buffers     cached
Mem:          992M       931M        61M         0B       248K       2.8M
-/+ buffers/cache:       928M        64M
Swap:         8.0G       422M       7.6G

             total       used       free     shared    buffers     cached
Mem:          992M       920M        71M         0B       248K       2.8M
-/+ buffers/cache:       917M        74M
Swap:         8.0G       433M       7.6G

             total       used       free     shared    buffers     cached
Mem:          992M       922M        69M         0B       248K       2.8M
-/+ buffers/cache:       919M        72M
Swap:         8.0G       432M       7.6G

             total       used       free     shared    buffers     cached
Mem:          992M       923M        68M         0B       240K        11M
-/+ buffers/cache:       911M        80M
Swap:         8.0G       445M       7.6G

             total       used       free     shared    buffers     cached
Mem:          992M       914M        77M         0B       500K        20M
-/+ buffers/cache:       893M        98M
Swap:         8.0G       474M       7.5G

             total       used       free     shared    buffers     cached
Mem:          992M       916M        75M         0B       816K        20M
-/+ buffers/cache:       896M        96M
Swap:         8.0G       473M       7.5G

             total       used       free     shared    buffers     cached
Mem:          992M       919M        72M         0B       816K        20M
-/+ buffers/cache:       898M        93M
Swap:         8.0G       472M       7.5G

             total       used       free     shared    buffers     cached
Mem:          992M       921M        70M         0B       824K        20M
-/+ buffers/cache:       900M        91M
Swap:         8.0G       471M       7.5G

             total       used       free     shared    buffers     cached
Mem:          992M       924M        67M         0B       824K        20M
-/+ buffers/cache:       903M        88M
Swap:         8.0G       470M       7.5G

             total       used       free     shared    buffers     cached
Mem:          992M       926M        65M         0B       832K        20M
-/+ buffers/cache:       905M        86M
Swap:         8.0G       469M       7.5G

             total       used       free     shared    buffers     cached
Mem:          992M       929M        63M         0B       832K        20M
-/+ buffers/cache:       908M        84M
Swap:         8.0G       468M       7.5G

             total       used       free     shared    buffers     cached
Mem:          992M       931M        60M         0B       832K        20M
-/+ buffers/cache:       910M        81M
Swap:         8.0G       466M       7.5G

             total       used       free     shared    buffers     cached
Mem:          992M       919M        73M         0B       832K        19M
-/+ buffers/cache:       898M        93M
Swap:         8.0G       467M       7.5G

             total       used       free     shared    buffers     cached
Mem:          992M       921M        70M         0B       832K        19M
-/+ buffers/cache:       900M        91M
Swap:         8.0G       466M       7.5G

             total       used       free     shared    buffers     cached
Mem:          992M       923M        68M         0B       840K        19M
-/+ buffers/cache:       903M        88M
Swap:         8.0G       464M       7.5G

             total       used       free     shared    buffers     cached
Mem:          992M       926M        65M         0B       840K        19M
-/+ buffers/cache:       905M        86M
Swap:         8.0G       463M       7.5G

             total       used       free     shared    buffers     cached
Mem:          992M       928M        63M         0B       840K        19M
-/+ buffers/cache:       907M        84M
Swap:         8.0G       462M       7.5G

             total       used       free     shared    buffers     cached
Mem:          992M       930M        61M         0B       840K        19M
-/+ buffers/cache:       909M        82M
Swap:         8.0G       461M       7.5G

             total       used       free     shared    buffers     cached
Mem:          992M       913M        79M         0B       840K        18M
-/+ buffers/cache:       894M        98M
Swap:         8.0G       488M       7.5G

             total       used       free     shared    buffers     cached
Mem:          992M       914M        77M         0B       848K        18M
-/+ buffers/cache:       895M        96M
Swap:         8.0G       487M       7.5G

             total       used       free     shared    buffers     cached
Mem:          992M       916M        75M         0B       848K        18M
-/+ buffers/cache:       897M        94M
Swap:         8.0G       486M       7.5G

             total       used       free     shared    buffers     cached
Mem:          992M       921M        71M         0B       1.1M        19M
-/+ buffers/cache:       900M        91M
Swap:         8.0G       485M       7.5G

             total       used       free     shared    buffers     cached
Mem:          992M       918M        73M         0B       1.2M        24M
-/+ buffers/cache:       892M        99M
Swap:         8.0G       484M       7.5G

             total       used       free     shared    buffers     cached
Mem:          992M       909M        82M        16K       1.2M        26M
-/+ buffers/cache:       881M       110M
Swap:         8.0G       504M       7.5G

             total       used       free     shared    buffers     cached
Mem:          992M       910M        81M        16K       1.2M        26M
-/+ buffers/cache:       882M       109M
Swap:         8.0G       504M       7.5G

             total       used       free     shared    buffers     cached
Mem:          992M       911M        80M        16K       1.2M        26M
-/+ buffers/cache:       883M       108M
Swap:         8.0G       503M       7.5G

             total       used       free     shared    buffers     cached
Mem:          992M       912M        79M        16K       1.2M        26M
-/+ buffers/cache:       884M       107M
Swap:         8.0G       503M       7.5G

             total       used       free     shared    buffers     cached
Mem:          992M       914M        78M        16K       1.2M        26M
-/+ buffers/cache:       886M       106M
Swap:         8.0G       502M       7.5G

             total       used       free     shared    buffers     cached
Mem:          992M       915M        76M        16K       1.2M        26M
-/+ buffers/cache:       887M       104M
Swap:         8.0G       501M       7.5G

             total       used       free     shared    buffers     cached
Mem:          992M       916M        75M        16K       1.2M        26M
-/+ buffers/cache:       888M       103M
Swap:         8.0G       501M       7.5G

             total       used       free     shared    buffers     cached
Mem:          992M       919M        72M        16K       1.2M        27M
-/+ buffers/cache:       890M       101M
Swap:         8.0G       500M       7.5G

             total       used       free     shared    buffers     cached
Mem:          992M       920M        71M        16K       1.2M        27M
-/+ buffers/cache:       891M       100M
Swap:         8.0G       499M       7.5G

             total       used       free     shared    buffers     cached
Mem:          992M       922M        70M        16K       1.2M        27M
-/+ buffers/cache:       893M        99M
Swap:         8.0G       499M       7.5G

             total       used       free     shared    buffers     cached
Mem:          992M       923M        69M        16K       1.2M        27M
-/+ buffers/cache:       894M        97M
Swap:         8.0G       498M       7.5G

             total       used       free     shared    buffers     cached
Mem:          992M       923M        68M        16K       1.2M        27M
-/+ buffers/cache:       895M        97M
Swap:         8.0G       498M       7.5G

             total       used       free     shared    buffers     cached
Mem:          992M       925M        66M        16K       1.2M        27M
-/+ buffers/cache:       896M        95M
Swap:         8.0G       497M       7.5G

             total       used       free     shared    buffers     cached
Mem:          992M       926M        65M        16K       1.3M        27M
-/+ buffers/cache:       897M        94M
Swap:         8.0G       497M       7.5G

             total       used       free     shared    buffers     cached
Mem:          992M       927M        64M        16K       1.3M        27M
-/+ buffers/cache:       898M        93M
Swap:         8.0G       496M       7.5G

             total       used       free     shared    buffers     cached
Mem:          992M       928M        63M        16K       1.3M        27M
-/+ buffers/cache:       899M        92M
Swap:         8.0G       495M       7.5G

             total       used       free     shared    buffers     cached
Mem:          992M       930M        62M        16K       1.3M        27M
-/+ buffers/cache:       901M        91M
Swap:         8.0G       495M       7.5G

             total       used       free     shared    buffers     cached
Mem:          992M       931M        61M        16K       1.3M        27M
-/+ buffers/cache:       902M        90M
Swap:         8.0G       494M       7.5G

             total       used       free     shared    buffers     cached
Mem:          992M       919M        72M        16K       1.3M        27M
-/+ buffers/cache:       890M       101M
Swap:         8.0G       495M       7.5G

             total       used       free     shared    buffers     cached
Mem:          992M       920M        71M        16K       1.3M        27M
-/+ buffers/cache:       892M       100M
Swap:         8.0G       494M       7.5G

             total       used       free     shared    buffers     cached
Mem:          992M       921M        70M        16K       1.3M        27M
-/+ buffers/cache:       893M        98M
Swap:         8.0G       494M       7.5G

             total       used       free     shared    buffers     cached
Mem:          992M       923M        69M        16K       1.3M        27M
-/+ buffers/cache:       894M        97M
Swap:         8.0G       493M       7.5G

             total       used       free     shared    buffers     cached
Mem:          992M       924M        67M        16K       1.3M        27M
-/+ buffers/cache:       895M        96M
Swap:         8.0G       492M       7.5G

             total       used       free     shared    buffers     cached
Mem:          992M       925M        66M        16K       1.3M        27M
-/+ buffers/cache:       897M        95M
Swap:         8.0G       492M       7.5G

             total       used       free     shared    buffers     cached
Mem:          992M       927M        65M        16K       1.3M        27M
-/+ buffers/cache:       898M        93M
Swap:         8.0G       491M       7.5G

             total       used       free     shared    buffers     cached
Mem:          992M       928M        63M        16K       1.3M        27M
-/+ buffers/cache:       900M        92M
Swap:         8.0G       490M       7.5G

             total       used       free     shared    buffers     cached
Mem:          992M       929M        62M        16K       1.3M        27M
-/+ buffers/cache:       901M        91M
Swap:         8.0G       490M       7.5G

             total       used       free     shared    buffers     cached
Mem:          992M       931M        61M        16K       1.3M        27M
-/+ buffers/cache:       902M        89M
Swap:         8.0G       489M       7.5G

             total       used       free     shared    buffers     cached
Mem:          992M       916M        75M        16K       1.3M        26M
-/+ buffers/cache:       888M       103M
Swap:         8.0G       508M       7.5G

             total       used       free     shared    buffers     cached
Mem:          992M       917M        74M        16K       1.3M        26M
-/+ buffers/cache:       890M       102M
Swap:         8.0G       508M       7.5G

             total       used       free     shared    buffers     cached
Mem:          992M       918M        73M        16K       1.3M        26M
-/+ buffers/cache:       891M       100M
Swap:         8.0G       507M       7.5G

             total       used       free     shared    buffers     cached
Mem:          992M       920M        72M        16K       1.3M        26M
-/+ buffers/cache:       892M        99M
Swap:         8.0G       507M       7.5G

             total       used       free     shared    buffers     cached
Mem:          992M       921M        70M        16K       1.3M        26M
-/+ buffers/cache:       893M        98M
Swap:         8.0G       506M       7.5G

             total       used       free     shared    buffers     cached
Mem:          992M       922M        69M        16K       1.3M        26M
-/+ buffers/cache:       895M        96M
Swap:         8.0G       505M       7.5G

             total       used       free     shared    buffers     cached
Mem:          992M       924M        68M        16K       1.3M        26M
-/+ buffers/cache:       896M        95M
Swap:         8.0G       505M       7.5G

             total       used       free     shared    buffers     cached
Mem:          992M       925M        66M        16K       1.3M        26M
-/+ buffers/cache:       897M        94M
Swap:         8.0G       504M       7.5G

             total       used       free     shared    buffers     cached
Mem:          992M       926M        65M        16K       1.3M        26M
-/+ buffers/cache:       899M        93M
Swap:         8.0G       504M       7.5G

             total       used       free     shared    buffers     cached
Mem:          992M       927M        64M        16K       1.3M        26M
-/+ buffers/cache:       900M        91M
Swap:         8.0G       503M       7.5G

             total       used       free     shared    buffers     cached
Mem:          992M       929M        62M        16K       1.3M        26M
-/+ buffers/cache:       901M        90M
Swap:         8.0G       502M       7.5G

             total       used       free     shared    buffers     cached
Mem:          992M       930M        61M        16K       1.3M        26M
-/+ buffers/cache:       903M        89M
Swap:         8.0G       502M       7.5G

             total       used       free     shared    buffers     cached
Mem:          992M       918M        73M        16K       1.3M        29M
-/+ buffers/cache:       887M       104M
Swap:         8.0G       507M       7.5G

             total       used       free     shared    buffers     cached
Mem:          992M       919M        72M        16K       1.3M        29M
-/+ buffers/cache:       888M       103M
Swap:         8.0G       506M       7.5G

             total       used       free     shared    buffers     cached
Mem:          992M       920M        71M        16K       1.3M        29M
-/+ buffers/cache:       889M       102M
Swap:         8.0G       505M       7.5G

             total       used       free     shared    buffers     cached
Mem:          992M       922M        70M        16K       1.3M        29M
-/+ buffers/cache:       890M       101M
Swap:         8.0G       505M       7.5G

             total       used       free     shared    buffers     cached
Mem:          992M       923M        68M        16K       1.3M        29M
-/+ buffers/cache:       892M        99M
Swap:         8.0G       504M       7.5G

             total       used       free     shared    buffers     cached
Mem:          992M       924M        67M        16K       1.3M        29M
-/+ buffers/cache:       893M        98M
Swap:         8.0G       503M       7.5G

             total       used       free     shared    buffers     cached
Mem:          992M       925M        66M        16K       1.3M        29M
-/+ buffers/cache:       894M        97M
Swap:         8.0G       503M       7.5G

             total       used       free     shared    buffers     cached
Mem:          992M       926M        65M        16K       1.3M        29M
-/+ buffers/cache:       895M        96M
Swap:         8.0G       502M       7.5G

             total       used       free     shared    buffers     cached
Mem:          992M       928M        64M        16K       1.3M        29M
-/+ buffers/cache:       896M        95M
Swap:         8.0G       502M       7.5G

             total       used       free     shared    buffers     cached
Mem:          992M       929M        62M        16K       1.3M        29M
-/+ buffers/cache:       898M        93M
Swap:         8.0G       501M       7.5G

             total       used       free     shared    buffers     cached
Mem:          992M       930M        61M        16K       1.3M        29M
-/+ buffers/cache:       899M        92M
Swap:         8.0G       500M       7.5G

             total       used       free     shared    buffers     cached
Mem:          992M       914M        77M        16K       624K        26M
-/+ buffers/cache:       887M       105M
Swap:         8.0G       516M       7.5G

             total       used       free     shared    buffers     cached
Mem:          992M       916M        76M        16K       624K        26M
-/+ buffers/cache:       888M       103M
Swap:         8.0G       515M       7.5G

             total       used       free     shared    buffers     cached
Mem:          992M       917M        74M        16K       624K        26M
-/+ buffers/cache:       889M       102M
Swap:         8.0G       514M       7.5G

             total       used       free     shared    buffers     cached
Mem:          992M       918M        73M        16K       624K        26M
-/+ buffers/cache:       891M       101M
Swap:         8.0G       514M       7.5G

             total       used       free     shared    buffers     cached
Mem:          992M       919M        72M        16K       624K        26M
-/+ buffers/cache:       892M        99M
Swap:         8.0G       513M       7.5G

             total       used       free     shared    buffers     cached
Mem:          992M       920M        71M        16K       624K        26M
-/+ buffers/cache:       893M        98M
Swap:         8.0G       513M       7.5G

             total       used       free     shared    buffers     cached
Mem:          992M       922M        69M        16K       632K        26M
-/+ buffers/cache:       894M        97M
Swap:         8.0G       512M       7.5G

             total       used       free     shared    buffers     cached
Mem:          992M       923M        68M        16K       632K        26M
-/+ buffers/cache:       896M        96M
Swap:         8.0G       511M       7.5G

             total       used       free     shared    buffers     cached
Mem:          992M       925M        66M        16K       632K        26M
-/+ buffers/cache:       897M        94M
Swap:         8.0G       510M       7.5G

             total       used       free     shared    buffers     cached
Mem:          992M       926M        65M        16K       632K        26M
-/+ buffers/cache:       899M        93M
Swap:         8.0G       510M       7.5G

             total       used       free     shared    buffers     cached
Mem:          992M       927M        64M        16K       632K        26M
-/+ buffers/cache:       900M        91M
Swap:         8.0G       509M       7.5G

             total       used       free     shared    buffers     cached
Mem:          992M       929M        62M        16K       640K        27M
-/+ buffers/cache:       901M        90M
Swap:         8.0G       508M       7.5G

             total       used       free     shared    buffers     cached
Mem:          992M       930M        61M        16K       640K        27M
-/+ buffers/cache:       902M        89M
Swap:         8.0G       508M       7.5G

             total       used       free     shared    buffers     cached
Mem:          992M       919M        72M        16K       180K        26M
-/+ buffers/cache:       893M        99M
Swap:         8.0G       516M       7.5G

             total       used       free     shared    buffers     cached
Mem:          992M       922M        70M        16K       316K        27M
-/+ buffers/cache:       894M        97M
Swap:         8.0G       515M       7.5G

             total       used       free     shared    buffers     cached
Mem:          992M       923M        69M        20K       316K        27M
-/+ buffers/cache:       895M        96M
Swap:         8.0G       515M       7.5G

             total       used       free     shared    buffers     cached
Mem:          992M       930M        61M        20K       316K        28M
-/+ buffers/cache:       901M        90M
Swap:         8.0G       512M       7.5G

             total       used       free     shared    buffers     cached
Mem:          992M       915M        76M        20K       324K        25M
-/+ buffers/cache:       889M       102M
Swap:         8.0G       533M       7.5G

             total       used       free     shared    buffers     cached
Mem:          992M       923M        68M        20K       324K        28M
-/+ buffers/cache:       894M        97M
Swap:         8.0G       531M       7.5G

             total       used       free     shared    buffers     cached
Mem:          992M       924M        67M        20K       324K        28M
-/+ buffers/cache:       895M        96M
Swap:         8.0G       530M       7.5G

             total       used       free     shared    buffers     cached
Mem:          992M       925M        66M        20K       324K        28M
-/+ buffers/cache:       896M        95M
Swap:         8.0G       530M       7.5G

             total       used       free     shared    buffers     cached
Mem:          992M       926M        65M        20K       324K        28M
-/+ buffers/cache:       897M        94M
Swap:         8.0G       530M       7.5G

             total       used       free     shared    buffers     cached
Mem:          992M       926M        65M        20K       332K        28M
-/+ buffers/cache:       897M        94M
Swap:         8.0G       529M       7.5G

             total       used       free     shared    buffers     cached
Mem:          992M       927M        64M        20K       332K        28M
-/+ buffers/cache:       898M        93M
Swap:         8.0G       529M       7.5G

             total       used       free     shared    buffers     cached
Mem:          992M       928M        63M        20K       332K        28M
-/+ buffers/cache:       899M        92M
Swap:         8.0G       529M       7.5G

             total       used       free     shared    buffers     cached
Mem:          992M       929M        62M        20K       332K        28M
-/+ buffers/cache:       900M        92M
Swap:         8.0G       529M       7.5G

             total       used       free     shared    buffers     cached
Mem:          992M       930M        62M        20K       332K        28M
-/+ buffers/cache:       900M        91M
Swap:         8.0G       528M       7.5G

             total       used       free     shared    buffers     cached
Mem:          992M       930M        61M        20K       332K        28M
-/+ buffers/cache:       901M        90M
Swap:         8.0G       528M       7.5G

             total       used       free     shared    buffers     cached
Mem:          992M       921M        71M       124K       340K        29M
-/+ buffers/cache:       891M       100M
Swap:         8.0G       530M       7.5G

             total       used       free     shared    buffers     cached
Mem:          992M       909M        82M       192K       1.6M        40M
-/+ buffers/cache:       867M       125M
Swap:         8.0G       556M       7.5G

             total       used       free     shared    buffers     cached
Mem:          992M       913M        79M       3.9M       4.8M        59M
-/+ buffers/cache:       848M       143M
Swap:         8.0G       579M       7.4G

             total       used       free     shared    buffers     cached
Mem:          992M       930M        61M       256K       5.0M        64M
-/+ buffers/cache:       860M       131M
Swap:         8.0G       575M       7.4G

             total       used       free     shared    buffers     cached
Mem:          992M       919M        73M       216K       4.0M        59M
-/+ buffers/cache:       855M       136M
Swap:         8.0G       587M       7.4G

             total       used       free     shared    buffers     cached
Mem:          992M       919M        72M       216K       4.0M        59M
-/+ buffers/cache:       856M       136M
Swap:         8.0G       587M       7.4G

             total       used       free     shared    buffers     cached
Mem:          992M       920M        71M       216K       4.0M        59M
-/+ buffers/cache:       857M       134M
Swap:         8.0G       587M       7.4G

             total       used       free     shared    buffers     cached
Mem:          992M       921M        70M       216K       4.0M        59M
-/+ buffers/cache:       858M       133M
Swap:         8.0G       586M       7.4G

             total       used       free     shared    buffers     cached
Mem:          992M       924M        67M       216K       4.2M        60M
-/+ buffers/cache:       860M       132M
Swap:         8.0G       585M       7.4G

             total       used       free     shared    buffers     cached
Mem:          992M       925M        66M       216K       4.2M        60M
-/+ buffers/cache:       861M       130M
Swap:         8.0G       585M       7.4G

             total       used       free     shared    buffers     cached
Mem:          992M       926M        65M       216K       4.2M        60M
-/+ buffers/cache:       862M       129M
Swap:         8.0G       584M       7.4G

             total       used       free     shared    buffers     cached
Mem:          992M       928M        64M       216K       4.2M        60M
-/+ buffers/cache:       863M       128M
Swap:         8.0G       584M       7.4G

             total       used       free     shared    buffers     cached
Mem:          992M       929M        62M       216K       4.2M        60M
-/+ buffers/cache:       865M       126M
Swap:         8.0G       583M       7.4G

             total       used       free     shared    buffers     cached
Mem:          992M       930M        61M       216K       4.2M        60M
-/+ buffers/cache:       866M       125M
Swap:         8.0G       583M       7.4G

             total       used       free     shared    buffers     cached
Mem:          992M       919M        72M       216K       4.2M        59M
-/+ buffers/cache:       855M       136M
Swap:         8.0G       584M       7.4G

             total       used       free     shared    buffers     cached
Mem:          992M       920M        71M       216K       4.2M        59M
-/+ buffers/cache:       856M       135M
Swap:         8.0G       583M       7.4G

             total       used       free     shared    buffers     cached
Mem:          992M       922M        69M       216K       4.2M        60M
-/+ buffers/cache:       858M       134M
Swap:         8.0G       583M       7.4G

             total       used       free     shared    buffers     cached
Mem:          992M       924M        68M       216K       4.2M        60M
-/+ buffers/cache:       859M       132M
Swap:         8.0G       582M       7.4G

             total       used       free     shared    buffers     cached
Mem:          992M       925M        66M       216K       4.2M        60M
-/+ buffers/cache:       860M       131M
Swap:         8.0G       582M       7.4G

             total       used       free     shared    buffers     cached
Mem:          992M       926M        65M       216K       4.2M        60M
-/+ buffers/cache:       861M       130M
Swap:         8.0G       581M       7.4G

             total       used       free     shared    buffers     cached
Mem:          992M       927M        64M       216K       4.2M        60M
-/+ buffers/cache:       863M       128M
Swap:         8.0G       580M       7.4G

             total       used       free     shared    buffers     cached
Mem:          992M       929M        62M       216K       4.2M        60M
-/+ buffers/cache:       864M       127M
Swap:         8.0G       580M       7.4G

             total       used       free     shared    buffers     cached
Mem:          992M       930M        61M       216K       4.2M        60M
-/+ buffers/cache:       865M       126M
Swap:         8.0G       579M       7.4G

             total       used       free     shared    buffers     cached
Mem:          992M       911M        81M       216K       4.2M        58M
-/+ buffers/cache:       848M       143M
Swap:         8.0G       601M       7.4G

             total       used       free     shared    buffers     cached
Mem:          992M       912M        79M       216K       4.2M        58M
-/+ buffers/cache:       850M       142M
Swap:         8.0G       600M       7.4G

             total       used       free     shared    buffers     cached
Mem:          992M       913M        78M       216K       4.2M        58M
-/+ buffers/cache:       851M       141M
Swap:         8.0G       599M       7.4G

             total       used       free     shared    buffers     cached
Mem:          992M       914M        77M       216K       4.2M        58M
-/+ buffers/cache:       852M       139M
Swap:         8.0G       599M       7.4G

             total       used       free     shared    buffers     cached
Mem:          992M       916M        75M       216K       4.2M        58M
-/+ buffers/cache:       853M       138M
Swap:         8.0G       598M       7.4G

             total       used       free     shared    buffers     cached
Mem:          992M       917M        74M       216K       4.2M        58M
-/+ buffers/cache:       854M       137M
Swap:         8.0G       598M       7.4G

             total       used       free     shared    buffers     cached
Mem:          992M       918M        73M       216K       4.2M        58M
-/+ buffers/cache:       856M       136M
Swap:         8.0G       597M       7.4G

             total       used       free     shared    buffers     cached
Mem:          992M       920M        72M       216K       4.2M        58M
-/+ buffers/cache:       857M       134M
Swap:         8.0G       596M       7.4G

             total       used       free     shared    buffers     cached
Mem:          992M       921M        70M       216K       4.2M        58M
-/+ buffers/cache:       858M       133M
Swap:         8.0G       596M       7.4G

             total       used       free     shared    buffers     cached
Mem:          992M       922M        69M       216K       4.2M        58M
-/+ buffers/cache:       860M       132M
Swap:         8.0G       595M       7.4G

             total       used       free     shared    buffers     cached
Mem:          992M       923M        68M       216K       4.2M        58M
-/+ buffers/cache:       861M       130M
Swap:         8.0G       595M       7.4G

             total       used       free     shared    buffers     cached
Mem:          992M       925M        66M       216K       4.2M        58M
-/+ buffers/cache:       862M       129M
Swap:         8.0G       594M       7.4G

             total       used       free     shared    buffers     cached
Mem:          992M       926M        65M       216K       4.2M        58M
-/+ buffers/cache:       864M       127M
Swap:         8.0G       593M       7.4G

             total       used       free     shared    buffers     cached
Mem:          992M       928M        64M       216K       4.2M        58M
-/+ buffers/cache:       865M       126M
Swap:         8.0G       593M       7.4G

             total       used       free     shared    buffers     cached
Mem:          992M       929M        62M       216K       4.2M        58M
-/+ buffers/cache:       866M       125M
Swap:         8.0G       592M       7.4G

             total       used       free     shared    buffers     cached
Mem:          992M       930M        61M       216K       4.2M        58M
-/+ buffers/cache:       868M       124M
Swap:         8.0G       592M       7.4G

             total       used       free     shared    buffers     cached
Mem:          992M       919M        72M       216K       4.2M        57M
-/+ buffers/cache:       858M       133M
Swap:         8.0G       591M       7.4G

             total       used       free     shared    buffers     cached
Mem:          992M       920M        71M       216K       4.2M        57M
-/+ buffers/cache:       859M       132M
Swap:         8.0G       590M       7.4G

             total       used       free     shared    buffers     cached
Mem:          992M       922M        70M       216K       4.2M        57M
-/+ buffers/cache:       860M       131M
Swap:         8.0G       590M       7.4G

             total       used       free     shared    buffers     cached
Mem:          992M       923M        68M       216K       4.2M        57M
-/+ buffers/cache:       861M       130M
Swap:         8.0G       589M       7.4G

             total       used       free     shared    buffers     cached
Mem:          992M       915M        76M       240K       7.2M        68M
-/+ buffers/cache:       839M       152M
Swap:         8.0G       616M       7.4G
