             total       used       free     shared    buffers     cached
Mem:          2.0G       656M       1.3G       3.2M        38M       286M
-/+ buffers/cache:       330M       1.6G
Swap:         8.0G         0B       8.0G

             total       used       free     shared    buffers     cached
Mem:          2.0G       655M       1.3G       1.5M        38M       285M
-/+ buffers/cache:       330M       1.6G
Swap:         8.0G         0B       8.0G

             total       used       free     shared    buffers     cached
Mem:          2.0G       655M       1.3G       1.4M        38M       285M
-/+ buffers/cache:       330M       1.6G
Swap:         8.0G         0B       8.0G

             total       used       free     shared    buffers     cached
Mem:          2.0G       655M       1.3G       1.4M        38M       285M
-/+ buffers/cache:       330M       1.6G
Swap:         8.0G         0B       8.0G

             total       used       free     shared    buffers     cached
Mem:          2.0G       655M       1.3G       1.4M        38M       285M
-/+ buffers/cache:       330M       1.6G
Swap:         8.0G         0B       8.0G

             total       used       free     shared    buffers     cached
Mem:          2.0G       655M       1.3G       1.4M        38M       285M
-/+ buffers/cache:       330M       1.6G
Swap:         8.0G         0B       8.0G

             total       used       free     shared    buffers     cached
Mem:          2.0G       655M       1.3G       1.4M        38M       285M
-/+ buffers/cache:       330M       1.6G
Swap:         8.0G         0B       8.0G

             total       used       free     shared    buffers     cached
Mem:          2.0G       655M       1.3G       1.4M        38M       285M
-/+ buffers/cache:       330M       1.6G
Swap:         8.0G         0B       8.0G

             total       used       free     shared    buffers     cached
Mem:          2.0G       654M       1.3G       1.4M        39M       285M
-/+ buffers/cache:       330M       1.6G
Swap:         8.0G         0B       8.0G

             total       used       free     shared    buffers     cached
Mem:          2.0G       658M       1.3G       1.4M        39M       285M
-/+ buffers/cache:       333M       1.6G
Swap:         8.0G         0B       8.0G

             total       used       free     shared    buffers     cached
Mem:          2.0G       677M       1.3G       1.5M        39M       285M
-/+ buffers/cache:       352M       1.6G
Swap:         8.0G         0B       8.0G

             total       used       free     shared    buffers     cached
Mem:          2.0G       703M       1.3G       1.5M        39M       286M
-/+ buffers/cache:       377M       1.6G
Swap:         8.0G         0B       8.0G

             total       used       free     shared    buffers     cached
Mem:          2.0G       684M       1.3G       1.5M        39M       289M
-/+ buffers/cache:       355M       1.6G
Swap:         8.0G         0B       8.0G

             total       used       free     shared    buffers     cached
Mem:          2.0G       703M       1.3G       1.5M        39M       290M
-/+ buffers/cache:       373M       1.6G
Swap:         8.0G         0B       8.0G

             total       used       free     shared    buffers     cached
Mem:          2.0G       734M       1.2G       1.5M        39M       290M
-/+ buffers/cache:       405M       1.6G
Swap:         8.0G         0B       8.0G

             total       used       free     shared    buffers     cached
Mem:          2.0G       737M       1.2G       1.5M        39M       290M
-/+ buffers/cache:       407M       1.6G
Swap:         8.0G         0B       8.0G

             total       used       free     shared    buffers     cached
Mem:          2.0G       719M       1.3G       1.5M        39M       292M
-/+ buffers/cache:       387M       1.6G
Swap:         8.0G         0B       8.0G

             total       used       free     shared    buffers     cached
Mem:          2.0G       722M       1.2G       1.5M        39M       295M
-/+ buffers/cache:       388M       1.6G
Swap:         8.0G         0B       8.0G

             total       used       free     shared    buffers     cached
Mem:          2.0G       722M       1.2G       1.5M        39M       295M
-/+ buffers/cache:       388M       1.6G
Swap:         8.0G         0B       8.0G

             total       used       free     shared    buffers     cached
Mem:          2.0G       722M       1.2G       1.5M        39M       295M
-/+ buffers/cache:       388M       1.6G
Swap:         8.0G         0B       8.0G

             total       used       free     shared    buffers     cached
Mem:          2.0G       722M       1.2G       1.5M        39M       295M
-/+ buffers/cache:       388M       1.6G
Swap:         8.0G         0B       8.0G

             total       used       free     shared    buffers     cached
Mem:          2.0G       723M       1.2G       1.5M        39M       295M
-/+ buffers/cache:       388M       1.6G
Swap:         8.0G         0B       8.0G

             total       used       free     shared    buffers     cached
Mem:          2.0G       723M       1.2G       1.5M        39M       295M
-/+ buffers/cache:       388M       1.6G
Swap:         8.0G         0B       8.0G

             total       used       free     shared    buffers     cached
Mem:          2.0G       723M       1.2G       1.5M        39M       295M
-/+ buffers/cache:       388M       1.6G
Swap:         8.0G         0B       8.0G

             total       used       free     shared    buffers     cached
Mem:          2.0G       723M       1.2G       1.5M        39M       295M
-/+ buffers/cache:       388M       1.6G
Swap:         8.0G         0B       8.0G

             total       used       free     shared    buffers     cached
Mem:          2.0G       722M       1.2G       1.5M        39M       295M
-/+ buffers/cache:       388M       1.6G
Swap:         8.0G         0B       8.0G

             total       used       free     shared    buffers     cached
Mem:          2.0G       722M       1.2G       1.5M        39M       295M
-/+ buffers/cache:       388M       1.6G
Swap:         8.0G         0B       8.0G

             total       used       free     shared    buffers     cached
Mem:          2.0G       722M       1.2G       1.5M        39M       295M
-/+ buffers/cache:       388M       1.6G
Swap:         8.0G         0B       8.0G

             total       used       free     shared    buffers     cached
Mem:          2.0G       722M       1.2G       1.5M        39M       295M
-/+ buffers/cache:       388M       1.6G
Swap:         8.0G         0B       8.0G

             total       used       free     shared    buffers     cached
Mem:          2.0G       722M       1.2G       1.5M        39M       295M
-/+ buffers/cache:       388M       1.6G
Swap:         8.0G         0B       8.0G

             total       used       free     shared    buffers     cached
Mem:          2.0G       722M       1.2G       1.5M        39M       295M
-/+ buffers/cache:       388M       1.6G
Swap:         8.0G         0B       8.0G

             total       used       free     shared    buffers     cached
Mem:          2.0G       722M       1.2G       1.5M        39M       295M
-/+ buffers/cache:       388M       1.6G
Swap:         8.0G         0B       8.0G

             total       used       free     shared    buffers     cached
Mem:          2.0G       722M       1.2G       1.5M        39M       295M
-/+ buffers/cache:       388M       1.6G
Swap:         8.0G         0B       8.0G

             total       used       free     shared    buffers     cached
Mem:          2.0G       728M       1.2G       1.5M        39M       295M
-/+ buffers/cache:       393M       1.6G
Swap:         8.0G         0B       8.0G

             total       used       free     shared    buffers     cached
Mem:          2.0G       744M       1.2G       1.5M        39M       295M
-/+ buffers/cache:       409M       1.6G
Swap:         8.0G         0B       8.0G

             total       used       free     shared    buffers     cached
Mem:          2.0G       759M       1.2G       1.5M        39M       295M
-/+ buffers/cache:       424M       1.5G
Swap:         8.0G         0B       8.0G

             total       used       free     shared    buffers     cached
Mem:          2.0G       775M       1.2G       1.5M        39M       295M
-/+ buffers/cache:       440M       1.5G
Swap:         8.0G         0B       8.0G

             total       used       free     shared    buffers     cached
Mem:          2.0G       791M       1.2G       1.5M        39M       295M
-/+ buffers/cache:       456M       1.5G
Swap:         8.0G         0B       8.0G

             total       used       free     shared    buffers     cached
Mem:          2.0G       807M       1.2G       1.5M        39M       295M
-/+ buffers/cache:       472M       1.5G
Swap:         8.0G         0B       8.0G

             total       used       free     shared    buffers     cached
Mem:          2.0G       822M       1.2G       1.5M        39M       295M
-/+ buffers/cache:       487M       1.5G
Swap:         8.0G         0B       8.0G

             total       used       free     shared    buffers     cached
Mem:          2.0G       836M       1.1G       1.5M        39M       295M
-/+ buffers/cache:       501M       1.5G
Swap:         8.0G         0B       8.0G

             total       used       free     shared    buffers     cached
Mem:          2.0G       850M       1.1G       1.5M        39M       295M
-/+ buffers/cache:       516M       1.4G
Swap:         8.0G         0B       8.0G

             total       used       free     shared    buffers     cached
Mem:          2.0G       865M       1.1G       1.5M        39M       295M
-/+ buffers/cache:       531M       1.4G
Swap:         8.0G         0B       8.0G

             total       used       free     shared    buffers     cached
Mem:          2.0G       883M       1.1G       1.5M        39M       295M
-/+ buffers/cache:       549M       1.4G
Swap:         8.0G         0B       8.0G

             total       used       free     shared    buffers     cached
Mem:          2.0G       898M       1.1G       1.5M        39M       295M
-/+ buffers/cache:       564M       1.4G
Swap:         8.0G         0B       8.0G

             total       used       free     shared    buffers     cached
Mem:          2.0G       913M       1.1G       1.5M        39M       295M
-/+ buffers/cache:       579M       1.4G
Swap:         8.0G         0B       8.0G

             total       used       free     shared    buffers     cached
Mem:          2.0G       928M       1.0G       1.5M        39M       295M
-/+ buffers/cache:       593M       1.4G
Swap:         8.0G         0B       8.0G

             total       used       free     shared    buffers     cached
Mem:          2.0G       941M       1.0G       1.5M        39M       295M
-/+ buffers/cache:       607M       1.4G
Swap:         8.0G         0B       8.0G

             total       used       free     shared    buffers     cached
Mem:          2.0G       952M       1.0G       1.5M        39M       295M
-/+ buffers/cache:       617M       1.4G
Swap:         8.0G         0B       8.0G

             total       used       free     shared    buffers     cached
Mem:          2.0G       967M       1.0G       1.5M        39M       295M
-/+ buffers/cache:       632M       1.3G
Swap:         8.0G         0B       8.0G

             total       used       free     shared    buffers     cached
Mem:          2.0G       981M       1.0G       1.5M        39M       295M
-/+ buffers/cache:       646M       1.3G
Swap:         8.0G         0B       8.0G

             total       used       free     shared    buffers     cached
Mem:          2.0G       994M       1.0G       1.5M        39M       295M
-/+ buffers/cache:       659M       1.3G
Swap:         8.0G         0B       8.0G

             total       used       free     shared    buffers     cached
Mem:          2.0G       1.0G       992M       1.5M        39M       295M
-/+ buffers/cache:       673M       1.3G
Swap:         8.0G         0B       8.0G

             total       used       free     shared    buffers     cached
Mem:          2.0G       1.0G       977M       1.5M        39M       295M
-/+ buffers/cache:       687M       1.3G
Swap:         8.0G         0B       8.0G

             total       used       free     shared    buffers     cached
Mem:          2.0G       1.0G       964M       1.5M        39M       295M
-/+ buffers/cache:       700M       1.3G
Swap:         8.0G         0B       8.0G

             total       used       free     shared    buffers     cached
Mem:          2.0G       1.0G       951M       1.5M        39M       295M
-/+ buffers/cache:       714M       1.3G
Swap:         8.0G         0B       8.0G

             total       used       free     shared    buffers     cached
Mem:          2.0G       1.0G       937M       1.5M        39M       295M
-/+ buffers/cache:       727M       1.2G
Swap:         8.0G         0B       8.0G

             total       used       free     shared    buffers     cached
Mem:          2.0G       1.1G       923M       1.5M        39M       295M
-/+ buffers/cache:       741M       1.2G
Swap:         8.0G         0B       8.0G

             total       used       free     shared    buffers     cached
Mem:          2.0G       1.1G       910M       1.5M        39M       295M
-/+ buffers/cache:       754M       1.2G
Swap:         8.0G         0B       8.0G

             total       used       free     shared    buffers     cached
Mem:          2.0G       1.1G       897M       1.5M        39M       295M
-/+ buffers/cache:       767M       1.2G
Swap:         8.0G         0B       8.0G

             total       used       free     shared    buffers     cached
Mem:          2.0G       1.1G       883M       1.5M        39M       295M
-/+ buffers/cache:       781M       1.2G
Swap:         8.0G         0B       8.0G

             total       used       free     shared    buffers     cached
Mem:          2.0G       1.1G       869M       1.5M        39M       295M
-/+ buffers/cache:       795M       1.2G
Swap:         8.0G         0B       8.0G

             total       used       free     shared    buffers     cached
Mem:          2.0G       1.1G       856M       1.5M        39M       295M
-/+ buffers/cache:       808M       1.2G
Swap:         8.0G         0B       8.0G

             total       used       free     shared    buffers     cached
Mem:          2.0G       1.1G       842M       1.5M        39M       295M
-/+ buffers/cache:       822M       1.1G
Swap:         8.0G         0B       8.0G

             total       used       free     shared    buffers     cached
Mem:          2.0G       1.1G       829M       1.5M        39M       295M
-/+ buffers/cache:       836M       1.1G
Swap:         8.0G         0B       8.0G

             total       used       free     shared    buffers     cached
Mem:          2.0G       1.2G       820M       1.5M        39M       295M
-/+ buffers/cache:       844M       1.1G
Swap:         8.0G         0B       8.0G

             total       used       free     shared    buffers     cached
Mem:          2.0G       1.2G       806M       1.5M        39M       295M
-/+ buffers/cache:       858M       1.1G
Swap:         8.0G         0B       8.0G

             total       used       free     shared    buffers     cached
Mem:          2.0G       1.2G       792M       1.5M        39M       295M
-/+ buffers/cache:       872M       1.1G
Swap:         8.0G         0B       8.0G

             total       used       free     shared    buffers     cached
Mem:          2.0G       1.2G       778M       1.5M        39M       295M
-/+ buffers/cache:       886M       1.1G
Swap:         8.0G         0B       8.0G

             total       used       free     shared    buffers     cached
Mem:          2.0G       1.2G       763M       1.5M        39M       295M
-/+ buffers/cache:       901M       1.1G
Swap:         8.0G         0B       8.0G

             total       used       free     shared    buffers     cached
Mem:          2.0G       1.2G       748M       1.5M        39M       295M
-/+ buffers/cache:       916M       1.1G
Swap:         8.0G         0B       8.0G

             total       used       free     shared    buffers     cached
Mem:          2.0G       1.2G       734M       1.5M        39M       295M
-/+ buffers/cache:       930M       1.0G
Swap:         8.0G         0B       8.0G

             total       used       free     shared    buffers     cached
Mem:          2.0G       1.2G       720M       1.5M        39M       295M
-/+ buffers/cache:       944M       1.0G
Swap:         8.0G         0B       8.0G

             total       used       free     shared    buffers     cached
Mem:          2.0G       1.3G       706M       1.5M        39M       295M
-/+ buffers/cache:       958M       1.0G
Swap:         8.0G         0B       8.0G

             total       used       free     shared    buffers     cached
Mem:          2.0G       1.3G       692M       1.5M        39M       295M
-/+ buffers/cache:       972M       1.0G
Swap:         8.0G         0B       8.0G

             total       used       free     shared    buffers     cached
Mem:          2.0G       1.3G       678M       1.5M        39M       295M
-/+ buffers/cache:       986M       1.0G
Swap:         8.0G         0B       8.0G

             total       used       free     shared    buffers     cached
Mem:          2.0G       1.3G       664M       1.5M        39M       295M
-/+ buffers/cache:       1.0G       999M
Swap:         8.0G         0B       8.0G

             total       used       free     shared    buffers     cached
Mem:          2.0G       1.3G       650M       1.5M        39M       295M
-/+ buffers/cache:       1.0G       985M
Swap:         8.0G         0B       8.0G

             total       used       free     shared    buffers     cached
Mem:          2.0G       1.3G       637M       1.5M        39M       295M
-/+ buffers/cache:       1.0G       972M
Swap:         8.0G         0B       8.0G

             total       used       free     shared    buffers     cached
Mem:          2.0G       1.3G       623M       1.5M        39M       295M
-/+ buffers/cache:       1.0G       958M
Swap:         8.0G         0B       8.0G

             total       used       free     shared    buffers     cached
Mem:          2.0G       1.4G       609M       1.5M        39M       295M
-/+ buffers/cache:       1.0G       944M
Swap:         8.0G         0B       8.0G

             total       used       free     shared    buffers     cached
Mem:          2.0G       1.4G       594M       1.5M        39M       295M
-/+ buffers/cache:       1.0G       929M
Swap:         8.0G         0B       8.0G

             total       used       free     shared    buffers     cached
Mem:          2.0G       1.4G       580M       1.5M        39M       295M
-/+ buffers/cache:       1.1G       915M
Swap:         8.0G         0B       8.0G

             total       used       free     shared    buffers     cached
Mem:          2.0G       1.4G       565M       1.5M        39M       295M
-/+ buffers/cache:       1.1G       900M
Swap:         8.0G         0B       8.0G

             total       used       free     shared    buffers     cached
Mem:          2.0G       1.4G       551M       1.5M        39M       295M
-/+ buffers/cache:       1.1G       886M
Swap:         8.0G         0B       8.0G

             total       used       free     shared    buffers     cached
Mem:          2.0G       1.4G       538M       1.5M        39M       295M
-/+ buffers/cache:       1.1G       873M
Swap:         8.0G         0B       8.0G

             total       used       free     shared    buffers     cached
Mem:          2.0G       1.4G       524M       1.5M        39M       295M
-/+ buffers/cache:       1.1G       859M
Swap:         8.0G         0B       8.0G

             total       used       free     shared    buffers     cached
Mem:          2.0G       1.5G       509M       1.5M        39M       295M
-/+ buffers/cache:       1.1G       844M
Swap:         8.0G         0B       8.0G

             total       used       free     shared    buffers     cached
Mem:          2.0G       1.5G       495M       1.5M        39M       295M
-/+ buffers/cache:       1.1G       830M
Swap:         8.0G         0B       8.0G

             total       used       free     shared    buffers     cached
Mem:          2.0G       1.5G       481M       1.5M        39M       295M
-/+ buffers/cache:       1.2G       816M
Swap:         8.0G         0B       8.0G

             total       used       free     shared    buffers     cached
Mem:          2.0G       1.5G       466M       1.5M        39M       295M
-/+ buffers/cache:       1.2G       801M
Swap:         8.0G         0B       8.0G

             total       used       free     shared    buffers     cached
Mem:          2.0G       1.5G       450M       1.5M        39M       295M
-/+ buffers/cache:       1.2G       785M
Swap:         8.0G         0B       8.0G

             total       used       free     shared    buffers     cached
Mem:          2.0G       1.5G       435M       1.5M        39M       295M
-/+ buffers/cache:       1.2G       770M
Swap:         8.0G         0B       8.0G

             total       used       free     shared    buffers     cached
Mem:          2.0G       1.5G       419M       1.5M        39M       295M
-/+ buffers/cache:       1.2G       754M
Swap:         8.0G         0B       8.0G

             total       used       free     shared    buffers     cached
Mem:          2.0G       1.6G       403M       1.5M        39M       295M
-/+ buffers/cache:       1.2G       738M
Swap:         8.0G         0B       8.0G

             total       used       free     shared    buffers     cached
Mem:          2.0G       1.6G       389M       1.5M        39M       295M
-/+ buffers/cache:       1.2G       724M
Swap:         8.0G         0B       8.0G

             total       used       free     shared    buffers     cached
Mem:          2.0G       1.6G       378M       1.5M        39M       295M
-/+ buffers/cache:       1.3G       713M
Swap:         8.0G         0B       8.0G

             total       used       free     shared    buffers     cached
Mem:          2.0G       1.6G       373M       1.5M        39M       295M
-/+ buffers/cache:       1.3G       708M
Swap:         8.0G         0B       8.0G

             total       used       free     shared    buffers     cached
Mem:          2.0G       1.6G       359M       1.5M        39M       295M
-/+ buffers/cache:       1.3G       694M
Swap:         8.0G         0B       8.0G

             total       used       free     shared    buffers     cached
Mem:          2.0G       1.6G       345M       1.5M        39M       295M
-/+ buffers/cache:       1.3G       680M
Swap:         8.0G         0B       8.0G

             total       used       free     shared    buffers     cached
Mem:          2.0G       1.6G       331M       1.5M        39M       295M
-/+ buffers/cache:       1.3G       666M
Swap:         8.0G         0B       8.0G

             total       used       free     shared    buffers     cached
Mem:          2.0G       1.6G       318M       1.5M        39M       295M
-/+ buffers/cache:       1.3G       653M
Swap:         8.0G         0B       8.0G

             total       used       free     shared    buffers     cached
Mem:          2.0G       1.7G       304M       1.5M        39M       295M
-/+ buffers/cache:       1.3G       639M
Swap:         8.0G         0B       8.0G

             total       used       free     shared    buffers     cached
Mem:          2.0G       1.7G       291M       1.5M        39M       295M
-/+ buffers/cache:       1.3G       626M
Swap:         8.0G         0B       8.0G

             total       used       free     shared    buffers     cached
Mem:          2.0G       1.7G       276M       1.5M        39M       295M
-/+ buffers/cache:       1.4G       611M
Swap:         8.0G         0B       8.0G

             total       used       free     shared    buffers     cached
Mem:          2.0G       1.7G       261M       1.5M        39M       295M
-/+ buffers/cache:       1.4G       596M
Swap:         8.0G         0B       8.0G

             total       used       free     shared    buffers     cached
Mem:          2.0G       1.7G       244M       1.5M        39M       295M
-/+ buffers/cache:       1.4G       580M
Swap:         8.0G         0B       8.0G

             total       used       free     shared    buffers     cached
Mem:          2.0G       1.7G       228M       1.5M        39M       295M
-/+ buffers/cache:       1.4G       564M
Swap:         8.0G         0B       8.0G

             total       used       free     shared    buffers     cached
Mem:          2.0G       1.7G       213M       1.5M        39M       295M
-/+ buffers/cache:       1.4G       548M
Swap:         8.0G         0B       8.0G

             total       used       free     shared    buffers     cached
Mem:          2.0G       1.8G       198M       1.5M        39M       295M
-/+ buffers/cache:       1.4G       533M
Swap:         8.0G         0B       8.0G

             total       used       free     shared    buffers     cached
Mem:          2.0G       1.8G       181M       1.5M        39M       295M
-/+ buffers/cache:       1.4G       516M
Swap:         8.0G         0B       8.0G

             total       used       free     shared    buffers     cached
Mem:          2.0G       1.8G       167M       1.5M        39M       295M
-/+ buffers/cache:       1.5G       502M
Swap:         8.0G         0B       8.0G

             total       used       free     shared    buffers     cached
Mem:          2.0G       1.8G       150M       1.5M        39M       295M
-/+ buffers/cache:       1.5G       485M
Swap:         8.0G         0B       8.0G

             total       used       free     shared    buffers     cached
Mem:          2.0G       1.8G       135M       1.5M        39M       295M
-/+ buffers/cache:       1.5G       470M
Swap:         8.0G         0B       8.0G

             total       used       free     shared    buffers     cached
Mem:          2.0G       1.8G       118M       1.5M        39M       295M
-/+ buffers/cache:       1.5G       454M
Swap:         8.0G         0B       8.0G

             total       used       free     shared    buffers     cached
Mem:          2.0G       1.9G       102M       1.5M        39M       295M
-/+ buffers/cache:       1.5G       438M
Swap:         8.0G         0B       8.0G

             total       used       free     shared    buffers     cached
Mem:          2.0G       1.9G        86M       1.5M        39M       295M
-/+ buffers/cache:       1.5G       422M
Swap:         8.0G         0B       8.0G

             total       used       free     shared    buffers     cached
Mem:          2.0G       1.9G        70M       1.5M        39M       295M
-/+ buffers/cache:       1.6G       406M
Swap:         8.0G         0B       8.0G

             total       used       free     shared    buffers     cached
Mem:          2.0G       1.9G        69M       1.5M        26M       294M
-/+ buffers/cache:       1.6G       390M
Swap:         8.0G         0B       8.0G

             total       used       free     shared    buffers     cached
Mem:          2.0G       1.9G        68M       1.5M        11M       293M
-/+ buffers/cache:       1.6G       374M
Swap:         8.0G         8K       8.0G

             total       used       free     shared    buffers     cached
Mem:          2.0G       1.9G        66M       1.5M        11M       281M
-/+ buffers/cache:       1.6G       360M
Swap:         8.0G         8K       8.0G

             total       used       free     shared    buffers     cached
Mem:          2.0G       1.9G        70M       1.4M        10M       264M
-/+ buffers/cache:       1.6G       346M
Swap:         8.0G       216K       8.0G

             total       used       free     shared    buffers     cached
Mem:          2.0G       1.9G        73M       1.4M        10M       246M
-/+ buffers/cache:       1.6G       330M
Swap:         8.0G       1.3M       8.0G

             total       used       free     shared    buffers     cached
Mem:          2.0G       1.9G        93M       1.1M        10M       212M
-/+ buffers/cache:       1.6G       317M
Swap:         8.0G        26M       8.0G

             total       used       free     shared    buffers     cached
Mem:          2.0G       1.9G        83M       1.1M        10M       212M
-/+ buffers/cache:       1.7G       306M
Swap:         8.0G        26M       8.0G

             total       used       free     shared    buffers     cached
Mem:          2.0G       1.9G        68M       1.1M        10M       212M
-/+ buffers/cache:       1.7G       291M
Swap:         8.0G        26M       8.0G

             total       used       free     shared    buffers     cached
Mem:          2.0G       1.9G        68M       1.1M       4.3M       205M
-/+ buffers/cache:       1.7G       278M
Swap:         8.0G        26M       8.0G

             total       used       free     shared    buffers     cached
Mem:          2.0G       1.9G        65M       1.1M       2.4M       195M
-/+ buffers/cache:       1.7G       262M
Swap:         8.0G        26M       8.0G

             total       used       free     shared    buffers     cached
Mem:          2.0G       1.9G        68M       1.1M       1.0M       177M
-/+ buffers/cache:       1.7G       247M
Swap:         8.0G        26M       8.0G

             total       used       free     shared    buffers     cached
Mem:          2.0G       1.9G        75M       1.1M       1.0M       156M
-/+ buffers/cache:       1.7G       232M
Swap:         8.0G        26M       8.0G

             total       used       free     shared    buffers     cached
Mem:          2.0G       1.9G        78M       1.1M       916K       137M
-/+ buffers/cache:       1.7G       216M
Swap:         8.0G        26M       8.0G

             total       used       free     shared    buffers     cached
Mem:          2.0G       1.9G        76M       1.1M       100K       123M
-/+ buffers/cache:       1.8G       200M
Swap:         8.0G        26M       8.0G

             total       used       free     shared    buffers     cached
Mem:          2.0G       1.9G        66M       1.1M       100K       122M
-/+ buffers/cache:       1.8G       188M
Swap:         8.0G        26M       8.0G

             total       used       free     shared    buffers     cached
Mem:          2.0G       1.9G        68M       1.1M        80K       107M
-/+ buffers/cache:       1.8G       175M
Swap:         8.0G        26M       8.0G

             total       used       free     shared    buffers     cached
Mem:          2.0G       1.9G        68M       1.1M        80K        94M
-/+ buffers/cache:       1.8G       163M
Swap:         8.0G        26M       8.0G

             total       used       free     shared    buffers     cached
Mem:          2.0G       1.9G        78M       1.1M        80K        73M
-/+ buffers/cache:       1.8G       151M
Swap:         8.0G        26M       8.0G

             total       used       free     shared    buffers     cached
Mem:          2.0G       1.9G        63M       1.1M        88K        73M
-/+ buffers/cache:       1.8G       136M
Swap:         8.0G        26M       8.0G

             total       used       free     shared    buffers     cached
Mem:          2.0G       1.9G        66M       1.1M       492K        56M
-/+ buffers/cache:       1.8G       124M
Swap:         8.0G        26M       8.0G

             total       used       free     shared    buffers     cached
Mem:          2.0G       1.9G        66M       1.1M       492K        43M
-/+ buffers/cache:       1.8G       110M
Swap:         8.0G        26M       8.0G

             total       used       free     shared    buffers     cached
Mem:          2.0G       1.9G        72M       1.1M       492K        24M
-/+ buffers/cache:       1.9G        97M
Swap:         8.0G        26M       8.0G

             total       used       free     shared    buffers     cached
Mem:          2.0G       1.9G        72M       1.1M       492K        12M
-/+ buffers/cache:       1.9G        84M
Swap:         8.0G        26M       8.0G

             total       used       free     shared    buffers     cached
Mem:          2.0G       1.9G        72M       1.1M       436K       3.7M
-/+ buffers/cache:       1.9G        76M
Swap:         8.0G        26M       8.0G

             total       used       free     shared    buffers     cached
Mem:          2.0G       1.9G        75M       772K        80K       3.2M
-/+ buffers/cache:       1.9G        78M
Swap:         8.0G        50M       7.9G

             total       used       free     shared    buffers     cached
Mem:          2.0G       1.9G        75M       632K        80K       7.7M
-/+ buffers/cache:       1.9G        82M
Swap:         8.0G       179M       7.8G

             total       used       free     shared    buffers     cached
Mem:          2.0G       1.9G        75M       632K       492K        12M
-/+ buffers/cache:       1.9G        87M
Swap:         8.0G       179M       7.8G

             total       used       free     shared    buffers     cached
Mem:          2.0G       1.8G       124M       632K       812K        14M
-/+ buffers/cache:       1.8G       139M
Swap:         8.0G       178M       7.8G

             total       used       free     shared    buffers     cached
Mem:          2.0G       1.9G        87M       632K       824K        33M
-/+ buffers/cache:       1.8G       122M
Swap:         8.0G       177M       7.8G

             total       used       free     shared    buffers     cached
Mem:          2.0G       1.9G        73M       632K       824K        33M
-/+ buffers/cache:       1.8G       108M
Swap:         8.0G       177M       7.8G

             total       used       free     shared    buffers     cached
Mem:          2.0G       1.9G        95M       628K       820K        28M
-/+ buffers/cache:       1.8G       124M
Swap:         8.0G       186M       7.8G

             total       used       free     shared    buffers     cached
Mem:          2.0G       1.9G        82M       628K       820K        28M
-/+ buffers/cache:       1.8G       111M
Swap:         8.0G       186M       7.8G

             total       used       free     shared    buffers     cached
Mem:          2.0G       1.9G        68M       628K       828K        28M
-/+ buffers/cache:       1.9G        97M
Swap:         8.0G       186M       7.8G

             total       used       free     shared    buffers     cached
Mem:          2.0G       1.9G        69M       612K       828K        27M
-/+ buffers/cache:       1.9G        97M
Swap:         8.0G       227M       7.8G

             total       used       free     shared    buffers     cached
Mem:          2.0G       1.9G        70M       612K       828K        27M
-/+ buffers/cache:       1.9G        98M
Swap:         8.0G       227M       7.8G

             total       used       free     shared    buffers     cached
Mem:          2.0G       1.9G        72M       612K       828K        26M
-/+ buffers/cache:       1.9G        99M
Swap:         8.0G       227M       7.8G

             total       used       free     shared    buffers     cached
Mem:          2.0G       1.9G        76M       608K        92K        17M
-/+ buffers/cache:       1.9G        94M
Swap:         8.0G       254M       7.7G

             total       used       free     shared    buffers     cached
Mem:          2.0G       1.9G        66M       608K       100K        17M
-/+ buffers/cache:       1.9G        83M
Swap:         8.0G       254M       7.7G

             total       used       free     shared    buffers     cached
Mem:          2.0G       1.9G        75M       608K       228K       4.8M
-/+ buffers/cache:       1.9G        80M
Swap:         8.0G       254M       7.7G

             total       used       free     shared    buffers     cached
Mem:          2.0G       1.9G        67M       608K       228K       4.7M
-/+ buffers/cache:       1.9G        72M
Swap:         8.0G       254M       7.7G

             total       used       free     shared    buffers     cached
Mem:          2.0G       1.9G        71M       608K       228K       4.6M
-/+ buffers/cache:       1.9G        76M
Swap:         8.0G       254M       7.7G

             total       used       free     shared    buffers     cached
Mem:          2.0G       1.9G        65M       608K       228K       4.6M
-/+ buffers/cache:       1.9G        69M
Swap:         8.0G       254M       7.7G

             total       used       free     shared    buffers     cached
Mem:          2.0G       1.9G        81M       596K       228K       4.6M
-/+ buffers/cache:       1.9G        85M
Swap:         8.0G       294M       7.7G

             total       used       free     shared    buffers     cached
Mem:          2.0G       1.9G        96M       596K       236K       4.8M
-/+ buffers/cache:       1.9G       101M
Swap:         8.0G       308M       7.7G

             total       used       free     shared    buffers     cached
Mem:          2.0G       1.9G        96M       596K       236K       4.8M
-/+ buffers/cache:       1.9G       101M
Swap:         8.0G       308M       7.7G

             total       used       free     shared    buffers     cached
Mem:          2.0G       1.9G        88M       596K       236K       4.8M
-/+ buffers/cache:       1.9G        93M
Swap:         8.0G       296M       7.7G

             total       used       free     shared    buffers     cached
Mem:          2.0G       1.9G        84M       596K       236K       4.8M
-/+ buffers/cache:       1.9G        89M
Swap:         8.0G       285M       7.7G

             total       used       free     shared    buffers     cached
Mem:          2.0G       1.9G        69M       596K       236K       4.8M
-/+ buffers/cache:       1.9G        74M
Swap:         8.0G       285M       7.7G

             total       used       free     shared    buffers     cached
Mem:          2.0G       1.9G        80M       592K       244K       4.8M
-/+ buffers/cache:       1.9G        85M
Swap:         8.0G       433M       7.6G

             total       used       free     shared    buffers     cached
Mem:          2.0G       1.8G       120M       592K       244K       4.8M
-/+ buffers/cache:       1.8G       126M
Swap:         8.0G       449M       7.6G

             total       used       free     shared    buffers     cached
Mem:          2.0G       1.8G       127M       592K       244K       4.8M
-/+ buffers/cache:       1.8G       132M
Swap:         8.0G       449M       7.6G

             total       used       free     shared    buffers     cached
Mem:          2.0G       1.8G       129M       592K       244K       4.8M
-/+ buffers/cache:       1.8G       134M
Swap:         8.0G       449M       7.6G

             total       used       free     shared    buffers     cached
Mem:          2.0G       1.8G       129M       592K       244K       4.8M
-/+ buffers/cache:       1.8G       134M
Swap:         8.0G       449M       7.6G

             total       used       free     shared    buffers     cached
Mem:          2.0G       1.8G       121M       592K       252K       4.8M
-/+ buffers/cache:       1.8G       126M
Swap:         8.0G       449M       7.6G

             total       used       free     shared    buffers     cached
Mem:          2.0G       1.8G       114M       592K       252K       4.8M
-/+ buffers/cache:       1.8G       119M
Swap:         8.0G       449M       7.6G

             total       used       free     shared    buffers     cached
Mem:          2.0G       1.8G       108M       592K       252K       4.8M
-/+ buffers/cache:       1.8G       113M
Swap:         8.0G       449M       7.6G

             total       used       free     shared    buffers     cached
Mem:          2.0G       1.8G       106M       592K       252K       4.8M
-/+ buffers/cache:       1.8G       111M
Swap:         8.0G       449M       7.6G

             total       used       free     shared    buffers     cached
Mem:          2.0G       1.9G       104M       592K       252K       4.8M
-/+ buffers/cache:       1.8G       109M
Swap:         8.0G       449M       7.6G

             total       used       free     shared    buffers     cached
Mem:          2.0G       1.9G       101M       592K       260K       4.8M
-/+ buffers/cache:       1.8G       106M
Swap:         8.0G       449M       7.6G

             total       used       free     shared    buffers     cached
Mem:          2.0G       1.9G        99M       592K       260K       4.8M
-/+ buffers/cache:       1.9G       104M
Swap:         8.0G       449M       7.6G

             total       used       free     shared    buffers     cached
Mem:          2.0G       1.9G        97M       592K       260K       4.8M
-/+ buffers/cache:       1.9G       102M
Swap:         8.0G       449M       7.6G

             total       used       free     shared    buffers     cached
Mem:          2.0G       1.9G        93M       592K       548K       6.1M
-/+ buffers/cache:       1.9G        99M
Swap:         8.0G       449M       7.6G

             total       used       free     shared    buffers     cached
Mem:          2.0G       1.9G        65M       596K       704K        30M
-/+ buffers/cache:       1.9G        97M
Swap:         8.0G       449M       7.6G

             total       used       free     shared    buffers     cached
Mem:          2.0G       1.9G        80M       596K       700K        24M
-/+ buffers/cache:       1.9G       105M
Swap:         8.0G       449M       7.6G

             total       used       free     shared    buffers     cached
Mem:          2.0G       1.9G        77M       596K       700K        24M
-/+ buffers/cache:       1.9G       102M
Swap:         8.0G       449M       7.6G

             total       used       free     shared    buffers     cached
Mem:          2.0G       1.9G        76M       596K       700K        24M
-/+ buffers/cache:       1.9G       101M
Swap:         8.0G       449M       7.6G

             total       used       free     shared    buffers     cached
Mem:          2.0G       1.9G        76M       596K       700K        24M
-/+ buffers/cache:       1.9G       101M
Swap:         8.0G       449M       7.6G

             total       used       free     shared    buffers     cached
Mem:          2.0G       1.9G        75M       596K       700K        24M
-/+ buffers/cache:       1.9G       100M
Swap:         8.0G       448M       7.6G

             total       used       free     shared    buffers     cached
Mem:          2.0G       1.9G        75M       596K       700K        24M
-/+ buffers/cache:       1.9G       100M
Swap:         8.0G       448M       7.6G

             total       used       free     shared    buffers     cached
Mem:          2.0G       1.9G        73M       596K       708K        25M
-/+ buffers/cache:       1.9G        99M
Swap:         8.0G       448M       7.6G

             total       used       free     shared    buffers     cached
Mem:          2.0G       1.9G        76M       1.1M       5.3M        52M
-/+ buffers/cache:       1.8G       133M
Swap:         8.0G       442M       7.6G

             total       used       free     shared    buffers     cached
Mem:          2.0G       1.9G        75M       1.1M       5.3M        52M
-/+ buffers/cache:       1.8G       133M
Swap:         8.0G       442M       7.6G

             total       used       free     shared    buffers     cached
Mem:          2.0G       1.9G        75M       1.1M       5.3M        52M
-/+ buffers/cache:       1.8G       132M
Swap:         8.0G       442M       7.6G

             total       used       free     shared    buffers     cached
Mem:          2.0G       1.9G        74M       1.1M       5.3M        52M
-/+ buffers/cache:       1.8G       132M
Swap:         8.0G       442M       7.6G

             total       used       free     shared    buffers     cached
Mem:          2.0G       1.9G        74M       1.1M       5.3M        52M
-/+ buffers/cache:       1.8G       131M
Swap:         8.0G       442M       7.6G

             total       used       free     shared    buffers     cached
Mem:          2.0G       1.9G        72M       1.1M       5.3M        53M
-/+ buffers/cache:       1.8G       130M
Swap:         8.0G       441M       7.6G

             total       used       free     shared    buffers     cached
Mem:          2.0G       1.9G        71M       1.1M       5.3M        53M
-/+ buffers/cache:       1.8G       130M
Swap:         8.0G       441M       7.6G

             total       used       free     shared    buffers     cached
Mem:          2.0G       1.9G        70M       1.1M       5.3M        53M
-/+ buffers/cache:       1.8G       129M
Swap:         8.0G       441M       7.6G

             total       used       free     shared    buffers     cached
Mem:          2.0G       1.9G        70M       1.1M       5.3M        53M
-/+ buffers/cache:       1.8G       128M
Swap:         8.0G       441M       7.6G

             total       used       free     shared    buffers     cached
Mem:          2.0G       1.9G        69M       1.1M       5.3M        53M
-/+ buffers/cache:       1.8G       128M
Swap:         8.0G       440M       7.6G

             total       used       free     shared    buffers     cached
Mem:          2.0G       1.9G        68M       1.1M       5.3M        53M
-/+ buffers/cache:       1.8G       127M
Swap:         8.0G       440M       7.6G

             total       used       free     shared    buffers     cached
Mem:          2.0G       1.9G        68M       1.1M       5.3M        53M
-/+ buffers/cache:       1.8G       127M
Swap:         8.0G       440M       7.6G

             total       used       free     shared    buffers     cached
Mem:          2.0G       1.9G        67M       1.1M       5.3M        53M
-/+ buffers/cache:       1.8G       126M
Swap:         8.0G       440M       7.6G

             total       used       free     shared    buffers     cached
Mem:          2.0G       1.9G        65M       1.1M       5.3M        54M
-/+ buffers/cache:       1.8G       125M
Swap:         8.0G       439M       7.6G

             total       used       free     shared    buffers     cached
Mem:          2.0G       1.9G        64M       1.1M       5.6M        54M
-/+ buffers/cache:       1.8G       125M
Swap:         8.0G       439M       7.6G

             total       used       free     shared    buffers     cached
Mem:          2.0G       1.9G        76M       1.1M       5.6M        52M
-/+ buffers/cache:       1.8G       134M
Swap:         8.0G       439M       7.6G

             total       used       free     shared    buffers     cached
Mem:          2.0G       1.9G        75M       1.1M       5.6M        52M
-/+ buffers/cache:       1.8G       134M
Swap:         8.0G       439M       7.6G

             total       used       free     shared    buffers     cached
Mem:          2.0G       1.9G        75M       1.1M       5.6M        52M
-/+ buffers/cache:       1.8G       133M
Swap:         8.0G       439M       7.6G

             total       used       free     shared    buffers     cached
Mem:          2.0G       1.9G        74M       1.1M       5.6M        52M
-/+ buffers/cache:       1.8G       133M
Swap:         8.0G       439M       7.6G

             total       used       free     shared    buffers     cached
Mem:          2.0G       1.9G        73M       1.1M       5.6M        52M
-/+ buffers/cache:       1.8G       132M
Swap:         8.0G       438M       7.6G

             total       used       free     shared    buffers     cached
Mem:          2.0G       1.9G        73M       1.1M       5.6M        52M
-/+ buffers/cache:       1.8G       131M
Swap:         8.0G       438M       7.6G

             total       used       free     shared    buffers     cached
Mem:          2.0G       1.9G        72M       1.1M       5.6M        52M
-/+ buffers/cache:       1.8G       131M
Swap:         8.0G       438M       7.6G

             total       used       free     shared    buffers     cached
Mem:          2.0G       1.9G        72M       1.1M       5.6M        52M
-/+ buffers/cache:       1.8G       130M
Swap:         8.0G       438M       7.6G

             total       used       free     shared    buffers     cached
Mem:          2.0G       1.9G        71M       1.1M       5.6M        52M
-/+ buffers/cache:       1.8G       130M
Swap:         8.0G       438M       7.6G

             total       used       free     shared    buffers     cached
Mem:          2.0G       1.9G        71M       1.1M       5.6M        52M
-/+ buffers/cache:       1.8G       129M
Swap:         8.0G       438M       7.6G

             total       used       free     shared    buffers     cached
Mem:          2.0G       1.9G        70M       1.1M       5.6M        52M
-/+ buffers/cache:       1.8G       129M
Swap:         8.0G       437M       7.6G

             total       used       free     shared    buffers     cached
Mem:          2.0G       1.9G        70M       1.1M       5.6M        52M
-/+ buffers/cache:       1.8G       128M
Swap:         8.0G       437M       7.6G

             total       used       free     shared    buffers     cached
Mem:          2.0G       1.9G        69M       1.1M       5.6M        52M
-/+ buffers/cache:       1.8G       128M
Swap:         8.0G       437M       7.6G

             total       used       free     shared    buffers     cached
Mem:          2.0G       1.9G        68M       1.1M       5.6M        52M
-/+ buffers/cache:       1.8G       127M
Swap:         8.0G       437M       7.6G

             total       used       free     shared    buffers     cached
Mem:          2.0G       1.9G        68M       1.1M       5.6M        52M
-/+ buffers/cache:       1.8G       126M
Swap:         8.0G       437M       7.6G

             total       used       free     shared    buffers     cached
Mem:          2.0G       1.9G        67M       1.1M       5.6M        52M
-/+ buffers/cache:       1.8G       126M
Swap:         8.0G       437M       7.6G

             total       used       free     shared    buffers     cached
Mem:          2.0G       1.9G        67M       1.1M       5.6M        52M
-/+ buffers/cache:       1.8G       125M
Swap:         8.0G       436M       7.6G

             total       used       free     shared    buffers     cached
Mem:          2.0G       1.9G        66M       1.1M       5.6M        52M
-/+ buffers/cache:       1.8G       125M
Swap:         8.0G       436M       7.6G

             total       used       free     shared    buffers     cached
Mem:          2.0G       1.9G        66M       1.1M       5.6M        52M
-/+ buffers/cache:       1.8G       124M
Swap:         8.0G       436M       7.6G

             total       used       free     shared    buffers     cached
Mem:          2.0G       1.9G        65M       1.1M       5.6M        52M
-/+ buffers/cache:       1.8G       124M
Swap:         8.0G       436M       7.6G

             total       used       free     shared    buffers     cached
Mem:          2.0G       1.9G        64M       1.1M       5.6M        52M
-/+ buffers/cache:       1.8G       123M
Swap:         8.0G       436M       7.6G

             total       used       free     shared    buffers     cached
Mem:          2.0G       1.9G        76M       1.1M       5.6M        52M
-/+ buffers/cache:       1.8G       134M
Swap:         8.0G       436M       7.6G

             total       used       free     shared    buffers     cached
Mem:          2.0G       1.9G        75M       1.1M       5.6M        52M
-/+ buffers/cache:       1.8G       133M
Swap:         8.0G       435M       7.6G

             total       used       free     shared    buffers     cached
Mem:          2.0G       1.9G        75M       1.1M       5.6M        52M
-/+ buffers/cache:       1.8G       133M
Swap:         8.0G       435M       7.6G

             total       used       free     shared    buffers     cached
Mem:          2.0G       1.9G        74M       1.1M       5.6M        52M
-/+ buffers/cache:       1.8G       132M
Swap:         8.0G       435M       7.6G

             total       used       free     shared    buffers     cached
Mem:          2.0G       1.9G        73M       1.1M       5.6M        52M
-/+ buffers/cache:       1.8G       131M
Swap:         8.0G       435M       7.6G

             total       used       free     shared    buffers     cached
Mem:          2.0G       1.9G        73M       1.1M       5.6M        52M
-/+ buffers/cache:       1.8G       131M
Swap:         8.0G       435M       7.6G

             total       used       free     shared    buffers     cached
Mem:          2.0G       1.9G        72M       1.1M       5.6M        52M
-/+ buffers/cache:       1.8G       130M
Swap:         8.0G       435M       7.6G

             total       used       free     shared    buffers     cached
Mem:          2.0G       1.9G        72M       1.1M       5.6M        52M
-/+ buffers/cache:       1.8G       130M
Swap:         8.0G       434M       7.6G

             total       used       free     shared    buffers     cached
Mem:          2.0G       1.9G        71M       1.1M       5.6M        52M
-/+ buffers/cache:       1.8G       129M
Swap:         8.0G       434M       7.6G

             total       used       free     shared    buffers     cached
Mem:          2.0G       1.9G        71M       1.1M       5.6M        52M
-/+ buffers/cache:       1.8G       129M
Swap:         8.0G       434M       7.6G

             total       used       free     shared    buffers     cached
Mem:          2.0G       1.9G        70M       1.1M       5.6M        52M
-/+ buffers/cache:       1.8G       128M
Swap:         8.0G       434M       7.6G

             total       used       free     shared    buffers     cached
Mem:          2.0G       1.9G        70M       1.1M       5.6M        52M
-/+ buffers/cache:       1.8G       127M
Swap:         8.0G       434M       7.6G

             total       used       free     shared    buffers     cached
Mem:          2.0G       1.9G        69M       1.1M       5.6M        52M
-/+ buffers/cache:       1.8G       127M
Swap:         8.0G       434M       7.6G

             total       used       free     shared    buffers     cached
Mem:          2.0G       1.9G        68M       1.1M       5.6M        52M
-/+ buffers/cache:       1.8G       126M
Swap:         8.0G       433M       7.6G

             total       used       free     shared    buffers     cached
Mem:          2.0G       1.9G        68M       1.1M       5.6M        52M
-/+ buffers/cache:       1.8G       126M
Swap:         8.0G       433M       7.6G

             total       used       free     shared    buffers     cached
Mem:          2.0G       1.9G        67M       1.1M       5.6M        52M
-/+ buffers/cache:       1.8G       125M
Swap:         8.0G       433M       7.6G

             total       used       free     shared    buffers     cached
Mem:          2.0G       1.9G        66M       1.1M       5.6M        52M
-/+ buffers/cache:       1.8G       124M
Swap:         8.0G       433M       7.6G

             total       used       free     shared    buffers     cached
Mem:          2.0G       1.9G        66M       1.1M       5.6M        52M
-/+ buffers/cache:       1.8G       124M
Swap:         8.0G       433M       7.6G

             total       used       free     shared    buffers     cached
Mem:          2.0G       1.9G        65M       1.1M       5.6M        52M
-/+ buffers/cache:       1.8G       123M
Swap:         8.0G       433M       7.6G

             total       used       free     shared    buffers     cached
Mem:          2.0G       1.9G        64M       1.1M       5.7M        52M
-/+ buffers/cache:       1.8G       123M
Swap:         8.0G       432M       7.6G

             total       used       free     shared    buffers     cached
Mem:          2.0G       1.9G        81M       1.1M       380K        33M
-/+ buffers/cache:       1.8G       114M
Swap:         8.0G       605M       7.4G

             total       used       free     shared    buffers     cached
Mem:          2.0G       1.9G        82M       1.1M       404K        33M
-/+ buffers/cache:       1.8G       116M
Swap:         8.0G       605M       7.4G

             total       used       free     shared    buffers     cached
Mem:          2.0G       1.9G        84M       1.1M       1.7M        36M
-/+ buffers/cache:       1.8G       122M
Swap:         8.0G       605M       7.4G

             total       used       free     shared    buffers     cached
Mem:          2.0G       1.9G        79M       1.1M       2.9M        31M
-/+ buffers/cache:       1.8G       114M
Swap:         8.0G       605M       7.4G

             total       used       free     shared    buffers     cached
Mem:          2.0G       1.9G        72M       1.1M       3.1M        57M
-/+ buffers/cache:       1.8G       133M
Swap:         8.0G       603M       7.4G

             total       used       free     shared    buffers     cached
Mem:          2.0G       1.9G        76M       1.1M       3.4M        68M
-/+ buffers/cache:       1.8G       148M
Swap:         8.0G       602M       7.4G

             total       used       free     shared    buffers     cached
Mem:          2.0G       1.9G        75M       1.1M       3.4M        68M
-/+ buffers/cache:       1.8G       148M
Swap:         8.0G       601M       7.4G

             total       used       free     shared    buffers     cached
Mem:          2.0G       1.9G        75M       1.1M       3.4M        68M
-/+ buffers/cache:       1.8G       148M
Swap:         8.0G       601M       7.4G

             total       used       free     shared    buffers     cached
Mem:          2.0G       1.9G        75M       1.1M       3.4M        68M
-/+ buffers/cache:       1.8G       147M
Swap:         8.0G       601M       7.4G

             total       used       free     shared    buffers     cached
Mem:          2.0G       1.9G        74M       1.1M       3.4M        68M
-/+ buffers/cache:       1.8G       147M
Swap:         8.0G       601M       7.4G

             total       used       free     shared    buffers     cached
Mem:          2.0G       1.9G        74M       1.1M       3.4M        68M
-/+ buffers/cache:       1.8G       146M
Swap:         8.0G       601M       7.4G

             total       used       free     shared    buffers     cached
Mem:          2.0G       1.9G        74M       1.1M       3.4M        68M
-/+ buffers/cache:       1.8G       146M
Swap:         8.0G       600M       7.4G

             total       used       free     shared    buffers     cached
Mem:          2.0G       1.9G        73M       1.1M       3.4M        68M
-/+ buffers/cache:       1.8G       146M
Swap:         8.0G       600M       7.4G

             total       used       free     shared    buffers     cached
Mem:          2.0G       1.9G        73M       1.1M       3.4M        68M
-/+ buffers/cache:       1.8G       145M
Swap:         8.0G       600M       7.4G

             total       used       free     shared    buffers     cached
Mem:          2.0G       1.9G        73M       1.1M       3.4M        68M
-/+ buffers/cache:       1.8G       145M
Swap:         8.0G       600M       7.4G

             total       used       free     shared    buffers     cached
Mem:          2.0G       1.9G        72M       1.1M       3.4M        68M
-/+ buffers/cache:       1.8G       144M
Swap:         8.0G       600M       7.4G

             total       used       free     shared    buffers     cached
Mem:          2.0G       1.9G        73M       1.2M       3.9M        70M
-/+ buffers/cache:       1.8G       147M
Swap:         8.0G       598M       7.4G

             total       used       free     shared    buffers     cached
Mem:          2.0G       1.8G       118M       4.9M       5.4M        70M
-/+ buffers/cache:       1.8G       195M
Swap:         8.0G       595M       7.4G

             total       used       free     shared    buffers     cached
Mem:          2.0G       1.9G        88M       1.2M       6.2M        88M
-/+ buffers/cache:       1.8G       183M
Swap:         8.0G       591M       7.4G

             total       used       free     shared    buffers     cached
Mem:          2.0G       1.9G        88M       1.2M       6.2M        88M
-/+ buffers/cache:       1.8G       183M
Swap:         8.0G       591M       7.4G

             total       used       free     shared    buffers     cached
Mem:          2.0G       1.9G        87M       1.2M       6.2M        88M
-/+ buffers/cache:       1.8G       182M
Swap:         8.0G       591M       7.4G

             total       used       free     shared    buffers     cached
Mem:          2.0G       1.9G        86M       1.2M       6.2M        88M
-/+ buffers/cache:       1.8G       181M
Swap:         8.0G       590M       7.4G

             total       used       free     shared    buffers     cached
Mem:          2.0G       1.9G        85M       1.2M       6.2M        88M
-/+ buffers/cache:       1.8G       180M
Swap:         8.0G       590M       7.4G

             total       used       free     shared    buffers     cached
Mem:          2.0G       1.9G        84M       1.2M       6.2M        88M
-/+ buffers/cache:       1.8G       179M
Swap:         8.0G       590M       7.4G

             total       used       free     shared    buffers     cached
Mem:          2.0G       1.9G        82M       1.2M       6.4M        89M
-/+ buffers/cache:       1.8G       178M
Swap:         8.0G       590M       7.4G

             total       used       free     shared    buffers     cached
Mem:          2.0G       1.9G        82M       1.2M       6.4M        89M
-/+ buffers/cache:       1.8G       177M
Swap:         8.0G       590M       7.4G

             total       used       free     shared    buffers     cached
Mem:          2.0G       1.9G        81M       1.2M       6.4M        89M
-/+ buffers/cache:       1.8G       177M
Swap:         8.0G       590M       7.4G

             total       used       free     shared    buffers     cached
Mem:          2.0G       1.9G        80M       1.2M       6.4M        89M
-/+ buffers/cache:       1.8G       176M
Swap:         8.0G       589M       7.4G

             total       used       free     shared    buffers     cached
Mem:          2.0G       1.9G        79M       1.2M       6.4M        89M
-/+ buffers/cache:       1.8G       175M
Swap:         8.0G       589M       7.4G

             total       used       free     shared    buffers     cached
Mem:          2.0G       1.9G        78M       1.2M       6.4M        89M
-/+ buffers/cache:       1.8G       174M
Swap:         8.0G       589M       7.4G

             total       used       free     shared    buffers     cached
Mem:          2.0G       1.9G        78M       1.2M       6.4M        89M
-/+ buffers/cache:       1.8G       173M
Swap:         8.0G       589M       7.4G

             total       used       free     shared    buffers     cached
Mem:          2.0G       1.9G        77M       1.2M       6.4M        89M
-/+ buffers/cache:       1.8G       173M
Swap:         8.0G       589M       7.4G

             total       used       free     shared    buffers     cached
Mem:          2.0G       1.9G        76M       1.2M       6.4M        89M
-/+ buffers/cache:       1.8G       172M
Swap:         8.0G       589M       7.4G

             total       used       free     shared    buffers     cached
Mem:          2.0G       1.9G        75M       1.2M       6.4M        89M
-/+ buffers/cache:       1.8G       171M
Swap:         8.0G       588M       7.4G

             total       used       free     shared    buffers     cached
Mem:          2.0G       1.9G        74M       1.2M       6.4M        89M
-/+ buffers/cache:       1.8G       170M
Swap:         8.0G       588M       7.4G

             total       used       free     shared    buffers     cached
Mem:          2.0G       1.9G        74M       1.2M       6.4M        89M
-/+ buffers/cache:       1.8G       170M
Swap:         8.0G       588M       7.4G

             total       used       free     shared    buffers     cached
Mem:          2.0G       1.9G        73M       1.2M       6.4M        89M
-/+ buffers/cache:       1.8G       169M
Swap:         8.0G       588M       7.4G

             total       used       free     shared    buffers     cached
Mem:          2.0G       1.9G        72M       1.2M       6.4M        89M
-/+ buffers/cache:       1.8G       168M
Swap:         8.0G       588M       7.4G

             total       used       free     shared    buffers     cached
Mem:          2.0G       1.9G        71M       1.2M       6.4M        89M
-/+ buffers/cache:       1.8G       167M
Swap:         8.0G       588M       7.4G

             total       used       free     shared    buffers     cached
Mem:          2.0G       1.9G        70M       1.2M       6.4M        89M
-/+ buffers/cache:       1.8G       166M
Swap:         8.0G       587M       7.4G

             total       used       free     shared    buffers     cached
Mem:          2.0G       1.9G        70M       1.2M       6.4M        89M
-/+ buffers/cache:       1.8G       166M
Swap:         8.0G       587M       7.4G

             total       used       free     shared    buffers     cached
Mem:          2.0G       1.9G        69M       1.2M       6.4M        89M
-/+ buffers/cache:       1.8G       165M
Swap:         8.0G       587M       7.4G

             total       used       free     shared    buffers     cached
Mem:          2.0G       1.9G        68M       1.2M       6.4M        89M
-/+ buffers/cache:       1.8G       164M
Swap:         8.0G       587M       7.4G

             total       used       free     shared    buffers     cached
Mem:          2.0G       1.9G        68M       1.2M       6.4M        89M
-/+ buffers/cache:       1.8G       163M
Swap:         8.0G       587M       7.4G

             total       used       free     shared    buffers     cached
Mem:          2.0G       1.9G        67M       1.2M       6.4M        89M
-/+ buffers/cache:       1.8G       163M
Swap:         8.0G       587M       7.4G

             total       used       free     shared    buffers     cached
Mem:          2.0G       1.9G        66M       1.2M       6.4M        89M
-/+ buffers/cache:       1.8G       162M
Swap:         8.0G       587M       7.4G

             total       used       free     shared    buffers     cached
Mem:          2.0G       1.9G        65M       1.2M       6.4M        89M
-/+ buffers/cache:       1.8G       161M
Swap:         8.0G       586M       7.4G

             total       used       free     shared    buffers     cached
Mem:          2.0G       1.9G       104M       1.2M       6.4M        73M
-/+ buffers/cache:       1.8G       184M
Swap:         8.0G       586M       7.4G

             total       used       free     shared    buffers     cached
Mem:          2.0G       1.9G       103M       1.2M       6.4M        73M
-/+ buffers/cache:       1.8G       183M
Swap:         8.0G       586M       7.4G

             total       used       free     shared    buffers     cached
Mem:          2.0G       1.9G       102M       1.2M       6.4M        73M
-/+ buffers/cache:       1.8G       182M
Swap:         8.0G       586M       7.4G

             total       used       free     shared    buffers     cached
Mem:          2.0G       1.9G       102M       1.2M       6.4M        73M
-/+ buffers/cache:       1.8G       181M
Swap:         8.0G       586M       7.4G

             total       used       free     shared    buffers     cached
Mem:          2.0G       1.9G       101M       1.2M       6.4M        73M
-/+ buffers/cache:       1.8G       181M
Swap:         8.0G       586M       7.4G

             total       used       free     shared    buffers     cached
Mem:          2.0G       1.9G       100M       1.2M       6.4M        73M
-/+ buffers/cache:       1.8G       180M
Swap:         8.0G       586M       7.4G

             total       used       free     shared    buffers     cached
Mem:          2.0G       1.9G        99M       1.2M       6.4M        73M
-/+ buffers/cache:       1.8G       179M
Swap:         8.0G       585M       7.4G

             total       used       free     shared    buffers     cached
Mem:          2.0G       1.9G        98M       1.2M       6.4M        73M
-/+ buffers/cache:       1.8G       178M
Swap:         8.0G       585M       7.4G

             total       used       free     shared    buffers     cached
Mem:          2.0G       1.9G        97M       1.2M       6.4M        73M
-/+ buffers/cache:       1.8G       177M
Swap:         8.0G       585M       7.4G

             total       used       free     shared    buffers     cached
Mem:          2.0G       1.9G        96M       1.2M       6.4M        73M
-/+ buffers/cache:       1.8G       176M
Swap:         8.0G       585M       7.4G

             total       used       free     shared    buffers     cached
Mem:          2.0G       1.9G        96M       1.2M       6.4M        73M
-/+ buffers/cache:       1.8G       176M
Swap:         8.0G       585M       7.4G

             total       used       free     shared    buffers     cached
Mem:          2.0G       1.9G        79M       1.3M       8.2M        82M
-/+ buffers/cache:       1.8G       169M
Swap:         8.0G       583M       7.4G

             total       used       free     shared    buffers     cached
Mem:          2.0G       1.9G        74M       1.3M       9.2M        87M
-/+ buffers/cache:       1.8G       170M
Swap:         8.0G       582M       7.4G
