             total       used       free     shared    buffers     cached
Mem:          992M       658M       334M       3.2M        38M       289M
-/+ buffers/cache:       329M       662M
Swap:         8.0G         0B       8.0G

             total       used       free     shared    buffers     cached
Mem:          992M       657M       334M       3.2M        38M       289M
-/+ buffers/cache:       329M       663M
Swap:         8.0G         0B       8.0G

             total       used       free     shared    buffers     cached
Mem:          992M       657M       334M       3.2M        38M       289M
-/+ buffers/cache:       329M       663M
Swap:         8.0G         0B       8.0G

             total       used       free     shared    buffers     cached
Mem:          992M       657M       334M       3.2M        38M       289M
-/+ buffers/cache:       329M       663M
Swap:         8.0G         0B       8.0G

             total       used       free     shared    buffers     cached
Mem:          992M       657M       334M       3.2M        38M       289M
-/+ buffers/cache:       329M       663M
Swap:         8.0G         0B       8.0G

             total       used       free     shared    buffers     cached
Mem:          992M       657M       334M       3.2M        38M       289M
-/+ buffers/cache:       329M       663M
Swap:         8.0G         0B       8.0G

             total       used       free     shared    buffers     cached
Mem:          992M       657M       334M       3.2M        38M       289M
-/+ buffers/cache:       329M       663M
Swap:         8.0G         0B       8.0G

             total       used       free     shared    buffers     cached
Mem:          992M       657M       335M       3.2M        38M       289M
-/+ buffers/cache:       328M       663M
Swap:         8.0G         0B       8.0G

             total       used       free     shared    buffers     cached
Mem:          992M       657M       334M       3.2M        38M       289M
-/+ buffers/cache:       328M       663M
Swap:         8.0G         0B       8.0G

             total       used       free     shared    buffers     cached
Mem:          992M       657M       334M       3.2M        38M       289M
-/+ buffers/cache:       328M       663M
Swap:         8.0G         0B       8.0G

             total       used       free     shared    buffers     cached
Mem:          992M       660M       331M       3.2M        38M       290M
-/+ buffers/cache:       331M       660M
Swap:         8.0G         0B       8.0G

             total       used       free     shared    buffers     cached
Mem:          992M       679M       312M       3.2M        38M       290M
-/+ buffers/cache:       350M       641M
Swap:         8.0G         0B       8.0G

             total       used       free     shared    buffers     cached
Mem:          992M       706M       286M       3.2M        38M       290M
-/+ buffers/cache:       376M       615M
Swap:         8.0G         0B       8.0G

             total       used       free     shared    buffers     cached
Mem:          992M       666M       325M       3.2M        38M       291M
-/+ buffers/cache:       336M       655M
Swap:         8.0G         0B       8.0G

             total       used       free     shared    buffers     cached
Mem:          992M       676M       315M       3.2M        38M       291M
-/+ buffers/cache:       345M       646M
Swap:         8.0G         0B       8.0G

             total       used       free     shared    buffers     cached
Mem:          992M       667M       325M       3.2M        38M       291M
-/+ buffers/cache:       336M       655M
Swap:         8.0G         0B       8.0G

             total       used       free     shared    buffers     cached
Mem:          992M       667M       325M       3.2M        38M       291M
-/+ buffers/cache:       336M       655M
Swap:         8.0G         0B       8.0G

             total       used       free     shared    buffers     cached
Mem:          992M       667M       325M       3.2M        38M       291M
-/+ buffers/cache:       336M       655M
Swap:         8.0G         0B       8.0G

             total       used       free     shared    buffers     cached
Mem:          992M       667M       325M       3.2M        38M       291M
-/+ buffers/cache:       336M       655M
Swap:         8.0G         0B       8.0G

             total       used       free     shared    buffers     cached
Mem:          992M       667M       325M       3.2M        38M       291M
-/+ buffers/cache:       336M       655M
Swap:         8.0G         0B       8.0G

             total       used       free     shared    buffers     cached
Mem:          992M       667M       325M       3.2M        38M       291M
-/+ buffers/cache:       336M       655M
Swap:         8.0G         0B       8.0G

             total       used       free     shared    buffers     cached
Mem:          992M       667M       324M       3.2M        38M       291M
-/+ buffers/cache:       336M       655M
Swap:         8.0G         0B       8.0G

             total       used       free     shared    buffers     cached
Mem:          992M       667M       324M       3.2M        38M       291M
-/+ buffers/cache:       336M       655M
Swap:         8.0G         0B       8.0G

             total       used       free     shared    buffers     cached
Mem:          992M       667M       324M       3.2M        38M       291M
-/+ buffers/cache:       336M       655M
Swap:         8.0G         0B       8.0G

             total       used       free     shared    buffers     cached
Mem:          992M       667M       324M       3.2M        38M       291M
-/+ buffers/cache:       336M       655M
Swap:         8.0G         0B       8.0G

             total       used       free     shared    buffers     cached
Mem:          992M       667M       324M       3.2M        38M       291M
-/+ buffers/cache:       336M       655M
Swap:         8.0G         0B       8.0G

             total       used       free     shared    buffers     cached
Mem:          992M       667M       324M       3.2M        38M       291M
-/+ buffers/cache:       336M       655M
Swap:         8.0G         0B       8.0G

             total       used       free     shared    buffers     cached
Mem:          992M       667M       324M       3.2M        38M       291M
-/+ buffers/cache:       336M       655M
Swap:         8.0G         0B       8.0G

             total       used       free     shared    buffers     cached
Mem:          992M       667M       324M       3.2M        38M       291M
-/+ buffers/cache:       336M       655M
Swap:         8.0G         0B       8.0G

             total       used       free     shared    buffers     cached
Mem:          992M       667M       324M       3.2M        38M       291M
-/+ buffers/cache:       336M       655M
Swap:         8.0G         0B       8.0G

             total       used       free     shared    buffers     cached
Mem:          992M       667M       324M       3.2M        38M       291M
-/+ buffers/cache:       336M       655M
Swap:         8.0G         0B       8.0G

             total       used       free     shared    buffers     cached
Mem:          992M       667M       324M       3.2M        38M       291M
-/+ buffers/cache:       336M       655M
Swap:         8.0G         0B       8.0G

             total       used       free     shared    buffers     cached
Mem:          992M       667M       324M       3.2M        38M       291M
-/+ buffers/cache:       336M       655M
Swap:         8.0G         0B       8.0G

             total       used       free     shared    buffers     cached
Mem:          992M       674M       317M       3.2M        38M       291M
-/+ buffers/cache:       343M       648M
Swap:         8.0G         0B       8.0G

             total       used       free     shared    buffers     cached
Mem:          992M       692M       299M       3.2M        38M       291M
-/+ buffers/cache:       361M       630M
Swap:         8.0G         0B       8.0G

             total       used       free     shared    buffers     cached
Mem:          992M       708M       283M       3.2M        38M       291M
-/+ buffers/cache:       377M       614M
Swap:         8.0G         0B       8.0G

             total       used       free     shared    buffers     cached
Mem:          992M       724M       267M       3.2M        38M       291M
-/+ buffers/cache:       394M       598M
Swap:         8.0G         0B       8.0G

             total       used       free     shared    buffers     cached
Mem:          992M       740M       251M       3.2M        38M       291M
-/+ buffers/cache:       410M       582M
Swap:         8.0G         0B       8.0G

             total       used       free     shared    buffers     cached
Mem:          992M       756M       235M       3.2M        38M       291M
-/+ buffers/cache:       426M       566M
Swap:         8.0G         0B       8.0G

             total       used       free     shared    buffers     cached
Mem:          992M       771M       220M       3.2M        38M       291M
-/+ buffers/cache:       441M       551M
Swap:         8.0G         0B       8.0G

             total       used       free     shared    buffers     cached
Mem:          992M       787M       204M       3.2M        38M       291M
-/+ buffers/cache:       456M       535M
Swap:         8.0G         0B       8.0G

             total       used       free     shared    buffers     cached
Mem:          992M       803M       188M       3.2M        38M       291M
-/+ buffers/cache:       472M       519M
Swap:         8.0G         0B       8.0G

             total       used       free     shared    buffers     cached
Mem:          992M       818M       173M       3.2M        38M       291M
-/+ buffers/cache:       487M       504M
Swap:         8.0G         0B       8.0G

             total       used       free     shared    buffers     cached
Mem:          992M       834M       157M       3.2M        38M       291M
-/+ buffers/cache:       503M       488M
Swap:         8.0G         0B       8.0G

             total       used       free     shared    buffers     cached
Mem:          992M       848M       143M       3.2M        38M       291M
-/+ buffers/cache:       517M       474M
Swap:         8.0G         0B       8.0G

             total       used       free     shared    buffers     cached
Mem:          992M       862M       129M       3.2M        39M       291M
-/+ buffers/cache:       531M       460M
Swap:         8.0G         0B       8.0G

             total       used       free     shared    buffers     cached
Mem:          992M       877M       114M       3.2M        39M       291M
-/+ buffers/cache:       546M       445M
Swap:         8.0G         0B       8.0G

             total       used       free     shared    buffers     cached
Mem:          992M       891M       100M       3.2M        39M       291M
-/+ buffers/cache:       561M       431M
Swap:         8.0G         0B       8.0G

             total       used       free     shared    buffers     cached
Mem:          992M       903M        88M       3.2M        39M       291M
-/+ buffers/cache:       572M       419M
Swap:         8.0G         0B       8.0G

             total       used       free     shared    buffers     cached
Mem:          992M       919M        72M       3.2M        39M       291M
-/+ buffers/cache:       588M       403M
Swap:         8.0G         0B       8.0G

             total       used       free     shared    buffers     cached
Mem:          992M       914M        78M       3.2M        17M       290M
-/+ buffers/cache:       606M       385M
Swap:         8.0G         0B       8.0G

             total       used       free     shared    buffers     cached
Mem:          992M       929M        63M       3.2M        17M       290M
-/+ buffers/cache:       621M       370M
Swap:         8.0G         0B       8.0G

             total       used       free     shared    buffers     cached
Mem:          992M       927M        64M       3.2M        10M       280M
-/+ buffers/cache:       635M       356M
Swap:         8.0G         0B       8.0G

             total       used       free     shared    buffers     cached
Mem:          992M       926M        65M       3.2M       9.9M       264M
-/+ buffers/cache:       651M       340M
Swap:         8.0G       128K       8.0G

             total       used       free     shared    buffers     cached
Mem:          992M       924M        67M       3.1M       9.9M       245M
-/+ buffers/cache:       669M       323M
Swap:         8.0G       224K       8.0G

             total       used       free     shared    buffers     cached
Mem:          992M       927M        65M       3.0M       9.9M       233M
-/+ buffers/cache:       683M       308M
Swap:         8.0G       3.9M       8.0G

             total       used       free     shared    buffers     cached
Mem:          992M       912M        80M       3.0M       9.8M       207M
-/+ buffers/cache:       695M       297M
Swap:         8.0G       8.1M       8.0G

             total       used       free     shared    buffers     cached
Mem:          992M       928M        64M       3.0M       9.8M       207M
-/+ buffers/cache:       710M       281M
Swap:         8.0G       8.1M       8.0G

             total       used       free     shared    buffers     cached
Mem:          992M       928M        63M       3.0M       2.9M       201M
-/+ buffers/cache:       724M       267M
Swap:         8.0G       8.1M       8.0G

             total       used       free     shared    buffers     cached
Mem:          992M       926M        65M       3.0M       1.2M       185M
-/+ buffers/cache:       739M       252M
Swap:         8.0G       8.1M       8.0G

             total       used       free     shared    buffers     cached
Mem:          992M       919M        72M       3.0M       220K       164M
-/+ buffers/cache:       754M       237M
Swap:         8.0G       8.1M       8.0G

             total       used       free     shared    buffers     cached
Mem:          992M       914M        77M       3.0M       228K       145M
-/+ buffers/cache:       769M       222M
Swap:         8.0G       8.1M       8.0G

             total       used       free     shared    buffers     cached
Mem:          992M       926M        65M       3.0M       232K       145M
-/+ buffers/cache:       780M       211M
Swap:         8.0G       8.1M       8.0G

             total       used       free     shared    buffers     cached
Mem:          992M       920M        71M       3.0M        96K       128M
-/+ buffers/cache:       792M       200M
Swap:         8.0G       8.1M       8.0G

             total       used       free     shared    buffers     cached
Mem:          992M       920M        71M       3.0M        96K       113M
-/+ buffers/cache:       807M       185M
Swap:         8.0G       8.1M       8.0G

             total       used       free     shared    buffers     cached
Mem:          992M       919M        72M       3.0M        96K        99M
-/+ buffers/cache:       819M       172M
Swap:         8.0G       8.1M       8.0G

             total       used       free     shared    buffers     cached
Mem:          992M       922M        69M       3.0M        96K        87M
-/+ buffers/cache:       834M       157M
Swap:         8.0G       8.1M       8.0G

             total       used       free     shared    buffers     cached
Mem:          992M       916M        75M       3.0M       108K        68M
-/+ buffers/cache:       848M       143M
Swap:         8.0G       8.1M       8.0G

             total       used       free     shared    buffers     cached
Mem:          992M       916M        75M       3.0M       108K        53M
-/+ buffers/cache:       863M       128M
Swap:         8.0G       8.1M       8.0G

             total       used       free     shared    buffers     cached
Mem:          992M       921M        70M       3.0M       252K        43M
-/+ buffers/cache:       877M       114M
Swap:         8.0G       8.1M       8.0G

             total       used       free     shared    buffers     cached
Mem:          992M       920M        71M       3.0M       3.0M        26M
-/+ buffers/cache:       890M       101M
Swap:         8.0G       8.1M       8.0G

             total       used       free     shared    buffers     cached
Mem:          992M       919M        72M       2.8M       3.0M        17M
-/+ buffers/cache:       898M        93M
Swap:         8.0G        19M       8.0G

             total       used       free     shared    buffers     cached
Mem:          992M       921M        70M       2.8M       3.0M        14M
-/+ buffers/cache:       904M        88M
Swap:         8.0G        26M       8.0G

             total       used       free     shared    buffers     cached
Mem:          992M       919M        72M       2.8M       116K       6.7M
-/+ buffers/cache:       912M        79M
Swap:         8.0G        26M       8.0G

             total       used       free     shared    buffers     cached
Mem:          992M       920M        71M       2.5M       100K       4.9M
-/+ buffers/cache:       915M        76M
Swap:         8.0G        43M       8.0G

             total       used       free     shared    buffers     cached
Mem:          992M       921M        70M       2.5M       364K       5.0M
-/+ buffers/cache:       916M        76M
Swap:         8.0G        59M       7.9G

             total       used       free     shared    buffers     cached
Mem:          992M       920M        71M       2.5M       360K       4.8M
-/+ buffers/cache:       915M        76M
Swap:         8.0G        79M       7.9G

             total       used       free     shared    buffers     cached
Mem:          992M       919M        72M       2.4M       368K       4.8M
-/+ buffers/cache:       914M        77M
Swap:         8.0G        79M       7.9G

             total       used       free     shared    buffers     cached
Mem:          992M       909M        82M       2.4M       364K       4.6M
-/+ buffers/cache:       904M        87M
Swap:         8.0G       122M       7.9G

             total       used       free     shared    buffers     cached
Mem:          992M       922M        70M       2.4M       364K       4.6M
-/+ buffers/cache:       917M        74M
Swap:         8.0G       122M       7.9G

             total       used       free     shared    buffers     cached
Mem:          992M       923M        68M       2.4M       364K       4.7M
-/+ buffers/cache:       918M        73M
Swap:         8.0G       122M       7.9G

             total       used       free     shared    buffers     cached
Mem:          992M       923M        68M       2.4M       364K       4.6M
-/+ buffers/cache:       918M        73M
Swap:         8.0G       136M       7.9G

             total       used       free     shared    buffers     cached
Mem:          992M       921M        71M       2.4M       364K       4.6M
-/+ buffers/cache:       916M        76M
Swap:         8.0G       158M       7.8G

             total       used       free     shared    buffers     cached
Mem:          992M       920M        71M       2.4M       372K       4.6M
-/+ buffers/cache:       915M        76M
Swap:         8.0G       158M       7.8G

             total       used       free     shared    buffers     cached
Mem:          992M       926M        65M       2.4M       372K       4.5M
-/+ buffers/cache:       921M        70M
Swap:         8.0G       164M       7.8G

             total       used       free     shared    buffers     cached
Mem:          992M       924M        67M       2.4M       364K       4.4M
-/+ buffers/cache:       920M        72M
Swap:         8.0G       194M       7.8G

             total       used       free     shared    buffers     cached
Mem:          992M       925M        66M       2.4M       364K       4.8M
-/+ buffers/cache:       920M        72M
Swap:         8.0G       194M       7.8G

             total       used       free     shared    buffers     cached
Mem:          992M       922M        69M       2.4M       364K       4.7M
-/+ buffers/cache:       917M        75M
Swap:         8.0G       218M       7.8G

             total       used       free     shared    buffers     cached
Mem:          992M       922M        69M       2.4M       372K       4.6M
-/+ buffers/cache:       917M        74M
Swap:         8.0G       228M       7.8G

             total       used       free     shared    buffers     cached
Mem:          992M       920M        71M       2.4M       372K       4.6M
-/+ buffers/cache:       915M        76M
Swap:         8.0G       241M       7.8G

             total       used       free     shared    buffers     cached
Mem:          992M       931M        60M       2.3M       372K       4.5M
-/+ buffers/cache:       926M        65M
Swap:         8.0G       246M       7.8G

             total       used       free     shared    buffers     cached
Mem:          992M       925M        66M       2.3M       356K       4.4M
-/+ buffers/cache:       920M        71M
Swap:         8.0G       261M       7.7G

             total       used       free     shared    buffers     cached
Mem:          992M       912M        79M       2.3M       284K       4.3M
-/+ buffers/cache:       908M        83M
Swap:         8.0G       283M       7.7G

             total       used       free     shared    buffers     cached
Mem:          992M       916M        75M       2.3M       292K       4.3M
-/+ buffers/cache:       911M        80M
Swap:         8.0G       283M       7.7G

             total       used       free     shared    buffers     cached
Mem:          992M       922M        69M       2.3M       292K       4.3M
-/+ buffers/cache:       917M        74M
Swap:         8.0G       283M       7.7G

             total       used       free     shared    buffers     cached
Mem:          992M       928M        63M       2.3M       292K       4.4M
-/+ buffers/cache:       923M        68M
Swap:         8.0G       283M       7.7G

             total       used       free     shared    buffers     cached
Mem:          992M       918M        73M       2.3M       244K       4.4M
-/+ buffers/cache:       913M        78M
Swap:         8.0G       299M       7.7G

             total       used       free     shared    buffers     cached
Mem:          992M       923M        68M       2.3M       244K       4.4M
-/+ buffers/cache:       918M        73M
Swap:         8.0G       299M       7.7G

             total       used       free     shared    buffers     cached
Mem:          992M       928M        63M       2.3M       244K       4.4M
-/+ buffers/cache:       923M        68M
Swap:         8.0G       299M       7.7G

             total       used       free     shared    buffers     cached
Mem:          992M       918M        73M       2.3M       252K       4.3M
-/+ buffers/cache:       914M        77M
Swap:         8.0G       311M       7.7G

             total       used       free     shared    buffers     cached
Mem:          992M       923M        68M       2.3M       252K       4.3M
-/+ buffers/cache:       919M        72M
Swap:         8.0G       311M       7.7G

             total       used       free     shared    buffers     cached
Mem:          992M       927M        64M       2.3M       252K       4.3M
-/+ buffers/cache:       923M        68M
Swap:         8.0G       311M       7.7G

             total       used       free     shared    buffers     cached
Mem:          992M       920M        71M       2.3M       252K       4.3M
-/+ buffers/cache:       915M        76M
Swap:         8.0G       332M       7.7G

             total       used       free     shared    buffers     cached
Mem:          992M       925M        67M       2.3M       252K       4.3M
-/+ buffers/cache:       920M        71M
Swap:         8.0G       330M       7.7G

             total       used       free     shared    buffers     cached
Mem:          992M       925M        66M       2.3M       264K       4.3M
-/+ buffers/cache:       920M        71M
Swap:         8.0G       320M       7.7G

             total       used       free     shared    buffers     cached
Mem:          992M       920M        72M         4K       248K       1.9M
-/+ buffers/cache:       917M        74M
Swap:         8.0G       325M       7.7G

             total       used       free     shared    buffers     cached
Mem:          992M       919M        72M         4K        88K       1.9M
-/+ buffers/cache:       917M        74M
Swap:         8.0G       323M       7.7G

             total       used       free     shared    buffers     cached
Mem:          992M       920M        71M         4K        88K       1.8M
-/+ buffers/cache:       918M        73M
Swap:         8.0G       319M       7.7G

             total       used       free     shared    buffers     cached
Mem:          992M       924M        67M         0B        88K       1.6M
-/+ buffers/cache:       922M        69M
Swap:         8.0G       318M       7.7G

             total       used       free     shared    buffers     cached
Mem:          992M       923M        68M         0B        96K       1.6M
-/+ buffers/cache:       921M        70M
Swap:         8.0G       322M       7.7G

             total       used       free     shared    buffers     cached
Mem:          992M       922M        69M         0B        96K       1.6M
-/+ buffers/cache:       920M        71M
Swap:         8.0G       319M       7.7G

             total       used       free     shared    buffers     cached
Mem:          992M       918M        73M         0B        96K       1.5M
-/+ buffers/cache:       916M        75M
Swap:         8.0G       326M       7.7G

             total       used       free     shared    buffers     cached
Mem:          992M       921M        71M         0B        96K       1.4M
-/+ buffers/cache:       919M        72M
Swap:         8.0G       324M       7.7G

             total       used       free     shared    buffers     cached
Mem:          992M       926M        65M         0B        76K        17M
-/+ buffers/cache:       908M        83M
Swap:         8.0G       343M       7.7G

             total       used       free     shared    buffers     cached
Mem:          992M       922M        69M         0B       536K        11M
-/+ buffers/cache:       911M        81M
Swap:         8.0G       346M       7.7G

             total       used       free     shared    buffers     cached
Mem:          992M       919M        72M         0B       564K       8.4M
-/+ buffers/cache:       910M        81M
Swap:         8.0G       353M       7.7G

             total       used       free     shared    buffers     cached
Mem:          992M       915M        76M         0B        84K       3.3M
-/+ buffers/cache:       912M        80M
Swap:         8.0G       355M       7.7G

             total       used       free     shared    buffers     cached
Mem:          992M       919M        72M         0B        88K       3.3M
-/+ buffers/cache:       915M        76M
Swap:         8.0G       351M       7.7G

             total       used       free     shared    buffers     cached
Mem:          992M       919M        72M         0B        92K       2.1M
-/+ buffers/cache:       917M        75M
Swap:         8.0G       343M       7.7G

             total       used       free     shared    buffers     cached
Mem:          992M       923M        68M         0B       224K       2.1M
-/+ buffers/cache:       921M        70M
Swap:         8.0G       341M       7.7G

             total       used       free     shared    buffers     cached
Mem:          992M       928M        64M         0B       232K       2.1M
-/+ buffers/cache:       925M        66M
Swap:         8.0G       340M       7.7G

             total       used       free     shared    buffers     cached
Mem:          992M       921M        70M         0B       232K       2.1M
-/+ buffers/cache:       918M        73M
Swap:         8.0G       358M       7.6G

             total       used       free     shared    buffers     cached
Mem:          992M       926M        65M         0B       232K       2.1M
-/+ buffers/cache:       924M        67M
Swap:         8.0G       358M       7.6G

             total       used       free     shared    buffers     cached
Mem:          992M       919M        73M         0B       232K       2.1M
-/+ buffers/cache:       916M        75M
Swap:         8.0G       371M       7.6G

             total       used       free     shared    buffers     cached
Mem:          992M       923M        68M         0B       232K       2.1M
-/+ buffers/cache:       920M        71M
Swap:         8.0G       371M       7.6G

             total       used       free     shared    buffers     cached
Mem:          992M       929M        62M         0B       232K       2.1M
-/+ buffers/cache:       927M        64M
Swap:         8.0G       371M       7.6G

             total       used       free     shared    buffers     cached
Mem:          992M       921M        70M         0B       240K       2.0M
-/+ buffers/cache:       919M        72M
Swap:         8.0G       384M       7.6G

             total       used       free     shared    buffers     cached
Mem:          992M       925M        66M         0B       240K       2.0M
-/+ buffers/cache:       923M        69M
Swap:         8.0G       384M       7.6G

             total       used       free     shared    buffers     cached
Mem:          992M       927M        65M         0B       240K       2.0M
-/+ buffers/cache:       924M        67M
Swap:         8.0G       384M       7.6G

             total       used       free     shared    buffers     cached
Mem:          992M       930M        61M         0B       372K       2.7M
-/+ buffers/cache:       927M        64M
Swap:         8.0G       383M       7.6G

             total       used       free     shared    buffers     cached
Mem:          992M       918M        73M         0B       340K       2.6M
-/+ buffers/cache:       915M        76M
Swap:         8.0G       400M       7.6G

             total       used       free     shared    buffers     cached
Mem:          992M       920M        72M         0B       348K       2.6M
-/+ buffers/cache:       917M        75M
Swap:         8.0G       400M       7.6G

             total       used       free     shared    buffers     cached
Mem:          992M       922M        69M         0B       348K       2.8M
-/+ buffers/cache:       919M        73M
Swap:         8.0G       399M       7.6G

             total       used       free     shared    buffers     cached
Mem:          992M       924M        68M         0B       348K       2.8M
-/+ buffers/cache:       921M        71M
Swap:         8.0G       399M       7.6G

             total       used       free     shared    buffers     cached
Mem:          992M       926M        66M         0B       348K       2.7M
-/+ buffers/cache:       923M        69M
Swap:         8.0G       398M       7.6G

             total       used       free     shared    buffers     cached
Mem:          992M       927M        64M         0B       348K       2.7M
-/+ buffers/cache:       924M        67M
Swap:         8.0G       398M       7.6G

             total       used       free     shared    buffers     cached
Mem:          992M       929M        62M         0B       356K       2.8M
-/+ buffers/cache:       926M        65M
Swap:         8.0G       397M       7.6G

             total       used       free     shared    buffers     cached
Mem:          992M       931M        60M         0B       356K       2.7M
-/+ buffers/cache:       928M        64M
Swap:         8.0G       397M       7.6G

             total       used       free     shared    buffers     cached
Mem:          992M       921M        71M         0B       352K       2.8M
-/+ buffers/cache:       917M        74M
Swap:         8.0G       401M       7.6G

             total       used       free     shared    buffers     cached
Mem:          992M       923M        69M         0B       356K       2.7M
-/+ buffers/cache:       919M        72M
Swap:         8.0G       400M       7.6G

             total       used       free     shared    buffers     cached
Mem:          992M       924M        67M         0B       356K       2.7M
-/+ buffers/cache:       921M        70M
Swap:         8.0G       399M       7.6G

             total       used       free     shared    buffers     cached
Mem:          992M       926M        65M         0B       356K       2.8M
-/+ buffers/cache:       923M        68M
Swap:         8.0G       399M       7.6G

             total       used       free     shared    buffers     cached
Mem:          992M       928M        63M         0B       364K       2.8M
-/+ buffers/cache:       925M        67M
Swap:         8.0G       398M       7.6G

             total       used       free     shared    buffers     cached
Mem:          992M       930M        61M         0B       364K       2.9M
-/+ buffers/cache:       927M        65M
Swap:         8.0G       398M       7.6G

             total       used       free     shared    buffers     cached
Mem:          992M       920M        72M         0B       364K       2.8M
-/+ buffers/cache:       916M        75M
Swap:         8.0G       409M       7.6G

             total       used       free     shared    buffers     cached
Mem:          992M       921M        70M         0B       364K       2.8M
-/+ buffers/cache:       918M        73M
Swap:         8.0G       408M       7.6G

             total       used       free     shared    buffers     cached
Mem:          992M       923M        68M         0B       364K       2.8M
-/+ buffers/cache:       920M        72M
Swap:         8.0G       406M       7.6G

             total       used       free     shared    buffers     cached
Mem:          992M       924M        67M         0B       372K       2.8M
-/+ buffers/cache:       921M        70M
Swap:         8.0G       406M       7.6G

             total       used       free     shared    buffers     cached
Mem:          992M       926M        65M         0B       372K       2.8M
-/+ buffers/cache:       923M        69M
Swap:         8.0G       405M       7.6G

             total       used       free     shared    buffers     cached
Mem:          992M       927M        64M         0B       372K       2.8M
-/+ buffers/cache:       924M        67M
Swap:         8.0G       405M       7.6G

             total       used       free     shared    buffers     cached
Mem:          992M       929M        62M         0B       372K       2.8M
-/+ buffers/cache:       926M        65M
Swap:         8.0G       404M       7.6G

             total       used       free     shared    buffers     cached
Mem:          992M       931M        60M         0B       372K       2.8M
-/+ buffers/cache:       928M        63M
Swap:         8.0G       404M       7.6G

             total       used       free     shared    buffers     cached
Mem:          992M       919M        72M         0B       380K       2.8M
-/+ buffers/cache:       916M        75M
Swap:         8.0G       411M       7.6G

             total       used       free     shared    buffers     cached
Mem:          992M       921M        70M         0B       380K       2.8M
-/+ buffers/cache:       918M        73M
Swap:         8.0G       410M       7.6G

             total       used       free     shared    buffers     cached
Mem:          992M       923M        68M         0B       380K       2.8M
-/+ buffers/cache:       920M        71M
Swap:         8.0G       409M       7.6G

             total       used       free     shared    buffers     cached
Mem:          992M       925M        66M         0B       380K       2.7M
-/+ buffers/cache:       922M        70M
Swap:         8.0G       408M       7.6G

             total       used       free     shared    buffers     cached
Mem:          992M       926M        65M         0B       380K       2.8M
-/+ buffers/cache:       923M        68M
Swap:         8.0G       408M       7.6G

             total       used       free     shared    buffers     cached
Mem:          992M       928M        63M         0B       380K       2.8M
-/+ buffers/cache:       925M        66M
Swap:         8.0G       407M       7.6G

             total       used       free     shared    buffers     cached
Mem:          992M       930M        61M         0B       388K       2.8M
-/+ buffers/cache:       927M        65M
Swap:         8.0G       407M       7.6G

             total       used       free     shared    buffers     cached
Mem:          992M       912M        79M         0B       388K       2.7M
-/+ buffers/cache:       909M        82M
Swap:         8.0G       437M       7.6G

             total       used       free     shared    buffers     cached
Mem:          992M       914M        77M         0B       388K       2.7M
-/+ buffers/cache:       911M        80M
Swap:         8.0G       436M       7.6G

             total       used       free     shared    buffers     cached
Mem:          992M       917M        75M         0B       388K       2.8M
-/+ buffers/cache:       913M        78M
Swap:         8.0G       435M       7.6G

             total       used       free     shared    buffers     cached
Mem:          992M       919M        72M         0B       388K       2.7M
-/+ buffers/cache:       916M        75M
Swap:         8.0G       434M       7.6G

             total       used       free     shared    buffers     cached
Mem:          992M       920M        71M         0B       396K       2.7M
-/+ buffers/cache:       917M        74M
Swap:         8.0G       433M       7.6G

             total       used       free     shared    buffers     cached
Mem:          992M       923M        69M         0B       396K       2.7M
-/+ buffers/cache:       919M        72M
Swap:         8.0G       432M       7.6G

             total       used       free     shared    buffers     cached
Mem:          992M       924M        67M         0B       396K       2.7M
-/+ buffers/cache:       921M        70M
Swap:         8.0G       431M       7.6G

             total       used       free     shared    buffers     cached
Mem:          992M       927M        65M         0B       396K       2.7M
-/+ buffers/cache:       923M        68M
Swap:         8.0G       430M       7.6G

             total       used       free     shared    buffers     cached
Mem:          992M       928M        63M         0B       396K       2.8M
-/+ buffers/cache:       925M        66M
Swap:         8.0G       429M       7.6G

             total       used       free     shared    buffers     cached
Mem:          992M       930M        61M         0B       404K       2.8M
-/+ buffers/cache:       927M        64M
Swap:         8.0G       428M       7.6G

             total       used       free     shared    buffers     cached
Mem:          992M       919M        72M         0B       404K       2.8M
-/+ buffers/cache:       916M        75M
Swap:         8.0G       427M       7.6G

             total       used       free     shared    buffers     cached
Mem:          992M       921M        70M         0B       404K       2.8M
-/+ buffers/cache:       918M        73M
Swap:         8.0G       426M       7.6G

             total       used       free     shared    buffers     cached
Mem:          992M       924M        67M         0B       404K       2.7M
-/+ buffers/cache:       921M        70M
Swap:         8.0G       424M       7.6G

             total       used       free     shared    buffers     cached
Mem:          992M       926M        65M         0B       404K       2.7M
-/+ buffers/cache:       923M        68M
Swap:         8.0G       423M       7.6G

             total       used       free     shared    buffers     cached
Mem:          992M       918M        73M         0B        76K        19M
-/+ buffers/cache:       898M        93M
Swap:         8.0G       448M       7.6G

             total       used       free     shared    buffers     cached
Mem:          992M       920M        71M         0B       556K        20M
-/+ buffers/cache:       899M        92M
Swap:         8.0G       448M       7.6G

             total       used       free     shared    buffers     cached
Mem:          992M       921M        70M         0B       580K        20M
-/+ buffers/cache:       901M        91M
Swap:         8.0G       447M       7.6G

             total       used       free     shared    buffers     cached
Mem:          992M       923M        68M         0B       580K        20M
-/+ buffers/cache:       902M        89M
Swap:         8.0G       446M       7.6G

             total       used       free     shared    buffers     cached
Mem:          992M       924M        67M         0B       580K        20M
-/+ buffers/cache:       903M        88M
Swap:         8.0G       445M       7.6G

             total       used       free     shared    buffers     cached
Mem:          992M       925M        66M         0B       580K        20M
-/+ buffers/cache:       905M        87M
Swap:         8.0G       445M       7.6G

             total       used       free     shared    buffers     cached
Mem:          992M       927M        64M         0B       588K        20M
-/+ buffers/cache:       906M        85M
Swap:         8.0G       444M       7.6G

             total       used       free     shared    buffers     cached
Mem:          992M       917M        74M         0B       876K        21M
-/+ buffers/cache:       895M        97M
Swap:         8.0G       467M       7.5G

             total       used       free     shared    buffers     cached
Mem:          992M       919M        72M         0B       1.0M        32M
-/+ buffers/cache:       886M       106M
Swap:         8.0G       480M       7.5G

             total       used       free     shared    buffers     cached
Mem:          992M       921M        71M        16K       1.0M        32M
-/+ buffers/cache:       887M       104M
Swap:         8.0G       480M       7.5G

             total       used       free     shared    buffers     cached
Mem:          992M       922M        69M        16K       1.0M        32M
-/+ buffers/cache:       888M       103M
Swap:         8.0G       479M       7.5G

             total       used       free     shared    buffers     cached
Mem:          992M       922M        69M        16K       1.0M        32M
-/+ buffers/cache:       889M       103M
Swap:         8.0G       479M       7.5G

             total       used       free     shared    buffers     cached
Mem:          992M       924M        68M        16K       1.0M        32M
-/+ buffers/cache:       890M       101M
Swap:         8.0G       478M       7.5G

             total       used       free     shared    buffers     cached
Mem:          992M       925M        66M        16K       1.0M        32M
-/+ buffers/cache:       891M       100M
Swap:         8.0G       477M       7.5G

             total       used       free     shared    buffers     cached
Mem:          992M       926M        65M        16K       1.0M        32M
-/+ buffers/cache:       892M        99M
Swap:         8.0G       477M       7.5G

             total       used       free     shared    buffers     cached
Mem:          992M       927M        64M        16K       1.0M        32M
-/+ buffers/cache:       893M        98M
Swap:         8.0G       476M       7.5G

             total       used       free     shared    buffers     cached
Mem:          992M       928M        63M        16K       1.0M        32M
-/+ buffers/cache:       894M        97M
Swap:         8.0G       476M       7.5G

             total       used       free     shared    buffers     cached
Mem:          992M       916M        75M        16K       1.0M        30M
-/+ buffers/cache:       884M       107M
Swap:         8.0G       484M       7.5G

             total       used       free     shared    buffers     cached
Mem:          992M       917M        74M        16K       1.0M        30M
-/+ buffers/cache:       885M       106M
Swap:         8.0G       484M       7.5G

             total       used       free     shared    buffers     cached
Mem:          992M       918M        73M        16K       1.0M        30M
-/+ buffers/cache:       886M       105M
Swap:         8.0G       483M       7.5G

             total       used       free     shared    buffers     cached
Mem:          992M       919M        72M        16K       1.0M        30M
-/+ buffers/cache:       887M       104M
Swap:         8.0G       482M       7.5G

             total       used       free     shared    buffers     cached
Mem:          992M       921M        71M        16K       1.0M        30M
-/+ buffers/cache:       889M       102M
Swap:         8.0G       482M       7.5G

             total       used       free     shared    buffers     cached
Mem:          992M       922M        69M        16K       1.0M        30M
-/+ buffers/cache:       890M       101M
Swap:         8.0G       481M       7.5G

             total       used       free     shared    buffers     cached
Mem:          992M       923M        68M        16K       1.0M        30M
-/+ buffers/cache:       891M       100M
Swap:         8.0G       480M       7.5G

             total       used       free     shared    buffers     cached
Mem:          992M       925M        66M        16K       1.0M        30M
-/+ buffers/cache:       893M        98M
Swap:         8.0G       480M       7.5G

             total       used       free     shared    buffers     cached
Mem:          992M       926M        65M        16K       1.0M        30M
-/+ buffers/cache:       894M        97M
Swap:         8.0G       479M       7.5G

             total       used       free     shared    buffers     cached
Mem:          992M       928M        64M        16K       1.0M        30M
-/+ buffers/cache:       896M        96M
Swap:         8.0G       478M       7.5G

             total       used       free     shared    buffers     cached
Mem:          992M       929M        62M        16K       1.0M        30M
-/+ buffers/cache:       897M        94M
Swap:         8.0G       478M       7.5G

             total       used       free     shared    buffers     cached
Mem:          992M       930M        61M        16K       1.0M        30M
-/+ buffers/cache:       898M        93M
Swap:         8.0G       477M       7.5G

             total       used       free     shared    buffers     cached
Mem:          992M       917M        74M        16K       1.0M        30M
-/+ buffers/cache:       886M       106M
Swap:         8.0G       483M       7.5G

             total       used       free     shared    buffers     cached
Mem:          992M       918M        73M        16K       1.0M        30M
-/+ buffers/cache:       887M       105M
Swap:         8.0G       482M       7.5G

             total       used       free     shared    buffers     cached
Mem:          992M       919M        72M        16K       1.0M        30M
-/+ buffers/cache:       888M       103M
Swap:         8.0G       482M       7.5G

             total       used       free     shared    buffers     cached
Mem:          992M       920M        71M        16K       1.0M        30M
-/+ buffers/cache:       889M       102M
Swap:         8.0G       481M       7.5G

             total       used       free     shared    buffers     cached
Mem:          992M       921M        70M        16K       1.0M        30M
-/+ buffers/cache:       890M       101M
Swap:         8.0G       481M       7.5G

             total       used       free     shared    buffers     cached
Mem:          992M       923M        69M        16K       1.0M        30M
-/+ buffers/cache:       891M       100M
Swap:         8.0G       480M       7.5G

             total       used       free     shared    buffers     cached
Mem:          992M       924M        67M        16K       1.0M        30M
-/+ buffers/cache:       893M        98M
Swap:         8.0G       479M       7.5G

             total       used       free     shared    buffers     cached
Mem:          992M       925M        66M        16K       1.0M        30M
-/+ buffers/cache:       894M        97M
Swap:         8.0G       479M       7.5G

             total       used       free     shared    buffers     cached
Mem:          992M       927M        64M        16K       1.0M        30M
-/+ buffers/cache:       895M        96M
Swap:         8.0G       478M       7.5G

             total       used       free     shared    buffers     cached
Mem:          992M       928M        63M        16K       1.0M        30M
-/+ buffers/cache:       897M        95M
Swap:         8.0G       478M       7.5G

             total       used       free     shared    buffers     cached
Mem:          992M       929M        62M        16K       1.0M        30M
-/+ buffers/cache:       898M        93M
Swap:         8.0G       477M       7.5G

             total       used       free     shared    buffers     cached
Mem:          992M       931M        61M        16K       1.0M        30M
-/+ buffers/cache:       899M        92M
Swap:         8.0G       476M       7.5G

             total       used       free     shared    buffers     cached
Mem:          992M       913M        79M        16K       772K        27M
-/+ buffers/cache:       884M       107M
Swap:         8.0G       500M       7.5G

             total       used       free     shared    buffers     cached
Mem:          992M       914M        77M        16K       772K        27M
-/+ buffers/cache:       885M       106M
Swap:         8.0G       500M       7.5G

             total       used       free     shared    buffers     cached
Mem:          992M       915M        76M        16K       772K        27M
-/+ buffers/cache:       887M       105M
Swap:         8.0G       499M       7.5G

             total       used       free     shared    buffers     cached
Mem:          992M       916M        75M        16K       780K        27M
-/+ buffers/cache:       887M       104M
Swap:         8.0G       499M       7.5G

             total       used       free     shared    buffers     cached
Mem:          992M       917M        74M        16K       780K        27M
-/+ buffers/cache:       889M       102M
Swap:         8.0G       498M       7.5G

             total       used       free     shared    buffers     cached
Mem:          992M       919M        72M        16K       780K        27M
-/+ buffers/cache:       890M       101M
Swap:         8.0G       497M       7.5G

             total       used       free     shared    buffers     cached
Mem:          992M       920M        71M        16K       780K        27M
-/+ buffers/cache:       892M        99M
Swap:         8.0G       496M       7.5G

             total       used       free     shared    buffers     cached
Mem:          992M       922M        69M        16K       780K        27M
-/+ buffers/cache:       893M        98M
Swap:         8.0G       495M       7.5G

             total       used       free     shared    buffers     cached
Mem:          992M       923M        68M        16K       780K        27M
-/+ buffers/cache:       895M        97M
Swap:         8.0G       495M       7.5G

             total       used       free     shared    buffers     cached
Mem:          992M       925M        67M        16K       788K        27M
-/+ buffers/cache:       896M        95M
Swap:         8.0G       494M       7.5G

             total       used       free     shared    buffers     cached
Mem:          992M       926M        65M        16K       788K        27M
-/+ buffers/cache:       897M        94M
Swap:         8.0G       493M       7.5G

             total       used       free     shared    buffers     cached
Mem:          992M       927M        64M        16K       788K        27M
-/+ buffers/cache:       899M        93M
Swap:         8.0G       493M       7.5G

             total       used       free     shared    buffers     cached
Mem:          992M       929M        63M        16K       788K        27M
-/+ buffers/cache:       900M        91M
Swap:         8.0G       492M       7.5G

             total       used       free     shared    buffers     cached
Mem:          992M       930M        61M        16K       788K        27M
-/+ buffers/cache:       901M        90M
Swap:         8.0G       492M       7.5G

             total       used       free     shared    buffers     cached
Mem:          992M       917M        74M        16K       288K        27M
-/+ buffers/cache:       889M       102M
Swap:         8.0G       491M       7.5G

             total       used       free     shared    buffers     cached
Mem:          992M       918M        73M        16K       288K        27M
-/+ buffers/cache:       890M       101M
Swap:         8.0G       490M       7.5G

             total       used       free     shared    buffers     cached
Mem:          992M       920M        71M        16K       288K        27M
-/+ buffers/cache:       892M        99M
Swap:         8.0G       490M       7.5G

             total       used       free     shared    buffers     cached
Mem:          992M       921M        70M        16K       288K        27M
-/+ buffers/cache:       894M        98M
Swap:         8.0G       489M       7.5G

             total       used       free     shared    buffers     cached
Mem:          992M       923M        69M        16K       288K        27M
-/+ buffers/cache:       895M        96M
Swap:         8.0G       488M       7.5G

             total       used       free     shared    buffers     cached
Mem:          992M       931M        61M        16K       288K        33M
-/+ buffers/cache:       897M        95M
Swap:         8.0G       487M       7.5G

             total       used       free     shared    buffers     cached
Mem:          992M       916M        76M        16K       1.8M        33M
-/+ buffers/cache:       881M       111M
Swap:         8.0G       511M       7.5G

             total       used       free     shared    buffers     cached
Mem:          992M       917M        74M        20K       1.8M        33M
-/+ buffers/cache:       882M       109M
Swap:         8.0G       510M       7.5G

             total       used       free     shared    buffers     cached
Mem:          992M       919M        73M        20K       1.8M        33M
-/+ buffers/cache:       884M       108M
Swap:         8.0G       509M       7.5G

             total       used       free     shared    buffers     cached
Mem:          992M       920M        71M        20K       1.8M        33M
-/+ buffers/cache:       885M       106M
Swap:         8.0G       508M       7.5G

             total       used       free     shared    buffers     cached
Mem:          992M       922M        70M        20K       1.8M        33M
-/+ buffers/cache:       887M       105M
Swap:         8.0G       508M       7.5G

             total       used       free     shared    buffers     cached
Mem:          992M       923M        68M        20K       1.8M        33M
-/+ buffers/cache:       888M       103M
Swap:         8.0G       507M       7.5G

             total       used       free     shared    buffers     cached
Mem:          992M       924M        67M        20K       1.8M        33M
-/+ buffers/cache:       889M       102M
Swap:         8.0G       506M       7.5G

             total       used       free     shared    buffers     cached
Mem:          992M       926M        65M        20K       1.8M        33M
-/+ buffers/cache:       891M       100M
Swap:         8.0G       505M       7.5G

             total       used       free     shared    buffers     cached
Mem:          992M       927M        64M        20K       1.8M        33M
-/+ buffers/cache:       892M        99M
Swap:         8.0G       505M       7.5G

             total       used       free     shared    buffers     cached
Mem:          992M       929M        62M        20K       1.8M        33M
-/+ buffers/cache:       894M        97M
Swap:         8.0G       504M       7.5G

             total       used       free     shared    buffers     cached
Mem:          992M       931M        60M        20K       1.8M        33M
-/+ buffers/cache:       896M        96M
Swap:         8.0G       503M       7.5G

             total       used       free     shared    buffers     cached
Mem:          992M       919M        72M        20K       1.6M        31M
-/+ buffers/cache:       885M       106M
Swap:         8.0G       512M       7.5G

             total       used       free     shared    buffers     cached
Mem:          992M       927M        64M        24K       3.5M        35M
-/+ buffers/cache:       888M       103M
Swap:         8.0G       511M       7.5G

             total       used       free     shared    buffers     cached
Mem:          992M       931M        60M        24K       4.5M        55M
-/+ buffers/cache:       871M       120M
Swap:         8.0G       536M       7.5G

             total       used       free     shared    buffers     cached
Mem:          992M       908M        83M        24K       4.4M        58M
-/+ buffers/cache:       846M       145M
Swap:         8.0G       547M       7.5G

             total       used       free     shared    buffers     cached
Mem:          992M       910M        81M        24K       4.4M        58M
-/+ buffers/cache:       847M       144M
Swap:         8.0G       546M       7.5G

             total       used       free     shared    buffers     cached
Mem:          992M       919M        72M        24K       4.4M        61M
-/+ buffers/cache:       853M       138M
Swap:         8.0G       543M       7.5G

             total       used       free     shared    buffers     cached
Mem:          992M       921M        71M        24K       4.4M        61M
-/+ buffers/cache:       855M       136M
Swap:         8.0G       542M       7.5G

             total       used       free     shared    buffers     cached
Mem:          992M       922M        69M        24K       4.4M        61M
-/+ buffers/cache:       856M       135M
Swap:         8.0G       541M       7.5G

             total       used       free     shared    buffers     cached
Mem:          992M       916M        75M        24K       2.0M        62M
-/+ buffers/cache:       851M       140M
Swap:         8.0G       545M       7.5G

             total       used       free     shared    buffers     cached
Mem:          992M       917M        74M        24K       2.0M        63M
-/+ buffers/cache:       852M       139M
Swap:         8.0G       544M       7.5G

             total       used       free     shared    buffers     cached
Mem:          992M       918M        73M        24K       2.0M        63M
-/+ buffers/cache:       853M       138M
Swap:         8.0G       544M       7.5G

             total       used       free     shared    buffers     cached
Mem:          992M       919M        73M        24K       2.0M        62M
-/+ buffers/cache:       854M       138M
Swap:         8.0G       543M       7.5G

             total       used       free     shared    buffers     cached
Mem:          992M       919M        72M        24K       2.0M        63M
-/+ buffers/cache:       854M       137M
Swap:         8.0G       543M       7.5G

             total       used       free     shared    buffers     cached
Mem:          992M       920M        71M        24K       2.0M        63M
-/+ buffers/cache:       855M       136M
Swap:         8.0G       543M       7.5G

             total       used       free     shared    buffers     cached
Mem:          992M       921M        71M        24K       2.0M        63M
-/+ buffers/cache:       856M       135M
Swap:         8.0G       542M       7.5G

             total       used       free     shared    buffers     cached
Mem:          992M       922M        70M        24K       2.0M        63M
-/+ buffers/cache:       857M       135M
Swap:         8.0G       542M       7.5G

             total       used       free     shared    buffers     cached
Mem:          992M       922M        69M        24K       2.0M        63M
-/+ buffers/cache:       857M       134M
Swap:         8.0G       542M       7.5G

             total       used       free     shared    buffers     cached
Mem:          992M       923M        68M        24K       2.0M        63M
-/+ buffers/cache:       858M       133M
Swap:         8.0G       541M       7.5G

             total       used       free     shared    buffers     cached
Mem:          992M       924M        67M        24K       2.0M        63M
-/+ buffers/cache:       859M       133M
Swap:         8.0G       541M       7.5G

             total       used       free     shared    buffers     cached
Mem:          992M       921M        70M       196K       2.3M        65M
-/+ buffers/cache:       854M       137M
Swap:         8.0G       556M       7.5G

             total       used       free     shared    buffers     cached
Mem:          992M       923M        68M       3.9M       5.3M        65M
-/+ buffers/cache:       853M       139M
Swap:         8.0G       572M       7.4G

             total       used       free     shared    buffers     cached
Mem:          992M       930M        62M       232K       5.6M        69M
-/+ buffers/cache:       854M       137M
Swap:         8.0G       577M       7.4G

             total       used       free     shared    buffers     cached
Mem:          992M       917M        74M       220K       5.4M        63M
-/+ buffers/cache:       848M       143M
Swap:         8.0G       577M       7.4G

             total       used       free     shared    buffers     cached
Mem:          992M       919M        72M       220K       5.4M        63M
-/+ buffers/cache:       850M       142M
Swap:         8.0G       576M       7.4G

             total       used       free     shared    buffers     cached
Mem:          992M       920M        71M       220K       5.4M        64M
-/+ buffers/cache:       850M       141M
Swap:         8.0G       576M       7.4G

             total       used       free     shared    buffers     cached
Mem:          992M       922M        69M       220K       5.5M        64M
-/+ buffers/cache:       852M       139M
Swap:         8.0G       575M       7.4G

             total       used       free     shared    buffers     cached
Mem:          992M       924M        68M       220K       5.5M        64M
-/+ buffers/cache:       853M       138M
Swap:         8.0G       574M       7.4G

             total       used       free     shared    buffers     cached
Mem:          992M       925M        66M       220K       5.5M        64M
-/+ buffers/cache:       855M       137M
Swap:         8.0G       574M       7.4G

             total       used       free     shared    buffers     cached
Mem:          992M       926M        65M       220K       5.5M        64M
-/+ buffers/cache:       856M       135M
Swap:         8.0G       573M       7.4G

             total       used       free     shared    buffers     cached
Mem:          992M       928M        64M       220K       5.5M        64M
-/+ buffers/cache:       857M       134M
Swap:         8.0G       573M       7.4G

             total       used       free     shared    buffers     cached
Mem:          992M       929M        62M       220K       5.5M        64M
-/+ buffers/cache:       858M       133M
Swap:         8.0G       572M       7.4G

             total       used       free     shared    buffers     cached
Mem:          992M       930M        61M       220K       5.5M        64M
-/+ buffers/cache:       860M       131M
Swap:         8.0G       572M       7.4G

             total       used       free     shared    buffers     cached
Mem:          992M       916M        75M       220K       5.5M        60M
-/+ buffers/cache:       850M       141M
Swap:         8.0G       585M       7.4G

             total       used       free     shared    buffers     cached
Mem:          992M       918M        73M       220K       5.5M        61M
-/+ buffers/cache:       851M       140M
Swap:         8.0G       584M       7.4G

             total       used       free     shared    buffers     cached
Mem:          992M       919M        72M       220K       5.5M        61M
-/+ buffers/cache:       853M       139M
Swap:         8.0G       584M       7.4G

             total       used       free     shared    buffers     cached
Mem:          992M       920M        71M       220K       5.5M        61M
-/+ buffers/cache:       854M       137M
Swap:         8.0G       583M       7.4G

             total       used       free     shared    buffers     cached
Mem:          992M       921M        70M       220K       5.5M        61M
-/+ buffers/cache:       855M       136M
Swap:         8.0G       583M       7.4G

             total       used       free     shared    buffers     cached
Mem:          992M       923M        69M       220K       5.5M        61M
-/+ buffers/cache:       856M       135M
Swap:         8.0G       582M       7.4G

             total       used       free     shared    buffers     cached
Mem:          992M       924M        67M       220K       5.5M        61M
-/+ buffers/cache:       858M       134M
Swap:         8.0G       581M       7.4G

             total       used       free     shared    buffers     cached
Mem:          992M       925M        66M       220K       5.5M        61M
-/+ buffers/cache:       859M       133M
Swap:         8.0G       581M       7.4G

             total       used       free     shared    buffers     cached
Mem:          992M       927M        65M       220K       5.5M        61M
-/+ buffers/cache:       860M       131M
Swap:         8.0G       580M       7.4G

             total       used       free     shared    buffers     cached
Mem:          992M       928M        63M       220K       5.5M        61M
-/+ buffers/cache:       862M       130M
Swap:         8.0G       580M       7.4G

             total       used       free     shared    buffers     cached
Mem:          992M       929M        62M       220K       5.5M        61M
-/+ buffers/cache:       863M       128M
Swap:         8.0G       579M       7.4G

             total       used       free     shared    buffers     cached
Mem:          992M       931M        61M       220K       5.5M        61M
-/+ buffers/cache:       864M       127M
Swap:         8.0G       579M       7.4G

             total       used       free     shared    buffers     cached
Mem:          992M       918M        73M       220K       5.5M        60M
-/+ buffers/cache:       853M       139M
Swap:         8.0G       592M       7.4G

             total       used       free     shared    buffers     cached
Mem:          992M       920M        71M       220K       5.5M        60M
-/+ buffers/cache:       854M       137M
Swap:         8.0G       591M       7.4G

             total       used       free     shared    buffers     cached
Mem:          992M       921M        70M       220K       5.5M        60M
-/+ buffers/cache:       855M       136M
Swap:         8.0G       590M       7.4G

             total       used       free     shared    buffers     cached
Mem:          992M       922M        69M       220K       5.5M        60M
-/+ buffers/cache:       856M       135M
Swap:         8.0G       590M       7.4G

             total       used       free     shared    buffers     cached
Mem:          992M       924M        67M       220K       5.5M        60M
-/+ buffers/cache:       858M       134M
Swap:         8.0G       589M       7.4G

             total       used       free     shared    buffers     cached
Mem:          992M       925M        66M       220K       5.5M        60M
-/+ buffers/cache:       859M       132M
Swap:         8.0G       589M       7.4G

             total       used       free     shared    buffers     cached
Mem:          992M       927M        64M       220K       5.5M        60M
-/+ buffers/cache:       861M       131M
Swap:         8.0G       588M       7.4G

             total       used       free     shared    buffers     cached
Mem:          992M       928M        63M       220K       5.5M        60M
-/+ buffers/cache:       862M       129M
Swap:         8.0G       588M       7.4G

             total       used       free     shared    buffers     cached
Mem:          992M       929M        62M       220K       5.5M        60M
-/+ buffers/cache:       863M       128M
Swap:         8.0G       587M       7.4G

             total       used       free     shared    buffers     cached
Mem:          992M       919M        72M       220K       5.3M        61M
-/+ buffers/cache:       852M       139M
Swap:         8.0G       590M       7.4G

             total       used       free     shared    buffers     cached
Mem:          992M       920M        71M       224K       5.3M        61M
-/+ buffers/cache:       853M       138M
Swap:         8.0G       590M       7.4G

             total       used       free     shared    buffers     cached
Mem:          992M       921M        70M       224K       5.3M        61M
-/+ buffers/cache:       855M       137M
Swap:         8.0G       589M       7.4G

             total       used       free     shared    buffers     cached
Mem:          992M       923M        68M       224K       5.3M        61M
-/+ buffers/cache:       856M       135M
Swap:         8.0G       588M       7.4G

             total       used       free     shared    buffers     cached
Mem:          992M       924M        67M       224K       5.3M        61M
-/+ buffers/cache:       857M       134M
Swap:         8.0G       588M       7.4G

             total       used       free     shared    buffers     cached
Mem:          992M       926M        65M       224K       5.3M        62M
-/+ buffers/cache:       858M       133M
Swap:         8.0G       587M       7.4G

             total       used       free     shared    buffers     cached
Mem:          992M       910M        81M       264K       6.9M        67M
-/+ buffers/cache:       836M       156M
Swap:         8.0G       611M       7.4G
