             total       used       free     shared    buffers     cached
Mem:          992M       678M       313M       3.4M        41M       290M
-/+ buffers/cache:       346M       646M
Swap:         8.0G         0B       8.0G

             total       used       free     shared    buffers     cached
Mem:          992M       678M       313M       3.4M        41M       291M
-/+ buffers/cache:       345M       646M
Swap:         8.0G         0B       8.0G

             total       used       free     shared    buffers     cached
Mem:          992M       678M       313M       3.4M        41M       291M
-/+ buffers/cache:       345M       646M
Swap:         8.0G         0B       8.0G

             total       used       free     shared    buffers     cached
Mem:          992M       678M       313M       3.4M        41M       291M
-/+ buffers/cache:       345M       646M
Swap:         8.0G         0B       8.0G

             total       used       free     shared    buffers     cached
Mem:          992M       678M       313M       3.4M        41M       291M
-/+ buffers/cache:       345M       646M
Swap:         8.0G         0B       8.0G

             total       used       free     shared    buffers     cached
Mem:          992M       678M       313M       3.4M        41M       291M
-/+ buffers/cache:       345M       646M
Swap:         8.0G         0B       8.0G

             total       used       free     shared    buffers     cached
Mem:          992M       678M       313M       3.4M        41M       291M
-/+ buffers/cache:       345M       646M
Swap:         8.0G         0B       8.0G

             total       used       free     shared    buffers     cached
Mem:          992M       678M       313M       3.4M        41M       291M
-/+ buffers/cache:       345M       646M
Swap:         8.0G         0B       8.0G

             total       used       free     shared    buffers     cached
Mem:          992M       678M       314M       3.4M        41M       291M
-/+ buffers/cache:       345M       647M
Swap:         8.0G         0B       8.0G

             total       used       free     shared    buffers     cached
Mem:          992M       678M       314M       3.4M        41M       291M
-/+ buffers/cache:       344M       647M
Swap:         8.0G         0B       8.0G

             total       used       free     shared    buffers     cached
Mem:          992M       677M       314M       3.4M        41M       291M
-/+ buffers/cache:       344M       647M
Swap:         8.0G         0B       8.0G

             total       used       free     shared    buffers     cached
Mem:          992M       679M       312M       3.4M        41M       291M
-/+ buffers/cache:       345M       646M
Swap:         8.0G         0B       8.0G

             total       used       free     shared    buffers     cached
Mem:          992M       683M       308M       3.4M        41M       291M
-/+ buffers/cache:       349M       642M
Swap:         8.0G         0B       8.0G

             total       used       free     shared    buffers     cached
Mem:          992M       700M       291M       3.4M        41M       291M
-/+ buffers/cache:       366M       625M
Swap:         8.0G         0B       8.0G

             total       used       free     shared    buffers     cached
Mem:          992M       687M       305M       3.4M        41M       292M
-/+ buffers/cache:       352M       639M
Swap:         8.0G         0B       8.0G

             total       used       free     shared    buffers     cached
Mem:          992M       686M       305M       3.4M        41M       292M
-/+ buffers/cache:       352M       639M
Swap:         8.0G         0B       8.0G

             total       used       free     shared    buffers     cached
Mem:          992M       695M       296M       3.4M        41M       292M
-/+ buffers/cache:       360M       631M
Swap:         8.0G         0B       8.0G

             total       used       free     shared    buffers     cached
Mem:          992M       687M       304M       3.4M        41M       292M
-/+ buffers/cache:       352M       639M
Swap:         8.0G         0B       8.0G

             total       used       free     shared    buffers     cached
Mem:          992M       687M       304M       3.4M        41M       292M
-/+ buffers/cache:       352M       639M
Swap:         8.0G         0B       8.0G

             total       used       free     shared    buffers     cached
Mem:          992M       687M       304M       3.4M        41M       292M
-/+ buffers/cache:       352M       639M
Swap:         8.0G         0B       8.0G

             total       used       free     shared    buffers     cached
Mem:          992M       687M       304M       3.4M        41M       292M
-/+ buffers/cache:       352M       639M
Swap:         8.0G         0B       8.0G

             total       used       free     shared    buffers     cached
Mem:          992M       687M       304M       3.4M        41M       292M
-/+ buffers/cache:       352M       639M
Swap:         8.0G         0B       8.0G

             total       used       free     shared    buffers     cached
Mem:          992M       687M       304M       3.4M        41M       292M
-/+ buffers/cache:       352M       639M
Swap:         8.0G         0B       8.0G

             total       used       free     shared    buffers     cached
Mem:          992M       687M       304M       3.4M        41M       292M
-/+ buffers/cache:       352M       639M
Swap:         8.0G         0B       8.0G

             total       used       free     shared    buffers     cached
Mem:          992M       687M       304M       3.4M        41M       292M
-/+ buffers/cache:       352M       639M
Swap:         8.0G         0B       8.0G

             total       used       free     shared    buffers     cached
Mem:          992M       687M       304M       3.4M        41M       292M
-/+ buffers/cache:       352M       639M
Swap:         8.0G         0B       8.0G

             total       used       free     shared    buffers     cached
Mem:          992M       687M       304M       3.4M        41M       292M
-/+ buffers/cache:       352M       639M
Swap:         8.0G         0B       8.0G

             total       used       free     shared    buffers     cached
Mem:          992M       687M       304M       3.4M        41M       292M
-/+ buffers/cache:       352M       639M
Swap:         8.0G         0B       8.0G

             total       used       free     shared    buffers     cached
Mem:          992M       687M       304M       3.4M        41M       292M
-/+ buffers/cache:       352M       639M
Swap:         8.0G         0B       8.0G

             total       used       free     shared    buffers     cached
Mem:          992M       687M       304M       3.4M        41M       292M
-/+ buffers/cache:       352M       639M
Swap:         8.0G         0B       8.0G

             total       used       free     shared    buffers     cached
Mem:          992M       687M       304M       3.4M        41M       292M
-/+ buffers/cache:       352M       639M
Swap:         8.0G         0B       8.0G

             total       used       free     shared    buffers     cached
Mem:          992M       687M       304M       3.4M        41M       292M
-/+ buffers/cache:       352M       639M
Swap:         8.0G         0B       8.0G

             total       used       free     shared    buffers     cached
Mem:          992M       694M       297M       3.4M        41M       292M
-/+ buffers/cache:       360M       632M
Swap:         8.0G         0B       8.0G

             total       used       free     shared    buffers     cached
Mem:          992M       710M       281M       3.4M        41M       292M
-/+ buffers/cache:       376M       616M
Swap:         8.0G         0B       8.0G

             total       used       free     shared    buffers     cached
Mem:          992M       726M       265M       3.4M        41M       292M
-/+ buffers/cache:       392M       600M
Swap:         8.0G         0B       8.0G

             total       used       free     shared    buffers     cached
Mem:          992M       742M       250M       3.4M        41M       292M
-/+ buffers/cache:       407M       584M
Swap:         8.0G         0B       8.0G

             total       used       free     shared    buffers     cached
Mem:          992M       756M       235M       3.4M        41M       292M
-/+ buffers/cache:       422M       569M
Swap:         8.0G         0B       8.0G

             total       used       free     shared    buffers     cached
Mem:          992M       773M       218M       3.4M        41M       292M
-/+ buffers/cache:       439M       552M
Swap:         8.0G         0B       8.0G

             total       used       free     shared    buffers     cached
Mem:          992M       791M       201M       3.4M        41M       292M
-/+ buffers/cache:       456M       535M
Swap:         8.0G         0B       8.0G

             total       used       free     shared    buffers     cached
Mem:          992M       807M       184M       3.4M        41M       292M
-/+ buffers/cache:       472M       519M
Swap:         8.0G         0B       8.0G

             total       used       free     shared    buffers     cached
Mem:          992M       825M       166M       3.4M        41M       292M
-/+ buffers/cache:       490M       501M
Swap:         8.0G         0B       8.0G

             total       used       free     shared    buffers     cached
Mem:          992M       841M       150M       3.4M        41M       293M
-/+ buffers/cache:       506M       485M
Swap:         8.0G         0B       8.0G

             total       used       free     shared    buffers     cached
Mem:          992M       860M       131M       3.4M        41M       293M
-/+ buffers/cache:       525M       466M
Swap:         8.0G         0B       8.0G

             total       used       free     shared    buffers     cached
Mem:          992M       876M       115M       3.4M        41M       293M
-/+ buffers/cache:       541M       450M
Swap:         8.0G         0B       8.0G

             total       used       free     shared    buffers     cached
Mem:          992M       893M        98M       3.4M        41M       293M
-/+ buffers/cache:       559M       433M
Swap:         8.0G         0B       8.0G

             total       used       free     shared    buffers     cached
Mem:          992M       909M        82M       3.4M        41M       293M
-/+ buffers/cache:       574M       417M
Swap:         8.0G         0B       8.0G

             total       used       free     shared    buffers     cached
Mem:          992M       922M        69M       3.4M        41M       293M
-/+ buffers/cache:       587M       404M
Swap:         8.0G         0B       8.0G

             total       used       free     shared    buffers     cached
Mem:          992M       923M        68M       3.4M        27M       291M
-/+ buffers/cache:       604M       387M
Swap:         8.0G         0B       8.0G

             total       used       free     shared    buffers     cached
Mem:          992M       923M        68M       3.4M        13M       289M
-/+ buffers/cache:       621M       371M
Swap:         8.0G         0B       8.0G

             total       used       free     shared    buffers     cached
Mem:          992M       919M        73M       3.2M        12M       269M
-/+ buffers/cache:       637M       355M
Swap:         8.0G       168K       8.0G

             total       used       free     shared    buffers     cached
Mem:          992M       915M        76M       3.2M        12M       249M
-/+ buffers/cache:       653M       338M
Swap:         8.0G       172K       8.0G

             total       used       free     shared    buffers     cached
Mem:          992M       932M        59M       3.2M        12M       249M
-/+ buffers/cache:       670M       322M
Swap:         8.0G       172K       8.0G

             total       used       free     shared    buffers     cached
Mem:          992M       933M        59M       3.1M        12M       236M
-/+ buffers/cache:       683M       308M
Swap:         8.0G       4.7M       8.0G

             total       used       free     shared    buffers     cached
Mem:          992M       917M        74M       3.1M        12M       210M
-/+ buffers/cache:       695M       297M
Swap:         8.0G       9.5M       8.0G

             total       used       free     shared    buffers     cached
Mem:          992M       932M        59M       3.1M        12M       210M
-/+ buffers/cache:       710M       282M
Swap:         8.0G       9.5M       8.0G

             total       used       free     shared    buffers     cached
Mem:          992M       921M        70M       3.1M       1.6M       195M
-/+ buffers/cache:       724M       267M
Swap:         8.0G       9.5M       8.0G

             total       used       free     shared    buffers     cached
Mem:          992M       914M        77M       3.1M       232K       173M
-/+ buffers/cache:       740M       251M
Swap:         8.0G       9.5M       8.0G

             total       used       free     shared    buffers     cached
Mem:          992M       930M        61M       3.1M       232K       173M
-/+ buffers/cache:       756M       235M
Swap:         8.0G       9.5M       8.0G

             total       used       free     shared    buffers     cached
Mem:          992M       923M        68M       3.1M       184K       152M
-/+ buffers/cache:       770M       221M
Swap:         8.0G       9.5M       8.0G

             total       used       free     shared    buffers     cached
Mem:          992M       919M        72M       3.1M       200K       134M
-/+ buffers/cache:       784M       207M
Swap:         8.0G       9.5M       8.0G

             total       used       free     shared    buffers     cached
Mem:          992M       931M        61M       3.1M       200K       134M
-/+ buffers/cache:       796M       196M
Swap:         8.0G       9.5M       8.0G

             total       used       free     shared    buffers     cached
Mem:          992M       924M        67M       3.1M       100K       119M
-/+ buffers/cache:       805M       186M
Swap:         8.0G       9.5M       8.0G

             total       used       free     shared    buffers     cached
Mem:          992M       924M        67M       3.1M       100K       105M
-/+ buffers/cache:       819M       172M
Swap:         8.0G       9.5M       8.0G

             total       used       free     shared    buffers     cached
Mem:          992M       926M        65M       3.1M       100K        93M
-/+ buffers/cache:       833M       158M
Swap:         8.0G       9.5M       8.0G

             total       used       free     shared    buffers     cached
Mem:          992M       918M        73M       3.1M       104K        72M
-/+ buffers/cache:       846M       146M
Swap:         8.0G       9.5M       8.0G

             total       used       free     shared    buffers     cached
Mem:          992M       915M        76M       3.1M       104K        56M
-/+ buffers/cache:       859M       132M
Swap:         8.0G       9.5M       8.0G

             total       used       free     shared    buffers     cached
Mem:          992M       920M        71M       3.1M       120K        43M
-/+ buffers/cache:       876M       115M
Swap:         8.0G       9.5M       8.0G

             total       used       free     shared    buffers     cached
Mem:          992M       916M        75M       3.1M       120K        26M
-/+ buffers/cache:       889M       102M
Swap:         8.0G       9.5M       8.0G

             total       used       free     shared    buffers     cached
Mem:          992M       923M        68M       2.6M       776K        27M
-/+ buffers/cache:       894M        97M
Swap:         8.0G        27M       8.0G

             total       used       free     shared    buffers     cached
Mem:          992M       928M        63M       2.6M       896K        31M
-/+ buffers/cache:       896M        95M
Swap:         8.0G        33M       8.0G

             total       used       free     shared    buffers     cached
Mem:          992M       930M        61M       2.6M       608K        28M
-/+ buffers/cache:       900M        91M
Swap:         8.0G        44M       8.0G

             total       used       free     shared    buffers     cached
Mem:          992M       917M        74M       2.6M       620K        25M
-/+ buffers/cache:       892M       100M
Swap:         8.0G        67M       7.9G

             total       used       free     shared    buffers     cached
Mem:          992M       921M        71M       2.6M       2.7M        25M
-/+ buffers/cache:       892M        99M
Swap:         8.0G        78M       7.9G

             total       used       free     shared    buffers     cached
Mem:          992M       919M        73M       2.6M       2.7M        22M
-/+ buffers/cache:       894M        98M
Swap:         8.0G        94M       7.9G

             total       used       free     shared    buffers     cached
Mem:          992M       915M        76M       2.6M       2.7M        19M
-/+ buffers/cache:       893M        98M
Swap:         8.0G       110M       7.9G

             total       used       free     shared    buffers     cached
Mem:          992M       927M        64M       2.6M       2.7M        19M
-/+ buffers/cache:       905M        87M
Swap:         8.0G       110M       7.9G

             total       used       free     shared    buffers     cached
Mem:          992M       922M        69M       2.6M       2.6M        18M
-/+ buffers/cache:       901M        91M
Swap:         8.0G       128M       7.9G

             total       used       free     shared    buffers     cached
Mem:          992M       914M        78M       2.5M       1.5M        17M
-/+ buffers/cache:       895M        96M
Swap:         8.0G       144M       7.9G

             total       used       free     shared    buffers     cached
Mem:          992M       927M        64M       2.5M       1.5M        17M
-/+ buffers/cache:       909M        83M
Swap:         8.0G       144M       7.9G

             total       used       free     shared    buffers     cached
Mem:          992M       925M        66M       2.5M       496K        15M
-/+ buffers/cache:       909M        82M
Swap:         8.0G       158M       7.8G

             total       used       free     shared    buffers     cached
Mem:          992M       919M        72M       2.5M       100K        11M
-/+ buffers/cache:       908M        83M
Swap:         8.0G       180M       7.8G

             total       used       free     shared    buffers     cached
Mem:          992M       920M        71M       2.5M       100K        11M
-/+ buffers/cache:       909M        82M
Swap:         8.0G       180M       7.8G

             total       used       free     shared    buffers     cached
Mem:          992M       924M        68M       2.5M       108K        10M
-/+ buffers/cache:       913M        78M
Swap:         8.0G       189M       7.8G

             total       used       free     shared    buffers     cached
Mem:          992M       922M        69M       2.5M        96K       9.7M
-/+ buffers/cache:       913M        79M
Swap:         8.0G       213M       7.8G

             total       used       free     shared    buffers     cached
Mem:          992M       923M        68M       2.5M        96K       9.5M
-/+ buffers/cache:       914M        77M
Swap:         8.0G       216M       7.8G

             total       used       free     shared    buffers     cached
Mem:          992M       922M        69M       2.5M        96K       8.9M
-/+ buffers/cache:       913M        78M
Swap:         8.0G       234M       7.8G

             total       used       free     shared    buffers     cached
Mem:          992M       917M        75M       2.5M        92K       8.5M
-/+ buffers/cache:       908M        83M
Swap:         8.0G       250M       7.8G

             total       used       free     shared    buffers     cached
Mem:          992M       923M        68M       2.4M        92K       8.5M
-/+ buffers/cache:       914M        77M
Swap:         8.0G       250M       7.8G

             total       used       free     shared    buffers     cached
Mem:          992M       930M        61M       2.4M       100K       8.7M
-/+ buffers/cache:       921M        70M
Swap:         8.0G       250M       7.8G

             total       used       free     shared    buffers     cached
Mem:          992M       920M        72M       2.4M        92K       8.3M
-/+ buffers/cache:       911M        80M
Swap:         8.0G       267M       7.7G

             total       used       free     shared    buffers     cached
Mem:          992M       926M        66M       2.4M        92K       8.3M
-/+ buffers/cache:       917M        74M
Swap:         8.0G       267M       7.7G

             total       used       free     shared    buffers     cached
Mem:          992M       930M        61M       2.4M        92K       8.3M
-/+ buffers/cache:       922M        69M
Swap:         8.0G       267M       7.7G

             total       used       free     shared    buffers     cached
Mem:          992M       923M        69M       2.4M        92K       8.3M
-/+ buffers/cache:       914M        77M
Swap:         8.0G       276M       7.7G

             total       used       free     shared    buffers     cached
Mem:          992M       926M        65M       2.4M       100K       8.3M
-/+ buffers/cache:       918M        73M
Swap:         8.0G       276M       7.7G

             total       used       free     shared    buffers     cached
Mem:          992M       917M        75M       2.4M       100K       8.1M
-/+ buffers/cache:       908M        83M
Swap:         8.0G       297M       7.7G

             total       used       free     shared    buffers     cached
Mem:          992M       920M        71M       2.4M       100K       8.1M
-/+ buffers/cache:       912M        79M
Swap:         8.0G       297M       7.7G

             total       used       free     shared    buffers     cached
Mem:          992M       926M        66M       2.4M       100K       8.1M
-/+ buffers/cache:       917M        74M
Swap:         8.0G       297M       7.7G

             total       used       free     shared    buffers     cached
Mem:          992M       930M        62M       2.4M       100K       8.1M
-/+ buffers/cache:       921M        70M
Swap:         8.0G       297M       7.7G

             total       used       free     shared    buffers     cached
Mem:          992M       918M        73M       2.4M        84K       8.3M
-/+ buffers/cache:       910M        82M
Swap:         8.0G       306M       7.7G

             total       used       free     shared    buffers     cached
Mem:          992M       922M        69M       2.4M        84K       8.3M
-/+ buffers/cache:       914M        77M
Swap:         8.0G       306M       7.7G

             total       used       free     shared    buffers     cached
Mem:          992M       926M        65M       2.4M        84K       8.3M
-/+ buffers/cache:       918M        73M
Swap:         8.0G       306M       7.7G

             total       used       free     shared    buffers     cached
Mem:          992M       931M        61M       2.4M        84K       8.3M
-/+ buffers/cache:       922M        69M
Swap:         8.0G       306M       7.7G

             total       used       free     shared    buffers     cached
Mem:          992M       918M        73M       1.0M        76K       6.7M
-/+ buffers/cache:       912M        80M
Swap:         8.0G       331M       7.7G

             total       used       free     shared    buffers     cached
Mem:          992M       922M        70M       1.0M        76K       6.7M
-/+ buffers/cache:       915M        76M
Swap:         8.0G       331M       7.7G

             total       used       free     shared    buffers     cached
Mem:          992M       926M        66M       1.0M        84K       6.7M
-/+ buffers/cache:       919M        72M
Swap:         8.0G       331M       7.7G

             total       used       free     shared    buffers     cached
Mem:          992M       929M        62M       1.0M        84K       6.7M
-/+ buffers/cache:       922M        69M
Swap:         8.0G       331M       7.7G

             total       used       free     shared    buffers     cached
Mem:          992M       920M        71M       1.0M        84K       6.7M
-/+ buffers/cache:       913M        78M
Swap:         8.0G       331M       7.7G

             total       used       free     shared    buffers     cached
Mem:          992M       923M        68M       1.0M        84K       6.7M
-/+ buffers/cache:       916M        75M
Swap:         8.0G       331M       7.7G

             total       used       free     shared    buffers     cached
Mem:          992M       926M        65M       1.0M        84K       6.7M
-/+ buffers/cache:       919M        72M
Swap:         8.0G       331M       7.7G

             total       used       free     shared    buffers     cached
Mem:          992M       929M        62M       1.0M        92K       6.7M
-/+ buffers/cache:       922M        69M
Swap:         8.0G       331M       7.7G

             total       used       free     shared    buffers     cached
Mem:          992M       921M        70M       196K        92K       5.9M
-/+ buffers/cache:       915M        76M
Swap:         8.0G       349M       7.7G

             total       used       free     shared    buffers     cached
Mem:          992M       924M        67M       196K        92K       5.9M
-/+ buffers/cache:       918M        73M
Swap:         8.0G       349M       7.7G

             total       used       free     shared    buffers     cached
Mem:          992M       897M        94M       196K       504K        15M
-/+ buffers/cache:       881M       110M
Swap:         8.0G       398M       7.6G

             total       used       free     shared    buffers     cached
Mem:          992M       901M        90M       196K       820K        15M
-/+ buffers/cache:       884M       107M
Swap:         8.0G       398M       7.6G

             total       used       free     shared    buffers     cached
Mem:          992M       903M        89M       196K       828K        15M
-/+ buffers/cache:       886M       105M
Swap:         8.0G       398M       7.6G

             total       used       free     shared    buffers     cached
Mem:          992M       905M        87M       196K       828K        15M
-/+ buffers/cache:       888M       103M
Swap:         8.0G       398M       7.6G

             total       used       free     shared    buffers     cached
Mem:          992M       908M        83M       196K       828K        15M
-/+ buffers/cache:       891M       100M
Swap:         8.0G       398M       7.6G

             total       used       free     shared    buffers     cached
Mem:          992M       911M        80M       196K       828K        15M
-/+ buffers/cache:       894M        97M
Swap:         8.0G       398M       7.6G

             total       used       free     shared    buffers     cached
Mem:          992M       913M        78M       196K       828K        15M
-/+ buffers/cache:       897M        94M
Swap:         8.0G       398M       7.6G

             total       used       free     shared    buffers     cached
Mem:          992M       917M        74M       196K       828K        16M
-/+ buffers/cache:       900M        91M
Swap:         8.0G       398M       7.6G

             total       used       free     shared    buffers     cached
Mem:          992M       929M        62M       196K       836K        16M
-/+ buffers/cache:       912M        79M
Swap:         8.0G       383M       7.6G

             total       used       free     shared    buffers     cached
Mem:          992M       920M        71M       196K       796K        14M
-/+ buffers/cache:       905M        86M
Swap:         8.0G       384M       7.6G

             total       used       free     shared    buffers     cached
Mem:          992M       921M        70M       196K       788K        13M
-/+ buffers/cache:       907M        84M
Swap:         8.0G       366M       7.6G

             total       used       free     shared    buffers     cached
Mem:          992M       920M        71M       192K       780K       9.7M
-/+ buffers/cache:       909M        82M
Swap:         8.0G       360M       7.6G

             total       used       free     shared    buffers     cached
Mem:          992M       922M        69M       192K        76K       8.0M
-/+ buffers/cache:       914M        77M
Swap:         8.0G       351M       7.7G

             total       used       free     shared    buffers     cached
Mem:          992M       920M        72M       192K        76K       3.2M
-/+ buffers/cache:       916M        75M
Swap:         8.0G       394M       7.6G

             total       used       free     shared    buffers     cached
Mem:          992M       925M        66M       192K       216K        12M
-/+ buffers/cache:       912M        79M
Swap:         8.0G       380M       7.6G

             total       used       free     shared    buffers     cached
Mem:          992M       930M        61M       152K       500K        12M
-/+ buffers/cache:       917M        74M
Swap:         8.0G       352M       7.7G

             total       used       free     shared    buffers     cached
Mem:          992M       922M        69M         0B       328K        11M
-/+ buffers/cache:       911M        81M
Swap:         8.0G       348M       7.7G

             total       used       free     shared    buffers     cached
Mem:          992M       921M        70M         0B        80K       5.5M
-/+ buffers/cache:       915M        76M
Swap:         8.0G       343M       7.7G

             total       used       free     shared    buffers     cached
Mem:          992M       923M        68M         0B        88K       5.4M
-/+ buffers/cache:       918M        74M
Swap:         8.0G       345M       7.7G

             total       used       free     shared    buffers     cached
Mem:          992M       921M        71M         0B       220K       6.4M
-/+ buffers/cache:       914M        77M
Swap:         8.0G       344M       7.7G

             total       used       free     shared    buffers     cached
Mem:          992M       921M        70M         0B       220K       8.6M
-/+ buffers/cache:       913M        79M
Swap:         8.0G       348M       7.7G

             total       used       free     shared    buffers     cached
Mem:          992M       914M        78M         0B       176K       8.1M
-/+ buffers/cache:       905M        86M
Swap:         8.0G       362M       7.6G

             total       used       free     shared    buffers     cached
Mem:          992M       920M        71M         0B       160K       8.1M
-/+ buffers/cache:       912M        80M
Swap:         8.0G       351M       7.7G

             total       used       free     shared    buffers     cached
Mem:          992M       927M        64M         0B       168K       7.9M
-/+ buffers/cache:       919M        72M
Swap:         8.0G       349M       7.7G

             total       used       free     shared    buffers     cached
Mem:          992M       922M        69M         0B        80K       7.9M
-/+ buffers/cache:       915M        77M
Swap:         8.0G       347M       7.7G

             total       used       free     shared    buffers     cached
Mem:          992M       918M        74M         0B        88K       6.0M
-/+ buffers/cache:       912M        80M
Swap:         8.0G       445M       7.6G

             total       used       free     shared    buffers     cached
Mem:          992M       920M        71M         0B        88K       6.1M
-/+ buffers/cache:       914M        77M
Swap:         8.0G       442M       7.6G

             total       used       free     shared    buffers     cached
Mem:          992M       915M        76M         0B       372K       5.8M
-/+ buffers/cache:       909M        83M
Swap:         8.0G       401M       7.6G

             total       used       free     shared    buffers     cached
Mem:          992M       929M        63M         0B       376K       5.9M
-/+ buffers/cache:       922M        69M
Swap:         8.0G       364M       7.6G

             total       used       free     shared    buffers     cached
Mem:          992M       916M        76M         0B       384K       5.8M
-/+ buffers/cache:       909M        82M
Swap:         8.0G       358M       7.6G

             total       used       free     shared    buffers     cached
Mem:          992M       920M        71M         0B       384K       7.4M
-/+ buffers/cache:       912M        79M
Swap:         8.0G       357M       7.6G

             total       used       free     shared    buffers     cached
Mem:          992M       924M        67M         0B       384K       7.6M
-/+ buffers/cache:       916M        75M
Swap:         8.0G       356M       7.6G

             total       used       free     shared    buffers     cached
Mem:          992M       929M        62M         0B       384K       7.6M
-/+ buffers/cache:       921M        70M
Swap:         8.0G       355M       7.6G

             total       used       free     shared    buffers     cached
Mem:          992M       917M        74M         0B       336K       7.5M
-/+ buffers/cache:       909M        82M
Swap:         8.0G       371M       7.6G

             total       used       free     shared    buffers     cached
Mem:          992M       921M        70M         0B       344K       7.5M
-/+ buffers/cache:       913M        78M
Swap:         8.0G       371M       7.6G

             total       used       free     shared    buffers     cached
Mem:          992M       926M        65M         0B       344K       7.5M
-/+ buffers/cache:       918M        73M
Swap:         8.0G       371M       7.6G

             total       used       free     shared    buffers     cached
Mem:          992M       930M        61M         0B       344K       7.5M
-/+ buffers/cache:       923M        69M
Swap:         8.0G       371M       7.6G

             total       used       free     shared    buffers     cached
Mem:          992M       917M        74M         0B       344K       7.5M
-/+ buffers/cache:       909M        82M
Swap:         8.0G       393M       7.6G

             total       used       free     shared    buffers     cached
Mem:          992M       923M        68M         0B       344K       7.5M
-/+ buffers/cache:       915M        76M
Swap:         8.0G       393M       7.6G

             total       used       free     shared    buffers     cached
Mem:          992M       927M        64M         0B       348K       7.5M
-/+ buffers/cache:       919M        72M
Swap:         8.0G       393M       7.6G

             total       used       free     shared    buffers     cached
Mem:          992M       929M        62M         0B       352K       7.5M
-/+ buffers/cache:       921M        70M
Swap:         8.0G       393M       7.6G

             total       used       free     shared    buffers     cached
Mem:          992M       931M        61M         0B       360K       7.5M
-/+ buffers/cache:       923M        68M
Swap:         8.0G       392M       7.6G

             total       used       free     shared    buffers     cached
Mem:          992M       917M        74M         0B       360K       7.4M
-/+ buffers/cache:       910M        82M
Swap:         8.0G       404M       7.6G

             total       used       free     shared    buffers     cached
Mem:          992M       919M        72M         0B       360K       7.4M
-/+ buffers/cache:       911M        80M
Swap:         8.0G       403M       7.6G

             total       used       free     shared    buffers     cached
Mem:          992M       921M        71M         0B       360K       7.4M
-/+ buffers/cache:       913M        78M
Swap:         8.0G       402M       7.6G

             total       used       free     shared    buffers     cached
Mem:          992M       922M        69M         0B       368K       7.4M
-/+ buffers/cache:       914M        77M
Swap:         8.0G       402M       7.6G

             total       used       free     shared    buffers     cached
Mem:          992M       924M        67M         0B       368K       7.4M
-/+ buffers/cache:       916M        75M
Swap:         8.0G       401M       7.6G

             total       used       free     shared    buffers     cached
Mem:          992M       925M        66M         0B       368K       7.4M
-/+ buffers/cache:       918M        74M
Swap:         8.0G       400M       7.6G

             total       used       free     shared    buffers     cached
Mem:          992M       927M        64M         0B       368K       7.4M
-/+ buffers/cache:       919M        72M
Swap:         8.0G       399M       7.6G

             total       used       free     shared    buffers     cached
Mem:          992M       929M        62M         0B       368K       7.4M
-/+ buffers/cache:       921M        70M
Swap:         8.0G       399M       7.6G

             total       used       free     shared    buffers     cached
Mem:          992M       930M        61M         0B       376K       7.4M
-/+ buffers/cache:       922M        69M
Swap:         8.0G       398M       7.6G

             total       used       free     shared    buffers     cached
Mem:          992M       910M        82M         0B       376K       7.2M
-/+ buffers/cache:       902M        89M
Swap:         8.0G       418M       7.6G

             total       used       free     shared    buffers     cached
Mem:          992M       911M        80M         0B       376K       7.1M
-/+ buffers/cache:       903M        88M
Swap:         8.0G       418M       7.6G

             total       used       free     shared    buffers     cached
Mem:          992M       912M        79M         0B       376K       7.2M
-/+ buffers/cache:       905M        86M
Swap:         8.0G       417M       7.6G

             total       used       free     shared    buffers     cached
Mem:          992M       914M        77M         0B       376K       7.2M
-/+ buffers/cache:       906M        85M
Swap:         8.0G       416M       7.6G

             total       used       free     shared    buffers     cached
Mem:          992M       916M        76M         0B       384K       7.2M
-/+ buffers/cache:       908M        83M
Swap:         8.0G       416M       7.6G

             total       used       free     shared    buffers     cached
Mem:          992M       917M        74M         0B       384K       7.2M
-/+ buffers/cache:       909M        82M
Swap:         8.0G       415M       7.6G

             total       used       free     shared    buffers     cached
Mem:          992M       918M        73M         0B       384K       7.2M
-/+ buffers/cache:       911M        80M
Swap:         8.0G       414M       7.6G

             total       used       free     shared    buffers     cached
Mem:          992M       920M        71M         0B       384K       7.2M
-/+ buffers/cache:       912M        79M
Swap:         8.0G       414M       7.6G

             total       used       free     shared    buffers     cached
Mem:          992M       920M        72M         0B        76K        16M
-/+ buffers/cache:       903M        88M
Swap:         8.0G       424M       7.6G

             total       used       free     shared    buffers     cached
Mem:          992M       922M        70M         0B       528K        16M
-/+ buffers/cache:       905M        87M
Swap:         8.0G       423M       7.6G

             total       used       free     shared    buffers     cached
Mem:          992M       923M        68M         0B       536K        16M
-/+ buffers/cache:       906M        85M
Swap:         8.0G       423M       7.6G

             total       used       free     shared    buffers     cached
Mem:          992M       925M        67M         0B       536K        17M
-/+ buffers/cache:       907M        84M
Swap:         8.0G       422M       7.6G

             total       used       free     shared    buffers     cached
Mem:          992M       926M        66M         0B       536K        17M
-/+ buffers/cache:       908M        83M
Swap:         8.0G       422M       7.6G

             total       used       free     shared    buffers     cached
Mem:          992M       926M        65M         0B       536K        17M
-/+ buffers/cache:       909M        83M
Swap:         8.0G       422M       7.6G

             total       used       free     shared    buffers     cached
Mem:          992M       927M        64M         0B       536K        17M
-/+ buffers/cache:       909M        82M
Swap:         8.0G       421M       7.6G

             total       used       free     shared    buffers     cached
Mem:          992M       928M        63M         0B       544K        17M
-/+ buffers/cache:       910M        81M
Swap:         8.0G       421M       7.6G

             total       used       free     shared    buffers     cached
Mem:          992M       929M        62M         0B       544K        17M
-/+ buffers/cache:       911M        80M
Swap:         8.0G       420M       7.6G

             total       used       free     shared    buffers     cached
Mem:          992M       927M        64M         0B       1.1M        24M
-/+ buffers/cache:       902M        89M
Swap:         8.0G       441M       7.6G

             total       used       free     shared    buffers     cached
Mem:          992M       919M        72M        16K       1.1M        30M
-/+ buffers/cache:       888M       104M
Swap:         8.0G       452M       7.6G

             total       used       free     shared    buffers     cached
Mem:          992M       920M        71M        16K       1.1M        30M
-/+ buffers/cache:       889M       103M
Swap:         8.0G       451M       7.6G

             total       used       free     shared    buffers     cached
Mem:          992M       920M        71M        16K       1.1M        30M
-/+ buffers/cache:       889M       102M
Swap:         8.0G       451M       7.6G

             total       used       free     shared    buffers     cached
Mem:          992M       921M        70M        16K       1.1M        30M
-/+ buffers/cache:       890M       101M
Swap:         8.0G       451M       7.6G

             total       used       free     shared    buffers     cached
Mem:          992M       922M        69M        16K       1.1M        30M
-/+ buffers/cache:       891M       100M
Swap:         8.0G       450M       7.6G

             total       used       free     shared    buffers     cached
Mem:          992M       923M        68M        16K       1.1M        30M
-/+ buffers/cache:       892M       100M
Swap:         8.0G       450M       7.6G

             total       used       free     shared    buffers     cached
Mem:          992M       924M        67M        16K       1.1M        30M
-/+ buffers/cache:       893M        99M
Swap:         8.0G       449M       7.6G

             total       used       free     shared    buffers     cached
Mem:          992M       925M        66M        16K       1.1M        30M
-/+ buffers/cache:       894M        98M
Swap:         8.0G       449M       7.6G

             total       used       free     shared    buffers     cached
Mem:          992M       926M        65M        16K       1.1M        30M
-/+ buffers/cache:       895M        97M
Swap:         8.0G       448M       7.6G

             total       used       free     shared    buffers     cached
Mem:          992M       927M        65M        16K       1.1M        30M
-/+ buffers/cache:       895M        96M
Swap:         8.0G       448M       7.6G

             total       used       free     shared    buffers     cached
Mem:          992M       928M        63M        16K       1.1M        30M
-/+ buffers/cache:       896M        95M
Swap:         8.0G       448M       7.6G

             total       used       free     shared    buffers     cached
Mem:          992M       930M        61M        16K       1.1M        31M
-/+ buffers/cache:       898M        93M
Swap:         8.0G       447M       7.6G

             total       used       free     shared    buffers     cached
Mem:          992M       908M        83M        16K       1.1M        27M
-/+ buffers/cache:       879M       112M
Swap:         8.0G       473M       7.5G

             total       used       free     shared    buffers     cached
Mem:          992M       909M        82M        16K       1.1M        27M
-/+ buffers/cache:       880M       111M
Swap:         8.0G       473M       7.5G

             total       used       free     shared    buffers     cached
Mem:          992M       910M        81M        16K       1.1M        27M
-/+ buffers/cache:       881M       110M
Swap:         8.0G       472M       7.5G

             total       used       free     shared    buffers     cached
Mem:          992M       911M        80M        16K       1.1M        27M
-/+ buffers/cache:       882M       109M
Swap:         8.0G       472M       7.5G

             total       used       free     shared    buffers     cached
Mem:          992M       912M        80M        16K       1.1M        27M
-/+ buffers/cache:       883M       108M
Swap:         8.0G       472M       7.5G

             total       used       free     shared    buffers     cached
Mem:          992M       913M        79M        16K       1.1M        27M
-/+ buffers/cache:       884M       107M
Swap:         8.0G       471M       7.5G

             total       used       free     shared    buffers     cached
Mem:          992M       914M        78M        16K       1.1M        27M
-/+ buffers/cache:       885M       107M
Swap:         8.0G       471M       7.5G

             total       used       free     shared    buffers     cached
Mem:          992M       914M        77M        16K       1.1M        27M
-/+ buffers/cache:       885M       106M
Swap:         8.0G       470M       7.5G

             total       used       free     shared    buffers     cached
Mem:          992M       915M        76M        16K       1.1M        27M
-/+ buffers/cache:       887M       105M
Swap:         8.0G       470M       7.5G

             total       used       free     shared    buffers     cached
Mem:          992M       916M        75M        16K       1.1M        27M
-/+ buffers/cache:       887M       104M
Swap:         8.0G       469M       7.5G

             total       used       free     shared    buffers     cached
Mem:          992M       917M        74M        16K       1.1M        27M
-/+ buffers/cache:       888M       103M
Swap:         8.0G       469M       7.5G

             total       used       free     shared    buffers     cached
Mem:          992M       918M        73M        16K       1.1M        27M
-/+ buffers/cache:       889M       102M
Swap:         8.0G       469M       7.5G

             total       used       free     shared    buffers     cached
Mem:          992M       919M        72M        16K       1.1M        27M
-/+ buffers/cache:       890M       101M
Swap:         8.0G       468M       7.5G

             total       used       free     shared    buffers     cached
Mem:          992M       920M        71M        16K       1.1M        27M
-/+ buffers/cache:       891M       100M
Swap:         8.0G       468M       7.5G

             total       used       free     shared    buffers     cached
Mem:          992M       921M        70M        16K       1.1M        27M
-/+ buffers/cache:       892M        99M
Swap:         8.0G       467M       7.5G

             total       used       free     shared    buffers     cached
Mem:          992M       922M        70M        16K       1.1M        27M
-/+ buffers/cache:       893M        98M
Swap:         8.0G       467M       7.5G

             total       used       free     shared    buffers     cached
Mem:          992M       923M        69M        16K       1.1M        27M
-/+ buffers/cache:       894M        97M
Swap:         8.0G       466M       7.5G

             total       used       free     shared    buffers     cached
Mem:          992M       924M        68M        16K       1.1M        27M
-/+ buffers/cache:       895M        96M
Swap:         8.0G       466M       7.5G

             total       used       free     shared    buffers     cached
Mem:          992M       924M        67M        16K       1.1M        27M
-/+ buffers/cache:       895M        96M
Swap:         8.0G       466M       7.5G

             total       used       free     shared    buffers     cached
Mem:          992M       925M        66M        16K       1.1M        27M
-/+ buffers/cache:       896M        95M
Swap:         8.0G       465M       7.5G

             total       used       free     shared    buffers     cached
Mem:          992M       926M        65M        16K       1.1M        27M
-/+ buffers/cache:       897M        94M
Swap:         8.0G       465M       7.5G

             total       used       free     shared    buffers     cached
Mem:          992M       927M        64M        16K       1.1M        27M
-/+ buffers/cache:       898M        93M
Swap:         8.0G       464M       7.5G

             total       used       free     shared    buffers     cached
Mem:          992M       928M        63M        16K       1.1M        27M
-/+ buffers/cache:       899M        92M
Swap:         8.0G       464M       7.5G

             total       used       free     shared    buffers     cached
Mem:          992M       929M        62M        16K       1.1M        27M
-/+ buffers/cache:       900M        91M
Swap:         8.0G       463M       7.5G

             total       used       free     shared    buffers     cached
Mem:          992M       930M        61M        16K       1.1M        27M
-/+ buffers/cache:       901M        90M
Swap:         8.0G       463M       7.5G

             total       used       free     shared    buffers     cached
Mem:          992M       931M        61M        16K       1.1M        27M
-/+ buffers/cache:       902M        89M
Swap:         8.0G       462M       7.5G

             total       used       free     shared    buffers     cached
Mem:          992M       918M        73M        16K       1.1M        27M
-/+ buffers/cache:       890M       102M
Swap:         8.0G       462M       7.5G

             total       used       free     shared    buffers     cached
Mem:          992M       919M        72M        16K       1.1M        27M
-/+ buffers/cache:       890M       101M
Swap:         8.0G       462M       7.5G

             total       used       free     shared    buffers     cached
Mem:          992M       920M        72M        16K       1.1M        27M
-/+ buffers/cache:       891M       100M
Swap:         8.0G       461M       7.5G

             total       used       free     shared    buffers     cached
Mem:          992M       921M        71M        16K       1.2M        27M
-/+ buffers/cache:       892M        99M
Swap:         8.0G       461M       7.5G

             total       used       free     shared    buffers     cached
Mem:          992M       922M        70M        16K       1.2M        27M
-/+ buffers/cache:       893M        98M
Swap:         8.0G       461M       7.5G

             total       used       free     shared    buffers     cached
Mem:          992M       922M        69M        16K       1.2M        27M
-/+ buffers/cache:       894M        97M
Swap:         8.0G       460M       7.5G

             total       used       free     shared    buffers     cached
Mem:          992M       923M        68M        16K       1.2M        27M
-/+ buffers/cache:       895M        96M
Swap:         8.0G       460M       7.5G

             total       used       free     shared    buffers     cached
Mem:          992M       924M        67M        16K       1.2M        27M
-/+ buffers/cache:       896M        95M
Swap:         8.0G       459M       7.5G

             total       used       free     shared    buffers     cached
Mem:          992M       925M        66M        16K       1.2M        27M
-/+ buffers/cache:       897M        94M
Swap:         8.0G       459M       7.5G

             total       used       free     shared    buffers     cached
Mem:          992M       926M        65M        16K       1.2M        27M
-/+ buffers/cache:       898M        93M
Swap:         8.0G       458M       7.5G

             total       used       free     shared    buffers     cached
Mem:          992M       927M        64M        16K       1.2M        27M
-/+ buffers/cache:       899M        92M
Swap:         8.0G       458M       7.5G

             total       used       free     shared    buffers     cached
Mem:          992M       928M        63M        16K       1.2M        27M
-/+ buffers/cache:       900M        91M
Swap:         8.0G       458M       7.5G

             total       used       free     shared    buffers     cached
Mem:          992M       924M        67M        16K       1.2M        28M
-/+ buffers/cache:       895M        96M
Swap:         8.0G       466M       7.5G

             total       used       free     shared    buffers     cached
Mem:          992M       921M        70M        16K       1.2M        29M
-/+ buffers/cache:       890M       101M
Swap:         8.0G       481M       7.5G

             total       used       free     shared    buffers     cached
Mem:          992M       924M        68M        16K       1.6M        29M
-/+ buffers/cache:       892M        99M
Swap:         8.0G       480M       7.5G

             total       used       free     shared    buffers     cached
Mem:          992M       925M        67M        16K       1.6M        29M
-/+ buffers/cache:       893M        98M
Swap:         8.0G       479M       7.5G

             total       used       free     shared    buffers     cached
Mem:          992M       925M        66M        16K       1.6M        29M
-/+ buffers/cache:       894M        97M
Swap:         8.0G       479M       7.5G

             total       used       free     shared    buffers     cached
Mem:          992M       927M        65M        16K       1.6M        29M
-/+ buffers/cache:       895M        96M
Swap:         8.0G       478M       7.5G

             total       used       free     shared    buffers     cached
Mem:          992M       928M        64M        16K       1.6M        29M
-/+ buffers/cache:       896M        95M
Swap:         8.0G       478M       7.5G

             total       used       free     shared    buffers     cached
Mem:          992M       929M        63M        16K       1.6M        29M
-/+ buffers/cache:       897M        94M
Swap:         8.0G       477M       7.5G

             total       used       free     shared    buffers     cached
Mem:          992M       930M        62M        16K       1.6M        29M
-/+ buffers/cache:       898M        93M
Swap:         8.0G       477M       7.5G

             total       used       free     shared    buffers     cached
Mem:          992M       931M        61M        16K       1.6M        29M
-/+ buffers/cache:       899M        92M
Swap:         8.0G       476M       7.5G

             total       used       free     shared    buffers     cached
Mem:          992M       919M        72M        16K       1.3M        29M
-/+ buffers/cache:       888M       103M
Swap:         8.0G       477M       7.5G

             total       used       free     shared    buffers     cached
Mem:          992M       920M        71M        16K       1.3M        29M
-/+ buffers/cache:       889M       102M
Swap:         8.0G       477M       7.5G

             total       used       free     shared    buffers     cached
Mem:          992M       921M        70M        16K       1.3M        29M
-/+ buffers/cache:       890M       101M
Swap:         8.0G       476M       7.5G

             total       used       free     shared    buffers     cached
Mem:          992M       922M        69M        16K       1.3M        29M
-/+ buffers/cache:       891M       100M
Swap:         8.0G       476M       7.5G

             total       used       free     shared    buffers     cached
Mem:          992M       923M        68M        16K       1.3M        29M
-/+ buffers/cache:       892M        99M
Swap:         8.0G       475M       7.5G

             total       used       free     shared    buffers     cached
Mem:          992M       924M        67M        16K       1.3M        29M
-/+ buffers/cache:       893M        98M
Swap:         8.0G       475M       7.5G

             total       used       free     shared    buffers     cached
Mem:          992M       926M        65M        20K       1.5M        30M
-/+ buffers/cache:       894M        97M
Swap:         8.0G       474M       7.5G

             total       used       free     shared    buffers     cached
Mem:          992M       927M        64M        20K       1.5M        30M
-/+ buffers/cache:       895M        96M
Swap:         8.0G       474M       7.5G

             total       used       free     shared    buffers     cached
Mem:          992M       928M        63M        20K       1.5M        30M
-/+ buffers/cache:       896M        95M
Swap:         8.0G       473M       7.5G

             total       used       free     shared    buffers     cached
Mem:          992M       930M        62M        20K       1.5M        30M
-/+ buffers/cache:       897M        94M
Swap:         8.0G       472M       7.5G

             total       used       free     shared    buffers     cached
Mem:          992M       919M        72M        20K       716K        28M
-/+ buffers/cache:       890M       102M
Swap:         8.0G       490M       7.5G

             total       used       free     shared    buffers     cached
Mem:          992M       920M        71M        20K       716K        29M
-/+ buffers/cache:       890M       101M
Swap:         8.0G       489M       7.5G

             total       used       free     shared    buffers     cached
Mem:          992M       921M        70M        20K       716K        29M
-/+ buffers/cache:       891M       100M
Swap:         8.0G       489M       7.5G

             total       used       free     shared    buffers     cached
Mem:          992M       922M        69M        20K       724K        29M
-/+ buffers/cache:       892M        99M
Swap:         8.0G       488M       7.5G

             total       used       free     shared    buffers     cached
Mem:          992M       923M        68M        20K       724K        29M
-/+ buffers/cache:       893M        98M
Swap:         8.0G       488M       7.5G

             total       used       free     shared    buffers     cached
Mem:          992M       924M        67M        20K       724K        29M
-/+ buffers/cache:       894M        97M
Swap:         8.0G       487M       7.5G

             total       used       free     shared    buffers     cached
Mem:          992M       925M        66M        20K       724K        29M
-/+ buffers/cache:       895M        96M
Swap:         8.0G       487M       7.5G

             total       used       free     shared    buffers     cached
Mem:          992M       926M        65M        20K       724K        29M
-/+ buffers/cache:       896M        95M
Swap:         8.0G       486M       7.5G

             total       used       free     shared    buffers     cached
Mem:          992M       927M        64M        20K       724K        29M
-/+ buffers/cache:       897M        94M
Swap:         8.0G       485M       7.5G

             total       used       free     shared    buffers     cached
Mem:          992M       928M        63M        20K       732K        29M
-/+ buffers/cache:       898M        93M
Swap:         8.0G       485M       7.5G

             total       used       free     shared    buffers     cached
Mem:          992M       929M        62M        20K       732K        29M
-/+ buffers/cache:       899M        92M
Swap:         8.0G       484M       7.5G

             total       used       free     shared    buffers     cached
Mem:          992M       930M        61M        20K       732K        29M
-/+ buffers/cache:       900M        91M
Swap:         8.0G       483M       7.5G

             total       used       free     shared    buffers     cached
Mem:          992M       914M        77M        20K       700K        25M
-/+ buffers/cache:       888M       103M
Swap:         8.0G       493M       7.5G

             total       used       free     shared    buffers     cached
Mem:          992M       915M        76M        20K       700K        25M
-/+ buffers/cache:       888M       103M
Swap:         8.0G       493M       7.5G

             total       used       free     shared    buffers     cached
Mem:          992M       916M        75M        20K       708K        25M
-/+ buffers/cache:       890M       102M
Swap:         8.0G       492M       7.5G

             total       used       free     shared    buffers     cached
Mem:          992M       917M        74M        20K       708K        25M
-/+ buffers/cache:       891M       100M
Swap:         8.0G       492M       7.5G

             total       used       free     shared    buffers     cached
Mem:          992M       919M        73M        20K       708K        25M
-/+ buffers/cache:       892M        99M
Swap:         8.0G       491M       7.5G

             total       used       free     shared    buffers     cached
Mem:          992M       920M        71M        20K       708K        25M
-/+ buffers/cache:       893M        98M
Swap:         8.0G       490M       7.5G

             total       used       free     shared    buffers     cached
Mem:          992M       921M        70M        20K       708K        25M
-/+ buffers/cache:       894M        97M
Swap:         8.0G       490M       7.5G

             total       used       free     shared    buffers     cached
Mem:          992M       922M        69M        20K       708K        25M
-/+ buffers/cache:       895M        96M
Swap:         8.0G       489M       7.5G

             total       used       free     shared    buffers     cached
Mem:          992M       923M        68M        20K       716K        25M
-/+ buffers/cache:       896M        95M
Swap:         8.0G       489M       7.5G

             total       used       free     shared    buffers     cached
Mem:          992M       926M        65M        20K       864K        27M
-/+ buffers/cache:       898M        93M
Swap:         8.0G       488M       7.5G

             total       used       free     shared    buffers     cached
Mem:          992M       927M        64M        20K       864K        27M
-/+ buffers/cache:       899M        92M
Swap:         8.0G       487M       7.5G

             total       used       free     shared    buffers     cached
Mem:          992M       928M        63M        20K       864K        27M
-/+ buffers/cache:       900M        91M
Swap:         8.0G       487M       7.5G

             total       used       free     shared    buffers     cached
Mem:          992M       929M        62M        20K       864K        27M
-/+ buffers/cache:       901M        90M
Swap:         8.0G       486M       7.5G

             total       used       free     shared    buffers     cached
Mem:          992M       930M        61M        20K       864K        27M
-/+ buffers/cache:       902M        89M
Swap:         8.0G       486M       7.5G

             total       used       free     shared    buffers     cached
Mem:          992M       931M        60M        20K       864K        27M
-/+ buffers/cache:       903M        88M
Swap:         8.0G       485M       7.5G

             total       used       free     shared    buffers     cached
Mem:          992M       916M        76M        20K       872K        24M
-/+ buffers/cache:       891M       101M
Swap:         8.0G       502M       7.5G

             total       used       free     shared    buffers     cached
Mem:          992M       917M        74M        20K       872K        24M
-/+ buffers/cache:       892M        99M
Swap:         8.0G       502M       7.5G

             total       used       free     shared    buffers     cached
Mem:          992M       918M        73M        20K       872K        24M
-/+ buffers/cache:       893M        98M
Swap:         8.0G       501M       7.5G

             total       used       free     shared    buffers     cached
Mem:          992M       919M        72M        20K       872K        24M
-/+ buffers/cache:       894M        98M
Swap:         8.0G       501M       7.5G

             total       used       free     shared    buffers     cached
Mem:          992M       920M        71M        20K       872K        24M
-/+ buffers/cache:       895M        97M
Swap:         8.0G       500M       7.5G

             total       used       free     shared    buffers     cached
Mem:          992M       921M        70M        20K       880K        24M
-/+ buffers/cache:       896M        96M
Swap:         8.0G       500M       7.5G

             total       used       free     shared    buffers     cached
Mem:          992M       922M        69M        20K       880K        24M
-/+ buffers/cache:       897M        94M
Swap:         8.0G       499M       7.5G

             total       used       free     shared    buffers     cached
Mem:          992M       923M        68M        20K       880K        24M
-/+ buffers/cache:       898M        93M
Swap:         8.0G       498M       7.5G

             total       used       free     shared    buffers     cached
Mem:          992M       924M        67M        20K       880K        24M
-/+ buffers/cache:       899M        92M
Swap:         8.0G       498M       7.5G

             total       used       free     shared    buffers     cached
Mem:          992M       918M        74M        72K       5.1M        28M
-/+ buffers/cache:       884M       107M
Swap:         8.0G       511M       7.5G

             total       used       free     shared    buffers     cached
Mem:          992M       898M        93M        72K       6.4M        33M
-/+ buffers/cache:       858M       133M
Swap:         8.0G       534M       7.5G
