             total       used       free     shared    buffers     cached
Mem:          3.9G       658M       3.2G       3.2M        38M       286M
-/+ buffers/cache:       332M       3.5G
Swap:         8.0G         0B       8.0G

             total       used       free     shared    buffers     cached
Mem:          3.9G       657M       3.2G       1.5M        38M       285M
-/+ buffers/cache:       333M       3.5G
Swap:         8.0G         0B       8.0G

             total       used       free     shared    buffers     cached
Mem:          3.9G       657M       3.2G       1.5M        38M       285M
-/+ buffers/cache:       333M       3.5G
Swap:         8.0G         0B       8.0G

             total       used       free     shared    buffers     cached
Mem:          3.9G       657M       3.2G       1.5M        38M       285M
-/+ buffers/cache:       333M       3.5G
Swap:         8.0G         0B       8.0G

             total       used       free     shared    buffers     cached
Mem:          3.9G       657M       3.2G       1.5M        38M       285M
-/+ buffers/cache:       333M       3.5G
Swap:         8.0G         0B       8.0G

             total       used       free     shared    buffers     cached
Mem:          3.9G       657M       3.2G       1.5M        38M       285M
-/+ buffers/cache:       333M       3.5G
Swap:         8.0G         0B       8.0G

             total       used       free     shared    buffers     cached
Mem:          3.9G       657M       3.2G       1.5M        38M       285M
-/+ buffers/cache:       333M       3.5G
Swap:         8.0G         0B       8.0G

             total       used       free     shared    buffers     cached
Mem:          3.9G       657M       3.2G       1.5M        38M       285M
-/+ buffers/cache:       333M       3.5G
Swap:         8.0G         0B       8.0G

             total       used       free     shared    buffers     cached
Mem:          3.9G       657M       3.2G       1.5M        38M       285M
-/+ buffers/cache:       332M       3.5G
Swap:         8.0G         0B       8.0G

             total       used       free     shared    buffers     cached
Mem:          3.9G       657M       3.2G       1.5M        38M       285M
-/+ buffers/cache:       332M       3.5G
Swap:         8.0G         0B       8.0G

             total       used       free     shared    buffers     cached
Mem:          3.9G       661M       3.2G       1.5M        38M       285M
-/+ buffers/cache:       336M       3.5G
Swap:         8.0G         0B       8.0G

             total       used       free     shared    buffers     cached
Mem:          3.9G       680M       3.2G       1.5M        38M       285M
-/+ buffers/cache:       355M       3.5G
Swap:         8.0G         0B       8.0G

             total       used       free     shared    buffers     cached
Mem:          3.9G       707M       3.2G       1.5M        38M       288M
-/+ buffers/cache:       381M       3.5G
Swap:         8.0G         0B       8.0G

             total       used       free     shared    buffers     cached
Mem:          3.9G       695M       3.2G       1.5M        38M       289M
-/+ buffers/cache:       367M       3.5G
Swap:         8.0G         0B       8.0G

             total       used       free     shared    buffers     cached
Mem:          3.9G       736M       3.1G       1.5M        38M       289M
-/+ buffers/cache:       407M       3.5G
Swap:         8.0G         0B       8.0G

             total       used       free     shared    buffers     cached
Mem:          3.9G       736M       3.1G       1.5M        38M       290M
-/+ buffers/cache:       407M       3.5G
Swap:         8.0G         0B       8.0G

             total       used       free     shared    buffers     cached
Mem:          3.9G       719M       3.2G       1.5M        39M       291M
-/+ buffers/cache:       389M       3.5G
Swap:         8.0G         0B       8.0G

             total       used       free     shared    buffers     cached
Mem:          3.9G       725M       3.2G       1.5M        39M       294M
-/+ buffers/cache:       390M       3.5G
Swap:         8.0G         0B       8.0G

             total       used       free     shared    buffers     cached
Mem:          3.9G       725M       3.2G       1.5M        39M       295M
-/+ buffers/cache:       390M       3.5G
Swap:         8.0G         0B       8.0G

             total       used       free     shared    buffers     cached
Mem:          3.9G       725M       3.2G       1.5M        39M       295M
-/+ buffers/cache:       390M       3.5G
Swap:         8.0G         0B       8.0G

             total       used       free     shared    buffers     cached
Mem:          3.9G       725M       3.2G       1.5M        39M       295M
-/+ buffers/cache:       390M       3.5G
Swap:         8.0G         0B       8.0G

             total       used       free     shared    buffers     cached
Mem:          3.9G       725M       3.2G       1.5M        39M       295M
-/+ buffers/cache:       391M       3.5G
Swap:         8.0G         0B       8.0G

             total       used       free     shared    buffers     cached
Mem:          3.9G       725M       3.2G       1.5M        39M       295M
-/+ buffers/cache:       391M       3.5G
Swap:         8.0G         0B       8.0G

             total       used       free     shared    buffers     cached
Mem:          3.9G       725M       3.2G       1.5M        39M       295M
-/+ buffers/cache:       391M       3.5G
Swap:         8.0G         0B       8.0G

             total       used       free     shared    buffers     cached
Mem:          3.9G       725M       3.2G       1.5M        39M       295M
-/+ buffers/cache:       391M       3.5G
Swap:         8.0G         0B       8.0G

             total       used       free     shared    buffers     cached
Mem:          3.9G       725M       3.2G       1.5M        39M       295M
-/+ buffers/cache:       391M       3.5G
Swap:         8.0G         0B       8.0G

             total       used       free     shared    buffers     cached
Mem:          3.9G       725M       3.2G       1.5M        39M       295M
-/+ buffers/cache:       390M       3.5G
Swap:         8.0G         0B       8.0G

             total       used       free     shared    buffers     cached
Mem:          3.9G       725M       3.2G       1.5M        39M       295M
-/+ buffers/cache:       390M       3.5G
Swap:         8.0G         0B       8.0G

             total       used       free     shared    buffers     cached
Mem:          3.9G       725M       3.2G       1.5M        39M       295M
-/+ buffers/cache:       390M       3.5G
Swap:         8.0G         0B       8.0G

             total       used       free     shared    buffers     cached
Mem:          3.9G       725M       3.2G       1.5M        39M       295M
-/+ buffers/cache:       390M       3.5G
Swap:         8.0G         0B       8.0G

             total       used       free     shared    buffers     cached
Mem:          3.9G       725M       3.2G       1.5M        39M       295M
-/+ buffers/cache:       390M       3.5G
Swap:         8.0G         0B       8.0G

             total       used       free     shared    buffers     cached
Mem:          3.9G       725M       3.2G       1.5M        39M       295M
-/+ buffers/cache:       390M       3.5G
Swap:         8.0G         0B       8.0G

             total       used       free     shared    buffers     cached
Mem:          3.9G       725M       3.2G       1.5M        39M       295M
-/+ buffers/cache:       390M       3.5G
Swap:         8.0G         0B       8.0G

             total       used       free     shared    buffers     cached
Mem:          3.9G       731M       3.1G       1.5M        39M       295M
-/+ buffers/cache:       397M       3.5G
Swap:         8.0G         0B       8.0G

             total       used       free     shared    buffers     cached
Mem:          3.9G       752M       3.1G       1.5M        39M       295M
-/+ buffers/cache:       418M       3.5G
Swap:         8.0G         0B       8.0G

             total       used       free     shared    buffers     cached
Mem:          3.9G       774M       3.1G       1.5M        39M       295M
-/+ buffers/cache:       439M       3.4G
Swap:         8.0G         0B       8.0G

             total       used       free     shared    buffers     cached
Mem:          3.9G       792M       3.1G       1.5M        39M       295M
-/+ buffers/cache:       458M       3.4G
Swap:         8.0G         0B       8.0G

             total       used       free     shared    buffers     cached
Mem:          3.9G       809M       3.1G       1.5M        39M       295M
-/+ buffers/cache:       475M       3.4G
Swap:         8.0G         0B       8.0G

             total       used       free     shared    buffers     cached
Mem:          3.9G       827M       3.1G       1.5M        39M       295M
-/+ buffers/cache:       492M       3.4G
Swap:         8.0G         0B       8.0G

             total       used       free     shared    buffers     cached
Mem:          3.9G       843M       3.0G       1.5M        39M       295M
-/+ buffers/cache:       509M       3.4G
Swap:         8.0G         0B       8.0G

             total       used       free     shared    buffers     cached
Mem:          3.9G       862M       3.0G       1.5M        39M       295M
-/+ buffers/cache:       528M       3.3G
Swap:         8.0G         0B       8.0G

             total       used       free     shared    buffers     cached
Mem:          3.9G       881M       3.0G       1.5M        39M       295M
-/+ buffers/cache:       547M       3.3G
Swap:         8.0G         0B       8.0G

             total       used       free     shared    buffers     cached
Mem:          3.9G       901M       3.0G       1.5M        39M       295M
-/+ buffers/cache:       567M       3.3G
Swap:         8.0G         0B       8.0G

             total       used       free     shared    buffers     cached
Mem:          3.9G       922M       3.0G       1.5M        39M       295M
-/+ buffers/cache:       588M       3.3G
Swap:         8.0G         0B       8.0G

             total       used       free     shared    buffers     cached
Mem:          3.9G       942M       2.9G       1.5M        39M       295M
-/+ buffers/cache:       608M       3.3G
Swap:         8.0G         0B       8.0G

             total       used       free     shared    buffers     cached
Mem:          3.9G       958M       2.9G       1.5M        39M       295M
-/+ buffers/cache:       624M       3.2G
Swap:         8.0G         0B       8.0G

             total       used       free     shared    buffers     cached
Mem:          3.9G       976M       2.9G       1.5M        39M       295M
-/+ buffers/cache:       642M       3.2G
Swap:         8.0G         0B       8.0G

             total       used       free     shared    buffers     cached
Mem:          3.9G       994M       2.9G       1.5M        39M       295M
-/+ buffers/cache:       660M       3.2G
Swap:         8.0G         0B       8.0G

             total       used       free     shared    buffers     cached
Mem:          3.9G       1.0G       2.9G       1.5M        39M       295M
-/+ buffers/cache:       676M       3.2G
Swap:         8.0G         0B       8.0G

             total       used       free     shared    buffers     cached
Mem:          3.9G       1.0G       2.9G       1.5M        39M       295M
-/+ buffers/cache:       695M       3.2G
Swap:         8.0G         0B       8.0G

             total       used       free     shared    buffers     cached
Mem:          3.9G       1.0G       2.8G       1.5M        39M       295M
-/+ buffers/cache:       713M       3.2G
Swap:         8.0G         0B       8.0G

             total       used       free     shared    buffers     cached
Mem:          3.9G       1.0G       2.8G       1.5M        39M       295M
-/+ buffers/cache:       732M       3.1G
Swap:         8.0G         0B       8.0G

             total       used       free     shared    buffers     cached
Mem:          3.9G       1.1G       2.8G       1.5M        39M       295M
-/+ buffers/cache:       752M       3.1G
Swap:         8.0G         0B       8.0G

             total       used       free     shared    buffers     cached
Mem:          3.9G       1.1G       2.8G       1.5M        39M       295M
-/+ buffers/cache:       771M       3.1G
Swap:         8.0G         0B       8.0G

             total       used       free     shared    buffers     cached
Mem:          3.9G       1.1G       2.8G       1.5M        39M       295M
-/+ buffers/cache:       791M       3.1G
Swap:         8.0G         0B       8.0G

             total       used       free     shared    buffers     cached
Mem:          3.9G       1.1G       2.7G       1.5M        39M       295M
-/+ buffers/cache:       809M       3.1G
Swap:         8.0G         0B       8.0G

             total       used       free     shared    buffers     cached
Mem:          3.9G       1.1G       2.7G       1.5M        39M       295M
-/+ buffers/cache:       830M       3.0G
Swap:         8.0G         0B       8.0G

             total       used       free     shared    buffers     cached
Mem:          3.9G       1.1G       2.7G       1.5M        39M       295M
-/+ buffers/cache:       842M       3.0G
Swap:         8.0G         0B       8.0G

             total       used       free     shared    buffers     cached
Mem:          3.9G       1.2G       2.7G       1.5M        39M       295M
-/+ buffers/cache:       861M       3.0G
Swap:         8.0G         0B       8.0G

             total       used       free     shared    buffers     cached
Mem:          3.9G       1.2G       2.7G       1.5M        39M       295M
-/+ buffers/cache:       880M       3.0G
Swap:         8.0G         0B       8.0G

             total       used       free     shared    buffers     cached
Mem:          3.9G       1.2G       2.7G       1.5M        39M       295M
-/+ buffers/cache:       897M       3.0G
Swap:         8.0G         0B       8.0G

             total       used       free     shared    buffers     cached
Mem:          3.9G       1.2G       2.6G       1.5M        39M       295M
-/+ buffers/cache:       918M       3.0G
Swap:         8.0G         0B       8.0G

             total       used       free     shared    buffers     cached
Mem:          3.9G       1.2G       2.6G       1.5M        39M       295M
-/+ buffers/cache:       937M       2.9G
Swap:         8.0G         0B       8.0G

             total       used       free     shared    buffers     cached
Mem:          3.9G       1.3G       2.6G       1.5M        39M       295M
-/+ buffers/cache:       957M       2.9G
Swap:         8.0G         0B       8.0G

             total       used       free     shared    buffers     cached
Mem:          3.9G       1.3G       2.6G       1.5M        39M       295M
-/+ buffers/cache:       974M       2.9G
Swap:         8.0G         0B       8.0G

             total       used       free     shared    buffers     cached
Mem:          3.9G       1.3G       2.6G       1.5M        39M       295M
-/+ buffers/cache:       993M       2.9G
Swap:         8.0G         0B       8.0G

             total       used       free     shared    buffers     cached
Mem:          3.9G       1.3G       2.5G       1.5M        39M       295M
-/+ buffers/cache:       1.0G       2.9G
Swap:         8.0G         0B       8.0G

             total       used       free     shared    buffers     cached
Mem:          3.9G       1.3G       2.5G       1.5M        39M       295M
-/+ buffers/cache:       1.0G       2.9G
Swap:         8.0G         0B       8.0G

             total       used       free     shared    buffers     cached
Mem:          3.9G       1.3G       2.5G       1.5M        39M       295M
-/+ buffers/cache:       1.0G       2.8G
Swap:         8.0G         0B       8.0G

             total       used       free     shared    buffers     cached
Mem:          3.9G       1.4G       2.5G       1.5M        39M       295M
-/+ buffers/cache:       1.0G       2.8G
Swap:         8.0G         0B       8.0G

             total       used       free     shared    buffers     cached
Mem:          3.9G       1.4G       2.5G       1.5M        39M       295M
-/+ buffers/cache:       1.1G       2.8G
Swap:         8.0G         0B       8.0G

             total       used       free     shared    buffers     cached
Mem:          3.9G       1.4G       2.5G       1.5M        39M       295M
-/+ buffers/cache:       1.1G       2.8G
Swap:         8.0G         0B       8.0G

             total       used       free     shared    buffers     cached
Mem:          3.9G       1.4G       2.4G       1.5M        39M       295M
-/+ buffers/cache:       1.1G       2.8G
Swap:         8.0G         0B       8.0G

             total       used       free     shared    buffers     cached
Mem:          3.9G       1.4G       2.4G       1.5M        39M       295M
-/+ buffers/cache:       1.1G       2.8G
Swap:         8.0G         0B       8.0G

             total       used       free     shared    buffers     cached
Mem:          3.9G       1.5G       2.4G       1.5M        39M       295M
-/+ buffers/cache:       1.1G       2.7G
Swap:         8.0G         0B       8.0G

             total       used       free     shared    buffers     cached
Mem:          3.9G       1.5G       2.4G       1.5M        39M       295M
-/+ buffers/cache:       1.1G       2.7G
Swap:         8.0G         0B       8.0G

             total       used       free     shared    buffers     cached
Mem:          3.9G       1.5G       2.4G       1.5M        39M       295M
-/+ buffers/cache:       1.2G       2.7G
Swap:         8.0G         0B       8.0G

             total       used       free     shared    buffers     cached
Mem:          3.9G       1.5G       2.4G       1.5M        39M       295M
-/+ buffers/cache:       1.2G       2.7G
Swap:         8.0G         0B       8.0G

             total       used       free     shared    buffers     cached
Mem:          3.9G       1.5G       2.3G       1.5M        39M       295M
-/+ buffers/cache:       1.2G       2.7G
Swap:         8.0G         0B       8.0G

             total       used       free     shared    buffers     cached
Mem:          3.9G       1.5G       2.3G       1.5M        39M       295M
-/+ buffers/cache:       1.2G       2.6G
Swap:         8.0G         0B       8.0G

             total       used       free     shared    buffers     cached
Mem:          3.9G       1.6G       2.3G       1.5M        39M       295M
-/+ buffers/cache:       1.2G       2.6G
Swap:         8.0G         0B       8.0G

             total       used       free     shared    buffers     cached
Mem:          3.9G       1.6G       2.3G       1.5M        39M       295M
-/+ buffers/cache:       1.2G       2.6G
Swap:         8.0G         0B       8.0G

             total       used       free     shared    buffers     cached
Mem:          3.9G       1.6G       2.3G       1.5M        39M       295M
-/+ buffers/cache:       1.3G       2.6G
Swap:         8.0G         0B       8.0G

             total       used       free     shared    buffers     cached
Mem:          3.9G       1.6G       2.3G       1.5M        39M       295M
-/+ buffers/cache:       1.3G       2.6G
Swap:         8.0G         0B       8.0G

             total       used       free     shared    buffers     cached
Mem:          3.9G       1.6G       2.2G       1.5M        39M       295M
-/+ buffers/cache:       1.3G       2.6G
Swap:         8.0G         0B       8.0G

             total       used       free     shared    buffers     cached
Mem:          3.9G       1.6G       2.2G       1.5M        39M       295M
-/+ buffers/cache:       1.3G       2.6G
Swap:         8.0G         0B       8.0G

             total       used       free     shared    buffers     cached
Mem:          3.9G       1.7G       2.2G       1.5M        39M       295M
-/+ buffers/cache:       1.3G       2.5G
Swap:         8.0G         0B       8.0G

             total       used       free     shared    buffers     cached
Mem:          3.9G       1.7G       2.2G       1.5M        39M       295M
-/+ buffers/cache:       1.3G       2.5G
Swap:         8.0G         0B       8.0G

             total       used       free     shared    buffers     cached
Mem:          3.9G       1.7G       2.2G       1.5M        39M       295M
-/+ buffers/cache:       1.4G       2.5G
Swap:         8.0G         0B       8.0G

             total       used       free     shared    buffers     cached
Mem:          3.9G       1.7G       2.2G       1.5M        39M       295M
-/+ buffers/cache:       1.4G       2.5G
Swap:         8.0G         0B       8.0G

             total       used       free     shared    buffers     cached
Mem:          3.9G       1.7G       2.1G       1.5M        39M       295M
-/+ buffers/cache:       1.4G       2.5G
Swap:         8.0G         0B       8.0G

             total       used       free     shared    buffers     cached
Mem:          3.9G       1.7G       2.1G       1.5M        39M       295M
-/+ buffers/cache:       1.4G       2.4G
Swap:         8.0G         0B       8.0G

             total       used       free     shared    buffers     cached
Mem:          3.9G       1.8G       2.1G       1.5M        39M       295M
-/+ buffers/cache:       1.4G       2.4G
Swap:         8.0G         0B       8.0G

             total       used       free     shared    buffers     cached
Mem:          3.9G       1.8G       2.1G       1.5M        39M       295M
-/+ buffers/cache:       1.5G       2.4G
Swap:         8.0G         0B       8.0G

             total       used       free     shared    buffers     cached
Mem:          3.9G       1.8G       2.1G       1.5M        39M       295M
-/+ buffers/cache:       1.5G       2.4G
Swap:         8.0G         0B       8.0G

             total       used       free     shared    buffers     cached
Mem:          3.9G       1.8G       2.0G       1.5M        39M       295M
-/+ buffers/cache:       1.5G       2.4G
Swap:         8.0G         0B       8.0G

             total       used       free     shared    buffers     cached
Mem:          3.9G       1.8G       2.0G       1.5M        39M       295M
-/+ buffers/cache:       1.5G       2.4G
Swap:         8.0G         0B       8.0G

             total       used       free     shared    buffers     cached
Mem:          3.9G       1.8G       2.0G       1.5M        39M       295M
-/+ buffers/cache:       1.5G       2.3G
Swap:         8.0G         0B       8.0G

             total       used       free     shared    buffers     cached
Mem:          3.9G       1.9G       2.0G       1.5M        39M       295M
-/+ buffers/cache:       1.5G       2.3G
Swap:         8.0G         0B       8.0G

             total       used       free     shared    buffers     cached
Mem:          3.9G       1.9G       2.0G       1.5M        39M       295M
-/+ buffers/cache:       1.6G       2.3G
Swap:         8.0G         0B       8.0G

             total       used       free     shared    buffers     cached
Mem:          3.9G       1.9G       2.0G       1.5M        39M       295M
-/+ buffers/cache:       1.6G       2.3G
Swap:         8.0G         0B       8.0G

             total       used       free     shared    buffers     cached
Mem:          3.9G       1.9G       1.9G       1.5M        39M       295M
-/+ buffers/cache:       1.6G       2.3G
Swap:         8.0G         0B       8.0G

             total       used       free     shared    buffers     cached
Mem:          3.9G       1.9G       1.9G       1.5M        39M       295M
-/+ buffers/cache:       1.6G       2.2G
Swap:         8.0G         0B       8.0G

             total       used       free     shared    buffers     cached
Mem:          3.9G       2.0G       1.9G       1.5M        39M       295M
-/+ buffers/cache:       1.6G       2.2G
Swap:         8.0G         0B       8.0G

             total       used       free     shared    buffers     cached
Mem:          3.9G       2.0G       1.9G       1.5M        39M       295M
-/+ buffers/cache:       1.6G       2.2G
Swap:         8.0G         0B       8.0G

             total       used       free     shared    buffers     cached
Mem:          3.9G       2.0G       1.9G       1.5M        39M       295M
-/+ buffers/cache:       1.7G       2.2G
Swap:         8.0G         0B       8.0G

             total       used       free     shared    buffers     cached
Mem:          3.9G       2.0G       1.8G       1.5M        39M       295M
-/+ buffers/cache:       1.7G       2.2G
Swap:         8.0G         0B       8.0G

             total       used       free     shared    buffers     cached
Mem:          3.9G       2.0G       1.8G       1.5M        39M       295M
-/+ buffers/cache:       1.7G       2.2G
Swap:         8.0G         0B       8.0G

             total       used       free     shared    buffers     cached
Mem:          3.9G       2.0G       1.8G       1.5M        39M       295M
-/+ buffers/cache:       1.7G       2.1G
Swap:         8.0G         0B       8.0G

             total       used       free     shared    buffers     cached
Mem:          3.9G       2.1G       1.8G       1.5M        39M       295M
-/+ buffers/cache:       1.7G       2.1G
Swap:         8.0G         0B       8.0G

             total       used       free     shared    buffers     cached
Mem:          3.9G       2.1G       1.8G       1.5M        39M       295M
-/+ buffers/cache:       1.7G       2.1G
Swap:         8.0G         0B       8.0G

             total       used       free     shared    buffers     cached
Mem:          3.9G       2.1G       1.8G       1.5M        39M       295M
-/+ buffers/cache:       1.8G       2.1G
Swap:         8.0G         0B       8.0G

             total       used       free     shared    buffers     cached
Mem:          3.9G       2.1G       1.8G       1.5M        39M       295M
-/+ buffers/cache:       1.8G       2.1G
Swap:         8.0G         0B       8.0G

             total       used       free     shared    buffers     cached
Mem:          3.9G       2.1G       1.7G       1.5M        39M       295M
-/+ buffers/cache:       1.8G       2.1G
Swap:         8.0G         0B       8.0G

             total       used       free     shared    buffers     cached
Mem:          3.9G       2.1G       1.7G       1.5M        39M       295M
-/+ buffers/cache:       1.8G       2.0G
Swap:         8.0G         0B       8.0G

             total       used       free     shared    buffers     cached
Mem:          3.9G       2.2G       1.7G       1.5M        39M       295M
-/+ buffers/cache:       1.8G       2.0G
Swap:         8.0G         0B       8.0G

             total       used       free     shared    buffers     cached
Mem:          3.9G       2.2G       1.7G       1.5M        39M       295M
-/+ buffers/cache:       1.8G       2.0G
Swap:         8.0G         0B       8.0G

             total       used       free     shared    buffers     cached
Mem:          3.9G       2.2G       1.7G       1.5M        39M       295M
-/+ buffers/cache:       1.9G       2.0G
Swap:         8.0G         0B       8.0G

             total       used       free     shared    buffers     cached
Mem:          3.9G       2.2G       1.6G       1.5M        39M       295M
-/+ buffers/cache:       1.9G       2.0G
Swap:         8.0G         0B       8.0G

             total       used       free     shared    buffers     cached
Mem:          3.9G       2.2G       1.6G       1.5M        39M       295M
-/+ buffers/cache:       1.9G       2.0G
Swap:         8.0G         0B       8.0G

             total       used       free     shared    buffers     cached
Mem:          3.9G       2.2G       1.6G       1.5M        39M       295M
-/+ buffers/cache:       1.9G       1.9G
Swap:         8.0G         0B       8.0G

             total       used       free     shared    buffers     cached
Mem:          3.9G       2.3G       1.6G       1.5M        39M       295M
-/+ buffers/cache:       1.9G       1.9G
Swap:         8.0G         0B       8.0G

             total       used       free     shared    buffers     cached
Mem:          3.9G       2.3G       1.6G       1.5M        39M       295M
-/+ buffers/cache:       2.0G       1.9G
Swap:         8.0G         0B       8.0G

             total       used       free     shared    buffers     cached
Mem:          3.9G       2.3G       1.6G       1.5M        39M       295M
-/+ buffers/cache:       2.0G       1.9G
Swap:         8.0G         0B       8.0G

             total       used       free     shared    buffers     cached
Mem:          3.9G       2.3G       1.5G       1.5M        39M       295M
-/+ buffers/cache:       2.0G       1.9G
Swap:         8.0G         0B       8.0G

             total       used       free     shared    buffers     cached
Mem:          3.9G       2.3G       1.5G       1.5M        39M       295M
-/+ buffers/cache:       2.0G       1.9G
Swap:         8.0G         0B       8.0G

             total       used       free     shared    buffers     cached
Mem:          3.9G       2.4G       1.5G       1.5M        39M       295M
-/+ buffers/cache:       2.0G       1.8G
Swap:         8.0G         0B       8.0G

             total       used       free     shared    buffers     cached
Mem:          3.9G       2.4G       1.5G       1.5M        39M       295M
-/+ buffers/cache:       2.0G       1.8G
Swap:         8.0G         0B       8.0G

             total       used       free     shared    buffers     cached
Mem:          3.9G       2.4G       1.5G       1.5M        39M       295M
-/+ buffers/cache:       2.1G       1.8G
Swap:         8.0G         0B       8.0G

             total       used       free     shared    buffers     cached
Mem:          3.9G       2.4G       1.5G       1.5M        39M       295M
-/+ buffers/cache:       2.1G       1.8G
Swap:         8.0G         0B       8.0G

             total       used       free     shared    buffers     cached
Mem:          3.9G       2.4G       1.4G       1.5M        39M       295M
-/+ buffers/cache:       2.1G       1.8G
Swap:         8.0G         0B       8.0G

             total       used       free     shared    buffers     cached
Mem:          3.9G       2.4G       1.4G       1.5M        39M       295M
-/+ buffers/cache:       2.1G       1.8G
Swap:         8.0G         0B       8.0G

             total       used       free     shared    buffers     cached
Mem:          3.9G       2.5G       1.4G       1.5M        39M       295M
-/+ buffers/cache:       2.1G       1.7G
Swap:         8.0G         0B       8.0G

             total       used       free     shared    buffers     cached
Mem:          3.9G       2.5G       1.4G       1.5M        39M       295M
-/+ buffers/cache:       2.1G       1.7G
Swap:         8.0G         0B       8.0G

             total       used       free     shared    buffers     cached
Mem:          3.9G       2.5G       1.4G       1.5M        39M       295M
-/+ buffers/cache:       2.1G       1.7G
Swap:         8.0G         0B       8.0G

             total       used       free     shared    buffers     cached
Mem:          3.9G       2.5G       1.4G       1.5M        39M       295M
-/+ buffers/cache:       2.2G       1.7G
Swap:         8.0G         0B       8.0G

             total       used       free     shared    buffers     cached
Mem:          3.9G       2.5G       1.4G       1.5M        39M       295M
-/+ buffers/cache:       2.2G       1.7G
Swap:         8.0G         0B       8.0G

             total       used       free     shared    buffers     cached
Mem:          3.9G       2.5G       1.3G       1.5M        39M       295M
-/+ buffers/cache:       2.2G       1.7G
Swap:         8.0G         0B       8.0G

             total       used       free     shared    buffers     cached
Mem:          3.9G       2.5G       1.3G       1.5M        39M       295M
-/+ buffers/cache:       2.2G       1.7G
Swap:         8.0G         0B       8.0G

             total       used       free     shared    buffers     cached
Mem:          3.9G       2.5G       1.3G       1.5M        39M       295M
-/+ buffers/cache:       2.2G       1.6G
Swap:         8.0G         0B       8.0G

             total       used       free     shared    buffers     cached
Mem:          3.9G       2.6G       1.3G       1.5M        39M       295M
-/+ buffers/cache:       2.2G       1.6G
Swap:         8.0G         0B       8.0G

             total       used       free     shared    buffers     cached
Mem:          3.9G       2.6G       1.3G       1.5M        39M       295M
-/+ buffers/cache:       2.3G       1.6G
Swap:         8.0G         0B       8.0G

             total       used       free     shared    buffers     cached
Mem:          3.9G       2.6G       1.3G       1.5M        39M       295M
-/+ buffers/cache:       2.3G       1.6G
Swap:         8.0G         0B       8.0G

             total       used       free     shared    buffers     cached
Mem:          3.9G       2.6G       1.2G       1.5M        39M       295M
-/+ buffers/cache:       2.3G       1.6G
Swap:         8.0G         0B       8.0G

             total       used       free     shared    buffers     cached
Mem:          3.9G       2.6G       1.2G       1.5M        39M       295M
-/+ buffers/cache:       2.3G       1.6G
Swap:         8.0G         0B       8.0G

             total       used       free     shared    buffers     cached
Mem:          3.9G       2.7G       1.2G       1.5M        39M       295M
-/+ buffers/cache:       2.3G       1.5G
Swap:         8.0G         0B       8.0G

             total       used       free     shared    buffers     cached
Mem:          3.9G       2.7G       1.2G       1.5M        39M       295M
-/+ buffers/cache:       2.3G       1.5G
Swap:         8.0G         0B       8.0G

             total       used       free     shared    buffers     cached
Mem:          3.9G       2.7G       1.2G       1.5M        39M       295M
-/+ buffers/cache:       2.4G       1.5G
Swap:         8.0G         0B       8.0G

             total       used       free     shared    buffers     cached
Mem:          3.9G       2.7G       1.2G       1.5M        39M       295M
-/+ buffers/cache:       2.4G       1.5G
Swap:         8.0G         0B       8.0G

             total       used       free     shared    buffers     cached
Mem:          3.9G       2.7G       1.1G       1.5M        39M       295M
-/+ buffers/cache:       2.4G       1.5G
Swap:         8.0G         0B       8.0G

             total       used       free     shared    buffers     cached
Mem:          3.9G       2.7G       1.1G       1.5M        39M       295M
-/+ buffers/cache:       2.4G       1.4G
Swap:         8.0G         0B       8.0G

             total       used       free     shared    buffers     cached
Mem:          3.9G       2.8G       1.1G       1.5M        39M       295M
-/+ buffers/cache:       2.4G       1.4G
Swap:         8.0G         0B       8.0G

             total       used       free     shared    buffers     cached
Mem:          3.9G       2.8G       1.1G       1.5M        39M       295M
-/+ buffers/cache:       2.4G       1.4G
Swap:         8.0G         0B       8.0G

             total       used       free     shared    buffers     cached
Mem:          3.9G       2.8G       1.1G       1.5M        39M       295M
-/+ buffers/cache:       2.5G       1.4G
Swap:         8.0G         0B       8.0G

             total       used       free     shared    buffers     cached
Mem:          3.9G       2.8G       1.0G       1.5M        39M       295M
-/+ buffers/cache:       2.5G       1.4G
Swap:         8.0G         0B       8.0G

             total       used       free     shared    buffers     cached
Mem:          3.9G       2.8G       1.0G       1.5M        39M       295M
-/+ buffers/cache:       2.5G       1.4G
Swap:         8.0G         0B       8.0G

             total       used       free     shared    buffers     cached
Mem:          3.9G       2.8G       1.0G       1.5M        39M       295M
-/+ buffers/cache:       2.5G       1.3G
Swap:         8.0G         0B       8.0G

             total       used       free     shared    buffers     cached
Mem:          3.9G       2.9G       1.0G       1.5M        39M       295M
-/+ buffers/cache:       2.5G       1.3G
Swap:         8.0G         0B       8.0G

             total       used       free     shared    buffers     cached
Mem:          3.9G       2.9G       1.0G       1.5M        39M       295M
-/+ buffers/cache:       2.6G       1.3G
Swap:         8.0G         0B       8.0G

             total       used       free     shared    buffers     cached
Mem:          3.9G       2.9G       985M       1.5M        39M       295M
-/+ buffers/cache:       2.6G       1.3G
Swap:         8.0G         0B       8.0G

             total       used       free     shared    buffers     cached
Mem:          3.9G       2.9G       966M       1.5M        39M       295M
-/+ buffers/cache:       2.6G       1.3G
Swap:         8.0G         0B       8.0G

             total       used       free     shared    buffers     cached
Mem:          3.9G       2.9G       948M       1.5M        39M       295M
-/+ buffers/cache:       2.6G       1.3G
Swap:         8.0G         0B       8.0G

             total       used       free     shared    buffers     cached
Mem:          3.9G       3.0G       930M       1.5M        39M       295M
-/+ buffers/cache:       2.6G       1.2G
Swap:         8.0G         0B       8.0G

             total       used       free     shared    buffers     cached
Mem:          3.9G       3.0G       913M       1.5M        39M       295M
-/+ buffers/cache:       2.6G       1.2G
Swap:         8.0G         0B       8.0G

             total       used       free     shared    buffers     cached
Mem:          3.9G       3.0G       894M       1.5M        39M       295M
-/+ buffers/cache:       2.7G       1.2G
Swap:         8.0G         0B       8.0G

             total       used       free     shared    buffers     cached
Mem:          3.9G       3.0G       878M       1.5M        39M       295M
-/+ buffers/cache:       2.7G       1.2G
Swap:         8.0G         0B       8.0G

             total       used       free     shared    buffers     cached
Mem:          3.9G       3.0G       860M       1.5M        39M       295M
-/+ buffers/cache:       2.7G       1.2G
Swap:         8.0G         0B       8.0G

             total       used       free     shared    buffers     cached
Mem:          3.9G       3.0G       843M       1.5M        39M       295M
-/+ buffers/cache:       2.7G       1.2G
Swap:         8.0G         0B       8.0G

             total       used       free     shared    buffers     cached
Mem:          3.9G       3.0G       830M       1.5M        39M       295M
-/+ buffers/cache:       2.7G       1.1G
Swap:         8.0G         0B       8.0G

             total       used       free     shared    buffers     cached
Mem:          3.9G       3.1G       812M       1.5M        39M       295M
-/+ buffers/cache:       2.7G       1.1G
Swap:         8.0G         0B       8.0G

             total       used       free     shared    buffers     cached
Mem:          3.9G       3.1G       798M       1.5M        39M       295M
-/+ buffers/cache:       2.8G       1.1G
Swap:         8.0G         0B       8.0G

             total       used       free     shared    buffers     cached
Mem:          3.9G       3.1G       795M       1.5M        39M       295M
-/+ buffers/cache:       2.8G       1.1G
Swap:         8.0G         0B       8.0G

             total       used       free     shared    buffers     cached
Mem:          3.9G       3.1G       793M       1.5M        39M       295M
-/+ buffers/cache:       2.8G       1.1G
Swap:         8.0G         0B       8.0G

             total       used       free     shared    buffers     cached
Mem:          3.9G       3.1G       791M       1.5M        39M       295M
-/+ buffers/cache:       2.8G       1.1G
Swap:         8.0G         0B       8.0G

             total       used       free     shared    buffers     cached
Mem:          3.9G       3.1G       788M       1.5M        39M       295M
-/+ buffers/cache:       2.8G       1.1G
Swap:         8.0G         0B       8.0G

             total       used       free     shared    buffers     cached
Mem:          3.9G       3.1G       786M       1.5M        39M       295M
-/+ buffers/cache:       2.8G       1.1G
Swap:         8.0G         0B       8.0G

             total       used       free     shared    buffers     cached
Mem:          3.9G       3.1G       784M       1.5M        39M       295M
-/+ buffers/cache:       2.8G       1.1G
Swap:         8.0G         0B       8.0G

             total       used       free     shared    buffers     cached
Mem:          3.9G       3.1G       782M       1.5M        39M       295M
-/+ buffers/cache:       2.8G       1.1G
Swap:         8.0G         0B       8.0G

             total       used       free     shared    buffers     cached
Mem:          3.9G       3.1G       779M       1.5M        39M       295M
-/+ buffers/cache:       2.8G       1.1G
Swap:         8.0G         0B       8.0G

             total       used       free     shared    buffers     cached
Mem:          3.9G       3.1G       777M       1.5M        39M       295M
-/+ buffers/cache:       2.8G       1.1G
Swap:         8.0G         0B       8.0G

             total       used       free     shared    buffers     cached
Mem:          3.9G       3.1G       775M       1.5M        39M       295M
-/+ buffers/cache:       2.8G       1.1G
Swap:         8.0G         0B       8.0G

             total       used       free     shared    buffers     cached
Mem:          3.9G       3.1G       773M       1.5M        39M       295M
-/+ buffers/cache:       2.8G       1.1G
Swap:         8.0G         0B       8.0G

             total       used       free     shared    buffers     cached
Mem:          3.9G       3.1G       770M       1.5M        39M       295M
-/+ buffers/cache:       2.8G       1.1G
Swap:         8.0G         0B       8.0G

             total       used       free     shared    buffers     cached
Mem:          3.9G       3.1G       768M       1.5M        39M       295M
-/+ buffers/cache:       2.8G       1.1G
Swap:         8.0G         0B       8.0G

             total       used       free     shared    buffers     cached
Mem:          3.9G       3.1G       766M       1.5M        39M       295M
-/+ buffers/cache:       2.8G       1.1G
Swap:         8.0G         0B       8.0G

             total       used       free     shared    buffers     cached
Mem:          3.9G       3.1G       764M       1.5M        39M       295M
-/+ buffers/cache:       2.8G       1.1G
Swap:         8.0G         0B       8.0G

             total       used       free     shared    buffers     cached
Mem:          3.9G       3.1G       761M       1.5M        39M       295M
-/+ buffers/cache:       2.8G       1.1G
Swap:         8.0G         0B       8.0G

             total       used       free     shared    buffers     cached
Mem:          3.9G       3.1G       759M       1.5M        39M       295M
-/+ buffers/cache:       2.8G       1.1G
Swap:         8.0G         0B       8.0G

             total       used       free     shared    buffers     cached
Mem:          3.9G       3.1G       757M       1.5M        39M       295M
-/+ buffers/cache:       2.8G       1.1G
Swap:         8.0G         0B       8.0G

             total       used       free     shared    buffers     cached
Mem:          3.9G       3.1G       755M       1.5M        39M       295M
-/+ buffers/cache:       2.8G       1.1G
Swap:         8.0G         0B       8.0G

             total       used       free     shared    buffers     cached
Mem:          3.9G       3.1G       743M       2.1M        39M       296M
-/+ buffers/cache:       2.8G       1.1G
Swap:         8.0G         0B       8.0G

             total       used       free     shared    buffers     cached
Mem:          3.9G       3.1G       739M       2.1M        39M       296M
-/+ buffers/cache:       2.8G       1.1G
Swap:         8.0G         0B       8.0G

             total       used       free     shared    buffers     cached
Mem:          3.9G       3.1G       731M       2.1M        39M       296M
-/+ buffers/cache:       2.8G       1.0G
Swap:         8.0G         0B       8.0G

             total       used       free     shared    buffers     cached
Mem:          3.9G       3.1G       728M       2.1M        39M       296M
-/+ buffers/cache:       2.8G       1.0G
Swap:         8.0G         0B       8.0G

             total       used       free     shared    buffers     cached
Mem:          3.9G       3.1G       726M       2.1M        39M       296M
-/+ buffers/cache:       2.8G       1.0G
Swap:         8.0G         0B       8.0G

             total       used       free     shared    buffers     cached
Mem:          3.9G       3.2G       724M       2.1M        39M       296M
-/+ buffers/cache:       2.8G       1.0G
Swap:         8.0G         0B       8.0G

             total       used       free     shared    buffers     cached
Mem:          3.9G       3.2G       722M       2.1M        39M       296M
-/+ buffers/cache:       2.8G       1.0G
Swap:         8.0G         0B       8.0G

             total       used       free     shared    buffers     cached
Mem:          3.9G       3.2G       720M       2.1M        39M       296M
-/+ buffers/cache:       2.8G       1.0G
Swap:         8.0G         0B       8.0G

             total       used       free     shared    buffers     cached
Mem:          3.9G       3.2G       718M       2.1M        39M       296M
-/+ buffers/cache:       2.8G       1.0G
Swap:         8.0G         0B       8.0G

             total       used       free     shared    buffers     cached
Mem:          3.9G       3.2G       715M       2.1M        39M       296M
-/+ buffers/cache:       2.8G       1.0G
Swap:         8.0G         0B       8.0G

             total       used       free     shared    buffers     cached
Mem:          3.9G       3.2G       711M       2.1M        39M       296M
-/+ buffers/cache:       2.8G       1.0G
Swap:         8.0G         0B       8.0G

             total       used       free     shared    buffers     cached
Mem:          3.9G       3.2G       709M       2.1M        39M       296M
-/+ buffers/cache:       2.8G       1.0G
Swap:         8.0G         0B       8.0G

             total       used       free     shared    buffers     cached
Mem:          3.9G       3.2G       709M       2.1M        39M       296M
-/+ buffers/cache:       2.8G       1.0G
Swap:         8.0G         0B       8.0G

             total       used       free     shared    buffers     cached
Mem:          3.9G       3.2G       708M       2.1M        39M       296M
-/+ buffers/cache:       2.8G       1.0G
Swap:         8.0G         0B       8.0G

             total       used       free     shared    buffers     cached
Mem:          3.9G       3.2G       708M       2.1M        39M       296M
-/+ buffers/cache:       2.8G       1.0G
Swap:         8.0G         0B       8.0G

             total       used       free     shared    buffers     cached
Mem:          3.9G       3.2G       706M       2.1M        39M       296M
-/+ buffers/cache:       2.8G       1.0G
Swap:         8.0G         0B       8.0G

             total       used       free     shared    buffers     cached
Mem:          3.9G       3.2G       701M       2.1M        39M       296M
-/+ buffers/cache:       2.8G       1.0G
Swap:         8.0G         0B       8.0G

             total       used       free     shared    buffers     cached
Mem:          3.9G       3.2G       687M       2.1M        39M       296M
-/+ buffers/cache:       2.9G       1.0G
Swap:         8.0G         0B       8.0G

             total       used       free     shared    buffers     cached
Mem:          3.9G       3.2G       673M       2.1M        39M       296M
-/+ buffers/cache:       2.9G       1.0G
Swap:         8.0G         0B       8.0G

             total       used       free     shared    buffers     cached
Mem:          3.9G       3.2G       658M       2.1M        39M       296M
-/+ buffers/cache:       2.9G       994M
Swap:         8.0G         0B       8.0G

             total       used       free     shared    buffers     cached
Mem:          3.9G       3.2G       644M       2.1M        39M       296M
-/+ buffers/cache:       2.9G       980M
Swap:         8.0G         0B       8.0G

             total       used       free     shared    buffers     cached
Mem:          3.9G       3.2G       631M       2.1M        39M       296M
-/+ buffers/cache:       2.9G       967M
Swap:         8.0G         0B       8.0G

             total       used       free     shared    buffers     cached
Mem:          3.9G       3.3G       618M       2.1M        39M       296M
-/+ buffers/cache:       2.9G       954M
Swap:         8.0G         0B       8.0G

             total       used       free     shared    buffers     cached
Mem:          3.9G       3.3G       604M       2.1M        39M       296M
-/+ buffers/cache:       2.9G       940M
Swap:         8.0G         0B       8.0G

             total       used       free     shared    buffers     cached
Mem:          3.9G       3.3G       590M       2.1M        39M       296M
-/+ buffers/cache:       3.0G       926M
Swap:         8.0G         0B       8.0G

             total       used       free     shared    buffers     cached
Mem:          3.9G       3.3G       577M       2.1M        39M       296M
-/+ buffers/cache:       3.0G       913M
Swap:         8.0G         0B       8.0G

             total       used       free     shared    buffers     cached
Mem:          3.9G       3.3G       563M       2.1M        39M       296M
-/+ buffers/cache:       3.0G       899M
Swap:         8.0G         0B       8.0G

             total       used       free     shared    buffers     cached
Mem:          3.9G       3.3G       550M       2.1M        39M       296M
-/+ buffers/cache:       3.0G       886M
Swap:         8.0G         0B       8.0G

             total       used       free     shared    buffers     cached
Mem:          3.9G       3.3G       535M       2.1M        39M       296M
-/+ buffers/cache:       3.0G       871M
Swap:         8.0G         0B       8.0G

             total       used       free     shared    buffers     cached
Mem:          3.9G       3.4G       521M       2.1M        39M       296M
-/+ buffers/cache:       3.0G       857M
Swap:         8.0G         0B       8.0G

             total       used       free     shared    buffers     cached
Mem:          3.9G       3.4G       506M       2.1M        39M       296M
-/+ buffers/cache:       3.0G       842M
Swap:         8.0G         0B       8.0G

             total       used       free     shared    buffers     cached
Mem:          3.9G       3.4G       492M       2.1M        39M       296M
-/+ buffers/cache:       3.0G       828M
Swap:         8.0G         0B       8.0G

             total       used       free     shared    buffers     cached
Mem:          3.9G       3.4G       477M       2.1M        39M       296M
-/+ buffers/cache:       3.1G       813M
Swap:         8.0G         0B       8.0G

             total       used       free     shared    buffers     cached
Mem:          3.9G       3.4G       464M       2.1M        39M       296M
-/+ buffers/cache:       3.1G       800M
Swap:         8.0G         0B       8.0G

             total       used       free     shared    buffers     cached
Mem:          3.9G       3.4G       450M       2.1M        39M       296M
-/+ buffers/cache:       3.1G       786M
Swap:         8.0G         0B       8.0G

             total       used       free     shared    buffers     cached
Mem:          3.9G       3.4G       436M       2.1M        39M       296M
-/+ buffers/cache:       3.1G       772M
Swap:         8.0G         0B       8.0G

             total       used       free     shared    buffers     cached
Mem:          3.9G       3.4G       420M       2.1M        39M       296M
-/+ buffers/cache:       3.1G       756M
Swap:         8.0G         0B       8.0G

             total       used       free     shared    buffers     cached
Mem:          3.9G       3.5G       405M       2.1M        39M       296M
-/+ buffers/cache:       3.1G       741M
Swap:         8.0G         0B       8.0G

             total       used       free     shared    buffers     cached
Mem:          3.9G       3.5G       391M       2.1M        39M       296M
-/+ buffers/cache:       3.1G       727M
Swap:         8.0G         0B       8.0G

             total       used       free     shared    buffers     cached
Mem:          3.9G       3.5G       377M       2.1M        39M       296M
-/+ buffers/cache:       3.2G       713M
Swap:         8.0G         0B       8.0G

             total       used       free     shared    buffers     cached
Mem:          3.9G       3.5G       362M       2.1M        39M       296M
-/+ buffers/cache:       3.2G       698M
Swap:         8.0G         0B       8.0G

             total       used       free     shared    buffers     cached
Mem:          3.9G       3.5G       348M       2.1M        39M       296M
-/+ buffers/cache:       3.2G       684M
Swap:         8.0G         0B       8.0G

             total       used       free     shared    buffers     cached
Mem:          3.9G       3.5G       334M       2.1M        39M       296M
-/+ buffers/cache:       3.2G       670M
Swap:         8.0G         0B       8.0G

             total       used       free     shared    buffers     cached
Mem:          3.9G       3.5G       319M       2.1M        39M       296M
-/+ buffers/cache:       3.2G       655M
Swap:         8.0G         0B       8.0G

             total       used       free     shared    buffers     cached
Mem:          3.9G       3.6G       306M       2.1M        39M       296M
-/+ buffers/cache:       3.2G       642M
Swap:         8.0G         0B       8.0G

             total       used       free     shared    buffers     cached
Mem:          3.9G       3.6G       290M       2.1M        39M       296M
-/+ buffers/cache:       3.2G       627M
Swap:         8.0G         0B       8.0G

             total       used       free     shared    buffers     cached
Mem:          3.9G       3.6G       276M       2.1M        39M       296M
-/+ buffers/cache:       3.3G       613M
Swap:         8.0G         0B       8.0G

             total       used       free     shared    buffers     cached
Mem:          3.9G       3.6G       264M       2.1M        39M       296M
-/+ buffers/cache:       3.3G       600M
Swap:         8.0G         0B       8.0G

             total       used       free     shared    buffers     cached
Mem:          3.9G       3.6G       250M       2.1M        39M       296M
-/+ buffers/cache:       3.3G       586M
Swap:         8.0G         0B       8.0G

             total       used       free     shared    buffers     cached
Mem:          3.9G       3.6G       236M       2.1M        39M       296M
-/+ buffers/cache:       3.3G       572M
Swap:         8.0G         0B       8.0G

             total       used       free     shared    buffers     cached
Mem:          3.9G       3.6G       221M       2.1M        39M       296M
-/+ buffers/cache:       3.3G       558M
Swap:         8.0G         0B       8.0G

             total       used       free     shared    buffers     cached
Mem:          3.9G       3.7G       209M       2.1M        39M       296M
-/+ buffers/cache:       3.3G       546M
Swap:         8.0G         0B       8.0G

             total       used       free     shared    buffers     cached
Mem:          3.9G       3.7G       194M       2.1M        39M       296M
-/+ buffers/cache:       3.3G       531M
Swap:         8.0G         0B       8.0G

             total       used       free     shared    buffers     cached
Mem:          3.9G       3.7G       181M       2.1M        39M       296M
-/+ buffers/cache:       3.4G       518M
Swap:         8.0G         0B       8.0G

             total       used       free     shared    buffers     cached
Mem:          3.9G       3.7G       167M       2.1M        39M       296M
-/+ buffers/cache:       3.4G       504M
Swap:         8.0G         0B       8.0G

             total       used       free     shared    buffers     cached
Mem:          3.9G       3.7G       153M       2.1M        39M       296M
-/+ buffers/cache:       3.4G       490M
Swap:         8.0G         0B       8.0G

             total       used       free     shared    buffers     cached
Mem:          3.9G       3.7G       138M       2.1M        39M       296M
-/+ buffers/cache:       3.4G       475M
Swap:         8.0G         0B       8.0G

             total       used       free     shared    buffers     cached
Mem:          3.9G       3.7G       117M       2.1M        39M       297M
-/+ buffers/cache:       3.4G       454M
Swap:         8.0G         0B       8.0G

             total       used       free     shared    buffers     cached
Mem:          3.9G       3.8G       110M       2.1M        39M       297M
-/+ buffers/cache:       3.4G       447M
Swap:         8.0G         0B       8.0G

             total       used       free     shared    buffers     cached
Mem:          3.9G       3.7G       135M       2.1M        11M       285M
-/+ buffers/cache:       3.4G       432M
Swap:         8.0G         0B       8.0G

             total       used       free     shared    buffers     cached
Mem:          3.9G       3.7G       121M       2.1M        11M       285M
-/+ buffers/cache:       3.5G       418M
Swap:         8.0G         0B       8.0G

             total       used       free     shared    buffers     cached
Mem:          3.9G       3.8G       107M       2.1M        11M       285M
-/+ buffers/cache:       3.5G       404M
Swap:         8.0G         0B       8.0G

             total       used       free     shared    buffers     cached
Mem:          3.9G       3.7G       133M       2.0M        10M       249M
-/+ buffers/cache:       3.5G       393M
Swap:         8.0G        92K       8.0G

             total       used       free     shared    buffers     cached
Mem:          3.9G       3.7G       118M       2.0M        10M       249M
-/+ buffers/cache:       3.5G       379M
Swap:         8.0G        92K       8.0G

             total       used       free     shared    buffers     cached
Mem:          3.9G       3.7G       114M       1.8M        10M       236M
-/+ buffers/cache:       3.5G       362M
Swap:         8.0G       6.0M       8.0G

             total       used       free     shared    buffers     cached
Mem:          3.9G       3.7G       127M       1.6M        10M       212M
-/+ buffers/cache:       3.5G       351M
Swap:         8.0G        17M       8.0G

             total       used       free     shared    buffers     cached
Mem:          3.9G       3.7G       115M       1.6M        10M       212M
-/+ buffers/cache:       3.5G       339M
Swap:         8.0G        17M       8.0G

             total       used       free     shared    buffers     cached
Mem:          3.9G       3.7G       128M       1.6M       2.4M       195M
-/+ buffers/cache:       3.5G       325M
Swap:         8.0G        17M       8.0G

             total       used       free     shared    buffers     cached
Mem:          3.9G       3.7G       115M       1.6M       2.4M       195M
-/+ buffers/cache:       3.6G       312M
Swap:         8.0G        17M       8.0G

             total       used       free     shared    buffers     cached
Mem:          3.9G       3.7G       125M       1.6M       1.4M       172M
-/+ buffers/cache:       3.6G       299M
Swap:         8.0G        17M       8.0G

             total       used       free     shared    buffers     cached
Mem:          3.9G       3.7G       112M       1.6M       1.4M       172M
-/+ buffers/cache:       3.6G       286M
Swap:         8.0G        17M       8.0G

             total       used       free     shared    buffers     cached
Mem:          3.9G       3.7G       120M       1.6M       1.6M       151M
-/+ buffers/cache:       3.6G       273M
Swap:         8.0G        17M       8.0G

             total       used       free     shared    buffers     cached
Mem:          3.9G       3.7G       117M       5.3M       1.0M       132M
-/+ buffers/cache:       3.6G       251M
Swap:         8.0G        16M       8.0G

             total       used       free     shared    buffers     cached
Mem:          3.9G       3.7G       130M       1.6M       1.5M       111M
-/+ buffers/cache:       3.6G       242M
Swap:         8.0G        17M       8.0G

             total       used       free     shared    buffers     cached
Mem:          3.9G       3.7G       115M       1.6M       1.5M       111M
-/+ buffers/cache:       3.6G       228M
Swap:         8.0G        17M       8.0G

             total       used       free     shared    buffers     cached
Mem:          3.9G       3.7G       125M       1.6M       1.5M        90M
-/+ buffers/cache:       3.6G       216M
Swap:         8.0G        17M       8.0G

             total       used       free     shared    buffers     cached
Mem:          3.9G       3.8G       111M       1.6M       1.5M        90M
-/+ buffers/cache:       3.7G       202M
Swap:         8.0G        17M       8.0G

             total       used       free     shared    buffers     cached
Mem:          3.9G       3.7G       122M       1.6M       1.5M        70M
-/+ buffers/cache:       3.7G       194M
Swap:         8.0G        20M       8.0G

             total       used       free     shared    buffers     cached
Mem:          3.9G       3.8G       108M       1.6M       1.5M        70M
-/+ buffers/cache:       3.7G       180M
Swap:         8.0G        20M       8.0G

             total       used       free     shared    buffers     cached
Mem:          3.9G       3.7G       126M       1.6M       1.2M        41M
-/+ buffers/cache:       3.7G       168M
Swap:         8.0G        21M       8.0G

             total       used       free     shared    buffers     cached
Mem:          3.9G       3.7G       112M       1.6M       1.2M        41M
-/+ buffers/cache:       3.7G       155M
Swap:         8.0G        21M       8.0G

             total       used       free     shared    buffers     cached
Mem:          3.9G       3.7G       121M       1.4M       144K        20M
-/+ buffers/cache:       3.7G       141M
Swap:         8.0G        26M       8.0G

             total       used       free     shared    buffers     cached
Mem:          3.9G       3.8G       105M       1.4M       284K        20M
-/+ buffers/cache:       3.7G       125M
Swap:         8.0G        26M       8.0G

             total       used       free     shared    buffers     cached
Mem:          3.9G       3.8G       110M       1.4M       268K       6.6M
-/+ buffers/cache:       3.7G       117M
Swap:         8.0G        55M       7.9G

             total       used       free     shared    buffers     cached
Mem:          3.9G       3.8G       111M       1.2M        92K       4.9M
-/+ buffers/cache:       3.7G       116M
Swap:         8.0G       213M       7.8G

             total       used       free     shared    buffers     cached
Mem:          3.9G       3.7G       121M       1.2M       232K       8.9M
-/+ buffers/cache:       3.7G       130M
Swap:         8.0G       327M       7.7G

             total       used       free     shared    buffers     cached
Mem:          3.9G       3.8G       107M       1.2M       372K        10M
-/+ buffers/cache:       3.7G       118M
Swap:         8.0G       327M       7.7G

             total       used       free     shared    buffers     cached
Mem:          3.9G       3.7G       117M       1.2M       524K        10M
-/+ buffers/cache:       3.7G       128M
Swap:         8.0G       327M       7.7G

             total       used       free     shared    buffers     cached
Mem:          3.9G       3.7G       118M       1.2M       528K        11M
-/+ buffers/cache:       3.7G       130M
Swap:         8.0G       327M       7.7G

             total       used       free     shared    buffers     cached
Mem:          3.9G       3.7G       116M       1.2M       668K        11M
-/+ buffers/cache:       3.7G       129M
Swap:         8.0G       327M       7.7G

             total       used       free     shared    buffers     cached
Mem:          3.9G       3.7G       209M       1.2M       812K        31M
-/+ buffers/cache:       3.6G       241M
Swap:         8.0G       326M       7.7G

             total       used       free     shared    buffers     cached
Mem:          3.9G       3.7G       200M       1.2M       820K        31M
-/+ buffers/cache:       3.6G       232M
Swap:         8.0G       326M       7.7G

             total       used       free     shared    buffers     cached
Mem:          3.9G       3.7G       190M       1.2M       820K        31M
-/+ buffers/cache:       3.6G       222M
Swap:         8.0G       326M       7.7G

             total       used       free     shared    buffers     cached
Mem:          3.9G       3.7G       181M       1.2M       824K        31M
-/+ buffers/cache:       3.7G       213M
Swap:         8.0G       326M       7.7G

             total       used       free     shared    buffers     cached
Mem:          3.9G       3.7G       172M       1.2M       832K        31M
-/+ buffers/cache:       3.7G       204M
Swap:         8.0G       326M       7.7G

             total       used       free     shared    buffers     cached
Mem:          3.9G       3.7G       163M       1.2M       832K        31M
-/+ buffers/cache:       3.7G       195M
Swap:         8.0G       326M       7.7G

             total       used       free     shared    buffers     cached
Mem:          3.9G       3.7G       154M       1.2M       832K        31M
-/+ buffers/cache:       3.7G       186M
Swap:         8.0G       326M       7.7G

             total       used       free     shared    buffers     cached
Mem:          3.9G       3.7G       146M       1.2M       832K        31M
-/+ buffers/cache:       3.7G       178M
Swap:         8.0G       305M       7.7G

             total       used       free     shared    buffers     cached
Mem:          3.9G       3.7G       138M       1.2M       832K        31M
-/+ buffers/cache:       3.7G       170M
Swap:         8.0G       284M       7.7G

             total       used       free     shared    buffers     cached
Mem:          3.9G       3.7G       131M       1.2M       840K        31M
-/+ buffers/cache:       3.7G       163M
Swap:         8.0G       267M       7.7G

             total       used       free     shared    buffers     cached
Mem:          3.9G       3.7G       123M       1.2M       980K        31M
-/+ buffers/cache:       3.7G       155M
Swap:         8.0G       252M       7.8G

             total       used       free     shared    buffers     cached
Mem:          3.9G       3.7G       116M       1.2M       980K        31M
-/+ buffers/cache:       3.7G       149M
Swap:         8.0G       242M       7.8G

             total       used       free     shared    buffers     cached
Mem:          3.9G       3.8G       110M       1.2M       980K        31M
-/+ buffers/cache:       3.7G       142M
Swap:         8.0G       237M       7.8G

             total       used       free     shared    buffers     cached
Mem:          3.9G       3.8G       104M       1.2M       980K        31M
-/+ buffers/cache:       3.7G       137M
Swap:         8.0G       236M       7.8G

             total       used       free     shared    buffers     cached
Mem:          3.9G       3.7G       142M       1.2M       204K        28M
-/+ buffers/cache:       3.7G       170M
Swap:         8.0G       256M       7.7G

             total       used       free     shared    buffers     cached
Mem:          3.9G       3.7G       126M       1.2M       212K        28M
-/+ buffers/cache:       3.7G       155M
Swap:         8.0G       256M       7.7G

             total       used       free     shared    buffers     cached
Mem:          3.9G       3.7G       121M       1.3M       4.6M        35M
-/+ buffers/cache:       3.7G       161M
Swap:         8.0G       252M       7.8G

             total       used       free     shared    buffers     cached
Mem:          3.9G       3.8G       103M       1.3M       4.7M        38M
-/+ buffers/cache:       3.7G       147M
Swap:         8.0G       251M       7.8G

             total       used       free     shared    buffers     cached
Mem:          3.9G       3.8G       108M       1.3M       1.1M        25M
-/+ buffers/cache:       3.7G       135M
Swap:         8.0G       265M       7.7G
