             total       used       free     shared    buffers     cached
Mem:          2.0G       659M       1.3G       3.2M        38M       289M
-/+ buffers/cache:       330M       1.6G
Swap:         8.0G         0B       8.0G

             total       used       free     shared    buffers     cached
Mem:          2.0G       658M       1.3G       1.4M        38M       288M
-/+ buffers/cache:       330M       1.6G
Swap:         8.0G         0B       8.0G

             total       used       free     shared    buffers     cached
Mem:          2.0G       657M       1.3G       1.4M        38M       288M
-/+ buffers/cache:       330M       1.6G
Swap:         8.0G         0B       8.0G

             total       used       free     shared    buffers     cached
Mem:          2.0G       657M       1.3G       1.4M        38M       288M
-/+ buffers/cache:       330M       1.6G
Swap:         8.0G         0B       8.0G

             total       used       free     shared    buffers     cached
Mem:          2.0G       657M       1.3G       1.4M        38M       288M
-/+ buffers/cache:       330M       1.6G
Swap:         8.0G         0B       8.0G

             total       used       free     shared    buffers     cached
Mem:          2.0G       657M       1.3G       1.4M        38M       288M
-/+ buffers/cache:       330M       1.6G
Swap:         8.0G         0B       8.0G

             total       used       free     shared    buffers     cached
Mem:          2.0G       657M       1.3G       1.4M        38M       288M
-/+ buffers/cache:       330M       1.6G
Swap:         8.0G         0B       8.0G

             total       used       free     shared    buffers     cached
Mem:          2.0G       657M       1.3G       1.4M        38M       288M
-/+ buffers/cache:       330M       1.6G
Swap:         8.0G         0B       8.0G

             total       used       free     shared    buffers     cached
Mem:          2.0G       657M       1.3G       1.4M        38M       288M
-/+ buffers/cache:       329M       1.6G
Swap:         8.0G         0B       8.0G

             total       used       free     shared    buffers     cached
Mem:          2.0G       657M       1.3G       1.4M        38M       288M
-/+ buffers/cache:       329M       1.6G
Swap:         8.0G         0B       8.0G

             total       used       free     shared    buffers     cached
Mem:          2.0G       660M       1.3G       1.4M        38M       288M
-/+ buffers/cache:       333M       1.6G
Swap:         8.0G         0B       8.0G

             total       used       free     shared    buffers     cached
Mem:          2.0G       686M       1.3G       1.4M        38M       288M
-/+ buffers/cache:       358M       1.6G
Swap:         8.0G         0B       8.0G

             total       used       free     shared    buffers     cached
Mem:          2.0G       666M       1.3G       1.4M        38M       289M
-/+ buffers/cache:       338M       1.6G
Swap:         8.0G         0B       8.0G

             total       used       free     shared    buffers     cached
Mem:          2.0G       666M       1.3G       1.4M        38M       289M
-/+ buffers/cache:       338M       1.6G
Swap:         8.0G         0B       8.0G

             total       used       free     shared    buffers     cached
Mem:          2.0G       666M       1.3G       1.4M        38M       289M
-/+ buffers/cache:       338M       1.6G
Swap:         8.0G         0B       8.0G

             total       used       free     shared    buffers     cached
Mem:          2.0G       666M       1.3G       1.4M        38M       289M
-/+ buffers/cache:       338M       1.6G
Swap:         8.0G         0B       8.0G

             total       used       free     shared    buffers     cached
Mem:          2.0G       666M       1.3G       1.4M        38M       289M
-/+ buffers/cache:       338M       1.6G
Swap:         8.0G         0B       8.0G

             total       used       free     shared    buffers     cached
Mem:          2.0G       666M       1.3G       1.4M        38M       289M
-/+ buffers/cache:       338M       1.6G
Swap:         8.0G         0B       8.0G

             total       used       free     shared    buffers     cached
Mem:          2.0G       666M       1.3G       1.4M        38M       289M
-/+ buffers/cache:       338M       1.6G
Swap:         8.0G         0B       8.0G

             total       used       free     shared    buffers     cached
Mem:          2.0G       666M       1.3G       1.4M        38M       289M
-/+ buffers/cache:       338M       1.6G
Swap:         8.0G         0B       8.0G

             total       used       free     shared    buffers     cached
Mem:          2.0G       666M       1.3G       1.4M        38M       289M
-/+ buffers/cache:       338M       1.6G
Swap:         8.0G         0B       8.0G

             total       used       free     shared    buffers     cached
Mem:          2.0G       666M       1.3G       1.4M        38M       289M
-/+ buffers/cache:       338M       1.6G
Swap:         8.0G         0B       8.0G

             total       used       free     shared    buffers     cached
Mem:          2.0G       666M       1.3G       1.4M        38M       290M
-/+ buffers/cache:       338M       1.6G
Swap:         8.0G         0B       8.0G

             total       used       free     shared    buffers     cached
Mem:          2.0G       666M       1.3G       1.4M        38M       290M
-/+ buffers/cache:       338M       1.6G
Swap:         8.0G         0B       8.0G

             total       used       free     shared    buffers     cached
Mem:          2.0G       666M       1.3G       1.4M        38M       290M
-/+ buffers/cache:       338M       1.6G
Swap:         8.0G         0B       8.0G

             total       used       free     shared    buffers     cached
Mem:          2.0G       666M       1.3G       1.4M        38M       290M
-/+ buffers/cache:       338M       1.6G
Swap:         8.0G         0B       8.0G

             total       used       free     shared    buffers     cached
Mem:          2.0G       666M       1.3G       1.4M        38M       290M
-/+ buffers/cache:       338M       1.6G
Swap:         8.0G         0B       8.0G

             total       used       free     shared    buffers     cached
Mem:          2.0G       666M       1.3G       1.4M        38M       290M
-/+ buffers/cache:       338M       1.6G
Swap:         8.0G         0B       8.0G

             total       used       free     shared    buffers     cached
Mem:          2.0G       666M       1.3G       1.4M        38M       290M
-/+ buffers/cache:       338M       1.6G
Swap:         8.0G         0B       8.0G

             total       used       free     shared    buffers     cached
Mem:          2.0G       666M       1.3G       1.4M        38M       290M
-/+ buffers/cache:       338M       1.6G
Swap:         8.0G         0B       8.0G

             total       used       free     shared    buffers     cached
Mem:          2.0G       666M       1.3G       1.4M        38M       290M
-/+ buffers/cache:       338M       1.6G
Swap:         8.0G         0B       8.0G

             total       used       free     shared    buffers     cached
Mem:          2.0G       666M       1.3G       1.4M        38M       290M
-/+ buffers/cache:       338M       1.6G
Swap:         8.0G         0B       8.0G

             total       used       free     shared    buffers     cached
Mem:          2.0G       666M       1.3G       1.4M        38M       290M
-/+ buffers/cache:       338M       1.6G
Swap:         8.0G         0B       8.0G

             total       used       free     shared    buffers     cached
Mem:          2.0G       672M       1.3G       1.4M        38M       290M
-/+ buffers/cache:       344M       1.6G
Swap:         8.0G         0B       8.0G

             total       used       free     shared    buffers     cached
Mem:          2.0G       688M       1.3G       1.4M        38M       290M
-/+ buffers/cache:       359M       1.6G
Swap:         8.0G         0B       8.0G

             total       used       free     shared    buffers     cached
Mem:          2.0G       703M       1.3G       1.4M        38M       290M
-/+ buffers/cache:       374M       1.6G
Swap:         8.0G         0B       8.0G

             total       used       free     shared    buffers     cached
Mem:          2.0G       718M       1.3G       1.4M        38M       290M
-/+ buffers/cache:       389M       1.6G
Swap:         8.0G         0B       8.0G

             total       used       free     shared    buffers     cached
Mem:          2.0G       732M       1.2G       1.4M        38M       290M
-/+ buffers/cache:       404M       1.6G
Swap:         8.0G         0B       8.0G

             total       used       free     shared    buffers     cached
Mem:          2.0G       747M       1.2G       1.4M        38M       290M
-/+ buffers/cache:       418M       1.5G
Swap:         8.0G         0B       8.0G

             total       used       free     shared    buffers     cached
Mem:          2.0G       763M       1.2G       1.4M        38M       290M
-/+ buffers/cache:       434M       1.5G
Swap:         8.0G         0B       8.0G

             total       used       free     shared    buffers     cached
Mem:          2.0G       779M       1.2G       1.4M        38M       290M
-/+ buffers/cache:       450M       1.5G
Swap:         8.0G         0B       8.0G

             total       used       free     shared    buffers     cached
Mem:          2.0G       791M       1.2G       1.4M        38M       290M
-/+ buffers/cache:       463M       1.5G
Swap:         8.0G         0B       8.0G

             total       used       free     shared    buffers     cached
Mem:          2.0G       806M       1.2G       1.4M        38M       290M
-/+ buffers/cache:       478M       1.5G
Swap:         8.0G         0B       8.0G

             total       used       free     shared    buffers     cached
Mem:          2.0G       824M       1.1G       1.4M        38M       290M
-/+ buffers/cache:       496M       1.5G
Swap:         8.0G         0B       8.0G

             total       used       free     shared    buffers     cached
Mem:          2.0G       838M       1.1G       1.4M        38M       290M
-/+ buffers/cache:       509M       1.5G
Swap:         8.0G         0B       8.0G

             total       used       free     shared    buffers     cached
Mem:          2.0G       853M       1.1G       1.4M        38M       290M
-/+ buffers/cache:       525M       1.4G
Swap:         8.0G         0B       8.0G

             total       used       free     shared    buffers     cached
Mem:          2.0G       868M       1.1G       1.4M        38M       290M
-/+ buffers/cache:       540M       1.4G
Swap:         8.0G         0B       8.0G

             total       used       free     shared    buffers     cached
Mem:          2.0G       884M       1.1G       1.4M        38M       290M
-/+ buffers/cache:       555M       1.4G
Swap:         8.0G         0B       8.0G

             total       used       free     shared    buffers     cached
Mem:          2.0G       895M       1.1G       1.4M        38M       290M
-/+ buffers/cache:       566M       1.4G
Swap:         8.0G         0B       8.0G

             total       used       free     shared    buffers     cached
Mem:          2.0G       907M       1.1G       1.4M        38M       290M
-/+ buffers/cache:       579M       1.4G
Swap:         8.0G         0B       8.0G

             total       used       free     shared    buffers     cached
Mem:          2.0G       921M       1.1G       1.4M        38M       290M
-/+ buffers/cache:       593M       1.4G
Swap:         8.0G         0B       8.0G

             total       used       free     shared    buffers     cached
Mem:          2.0G       936M       1.0G       1.4M        38M       290M
-/+ buffers/cache:       607M       1.4G
Swap:         8.0G         0B       8.0G

             total       used       free     shared    buffers     cached
Mem:          2.0G       949M       1.0G       1.4M        38M       290M
-/+ buffers/cache:       621M       1.3G
Swap:         8.0G         0B       8.0G

             total       used       free     shared    buffers     cached
Mem:          2.0G       964M       1.0G       1.4M        38M       290M
-/+ buffers/cache:       635M       1.3G
Swap:         8.0G         0B       8.0G

             total       used       free     shared    buffers     cached
Mem:          2.0G       978M       1.0G       1.4M        38M       290M
-/+ buffers/cache:       649M       1.3G
Swap:         8.0G         0B       8.0G

             total       used       free     shared    buffers     cached
Mem:          2.0G       991M       1.0G       1.4M        38M       290M
-/+ buffers/cache:       662M       1.3G
Swap:         8.0G         0B       8.0G

             total       used       free     shared    buffers     cached
Mem:          2.0G       1.0G       995M       1.4M        38M       290M
-/+ buffers/cache:       676M       1.3G
Swap:         8.0G         0B       8.0G

             total       used       free     shared    buffers     cached
Mem:          2.0G       1.0G       980M       1.4M        38M       290M
-/+ buffers/cache:       691M       1.3G
Swap:         8.0G         0B       8.0G

             total       used       free     shared    buffers     cached
Mem:          2.0G       1.0G       966M       1.4M        38M       290M
-/+ buffers/cache:       704M       1.3G
Swap:         8.0G         0B       8.0G

             total       used       free     shared    buffers     cached
Mem:          2.0G       1.0G       953M       1.4M        38M       290M
-/+ buffers/cache:       718M       1.3G
Swap:         8.0G         0B       8.0G

             total       used       free     shared    buffers     cached
Mem:          2.0G       1.0G       939M       1.4M        38M       290M
-/+ buffers/cache:       732M       1.2G
Swap:         8.0G         0B       8.0G

             total       used       free     shared    buffers     cached
Mem:          2.0G       1.1G       924M       1.4M        38M       290M
-/+ buffers/cache:       746M       1.2G
Swap:         8.0G         0B       8.0G

             total       used       free     shared    buffers     cached
Mem:          2.0G       1.1G       910M       1.4M        38M       290M
-/+ buffers/cache:       760M       1.2G
Swap:         8.0G         0B       8.0G

             total       used       free     shared    buffers     cached
Mem:          2.0G       1.1G       896M       1.4M        38M       290M
-/+ buffers/cache:       774M       1.2G
Swap:         8.0G         0B       8.0G

             total       used       free     shared    buffers     cached
Mem:          2.0G       1.1G       883M       1.4M        38M       290M
-/+ buffers/cache:       787M       1.2G
Swap:         8.0G         0B       8.0G

             total       used       free     shared    buffers     cached
Mem:          2.0G       1.1G       873M       1.4M        38M       290M
-/+ buffers/cache:       797M       1.2G
Swap:         8.0G         0B       8.0G

             total       used       free     shared    buffers     cached
Mem:          2.0G       1.1G       859M       1.4M        38M       290M
-/+ buffers/cache:       811M       1.2G
Swap:         8.0G         0B       8.0G

             total       used       free     shared    buffers     cached
Mem:          2.0G       1.1G       844M       1.4M        38M       290M
-/+ buffers/cache:       826M       1.1G
Swap:         8.0G         0B       8.0G

             total       used       free     shared    buffers     cached
Mem:          2.0G       1.1G       829M       1.4M        38M       290M
-/+ buffers/cache:       841M       1.1G
Swap:         8.0G         0B       8.0G

             total       used       free     shared    buffers     cached
Mem:          2.0G       1.2G       814M       1.4M        38M       290M
-/+ buffers/cache:       856M       1.1G
Swap:         8.0G         0B       8.0G

             total       used       free     shared    buffers     cached
Mem:          2.0G       1.2G       796M       1.4M        38M       290M
-/+ buffers/cache:       874M       1.1G
Swap:         8.0G         0B       8.0G

             total       used       free     shared    buffers     cached
Mem:          2.0G       1.2G       781M       1.4M        38M       290M
-/+ buffers/cache:       889M       1.1G
Swap:         8.0G         0B       8.0G

             total       used       free     shared    buffers     cached
Mem:          2.0G       1.2G       765M       1.4M        38M       290M
-/+ buffers/cache:       905M       1.1G
Swap:         8.0G         0B       8.0G

             total       used       free     shared    buffers     cached
Mem:          2.0G       1.2G       751M       1.4M        38M       290M
-/+ buffers/cache:       919M       1.1G
Swap:         8.0G         0B       8.0G

             total       used       free     shared    buffers     cached
Mem:          2.0G       1.2G       735M       1.4M        38M       290M
-/+ buffers/cache:       935M       1.0G
Swap:         8.0G         0B       8.0G

             total       used       free     shared    buffers     cached
Mem:          2.0G       1.2G       721M       1.4M        38M       290M
-/+ buffers/cache:       949M       1.0G
Swap:         8.0G         0B       8.0G

             total       used       free     shared    buffers     cached
Mem:          2.0G       1.3G       706M       1.4M        38M       290M
-/+ buffers/cache:       964M       1.0G
Swap:         8.0G         0B       8.0G

             total       used       free     shared    buffers     cached
Mem:          2.0G       1.3G       691M       1.4M        38M       290M
-/+ buffers/cache:       979M       1.0G
Swap:         8.0G         0B       8.0G

             total       used       free     shared    buffers     cached
Mem:          2.0G       1.3G       676M       1.4M        38M       290M
-/+ buffers/cache:       994M       1.0G
Swap:         8.0G         0B       8.0G

             total       used       free     shared    buffers     cached
Mem:          2.0G       1.3G       660M       1.4M        38M       290M
-/+ buffers/cache:       1.0G       989M
Swap:         8.0G         0B       8.0G

             total       used       free     shared    buffers     cached
Mem:          2.0G       1.3G       645M       1.4M        38M       290M
-/+ buffers/cache:       1.0G       974M
Swap:         8.0G         0B       8.0G

             total       used       free     shared    buffers     cached
Mem:          2.0G       1.3G       631M       1.4M        38M       290M
-/+ buffers/cache:       1.0G       960M
Swap:         8.0G         0B       8.0G

             total       used       free     shared    buffers     cached
Mem:          2.0G       1.4G       616M       1.4M        38M       290M
-/+ buffers/cache:       1.0G       945M
Swap:         8.0G         0B       8.0G

             total       used       free     shared    buffers     cached
Mem:          2.0G       1.4G       600M       1.4M        38M       290M
-/+ buffers/cache:       1.0G       929M
Swap:         8.0G         0B       8.0G

             total       used       free     shared    buffers     cached
Mem:          2.0G       1.4G       584M       1.4M        38M       290M
-/+ buffers/cache:       1.1G       913M
Swap:         8.0G         0B       8.0G

             total       used       free     shared    buffers     cached
Mem:          2.0G       1.4G       568M       1.4M        38M       290M
-/+ buffers/cache:       1.1G       897M
Swap:         8.0G         0B       8.0G

             total       used       free     shared    buffers     cached
Mem:          2.0G       1.4G       552M       1.4M        38M       290M
-/+ buffers/cache:       1.1G       881M
Swap:         8.0G         0B       8.0G

             total       used       free     shared    buffers     cached
Mem:          2.0G       1.4G       536M       1.4M        38M       290M
-/+ buffers/cache:       1.1G       865M
Swap:         8.0G         0B       8.0G

             total       used       free     shared    buffers     cached
Mem:          2.0G       1.4G       520M       1.4M        38M       290M
-/+ buffers/cache:       1.1G       849M
Swap:         8.0G         0B       8.0G

             total       used       free     shared    buffers     cached
Mem:          2.0G       1.5G       504M       1.4M        38M       290M
-/+ buffers/cache:       1.1G       833M
Swap:         8.0G         0B       8.0G

             total       used       free     shared    buffers     cached
Mem:          2.0G       1.5G       489M       1.4M        38M       290M
-/+ buffers/cache:       1.2G       818M
Swap:         8.0G         0B       8.0G

             total       used       free     shared    buffers     cached
Mem:          2.0G       1.5G       473M       1.4M        38M       290M
-/+ buffers/cache:       1.2G       802M
Swap:         8.0G         0B       8.0G

             total       used       free     shared    buffers     cached
Mem:          2.0G       1.5G       458M       1.4M        38M       290M
-/+ buffers/cache:       1.2G       787M
Swap:         8.0G         0B       8.0G

             total       used       free     shared    buffers     cached
Mem:          2.0G       1.5G       443M       1.4M        38M       290M
-/+ buffers/cache:       1.2G       772M
Swap:         8.0G         0B       8.0G

             total       used       free     shared    buffers     cached
Mem:          2.0G       1.5G       433M       1.4M        38M       290M
-/+ buffers/cache:       1.2G       762M
Swap:         8.0G         0B       8.0G

             total       used       free     shared    buffers     cached
Mem:          2.0G       1.5G       426M       1.4M        38M       290M
-/+ buffers/cache:       1.2G       755M
Swap:         8.0G         0B       8.0G

             total       used       free     shared    buffers     cached
Mem:          2.0G       1.6G       411M       1.4M        38M       290M
-/+ buffers/cache:       1.2G       740M
Swap:         8.0G         0B       8.0G

             total       used       free     shared    buffers     cached
Mem:          2.0G       1.6G       396M       1.4M        38M       290M
-/+ buffers/cache:       1.2G       725M
Swap:         8.0G         0B       8.0G

             total       used       free     shared    buffers     cached
Mem:          2.0G       1.6G       381M       1.4M        38M       290M
-/+ buffers/cache:       1.3G       710M
Swap:         8.0G         0B       8.0G

             total       used       free     shared    buffers     cached
Mem:          2.0G       1.6G       366M       1.4M        38M       290M
-/+ buffers/cache:       1.3G       695M
Swap:         8.0G         0B       8.0G

             total       used       free     shared    buffers     cached
Mem:          2.0G       1.6G       352M       1.4M        38M       290M
-/+ buffers/cache:       1.3G       681M
Swap:         8.0G         0B       8.0G

             total       used       free     shared    buffers     cached
Mem:          2.0G       1.6G       337M       1.4M        38M       290M
-/+ buffers/cache:       1.3G       666M
Swap:         8.0G         0B       8.0G

             total       used       free     shared    buffers     cached
Mem:          2.0G       1.6G       322M       1.4M        38M       290M
-/+ buffers/cache:       1.3G       651M
Swap:         8.0G         0B       8.0G

             total       used       free     shared    buffers     cached
Mem:          2.0G       1.7G       307M       1.4M        38M       290M
-/+ buffers/cache:       1.3G       636M
Swap:         8.0G         0B       8.0G

             total       used       free     shared    buffers     cached
Mem:          2.0G       1.7G       292M       1.4M        38M       290M
-/+ buffers/cache:       1.3G       621M
Swap:         8.0G         0B       8.0G

             total       used       free     shared    buffers     cached
Mem:          2.0G       1.7G       277M       1.4M        38M       290M
-/+ buffers/cache:       1.4G       606M
Swap:         8.0G         0B       8.0G

             total       used       free     shared    buffers     cached
Mem:          2.0G       1.7G       263M       1.4M        38M       290M
-/+ buffers/cache:       1.4G       592M
Swap:         8.0G         0B       8.0G

             total       used       free     shared    buffers     cached
Mem:          2.0G       1.7G       248M       1.4M        38M       290M
-/+ buffers/cache:       1.4G       577M
Swap:         8.0G         0B       8.0G

             total       used       free     shared    buffers     cached
Mem:          2.0G       1.7G       233M       1.4M        38M       290M
-/+ buffers/cache:       1.4G       562M
Swap:         8.0G         0B       8.0G

             total       used       free     shared    buffers     cached
Mem:          2.0G       1.7G       218M       1.4M        38M       290M
-/+ buffers/cache:       1.4G       547M
Swap:         8.0G         0B       8.0G

             total       used       free     shared    buffers     cached
Mem:          2.0G       1.8G       202M       1.4M        38M       290M
-/+ buffers/cache:       1.4G       531M
Swap:         8.0G         0B       8.0G

             total       used       free     shared    buffers     cached
Mem:          2.0G       1.8G       187M       1.4M        38M       290M
-/+ buffers/cache:       1.4G       516M
Swap:         8.0G         0B       8.0G

             total       used       free     shared    buffers     cached
Mem:          2.0G       1.8G       172M       1.4M        38M       290M
-/+ buffers/cache:       1.5G       502M
Swap:         8.0G         0B       8.0G

             total       used       free     shared    buffers     cached
Mem:          2.0G       1.8G       158M       1.4M        38M       290M
-/+ buffers/cache:       1.5G       487M
Swap:         8.0G         0B       8.0G

             total       used       free     shared    buffers     cached
Mem:          2.0G       1.8G       144M       1.4M        38M       290M
-/+ buffers/cache:       1.5G       473M
Swap:         8.0G         0B       8.0G

             total       used       free     shared    buffers     cached
Mem:          2.0G       1.8G       129M       1.4M        38M       290M
-/+ buffers/cache:       1.5G       459M
Swap:         8.0G         0B       8.0G

             total       used       free     shared    buffers     cached
Mem:          2.0G       1.8G       114M       1.4M        38M       290M
-/+ buffers/cache:       1.5G       444M
Swap:         8.0G         0B       8.0G

             total       used       free     shared    buffers     cached
Mem:          2.0G       1.9G       101M       1.4M        38M       290M
-/+ buffers/cache:       1.5G       430M
Swap:         8.0G         0B       8.0G

             total       used       free     shared    buffers     cached
Mem:          2.0G       1.9G        86M       1.4M        38M       290M
-/+ buffers/cache:       1.5G       415M
Swap:         8.0G         0B       8.0G

             total       used       free     shared    buffers     cached
Mem:          2.0G       1.9G        71M       1.4M        38M       290M
-/+ buffers/cache:       1.6G       401M
Swap:         8.0G         0B       8.0G

             total       used       free     shared    buffers     cached
Mem:          2.0G       1.9G        79M       1.4M        17M       289M
-/+ buffers/cache:       1.6G       386M
Swap:         8.0G         0B       8.0G

             total       used       free     shared    buffers     cached
Mem:          2.0G       1.9G        64M       1.4M        17M       289M
-/+ buffers/cache:       1.6G       371M
Swap:         8.0G         0B       8.0G

             total       used       free     shared    buffers     cached
Mem:          2.0G       1.9G        66M       1.4M        10M       279M
-/+ buffers/cache:       1.6G       357M
Swap:         8.0G         0B       8.0G

             total       used       free     shared    buffers     cached
Mem:          2.0G       1.9G        69M       1.4M       9.8M       263M
-/+ buffers/cache:       1.6G       342M
Swap:         8.0G        76K       8.0G

             total       used       free     shared    buffers     cached
Mem:          2.0G       1.9G        73M       1.2M       9.8M       244M
-/+ buffers/cache:       1.6G       328M
Swap:         8.0G       956K       8.0G

             total       used       free     shared    buffers     cached
Mem:          2.0G       1.9G        74M       1.1M       9.8M       232M
-/+ buffers/cache:       1.6G       316M
Swap:         8.0G       6.6M       8.0G

             total       used       free     shared    buffers     cached
Mem:          2.0G       1.9G        94M       1.0M       8.1M       206M
-/+ buffers/cache:       1.7G       308M
Swap:         8.0G        11M       8.0G

             total       used       free     shared    buffers     cached
Mem:          2.0G       1.9G        79M       1.0M       8.1M       206M
-/+ buffers/cache:       1.7G       293M
Swap:         8.0G        11M       8.0G

             total       used       free     shared    buffers     cached
Mem:          2.0G       1.9G        64M       1.0M       8.1M       206M
-/+ buffers/cache:       1.7G       278M
Swap:         8.0G        11M       8.0G

             total       used       free     shared    buffers     cached
Mem:          2.0G       1.9G        63M       1.0M       2.5M       198M
-/+ buffers/cache:       1.7G       264M
Swap:         8.0G        11M       8.0G

             total       used       free     shared    buffers     cached
Mem:          2.0G       1.9G        83M       1.0M       268K       166M
-/+ buffers/cache:       1.7G       250M
Swap:         8.0G        11M       8.0G

             total       used       free     shared    buffers     cached
Mem:          2.0G       1.9G        68M       1.0M       276K       166M
-/+ buffers/cache:       1.7G       234M
Swap:         8.0G        11M       8.0G

             total       used       free     shared    buffers     cached
Mem:          2.0G       1.9G        73M       1.0M       256K       146M
-/+ buffers/cache:       1.7G       219M
Swap:         8.0G        11M       8.0G

             total       used       free     shared    buffers     cached
Mem:          2.0G       1.9G        75M       1.0M       248K       129M
-/+ buffers/cache:       1.8G       204M
Swap:         8.0G        11M       8.0G

             total       used       free     shared    buffers     cached
Mem:          2.0G       1.9G        75M       1.0M        76K       113M
-/+ buffers/cache:       1.8G       189M
Swap:         8.0G        11M       8.0G

             total       used       free     shared    buffers     cached
Mem:          2.0G       1.9G        75M       1.0M        88K       100M
-/+ buffers/cache:       1.8G       176M
Swap:         8.0G        11M       8.0G

             total       used       free     shared    buffers     cached
Mem:          2.0G       1.9G        73M       1.0M        88K        88M
-/+ buffers/cache:       1.8G       162M
Swap:         8.0G        11M       8.0G

             total       used       free     shared    buffers     cached
Mem:          2.0G       1.9G        79M       1.0M        96K        68M
-/+ buffers/cache:       1.8G       148M
Swap:         8.0G        11M       8.0G

             total       used       free     shared    buffers     cached
Mem:          2.0G       1.9G        64M       1.0M        96K        68M
-/+ buffers/cache:       1.8G       133M
Swap:         8.0G        11M       8.0G

             total       used       free     shared    buffers     cached
Mem:          2.0G       1.9G        68M       1.0M       100K        50M
-/+ buffers/cache:       1.8G       119M
Swap:         8.0G        11M       8.0G

             total       used       free     shared    buffers     cached
Mem:          2.0G       1.9G        75M       1.0M       240K        29M
-/+ buffers/cache:       1.9G       105M
Swap:         8.0G        11M       8.0G

             total       used       free     shared    buffers     cached
Mem:          2.0G       1.9G        73M       1.0M       232K        17M
-/+ buffers/cache:       1.9G        91M
Swap:         8.0G        11M       8.0G

             total       used       free     shared    buffers     cached
Mem:          2.0G       1.9G        77M       1.0M       240K       4.5M
-/+ buffers/cache:       1.9G        82M
Swap:         8.0G        12M       8.0G

             total       used       free     shared    buffers     cached
Mem:          2.0G       1.9G        69M       992K       512K       4.0M
-/+ buffers/cache:       1.9G        73M
Swap:         8.0G        22M       8.0G

             total       used       free     shared    buffers     cached
Mem:          2.0G       1.9G        70M       692K       512K       3.1M
-/+ buffers/cache:       1.9G        73M
Swap:         8.0G        43M       8.0G

             total       used       free     shared    buffers     cached
Mem:          2.0G       1.9G        71M       692K       520K       2.8M
-/+ buffers/cache:       1.9G        74M
Swap:         8.0G        52M       7.9G

             total       used       free     shared    buffers     cached
Mem:          2.0G       1.9G        69M       692K       520K       2.6M
-/+ buffers/cache:       1.9G        72M
Swap:         8.0G        68M       7.9G

             total       used       free     shared    buffers     cached
Mem:          2.0G       1.9G        70M       684K       528K       2.6M
-/+ buffers/cache:       1.9G        73M
Swap:         8.0G        74M       7.9G

             total       used       free     shared    buffers     cached
Mem:          2.0G       1.9G        77M       644K       528K       2.2M
-/+ buffers/cache:       1.9G        80M
Swap:         8.0G       110M       7.9G

             total       used       free     shared    buffers     cached
Mem:          2.0G       1.9G        77M       644K       528K       2.2M
-/+ buffers/cache:       1.9G        79M
Swap:         8.0G       110M       7.9G

             total       used       free     shared    buffers     cached
Mem:          2.0G       1.9G        82M       644K       484K       2.0M
-/+ buffers/cache:       1.9G        85M
Swap:         8.0G       141M       7.9G

             total       used       free     shared    buffers     cached
Mem:          2.0G       1.9G        67M       640K       484K       2.0M
-/+ buffers/cache:       1.9G        70M
Swap:         8.0G       141M       7.9G

             total       used       free     shared    buffers     cached
Mem:          2.0G       1.9G        80M       576K       476K       1.9M
-/+ buffers/cache:       1.9G        82M
Swap:         8.0G       176M       7.8G

             total       used       free     shared    buffers     cached
Mem:          2.0G       1.9G        67M       572K       484K       1.9M
-/+ buffers/cache:       1.9G        70M
Swap:         8.0G       176M       7.8G

             total       used       free     shared    buffers     cached
Mem:          2.0G       1.9G        69M       572K       472K       1.9M
-/+ buffers/cache:       1.9G        71M
Swap:         8.0G       176M       7.8G

             total       used       free     shared    buffers     cached
Mem:          2.0G       1.9G        68M       564K       448K       1.9M
-/+ buffers/cache:       1.9G        71M
Swap:         8.0G       192M       7.8G

             total       used       free     shared    buffers     cached
Mem:          2.0G       1.9G        70M       564K       428K       2.0M
-/+ buffers/cache:       1.9G        72M
Swap:         8.0G       205M       7.8G

             total       used       free     shared    buffers     cached
Mem:          2.0G       1.9G        78M       564K       392K       2.0M
-/+ buffers/cache:       1.9G        81M
Swap:         8.0G       215M       7.8G

             total       used       free     shared    buffers     cached
Mem:          2.0G       1.9G        72M       560K       400K       2.0M
-/+ buffers/cache:       1.9G        74M
Swap:         8.0G       215M       7.8G

             total       used       free     shared    buffers     cached
Mem:          2.0G       1.9G        69M       560K       400K       2.0M
-/+ buffers/cache:       1.9G        71M
Swap:         8.0G       215M       7.8G

             total       used       free     shared    buffers     cached
Mem:          2.0G       1.9G        68M       560K       372K       2.0M
-/+ buffers/cache:       1.9G        70M
Swap:         8.0G       229M       7.8G

             total       used       free     shared    buffers     cached
Mem:          2.0G       1.9G        71M       556K       352K       2.0M
-/+ buffers/cache:       1.9G        73M
Swap:         8.0G       241M       7.8G

             total       used       free     shared    buffers     cached
Mem:          2.0G       1.9G        68M       532K       352K       1.9M
-/+ buffers/cache:       1.9G        71M
Swap:         8.0G       252M       7.8G

             total       used       free     shared    buffers     cached
Mem:          2.0G       1.8G       127M       532K       360K       1.9M
-/+ buffers/cache:       1.8G       129M
Swap:         8.0G       389M       7.6G

             total       used       free     shared    buffers     cached
Mem:          2.0G       1.8G       127M       532K       360K       1.9M
-/+ buffers/cache:       1.8G       129M
Swap:         8.0G       389M       7.6G

             total       used       free     shared    buffers     cached
Mem:          2.0G       1.8G       119M       532K       360K       1.9M
-/+ buffers/cache:       1.8G       122M
Swap:         8.0G       389M       7.6G

             total       used       free     shared    buffers     cached
Mem:          2.0G       1.8G       117M       532K       360K       1.9M
-/+ buffers/cache:       1.8G       119M
Swap:         8.0G       388M       7.6G

             total       used       free     shared    buffers     cached
Mem:          2.0G       1.8G       116M       532K       360K       1.9M
-/+ buffers/cache:       1.8G       118M
Swap:         8.0G       387M       7.6G

             total       used       free     shared    buffers     cached
Mem:          2.0G       1.8G       115M       532K       360K       1.9M
-/+ buffers/cache:       1.8G       117M
Swap:         8.0G       386M       7.6G

             total       used       free     shared    buffers     cached
Mem:          2.0G       1.8G       114M       532K       368K       1.9M
-/+ buffers/cache:       1.8G       116M
Swap:         8.0G       385M       7.6G

             total       used       free     shared    buffers     cached
Mem:          2.0G       1.8G       113M       532K       368K       1.9M
-/+ buffers/cache:       1.8G       115M
Swap:         8.0G       384M       7.6G

             total       used       free     shared    buffers     cached
Mem:          2.0G       1.8G       112M       532K       368K       1.9M
-/+ buffers/cache:       1.8G       114M
Swap:         8.0G       383M       7.6G

             total       used       free     shared    buffers     cached
Mem:          2.0G       1.9G        87M       532K       368K        20M
-/+ buffers/cache:       1.8G       107M
Swap:         8.0G       380M       7.6G

             total       used       free     shared    buffers     cached
Mem:          2.0G       1.9G        71M       532K       368K        24M
-/+ buffers/cache:       1.9G        96M
Swap:         8.0G       372M       7.6G

             total       used       free     shared    buffers     cached
Mem:          2.0G       1.9G        69M       532K       828K        24M
-/+ buffers/cache:       1.9G        95M
Swap:         8.0G       371M       7.6G

             total       used       free     shared    buffers     cached
Mem:          2.0G       1.9G        68M       532K       828K        24M
-/+ buffers/cache:       1.9G        93M
Swap:         8.0G       370M       7.6G

             total       used       free     shared    buffers     cached
Mem:          2.0G       1.9G        68M       532K       828K        24M
-/+ buffers/cache:       1.9G        93M
Swap:         8.0G       369M       7.6G

             total       used       free     shared    buffers     cached
Mem:          2.0G       1.9G        67M       532K       828K        24M
-/+ buffers/cache:       1.9G        92M
Swap:         8.0G       368M       7.6G

             total       used       free     shared    buffers     cached
Mem:          2.0G       1.9G        78M       532K       548K        20M
-/+ buffers/cache:       1.9G        99M
Swap:         8.0G       367M       7.6G

             total       used       free     shared    buffers     cached
Mem:          2.0G       1.9G        77M       532K       564K        20M
-/+ buffers/cache:       1.9G        98M
Swap:         8.0G       366M       7.6G

             total       used       free     shared    buffers     cached
Mem:          2.0G       1.9G        74M       532K       852K        21M
-/+ buffers/cache:       1.9G        96M
Swap:         8.0G       365M       7.6G

             total       used       free     shared    buffers     cached
Mem:          2.0G       1.9G        98M       532K       592K        28M
-/+ buffers/cache:       1.8G       127M
Swap:         8.0G       368M       7.6G

             total       used       free     shared    buffers     cached
Mem:          2.0G       1.9G        97M       536K       596K        29M
-/+ buffers/cache:       1.8G       126M
Swap:         8.0G       367M       7.6G

             total       used       free     shared    buffers     cached
Mem:          2.0G       1.9G        96M       536K       596K        28M
-/+ buffers/cache:       1.8G       125M
Swap:         8.0G       367M       7.6G

             total       used       free     shared    buffers     cached
Mem:          2.0G       1.9G        94M       536K       596K        28M
-/+ buffers/cache:       1.8G       124M
Swap:         8.0G       366M       7.6G

             total       used       free     shared    buffers     cached
Mem:          2.0G       1.9G        93M       536K       604K        29M
-/+ buffers/cache:       1.8G       123M
Swap:         8.0G       365M       7.6G

             total       used       free     shared    buffers     cached
Mem:          2.0G       1.9G        92M       536K       604K        29M
-/+ buffers/cache:       1.8G       122M
Swap:         8.0G       365M       7.6G

             total       used       free     shared    buffers     cached
Mem:          2.0G       1.9G        91M       536K       604K        29M
-/+ buffers/cache:       1.8G       121M
Swap:         8.0G       364M       7.6G

             total       used       free     shared    buffers     cached
Mem:          2.0G       1.9G        88M       536K       604K        30M
-/+ buffers/cache:       1.8G       119M
Swap:         8.0G       363M       7.6G

             total       used       free     shared    buffers     cached
Mem:          2.0G       1.9G        88M       536K       732K        30M
-/+ buffers/cache:       1.8G       119M
Swap:         8.0G       363M       7.6G

             total       used       free     shared    buffers     cached
Mem:          2.0G       1.9G        85M       536K       740K        31M
-/+ buffers/cache:       1.8G       117M
Swap:         8.0G       362M       7.6G

             total       used       free     shared    buffers     cached
Mem:          2.0G       1.9G        85M       536K       740K        31M
-/+ buffers/cache:       1.8G       117M
Swap:         8.0G       362M       7.6G

             total       used       free     shared    buffers     cached
Mem:          2.0G       1.9G        84M       536K       740K        31M
-/+ buffers/cache:       1.8G       116M
Swap:         8.0G       361M       7.6G

             total       used       free     shared    buffers     cached
Mem:          2.0G       1.9G        83M       536K       740K        31M
-/+ buffers/cache:       1.8G       116M
Swap:         8.0G       361M       7.6G

             total       used       free     shared    buffers     cached
Mem:          2.0G       1.9G        83M       536K       740K        31M
-/+ buffers/cache:       1.8G       115M
Swap:         8.0G       360M       7.6G

             total       used       free     shared    buffers     cached
Mem:          2.0G       1.9G        82M       536K       740K        31M
-/+ buffers/cache:       1.8G       114M
Swap:         8.0G       360M       7.6G

             total       used       free     shared    buffers     cached
Mem:          2.0G       1.9G        82M       536K       752K        31M
-/+ buffers/cache:       1.8G       114M
Swap:         8.0G       360M       7.6G

             total       used       free     shared    buffers     cached
Mem:          2.0G       1.9G        81M       536K       752K        31M
-/+ buffers/cache:       1.8G       113M
Swap:         8.0G       359M       7.6G

             total       used       free     shared    buffers     cached
Mem:          2.0G       1.9G        80M       536K       752K        31M
-/+ buffers/cache:       1.8G       113M
Swap:         8.0G       359M       7.6G

             total       used       free     shared    buffers     cached
Mem:          2.0G       1.9G        80M       536K       752K        31M
-/+ buffers/cache:       1.8G       112M
Swap:         8.0G       359M       7.6G

             total       used       free     shared    buffers     cached
Mem:          2.0G       1.9G        79M       536K       752K        31M
-/+ buffers/cache:       1.8G       112M
Swap:         8.0G       358M       7.6G

             total       used       free     shared    buffers     cached
Mem:          2.0G       1.9G        79M       536K       760K        31M
-/+ buffers/cache:       1.8G       111M
Swap:         8.0G       358M       7.6G

             total       used       free     shared    buffers     cached
Mem:          2.0G       1.9G        78M       536K       760K        31M
-/+ buffers/cache:       1.8G       110M
Swap:         8.0G       358M       7.6G

             total       used       free     shared    buffers     cached
Mem:          2.0G       1.9G        78M       536K       760K        31M
-/+ buffers/cache:       1.8G       110M
Swap:         8.0G       357M       7.6G

             total       used       free     shared    buffers     cached
Mem:          2.0G       1.9G        77M       536K       760K        31M
-/+ buffers/cache:       1.8G       109M
Swap:         8.0G       357M       7.6G

             total       used       free     shared    buffers     cached
Mem:          2.0G       1.9G        76M       536K       760K        31M
-/+ buffers/cache:       1.8G       109M
Swap:         8.0G       356M       7.6G

             total       used       free     shared    buffers     cached
Mem:          2.0G       1.9G        76M       536K       760K        31M
-/+ buffers/cache:       1.8G       108M
Swap:         8.0G       356M       7.6G

             total       used       free     shared    buffers     cached
Mem:          2.0G       1.9G        75M       536K       768K        31M
-/+ buffers/cache:       1.8G       108M
Swap:         8.0G       356M       7.6G

             total       used       free     shared    buffers     cached
Mem:          2.0G       1.9G        75M       536K       768K        31M
-/+ buffers/cache:       1.8G       107M
Swap:         8.0G       355M       7.6G

             total       used       free     shared    buffers     cached
Mem:          2.0G       1.9G        74M       536K       768K        31M
-/+ buffers/cache:       1.8G       106M
Swap:         8.0G       355M       7.6G

             total       used       free     shared    buffers     cached
Mem:          2.0G       1.9G        73M       536K       768K        31M
-/+ buffers/cache:       1.8G       106M
Swap:         8.0G       354M       7.7G

             total       used       free     shared    buffers     cached
Mem:          2.0G       1.9G        73M       536K       768K        31M
-/+ buffers/cache:       1.9G       105M
Swap:         8.0G       354M       7.7G

             total       used       free     shared    buffers     cached
Mem:          2.0G       1.9G        72M       536K       776K        31M
-/+ buffers/cache:       1.9G       105M
Swap:         8.0G       354M       7.7G

             total       used       free     shared    buffers     cached
Mem:          2.0G       1.9G        72M       536K       776K        31M
-/+ buffers/cache:       1.9G       104M
Swap:         8.0G       353M       7.7G

             total       used       free     shared    buffers     cached
Mem:          2.0G       1.9G        71M       536K       776K        31M
-/+ buffers/cache:       1.9G       103M
Swap:         8.0G       353M       7.7G

             total       used       free     shared    buffers     cached
Mem:          2.0G       1.9G        70M       536K       776K        31M
-/+ buffers/cache:       1.9G       103M
Swap:         8.0G       352M       7.7G

             total       used       free     shared    buffers     cached
Mem:          2.0G       1.9G        70M       536K       776K        31M
-/+ buffers/cache:       1.9G       102M
Swap:         8.0G       352M       7.7G

             total       used       free     shared    buffers     cached
Mem:          2.0G       1.9G        69M       536K       776K        31M
-/+ buffers/cache:       1.9G       102M
Swap:         8.0G       352M       7.7G

             total       used       free     shared    buffers     cached
Mem:          2.0G       1.9G        69M       536K       784K        31M
-/+ buffers/cache:       1.9G       101M
Swap:         8.0G       351M       7.7G

             total       used       free     shared    buffers     cached
Mem:          2.0G       1.9G        68M       536K       784K        31M
-/+ buffers/cache:       1.9G       101M
Swap:         8.0G       351M       7.7G

             total       used       free     shared    buffers     cached
Mem:          2.0G       1.9G        68M       536K       784K        31M
-/+ buffers/cache:       1.9G       100M
Swap:         8.0G       350M       7.7G

             total       used       free     shared    buffers     cached
Mem:          2.0G       1.9G        67M       536K       784K        31M
-/+ buffers/cache:       1.9G        99M
Swap:         8.0G       350M       7.7G

             total       used       free     shared    buffers     cached
Mem:          2.0G       1.9G        66M       536K       784K        31M
-/+ buffers/cache:       1.9G        99M
Swap:         8.0G       350M       7.7G

             total       used       free     shared    buffers     cached
Mem:          2.0G       1.9G        84M       536K       792K        29M
-/+ buffers/cache:       1.8G       115M
Swap:         8.0G       369M       7.6G

             total       used       free     shared    buffers     cached
Mem:          2.0G       1.9G        84M       536K       792K        29M
-/+ buffers/cache:       1.8G       114M
Swap:         8.0G       369M       7.6G

             total       used       free     shared    buffers     cached
Mem:          2.0G       1.9G        83M       536K       792K        29M
-/+ buffers/cache:       1.8G       113M
Swap:         8.0G       368M       7.6G

             total       used       free     shared    buffers     cached
Mem:          2.0G       1.9G        82M       536K       792K        29M
-/+ buffers/cache:       1.8G       113M
Swap:         8.0G       368M       7.6G

             total       used       free     shared    buffers     cached
Mem:          2.0G       1.9G        82M       536K       792K        29M
-/+ buffers/cache:       1.8G       112M
Swap:         8.0G       368M       7.6G

             total       used       free     shared    buffers     cached
Mem:          2.0G       1.9G        81M       536K       792K        29M
-/+ buffers/cache:       1.8G       112M
Swap:         8.0G       367M       7.6G

             total       used       free     shared    buffers     cached
Mem:          2.0G       1.9G        80M       536K       800K        29M
-/+ buffers/cache:       1.8G       111M
Swap:         8.0G       367M       7.6G

             total       used       free     shared    buffers     cached
Mem:          2.0G       1.9G        80M       536K       800K        29M
-/+ buffers/cache:       1.8G       110M
Swap:         8.0G       366M       7.6G

             total       used       free     shared    buffers     cached
Mem:          2.0G       1.9G        79M       536K       800K        29M
-/+ buffers/cache:       1.8G       110M
Swap:         8.0G       366M       7.6G

             total       used       free     shared    buffers     cached
Mem:          2.0G       1.9G        76M       536K       800K        31M
-/+ buffers/cache:       1.8G       109M
Swap:         8.0G       365M       7.6G

             total       used       free     shared    buffers     cached
Mem:          2.0G       1.9G        76M       536K       800K        31M
-/+ buffers/cache:       1.8G       108M
Swap:         8.0G       365M       7.6G

             total       used       free     shared    buffers     cached
Mem:          2.0G       1.9G        71M       536K       2.0M        34M
-/+ buffers/cache:       1.8G       107M
Swap:         8.0G       364M       7.6G

             total       used       free     shared    buffers     cached
Mem:          2.0G       1.9G        70M       540K       2.0M        34M
-/+ buffers/cache:       1.8G       106M
Swap:         8.0G       364M       7.6G

             total       used       free     shared    buffers     cached
Mem:          2.0G       1.9G        69M       540K       2.0M        34M
-/+ buffers/cache:       1.8G       106M
Swap:         8.0G       364M       7.6G

             total       used       free     shared    buffers     cached
Mem:          2.0G       1.9G        69M       540K       2.0M        34M
-/+ buffers/cache:       1.9G       105M
Swap:         8.0G       363M       7.6G

             total       used       free     shared    buffers     cached
Mem:          2.0G       1.9G        68M       540K       2.0M        34M
-/+ buffers/cache:       1.9G       104M
Swap:         8.0G       363M       7.6G

             total       used       free     shared    buffers     cached
Mem:          2.0G       1.9G        68M       540K       2.0M        34M
-/+ buffers/cache:       1.9G       104M
Swap:         8.0G       362M       7.6G

             total       used       free     shared    buffers     cached
Mem:          2.0G       1.9G        67M       540K       2.0M        34M
-/+ buffers/cache:       1.9G       103M
Swap:         8.0G       362M       7.6G

             total       used       free     shared    buffers     cached
Mem:          2.0G       1.9G        67M       540K       2.0M        34M
-/+ buffers/cache:       1.9G       103M
Swap:         8.0G       361M       7.6G

             total       used       free     shared    buffers     cached
Mem:          2.0G       1.9G        80M       540K       2.0M        32M
-/+ buffers/cache:       1.8G       115M
Swap:         8.0G       369M       7.6G

             total       used       free     shared    buffers     cached
Mem:          2.0G       1.9G        79M       540K       2.0M        32M
-/+ buffers/cache:       1.8G       114M
Swap:         8.0G       369M       7.6G

             total       used       free     shared    buffers     cached
Mem:          2.0G       1.9G        78M       540K       2.0M        32M
-/+ buffers/cache:       1.8G       113M
Swap:         8.0G       368M       7.6G

             total       used       free     shared    buffers     cached
Mem:          2.0G       1.9G        78M       540K       2.0M        32M
-/+ buffers/cache:       1.8G       113M
Swap:         8.0G       368M       7.6G

             total       used       free     shared    buffers     cached
Mem:          2.0G       1.9G        76M       540K       2.0M        33M
-/+ buffers/cache:       1.8G       112M
Swap:         8.0G       367M       7.6G

             total       used       free     shared    buffers     cached
Mem:          2.0G       1.9G        75M       544K       2.0M        33M
-/+ buffers/cache:       1.8G       111M
Swap:         8.0G       367M       7.6G

             total       used       free     shared    buffers     cached
Mem:          2.0G       1.9G        75M       544K       2.0M        33M
-/+ buffers/cache:       1.8G       111M
Swap:         8.0G       366M       7.6G

             total       used       free     shared    buffers     cached
Mem:          2.0G       1.9G        68M       544K       2.0M        34M
-/+ buffers/cache:       1.8G       105M
Swap:         8.0G       364M       7.6G

             total       used       free     shared    buffers     cached
Mem:          2.0G       1.9G        68M       544K       2.0M        34M
-/+ buffers/cache:       1.9G       105M
Swap:         8.0G       363M       7.6G

             total       used       free     shared    buffers     cached
Mem:          2.0G       1.9G        78M       544K       1.5M        33M
-/+ buffers/cache:       1.8G       113M
Swap:         8.0G       376M       7.6G

             total       used       free     shared    buffers     cached
Mem:          2.0G       1.9G        78M       544K       1.5M        33M
-/+ buffers/cache:       1.8G       113M
Swap:         8.0G       376M       7.6G

             total       used       free     shared    buffers     cached
Mem:          2.0G       1.9G        77M       544K       1.5M        33M
-/+ buffers/cache:       1.8G       112M
Swap:         8.0G       376M       7.6G

             total       used       free     shared    buffers     cached
Mem:          2.0G       1.9G        77M       544K       1.5M        33M
-/+ buffers/cache:       1.8G       112M
Swap:         8.0G       376M       7.6G

             total       used       free     shared    buffers     cached
Mem:          2.0G       1.9G        76M       544K       1.5M        33M
-/+ buffers/cache:       1.8G       111M
Swap:         8.0G       375M       7.6G

             total       used       free     shared    buffers     cached
Mem:          2.0G       1.9G        76M       544K       1.5M        33M
-/+ buffers/cache:       1.8G       111M
Swap:         8.0G       375M       7.6G

             total       used       free     shared    buffers     cached
Mem:          2.0G       1.9G        75M       544K       1.5M        33M
-/+ buffers/cache:       1.8G       111M
Swap:         8.0G       375M       7.6G

             total       used       free     shared    buffers     cached
Mem:          2.0G       1.9G        75M       544K       1.5M        33M
-/+ buffers/cache:       1.8G       110M
Swap:         8.0G       375M       7.6G

             total       used       free     shared    buffers     cached
Mem:          2.0G       1.9G        74M       544K       1.5M        33M
-/+ buffers/cache:       1.8G       110M
Swap:         8.0G       374M       7.6G

             total       used       free     shared    buffers     cached
Mem:          2.0G       1.9G        74M       544K       1.5M        33M
-/+ buffers/cache:       1.8G       109M
Swap:         8.0G       374M       7.6G

             total       used       free     shared    buffers     cached
Mem:          2.0G       1.9G        74M       544K       1.5M        33M
-/+ buffers/cache:       1.8G       109M
Swap:         8.0G       374M       7.6G

             total       used       free     shared    buffers     cached
Mem:          2.0G       1.9G        85M       4.3M       2.7M        50M
-/+ buffers/cache:       1.8G       138M
Swap:         8.0G       421M       7.6G

             total       used       free     shared    buffers     cached
Mem:          2.0G       1.9G        75M       4.3M       4.6M        64M
-/+ buffers/cache:       1.8G       145M
Swap:         8.0G       429M       7.6G

             total       used       free     shared    buffers     cached
Mem:          2.0G       1.9G        93M       632K       4.0M        58M
-/+ buffers/cache:       1.8G       155M
Swap:         8.0G       459M       7.5G

             total       used       free     shared    buffers     cached
Mem:          2.0G       1.9G        92M       644K       4.0M        58M
-/+ buffers/cache:       1.8G       154M
Swap:         8.0G       458M       7.5G

             total       used       free     shared    buffers     cached
Mem:          2.0G       1.9G        90M       644K       4.0M        58M
-/+ buffers/cache:       1.8G       153M
Swap:         8.0G       458M       7.5G

             total       used       free     shared    buffers     cached
Mem:          2.0G       1.9G        90M       644K       4.0M        58M
-/+ buffers/cache:       1.8G       153M
Swap:         8.0G       458M       7.5G

             total       used       free     shared    buffers     cached
Mem:          2.0G       1.9G        89M       644K       4.0M        58M
-/+ buffers/cache:       1.8G       152M
Swap:         8.0G       457M       7.5G

             total       used       free     shared    buffers     cached
Mem:          2.0G       1.9G        88M       644K       4.0M        58M
-/+ buffers/cache:       1.8G       151M
Swap:         8.0G       457M       7.6G

             total       used       free     shared    buffers     cached
Mem:          2.0G       1.9G        86M       644K       4.2M        59M
-/+ buffers/cache:       1.8G       149M
Swap:         8.0G       456M       7.6G

             total       used       free     shared    buffers     cached
Mem:          2.0G       1.9G        85M       644K       4.2M        59M
-/+ buffers/cache:       1.8G       148M
Swap:         8.0G       456M       7.6G

             total       used       free     shared    buffers     cached
Mem:          2.0G       1.9G        84M       644K       4.2M        59M
-/+ buffers/cache:       1.8G       147M
Swap:         8.0G       455M       7.6G

             total       used       free     shared    buffers     cached
Mem:          2.0G       1.9G        83M       644K       4.2M        59M
-/+ buffers/cache:       1.8G       147M
Swap:         8.0G       455M       7.6G

             total       used       free     shared    buffers     cached
Mem:          2.0G       1.9G        82M       644K       4.2M        59M
-/+ buffers/cache:       1.8G       145M
Swap:         8.0G       454M       7.6G

             total       used       free     shared    buffers     cached
Mem:          2.0G       1.9G        81M       644K       4.2M        59M
-/+ buffers/cache:       1.8G       144M
Swap:         8.0G       454M       7.6G

             total       used       free     shared    buffers     cached
Mem:          2.0G       1.9G        80M       644K       4.2M        59M
-/+ buffers/cache:       1.8G       143M
Swap:         8.0G       453M       7.6G

             total       used       free     shared    buffers     cached
Mem:          2.0G       1.9G        79M       644K       4.2M        59M
-/+ buffers/cache:       1.8G       142M
Swap:         8.0G       453M       7.6G

             total       used       free     shared    buffers     cached
Mem:          2.0G       1.9G        78M       644K       4.2M        59M
-/+ buffers/cache:       1.8G       142M
Swap:         8.0G       452M       7.6G

             total       used       free     shared    buffers     cached
Mem:          2.0G       1.9G        77M       644K       4.2M        59M
-/+ buffers/cache:       1.8G       140M
Swap:         8.0G       452M       7.6G

             total       used       free     shared    buffers     cached
Mem:          2.0G       1.9G        76M       644K       4.2M        59M
-/+ buffers/cache:       1.8G       139M
Swap:         8.0G       451M       7.6G

             total       used       free     shared    buffers     cached
Mem:          2.0G       1.9G        75M       644K       4.2M        59M
-/+ buffers/cache:       1.8G       139M
Swap:         8.0G       451M       7.6G

             total       used       free     shared    buffers     cached
Mem:          2.0G       1.9G        74M       644K       4.2M        59M
-/+ buffers/cache:       1.8G       138M
Swap:         8.0G       450M       7.6G

             total       used       free     shared    buffers     cached
Mem:          2.0G       1.9G        73M       644K       4.2M        59M
-/+ buffers/cache:       1.8G       136M
Swap:         8.0G       449M       7.6G

             total       used       free     shared    buffers     cached
Mem:          2.0G       1.9G        72M       644K       4.2M        59M
-/+ buffers/cache:       1.8G       135M
Swap:         8.0G       449M       7.6G

             total       used       free     shared    buffers     cached
Mem:          2.0G       1.9G        71M       644K       4.2M        59M
-/+ buffers/cache:       1.8G       134M
Swap:         8.0G       448M       7.6G

             total       used       free     shared    buffers     cached
Mem:          2.0G       1.9G        70M       644K       4.2M        59M
-/+ buffers/cache:       1.8G       133M
Swap:         8.0G       448M       7.6G

             total       used       free     shared    buffers     cached
Mem:          2.0G       1.9G        69M       644K       4.2M        59M
-/+ buffers/cache:       1.8G       133M
Swap:         8.0G       447M       7.6G

             total       used       free     shared    buffers     cached
Mem:          2.0G       1.9G        68M       644K       4.2M        59M
-/+ buffers/cache:       1.8G       131M
Swap:         8.0G       447M       7.6G

             total       used       free     shared    buffers     cached
Mem:          2.0G       1.9G        67M       644K       4.2M        59M
-/+ buffers/cache:       1.8G       130M
Swap:         8.0G       446M       7.6G

             total       used       free     shared    buffers     cached
Mem:          2.0G       1.9G        82M       644K       4.2M        59M
-/+ buffers/cache:       1.8G       146M
Swap:         8.0G       446M       7.6G

             total       used       free     shared    buffers     cached
Mem:          2.0G       1.9G        81M       644K       4.2M        59M
-/+ buffers/cache:       1.8G       145M
Swap:         8.0G       445M       7.6G

             total       used       free     shared    buffers     cached
Mem:          2.0G       1.9G        80M       644K       4.2M        59M
-/+ buffers/cache:       1.8G       144M
Swap:         8.0G       445M       7.6G

             total       used       free     shared    buffers     cached
Mem:          2.0G       1.9G        79M       644K       4.2M        59M
-/+ buffers/cache:       1.8G       143M
Swap:         8.0G       444M       7.6G

             total       used       free     shared    buffers     cached
Mem:          2.0G       1.9G        78M       644K       4.2M        59M
-/+ buffers/cache:       1.8G       142M
Swap:         8.0G       444M       7.6G

             total       used       free     shared    buffers     cached
Mem:          2.0G       1.9G        77M       644K       4.2M        59M
-/+ buffers/cache:       1.8G       141M
Swap:         8.0G       443M       7.6G

             total       used       free     shared    buffers     cached
Mem:          2.0G       1.9G        76M       644K       4.2M        59M
-/+ buffers/cache:       1.8G       140M
Swap:         8.0G       443M       7.6G

             total       used       free     shared    buffers     cached
Mem:          2.0G       1.9G        75M       644K       4.2M        59M
-/+ buffers/cache:       1.8G       139M
Swap:         8.0G       442M       7.6G

             total       used       free     shared    buffers     cached
Mem:          2.0G       1.9G        74M       644K       4.2M        59M
-/+ buffers/cache:       1.8G       138M
Swap:         8.0G       442M       7.6G

             total       used       free     shared    buffers     cached
Mem:          2.0G       1.9G        73M       644K       4.2M        59M
-/+ buffers/cache:       1.8G       137M
Swap:         8.0G       441M       7.6G

             total       used       free     shared    buffers     cached
Mem:          2.0G       1.9G        72M       644K       4.2M        59M
-/+ buffers/cache:       1.8G       136M
Swap:         8.0G       441M       7.6G

             total       used       free     shared    buffers     cached
Mem:          2.0G       1.9G        71M       644K       4.2M        59M
-/+ buffers/cache:       1.8G       135M
Swap:         8.0G       440M       7.6G

             total       used       free     shared    buffers     cached
Mem:          2.0G       1.9G        70M       644K       4.2M        59M
-/+ buffers/cache:       1.8G       134M
Swap:         8.0G       439M       7.6G

             total       used       free     shared    buffers     cached
Mem:          2.0G       1.9G        69M       644K       4.2M        59M
-/+ buffers/cache:       1.8G       133M
Swap:         8.0G       439M       7.6G

             total       used       free     shared    buffers     cached
Mem:          2.0G       1.9G        82M       660K       5.4M        62M
-/+ buffers/cache:       1.8G       149M
Swap:         8.0G       461M       7.5G

             total       used       free     shared    buffers     cached
Mem:          2.0G       1.9G        77M       684K       5.9M        64M
-/+ buffers/cache:       1.8G       148M
Swap:         8.0G       460M       7.5G
