             total       used       free     shared    buffers     cached
Mem:          992M       657M       335M       3.2M        38M       289M
-/+ buffers/cache:       329M       662M
Swap:         8.0G         0B       8.0G

             total       used       free     shared    buffers     cached
Mem:          992M       656M       336M       1.4M        38M       287M
-/+ buffers/cache:       329M       662M
Swap:         8.0G         0B       8.0G

             total       used       free     shared    buffers     cached
Mem:          992M       655M       336M       1.4M        38M       287M
-/+ buffers/cache:       329M       662M
Swap:         8.0G         0B       8.0G

             total       used       free     shared    buffers     cached
Mem:          992M       655M       336M       1.4M        38M       287M
-/+ buffers/cache:       329M       662M
Swap:         8.0G         0B       8.0G

             total       used       free     shared    buffers     cached
Mem:          992M       655M       336M       1.4M        38M       287M
-/+ buffers/cache:       329M       662M
Swap:         8.0G         0B       8.0G

             total       used       free     shared    buffers     cached
Mem:          992M       655M       336M       1.4M        38M       287M
-/+ buffers/cache:       329M       662M
Swap:         8.0G         0B       8.0G

             total       used       free     shared    buffers     cached
Mem:          992M       655M       336M       1.4M        38M       287M
-/+ buffers/cache:       329M       662M
Swap:         8.0G         0B       8.0G

             total       used       free     shared    buffers     cached
Mem:          992M       655M       337M       1.4M        38M       288M
-/+ buffers/cache:       328M       663M
Swap:         8.0G         0B       8.0G

             total       used       free     shared    buffers     cached
Mem:          992M       655M       337M       1.4M        38M       288M
-/+ buffers/cache:       328M       663M
Swap:         8.0G         0B       8.0G

             total       used       free     shared    buffers     cached
Mem:          992M       658M       333M       1.4M        38M       288M
-/+ buffers/cache:       331M       660M
Swap:         8.0G         0B       8.0G

             total       used       free     shared    buffers     cached
Mem:          992M       683M       308M       1.4M        38M       288M
-/+ buffers/cache:       357M       635M
Swap:         8.0G         0B       8.0G

             total       used       free     shared    buffers     cached
Mem:          992M       664M       327M       1.4M        38M       289M
-/+ buffers/cache:       336M       655M
Swap:         8.0G         0B       8.0G

             total       used       free     shared    buffers     cached
Mem:          992M       664M       327M       1.4M        38M       289M
-/+ buffers/cache:       336M       655M
Swap:         8.0G         0B       8.0G

             total       used       free     shared    buffers     cached
Mem:          992M       664M       327M       1.4M        38M       289M
-/+ buffers/cache:       336M       655M
Swap:         8.0G         0B       8.0G

             total       used       free     shared    buffers     cached
Mem:          992M       664M       327M       1.4M        38M       289M
-/+ buffers/cache:       336M       655M
Swap:         8.0G         0B       8.0G

             total       used       free     shared    buffers     cached
Mem:          992M       664M       327M       1.4M        38M       289M
-/+ buffers/cache:       336M       655M
Swap:         8.0G         0B       8.0G

             total       used       free     shared    buffers     cached
Mem:          992M       664M       327M       1.4M        38M       289M
-/+ buffers/cache:       336M       655M
Swap:         8.0G         0B       8.0G

             total       used       free     shared    buffers     cached
Mem:          992M       664M       327M       1.4M        38M       289M
-/+ buffers/cache:       336M       655M
Swap:         8.0G         0B       8.0G

             total       used       free     shared    buffers     cached
Mem:          992M       664M       327M       1.4M        38M       289M
-/+ buffers/cache:       336M       655M
Swap:         8.0G         0B       8.0G

             total       used       free     shared    buffers     cached
Mem:          992M       664M       327M       1.4M        38M       289M
-/+ buffers/cache:       336M       655M
Swap:         8.0G         0B       8.0G

             total       used       free     shared    buffers     cached
Mem:          992M       664M       327M       1.4M        38M       289M
-/+ buffers/cache:       336M       655M
Swap:         8.0G         0B       8.0G

             total       used       free     shared    buffers     cached
Mem:          992M       665M       327M       1.4M        38M       289M
-/+ buffers/cache:       336M       655M
Swap:         8.0G         0B       8.0G

             total       used       free     shared    buffers     cached
Mem:          992M       665M       327M       1.4M        38M       289M
-/+ buffers/cache:       336M       655M
Swap:         8.0G         0B       8.0G

             total       used       free     shared    buffers     cached
Mem:          992M       665M       326M       1.4M        38M       289M
-/+ buffers/cache:       336M       655M
Swap:         8.0G         0B       8.0G

             total       used       free     shared    buffers     cached
Mem:          992M       665M       327M       1.4M        38M       289M
-/+ buffers/cache:       336M       655M
Swap:         8.0G         0B       8.0G

             total       used       free     shared    buffers     cached
Mem:          992M       665M       327M       1.4M        38M       289M
-/+ buffers/cache:       336M       655M
Swap:         8.0G         0B       8.0G

             total       used       free     shared    buffers     cached
Mem:          992M       665M       327M       1.4M        38M       289M
-/+ buffers/cache:       336M       655M
Swap:         8.0G         0B       8.0G

             total       used       free     shared    buffers     cached
Mem:          992M       665M       327M       1.4M        38M       289M
-/+ buffers/cache:       336M       655M
Swap:         8.0G         0B       8.0G

             total       used       free     shared    buffers     cached
Mem:          992M       665M       327M       1.4M        38M       289M
-/+ buffers/cache:       336M       655M
Swap:         8.0G         0B       8.0G

             total       used       free     shared    buffers     cached
Mem:          992M       665M       327M       1.4M        38M       289M
-/+ buffers/cache:       336M       655M
Swap:         8.0G         0B       8.0G

             total       used       free     shared    buffers     cached
Mem:          992M       665M       327M       1.4M        38M       289M
-/+ buffers/cache:       336M       655M
Swap:         8.0G         0B       8.0G

             total       used       free     shared    buffers     cached
Mem:          992M       665M       327M       1.4M        38M       289M
-/+ buffers/cache:       336M       655M
Swap:         8.0G         0B       8.0G

             total       used       free     shared    buffers     cached
Mem:          992M       665M       327M       1.4M        38M       289M
-/+ buffers/cache:       336M       655M
Swap:         8.0G         0B       8.0G

             total       used       free     shared    buffers     cached
Mem:          992M       673M       318M       1.4M        38M       289M
-/+ buffers/cache:       345M       647M
Swap:         8.0G         0B       8.0G

             total       used       free     shared    buffers     cached
Mem:          992M       695M       296M       1.4M        38M       289M
-/+ buffers/cache:       367M       625M
Swap:         8.0G         0B       8.0G

             total       used       free     shared    buffers     cached
Mem:          992M       712M       279M       1.4M        38M       289M
-/+ buffers/cache:       384M       608M
Swap:         8.0G         0B       8.0G

             total       used       free     shared    buffers     cached
Mem:          992M       730M       261M       1.4M        38M       289M
-/+ buffers/cache:       402M       590M
Swap:         8.0G         0B       8.0G

             total       used       free     shared    buffers     cached
Mem:          992M       749M       242M       1.4M        38M       289M
-/+ buffers/cache:       421M       571M
Swap:         8.0G         0B       8.0G

             total       used       free     shared    buffers     cached
Mem:          992M       765M       226M       1.4M        38M       289M
-/+ buffers/cache:       437M       555M
Swap:         8.0G         0B       8.0G

             total       used       free     shared    buffers     cached
Mem:          992M       782M       210M       1.4M        38M       289M
-/+ buffers/cache:       453M       538M
Swap:         8.0G         0B       8.0G

             total       used       free     shared    buffers     cached
Mem:          992M       800M       192M       1.4M        38M       289M
-/+ buffers/cache:       471M       520M
Swap:         8.0G         0B       8.0G

             total       used       free     shared    buffers     cached
Mem:          992M       819M       173M       1.4M        38M       289M
-/+ buffers/cache:       490M       501M
Swap:         8.0G         0B       8.0G

             total       used       free     shared    buffers     cached
Mem:          992M       837M       154M       1.4M        38M       289M
-/+ buffers/cache:       508M       483M
Swap:         8.0G         0B       8.0G

             total       used       free     shared    buffers     cached
Mem:          992M       857M       134M       1.4M        38M       289M
-/+ buffers/cache:       528M       463M
Swap:         8.0G         0B       8.0G

             total       used       free     shared    buffers     cached
Mem:          992M       876M       115M       1.4M        38M       289M
-/+ buffers/cache:       547M       444M
Swap:         8.0G         0B       8.0G

             total       used       free     shared    buffers     cached
Mem:          992M       891M       100M       1.4M        38M       289M
-/+ buffers/cache:       562M       429M
Swap:         8.0G         0B       8.0G

             total       used       free     shared    buffers     cached
Mem:          992M       911M        80M       1.4M        38M       289M
-/+ buffers/cache:       583M       409M
Swap:         8.0G         0B       8.0G

             total       used       free     shared    buffers     cached
Mem:          992M       931M        60M       1.4M        38M       289M
-/+ buffers/cache:       602M       389M
Swap:         8.0G         0B       8.0G

             total       used       free     shared    buffers     cached
Mem:          992M       922M        69M       1.4M        13M       288M
-/+ buffers/cache:       620M       371M
Swap:         8.0G         0B       8.0G

             total       used       free     shared    buffers     cached
Mem:          992M       922M        70M       1.4M        10M       274M
-/+ buffers/cache:       637M       354M
Swap:         8.0G         0B       8.0G

             total       used       free     shared    buffers     cached
Mem:          992M       930M        61M       1.3M         9M       265M
-/+ buffers/cache:       655M       337M
Swap:         8.0G       104K       8.0G

             total       used       free     shared    buffers     cached
Mem:          992M       929M        62M       1.3M       9.6M       246M
-/+ buffers/cache:       672M       319M
Swap:         8.0G       1.0M       8.0G

             total       used       free     shared    buffers     cached
Mem:          992M       929M        63M       1.1M       9.6M       232M
-/+ buffers/cache:       686M       305M
Swap:         8.0G       5.9M       8.0G

             total       used       free     shared    buffers     cached
Mem:          992M       918M        73M       1.1M       9.6M       208M
-/+ buffers/cache:       699M       292M
Swap:         8.0G        10M       8.0G

             total       used       free     shared    buffers     cached
Mem:          992M       922M        69M       1.1M       3.0M       202M
-/+ buffers/cache:       717M       275M
Swap:         8.0G        10M       8.0G

             total       used       free     shared    buffers     cached
Mem:          992M       921M        70M       1.1M       1.3M       186M
-/+ buffers/cache:       733M       258M
Swap:         8.0G        10M       8.0G

             total       used       free     shared    buffers     cached
Mem:          992M       918M        74M       1.1M       224K       165M
-/+ buffers/cache:       752M       240M
Swap:         8.0G        10M       8.0G

             total       used       free     shared    buffers     cached
Mem:          992M       917M        75M       1.1M       196K       146M
-/+ buffers/cache:       770M       221M
Swap:         8.0G        10M       8.0G

             total       used       free     shared    buffers     cached
Mem:          992M       925M        66M       1.1M       208K       146M
-/+ buffers/cache:       779M       212M
Swap:         8.0G        10M       8.0G

             total       used       free     shared    buffers     cached
Mem:          992M       928M        63M       1.1M       108K       128M
-/+ buffers/cache:       799M       192M
Swap:         8.0G        10M       8.0G

             total       used       free     shared    buffers     cached
Mem:          992M       929M        63M       1.1M        84K       113M
-/+ buffers/cache:       815M       176M
Swap:         8.0G        10M       8.0G

             total       used       free     shared    buffers     cached
Mem:          992M       921M        70M       1.1M        92K        88M
-/+ buffers/cache:       833M       158M
Swap:         8.0G        10M       8.0G

             total       used       free     shared    buffers     cached
Mem:          992M       918M        73M       1.1M       304K        69M
-/+ buffers/cache:       848M       143M
Swap:         8.0G        10M       8.0G

             total       used       free     shared    buffers     cached
Mem:          992M       916M        75M       1.1M       576K        50M
-/+ buffers/cache:       865M       126M
Swap:         8.0G        10M       8.0G

             total       used       free     shared    buffers     cached
Mem:          992M       910M        81M       1.1M       716K        27M
-/+ buffers/cache:       882M       109M
Swap:         8.0G        10M       8.0G

             total       used       free     shared    buffers     cached
Mem:          992M       915M        76M       1.1M       720K        14M
-/+ buffers/cache:       901M        91M
Swap:         8.0G        10M       8.0G

             total       used       free     shared    buffers     cached
Mem:          992M       914M        77M       1.0M       720K       4.3M
-/+ buffers/cache:       909M        82M
Swap:         8.0G        26M       8.0G

             total       used       free     shared    buffers     cached
Mem:          992M       916M        75M       768K       500K       2.9M
-/+ buffers/cache:       912M        79M
Swap:         8.0G        47M       8.0G

             total       used       free     shared    buffers     cached
Mem:          992M       918M        73M       736K        96K       2.8M
-/+ buffers/cache:       916M        76M
Swap:         8.0G        47M       8.0G

             total       used       free     shared    buffers     cached
Mem:          992M       925M        66M       676K       2.4M        16M
-/+ buffers/cache:       906M        85M
Swap:         8.0G        79M       7.9G

             total       used       free     shared    buffers     cached
Mem:          992M       914M        77M       660K       1.5M        15M
-/+ buffers/cache:       897M        94M
Swap:         8.0G       117M       7.9G

             total       used       free     shared    buffers     cached
Mem:          992M       926M        66M       660K       100K        25M
-/+ buffers/cache:       900M        91M
Swap:         8.0G       126M       7.9G

             total       used       free     shared    buffers     cached
Mem:          992M       910M        81M       608K       556K        20M
-/+ buffers/cache:       889M       103M
Swap:         8.0G       153M       7.8G

             total       used       free     shared    buffers     cached
Mem:          992M       924M        67M       612K       556K        21M
-/+ buffers/cache:       903M        89M
Swap:         8.0G       153M       7.8G

             total       used       free     shared    buffers     cached
Mem:          992M       912M        79M       612K        84K       5.1M
-/+ buffers/cache:       907M        84M
Swap:         8.0G       158M       7.8G

             total       used       free     shared    buffers     cached
Mem:          992M       905M        86M       588K       368K       2.6M
-/+ buffers/cache:       902M        89M
Swap:         8.0G       217M       7.8G

             total       used       free     shared    buffers     cached
Mem:          992M       923M        68M       564K       368K       2.7M
-/+ buffers/cache:       920M        71M
Swap:         8.0G       217M       7.8G

             total       used       free     shared    buffers     cached
Mem:          992M       922M        69M       564K       368K       2.9M
-/+ buffers/cache:       919M        72M
Swap:         8.0G       217M       7.8G

             total       used       free     shared    buffers     cached
Mem:          992M       916M        75M       564K       376K       2.7M
-/+ buffers/cache:       913M        78M
Swap:         8.0G       217M       7.8G

             total       used       free     shared    buffers     cached
Mem:          992M       904M        88M       540K       324K       2.6M
-/+ buffers/cache:       901M        91M
Swap:         8.0G       252M       7.8G

             total       used       free     shared    buffers     cached
Mem:          992M       913M        78M       540K       324K       2.6M
-/+ buffers/cache:       910M        81M
Swap:         8.0G       252M       7.8G

             total       used       free     shared    buffers     cached
Mem:          992M       923M        68M       540K       324K       2.6M
-/+ buffers/cache:       920M        71M
Swap:         8.0G       252M       7.8G

             total       used       free     shared    buffers     cached
Mem:          992M       909M        82M       532K       224K       2.3M
-/+ buffers/cache:       906M        85M
Swap:         8.0G       276M       7.7G

             total       used       free     shared    buffers     cached
Mem:          992M       912M        80M       532K       232K       2.3M
-/+ buffers/cache:       909M        82M
Swap:         8.0G       276M       7.7G

             total       used       free     shared    buffers     cached
Mem:          992M       918M        73M       532K       232K       2.6M
-/+ buffers/cache:       916M        76M
Swap:         8.0G       276M       7.7G

             total       used       free     shared    buffers     cached
Mem:          992M       913M        78M       532K       220K       2.5M
-/+ buffers/cache:       911M        81M
Swap:         8.0G       277M       7.7G

             total       used       free     shared    buffers     cached
Mem:          992M       919M        72M       532K       220K       2.5M
-/+ buffers/cache:       916M        75M
Swap:         8.0G       277M       7.7G

             total       used       free     shared    buffers     cached
Mem:          992M       924M        67M       532K       220K       2.5M
-/+ buffers/cache:       921M        70M
Swap:         8.0G       277M       7.7G

             total       used       free     shared    buffers     cached
Mem:          992M       916M        75M       532K       228K       2.5M
-/+ buffers/cache:       914M        78M
Swap:         8.0G       297M       7.7G

             total       used       free     shared    buffers     cached
Mem:          992M       921M        70M       532K       228K       2.5M
-/+ buffers/cache:       919M        73M
Swap:         8.0G       297M       7.7G

             total       used       free     shared    buffers     cached
Mem:          992M       910M        82M       532K       132K       2.4M
-/+ buffers/cache:       907M        84M
Swap:         8.0G       312M       7.7G

             total       used       free     shared    buffers     cached
Mem:          992M       915M        76M       532K       132K       2.4M
-/+ buffers/cache:       912M        79M
Swap:         8.0G       312M       7.7G

             total       used       free     shared    buffers     cached
Mem:          992M       919M        72M       532K       132K       2.4M
-/+ buffers/cache:       916M        75M
Swap:         8.0G       312M       7.7G

             total       used       free     shared    buffers     cached
Mem:          992M       924M        67M       532K       132K       2.4M
-/+ buffers/cache:       921M        70M
Swap:         8.0G       312M       7.7G

             total       used       free     shared    buffers     cached
Mem:          992M       914M        77M       532K        76K       2.5M
-/+ buffers/cache:       911M        80M
Swap:         8.0G       329M       7.7G

             total       used       free     shared    buffers     cached
Mem:          992M       918M        73M       532K        76K       2.4M
-/+ buffers/cache:       916M        76M
Swap:         8.0G       329M       7.7G

             total       used       free     shared    buffers     cached
Mem:          992M       922M        69M       532K        76K       2.5M
-/+ buffers/cache:       920M        71M
Swap:         8.0G       329M       7.7G

             total       used       free     shared    buffers     cached
Mem:          992M       915M        76M       260K        76K       2.2M
-/+ buffers/cache:       912M        79M
Swap:         8.0G       337M       7.7G

             total       used       free     shared    buffers     cached
Mem:          992M       918M        73M       260K        76K       2.2M
-/+ buffers/cache:       916M        76M
Swap:         8.0G       337M       7.7G

             total       used       free     shared    buffers     cached
Mem:          992M       922M        69M       260K        84K       2.2M
-/+ buffers/cache:       920M        71M
Swap:         8.0G       337M       7.7G

             total       used       free     shared    buffers     cached
Mem:          992M       913M        78M         4K        84K       1.8M
-/+ buffers/cache:       911M        80M
Swap:         8.0G       345M       7.7G

             total       used       free     shared    buffers     cached
Mem:          992M       915M        76M         4K        84K       1.7M
-/+ buffers/cache:       913M        78M
Swap:         8.0G       334M       7.7G

             total       used       free     shared    buffers     cached
Mem:          992M       916M        75M         4K        84K       1.6M
-/+ buffers/cache:       915M        76M
Swap:         8.0G       329M       7.7G

             total       used       free     shared    buffers     cached
Mem:          992M       920M        71M         0B        76K       1.4M
-/+ buffers/cache:       919M        72M
Swap:         8.0G       331M       7.7G

             total       used       free     shared    buffers     cached
Mem:          992M       917M        75M         0B        84K       1.3M
-/+ buffers/cache:       915M        76M
Swap:         8.0G       331M       7.7G

             total       used       free     shared    buffers     cached
Mem:          992M       917M        74M         0B        84K       1.5M
-/+ buffers/cache:       915M        76M
Swap:         8.0G       331M       7.7G

             total       used       free     shared    buffers     cached
Mem:          992M       912M        79M         0B        84K       1.4M
-/+ buffers/cache:       910M        81M
Swap:         8.0G       333M       7.7G

             total       used       free     shared    buffers     cached
Mem:          992M       912M        79M         0B        80K       1.4M
-/+ buffers/cache:       911M        80M
Swap:         8.0G       337M       7.7G

             total       used       free     shared    buffers     cached
Mem:          992M       914M        77M         0B        80K       1.4M
-/+ buffers/cache:       913M        79M
Swap:         8.0G       330M       7.7G

             total       used       free     shared    buffers     cached
Mem:          992M       914M        77M         0B        80K       1.4M
-/+ buffers/cache:       913M        79M
Swap:         8.0G       330M       7.7G

             total       used       free     shared    buffers     cached
Mem:          992M       914M        77M         0B        84K       1.6M
-/+ buffers/cache:       913M        79M
Swap:         8.0G       330M       7.7G

             total       used       free     shared    buffers     cached
Mem:          992M       917M        74M        52K       220K        21M
-/+ buffers/cache:       896M        95M
Swap:         8.0G       353M       7.7G

             total       used       free     shared    buffers     cached
Mem:          992M       917M        74M        52K       100K       9.6M
-/+ buffers/cache:       907M        84M
Swap:         8.0G       344M       7.7G

             total       used       free     shared    buffers     cached
Mem:          992M       925M        67M        40K       100K        11M
-/+ buffers/cache:       913M        78M
Swap:         8.0G       339M       7.7G

             total       used       free     shared    buffers     cached
Mem:          992M       910M        82M        40K       100K       8.4M
-/+ buffers/cache:       901M        90M
Swap:         8.0G       358M       7.6G

             total       used       free     shared    buffers     cached
Mem:          992M       920M        71M        40K       400K       8.5M
-/+ buffers/cache:       911M        80M
Swap:         8.0G       348M       7.7G

             total       used       free     shared    buffers     cached
Mem:          992M       913M        78M        40K       400K       8.4M
-/+ buffers/cache:       904M        87M
Swap:         8.0G       352M       7.7G

             total       used       free     shared    buffers     cached
Mem:          992M       910M        81M        40K       344K       7.5M
-/+ buffers/cache:       902M        89M
Swap:         8.0G       361M       7.6G

             total       used       free     shared    buffers     cached
Mem:          992M       923M        68M        40K       344K       7.5M
-/+ buffers/cache:       915M        76M
Swap:         8.0G       347M       7.7G

             total       used       free     shared    buffers     cached
Mem:          992M       915M        77M        40K       344K       2.9M
-/+ buffers/cache:       911M        80M
Swap:         8.0G       345M       7.7G

             total       used       free     shared    buffers     cached
Mem:          992M       919M        73M        40K        96K       2.6M
-/+ buffers/cache:       916M        75M
Swap:         8.0G       349M       7.7G

             total       used       free     shared    buffers     cached
Mem:          992M       920M        71M        40K       228K       3.0M
-/+ buffers/cache:       917M        74M
Swap:         8.0G       349M       7.7G

             total       used       free     shared    buffers     cached
Mem:          992M       913M        78M        40K       228K       2.5M
-/+ buffers/cache:       911M        81M
Swap:         8.0G       355M       7.6G

             total       used       free     shared    buffers     cached
Mem:          992M       915M        77M        40K        88K       9.4M
-/+ buffers/cache:       905M        86M
Swap:         8.0G       370M       7.6G

             total       used       free     shared    buffers     cached
Mem:          992M       914M        77M        40K        80K        17M
-/+ buffers/cache:       896M        95M
Swap:         8.0G       369M       7.6G

             total       used       free     shared    buffers     cached
Mem:          992M       913M        78M        40K       436K       5.3M
-/+ buffers/cache:       907M        84M
Swap:         8.0G       362M       7.6G

             total       used       free     shared    buffers     cached
Mem:          992M       914M        78M        40K       436K       5.6M
-/+ buffers/cache:       908M        84M
Swap:         8.0G       361M       7.6G

             total       used       free     shared    buffers     cached
Mem:          992M       919M        72M        40K       728K       6.2M
-/+ buffers/cache:       912M        79M
Swap:         8.0G       353M       7.7G

             total       used       free     shared    buffers     cached
Mem:          992M       924M        68M        40K       728K       6.2M
-/+ buffers/cache:       917M        75M
Swap:         8.0G       352M       7.7G

             total       used       free     shared    buffers     cached
Mem:          992M       910M        81M        40K       328K       3.0M
-/+ buffers/cache:       907M        85M
Swap:         8.0G       372M       7.6G

             total       used       free     shared    buffers     cached
Mem:          992M       915M        76M        40K       328K       3.0M
-/+ buffers/cache:       912M        80M
Swap:         8.0G       372M       7.6G

             total       used       free     shared    buffers     cached
Mem:          992M       919M        72M        40K       336K       3.0M
-/+ buffers/cache:       916M        75M
Swap:         8.0G       372M       7.6G

             total       used       free     shared    buffers     cached
Mem:          992M       908M        83M        40K       336K       2.5M
-/+ buffers/cache:       906M        86M
Swap:         8.0G       378M       7.6G

             total       used       free     shared    buffers     cached
Mem:          992M       914M        77M        40K       336K       2.8M
-/+ buffers/cache:       911M        80M
Swap:         8.0G       378M       7.6G

             total       used       free     shared    buffers     cached
Mem:          992M       918M        73M        40K       336K       2.7M
-/+ buffers/cache:       915M        76M
Swap:         8.0G       378M       7.6G

             total       used       free     shared    buffers     cached
Mem:          992M       924M        67M        40K       336K       2.7M
-/+ buffers/cache:       921M        70M
Swap:         8.0G       378M       7.6G

             total       used       free     shared    buffers     cached
Mem:          992M       902M        89M        40K       208K       1.9M
-/+ buffers/cache:       900M        91M
Swap:         8.0G       409M       7.6G

             total       used       free     shared    buffers     cached
Mem:          992M       906M        85M        40K       208K       1.9M
-/+ buffers/cache:       904M        87M
Swap:         8.0G       409M       7.6G

             total       used       free     shared    buffers     cached
Mem:          992M       909M        82M        40K       208K       1.9M
-/+ buffers/cache:       907M        84M
Swap:         8.0G       409M       7.6G

             total       used       free     shared    buffers     cached
Mem:          992M       911M        80M        40K       208K       1.9M
-/+ buffers/cache:       909M        82M
Swap:         8.0G       408M       7.6G

             total       used       free     shared    buffers     cached
Mem:          992M       913M        78M        40K       208K       1.9M
-/+ buffers/cache:       911M        80M
Swap:         8.0G       407M       7.6G

             total       used       free     shared    buffers     cached
Mem:          992M       914M        77M        40K       216K       1.9M
-/+ buffers/cache:       912M        79M
Swap:         8.0G       407M       7.6G

             total       used       free     shared    buffers     cached
Mem:          992M       916M        75M        40K       216K       1.9M
-/+ buffers/cache:       914M        77M
Swap:         8.0G       406M       7.6G

             total       used       free     shared    buffers     cached
Mem:          992M       918M        73M        40K       216K       1.9M
-/+ buffers/cache:       916M        75M
Swap:         8.0G       405M       7.6G

             total       used       free     shared    buffers     cached
Mem:          992M       920M        71M        40K       216K       1.9M
-/+ buffers/cache:       918M        73M
Swap:         8.0G       404M       7.6G

             total       used       free     shared    buffers     cached
Mem:          992M       922M        69M        40K       216K       1.9M
-/+ buffers/cache:       920M        71M
Swap:         8.0G       403M       7.6G

             total       used       free     shared    buffers     cached
Mem:          992M       924M        67M        40K       224K       1.9M
-/+ buffers/cache:       922M        69M
Swap:         8.0G       402M       7.6G

             total       used       free     shared    buffers     cached
Mem:          992M       912M        79M        40K       224K       1.9M
-/+ buffers/cache:       910M        82M
Swap:         8.0G       412M       7.6G

             total       used       free     shared    buffers     cached
Mem:          992M       914M        77M        40K       224K       1.9M
-/+ buffers/cache:       912M        79M
Swap:         8.0G       411M       7.6G

             total       used       free     shared    buffers     cached
Mem:          992M       916M        75M        40K       224K       1.9M
-/+ buffers/cache:       914M        77M
Swap:         8.0G       410M       7.6G

             total       used       free     shared    buffers     cached
Mem:          992M       918M        73M        40K       224K       1.9M
-/+ buffers/cache:       916M        75M
Swap:         8.0G       409M       7.6G

             total       used       free     shared    buffers     cached
Mem:          992M       920M        71M        40K       228K       1.9M
-/+ buffers/cache:       918M        73M
Swap:         8.0G       408M       7.6G

             total       used       free     shared    buffers     cached
Mem:          992M       922M        69M        40K       236K       1.9M
-/+ buffers/cache:       920M        71M
Swap:         8.0G       407M       7.6G

             total       used       free     shared    buffers     cached
Mem:          992M       924M        67M        40K       236K       1.9M
-/+ buffers/cache:       922M        70M
Swap:         8.0G       406M       7.6G

             total       used       free     shared    buffers     cached
Mem:          992M       913M        78M        40K       236K       1.8M
-/+ buffers/cache:       911M        80M
Swap:         8.0G       423M       7.6G

             total       used       free     shared    buffers     cached
Mem:          992M       916M        76M        40K       236K       1.9M
-/+ buffers/cache:       913M        78M
Swap:         8.0G       422M       7.6G

             total       used       free     shared    buffers     cached
Mem:          992M       917M        74M        40K       236K       1.8M
-/+ buffers/cache:       915M        76M
Swap:         8.0G       421M       7.6G

             total       used       free     shared    buffers     cached
Mem:          992M       919M        72M        40K       244K       1.9M
-/+ buffers/cache:       917M        74M
Swap:         8.0G       420M       7.6G

             total       used       free     shared    buffers     cached
Mem:          992M       921M        70M        40K       244K       1.9M
-/+ buffers/cache:       919M        72M
Swap:         8.0G       419M       7.6G

             total       used       free     shared    buffers     cached
Mem:          992M       923M        68M        40K       244K       1.9M
-/+ buffers/cache:       921M        70M
Swap:         8.0G       418M       7.6G

             total       used       free     shared    buffers     cached
Mem:          992M       913M        78M        40K       244K       1.9M
-/+ buffers/cache:       911M        80M
Swap:         8.0G       420M       7.6G

             total       used       free     shared    buffers     cached
Mem:          992M       915M        76M        40K       244K       1.9M
-/+ buffers/cache:       913M        78M
Swap:         8.0G       419M       7.6G

             total       used       free     shared    buffers     cached
Mem:          992M       917M        74M        40K       252K       1.9M
-/+ buffers/cache:       915M        76M
Swap:         8.0G       418M       7.6G

             total       used       free     shared    buffers     cached
Mem:          992M       919M        72M        40K       252K       1.8M
-/+ buffers/cache:       917M        74M
Swap:         8.0G       417M       7.6G

             total       used       free     shared    buffers     cached
Mem:          992M       921M        70M        40K       252K       1.9M
-/+ buffers/cache:       919M        72M
Swap:         8.0G       416M       7.6G

             total       used       free     shared    buffers     cached
Mem:          992M       924M        68M        40K       252K       1.9M
-/+ buffers/cache:       922M        70M
Swap:         8.0G       415M       7.6G

             total       used       free     shared    buffers     cached
Mem:          992M       913M        78M        40K       252K       1.8M
-/+ buffers/cache:       911M        80M
Swap:         8.0G       435M       7.6G

             total       used       free     shared    buffers     cached
Mem:          992M       915M        76M        40K       252K       1.8M
-/+ buffers/cache:       913M        78M
Swap:         8.0G       434M       7.6G

             total       used       free     shared    buffers     cached
Mem:          992M       917M        74M        40K       260K       1.8M
-/+ buffers/cache:       915M        76M
Swap:         8.0G       434M       7.6G

             total       used       free     shared    buffers     cached
Mem:          992M       919M        72M        40K       260K       1.8M
-/+ buffers/cache:       917M        74M
Swap:         8.0G       433M       7.6G

             total       used       free     shared    buffers     cached
Mem:          992M       921M        70M        40K       260K       1.8M
-/+ buffers/cache:       919M        72M
Swap:         8.0G       432M       7.6G

             total       used       free     shared    buffers     cached
Mem:          992M       924M        68M        40K       260K       1.8M
-/+ buffers/cache:       921M        70M
Swap:         8.0G       431M       7.6G

             total       used       free     shared    buffers     cached
Mem:          992M       908M        83M        40K       260K       1.8M
-/+ buffers/cache:       906M        85M
Swap:         8.0G       438M       7.6G

             total       used       free     shared    buffers     cached
Mem:          992M       911M        80M        40K       268K       1.8M
-/+ buffers/cache:       909M        82M
Swap:         8.0G       437M       7.6G

             total       used       free     shared    buffers     cached
Mem:          992M       913M        78M        40K       268K       1.8M
-/+ buffers/cache:       911M        80M
Swap:         8.0G       437M       7.6G

             total       used       free     shared    buffers     cached
Mem:          992M       915M        76M        40K       268K       1.7M
-/+ buffers/cache:       913M        78M
Swap:         8.0G       436M       7.6G

             total       used       free     shared    buffers     cached
Mem:          992M       917M        74M        40K       268K       1.8M
-/+ buffers/cache:       915M        76M
Swap:         8.0G       435M       7.6G

             total       used       free     shared    buffers     cached
Mem:          992M       920M        72M        40K       268K       1.8M
-/+ buffers/cache:       918M        74M
Swap:         8.0G       433M       7.6G

             total       used       free     shared    buffers     cached
Mem:          992M       922M        69M        40K       276K       1.8M
-/+ buffers/cache:       920M        71M
Swap:         8.0G       433M       7.6G

             total       used       free     shared    buffers     cached
Mem:          992M       924M        67M        40K       276K       1.8M
-/+ buffers/cache:       922M        69M
Swap:         8.0G       432M       7.6G

             total       used       free     shared    buffers     cached
Mem:          992M       911M        80M        40K       564K       2.5M
-/+ buffers/cache:       908M        83M
Swap:         8.0G       452M       7.6G

             total       used       free     shared    buffers     cached
Mem:          992M       904M        87M        40K       688K        26M
-/+ buffers/cache:       877M       114M
Swap:         8.0G       478M       7.5G

             total       used       free     shared    buffers     cached
Mem:          992M       907M        85M        40K       688K        26M
-/+ buffers/cache:       879M       112M
Swap:         8.0G       477M       7.5G

             total       used       free     shared    buffers     cached
Mem:          992M       914M        77M        40K       704K        31M
-/+ buffers/cache:       881M       110M
Swap:         8.0G       476M       7.5G

             total       used       free     shared    buffers     cached
Mem:          992M       916M        76M        40K       712K        31M
-/+ buffers/cache:       883M       108M
Swap:         8.0G       475M       7.5G

             total       used       free     shared    buffers     cached
Mem:          992M       918M        73M        40K       1.0M        31M
-/+ buffers/cache:       885M       106M
Swap:         8.0G       474M       7.5G

             total       used       free     shared    buffers     cached
Mem:          992M       920M        71M        40K       1.0M        31M
-/+ buffers/cache:       887M       104M
Swap:         8.0G       473M       7.5G

             total       used       free     shared    buffers     cached
Mem:          992M       922M        69M        40K       1.0M        31M
-/+ buffers/cache:       889M       102M
Swap:         8.0G       472M       7.5G

             total       used       free     shared    buffers     cached
Mem:          992M       924M        67M        40K       1.0M        31M
-/+ buffers/cache:       891M       100M
Swap:         8.0G       471M       7.5G

             total       used       free     shared    buffers     cached
Mem:          992M       912M        79M        40K       508K        29M
-/+ buffers/cache:       882M       109M
Swap:         8.0G       486M       7.5G

             total       used       free     shared    buffers     cached
Mem:          992M       914M        77M        40K       508K        29M
-/+ buffers/cache:       884M       107M
Swap:         8.0G       485M       7.5G

             total       used       free     shared    buffers     cached
Mem:          992M       917M        75M        40K       512K        29M
-/+ buffers/cache:       887M       105M
Swap:         8.0G       484M       7.5G

             total       used       free     shared    buffers     cached
Mem:          992M       919M        72M        40K       512K        29M
-/+ buffers/cache:       889M       102M
Swap:         8.0G       483M       7.5G

             total       used       free     shared    buffers     cached
Mem:          992M       921M        70M        40K       512K        29M
-/+ buffers/cache:       891M       100M
Swap:         8.0G       482M       7.5G

             total       used       free     shared    buffers     cached
Mem:          992M       924M        68M        40K       512K        29M
-/+ buffers/cache:       893M        98M
Swap:         8.0G       481M       7.5G

             total       used       free     shared    buffers     cached
Mem:          992M       913M        79M        40K       520K        29M
-/+ buffers/cache:       883M       109M
Swap:         8.0G       483M       7.5G

             total       used       free     shared    buffers     cached
Mem:          992M       915M        77M        40K       520K        29M
-/+ buffers/cache:       885M       106M
Swap:         8.0G       482M       7.5G

             total       used       free     shared    buffers     cached
Mem:          992M       917M        74M        40K       520K        29M
-/+ buffers/cache:       887M       104M
Swap:         8.0G       481M       7.5G

             total       used       free     shared    buffers     cached
Mem:          992M       919M        72M        40K       520K        29M
-/+ buffers/cache:       889M       102M
Swap:         8.0G       480M       7.5G

             total       used       free     shared    buffers     cached
Mem:          992M       922M        70M        40K       520K        29M
-/+ buffers/cache:       892M       100M
Swap:         8.0G       479M       7.5G

             total       used       free     shared    buffers     cached
Mem:          992M       924M        68M        40K       528K        29M
-/+ buffers/cache:       894M        97M
Swap:         8.0G       478M       7.5G

             total       used       free     shared    buffers     cached
Mem:          992M       905M        86M        40K       528K        27M
-/+ buffers/cache:       877M       114M
Swap:         8.0G       503M       7.5G

             total       used       free     shared    buffers     cached
Mem:          992M       908M        84M        40K       528K        27M
-/+ buffers/cache:       879M       112M
Swap:         8.0G       502M       7.5G

             total       used       free     shared    buffers     cached
Mem:          992M       910M        82M        40K       528K        27M
-/+ buffers/cache:       881M       110M
Swap:         8.0G       501M       7.5G

             total       used       free     shared    buffers     cached
Mem:          992M       912M        79M        40K       528K        27M
-/+ buffers/cache:       884M       107M
Swap:         8.0G       500M       7.5G

             total       used       free     shared    buffers     cached
Mem:          992M       914M        77M        40K       528K        27M
-/+ buffers/cache:       886M       105M
Swap:         8.0G       499M       7.5G

             total       used       free     shared    buffers     cached
Mem:          992M       916M        75M        40K       536K        27M
-/+ buffers/cache:       888M       103M
Swap:         8.0G       498M       7.5G

             total       used       free     shared    buffers     cached
Mem:          992M       918M        73M        40K       536K        27M
-/+ buffers/cache:       890M       101M
Swap:         8.0G       497M       7.5G

             total       used       free     shared    buffers     cached
Mem:          992M       920M        71M        40K       536K        27M
-/+ buffers/cache:       892M        99M
Swap:         8.0G       496M       7.5G

             total       used       free     shared    buffers     cached
Mem:          992M       922M        69M        40K       536K        27M
-/+ buffers/cache:       894M        97M
Swap:         8.0G       495M       7.5G

             total       used       free     shared    buffers     cached
Mem:          992M       924M        67M        40K       536K        27M
-/+ buffers/cache:       896M        95M
Swap:         8.0G       494M       7.5G

             total       used       free     shared    buffers     cached
Mem:          992M       914M        77M        40K       544K        27M
-/+ buffers/cache:       886M       105M
Swap:         8.0G       493M       7.5G

             total       used       free     shared    buffers     cached
Mem:          992M       916M        75M        40K       544K        27M
-/+ buffers/cache:       889M       103M
Swap:         8.0G       492M       7.5G

             total       used       free     shared    buffers     cached
Mem:          992M       919M        72M        40K       544K        27M
-/+ buffers/cache:       891M       100M
Swap:         8.0G       491M       7.5G

             total       used       free     shared    buffers     cached
Mem:          992M       921M        70M        40K       544K        27M
-/+ buffers/cache:       893M        98M
Swap:         8.0G       490M       7.5G

             total       used       free     shared    buffers     cached
Mem:          992M       923M        68M        40K       544K        27M
-/+ buffers/cache:       895M        96M
Swap:         8.0G       489M       7.5G

             total       used       free     shared    buffers     cached
Mem:          992M       911M        80M        40K       544K        26M
-/+ buffers/cache:       884M       107M
Swap:         8.0G       506M       7.5G

             total       used       free     shared    buffers     cached
Mem:          992M       913M        79M        40K       552K        26M
-/+ buffers/cache:       885M       106M
Swap:         8.0G       505M       7.5G

             total       used       free     shared    buffers     cached
Mem:          992M       915M        76M        40K       552K        26M
-/+ buffers/cache:       888M       103M
Swap:         8.0G       504M       7.5G

             total       used       free     shared    buffers     cached
Mem:          992M       917M        74M        40K       552K        26M
-/+ buffers/cache:       890M       101M
Swap:         8.0G       503M       7.5G

             total       used       free     shared    buffers     cached
Mem:          992M       919M        72M        40K       552K        26M
-/+ buffers/cache:       892M        99M
Swap:         8.0G       502M       7.5G

             total       used       free     shared    buffers     cached
Mem:          992M       921M        70M        40K       552K        26M
-/+ buffers/cache:       894M        97M
Swap:         8.0G       501M       7.5G

             total       used       free     shared    buffers     cached
Mem:          992M       923M        68M        40K       560K        26M
-/+ buffers/cache:       896M        95M
Swap:         8.0G       500M       7.5G

             total       used       free     shared    buffers     cached
Mem:          992M       904M        87M        40K       560K        23M
-/+ buffers/cache:       880M       112M
Swap:         8.0G       511M       7.5G

             total       used       free     shared    buffers     cached
Mem:          992M       906M        86M        40K       560K        23M
-/+ buffers/cache:       881M       110M
Swap:         8.0G       510M       7.5G

             total       used       free     shared    buffers     cached
Mem:          992M       908M        83M        40K       560K        23M
-/+ buffers/cache:       883M       108M
Swap:         8.0G       509M       7.5G

             total       used       free     shared    buffers     cached
Mem:          992M       910M        81M        40K       560K        23M
-/+ buffers/cache:       886M       106M
Swap:         8.0G       507M       7.5G

             total       used       free     shared    buffers     cached
Mem:          992M       912M        80M        40K       560K        23M
-/+ buffers/cache:       887M       104M
Swap:         8.0G       506M       7.5G

             total       used       free     shared    buffers     cached
Mem:          992M       913M        78M        40K       568K        23M
-/+ buffers/cache:       889M       102M
Swap:         8.0G       505M       7.5G

             total       used       free     shared    buffers     cached
Mem:          992M       915M        76M        40K       568K        23M
-/+ buffers/cache:       891M       100M
Swap:         8.0G       504M       7.5G

             total       used       free     shared    buffers     cached
Mem:          992M       915M        76M        40K       1.8M        17M
-/+ buffers/cache:       896M        95M
Swap:         8.0G       503M       7.5G

             total       used       free     shared    buffers     cached
Mem:          992M       912M        80M        92K       5.6M        24M
-/+ buffers/cache:       881M       110M
Swap:         8.0G       525M       7.5G

             total       used       free     shared    buffers     cached
Mem:          992M       917M        74M        64K       5.9M        25M
-/+ buffers/cache:       885M       106M
Swap:         8.0G       525M       7.5G
