             total       used       free     shared    buffers     cached
Mem:          2.0G       665M       1.3G       3.2M        38M       289M
-/+ buffers/cache:       336M       1.6G
Swap:         8.0G         0B       8.0G

             total       used       free     shared    buffers     cached
Mem:          2.0G       664M       1.3G       3.2M        38M       289M
-/+ buffers/cache:       336M       1.6G
Swap:         8.0G         0B       8.0G

             total       used       free     shared    buffers     cached
Mem:          2.0G       664M       1.3G       3.2M        38M       289M
-/+ buffers/cache:       336M       1.6G
Swap:         8.0G         0B       8.0G

             total       used       free     shared    buffers     cached
Mem:          2.0G       664M       1.3G       3.2M        38M       289M
-/+ buffers/cache:       336M       1.6G
Swap:         8.0G         0B       8.0G

             total       used       free     shared    buffers     cached
Mem:          2.0G       664M       1.3G       3.2M        38M       289M
-/+ buffers/cache:       336M       1.6G
Swap:         8.0G         0B       8.0G

             total       used       free     shared    buffers     cached
Mem:          2.0G       664M       1.3G       3.2M        38M       289M
-/+ buffers/cache:       336M       1.6G
Swap:         8.0G         0B       8.0G

             total       used       free     shared    buffers     cached
Mem:          2.0G       664M       1.3G       3.2M        38M       289M
-/+ buffers/cache:       336M       1.6G
Swap:         8.0G         0B       8.0G

             total       used       free     shared    buffers     cached
Mem:          2.0G       664M       1.3G       3.2M        38M       289M
-/+ buffers/cache:       335M       1.6G
Swap:         8.0G         0B       8.0G

             total       used       free     shared    buffers     cached
Mem:          2.0G       664M       1.3G       3.2M        38M       290M
-/+ buffers/cache:       335M       1.6G
Swap:         8.0G         0B       8.0G

             total       used       free     shared    buffers     cached
Mem:          2.0G       664M       1.3G       3.2M        38M       290M
-/+ buffers/cache:       335M       1.6G
Swap:         8.0G         0B       8.0G

             total       used       free     shared    buffers     cached
Mem:          2.0G       667M       1.3G       3.2M        38M       290M
-/+ buffers/cache:       338M       1.6G
Swap:         8.0G         0B       8.0G

             total       used       free     shared    buffers     cached
Mem:          2.0G       682M       1.3G       3.2M        38M       290M
-/+ buffers/cache:       353M       1.6G
Swap:         8.0G         0B       8.0G

             total       used       free     shared    buffers     cached
Mem:          2.0G       709M       1.3G       3.2M        38M       290M
-/+ buffers/cache:       379M       1.6G
Swap:         8.0G         0B       8.0G

             total       used       free     shared    buffers     cached
Mem:          2.0G       673M       1.3G       3.2M        38M       291M
-/+ buffers/cache:       343M       1.6G
Swap:         8.0G         0B       8.0G

             total       used       free     shared    buffers     cached
Mem:          2.0G       681M       1.3G       3.2M        38M       291M
-/+ buffers/cache:       350M       1.6G
Swap:         8.0G         0B       8.0G

             total       used       free     shared    buffers     cached
Mem:          2.0G       674M       1.3G       3.2M        38M       291M
-/+ buffers/cache:       343M       1.6G
Swap:         8.0G         0B       8.0G

             total       used       free     shared    buffers     cached
Mem:          2.0G       674M       1.3G       3.2M        38M       291M
-/+ buffers/cache:       343M       1.6G
Swap:         8.0G         0B       8.0G

             total       used       free     shared    buffers     cached
Mem:          2.0G       674M       1.3G       3.2M        38M       291M
-/+ buffers/cache:       343M       1.6G
Swap:         8.0G         0B       8.0G

             total       used       free     shared    buffers     cached
Mem:          2.0G       674M       1.3G       3.2M        38M       291M
-/+ buffers/cache:       343M       1.6G
Swap:         8.0G         0B       8.0G

             total       used       free     shared    buffers     cached
Mem:          2.0G       674M       1.3G       3.2M        38M       291M
-/+ buffers/cache:       343M       1.6G
Swap:         8.0G         0B       8.0G

             total       used       free     shared    buffers     cached
Mem:          2.0G       674M       1.3G       3.2M        38M       291M
-/+ buffers/cache:       343M       1.6G
Swap:         8.0G         0B       8.0G

             total       used       free     shared    buffers     cached
Mem:          2.0G       674M       1.3G       3.2M        38M       291M
-/+ buffers/cache:       343M       1.6G
Swap:         8.0G         0B       8.0G

             total       used       free     shared    buffers     cached
Mem:          2.0G       674M       1.3G       3.2M        38M       291M
-/+ buffers/cache:       343M       1.6G
Swap:         8.0G         0B       8.0G

             total       used       free     shared    buffers     cached
Mem:          2.0G       674M       1.3G       3.2M        38M       291M
-/+ buffers/cache:       343M       1.6G
Swap:         8.0G         0B       8.0G

             total       used       free     shared    buffers     cached
Mem:          2.0G       674M       1.3G       3.2M        38M       291M
-/+ buffers/cache:       343M       1.6G
Swap:         8.0G         0B       8.0G

             total       used       free     shared    buffers     cached
Mem:          2.0G       674M       1.3G       3.2M        38M       291M
-/+ buffers/cache:       343M       1.6G
Swap:         8.0G         0B       8.0G

             total       used       free     shared    buffers     cached
Mem:          2.0G       674M       1.3G       3.2M        38M       291M
-/+ buffers/cache:       343M       1.6G
Swap:         8.0G         0B       8.0G

             total       used       free     shared    buffers     cached
Mem:          2.0G       674M       1.3G       3.2M        38M       291M
-/+ buffers/cache:       343M       1.6G
Swap:         8.0G         0B       8.0G

             total       used       free     shared    buffers     cached
Mem:          2.0G       674M       1.3G       3.2M        38M       291M
-/+ buffers/cache:       343M       1.6G
Swap:         8.0G         0B       8.0G

             total       used       free     shared    buffers     cached
Mem:          2.0G       674M       1.3G       3.2M        38M       291M
-/+ buffers/cache:       343M       1.6G
Swap:         8.0G         0B       8.0G

             total       used       free     shared    buffers     cached
Mem:          2.0G       674M       1.3G       3.2M        38M       291M
-/+ buffers/cache:       343M       1.6G
Swap:         8.0G         0B       8.0G

             total       used       free     shared    buffers     cached
Mem:          2.0G       674M       1.3G       3.2M        38M       291M
-/+ buffers/cache:       343M       1.6G
Swap:         8.0G         0B       8.0G

             total       used       free     shared    buffers     cached
Mem:          2.0G       684M       1.3G       3.2M        38M       291M
-/+ buffers/cache:       354M       1.6G
Swap:         8.0G         0B       8.0G

             total       used       free     shared    buffers     cached
Mem:          2.0G       701M       1.3G       3.2M        38M       291M
-/+ buffers/cache:       371M       1.6G
Swap:         8.0G         0B       8.0G

             total       used       free     shared    buffers     cached
Mem:          2.0G       719M       1.3G       3.2M        38M       291M
-/+ buffers/cache:       388M       1.6G
Swap:         8.0G         0B       8.0G

             total       used       free     shared    buffers     cached
Mem:          2.0G       736M       1.2G       3.2M        38M       291M
-/+ buffers/cache:       405M       1.6G
Swap:         8.0G         0B       8.0G

             total       used       free     shared    buffers     cached
Mem:          2.0G       754M       1.2G       3.2M        38M       291M
-/+ buffers/cache:       424M       1.5G
Swap:         8.0G         0B       8.0G

             total       used       free     shared    buffers     cached
Mem:          2.0G       771M       1.2G       3.2M        38M       291M
-/+ buffers/cache:       441M       1.5G
Swap:         8.0G         0B       8.0G

             total       used       free     shared    buffers     cached
Mem:          2.0G       788M       1.2G       3.2M        38M       291M
-/+ buffers/cache:       457M       1.5G
Swap:         8.0G         0B       8.0G

             total       used       free     shared    buffers     cached
Mem:          2.0G       806M       1.2G       3.2M        38M       291M
-/+ buffers/cache:       475M       1.5G
Swap:         8.0G         0B       8.0G

             total       used       free     shared    buffers     cached
Mem:          2.0G       824M       1.1G       3.2M        38M       291M
-/+ buffers/cache:       493M       1.5G
Swap:         8.0G         0B       8.0G

             total       used       free     shared    buffers     cached
Mem:          2.0G       839M       1.1G       3.2M        38M       291M
-/+ buffers/cache:       509M       1.5G
Swap:         8.0G         0B       8.0G

             total       used       free     shared    buffers     cached
Mem:          2.0G       858M       1.1G       3.2M        38M       291M
-/+ buffers/cache:       527M       1.4G
Swap:         8.0G         0B       8.0G

             total       used       free     shared    buffers     cached
Mem:          2.0G       875M       1.1G       3.2M        38M       291M
-/+ buffers/cache:       544M       1.4G
Swap:         8.0G         0B       8.0G

             total       used       free     shared    buffers     cached
Mem:          2.0G       893M       1.1G       3.2M        38M       291M
-/+ buffers/cache:       562M       1.4G
Swap:         8.0G         0B       8.0G

             total       used       free     shared    buffers     cached
Mem:          2.0G       907M       1.1G       3.2M        38M       291M
-/+ buffers/cache:       577M       1.4G
Swap:         8.0G         0B       8.0G

             total       used       free     shared    buffers     cached
Mem:          2.0G       925M       1.0G       3.2M        38M       291M
-/+ buffers/cache:       594M       1.4G
Swap:         8.0G         0B       8.0G

             total       used       free     shared    buffers     cached
Mem:          2.0G       943M       1.0G       3.2M        38M       291M
-/+ buffers/cache:       612M       1.4G
Swap:         8.0G         0B       8.0G

             total       used       free     shared    buffers     cached
Mem:          2.0G       961M       1.0G       3.2M        38M       291M
-/+ buffers/cache:       631M       1.3G
Swap:         8.0G         0B       8.0G

             total       used       free     shared    buffers     cached
Mem:          2.0G       979M       1.0G       3.2M        38M       291M
-/+ buffers/cache:       648M       1.3G
Swap:         8.0G         0B       8.0G

             total       used       free     shared    buffers     cached
Mem:          2.0G       997M       1.0G       3.2M        38M       291M
-/+ buffers/cache:       666M       1.3G
Swap:         8.0G         0B       8.0G

             total       used       free     shared    buffers     cached
Mem:          2.0G       1.0G       983M       3.2M        38M       291M
-/+ buffers/cache:       685M       1.3G
Swap:         8.0G         0B       8.0G

             total       used       free     shared    buffers     cached
Mem:          2.0G       1.0G       966M       3.2M        38M       291M
-/+ buffers/cache:       703M       1.3G
Swap:         8.0G         0B       8.0G

             total       used       free     shared    buffers     cached
Mem:          2.0G       1.0G       948M       3.2M        38M       291M
-/+ buffers/cache:       721M       1.2G
Swap:         8.0G         0B       8.0G

             total       used       free     shared    buffers     cached
Mem:          2.0G       1.0G       932M       3.2M        38M       291M
-/+ buffers/cache:       737M       1.2G
Swap:         8.0G         0B       8.0G

             total       used       free     shared    buffers     cached
Mem:          2.0G       1.1G       913M       3.2M        38M       291M
-/+ buffers/cache:       756M       1.2G
Swap:         8.0G         0B       8.0G

             total       used       free     shared    buffers     cached
Mem:          2.0G       1.1G       895M       3.2M        38M       291M
-/+ buffers/cache:       774M       1.2G
Swap:         8.0G         0B       8.0G

             total       used       free     shared    buffers     cached
Mem:          2.0G       1.1G       877M       3.2M        38M       291M
-/+ buffers/cache:       791M       1.2G
Swap:         8.0G         0B       8.0G

             total       used       free     shared    buffers     cached
Mem:          2.0G       1.1G       867M       3.2M        38M       291M
-/+ buffers/cache:       802M       1.2G
Swap:         8.0G         0B       8.0G

             total       used       free     shared    buffers     cached
Mem:          2.0G       1.1G       850M       3.2M        38M       291M
-/+ buffers/cache:       819M       1.2G
Swap:         8.0G         0B       8.0G

             total       used       free     shared    buffers     cached
Mem:          2.0G       1.1G       833M       3.2M        38M       291M
-/+ buffers/cache:       836M       1.1G
Swap:         8.0G         0B       8.0G

             total       used       free     shared    buffers     cached
Mem:          2.0G       1.2G       817M       3.2M        38M       291M
-/+ buffers/cache:       852M       1.1G
Swap:         8.0G         0B       8.0G

             total       used       free     shared    buffers     cached
Mem:          2.0G       1.2G       799M       3.2M        38M       291M
-/+ buffers/cache:       870M       1.1G
Swap:         8.0G         0B       8.0G

             total       used       free     shared    buffers     cached
Mem:          2.0G       1.2G       782M       3.2M        38M       291M
-/+ buffers/cache:       887M       1.1G
Swap:         8.0G         0B       8.0G

             total       used       free     shared    buffers     cached
Mem:          2.0G       1.2G       764M       3.2M        38M       291M
-/+ buffers/cache:       905M       1.1G
Swap:         8.0G         0B       8.0G

             total       used       free     shared    buffers     cached
Mem:          2.0G       1.2G       746M       3.2M        38M       291M
-/+ buffers/cache:       923M       1.1G
Swap:         8.0G         0B       8.0G

             total       used       free     shared    buffers     cached
Mem:          2.0G       1.2G       727M       3.2M        38M       291M
-/+ buffers/cache:       941M       1.0G
Swap:         8.0G         0B       8.0G

             total       used       free     shared    buffers     cached
Mem:          2.0G       1.3G       710M       3.2M        38M       291M
-/+ buffers/cache:       959M       1.0G
Swap:         8.0G         0B       8.0G

             total       used       free     shared    buffers     cached
Mem:          2.0G       1.3G       695M       3.2M        38M       291M
-/+ buffers/cache:       974M       1.0G
Swap:         8.0G         0B       8.0G

             total       used       free     shared    buffers     cached
Mem:          2.0G       1.3G       677M       3.2M        38M       291M
-/+ buffers/cache:       992M       1.0G
Swap:         8.0G         0B       8.0G

             total       used       free     shared    buffers     cached
Mem:          2.0G       1.3G       658M       3.2M        38M       292M
-/+ buffers/cache:       1.0G       989M
Swap:         8.0G         0B       8.0G

             total       used       free     shared    buffers     cached
Mem:          2.0G       1.3G       639M       3.2M        38M       292M
-/+ buffers/cache:       1.0G       970M
Swap:         8.0G         0B       8.0G

             total       used       free     shared    buffers     cached
Mem:          2.0G       1.3G       621M       3.2M        38M       292M
-/+ buffers/cache:       1.0G       952M
Swap:         8.0G         0B       8.0G

             total       used       free     shared    buffers     cached
Mem:          2.0G       1.4G       603M       3.2M        38M       292M
-/+ buffers/cache:       1.0G       934M
Swap:         8.0G         0B       8.0G

             total       used       free     shared    buffers     cached
Mem:          2.0G       1.4G       584M       3.2M        38M       292M
-/+ buffers/cache:       1.1G       915M
Swap:         8.0G         0B       8.0G

             total       used       free     shared    buffers     cached
Mem:          2.0G       1.4G       566M       3.2M        38M       292M
-/+ buffers/cache:       1.1G       897M
Swap:         8.0G         0B       8.0G

             total       used       free     shared    buffers     cached
Mem:          2.0G       1.4G       548M       3.2M        38M       292M
-/+ buffers/cache:       1.1G       880M
Swap:         8.0G         0B       8.0G

             total       used       free     shared    buffers     cached
Mem:          2.0G       1.4G       530M       3.2M        38M       292M
-/+ buffers/cache:       1.1G       861M
Swap:         8.0G         0B       8.0G

             total       used       free     shared    buffers     cached
Mem:          2.0G       1.5G       512M       3.2M        38M       292M
-/+ buffers/cache:       1.1G       843M
Swap:         8.0G         0B       8.0G

             total       used       free     shared    buffers     cached
Mem:          2.0G       1.5G       493M       3.2M        38M       292M
-/+ buffers/cache:       1.1G       824M
Swap:         8.0G         0B       8.0G

             total       used       free     shared    buffers     cached
Mem:          2.0G       1.5G       476M       3.2M        38M       292M
-/+ buffers/cache:       1.2G       807M
Swap:         8.0G         0B       8.0G

             total       used       free     shared    buffers     cached
Mem:          2.0G       1.5G       457M       3.2M        38M       292M
-/+ buffers/cache:       1.2G       789M
Swap:         8.0G         0B       8.0G

             total       used       free     shared    buffers     cached
Mem:          2.0G       1.5G       441M       3.2M        38M       292M
-/+ buffers/cache:       1.2G       772M
Swap:         8.0G         0B       8.0G

             total       used       free     shared    buffers     cached
Mem:          2.0G       1.5G       427M       3.2M        38M       292M
-/+ buffers/cache:       1.2G       758M
Swap:         8.0G         0B       8.0G

             total       used       free     shared    buffers     cached
Mem:          2.0G       1.5G       419M       3.2M        38M       292M
-/+ buffers/cache:       1.2G       751M
Swap:         8.0G         0B       8.0G

             total       used       free     shared    buffers     cached
Mem:          2.0G       1.6G       400M       3.2M        38M       292M
-/+ buffers/cache:       1.2G       731M
Swap:         8.0G         0B       8.0G

             total       used       free     shared    buffers     cached
Mem:          2.0G       1.6G       382M       3.2M        38M       292M
-/+ buffers/cache:       1.3G       713M
Swap:         8.0G         0B       8.0G

             total       used       free     shared    buffers     cached
Mem:          2.0G       1.6G       365M       3.2M        38M       292M
-/+ buffers/cache:       1.3G       696M
Swap:         8.0G         0B       8.0G

             total       used       free     shared    buffers     cached
Mem:          2.0G       1.6G       347M       3.2M        38M       292M
-/+ buffers/cache:       1.3G       678M
Swap:         8.0G         0B       8.0G

             total       used       free     shared    buffers     cached
Mem:          2.0G       1.6G       329M       3.2M        38M       292M
-/+ buffers/cache:       1.3G       660M
Swap:         8.0G         0B       8.0G

             total       used       free     shared    buffers     cached
Mem:          2.0G       1.6G       311M       3.2M        38M       292M
-/+ buffers/cache:       1.3G       642M
Swap:         8.0G         0B       8.0G

             total       used       free     shared    buffers     cached
Mem:          2.0G       1.7G       293M       3.2M        38M       292M
-/+ buffers/cache:       1.3G       624M
Swap:         8.0G         0B       8.0G

             total       used       free     shared    buffers     cached
Mem:          2.0G       1.7G       274M       3.2M        38M       292M
-/+ buffers/cache:       1.4G       605M
Swap:         8.0G         0B       8.0G

             total       used       free     shared    buffers     cached
Mem:          2.0G       1.7G       256M       3.2M        38M       292M
-/+ buffers/cache:       1.4G       587M
Swap:         8.0G         0B       8.0G

             total       used       free     shared    buffers     cached
Mem:          2.0G       1.7G       238M       3.2M        38M       292M
-/+ buffers/cache:       1.4G       569M
Swap:         8.0G         0B       8.0G

             total       used       free     shared    buffers     cached
Mem:          2.0G       1.7G       219M       3.2M        38M       292M
-/+ buffers/cache:       1.4G       550M
Swap:         8.0G         0B       8.0G

             total       used       free     shared    buffers     cached
Mem:          2.0G       1.8G       201M       3.2M        38M       292M
-/+ buffers/cache:       1.4G       532M
Swap:         8.0G         0B       8.0G

             total       used       free     shared    buffers     cached
Mem:          2.0G       1.8G       183M       3.2M        38M       292M
-/+ buffers/cache:       1.5G       514M
Swap:         8.0G         0B       8.0G

             total       used       free     shared    buffers     cached
Mem:          2.0G       1.8G       165M       3.2M        38M       292M
-/+ buffers/cache:       1.5G       496M
Swap:         8.0G         0B       8.0G

             total       used       free     shared    buffers     cached
Mem:          2.0G       1.8G       147M       3.2M        38M       292M
-/+ buffers/cache:       1.5G       478M
Swap:         8.0G         0B       8.0G

             total       used       free     shared    buffers     cached
Mem:          2.0G       1.8G       129M       3.2M        38M       292M
-/+ buffers/cache:       1.5G       460M
Swap:         8.0G         0B       8.0G

             total       used       free     shared    buffers     cached
Mem:          2.0G       1.8G       111M       3.2M        38M       292M
-/+ buffers/cache:       1.5G       442M
Swap:         8.0G         0B       8.0G

             total       used       free     shared    buffers     cached
Mem:          2.0G       1.9G        92M       3.2M        38M       292M
-/+ buffers/cache:       1.5G       423M
Swap:         8.0G         0B       8.0G

             total       used       free     shared    buffers     cached
Mem:          2.0G       1.9G        73M       3.2M        38M       292M
-/+ buffers/cache:       1.6G       404M
Swap:         8.0G         0B       8.0G

             total       used       free     shared    buffers     cached
Mem:          2.0G       1.9G        72M       3.2M        22M       290M
-/+ buffers/cache:       1.6G       386M
Swap:         8.0G         0B       8.0G

             total       used       free     shared    buffers     cached
Mem:          2.0G       1.9G        76M       3.2M        10M       282M
-/+ buffers/cache:       1.6G       369M
Swap:         8.0G         0B       8.0G

             total       used       free     shared    buffers     cached
Mem:          2.0G       1.9G        76M       3.2M       9.9M       265M
-/+ buffers/cache:       1.6G       352M
Swap:         8.0G        76K       8.0G

             total       used       free     shared    buffers     cached
Mem:          2.0G       1.9G        77M       3.1M       9.9M       245M
-/+ buffers/cache:       1.6G       333M
Swap:         8.0G       216K       8.0G

             total       used       free     shared    buffers     cached
Mem:          2.0G       1.9G        74M       3.0M       9.9M       232M
-/+ buffers/cache:       1.6G       317M
Swap:         8.0G       4.8M       8.0G

             total       used       free     shared    buffers     cached
Mem:          2.0G       1.9G        93M       2.9M       5.6M       206M
-/+ buffers/cache:       1.7G       305M
Swap:         8.0G        10M       8.0G

             total       used       free     shared    buffers     cached
Mem:          2.0G       1.9G        75M       2.9M       5.6M       206M
-/+ buffers/cache:       1.7G       287M
Swap:         8.0G        10M       8.0G

             total       used       free     shared    buffers     cached
Mem:          2.0G       1.9G        70M       2.9M       2.3M       197M
-/+ buffers/cache:       1.7G       270M
Swap:         8.0G        10M       8.0G

             total       used       free     shared    buffers     cached
Mem:          2.0G       1.9G        73M       2.9M       412K       178M
-/+ buffers/cache:       1.7G       252M
Swap:         8.0G        10M       8.0G

             total       used       free     shared    buffers     cached
Mem:          2.0G       1.9G        68M       2.9M       308K       167M
-/+ buffers/cache:       1.7G       235M
Swap:         8.0G        10M       8.0G

             total       used       free     shared    buffers     cached
Mem:          2.0G       1.9G        70M       2.9M       316K       147M
-/+ buffers/cache:       1.7G       217M
Swap:         8.0G        10M       8.0G

             total       used       free     shared    buffers     cached
Mem:          2.0G       1.9G        70M       2.9M        76K       130M
-/+ buffers/cache:       1.8G       201M
Swap:         8.0G        10M       8.0G

             total       used       free     shared    buffers     cached
Mem:          2.0G       1.9G        71M       2.9M        76K       112M
-/+ buffers/cache:       1.8G       183M
Swap:         8.0G        10M       8.0G

             total       used       free     shared    buffers     cached
Mem:          2.0G       1.9G        69M       2.9M        92K        99M
-/+ buffers/cache:       1.8G       169M
Swap:         8.0G        10M       8.0G

             total       used       free     shared    buffers     cached
Mem:          2.0G       1.9G        74M       2.9M        92K        78M
-/+ buffers/cache:       1.8G       152M
Swap:         8.0G        10M       8.0G

             total       used       free     shared    buffers     cached
Mem:          2.0G       1.9G        78M       2.9M        96K        57M
-/+ buffers/cache:       1.8G       136M
Swap:         8.0G        10M       8.0G

             total       used       free     shared    buffers     cached
Mem:          2.0G       1.9G        75M       2.9M       104K        45M
-/+ buffers/cache:       1.8G       120M
Swap:         8.0G        10M       8.0G

             total       used       free     shared    buffers     cached
Mem:          2.0G       1.9G        75M       2.9M       516K        27M
-/+ buffers/cache:       1.9G       103M
Swap:         8.0G        10M       8.0G

             total       used       free     shared    buffers     cached
Mem:          2.0G       1.9G        74M       2.9M       508K        10M
-/+ buffers/cache:       1.9G        86M
Swap:         8.0G        10M       8.0G

             total       used       free     shared    buffers     cached
Mem:          2.0G       1.9G        74M       2.8M        76K       3.7M
-/+ buffers/cache:       1.9G        78M
Swap:         8.0G        29M       8.0G

             total       used       free     shared    buffers     cached
Mem:          2.0G       1.9G        67M       2.5M        76K       6.4M
-/+ buffers/cache:       1.9G        73M
Swap:         8.0G        47M       8.0G

             total       used       free     shared    buffers     cached
Mem:          2.0G       1.9G        68M       2.5M       332K       6.8M
-/+ buffers/cache:       1.9G        75M
Swap:         8.0G        51M       7.9G

             total       used       free     shared    buffers     cached
Mem:          2.0G       1.9G        65M       2.5M       328K       6.8M
-/+ buffers/cache:       1.9G        72M
Swap:         8.0G        67M       7.9G

             total       used       free     shared    buffers     cached
Mem:          2.0G       1.9G        66M       2.4M       328K       6.7M
-/+ buffers/cache:       1.9G        73M
Swap:         8.0G        95M       7.9G

             total       used       free     shared    buffers     cached
Mem:          2.0G       1.9G        80M       2.4M       328K       6.6M
-/+ buffers/cache:       1.9G        87M
Swap:         8.0G       123M       7.9G

             total       used       free     shared    buffers     cached
Mem:          2.0G       1.9G        64M       2.4M       456K       7.0M
-/+ buffers/cache:       1.9G        72M
Swap:         8.0G       123M       7.9G

             total       used       free     shared    buffers     cached
Mem:          2.0G       1.9G        67M       2.4M       464K       6.9M
-/+ buffers/cache:       1.9G        74M
Swap:         8.0G       132M       7.9G

             total       used       free     shared    buffers     cached
Mem:          2.0G       1.9G        65M       2.4M       464K       6.8M
-/+ buffers/cache:       1.9G        72M
Swap:         8.0G       151M       7.8G

             total       used       free     shared    buffers     cached
Mem:          2.0G       1.9G        66M       2.4M       464K       6.8M
-/+ buffers/cache:       1.9G        73M
Swap:         8.0G       169M       7.8G

             total       used       free     shared    buffers     cached
Mem:          2.0G       1.9G        65M       2.4M       464K       6.6M
-/+ buffers/cache:       1.9G        72M
Swap:         8.0G       186M       7.8G

             total       used       free     shared    buffers     cached
Mem:          2.0G       1.9G        76M       2.4M       464K       6.3M
-/+ buffers/cache:       1.9G        83M
Swap:         8.0G       214M       7.8G

             total       used       free     shared    buffers     cached
Mem:          2.0G       1.9G        67M       2.3M       464K       6.5M
-/+ buffers/cache:       1.9G        74M
Swap:         8.0G       214M       7.8G

             total       used       free     shared    buffers     cached
Mem:          2.0G       1.9G        76M       2.3M       472K       6.3M
-/+ buffers/cache:       1.9G        82M
Swap:         8.0G       220M       7.8G

             total       used       free     shared    buffers     cached
Mem:          2.0G       1.9G        69M       2.3M       472K       6.3M
-/+ buffers/cache:       1.9G        76M
Swap:         8.0G       220M       7.8G

             total       used       free     shared    buffers     cached
Mem:          2.0G       1.9G        76M       2.3M       496K        24M
-/+ buffers/cache:       1.9G       100M
Swap:         8.0G       246M       7.8G

             total       used       free     shared    buffers     cached
Mem:          2.0G       1.9G        70M       2.3M       940K        12M
-/+ buffers/cache:       1.9G        84M
Swap:         8.0G       245M       7.8G

             total       used       free     shared    buffers     cached
Mem:          2.0G       1.9G        73M       2.3M       156K       7.6M
-/+ buffers/cache:       1.9G        81M
Swap:         8.0G       258M       7.7G

             total       used       free     shared    buffers     cached
Mem:          2.0G       1.9G        82M       2.3M       444K       7.8M
-/+ buffers/cache:       1.9G        90M
Swap:         8.0G       297M       7.7G

             total       used       free     shared    buffers     cached
Mem:          2.0G       1.9G        70M       2.3M       444K       7.8M
-/+ buffers/cache:       1.9G        78M
Swap:         8.0G       297M       7.7G

             total       used       free     shared    buffers     cached
Mem:          2.0G       1.9G        76M       2.3M       448K       7.8M
-/+ buffers/cache:       1.9G        84M
Swap:         8.0G       297M       7.7G

             total       used       free     shared    buffers     cached
Mem:          2.0G       1.9G        75M       2.3M       448K       7.8M
-/+ buffers/cache:       1.9G        83M
Swap:         8.0G       297M       7.7G

             total       used       free     shared    buffers     cached
Mem:          2.0G       1.9G        74M       2.3M       456K       7.8M
-/+ buffers/cache:       1.9G        83M
Swap:         8.0G       297M       7.7G

             total       used       free     shared    buffers     cached
Mem:          2.0G       1.9G        74M       2.3M       456K       7.8M
-/+ buffers/cache:       1.9G        82M
Swap:         8.0G       296M       7.7G

             total       used       free     shared    buffers     cached
Mem:          2.0G       1.9G        73M       2.3M       456K       7.8M
-/+ buffers/cache:       1.9G        81M
Swap:         8.0G       296M       7.7G

             total       used       free     shared    buffers     cached
Mem:          2.0G       1.9G        72M       2.3M       456K       7.8M
-/+ buffers/cache:       1.9G        80M
Swap:         8.0G       296M       7.7G

             total       used       free     shared    buffers     cached
Mem:          2.0G       1.9G        71M       2.3M       456K       7.8M
-/+ buffers/cache:       1.9G        80M
Swap:         8.0G       295M       7.7G

             total       used       free     shared    buffers     cached
Mem:          2.0G       1.9G        71M       2.3M       464K       7.8M
-/+ buffers/cache:       1.9G        79M
Swap:         8.0G       295M       7.7G

             total       used       free     shared    buffers     cached
Mem:          2.0G       1.9G        70M       2.3M       464K       7.8M
-/+ buffers/cache:       1.9G        78M
Swap:         8.0G       295M       7.7G

             total       used       free     shared    buffers     cached
Mem:          2.0G       1.9G        69M       2.3M       464K       7.8M
-/+ buffers/cache:       1.9G        77M
Swap:         8.0G       294M       7.7G

             total       used       free     shared    buffers     cached
Mem:          2.0G       1.9G        68M       2.3M       464K       7.8M
-/+ buffers/cache:       1.9G        76M
Swap:         8.0G       294M       7.7G

             total       used       free     shared    buffers     cached
Mem:          2.0G       1.9G        68M       2.3M       464K       7.8M
-/+ buffers/cache:       1.9G        76M
Swap:         8.0G       294M       7.7G

             total       used       free     shared    buffers     cached
Mem:          2.0G       1.9G        67M       2.3M       472K       7.8M
-/+ buffers/cache:       1.9G        75M
Swap:         8.0G       293M       7.7G

             total       used       free     shared    buffers     cached
Mem:          2.0G       1.9G        66M       2.3M       472K       7.8M
-/+ buffers/cache:       1.9G        74M
Swap:         8.0G       293M       7.7G

             total       used       free     shared    buffers     cached
Mem:          2.0G       1.9G        65M       2.3M       472K       7.8M
-/+ buffers/cache:       1.9G        74M
Swap:         8.0G       293M       7.7G

             total       used       free     shared    buffers     cached
Mem:          2.0G       1.9G        65M       2.3M       472K       7.8M
-/+ buffers/cache:       1.9G        73M
Swap:         8.0G       292M       7.7G

             total       used       free     shared    buffers     cached
Mem:          2.0G       1.9G        82M       2.3M       472K       7.5M
-/+ buffers/cache:       1.9G        90M
Swap:         8.0G       322M       7.7G

             total       used       free     shared    buffers     cached
Mem:          2.0G       1.9G        82M       2.3M       480K       7.5M
-/+ buffers/cache:       1.9G        90M
Swap:         8.0G       321M       7.7G

             total       used       free     shared    buffers     cached
Mem:          2.0G       1.9G        81M       2.3M       480K       7.5M
-/+ buffers/cache:       1.9G        89M
Swap:         8.0G       321M       7.7G

             total       used       free     shared    buffers     cached
Mem:          2.0G       1.9G        80M       2.3M       480K       7.5M
-/+ buffers/cache:       1.9G        88M
Swap:         8.0G       320M       7.7G

             total       used       free     shared    buffers     cached
Mem:          2.0G       1.9G        79M       2.3M       480K       7.5M
-/+ buffers/cache:       1.9G        87M
Swap:         8.0G       320M       7.7G

             total       used       free     shared    buffers     cached
Mem:          2.0G       1.9G        79M       2.3M       480K       7.5M
-/+ buffers/cache:       1.9G        87M
Swap:         8.0G       319M       7.7G

             total       used       free     shared    buffers     cached
Mem:          2.0G       1.9G        78M       2.3M       480K       7.5M
-/+ buffers/cache:       1.9G        86M
Swap:         8.0G       319M       7.7G

             total       used       free     shared    buffers     cached
Mem:          2.0G       1.9G        77M       2.3M       488K       7.5M
-/+ buffers/cache:       1.9G        85M
Swap:         8.0G       318M       7.7G

             total       used       free     shared    buffers     cached
Mem:          2.0G       1.9G        76M       2.3M       488K       7.5M
-/+ buffers/cache:       1.9G        84M
Swap:         8.0G       318M       7.7G

             total       used       free     shared    buffers     cached
Mem:          2.0G       1.9G        76M       2.3M       488K       7.5M
-/+ buffers/cache:       1.9G        84M
Swap:         8.0G       317M       7.7G

             total       used       free     shared    buffers     cached
Mem:          2.0G       1.9G        75M       2.3M       488K       7.5M
-/+ buffers/cache:       1.9G        83M
Swap:         8.0G       317M       7.7G

             total       used       free     shared    buffers     cached
Mem:          2.0G       1.9G        74M       2.3M       500K       7.5M
-/+ buffers/cache:       1.9G        82M
Swap:         8.0G       316M       7.7G

             total       used       free     shared    buffers     cached
Mem:          2.0G       1.9G        74M       2.3M       508K       7.5M
-/+ buffers/cache:       1.9G        82M
Swap:         8.0G       316M       7.7G

             total       used       free     shared    buffers     cached
Mem:          2.0G       1.9G        73M       2.3M       508K       7.5M
-/+ buffers/cache:       1.9G        81M
Swap:         8.0G       315M       7.7G

             total       used       free     shared    buffers     cached
Mem:          2.0G       1.9G        72M       2.3M       508K       7.5M
-/+ buffers/cache:       1.9G        80M
Swap:         8.0G       315M       7.7G

             total       used       free     shared    buffers     cached
Mem:          2.0G       1.9G        71M       2.3M       508K       7.5M
-/+ buffers/cache:       1.9G        79M
Swap:         8.0G       314M       7.7G

             total       used       free     shared    buffers     cached
Mem:          2.0G       1.9G        71M       2.3M       508K       7.5M
-/+ buffers/cache:       1.9G        79M
Swap:         8.0G       314M       7.7G

             total       used       free     shared    buffers     cached
Mem:          2.0G       1.9G        70M       2.3M       516K       7.5M
-/+ buffers/cache:       1.9G        78M
Swap:         8.0G       313M       7.7G

             total       used       free     shared    buffers     cached
Mem:          2.0G       1.9G        69M       2.3M       516K       7.5M
-/+ buffers/cache:       1.9G        77M
Swap:         8.0G       313M       7.7G

             total       used       free     shared    buffers     cached
Mem:          2.0G       1.9G        69M       2.3M       516K       7.5M
-/+ buffers/cache:       1.9G        77M
Swap:         8.0G       312M       7.7G

             total       used       free     shared    buffers     cached
Mem:          2.0G       1.9G        68M       2.3M       516K       7.5M
-/+ buffers/cache:       1.9G        76M
Swap:         8.0G       312M       7.7G

             total       used       free     shared    buffers     cached
Mem:          2.0G       1.8G       111M       2.3M       224K        27M
-/+ buffers/cache:       1.8G       139M
Swap:         8.0G       374M       7.6G

             total       used       free     shared    buffers     cached
Mem:          2.0G       1.9G        99M       2.3M       368K        32M
-/+ buffers/cache:       1.8G       132M
Swap:         8.0G       368M       7.6G

             total       used       free     shared    buffers     cached
Mem:          2.0G       1.9G        98M       2.3M       376K        32M
-/+ buffers/cache:       1.8G       130M
Swap:         8.0G       367M       7.6G

             total       used       free     shared    buffers     cached
Mem:          2.0G       1.9G        96M       2.3M       376K        32M
-/+ buffers/cache:       1.8G       129M
Swap:         8.0G       366M       7.6G

             total       used       free     shared    buffers     cached
Mem:          2.0G       1.9G        95M       2.3M       376K        32M
-/+ buffers/cache:       1.8G       128M
Swap:         8.0G       366M       7.6G

             total       used       free     shared    buffers     cached
Mem:          2.0G       1.9G        93M       2.3M       376K        33M
-/+ buffers/cache:       1.8G       127M
Swap:         8.0G       365M       7.6G

             total       used       free     shared    buffers     cached
Mem:          2.0G       1.9G        93M       2.3M       376K        33M
-/+ buffers/cache:       1.8G       127M
Swap:         8.0G       365M       7.6G

             total       used       free     shared    buffers     cached
Mem:          2.0G       1.9G        92M       2.3M       384K        33M
-/+ buffers/cache:       1.8G       126M
Swap:         8.0G       364M       7.6G

             total       used       free     shared    buffers     cached
Mem:          2.0G       1.9G        91M       2.3M       384K        33M
-/+ buffers/cache:       1.8G       126M
Swap:         8.0G       364M       7.6G

             total       used       free     shared    buffers     cached
Mem:          2.0G       1.9G        90M       2.3M       384K        34M
-/+ buffers/cache:       1.8G       125M
Swap:         8.0G       364M       7.6G

             total       used       free     shared    buffers     cached
Mem:          2.0G       1.9G        89M       2.3M       384K        34M
-/+ buffers/cache:       1.8G       124M
Swap:         8.0G       363M       7.6G

             total       used       free     shared    buffers     cached
Mem:          2.0G       1.9G        88M       2.3M       384K        34M
-/+ buffers/cache:       1.8G       123M
Swap:         8.0G       363M       7.6G

             total       used       free     shared    buffers     cached
Mem:          2.0G       1.9G        87M       2.3M       384K        34M
-/+ buffers/cache:       1.8G       122M
Swap:         8.0G       362M       7.6G

             total       used       free     shared    buffers     cached
Mem:          2.0G       1.9G        87M       2.3M       392K        34M
-/+ buffers/cache:       1.8G       122M
Swap:         8.0G       362M       7.6G

             total       used       free     shared    buffers     cached
Mem:          2.0G       1.9G        86M       2.3M       392K        34M
-/+ buffers/cache:       1.8G       121M
Swap:         8.0G       362M       7.6G

             total       used       free     shared    buffers     cached
Mem:          2.0G       1.9G        86M       2.3M       392K        34M
-/+ buffers/cache:       1.8G       121M
Swap:         8.0G       361M       7.6G

             total       used       free     shared    buffers     cached
Mem:          2.0G       1.9G        85M       2.3M       392K        34M
-/+ buffers/cache:       1.8G       120M
Swap:         8.0G       361M       7.6G

             total       used       free     shared    buffers     cached
Mem:          2.0G       1.9G        84M       2.3M       392K        34M
-/+ buffers/cache:       1.8G       119M
Swap:         8.0G       361M       7.6G

             total       used       free     shared    buffers     cached
Mem:          2.0G       1.9G        79M       2.3M       400K        39M
-/+ buffers/cache:       1.8G       119M
Swap:         8.0G       360M       7.6G

             total       used       free     shared    buffers     cached
Mem:          2.0G       1.9G        78M       2.3M       716K        39M
-/+ buffers/cache:       1.8G       118M
Swap:         8.0G       360M       7.6G

             total       used       free     shared    buffers     cached
Mem:          2.0G       1.9G        77M       2.3M       716K        39M
-/+ buffers/cache:       1.8G       118M
Swap:         8.0G       360M       7.6G

             total       used       free     shared    buffers     cached
Mem:          2.0G       1.9G        77M       2.3M       716K        39M
-/+ buffers/cache:       1.8G       117M
Swap:         8.0G       359M       7.6G

             total       used       free     shared    buffers     cached
Mem:          2.0G       1.9G        76M       2.3M       716K        39M
-/+ buffers/cache:       1.8G       117M
Swap:         8.0G       359M       7.6G

             total       used       free     shared    buffers     cached
Mem:          2.0G       1.9G        75M       2.3M       716K        39M
-/+ buffers/cache:       1.8G       116M
Swap:         8.0G       359M       7.6G

             total       used       free     shared    buffers     cached
Mem:          2.0G       1.9G        75M       2.3M       724K        39M
-/+ buffers/cache:       1.8G       115M
Swap:         8.0G       358M       7.6G

             total       used       free     shared    buffers     cached
Mem:          2.0G       1.9G        74M       2.3M       724K        39M
-/+ buffers/cache:       1.8G       115M
Swap:         8.0G       358M       7.6G

             total       used       free     shared    buffers     cached
Mem:          2.0G       1.9G        74M       2.3M       724K        39M
-/+ buffers/cache:       1.8G       114M
Swap:         8.0G       358M       7.6G

             total       used       free     shared    buffers     cached
Mem:          2.0G       1.9G        73M       2.3M       724K        39M
-/+ buffers/cache:       1.8G       114M
Swap:         8.0G       357M       7.6G

             total       used       free     shared    buffers     cached
Mem:          2.0G       1.9G        73M       2.3M       724K        39M
-/+ buffers/cache:       1.8G       113M
Swap:         8.0G       357M       7.6G

             total       used       free     shared    buffers     cached
Mem:          2.0G       1.9G        72M       2.3M       732K        39M
-/+ buffers/cache:       1.8G       113M
Swap:         8.0G       357M       7.6G

             total       used       free     shared    buffers     cached
Mem:          2.0G       1.9G        71M       2.3M       732K        39M
-/+ buffers/cache:       1.8G       112M
Swap:         8.0G       356M       7.6G

             total       used       free     shared    buffers     cached
Mem:          2.0G       1.9G        71M       2.3M       732K        39M
-/+ buffers/cache:       1.8G       111M
Swap:         8.0G       356M       7.6G

             total       used       free     shared    buffers     cached
Mem:          2.0G       1.9G        70M       2.3M       732K        39M
-/+ buffers/cache:       1.8G       111M
Swap:         8.0G       356M       7.6G

             total       used       free     shared    buffers     cached
Mem:          2.0G       1.9G        70M       2.3M       732K        39M
-/+ buffers/cache:       1.8G       110M
Swap:         8.0G       355M       7.6G

             total       used       free     shared    buffers     cached
Mem:          2.0G       1.9G        69M       2.3M       732K        39M
-/+ buffers/cache:       1.8G       110M
Swap:         8.0G       355M       7.6G

             total       used       free     shared    buffers     cached
Mem:          2.0G       1.9G        69M       2.3M       740K        39M
-/+ buffers/cache:       1.8G       109M
Swap:         8.0G       355M       7.7G

             total       used       free     shared    buffers     cached
Mem:          2.0G       1.9G        68M       2.3M       740K        39M
-/+ buffers/cache:       1.8G       109M
Swap:         8.0G       354M       7.7G

             total       used       free     shared    buffers     cached
Mem:          2.0G       1.9G        68M       2.3M       740K        39M
-/+ buffers/cache:       1.8G       108M
Swap:         8.0G       354M       7.7G

             total       used       free     shared    buffers     cached
Mem:          2.0G       1.9G        67M       2.3M       740K        39M
-/+ buffers/cache:       1.8G       108M
Swap:         8.0G       354M       7.7G

             total       used       free     shared    buffers     cached
Mem:          2.0G       1.9G        66M       2.3M       740K        39M
-/+ buffers/cache:       1.8G       107M
Swap:         8.0G       353M       7.7G

             total       used       free     shared    buffers     cached
Mem:          2.0G       1.9G        66M       2.3M       748K        39M
-/+ buffers/cache:       1.8G       106M
Swap:         8.0G       353M       7.7G

             total       used       free     shared    buffers     cached
Mem:          2.0G       1.9G        65M       2.3M       748K        39M
-/+ buffers/cache:       1.8G       106M
Swap:         8.0G       353M       7.7G

             total       used       free     shared    buffers     cached
Mem:          2.0G       1.9G        65M       2.3M       748K        39M
-/+ buffers/cache:       1.8G       105M
Swap:         8.0G       352M       7.7G

             total       used       free     shared    buffers     cached
Mem:          2.0G       1.9G        82M       2.3M       564K        32M
-/+ buffers/cache:       1.8G       115M
Swap:         8.0G       365M       7.6G

             total       used       free     shared    buffers     cached
Mem:          2.0G       1.9G        81M       2.3M       564K        32M
-/+ buffers/cache:       1.8G       115M
Swap:         8.0G       365M       7.6G

             total       used       free     shared    buffers     cached
Mem:          2.0G       1.9G        81M       2.3M       580K        32M
-/+ buffers/cache:       1.8G       114M
Swap:         8.0G       365M       7.6G

             total       used       free     shared    buffers     cached
Mem:          2.0G       1.9G        80M       2.3M       588K        32M
-/+ buffers/cache:       1.8G       114M
Swap:         8.0G       364M       7.6G

             total       used       free     shared    buffers     cached
Mem:          2.0G       1.9G        80M       2.3M       592K        32M
-/+ buffers/cache:       1.8G       113M
Swap:         8.0G       364M       7.6G

             total       used       free     shared    buffers     cached
Mem:          2.0G       1.9G        79M       2.3M       592K        32M
-/+ buffers/cache:       1.8G       113M
Swap:         8.0G       364M       7.6G

             total       used       free     shared    buffers     cached
Mem:          2.0G       1.9G        79M       2.3M       592K        32M
-/+ buffers/cache:       1.8G       112M
Swap:         8.0G       363M       7.6G

             total       used       free     shared    buffers     cached
Mem:          2.0G       1.9G        78M       2.3M       592K        32M
-/+ buffers/cache:       1.8G       112M
Swap:         8.0G       363M       7.6G

             total       used       free     shared    buffers     cached
Mem:          2.0G       1.9G        77M       2.3M       600K        32M
-/+ buffers/cache:       1.8G       111M
Swap:         8.0G       363M       7.6G

             total       used       free     shared    buffers     cached
Mem:          2.0G       1.9G        77M       2.3M       600K        32M
-/+ buffers/cache:       1.8G       110M
Swap:         8.0G       362M       7.6G

             total       used       free     shared    buffers     cached
Mem:          2.0G       1.9G        76M       2.3M       600K        32M
-/+ buffers/cache:       1.8G       110M
Swap:         8.0G       362M       7.6G

             total       used       free     shared    buffers     cached
Mem:          2.0G       1.9G        76M       2.3M       600K        32M
-/+ buffers/cache:       1.8G       109M
Swap:         8.0G       361M       7.6G

             total       used       free     shared    buffers     cached
Mem:          2.0G       1.9G        75M       2.3M       600K        32M
-/+ buffers/cache:       1.8G       109M
Swap:         8.0G       361M       7.6G

             total       used       free     shared    buffers     cached
Mem:          2.0G       1.9G        75M       2.3M       600K        32M
-/+ buffers/cache:       1.8G       108M
Swap:         8.0G       361M       7.6G

             total       used       free     shared    buffers     cached
Mem:          2.0G       1.9G        74M       2.3M       608K        32M
-/+ buffers/cache:       1.8G       107M
Swap:         8.0G       360M       7.6G

             total       used       free     shared    buffers     cached
Mem:          2.0G       1.9G        73M       2.3M       608K        32M
-/+ buffers/cache:       1.8G       107M
Swap:         8.0G       360M       7.6G

             total       used       free     shared    buffers     cached
Mem:          2.0G       1.9G        73M       2.3M       608K        32M
-/+ buffers/cache:       1.8G       106M
Swap:         8.0G       360M       7.6G

             total       used       free     shared    buffers     cached
Mem:          2.0G       1.9G        72M       2.3M       608K        32M
-/+ buffers/cache:       1.8G       106M
Swap:         8.0G       359M       7.6G

             total       used       free     shared    buffers     cached
Mem:          2.0G       1.9G        71M       2.3M       608K        32M
-/+ buffers/cache:       1.9G       105M
Swap:         8.0G       359M       7.6G

             total       used       free     shared    buffers     cached
Mem:          2.0G       1.9G        71M       2.3M       616K        32M
-/+ buffers/cache:       1.9G       104M
Swap:         8.0G       358M       7.6G

             total       used       free     shared    buffers     cached
Mem:          2.0G       1.9G        70M       2.3M       616K        32M
-/+ buffers/cache:       1.9G       104M
Swap:         8.0G       358M       7.6G

             total       used       free     shared    buffers     cached
Mem:          2.0G       1.9G        70M       2.3M       616K        33M
-/+ buffers/cache:       1.9G       103M
Swap:         8.0G       358M       7.6G

             total       used       free     shared    buffers     cached
Mem:          2.0G       1.9G        69M       2.3M       616K        33M
-/+ buffers/cache:       1.9G       103M
Swap:         8.0G       357M       7.6G

             total       used       free     shared    buffers     cached
Mem:          2.0G       1.9G        67M       2.3M       752K        33M
-/+ buffers/cache:       1.9G       102M
Swap:         8.0G       357M       7.6G

             total       used       free     shared    buffers     cached
Mem:          2.0G       1.9G        67M       2.3M       752K        33M
-/+ buffers/cache:       1.9G       101M
Swap:         8.0G       356M       7.6G

             total       used       free     shared    buffers     cached
Mem:          2.0G       1.9G        66M       2.3M       760K        33M
-/+ buffers/cache:       1.9G       101M
Swap:         8.0G       356M       7.6G

             total       used       free     shared    buffers     cached
Mem:          2.0G       1.9G        66M       2.3M       760K        33M
-/+ buffers/cache:       1.9G       100M
Swap:         8.0G       356M       7.6G

             total       used       free     shared    buffers     cached
Mem:          2.0G       1.9G        82M       2.3M       760K        34M
-/+ buffers/cache:       1.8G       116M
Swap:         8.0G       375M       7.6G

             total       used       free     shared    buffers     cached
Mem:          2.0G       1.9G        81M       2.3M       760K        33M
-/+ buffers/cache:       1.8G       116M
Swap:         8.0G       374M       7.6G

             total       used       free     shared    buffers     cached
Mem:          2.0G       1.9G        80M       2.3M       760K        33M
-/+ buffers/cache:       1.8G       115M
Swap:         8.0G       374M       7.6G

             total       used       free     shared    buffers     cached
Mem:          2.0G       1.9G        73M       2.3M       768K        36M
-/+ buffers/cache:       1.8G       111M
Swap:         8.0G       371M       7.6G

             total       used       free     shared    buffers     cached
Mem:          2.0G       1.9G        73M       2.3M       768K        36M
-/+ buffers/cache:       1.8G       110M
Swap:         8.0G       371M       7.6G

             total       used       free     shared    buffers     cached
Mem:          2.0G       1.9G        72M       2.3M       768K        36M
-/+ buffers/cache:       1.8G       110M
Swap:         8.0G       371M       7.6G

             total       used       free     shared    buffers     cached
Mem:          2.0G       1.9G        72M       2.3M       768K        36M
-/+ buffers/cache:       1.8G       109M
Swap:         8.0G       371M       7.6G

             total       used       free     shared    buffers     cached
Mem:          2.0G       1.9G        72M       2.3M       768K        36M
-/+ buffers/cache:       1.8G       109M
Swap:         8.0G       370M       7.6G

             total       used       free     shared    buffers     cached
Mem:          2.0G       1.9G        72M       2.3M       768K        36M
-/+ buffers/cache:       1.8G       109M
Swap:         8.0G       370M       7.6G

             total       used       free     shared    buffers     cached
Mem:          2.0G       1.9G        68M       2.3M       2.0M        38M
-/+ buffers/cache:       1.8G       108M
Swap:         8.0G       370M       7.6G

             total       used       free     shared    buffers     cached
Mem:          2.0G       1.9G        67M       2.3M       2.0M        38M
-/+ buffers/cache:       1.8G       108M
Swap:         8.0G       369M       7.6G

             total       used       free     shared    buffers     cached
Mem:          2.0G       1.9G        67M       2.3M       2.0M        38M
-/+ buffers/cache:       1.8G       108M
Swap:         8.0G       369M       7.6G

             total       used       free     shared    buffers     cached
Mem:          2.0G       1.9G        67M       2.3M       2.0M        38M
-/+ buffers/cache:       1.8G       107M
Swap:         8.0G       369M       7.6G

             total       used       free     shared    buffers     cached
Mem:          2.0G       1.9G        66M       2.4M       2.3M        43M
-/+ buffers/cache:       1.8G       112M
Swap:         8.0G       375M       7.6G

             total       used       free     shared    buffers     cached
Mem:          2.0G       1.9G        82M       6.1M       4.0M        50M
-/+ buffers/cache:       1.8G       137M
Swap:         8.0G       417M       7.6G

             total       used       free     shared    buffers     cached
Mem:          2.0G       1.9G        76M       6.1M       4.6M        65M
-/+ buffers/cache:       1.8G       146M
Swap:         8.0G       434M       7.6G

             total       used       free     shared    buffers     cached
Mem:          2.0G       1.9G        65M       2.4M       4.7M        66M
-/+ buffers/cache:       1.8G       137M
Swap:         8.0G       429M       7.6G

             total       used       free     shared    buffers     cached
Mem:          2.0G       1.9G        75M       2.4M       4.7M        65M
-/+ buffers/cache:       1.8G       145M
Swap:         8.0G       428M       7.6G

             total       used       free     shared    buffers     cached
Mem:          2.0G       1.9G        74M       2.4M       4.7M        65M
-/+ buffers/cache:       1.8G       145M
Swap:         8.0G       427M       7.6G

             total       used       free     shared    buffers     cached
Mem:          2.0G       1.9G        73M       2.4M       4.7M        65M
-/+ buffers/cache:       1.8G       144M
Swap:         8.0G       426M       7.6G

             total       used       free     shared    buffers     cached
Mem:          2.0G       1.9G        73M       2.4M       4.7M        65M
-/+ buffers/cache:       1.8G       143M
Swap:         8.0G       425M       7.6G

             total       used       free     shared    buffers     cached
Mem:          2.0G       1.9G        71M       2.4M       4.8M        66M
-/+ buffers/cache:       1.8G       142M
Swap:         8.0G       424M       7.6G

             total       used       free     shared    buffers     cached
Mem:          2.0G       1.9G        70M       2.4M       4.8M        66M
-/+ buffers/cache:       1.8G       141M
Swap:         8.0G       423M       7.6G

             total       used       free     shared    buffers     cached
Mem:          2.0G       1.9G        69M       2.4M       4.8M        66M
-/+ buffers/cache:       1.8G       141M
Swap:         8.0G       423M       7.6G

             total       used       free     shared    buffers     cached
Mem:          2.0G       1.9G        68M       2.4M       4.8M        66M
-/+ buffers/cache:       1.8G       140M
Swap:         8.0G       422M       7.6G

             total       used       free     shared    buffers     cached
Mem:          2.0G       1.9G        67M       2.4M       4.8M        66M
-/+ buffers/cache:       1.8G       139M
Swap:         8.0G       421M       7.6G

             total       used       free     shared    buffers     cached
Mem:          2.0G       1.9G        66M       2.4M       4.8M        66M
-/+ buffers/cache:       1.8G       138M
Swap:         8.0G       420M       7.6G

             total       used       free     shared    buffers     cached
Mem:          2.0G       1.9G        66M       2.4M       4.8M        66M
-/+ buffers/cache:       1.8G       137M
Swap:         8.0G       419M       7.6G

             total       used       free     shared    buffers     cached
Mem:          2.0G       1.9G        65M       2.4M       4.8M        66M
-/+ buffers/cache:       1.8G       136M
Swap:         8.0G       418M       7.6G

             total       used       free     shared    buffers     cached
Mem:          2.0G       1.9G        76M       2.4M       4.4M        64M
-/+ buffers/cache:       1.8G       144M
Swap:         8.0G       436M       7.6G

             total       used       free     shared    buffers     cached
Mem:          2.0G       1.9G        75M       2.4M       4.4M        64M
-/+ buffers/cache:       1.8G       143M
Swap:         8.0G       435M       7.6G

             total       used       free     shared    buffers     cached
Mem:          2.0G       1.9G        74M       2.4M       4.4M        64M
-/+ buffers/cache:       1.8G       143M
Swap:         8.0G       435M       7.6G

             total       used       free     shared    buffers     cached
Mem:          2.0G       1.9G        73M       2.4M       4.4M        64M
-/+ buffers/cache:       1.8G       142M
Swap:         8.0G       434M       7.6G

             total       used       free     shared    buffers     cached
Mem:          2.0G       1.9G        72M       2.4M       4.4M        64M
-/+ buffers/cache:       1.8G       141M
Swap:         8.0G       433M       7.6G

             total       used       free     shared    buffers     cached
Mem:          2.0G       1.9G        71M       2.4M       4.4M        64M
-/+ buffers/cache:       1.8G       140M
Swap:         8.0G       432M       7.6G

             total       used       free     shared    buffers     cached
Mem:          2.0G       1.9G        71M       2.4M       4.4M        64M
-/+ buffers/cache:       1.8G       140M
Swap:         8.0G       432M       7.6G

             total       used       free     shared    buffers     cached
Mem:          2.0G       1.9G        70M       2.4M       4.4M        64M
-/+ buffers/cache:       1.8G       139M
Swap:         8.0G       431M       7.6G

             total       used       free     shared    buffers     cached
Mem:          2.0G       1.9G        70M       2.5M       4.6M        71M
-/+ buffers/cache:       1.8G       146M
Swap:         8.0G       439M       7.6G

             total       used       free     shared    buffers     cached
Mem:          2.0G       1.9G        79M       2.5M       8.3M        78M
-/+ buffers/cache:       1.8G       166M
Swap:         8.0G       470M       7.5G
