             total       used       free     shared    buffers     cached
Mem:          992M       659M       332M       3.2M        38M       289M
-/+ buffers/cache:       331M       660M
Swap:         8.0G         0B       8.0G

             total       used       free     shared    buffers     cached
Mem:          992M       658M       333M       1.4M        38M       287M
-/+ buffers/cache:       331M       660M
Swap:         8.0G         0B       8.0G

             total       used       free     shared    buffers     cached
Mem:          992M       658M       334M       1.4M        38M       287M
-/+ buffers/cache:       331M       660M
Swap:         8.0G         0B       8.0G

             total       used       free     shared    buffers     cached
Mem:          992M       658M       333M       1.4M        38M       287M
-/+ buffers/cache:       331M       660M
Swap:         8.0G         0B       8.0G

             total       used       free     shared    buffers     cached
Mem:          992M       658M       333M       1.4M        38M       287M
-/+ buffers/cache:       331M       660M
Swap:         8.0G         0B       8.0G

             total       used       free     shared    buffers     cached
Mem:          992M       658M       333M       1.4M        38M       287M
-/+ buffers/cache:       331M       660M
Swap:         8.0G         0B       8.0G

             total       used       free     shared    buffers     cached
Mem:          992M       657M       334M       1.4M        38M       287M
-/+ buffers/cache:       331M       660M
Swap:         8.0G         0B       8.0G

             total       used       free     shared    buffers     cached
Mem:          992M       658M       334M       1.4M        38M       288M
-/+ buffers/cache:       331M       660M
Swap:         8.0G         0B       8.0G

             total       used       free     shared    buffers     cached
Mem:          992M       661M       331M       1.4M        38M       288M
-/+ buffers/cache:       334M       657M
Swap:         8.0G         0B       8.0G

             total       used       free     shared    buffers     cached
Mem:          992M       670M       321M       1.4M        38M       288M
-/+ buffers/cache:       343M       648M
Swap:         8.0G         0B       8.0G

             total       used       free     shared    buffers     cached
Mem:          992M       698M       293M       1.4M        38M       288M
-/+ buffers/cache:       371M       620M
Swap:         8.0G         0B       8.0G

             total       used       free     shared    buffers     cached
Mem:          992M       666M       325M       1.4M        38M       289M
-/+ buffers/cache:       338M       653M
Swap:         8.0G         0B       8.0G

             total       used       free     shared    buffers     cached
Mem:          992M       675M       316M       1.4M        38M       289M
-/+ buffers/cache:       347M       644M
Swap:         8.0G         0B       8.0G

             total       used       free     shared    buffers     cached
Mem:          992M       667M       324M       1.4M        38M       289M
-/+ buffers/cache:       339M       652M
Swap:         8.0G         0B       8.0G

             total       used       free     shared    buffers     cached
Mem:          992M       667M       324M       1.4M        38M       289M
-/+ buffers/cache:       339M       653M
Swap:         8.0G         0B       8.0G

             total       used       free     shared    buffers     cached
Mem:          992M       667M       324M       1.4M        38M       289M
-/+ buffers/cache:       339M       653M
Swap:         8.0G         0B       8.0G

             total       used       free     shared    buffers     cached
Mem:          992M       667M       324M       1.4M        38M       289M
-/+ buffers/cache:       339M       653M
Swap:         8.0G         0B       8.0G

             total       used       free     shared    buffers     cached
Mem:          992M       667M       324M       1.4M        38M       289M
-/+ buffers/cache:       339M       653M
Swap:         8.0G         0B       8.0G

             total       used       free     shared    buffers     cached
Mem:          992M       667M       324M       1.4M        38M       289M
-/+ buffers/cache:       339M       653M
Swap:         8.0G         0B       8.0G

             total       used       free     shared    buffers     cached
Mem:          992M       667M       324M       1.4M        38M       289M
-/+ buffers/cache:       339M       653M
Swap:         8.0G         0B       8.0G

             total       used       free     shared    buffers     cached
Mem:          992M       667M       324M       1.4M        38M       289M
-/+ buffers/cache:       339M       653M
Swap:         8.0G         0B       8.0G

             total       used       free     shared    buffers     cached
Mem:          992M       667M       324M       1.4M        38M       289M
-/+ buffers/cache:       339M       653M
Swap:         8.0G         0B       8.0G

             total       used       free     shared    buffers     cached
Mem:          992M       667M       324M       1.4M        38M       289M
-/+ buffers/cache:       339M       653M
Swap:         8.0G         0B       8.0G

             total       used       free     shared    buffers     cached
Mem:          992M       667M       324M       1.4M        38M       289M
-/+ buffers/cache:       339M       653M
Swap:         8.0G         0B       8.0G

             total       used       free     shared    buffers     cached
Mem:          992M       667M       324M       1.4M        38M       289M
-/+ buffers/cache:       339M       653M
Swap:         8.0G         0B       8.0G

             total       used       free     shared    buffers     cached
Mem:          992M       667M       324M       1.4M        38M       289M
-/+ buffers/cache:       339M       653M
Swap:         8.0G         0B       8.0G

             total       used       free     shared    buffers     cached
Mem:          992M       667M       324M       1.4M        38M       289M
-/+ buffers/cache:       339M       653M
Swap:         8.0G         0B       8.0G

             total       used       free     shared    buffers     cached
Mem:          992M       667M       324M       1.4M        38M       289M
-/+ buffers/cache:       339M       653M
Swap:         8.0G         0B       8.0G

             total       used       free     shared    buffers     cached
Mem:          992M       667M       324M       1.4M        38M       289M
-/+ buffers/cache:       339M       653M
Swap:         8.0G         0B       8.0G

             total       used       free     shared    buffers     cached
Mem:          992M       667M       324M       1.4M        38M       289M
-/+ buffers/cache:       339M       653M
Swap:         8.0G         0B       8.0G

             total       used       free     shared    buffers     cached
Mem:          992M       667M       324M       1.4M        38M       289M
-/+ buffers/cache:       339M       653M
Swap:         8.0G         0B       8.0G

             total       used       free     shared    buffers     cached
Mem:          992M       667M       324M       1.4M        38M       289M
-/+ buffers/cache:       339M       653M
Swap:         8.0G         0B       8.0G

             total       used       free     shared    buffers     cached
Mem:          992M       667M       324M       1.4M        38M       289M
-/+ buffers/cache:       339M       653M
Swap:         8.0G         0B       8.0G

             total       used       free     shared    buffers     cached
Mem:          992M       674M       317M       1.4M        38M       289M
-/+ buffers/cache:       346M       645M
Swap:         8.0G         0B       8.0G

             total       used       free     shared    buffers     cached
Mem:          992M       695M       296M       1.4M        38M       289M
-/+ buffers/cache:       367M       624M
Swap:         8.0G         0B       8.0G

             total       used       free     shared    buffers     cached
Mem:          992M       715M       276M       1.4M        38M       289M
-/+ buffers/cache:       387M       604M
Swap:         8.0G         0B       8.0G

             total       used       free     shared    buffers     cached
Mem:          992M       735M       256M       1.4M        38M       289M
-/+ buffers/cache:       407M       584M
Swap:         8.0G         0B       8.0G

             total       used       free     shared    buffers     cached
Mem:          992M       756M       236M       1.4M        38M       289M
-/+ buffers/cache:       427M       564M
Swap:         8.0G         0B       8.0G

             total       used       free     shared    buffers     cached
Mem:          992M       776M       216M       1.4M        38M       289M
-/+ buffers/cache:       447M       544M
Swap:         8.0G         0B       8.0G

             total       used       free     shared    buffers     cached
Mem:          992M       793M       198M       1.4M        38M       289M
-/+ buffers/cache:       464M       527M
Swap:         8.0G         0B       8.0G

             total       used       free     shared    buffers     cached
Mem:          992M       809M       182M       1.4M        38M       289M
-/+ buffers/cache:       481M       511M
Swap:         8.0G         0B       8.0G

             total       used       free     shared    buffers     cached
Mem:          992M       826M       165M       1.4M        38M       289M
-/+ buffers/cache:       498M       494M
Swap:         8.0G         0B       8.0G

             total       used       free     shared    buffers     cached
Mem:          992M       843M       148M       1.4M        38M       289M
-/+ buffers/cache:       515M       477M
Swap:         8.0G         0B       8.0G

             total       used       free     shared    buffers     cached
Mem:          992M       862M       129M       1.4M        38M       289M
-/+ buffers/cache:       534M       458M
Swap:         8.0G         0B       8.0G

             total       used       free     shared    buffers     cached
Mem:          992M       881M       110M       1.4M        38M       289M
-/+ buffers/cache:       553M       439M
Swap:         8.0G         0B       8.0G

             total       used       free     shared    buffers     cached
Mem:          992M       896M        95M       1.4M        38M       289M
-/+ buffers/cache:       568M       423M
Swap:         8.0G         0B       8.0G

             total       used       free     shared    buffers     cached
Mem:          992M       915M        76M       1.4M        38M       289M
-/+ buffers/cache:       587M       404M
Swap:         8.0G         0B       8.0G

             total       used       free     shared    buffers     cached
Mem:          992M       932M        59M       1.4M        38M       289M
-/+ buffers/cache:       604M       387M
Swap:         8.0G         0B       8.0G

             total       used       free     shared    buffers     cached
Mem:          992M       926M        65M       1.4M        17M       288M
-/+ buffers/cache:       621M       371M
Swap:         8.0G         0B       8.0G

             total       used       free     shared    buffers     cached
Mem:          992M       927M        64M       1.4M        10M       279M
-/+ buffers/cache:       638M       353M
Swap:         8.0G        12K       8.0G

             total       used       free     shared    buffers     cached
Mem:          992M       928M        63M       1.4M       9.8M       263M
-/+ buffers/cache:       655M       336M
Swap:         8.0G        88K       8.0G

             total       used       free     shared    buffers     cached
Mem:          992M       927M        65M       1.3M       9.8M       244M
-/+ buffers/cache:       672M       319M
Swap:         8.0G       480K       8.0G

             total       used       free     shared    buffers     cached
Mem:          992M       922M        69M       1.2M       9.8M       226M
-/+ buffers/cache:       685M       306M
Swap:         8.0G       5.4M       8.0G

             total       used       free     shared    buffers     cached
Mem:          992M       909M        82M       1.1M       3.1M       204M
-/+ buffers/cache:       701M       290M
Swap:         8.0G       8.6M       8.0G

             total       used       free     shared    buffers     cached
Mem:          992M       917M        74M       1.1M       2.1M       193M
-/+ buffers/cache:       721M       270M
Swap:         8.0G       8.6M       8.0G

             total       used       free     shared    buffers     cached
Mem:          992M       918M        73M       1.1M       472K       178M
-/+ buffers/cache:       739M       252M
Swap:         8.0G       8.6M       8.0G

             total       used       free     shared    buffers     cached
Mem:          992M       923M        68M       1.1M       204K       165M
-/+ buffers/cache:       758M       233M
Swap:         8.0G       8.6M       8.0G

             total       used       free     shared    buffers     cached
Mem:          992M       922M        69M       1.1M       200K       145M
-/+ buffers/cache:       776M       215M
Swap:         8.0G       8.6M       8.0G

             total       used       free     shared    buffers     cached
Mem:          992M       915M        76M       1.1M        88K       128M
-/+ buffers/cache:       786M       205M
Swap:         8.0G       8.6M       8.0G

             total       used       free     shared    buffers     cached
Mem:          992M       917M        74M       1.1M        88K       113M
-/+ buffers/cache:       804M       187M
Swap:         8.0G       8.6M       8.0G

             total       used       free     shared    buffers     cached
Mem:          992M       922M        69M       1.1M        88K       102M
-/+ buffers/cache:       819M       172M
Swap:         8.0G       8.6M       8.0G

             total       used       free     shared    buffers     cached
Mem:          992M       916M        75M       1.1M       552K        80M
-/+ buffers/cache:       835M       156M
Swap:         8.0G       8.6M       8.0G

             total       used       free     shared    buffers     cached
Mem:          992M       914M        77M       1.1M       704K        63M
-/+ buffers/cache:       850M       141M
Swap:         8.0G       8.6M       8.0G

             total       used       free     shared    buffers     cached
Mem:          992M       929M        62M       1.1M       704K        63M
-/+ buffers/cache:       865M       127M
Swap:         8.0G       8.6M       8.0G

             total       used       free     shared    buffers     cached
Mem:          992M       908M        83M       1.1M       704K        28M
-/+ buffers/cache:       879M       112M
Swap:         8.0G       8.7M       8.0G

             total       used       free     shared    buffers     cached
Mem:          992M       925M        66M       1.1M       980K        28M
-/+ buffers/cache:       896M        95M
Swap:         8.0G       8.7M       8.0G

             total       used       free     shared    buffers     cached
Mem:          992M       929M        62M       1.1M       980K        15M
-/+ buffers/cache:       912M        79M
Swap:         8.0G       9.6M       8.0G

             total       used       free     shared    buffers     cached
Mem:          992M       925M        66M       1.0M       100K       3.8M
-/+ buffers/cache:       921M        70M
Swap:         8.0G        26M       8.0G

             total       used       free     shared    buffers     cached
Mem:          992M       910M        81M       688K       3.0M        18M
-/+ buffers/cache:       889M       102M
Swap:         8.0G        81M       7.9G

             total       used       free     shared    buffers     cached
Mem:          992M       924M        67M       664K       3.0M        18M
-/+ buffers/cache:       903M        88M
Swap:         8.0G        81M       7.9G

             total       used       free     shared    buffers     cached
Mem:          992M       924M        67M       664K       2.6M        16M
-/+ buffers/cache:       905M        86M
Swap:         8.0G        90M       7.9G

             total       used       free     shared    buffers     cached
Mem:          992M       924M        67M       664K       2.6M        16M
-/+ buffers/cache:       905M        86M
Swap:         8.0G       103M       7.9G

             total       used       free     shared    buffers     cached
Mem:          992M       926M        66M       660K       2.6M        15M
-/+ buffers/cache:       907M        84M
Swap:         8.0G       115M       7.9G

             total       used       free     shared    buffers     cached
Mem:          992M       921M        71M       604K       2.5M        14M
-/+ buffers/cache:       904M        87M
Swap:         8.0G       155M       7.8G

             total       used       free     shared    buffers     cached
Mem:          992M       921M        70M       600K       2.5M        14M
-/+ buffers/cache:       904M        87M
Swap:         8.0G       155M       7.8G

             total       used       free     shared    buffers     cached
Mem:          992M       915M        76M       600K       2.5M        13M
-/+ buffers/cache:       899M        93M
Swap:         8.0G       155M       7.8G

             total       used       free     shared    buffers     cached
Mem:          992M       917M        74M       600K       128K       5.7M
-/+ buffers/cache:       912M        80M
Swap:         8.0G       159M       7.8G

             total       used       free     shared    buffers     cached
Mem:          992M       918M        73M       600K       532K       2.9M
-/+ buffers/cache:       914M        77M
Swap:         8.0G       174M       7.8G

             total       used       free     shared    buffers     cached
Mem:          992M       921M        70M       580K       536K       2.8M
-/+ buffers/cache:       918M        74M
Swap:         8.0G       186M       7.8G

             total       used       free     shared    buffers     cached
Mem:          992M       923M        69M       528K       520K       2.7M
-/+ buffers/cache:       919M        72M
Swap:         8.0G       236M       7.8G

             total       used       free     shared    buffers     cached
Mem:          992M       918M        73M       532K       520K       2.7M
-/+ buffers/cache:       915M        76M
Swap:         8.0G       236M       7.8G

             total       used       free     shared    buffers     cached
Mem:          992M       914M        77M       532K       520K       2.6M
-/+ buffers/cache:       911M        80M
Swap:         8.0G       236M       7.8G

             total       used       free     shared    buffers     cached
Mem:          992M       926M        65M       532K       520K       2.7M
-/+ buffers/cache:       923M        68M
Swap:         8.0G       236M       7.8G

             total       used       free     shared    buffers     cached
Mem:          992M       917M        74M       532K       524K       2.5M
-/+ buffers/cache:       914M        77M
Swap:         8.0G       255M       7.7G

             total       used       free     shared    buffers     cached
Mem:          992M       924M        67M       532K       524K       2.8M
-/+ buffers/cache:       921M        71M
Swap:         8.0G       255M       7.7G

             total       used       free     shared    buffers     cached
Mem:          992M       918M        74M       532K       380K       2.4M
-/+ buffers/cache:       915M        76M
Swap:         8.0G       273M       7.7G

             total       used       free     shared    buffers     cached
Mem:          992M       923M        68M       532K       380K       2.4M
-/+ buffers/cache:       920M        71M
Swap:         8.0G       273M       7.7G

             total       used       free     shared    buffers     cached
Mem:          992M       917M        74M       532K       332K       2.4M
-/+ buffers/cache:       915M        77M
Swap:         8.0G       279M       7.7G

             total       used       free     shared    buffers     cached
Mem:          992M       922M        69M       532K       332K       2.4M
-/+ buffers/cache:       919M        72M
Swap:         8.0G       279M       7.7G

             total       used       free     shared    buffers     cached
Mem:          992M       928M        63M       532K       344K       2.4M
-/+ buffers/cache:       925M        66M
Swap:         8.0G       279M       7.7G

             total       used       free     shared    buffers     cached
Mem:          992M       918M        74M       532K       344K       2.4M
-/+ buffers/cache:       915M        76M
Swap:         8.0G       293M       7.7G

             total       used       free     shared    buffers     cached
Mem:          992M       923M        69M       528K       344K       2.3M
-/+ buffers/cache:       920M        71M
Swap:         8.0G       293M       7.7G

             total       used       free     shared    buffers     cached
Mem:          992M       928M        64M       528K       344K       2.4M
-/+ buffers/cache:       925M        66M
Swap:         8.0G       293M       7.7G

             total       used       free     shared    buffers     cached
Mem:          992M       910M        81M       424K       344K       2.2M
-/+ buffers/cache:       908M        84M
Swap:         8.0G       319M       7.7G

             total       used       free     shared    buffers     cached
Mem:          992M       913M        78M       424K       352K       2.2M
-/+ buffers/cache:       910M        81M
Swap:         8.0G       319M       7.7G

             total       used       free     shared    buffers     cached
Mem:          992M       917M        74M       424K       352K       2.3M
-/+ buffers/cache:       914M        77M
Swap:         8.0G       319M       7.7G

             total       used       free     shared    buffers     cached
Mem:          992M       920M        71M       424K       352K       2.3M
-/+ buffers/cache:       918M        74M
Swap:         8.0G       319M       7.7G

             total       used       free     shared    buffers     cached
Mem:          992M       925M        66M       424K       352K       2.3M
-/+ buffers/cache:       923M        69M
Swap:         8.0G       319M       7.7G

             total       used       free     shared    buffers     cached
Mem:          992M       928M        63M       424K       352K       2.3M
-/+ buffers/cache:       926M        66M
Swap:         8.0G       319M       7.7G

             total       used       free     shared    buffers     cached
Mem:          992M       917M        74M         4K       252K       1.8M
-/+ buffers/cache:       915M        77M
Swap:         8.0G       337M       7.7G

             total       used       free     shared    buffers     cached
Mem:          992M       922M        69M         4K       252K       1.8M
-/+ buffers/cache:       920M        71M
Swap:         8.0G       337M       7.7G

             total       used       free     shared    buffers     cached
Mem:          992M       917M        74M         4K       164K       1.8M
-/+ buffers/cache:       915M        76M
Swap:         8.0G       341M       7.7G

             total       used       free     shared    buffers     cached
Mem:          992M       917M        74M         4K        76K       1.8M
-/+ buffers/cache:       915M        76M
Swap:         8.0G       336M       7.7G

             total       used       free     shared    buffers     cached
Mem:          992M       918M        73M         4K        76K       1.6M
-/+ buffers/cache:       916M        75M
Swap:         8.0G       329M       7.7G

             total       used       free     shared    buffers     cached
Mem:          992M       921M        70M         4K        76K       1.5M
-/+ buffers/cache:       919M        72M
Swap:         8.0G       324M       7.7G

             total       used       free     shared    buffers     cached
Mem:          992M       917M        74M         0B        84K       1.5M
-/+ buffers/cache:       916M        75M
Swap:         8.0G       325M       7.7G

             total       used       free     shared    buffers     cached
Mem:          992M       918M        73M         0B        84K       1.4M
-/+ buffers/cache:       916M        75M
Swap:         8.0G       323M       7.7G

             total       used       free     shared    buffers     cached
Mem:          992M       926M        65M         0B        84K       1.4M
-/+ buffers/cache:       924M        67M
Swap:         8.0G       318M       7.7G

             total       used       free     shared    buffers     cached
Mem:          992M       922M        69M         0B        80K       1.3M
-/+ buffers/cache:       921M        70M
Swap:         8.0G       331M       7.7G

             total       used       free     shared    buffers     cached
Mem:          992M       918M        73M         0B        76K       1.3M
-/+ buffers/cache:       917M        74M
Swap:         8.0G       325M       7.7G

             total       used       free     shared    buffers     cached
Mem:          992M       917M        74M         0B        84K       1.3M
-/+ buffers/cache:       916M        75M
Swap:         8.0G       328M       7.7G

             total       used       free     shared    buffers     cached
Mem:          992M       924M        67M         0B        84K       1.3M
-/+ buffers/cache:       923M        69M
Swap:         8.0G       322M       7.7G

             total       used       free     shared    buffers     cached
Mem:          992M       919M        72M         0B        84K       1.3M
-/+ buffers/cache:       918M        73M
Swap:         8.0G       334M       7.7G

             total       used       free     shared    buffers     cached
Mem:          992M       890M       101M         0B        84K       1.2M
-/+ buffers/cache:       889M       102M
Swap:         8.0G       411M       7.6G

             total       used       free     shared    buffers     cached
Mem:          992M       924M        67M         0B        84K       1.5M
-/+ buffers/cache:       922M        69M
Swap:         8.0G       364M       7.6G

             total       used       free     shared    buffers     cached
Mem:          992M       928M        63M         0B        92K       1.5M
-/+ buffers/cache:       927M        65M
Swap:         8.0G       362M       7.6G

             total       used       free     shared    buffers     cached
Mem:          992M       917M        74M         0B        92K       1.6M
-/+ buffers/cache:       915M        76M
Swap:         8.0G       361M       7.6G

             total       used       free     shared    buffers     cached
Mem:          992M       924M        67M         0B        92K       1.5M
-/+ buffers/cache:       922M        69M
Swap:         8.0G       360M       7.6G

             total       used       free     shared    buffers     cached
Mem:          992M       913M        78M         0B        92K       1.5M
-/+ buffers/cache:       911M        80M
Swap:         8.0G       360M       7.6G

             total       used       free     shared    buffers     cached
Mem:          992M       919M        72M         0B        92K       1.5M
-/+ buffers/cache:       917M        74M
Swap:         8.0G       360M       7.6G

             total       used       free     shared    buffers     cached
Mem:          992M       916M        75M         0B        84K        19M
-/+ buffers/cache:       897M        94M
Swap:         8.0G       390M       7.6G

             total       used       free     shared    buffers     cached
Mem:          992M       921M        70M         0B       700K        19M
-/+ buffers/cache:       901M        90M
Swap:         8.0G       390M       7.6G

             total       used       free     shared    buffers     cached
Mem:          992M       925M        66M         0B       700K        19M
-/+ buffers/cache:       905M        86M
Swap:         8.0G       390M       7.6G

             total       used       free     shared    buffers     cached
Mem:          992M       911M        80M         0B       700K        18M
-/+ buffers/cache:       892M        99M
Swap:         8.0G       406M       7.6G

             total       used       free     shared    buffers     cached
Mem:          992M       912M        79M         0B       700K        18M
-/+ buffers/cache:       893M        98M
Swap:         8.0G       406M       7.6G

             total       used       free     shared    buffers     cached
Mem:          992M       914M        77M         0B       700K        18M
-/+ buffers/cache:       895M        96M
Swap:         8.0G       405M       7.6G

             total       used       free     shared    buffers     cached
Mem:          992M       916M        75M         0B       708K        18M
-/+ buffers/cache:       897M        94M
Swap:         8.0G       404M       7.6G

             total       used       free     shared    buffers     cached
Mem:          992M       918M        73M         0B       708K        18M
-/+ buffers/cache:       899M        93M
Swap:         8.0G       403M       7.6G

             total       used       free     shared    buffers     cached
Mem:          992M       921M        71M         0B       708K        18M
-/+ buffers/cache:       901M        90M
Swap:         8.0G       402M       7.6G

             total       used       free     shared    buffers     cached
Mem:          992M       922M        69M         0B       708K        18M
-/+ buffers/cache:       903M        88M
Swap:         8.0G       401M       7.6G

             total       used       free     shared    buffers     cached
Mem:          992M       925M        66M         0B       708K        19M
-/+ buffers/cache:       905M        86M
Swap:         8.0G       400M       7.6G

             total       used       free     shared    buffers     cached
Mem:          992M       927M        64M         0B       716K        19M
-/+ buffers/cache:       907M        84M
Swap:         8.0G       399M       7.6G

             total       used       free     shared    buffers     cached
Mem:          992M       929M        62M         0B       716K        19M
-/+ buffers/cache:       909M        82M
Swap:         8.0G       398M       7.6G

             total       used       free     shared    buffers     cached
Mem:          992M       912M        79M         0B       716K        17M
-/+ buffers/cache:       894M        98M
Swap:         8.0G       427M       7.6G

             total       used       free     shared    buffers     cached
Mem:          992M       913M        78M         0B       716K        17M
-/+ buffers/cache:       895M        96M
Swap:         8.0G       426M       7.6G

             total       used       free     shared    buffers     cached
Mem:          992M       916M        75M         0B       716K        17M
-/+ buffers/cache:       898M        94M
Swap:         8.0G       425M       7.6G

             total       used       free     shared    buffers     cached
Mem:          992M       918M        73M         0B       716K        17M
-/+ buffers/cache:       900M        91M
Swap:         8.0G       424M       7.6G

             total       used       free     shared    buffers     cached
Mem:          992M       919M        72M         0B       724K        17M
-/+ buffers/cache:       901M        90M
Swap:         8.0G       424M       7.6G

             total       used       free     shared    buffers     cached
Mem:          992M       921M        70M         0B       724K        17M
-/+ buffers/cache:       903M        88M
Swap:         8.0G       423M       7.6G

             total       used       free     shared    buffers     cached
Mem:          992M       924M        68M         0B       724K        17M
-/+ buffers/cache:       905M        86M
Swap:         8.0G       421M       7.6G

             total       used       free     shared    buffers     cached
Mem:          992M       926M        65M         0B       724K        17M
-/+ buffers/cache:       908M        84M
Swap:         8.0G       420M       7.6G

             total       used       free     shared    buffers     cached
Mem:          992M       928M        63M         0B       724K        17M
-/+ buffers/cache:       910M        82M
Swap:         8.0G       419M       7.6G

             total       used       free     shared    buffers     cached
Mem:          992M       915M        77M         0B       716K        16M
-/+ buffers/cache:       897M        94M
Swap:         8.0G       419M       7.6G

             total       used       free     shared    buffers     cached
Mem:          992M       917M        74M         0B       716K        16M
-/+ buffers/cache:       899M        92M
Swap:         8.0G       418M       7.6G

             total       used       free     shared    buffers     cached
Mem:          992M       919M        72M         0B       716K        16M
-/+ buffers/cache:       901M        90M
Swap:         8.0G       417M       7.6G

             total       used       free     shared    buffers     cached
Mem:          992M       921M        70M         0B       716K        16M
-/+ buffers/cache:       903M        88M
Swap:         8.0G       416M       7.6G

             total       used       free     shared    buffers     cached
Mem:          992M       923M        68M         0B       716K        16M
-/+ buffers/cache:       905M        86M
Swap:         8.0G       415M       7.6G

             total       used       free     shared    buffers     cached
Mem:          992M       925M        66M         0B       724K        16M
-/+ buffers/cache:       907M        84M
Swap:         8.0G       414M       7.6G

             total       used       free     shared    buffers     cached
Mem:          992M       927M        64M         0B       724K        16M
-/+ buffers/cache:       909M        82M
Swap:         8.0G       413M       7.6G

             total       used       free     shared    buffers     cached
Mem:          992M       914M        78M         0B       724K        15M
-/+ buffers/cache:       897M        94M
Swap:         8.0G       438M       7.6G

             total       used       free     shared    buffers     cached
Mem:          992M       915M        76M         0B       724K        15M
-/+ buffers/cache:       899M        92M
Swap:         8.0G       437M       7.6G

             total       used       free     shared    buffers     cached
Mem:          992M       918M        74M         0B       724K        15M
-/+ buffers/cache:       902M        90M
Swap:         8.0G       436M       7.6G

             total       used       free     shared    buffers     cached
Mem:          992M       920M        72M         0B       724K        15M
-/+ buffers/cache:       904M        88M
Swap:         8.0G       435M       7.6G

             total       used       free     shared    buffers     cached
Mem:          992M       921M        70M         0B       732K        15M
-/+ buffers/cache:       905M        86M
Swap:         8.0G       434M       7.6G

             total       used       free     shared    buffers     cached
Mem:          992M       923M        68M         0B       732K        15M
-/+ buffers/cache:       907M        84M
Swap:         8.0G       433M       7.6G

             total       used       free     shared    buffers     cached
Mem:          992M       926M        66M         0B       732K        15M
-/+ buffers/cache:       910M        82M
Swap:         8.0G       432M       7.6G

             total       used       free     shared    buffers     cached
Mem:          992M       928M        63M         0B       732K        15M
-/+ buffers/cache:       912M        79M
Swap:         8.0G       431M       7.6G

             total       used       free     shared    buffers     cached
Mem:          992M       918M        73M         0B       700K        14M
-/+ buffers/cache:       903M        89M
Swap:         8.0G       432M       7.6G

             total       used       free     shared    buffers     cached
Mem:          992M       920M        71M         0B       708K        14M
-/+ buffers/cache:       905M        87M
Swap:         8.0G       431M       7.6G

             total       used       free     shared    buffers     cached
Mem:          992M       922M        69M         0B       708K        14M
-/+ buffers/cache:       907M        84M
Swap:         8.0G       430M       7.6G

             total       used       free     shared    buffers     cached
Mem:          992M       924M        67M         0B       708K        14M
-/+ buffers/cache:       909M        82M
Swap:         8.0G       429M       7.6G

             total       used       free     shared    buffers     cached
Mem:          992M       927M        64M         0B       708K        14M
-/+ buffers/cache:       911M        80M
Swap:         8.0G       428M       7.6G

             total       used       free     shared    buffers     cached
Mem:          992M       929M        62M         0B       708K        14M
-/+ buffers/cache:       913M        78M
Swap:         8.0G       427M       7.6G

             total       used       free     shared    buffers     cached
Mem:          992M       914M        77M         0B       100K       7.2M
-/+ buffers/cache:       907M        85M
Swap:         8.0G       441M       7.6G

             total       used       free     shared    buffers     cached
Mem:          992M       916M        75M         0B       100K       7.2M
-/+ buffers/cache:       909M        83M
Swap:         8.0G       440M       7.6G

             total       used       free     shared    buffers     cached
Mem:          992M       918M        73M         0B       116K       7.1M
-/+ buffers/cache:       911M        80M
Swap:         8.0G       439M       7.6G

             total       used       free     shared    buffers     cached
Mem:          992M       920M        71M         0B       116K       7.2M
-/+ buffers/cache:       913M        78M
Swap:         8.0G       438M       7.6G

             total       used       free     shared    buffers     cached
Mem:          992M       923M        68M         0B       116K       7.2M
-/+ buffers/cache:       915M        76M
Swap:         8.0G       437M       7.6G

             total       used       free     shared    buffers     cached
Mem:          992M       925M        66M         0B       116K       7.1M
-/+ buffers/cache:       918M        73M
Swap:         8.0G       436M       7.6G

             total       used       free     shared    buffers     cached
Mem:          992M       927M        64M         0B       124K       7.2M
-/+ buffers/cache:       920M        71M
Swap:         8.0G       435M       7.6G

             total       used       free     shared    buffers     cached
Mem:          992M       916M        75M         0B        84K       1.8M
-/+ buffers/cache:       914M        77M
Swap:         8.0G       442M       7.6G

             total       used       free     shared    buffers     cached
Mem:          992M       917M        74M         0B       216K       1.8M
-/+ buffers/cache:       915M        76M
Swap:         8.0G       442M       7.6G

             total       used       free     shared    buffers     cached
Mem:          992M       919M        72M         0B       216K       1.8M
-/+ buffers/cache:       917M        74M
Swap:         8.0G       441M       7.6G

             total       used       free     shared    buffers     cached
Mem:          992M       921M        70M         0B       492K       1.8M
-/+ buffers/cache:       919M        72M
Swap:         8.0G       440M       7.6G

             total       used       free     shared    buffers     cached
Mem:          992M       923M        68M         0B       500K       1.8M
-/+ buffers/cache:       921M        71M
Swap:         8.0G       439M       7.6G

             total       used       free     shared    buffers     cached
Mem:          992M       925M        67M         0B       500K       1.8M
-/+ buffers/cache:       922M        69M
Swap:         8.0G       438M       7.6G

             total       used       free     shared    buffers     cached
Mem:          992M       928M        63M         0B       500K       3.7M
-/+ buffers/cache:       924M        67M
Swap:         8.0G       437M       7.6G

             total       used       free     shared    buffers     cached
Mem:          992M       909M        82M         0B       484K       2.9M
-/+ buffers/cache:       906M        86M
Swap:         8.0G       451M       7.6G

             total       used       free     shared    buffers     cached
Mem:          992M       910M        81M         0B       484K       2.9M
-/+ buffers/cache:       906M        85M
Swap:         8.0G       450M       7.6G

             total       used       free     shared    buffers     cached
Mem:          992M       911M        80M         0B       492K       2.9M
-/+ buffers/cache:       908M        84M
Swap:         8.0G       450M       7.6G

             total       used       free     shared    buffers     cached
Mem:          992M       917M        74M         0B        96K        17M
-/+ buffers/cache:       900M        91M
Swap:         8.0G       452M       7.6G

             total       used       free     shared    buffers     cached
Mem:          992M       914M        77M         0B       744K        25M
-/+ buffers/cache:       888M       104M
Swap:         8.0G       478M       7.5G

             total       used       free     shared    buffers     cached
Mem:          992M       928M        63M        16K       744K        30M
-/+ buffers/cache:       897M        95M
Swap:         8.0G       471M       7.5G

             total       used       free     shared    buffers     cached
Mem:          992M       917M        74M        16K       744K        29M
-/+ buffers/cache:       887M       104M
Swap:         8.0G       471M       7.5G

             total       used       free     shared    buffers     cached
Mem:          992M       918M        73M        16K       744K        29M
-/+ buffers/cache:       888M       104M
Swap:         8.0G       470M       7.5G

             total       used       free     shared    buffers     cached
Mem:          992M       919M        73M        16K       752K        29M
-/+ buffers/cache:       888M       103M
Swap:         8.0G       470M       7.5G

             total       used       free     shared    buffers     cached
Mem:          992M       920M        71M        16K       752K        29M
-/+ buffers/cache:       890M       102M
Swap:         8.0G       469M       7.5G

             total       used       free     shared    buffers     cached
Mem:          992M       921M        70M        16K       752K        29M
-/+ buffers/cache:       891M       100M
Swap:         8.0G       469M       7.5G

             total       used       free     shared    buffers     cached
Mem:          992M       925M        67M        16K       752K        30M
-/+ buffers/cache:       893M        98M
Swap:         8.0G       467M       7.5G

             total       used       free     shared    buffers     cached
Mem:          992M       926M        65M        16K       752K        30M
-/+ buffers/cache:       894M        97M
Swap:         8.0G       467M       7.5G

             total       used       free     shared    buffers     cached
Mem:          992M       927M        64M        16K       760K        30M
-/+ buffers/cache:       896M        96M
Swap:         8.0G       466M       7.5G

             total       used       free     shared    buffers     cached
Mem:          992M       928M        63M        16K       760K        30M
-/+ buffers/cache:       897M        94M
Swap:         8.0G       466M       7.5G

             total       used       free     shared    buffers     cached
Mem:          992M       915M        76M        16K       760K        27M
-/+ buffers/cache:       887M       104M
Swap:         8.0G       484M       7.5G

             total       used       free     shared    buffers     cached
Mem:          992M       917M        74M        16K       760K        27M
-/+ buffers/cache:       889M       103M
Swap:         8.0G       483M       7.5G

             total       used       free     shared    buffers     cached
Mem:          992M       918M        73M        16K       760K        27M
-/+ buffers/cache:       890M       101M
Swap:         8.0G       482M       7.5G

             total       used       free     shared    buffers     cached
Mem:          992M       920M        71M        16K       760K        27M
-/+ buffers/cache:       892M       100M
Swap:         8.0G       482M       7.5G

             total       used       free     shared    buffers     cached
Mem:          992M       921M        70M        16K       768K        27M
-/+ buffers/cache:       893M        98M
Swap:         8.0G       481M       7.5G

             total       used       free     shared    buffers     cached
Mem:          992M       923M        69M        16K       768K        27M
-/+ buffers/cache:       894M        97M
Swap:         8.0G       480M       7.5G

             total       used       free     shared    buffers     cached
Mem:          992M       924M        67M        16K       768K        27M
-/+ buffers/cache:       896M        95M
Swap:         8.0G       480M       7.5G

             total       used       free     shared    buffers     cached
Mem:          992M       926M        65M        16K       768K        27M
-/+ buffers/cache:       898M        94M
Swap:         8.0G       479M       7.5G

             total       used       free     shared    buffers     cached
Mem:          992M       928M        63M        16K       768K        27M
-/+ buffers/cache:       899M        92M
Swap:         8.0G       478M       7.5G

             total       used       free     shared    buffers     cached
Mem:          992M       917M        74M        16K       716K        27M
-/+ buffers/cache:       889M       102M
Swap:         8.0G       487M       7.5G

             total       used       free     shared    buffers     cached
Mem:          992M       918M        73M        16K       716K        27M
-/+ buffers/cache:       890M       101M
Swap:         8.0G       486M       7.5G

             total       used       free     shared    buffers     cached
Mem:          992M       920M        72M        16K       716K        27M
-/+ buffers/cache:       892M        99M
Swap:         8.0G       485M       7.5G

             total       used       free     shared    buffers     cached
Mem:          992M       921M        70M        16K       716K        27M
-/+ buffers/cache:       893M        98M
Swap:         8.0G       485M       7.5G

             total       used       free     shared    buffers     cached
Mem:          992M       923M        68M        16K       716K        27M
-/+ buffers/cache:       895M        96M
Swap:         8.0G       484M       7.5G

             total       used       free     shared    buffers     cached
Mem:          992M       924M        67M        16K       716K        27M
-/+ buffers/cache:       897M        95M
Swap:         8.0G       483M       7.5G

             total       used       free     shared    buffers     cached
Mem:          992M       926M        65M        16K       724K        27M
-/+ buffers/cache:       898M        93M
Swap:         8.0G       483M       7.5G

             total       used       free     shared    buffers     cached
Mem:          992M       927M        64M        16K       724K        27M
-/+ buffers/cache:       900M        92M
Swap:         8.0G       482M       7.5G

             total       used       free     shared    buffers     cached
Mem:          992M       929M        63M        16K       724K        27M
-/+ buffers/cache:       901M        90M
Swap:         8.0G       481M       7.5G

             total       used       free     shared    buffers     cached
Mem:          992M       918M        73M        16K       728K        26M
-/+ buffers/cache:       890M       101M
Swap:         8.0G       485M       7.5G

             total       used       free     shared    buffers     cached
Mem:          992M       919M        72M        16K       728K        26M
-/+ buffers/cache:       892M       100M
Swap:         8.0G       484M       7.5G

             total       used       free     shared    buffers     cached
Mem:          992M       920M        71M        16K       736K        26M
-/+ buffers/cache:       893M        98M
Swap:         8.0G       484M       7.5G

             total       used       free     shared    buffers     cached
Mem:          992M       922M        69M        16K       736K        26M
-/+ buffers/cache:       894M        97M
Swap:         8.0G       483M       7.5G

             total       used       free     shared    buffers     cached
Mem:          992M       923M        68M        16K       736K        26M
-/+ buffers/cache:       896M        96M
Swap:         8.0G       482M       7.5G

             total       used       free     shared    buffers     cached
Mem:          992M       925M        67M        16K       736K        26M
-/+ buffers/cache:       897M        94M
Swap:         8.0G       482M       7.5G

             total       used       free     shared    buffers     cached
Mem:          992M       926M        65M        16K       736K        26M
-/+ buffers/cache:       899M        93M
Swap:         8.0G       481M       7.5G

             total       used       free     shared    buffers     cached
Mem:          992M       927M        64M        16K       736K        26M
-/+ buffers/cache:       900M        91M
Swap:         8.0G       480M       7.5G

             total       used       free     shared    buffers     cached
Mem:          992M       929M        62M        16K       744K        26M
-/+ buffers/cache:       902M        90M
Swap:         8.0G       480M       7.5G

             total       used       free     shared    buffers     cached
Mem:          992M       913M        79M        16K       744K        25M
-/+ buffers/cache:       887M       104M
Swap:         8.0G       497M       7.5G

             total       used       free     shared    buffers     cached
Mem:          992M       914M        77M        16K       744K        25M
-/+ buffers/cache:       888M       103M
Swap:         8.0G       496M       7.5G

             total       used       free     shared    buffers     cached
Mem:          992M       915M        76M        16K       744K        25M
-/+ buffers/cache:       889M       102M
Swap:         8.0G       496M       7.5G

             total       used       free     shared    buffers     cached
Mem:          992M       917M        75M        16K       744K        25M
-/+ buffers/cache:       891M       100M
Swap:         8.0G       495M       7.5G

             total       used       free     shared    buffers     cached
Mem:          992M       918M        73M        16K       752K        25M
-/+ buffers/cache:       892M        99M
Swap:         8.0G       494M       7.5G

             total       used       free     shared    buffers     cached
Mem:          992M       919M        72M        16K       752K        25M
-/+ buffers/cache:       893M        98M
Swap:         8.0G       494M       7.5G

             total       used       free     shared    buffers     cached
Mem:          992M       920M        71M        16K       752K        25M
-/+ buffers/cache:       894M        97M
Swap:         8.0G       493M       7.5G

             total       used       free     shared    buffers     cached
Mem:          992M       922M        69M        16K       752K        25M
-/+ buffers/cache:       896M        95M
Swap:         8.0G       492M       7.5G

             total       used       free     shared    buffers     cached
Mem:          992M       924M        67M        16K       752K        25M
-/+ buffers/cache:       898M        93M
Swap:         8.0G       491M       7.5G

             total       used       free     shared    buffers     cached
Mem:          992M       925M        66M        16K       752K        25M
-/+ buffers/cache:       899M        92M
Swap:         8.0G       490M       7.5G

             total       used       free     shared    buffers     cached
Mem:          992M       927M        65M        16K       760K        25M
-/+ buffers/cache:       901M        90M
Swap:         8.0G       490M       7.5G

             total       used       free     shared    buffers     cached
Mem:          992M       928M        63M        16K       760K        25M
-/+ buffers/cache:       902M        89M
Swap:         8.0G       489M       7.5G

             total       used       free     shared    buffers     cached
Mem:          992M       917M        74M        16K       452K        24M
-/+ buffers/cache:       893M        99M
Swap:         8.0G       495M       7.5G

             total       used       free     shared    buffers     cached
Mem:          992M       919M        72M        16K       452K        24M
-/+ buffers/cache:       894M        97M
Swap:         8.0G       494M       7.5G

             total       used       free     shared    buffers     cached
Mem:          992M       920M        71M        16K       452K        24M
-/+ buffers/cache:       895M        96M
Swap:         8.0G       494M       7.5G

             total       used       free     shared    buffers     cached
Mem:          992M       921M        70M        16K       460K        24M
-/+ buffers/cache:       897M        94M
Swap:         8.0G       493M       7.5G

             total       used       free     shared    buffers     cached
Mem:          992M       923M        69M        16K       460K        24M
-/+ buffers/cache:       898M        93M
Swap:         8.0G       492M       7.5G

             total       used       free     shared    buffers     cached
Mem:          992M       924M        67M        16K       460K        24M
-/+ buffers/cache:       899M        92M
Swap:         8.0G       492M       7.5G

             total       used       free     shared    buffers     cached
Mem:          992M       926M        66M        16K       460K        24M
-/+ buffers/cache:       901M        90M
Swap:         8.0G       491M       7.5G

             total       used       free     shared    buffers     cached
Mem:          992M       927M        64M        16K       460K        24M
-/+ buffers/cache:       903M        89M
Swap:         8.0G       490M       7.5G

             total       used       free     shared    buffers     cached
Mem:          992M       929M        62M        16K       460K        24M
-/+ buffers/cache:       904M        87M
Swap:         8.0G       489M       7.5G

             total       used       free     shared    buffers     cached
Mem:          992M       924M        67M        16K       132K        24M
-/+ buffers/cache:       899M        92M
Swap:         8.0G       497M       7.5G

             total       used       free     shared    buffers     cached
Mem:          992M       925M        66M        16K       172K        24M
-/+ buffers/cache:       900M        91M
Swap:         8.0G       497M       7.5G

             total       used       free     shared    buffers     cached
Mem:          992M       927M        65M        16K       172K        24M
-/+ buffers/cache:       902M        90M
Swap:         8.0G       496M       7.5G

             total       used       free     shared    buffers     cached
Mem:          992M       928M        63M        16K       172K        24M
-/+ buffers/cache:       903M        88M
Swap:         8.0G       495M       7.5G

             total       used       free     shared    buffers     cached
Mem:          992M       918M        74M        16K       120K        19M
-/+ buffers/cache:       898M        93M
Swap:         8.0G       494M       7.5G

             total       used       free     shared    buffers     cached
Mem:          992M       920M        71M        16K       528K        19M
-/+ buffers/cache:       900M        91M
Swap:         8.0G       494M       7.5G

             total       used       free     shared    buffers     cached
Mem:          992M       922M        69M        16K       664K        20M
-/+ buffers/cache:       901M        90M
Swap:         8.0G       493M       7.5G

             total       used       free     shared    buffers     cached
Mem:          992M       923M        68M        20K       664K        20M
-/+ buffers/cache:       903M        89M
Swap:         8.0G       492M       7.5G

             total       used       free     shared    buffers     cached
Mem:          992M       925M        66M        20K       664K        20M
-/+ buffers/cache:       904M        87M
Swap:         8.0G       491M       7.5G

             total       used       free     shared    buffers     cached
Mem:          992M       904M        87M        20K       648K        19M
-/+ buffers/cache:       884M       107M
Swap:         8.0G       516M       7.5G

             total       used       free     shared    buffers     cached
Mem:          992M       905M        86M        20K       648K        19M
-/+ buffers/cache:       885M       106M
Swap:         8.0G       515M       7.5G

             total       used       free     shared    buffers     cached
Mem:          992M       914M        77M        20K       656K        23M
-/+ buffers/cache:       890M       101M
Swap:         8.0G       513M       7.5G

             total       used       free     shared    buffers     cached
Mem:          992M       915M        76M        20K       656K        23M
-/+ buffers/cache:       891M       100M
Swap:         8.0G       513M       7.5G

             total       used       free     shared    buffers     cached
Mem:          992M       916M        76M        20K       656K        23M
-/+ buffers/cache:       892M        99M
Swap:         8.0G       512M       7.5G

             total       used       free     shared    buffers     cached
Mem:          992M       916M        75M        20K       656K        23M
-/+ buffers/cache:       892M        99M
Swap:         8.0G       512M       7.5G

             total       used       free     shared    buffers     cached
Mem:          992M       917M        74M        20K       656K        23M
-/+ buffers/cache:       893M        98M
Swap:         8.0G       512M       7.5G

             total       used       free     shared    buffers     cached
Mem:          992M       918M        74M        20K       664K        23M
-/+ buffers/cache:       894M        97M
Swap:         8.0G       511M       7.5G

             total       used       free     shared    buffers     cached
Mem:          992M       918M        73M        20K       664K        23M
-/+ buffers/cache:       895M        97M
Swap:         8.0G       511M       7.5G

             total       used       free     shared    buffers     cached
Mem:          992M       919M        72M        20K       664K        23M
-/+ buffers/cache:       895M        96M
Swap:         8.0G       511M       7.5G

             total       used       free     shared    buffers     cached
Mem:          992M       920M        72M        20K       664K        23M
-/+ buffers/cache:       896M        95M
Swap:         8.0G       510M       7.5G

             total       used       free     shared    buffers     cached
Mem:          992M       920M        71M        20K       664K        23M
-/+ buffers/cache:       897M        95M
Swap:         8.0G       510M       7.5G

             total       used       free     shared    buffers     cached
Mem:          992M       924M        68M       176K       1.7M        39M
-/+ buffers/cache:       883M       109M
Swap:         8.0G       527M       7.5G

             total       used       free     shared    buffers     cached
Mem:          992M       925M        66M       3.8M       5.3M        54M
-/+ buffers/cache:       865M       126M
Swap:         8.0G       562M       7.4G

             total       used       free     shared    buffers     cached
Mem:          992M       918M        73M       220K       4.6M        63M
-/+ buffers/cache:       849M       142M
Swap:         8.0G       574M       7.4G

             total       used       free     shared    buffers     cached
Mem:          992M       912M        79M       264K       4.4M        62M
-/+ buffers/cache:       844M       147M
Swap:         8.0G       585M       7.4G

             total       used       free     shared    buffers     cached
Mem:          992M       913M        78M       248K       4.4M        62M
-/+ buffers/cache:       846M       145M
Swap:         8.0G       585M       7.4G

             total       used       free     shared    buffers     cached
Mem:          992M       915M        77M       248K       4.4M        62M
-/+ buffers/cache:       847M       144M
Swap:         8.0G       584M       7.4G

             total       used       free     shared    buffers     cached
Mem:          992M       915M        76M       248K       4.4M        62M
-/+ buffers/cache:       848M       143M
Swap:         8.0G       584M       7.4G

             total       used       free     shared    buffers     cached
Mem:          992M       917M        75M       248K       4.4M        62M
-/+ buffers/cache:       849M       142M
Swap:         8.0G       583M       7.4G

             total       used       free     shared    buffers     cached
Mem:          992M       919M        72M       248K       4.5M        63M
-/+ buffers/cache:       851M       140M
Swap:         8.0G       582M       7.4G

             total       used       free     shared    buffers     cached
Mem:          992M       921M        70M       248K       4.5M        63M
-/+ buffers/cache:       852M       139M
Swap:         8.0G       582M       7.4G

             total       used       free     shared    buffers     cached
Mem:          992M       922M        69M       248K       4.5M        63M
-/+ buffers/cache:       854M       137M
Swap:         8.0G       581M       7.4G

             total       used       free     shared    buffers     cached
Mem:          992M       924M        68M       248K       4.5M        63M
-/+ buffers/cache:       855M       136M
Swap:         8.0G       580M       7.4G

             total       used       free     shared    buffers     cached
Mem:          992M       925M        66M       248K       4.5M        64M
-/+ buffers/cache:       857M       135M
Swap:         8.0G       580M       7.4G

             total       used       free     shared    buffers     cached
Mem:          992M       927M        65M       248K       4.5M        64M
-/+ buffers/cache:       858M       133M
Swap:         8.0G       579M       7.4G

             total       used       free     shared    buffers     cached
Mem:          992M       928M        63M       248K       4.5M        64M
-/+ buffers/cache:       859M       132M
Swap:         8.0G       578M       7.4G

             total       used       free     shared    buffers     cached
Mem:          992M       915M        76M       248K       4.5M        63M
-/+ buffers/cache:       848M       144M
Swap:         8.0G       586M       7.4G

             total       used       free     shared    buffers     cached
Mem:          992M       917M        74M       248K       4.5M        63M
-/+ buffers/cache:       849M       142M
Swap:         8.0G       586M       7.4G

             total       used       free     shared    buffers     cached
Mem:          992M       918M        73M       248K       4.5M        63M
-/+ buffers/cache:       851M       141M
Swap:         8.0G       585M       7.4G

             total       used       free     shared    buffers     cached
Mem:          992M       920M        72M       248K       4.5M        63M
-/+ buffers/cache:       852M       139M
Swap:         8.0G       585M       7.4G

             total       used       free     shared    buffers     cached
Mem:          992M       921M        70M       248K       4.5M        63M
-/+ buffers/cache:       853M       138M
Swap:         8.0G       584M       7.4G

             total       used       free     shared    buffers     cached
Mem:          992M       922M        69M       248K       4.5M        63M
-/+ buffers/cache:       855M       137M
Swap:         8.0G       583M       7.4G

             total       used       free     shared    buffers     cached
Mem:          992M       924M        68M       248K       4.5M        63M
-/+ buffers/cache:       856M       135M
Swap:         8.0G       583M       7.4G

             total       used       free     shared    buffers     cached
Mem:          992M       925M        66M       248K       4.5M        63M
-/+ buffers/cache:       857M       134M
Swap:         8.0G       582M       7.4G

             total       used       free     shared    buffers     cached
Mem:          992M       927M        65M       248K       4.5M        63M
-/+ buffers/cache:       859M       132M
Swap:         8.0G       582M       7.4G

             total       used       free     shared    buffers     cached
Mem:          992M       928M        63M       248K       4.5M        63M
-/+ buffers/cache:       860M       131M
Swap:         8.0G       581M       7.4G

             total       used       free     shared    buffers     cached
Mem:          992M       915M        76M       248K       4.5M        62M
-/+ buffers/cache:       848M       143M
Swap:         8.0G       596M       7.4G

             total       used       free     shared    buffers     cached
Mem:          992M       916M        75M       248K       4.5M        62M
-/+ buffers/cache:       849M       142M
Swap:         8.0G       596M       7.4G

             total       used       free     shared    buffers     cached
Mem:          992M       917M        74M       248K       4.5M        62M
-/+ buffers/cache:       850M       141M
Swap:         8.0G       595M       7.4G

             total       used       free     shared    buffers     cached
Mem:          992M       919M        72M       248K       4.5M        62M
-/+ buffers/cache:       852M       139M
Swap:         8.0G       594M       7.4G

             total       used       free     shared    buffers     cached
Mem:          992M       920M        71M       248K       4.5M        62M
-/+ buffers/cache:       853M       138M
Swap:         8.0G       594M       7.4G

             total       used       free     shared    buffers     cached
Mem:          992M       922M        70M       248K       4.5M        62M
-/+ buffers/cache:       855M       137M
Swap:         8.0G       593M       7.4G

             total       used       free     shared    buffers     cached
Mem:          992M       923M        68M       248K       4.5M        62M
-/+ buffers/cache:       856M       135M
Swap:         8.0G       593M       7.4G

             total       used       free     shared    buffers     cached
Mem:          992M       924M        67M       248K       4.5M        62M
-/+ buffers/cache:       857M       134M
Swap:         8.0G       592M       7.4G

             total       used       free     shared    buffers     cached
Mem:          992M       926M        66M       248K       4.5M        62M
-/+ buffers/cache:       859M       133M
Swap:         8.0G       592M       7.4G

             total       used       free     shared    buffers     cached
Mem:          992M       927M        64M       248K       4.5M        62M
-/+ buffers/cache:       860M       131M
Swap:         8.0G       591M       7.4G

             total       used       free     shared    buffers     cached
Mem:          992M       928M        63M       248K       4.5M        62M
-/+ buffers/cache:       861M       130M
Swap:         8.0G       590M       7.4G

             total       used       free     shared    buffers     cached
Mem:          992M       917M        74M       248K       4.0M        62M
-/+ buffers/cache:       851M       140M
Swap:         8.0G       592M       7.4G

             total       used       free     shared    buffers     cached
Mem:          992M       911M        80M       300K       7.9M        70M
-/+ buffers/cache:       833M       158M
Swap:         8.0G       618M       7.4G

             total       used       free     shared    buffers     cached
Mem:          992M       910M        81M       328K       8.4M        73M
-/+ buffers/cache:       828M       163M
Swap:         8.0G       617M       7.4G
