             total       used       free     shared    buffers     cached
Mem:          992M       657M       334M       3.2M        38M       289M
-/+ buffers/cache:       329M       662M
Swap:         8.0G         0B       8.0G

             total       used       free     shared    buffers     cached
Mem:          992M       656M       335M       1.4M        38M       287M
-/+ buffers/cache:       330M       662M
Swap:         8.0G         0B       8.0G

             total       used       free     shared    buffers     cached
Mem:          992M       656M       335M       1.4M        38M       287M
-/+ buffers/cache:       329M       662M
Swap:         8.0G         0B       8.0G

             total       used       free     shared    buffers     cached
Mem:          992M       656M       335M       1.4M        38M       287M
-/+ buffers/cache:       329M       662M
Swap:         8.0G         0B       8.0G

             total       used       free     shared    buffers     cached
Mem:          992M       656M       335M       1.4M        38M       287M
-/+ buffers/cache:       329M       662M
Swap:         8.0G         0B       8.0G

             total       used       free     shared    buffers     cached
Mem:          992M       656M       335M       1.4M        38M       287M
-/+ buffers/cache:       329M       662M
Swap:         8.0G         0B       8.0G

             total       used       free     shared    buffers     cached
Mem:          992M       655M       336M       1.4M        38M       287M
-/+ buffers/cache:       329M       662M
Swap:         8.0G         0B       8.0G

             total       used       free     shared    buffers     cached
Mem:          992M       655M       336M       1.4M        38M       288M
-/+ buffers/cache:       329M       663M
Swap:         8.0G         0B       8.0G

             total       used       free     shared    buffers     cached
Mem:          992M       655M       336M       1.4M        38M       288M
-/+ buffers/cache:       329M       663M
Swap:         8.0G         0B       8.0G

             total       used       free     shared    buffers     cached
Mem:          992M       659M       333M       1.4M        38M       288M
-/+ buffers/cache:       332M       659M
Swap:         8.0G         0B       8.0G

             total       used       free     shared    buffers     cached
Mem:          992M       675M       316M       1.4M        38M       288M
-/+ buffers/cache:       349M       642M
Swap:         8.0G         0B       8.0G

             total       used       free     shared    buffers     cached
Mem:          992M       686M       305M       1.4M        38M       288M
-/+ buffers/cache:       359M       632M
Swap:         8.0G         0B       8.0G

             total       used       free     shared    buffers     cached
Mem:          992M       664M       327M       1.4M        38M       289M
-/+ buffers/cache:       337M       655M
Swap:         8.0G         0B       8.0G

             total       used       free     shared    buffers     cached
Mem:          992M       665M       326M       1.4M        38M       289M
-/+ buffers/cache:       337M       654M
Swap:         8.0G         0B       8.0G

             total       used       free     shared    buffers     cached
Mem:          992M       665M       326M       1.4M        38M       289M
-/+ buffers/cache:       337M       654M
Swap:         8.0G         0B       8.0G

             total       used       free     shared    buffers     cached
Mem:          992M       665M       326M       1.4M        38M       289M
-/+ buffers/cache:       337M       654M
Swap:         8.0G         0B       8.0G

             total       used       free     shared    buffers     cached
Mem:          992M       665M       326M       1.4M        38M       289M
-/+ buffers/cache:       337M       654M
Swap:         8.0G         0B       8.0G

             total       used       free     shared    buffers     cached
Mem:          992M       665M       326M       1.4M        38M       289M
-/+ buffers/cache:       337M       654M
Swap:         8.0G         0B       8.0G

             total       used       free     shared    buffers     cached
Mem:          992M       665M       326M       1.4M        38M       289M
-/+ buffers/cache:       337M       654M
Swap:         8.0G         0B       8.0G

             total       used       free     shared    buffers     cached
Mem:          992M       665M       326M       1.4M        38M       289M
-/+ buffers/cache:       337M       654M
Swap:         8.0G         0B       8.0G

             total       used       free     shared    buffers     cached
Mem:          992M       665M       326M       1.4M        38M       289M
-/+ buffers/cache:       337M       654M
Swap:         8.0G         0B       8.0G

             total       used       free     shared    buffers     cached
Mem:          992M       665M       326M       1.4M        38M       289M
-/+ buffers/cache:       337M       654M
Swap:         8.0G         0B       8.0G

             total       used       free     shared    buffers     cached
Mem:          992M       665M       326M       1.4M        38M       289M
-/+ buffers/cache:       337M       654M
Swap:         8.0G         0B       8.0G

             total       used       free     shared    buffers     cached
Mem:          992M       665M       326M       1.4M        38M       289M
-/+ buffers/cache:       337M       654M
Swap:         8.0G         0B       8.0G

             total       used       free     shared    buffers     cached
Mem:          992M       665M       326M       1.4M        38M       289M
-/+ buffers/cache:       337M       654M
Swap:         8.0G         0B       8.0G

             total       used       free     shared    buffers     cached
Mem:          992M       665M       326M       1.4M        38M       289M
-/+ buffers/cache:       337M       654M
Swap:         8.0G         0B       8.0G

             total       used       free     shared    buffers     cached
Mem:          992M       665M       326M       1.4M        38M       289M
-/+ buffers/cache:       337M       654M
Swap:         8.0G         0B       8.0G

             total       used       free     shared    buffers     cached
Mem:          992M       665M       326M       1.4M        38M       289M
-/+ buffers/cache:       337M       654M
Swap:         8.0G         0B       8.0G

             total       used       free     shared    buffers     cached
Mem:          992M       665M       326M       1.4M        38M       289M
-/+ buffers/cache:       337M       654M
Swap:         8.0G         0B       8.0G

             total       used       free     shared    buffers     cached
Mem:          992M       665M       326M       1.4M        38M       289M
-/+ buffers/cache:       337M       654M
Swap:         8.0G         0B       8.0G

             total       used       free     shared    buffers     cached
Mem:          992M       665M       326M       1.4M        38M       289M
-/+ buffers/cache:       337M       654M
Swap:         8.0G         0B       8.0G

             total       used       free     shared    buffers     cached
Mem:          992M       665M       326M       1.4M        38M       289M
-/+ buffers/cache:       337M       654M
Swap:         8.0G         0B       8.0G

             total       used       free     shared    buffers     cached
Mem:          992M       665M       326M       1.4M        38M       289M
-/+ buffers/cache:       337M       654M
Swap:         8.0G         0B       8.0G

             total       used       free     shared    buffers     cached
Mem:          992M       672M       319M       1.4M        38M       289M
-/+ buffers/cache:       344M       647M
Swap:         8.0G         0B       8.0G

             total       used       free     shared    buffers     cached
Mem:          992M       691M       300M       1.4M        38M       289M
-/+ buffers/cache:       363M       628M
Swap:         8.0G         0B       8.0G

             total       used       free     shared    buffers     cached
Mem:          992M       710M       281M       1.4M        38M       289M
-/+ buffers/cache:       382M       609M
Swap:         8.0G         0B       8.0G

             total       used       free     shared    buffers     cached
Mem:          992M       728M       263M       1.4M        38M       289M
-/+ buffers/cache:       400M       591M
Swap:         8.0G         0B       8.0G

             total       used       free     shared    buffers     cached
Mem:          992M       746M       245M       1.4M        38M       289M
-/+ buffers/cache:       418M       573M
Swap:         8.0G         0B       8.0G

             total       used       free     shared    buffers     cached
Mem:          992M       765M       227M       1.4M        38M       289M
-/+ buffers/cache:       436M       555M
Swap:         8.0G         0B       8.0G

             total       used       free     shared    buffers     cached
Mem:          992M       779M       212M       1.4M        38M       289M
-/+ buffers/cache:       451M       540M
Swap:         8.0G         0B       8.0G

             total       used       free     shared    buffers     cached
Mem:          992M       796M       195M       1.4M        38M       289M
-/+ buffers/cache:       468M       523M
Swap:         8.0G         0B       8.0G

             total       used       free     shared    buffers     cached
Mem:          992M       815M       176M       1.4M        38M       289M
-/+ buffers/cache:       487M       504M
Swap:         8.0G         0B       8.0G

             total       used       free     shared    buffers     cached
Mem:          992M       834M       158M       1.4M        38M       289M
-/+ buffers/cache:       505M       486M
Swap:         8.0G         0B       8.0G

             total       used       free     shared    buffers     cached
Mem:          992M       853M       138M       1.4M        38M       289M
-/+ buffers/cache:       525M       466M
Swap:         8.0G         0B       8.0G

             total       used       free     shared    buffers     cached
Mem:          992M       871M       120M       1.4M        38M       289M
-/+ buffers/cache:       543M       448M
Swap:         8.0G         0B       8.0G

             total       used       free     shared    buffers     cached
Mem:          992M       887M       104M       1.4M        38M       289M
-/+ buffers/cache:       559M       432M
Swap:         8.0G         0B       8.0G

             total       used       free     shared    buffers     cached
Mem:          992M       901M        90M       1.4M        38M       289M
-/+ buffers/cache:       572M       419M
Swap:         8.0G         0B       8.0G

             total       used       free     shared    buffers     cached
Mem:          992M       916M        75M       1.4M        38M       289M
-/+ buffers/cache:       588M       403M
Swap:         8.0G         0B       8.0G

             total       used       free     shared    buffers     cached
Mem:          992M       932M        59M       1.4M        38M       289M
-/+ buffers/cache:       604M       387M
Swap:         8.0G         0B       8.0G

             total       used       free     shared    buffers     cached
Mem:          992M       926M        65M       1.4M        17M       288M
-/+ buffers/cache:       621M       371M
Swap:         8.0G         0B       8.0G

             total       used       free     shared    buffers     cached
Mem:          992M       927M        65M       1.4M        10M       279M
-/+ buffers/cache:       637M       354M
Swap:         8.0G         0B       8.0G

             total       used       free     shared    buffers     cached
Mem:          992M       924M        68M       1.4M       9.6M       262M
-/+ buffers/cache:       651M       340M
Swap:         8.0G       100K       8.0G

             total       used       free     shared    buffers     cached
Mem:          992M       919M        72M       1.3M       9.6M       244M
-/+ buffers/cache:       665M       326M
Swap:         8.0G       384K       8.0G

             total       used       free     shared    buffers     cached
Mem:          992M       920M        71M       1.2M       9.6M       232M
-/+ buffers/cache:       677M       314M
Swap:         8.0G       4.5M       8.0G

             total       used       free     shared    buffers     cached
Mem:          992M       905M        86M       1.1M       8.9M       206M
-/+ buffers/cache:       690M       301M
Swap:         8.0G       8.8M       8.0G

             total       used       free     shared    buffers     cached
Mem:          992M       922M        69M       1.1M       8.9M       206M
-/+ buffers/cache:       707M       284M
Swap:         8.0G       8.8M       8.0G

             total       used       free     shared    buffers     cached
Mem:          992M       925M        66M       1.1M       2.7M       199M
-/+ buffers/cache:       723M       268M
Swap:         8.0G       8.8M       8.0G

             total       used       free     shared    buffers     cached
Mem:          992M       919M        72M       1.1M       648K       181M
-/+ buffers/cache:       737M       254M
Swap:         8.0G       8.8M       8.0G

             total       used       free     shared    buffers     cached
Mem:          992M       911M        80M       1.1M       196K       160M
-/+ buffers/cache:       750M       241M
Swap:         8.0G       8.8M       8.0G

             total       used       free     shared    buffers     cached
Mem:          992M       927M        64M       1.1M       196K       160M
-/+ buffers/cache:       767M       225M
Swap:         8.0G       8.8M       8.0G

             total       used       free     shared    buffers     cached
Mem:          992M       920M        71M       1.1M       204K       141M
-/+ buffers/cache:       779M       213M
Swap:         8.0G       8.8M       8.0G

             total       used       free     shared    buffers     cached
Mem:          992M       930M        61M       1.1M       204K       141M
-/+ buffers/cache:       789M       203M
Swap:         8.0G       8.8M       8.0G

             total       used       free     shared    buffers     cached
Mem:          992M       927M        64M       1.1M       248K       124M
-/+ buffers/cache:       802M       189M
Swap:         8.0G       8.8M       8.0G

             total       used       free     shared    buffers     cached
Mem:          992M       927M        65M       1.1M       248K       110M
-/+ buffers/cache:       816M       175M
Swap:         8.0G       8.8M       8.0G

             total       used       free     shared    buffers     cached
Mem:          992M       930M        61M       1.1M       248K        97M
-/+ buffers/cache:       833M       158M
Swap:         8.0G       8.8M       8.0G

             total       used       free     shared    buffers     cached
Mem:          992M       928M        63M       1.1M       248K        78M
-/+ buffers/cache:       849M       142M
Swap:         8.0G       8.8M       8.0G

             total       used       free     shared    buffers     cached
Mem:          992M       927M        64M       1.1M       252K        60M
-/+ buffers/cache:       866M       125M
Swap:         8.0G       8.8M       8.0G

             total       used       free     shared    buffers     cached
Mem:          992M       930M        61M       1.1M       672K        47M
-/+ buffers/cache:       882M       109M
Swap:         8.0G       8.8M       8.0G

             total       used       free     shared    buffers     cached
Mem:          992M       928M        64M       1.1M       672K        29M
-/+ buffers/cache:       897M        94M
Swap:         8.0G       8.8M       8.0G

             total       used       free     shared    buffers     cached
Mem:          992M       923M        68M       992K       3.1M        14M
-/+ buffers/cache:       906M        85M
Swap:         8.0G        18M       8.0G

             total       used       free     shared    buffers     cached
Mem:          992M       922M        69M       720K       1.6M        11M
-/+ buffers/cache:       909M        82M
Swap:         8.0G        35M       8.0G

             total       used       free     shared    buffers     cached
Mem:          992M       931M        60M       680K       268K       7.8M
-/+ buffers/cache:       923M        68M
Swap:         8.0G        35M       8.0G

             total       used       free     shared    buffers     cached
Mem:          992M       905M        87M       648K        96K        19M
-/+ buffers/cache:       885M       107M
Swap:         8.0G       104M       7.9G

             total       used       free     shared    buffers     cached
Mem:          992M       922M        69M       644K        96K        20M
-/+ buffers/cache:       901M        90M
Swap:         8.0G       104M       7.9G

             total       used       free     shared    buffers     cached
Mem:          992M       919M        73M       644K       812K        19M
-/+ buffers/cache:       898M        93M
Swap:         8.0G       104M       7.9G

             total       used       free     shared    buffers     cached
Mem:          992M       920M        71M       644K       784K        16M
-/+ buffers/cache:       904M        88M
Swap:         8.0G       118M       7.9G

             total       used       free     shared    buffers     cached
Mem:          992M       920M        71M       644K       172K       4.8M
-/+ buffers/cache:       915M        76M
Swap:         8.0G       118M       7.9G

             total       used       free     shared    buffers     cached
Mem:          992M       925M        66M       644K       104K       4.4M
-/+ buffers/cache:       920M        71M
Swap:         8.0G       125M       7.9G

             total       used       free     shared    buffers     cached
Mem:          992M       926M        65M       592K       112K       4.1M
-/+ buffers/cache:       922M        69M
Swap:         8.0G       152M       7.8G

             total       used       free     shared    buffers     cached
Mem:          992M       928M        63M       596K        96K       4.3M
-/+ buffers/cache:       923M        68M
Swap:         8.0G       153M       7.8G

             total       used       free     shared    buffers     cached
Mem:          992M       874M       117M       544K       228K       3.5M
-/+ buffers/cache:       870M       121M
Swap:         8.0G       254M       7.7G

             total       used       free     shared    buffers     cached
Mem:          992M       891M       100M       544K       228K       3.5M
-/+ buffers/cache:       887M       104M
Swap:         8.0G       254M       7.7G

             total       used       free     shared    buffers     cached
Mem:          992M       905M        86M       544K       344K       3.5M
-/+ buffers/cache:       901M        90M
Swap:         8.0G       254M       7.7G

             total       used       free     shared    buffers     cached
Mem:          992M       919M        72M       544K       344K       3.5M
-/+ buffers/cache:       915M        76M
Swap:         8.0G       254M       7.7G

             total       used       free     shared    buffers     cached
Mem:          992M       920M        71M       544K       344K       3.7M
-/+ buffers/cache:       916M        75M
Swap:         8.0G       254M       7.7G

             total       used       free     shared    buffers     cached
Mem:          992M       929M        62M       544K       344K       3.7M
-/+ buffers/cache:       925M        66M
Swap:         8.0G       254M       7.7G

             total       used       free     shared    buffers     cached
Mem:          992M       924M        67M       544K       320K       2.7M
-/+ buffers/cache:       921M        70M
Swap:         8.0G       267M       7.7G

             total       used       free     shared    buffers     cached
Mem:          992M       930M        61M       544K       328K       2.7M
-/+ buffers/cache:       927M        64M
Swap:         8.0G       267M       7.7G

             total       used       free     shared    buffers     cached
Mem:          992M       924M        67M       544K       328K       2.6M
-/+ buffers/cache:       921M        70M
Swap:         8.0G       273M       7.7G

             total       used       free     shared    buffers     cached
Mem:          992M       931M        60M       544K       328K       2.6M
-/+ buffers/cache:       928M        63M
Swap:         8.0G       273M       7.7G

             total       used       free     shared    buffers     cached
Mem:          992M       922M        69M       544K       328K       2.4M
-/+ buffers/cache:       919M        72M
Swap:         8.0G       296M       7.7G

             total       used       free     shared    buffers     cached
Mem:          992M       928M        63M       544K       328K       2.4M
-/+ buffers/cache:       925M        66M
Swap:         8.0G       296M       7.7G

             total       used       free     shared    buffers     cached
Mem:          992M       918M        74M       544K       336K       2.4M
-/+ buffers/cache:       915M        76M
Swap:         8.0G       303M       7.7G

             total       used       free     shared    buffers     cached
Mem:          992M       924M        68M       544K       336K       2.4M
-/+ buffers/cache:       921M        70M
Swap:         8.0G       303M       7.7G

             total       used       free     shared    buffers     cached
Mem:          992M       928M        63M       544K       336K       2.4M
-/+ buffers/cache:       925M        66M
Swap:         8.0G       303M       7.7G

             total       used       free     shared    buffers     cached
Mem:          992M       920M        71M       544K       336K       2.4M
-/+ buffers/cache:       917M        74M
Swap:         8.0G       322M       7.7G

             total       used       free     shared    buffers     cached
Mem:          992M       925M        66M       544K       336K       2.3M
-/+ buffers/cache:       922M        69M
Swap:         8.0G       322M       7.7G

             total       used       free     shared    buffers     cached
Mem:          992M       929M        62M       544K       336K       2.4M
-/+ buffers/cache:       927M        65M
Swap:         8.0G       322M       7.7G

             total       used       free     shared    buffers     cached
Mem:          992M       916M        75M       544K       344K       2.2M
-/+ buffers/cache:       914M        78M
Swap:         8.0G       338M       7.7G

             total       used       free     shared    buffers     cached
Mem:          992M       920M        71M       544K       344K       2.2M
-/+ buffers/cache:       918M        74M
Swap:         8.0G       338M       7.7G

             total       used       free     shared    buffers     cached
Mem:          992M       925M        66M       544K       344K       2.2M
-/+ buffers/cache:       922M        69M
Swap:         8.0G       338M       7.7G

             total       used       free     shared    buffers     cached
Mem:          992M       922M        69M        24K       312K       1.6M
-/+ buffers/cache:       920M        71M
Swap:         8.0G       333M       7.7G

             total       used       free     shared    buffers     cached
Mem:          992M       922M        69M        12K       244K       1.7M
-/+ buffers/cache:       920M        71M
Swap:         8.0G       328M       7.7G

             total       used       free     shared    buffers     cached
Mem:          992M       929M        62M         8K        88K       1.6M
-/+ buffers/cache:       927M        64M
Swap:         8.0G       444M       7.6G

             total       used       free     shared    buffers     cached
Mem:          992M       874M       117M         0B        96K       1.5M
-/+ buffers/cache:       872M       119M
Swap:         8.0G       424M       7.6G

             total       used       free     shared    buffers     cached
Mem:          992M       883M       108M         0B        96K       1.5M
-/+ buffers/cache:       882M       110M
Swap:         8.0G       411M       7.6G

             total       used       free     shared    buffers     cached
Mem:          992M       926M        65M         0B       120K       1.6M
-/+ buffers/cache:       924M        67M
Swap:         8.0G       353M       7.7G

             total       used       free     shared    buffers     cached
Mem:          992M       920M        71M         0B       120K       1.5M
-/+ buffers/cache:       919M        72M
Swap:         8.0G       321M       7.7G

             total       used       free     shared    buffers     cached
Mem:          992M       920M        71M         0B       120K       1.4M
-/+ buffers/cache:       918M        73M
Swap:         8.0G       320M       7.7G

             total       used       free     shared    buffers     cached
Mem:          992M       920M        71M         0B       108K       1.3M
-/+ buffers/cache:       919M        72M
Swap:         8.0G       319M       7.7G

             total       used       free     shared    buffers     cached
Mem:          992M       920M        72M         0B       104K       1.3M
-/+ buffers/cache:       918M        73M
Swap:         8.0G       321M       7.7G

             total       used       free     shared    buffers     cached
Mem:          992M       923M        68M         0B       100K       1.3M
-/+ buffers/cache:       921M        70M
Swap:         8.0G       323M       7.7G

             total       used       free     shared    buffers     cached
Mem:          992M       929M        62M         0B        80K       1.3M
-/+ buffers/cache:       928M        63M
Swap:         8.0G       332M       7.7G

             total       used       free     shared    buffers     cached
Mem:          992M       923M        68M         0B        80K       1.5M
-/+ buffers/cache:       921M        70M
Swap:         8.0G       326M       7.7G

             total       used       free     shared    buffers     cached
Mem:          992M       930M        61M         0B        88K       1.5M
-/+ buffers/cache:       929M        62M
Swap:         8.0G       325M       7.7G

             total       used       free     shared    buffers     cached
Mem:          992M       922M        69M         0B        88K       1.6M
-/+ buffers/cache:       921M        70M
Swap:         8.0G       345M       7.7G

             total       used       free     shared    buffers     cached
Mem:          992M       929M        62M         0B        88K       1.6M
-/+ buffers/cache:       927M        64M
Swap:         8.0G       345M       7.7G

             total       used       free     shared    buffers     cached
Mem:          992M       918M        73M         0B        84K       1.5M
-/+ buffers/cache:       917M        74M
Swap:         8.0G       361M       7.6G

             total       used       free     shared    buffers     cached
Mem:          992M       925M        66M         0B        84K       1.6M
-/+ buffers/cache:       923M        68M
Swap:         8.0G       361M       7.6G

             total       used       free     shared    buffers     cached
Mem:          992M       930M        61M         0B        92K       1.5M
-/+ buffers/cache:       929M        63M
Swap:         8.0G       361M       7.6G

             total       used       free     shared    buffers     cached
Mem:          992M       917M        74M         0B        84K       1.6M
-/+ buffers/cache:       916M        75M
Swap:         8.0G       375M       7.6G

             total       used       free     shared    buffers     cached
Mem:          992M       919M        72M         0B        84K       1.6M
-/+ buffers/cache:       917M        74M
Swap:         8.0G       374M       7.6G

             total       used       free     shared    buffers     cached
Mem:          992M       921M        70M         0B        84K       1.5M
-/+ buffers/cache:       919M        72M
Swap:         8.0G       373M       7.6G

             total       used       free     shared    buffers     cached
Mem:          992M       922M        69M         0B        84K       1.5M
-/+ buffers/cache:       921M        70M
Swap:         8.0G       373M       7.6G

             total       used       free     shared    buffers     cached
Mem:          992M       924M        67M         0B        92K       1.6M
-/+ buffers/cache:       922M        69M
Swap:         8.0G       372M       7.6G

             total       used       free     shared    buffers     cached
Mem:          992M       926M        65M         0B        92K       1.5M
-/+ buffers/cache:       924M        67M
Swap:         8.0G       371M       7.6G

             total       used       free     shared    buffers     cached
Mem:          992M       928M        63M         0B        92K       1.6M
-/+ buffers/cache:       926M        65M
Swap:         8.0G       370M       7.6G

             total       used       free     shared    buffers     cached
Mem:          992M       930M        62M         0B        92K       1.6M
-/+ buffers/cache:       928M        63M
Swap:         8.0G       370M       7.6G

             total       used       free     shared    buffers     cached
Mem:          992M       913M        79M         0B        92K       1.5M
-/+ buffers/cache:       911M        80M
Swap:         8.0G       387M       7.6G

             total       used       free     shared    buffers     cached
Mem:          992M       915M        76M         0B       224K       2.3M
-/+ buffers/cache:       913M        78M
Swap:         8.0G       386M       7.6G

             total       used       free     shared    buffers     cached
Mem:          992M       917M        74M         0B       232K       2.5M
-/+ buffers/cache:       915M        76M
Swap:         8.0G       385M       7.6G

             total       used       free     shared    buffers     cached
Mem:          992M       919M        72M         0B       232K       2.5M
-/+ buffers/cache:       917M        74M
Swap:         8.0G       384M       7.6G

             total       used       free     shared    buffers     cached
Mem:          992M       901M        91M         0B        80K        17M
-/+ buffers/cache:       883M       109M
Swap:         8.0G       437M       7.6G

             total       used       free     shared    buffers     cached
Mem:          992M       897M        95M         0B        88K        18M
-/+ buffers/cache:       878M       113M
Swap:         8.0G       436M       7.6G

             total       used       free     shared    buffers     cached
Mem:          992M       900M        92M         0B       652K        18M
-/+ buffers/cache:       880M       111M
Swap:         8.0G       436M       7.6G

             total       used       free     shared    buffers     cached
Mem:          992M       901M        90M         0B       660K        18M
-/+ buffers/cache:       882M       109M
Swap:         8.0G       435M       7.6G

             total       used       free     shared    buffers     cached
Mem:          992M       903M        88M         0B       660K        18M
-/+ buffers/cache:       884M       107M
Swap:         8.0G       434M       7.6G

             total       used       free     shared    buffers     cached
Mem:          992M       905M        86M         0B       660K        18M
-/+ buffers/cache:       886M       105M
Swap:         8.0G       434M       7.6G

             total       used       free     shared    buffers     cached
Mem:          992M       907M        84M         0B       660K        18M
-/+ buffers/cache:       888M       103M
Swap:         8.0G       433M       7.6G

             total       used       free     shared    buffers     cached
Mem:          992M       909M        82M         0B       660K        18M
-/+ buffers/cache:       890M       101M
Swap:         8.0G       432M       7.6G

             total       used       free     shared    buffers     cached
Mem:          992M       911M        80M         0B       668K        18M
-/+ buffers/cache:       892M        99M
Swap:         8.0G       431M       7.6G

             total       used       free     shared    buffers     cached
Mem:          992M       913M        78M         0B       668K        18M
-/+ buffers/cache:       894M        97M
Swap:         8.0G       431M       7.6G

             total       used       free     shared    buffers     cached
Mem:          992M       915M        76M         0B       668K        18M
-/+ buffers/cache:       896M        96M
Swap:         8.0G       430M       7.6G

             total       used       free     shared    buffers     cached
Mem:          992M       917M        74M         0B       668K        18M
-/+ buffers/cache:       898M        94M
Swap:         8.0G       429M       7.6G

             total       used       free     shared    buffers     cached
Mem:          992M       919M        72M         0B       668K        18M
-/+ buffers/cache:       900M        92M
Swap:         8.0G       428M       7.6G

             total       used       free     shared    buffers     cached
Mem:          992M       921M        71M         0B       668K        18M
-/+ buffers/cache:       901M        90M
Swap:         8.0G       427M       7.6G

             total       used       free     shared    buffers     cached
Mem:          992M       923M        68M         0B       676K        18M
-/+ buffers/cache:       904M        87M
Swap:         8.0G       426M       7.6G

             total       used       free     shared    buffers     cached
Mem:          992M       925M        66M         0B       676K        18M
-/+ buffers/cache:       906M        85M
Swap:         8.0G       426M       7.6G

             total       used       free     shared    buffers     cached
Mem:          992M       927M        64M         0B       676K        18M
-/+ buffers/cache:       908M        83M
Swap:         8.0G       425M       7.6G

             total       used       free     shared    buffers     cached
Mem:          992M       929M        62M         0B       676K        18M
-/+ buffers/cache:       910M        81M
Swap:         8.0G       424M       7.6G

             total       used       free     shared    buffers     cached
Mem:          992M       916M        75M         0B       676K        17M
-/+ buffers/cache:       898M        94M
Swap:         8.0G       432M       7.6G

             total       used       free     shared    buffers     cached
Mem:          992M       918M        74M         0B       684K        17M
-/+ buffers/cache:       899M        92M
Swap:         8.0G       431M       7.6G

             total       used       free     shared    buffers     cached
Mem:          992M       920M        72M         0B       684K        17M
-/+ buffers/cache:       901M        90M
Swap:         8.0G       430M       7.6G

             total       used       free     shared    buffers     cached
Mem:          992M       922M        70M         0B       684K        17M
-/+ buffers/cache:       903M        88M
Swap:         8.0G       429M       7.6G

             total       used       free     shared    buffers     cached
Mem:          992M       923M        68M         0B       684K        17M
-/+ buffers/cache:       905M        86M
Swap:         8.0G       428M       7.6G

             total       used       free     shared    buffers     cached
Mem:          992M       926M        66M         0B       684K        17M
-/+ buffers/cache:       907M        84M
Swap:         8.0G       427M       7.6G

             total       used       free     shared    buffers     cached
Mem:          992M       928M        63M         0B       692K        17M
-/+ buffers/cache:       909M        82M
Swap:         8.0G       427M       7.6G

             total       used       free     shared    buffers     cached
Mem:          992M       930M        61M         0B       692K        17M
-/+ buffers/cache:       911M        80M
Swap:         8.0G       426M       7.6G

             total       used       free     shared    buffers     cached
Mem:          992M       916M        75M         0B       692K        15M
-/+ buffers/cache:       900M        91M
Swap:         8.0G       445M       7.6G

             total       used       free     shared    buffers     cached
Mem:          992M       918M        73M         0B       692K        15M
-/+ buffers/cache:       902M        89M
Swap:         8.0G       444M       7.6G

             total       used       free     shared    buffers     cached
Mem:          992M       920M        71M         0B       692K        15M
-/+ buffers/cache:       904M        87M
Swap:         8.0G       443M       7.6G

             total       used       free     shared    buffers     cached
Mem:          992M       922M        69M         0B       692K        15M
-/+ buffers/cache:       906M        86M
Swap:         8.0G       442M       7.6G

             total       used       free     shared    buffers     cached
Mem:          992M       924M        67M         0B       700K        15M
-/+ buffers/cache:       908M        84M
Swap:         8.0G       441M       7.6G

             total       used       free     shared    buffers     cached
Mem:          992M       926M        65M         0B       700K        15M
-/+ buffers/cache:       910M        81M
Swap:         8.0G       440M       7.6G

             total       used       free     shared    buffers     cached
Mem:          992M       928M        63M         0B       700K        15M
-/+ buffers/cache:       912M        79M
Swap:         8.0G       439M       7.6G

             total       used       free     shared    buffers     cached
Mem:          992M       930M        61M         0B       700K        15M
-/+ buffers/cache:       914M        77M
Swap:         8.0G       438M       7.6G

             total       used       free     shared    buffers     cached
Mem:          992M       919M        72M         0B       700K        15M
-/+ buffers/cache:       903M        88M
Swap:         8.0G       437M       7.6G

             total       used       free     shared    buffers     cached
Mem:          992M       921M        70M         0B       708K        15M
-/+ buffers/cache:       905M        86M
Swap:         8.0G       436M       7.6G

             total       used       free     shared    buffers     cached
Mem:          992M       924M        68M         0B       708K        15M
-/+ buffers/cache:       908M        83M
Swap:         8.0G       435M       7.6G

             total       used       free     shared    buffers     cached
Mem:          992M       926M        65M         0B       708K        15M
-/+ buffers/cache:       910M        81M
Swap:         8.0G       434M       7.6G

             total       used       free     shared    buffers     cached
Mem:          992M       929M        63M         0B       708K        15M
-/+ buffers/cache:       913M        79M
Swap:         8.0G       433M       7.6G

             total       used       free     shared    buffers     cached
Mem:          992M       930M        61M         0B       708K        15M
-/+ buffers/cache:       915M        77M
Swap:         8.0G       431M       7.6G

             total       used       free     shared    buffers     cached
Mem:          992M       919M        72M         0B       676K        12M
-/+ buffers/cache:       906M        85M
Swap:         8.0G       449M       7.6G

             total       used       free     shared    buffers     cached
Mem:          992M       921M        70M         0B       676K        12M
-/+ buffers/cache:       908M        83M
Swap:         8.0G       448M       7.6G

             total       used       free     shared    buffers     cached
Mem:          992M       923M        68M         0B       676K        12M
-/+ buffers/cache:       910M        81M
Swap:         8.0G       447M       7.6G

             total       used       free     shared    buffers     cached
Mem:          992M       925M        66M         0B       676K        12M
-/+ buffers/cache:       912M        79M
Swap:         8.0G       446M       7.6G

             total       used       free     shared    buffers     cached
Mem:          992M       927M        64M         0B       676K        12M
-/+ buffers/cache:       914M        77M
Swap:         8.0G       444M       7.6G

             total       used       free     shared    buffers     cached
Mem:          992M       929M        62M         0B       676K        12M
-/+ buffers/cache:       916M        75M
Swap:         8.0G       443M       7.6G

             total       used       free     shared    buffers     cached
Mem:          992M       915M        76M         0B       616K       3.8M
-/+ buffers/cache:       910M        81M
Swap:         8.0G       448M       7.6G

             total       used       free     shared    buffers     cached
Mem:          992M       917M        75M         0B       624K       4.0M
-/+ buffers/cache:       912M        79M
Swap:         8.0G       447M       7.6G

             total       used       free     shared    buffers     cached
Mem:          992M       922M        69M         0B       912K       6.7M
-/+ buffers/cache:       915M        77M
Swap:         8.0G       446M       7.6G

             total       used       free     shared    buffers     cached
Mem:          992M       921M        70M         0B       544K        14M
-/+ buffers/cache:       906M        85M
Swap:         8.0G       457M       7.5G

             total       used       free     shared    buffers     cached
Mem:          992M       911M        80M        16K       228K        23M
-/+ buffers/cache:       888M       103M
Swap:         8.0G       484M       7.5G

             total       used       free     shared    buffers     cached
Mem:          992M       913M        78M        16K       492K        23M
-/+ buffers/cache:       890M       102M
Swap:         8.0G       483M       7.5G

             total       used       free     shared    buffers     cached
Mem:          992M       914M        77M        16K       500K        23M
-/+ buffers/cache:       891M       100M
Swap:         8.0G       483M       7.5G

             total       used       free     shared    buffers     cached
Mem:          992M       916M        76M        16K       500K        23M
-/+ buffers/cache:       892M        99M
Swap:         8.0G       482M       7.5G

             total       used       free     shared    buffers     cached
Mem:          992M       917M        74M        16K       500K        23M
-/+ buffers/cache:       893M        98M
Swap:         8.0G       481M       7.5G

             total       used       free     shared    buffers     cached
Mem:          992M       918M        73M        16K       508K        23M
-/+ buffers/cache:       894M        97M
Swap:         8.0G       481M       7.5G

             total       used       free     shared    buffers     cached
Mem:          992M       920M        72M        16K       508K        23M
-/+ buffers/cache:       896M        96M
Swap:         8.0G       480M       7.5G

             total       used       free     shared    buffers     cached
Mem:          992M       923M        69M        16K       508K        24M
-/+ buffers/cache:       898M        94M
Swap:         8.0G       479M       7.5G

             total       used       free     shared    buffers     cached
Mem:          992M       924M        67M        16K       508K        24M
-/+ buffers/cache:       899M        93M
Swap:         8.0G       478M       7.5G

             total       used       free     shared    buffers     cached
Mem:          992M       925M        66M        16K       508K        24M
-/+ buffers/cache:       900M        91M
Swap:         8.0G       477M       7.5G

             total       used       free     shared    buffers     cached
Mem:          992M       917M        74M        16K       780K        29M
-/+ buffers/cache:       886M       105M
Swap:         8.0G       485M       7.5G

             total       used       free     shared    buffers     cached
Mem:          992M       918M        73M        16K       788K        29M
-/+ buffers/cache:       888M       104M
Swap:         8.0G       484M       7.5G

             total       used       free     shared    buffers     cached
Mem:          992M       925M        67M        16K       2.2M        32M
-/+ buffers/cache:       890M       101M
Swap:         8.0G       483M       7.5G

             total       used       free     shared    buffers     cached
Mem:          992M       926M        65M        20K       2.2M        32M
-/+ buffers/cache:       891M       100M
Swap:         8.0G       482M       7.5G

             total       used       free     shared    buffers     cached
Mem:          992M       928M        64M        20K       2.2M        32M
-/+ buffers/cache:       893M        98M
Swap:         8.0G       482M       7.5G

             total       used       free     shared    buffers     cached
Mem:          992M       929M        62M        20K       2.2M        32M
-/+ buffers/cache:       894M        97M
Swap:         8.0G       481M       7.5G

             total       used       free     shared    buffers     cached
Mem:          992M       930M        61M        20K       2.2M        32M
-/+ buffers/cache:       895M        96M
Swap:         8.0G       480M       7.5G

             total       used       free     shared    buffers     cached
Mem:          992M       919M        72M        20K       2.2M        30M
-/+ buffers/cache:       886M       106M
Swap:         8.0G       489M       7.5G

             total       used       free     shared    buffers     cached
Mem:          992M       920M        71M        20K       2.2M        31M
-/+ buffers/cache:       887M       104M
Swap:         8.0G       488M       7.5G

             total       used       free     shared    buffers     cached
Mem:          992M       922M        69M        20K       2.2M        31M
-/+ buffers/cache:       888M       103M
Swap:         8.0G       487M       7.5G

             total       used       free     shared    buffers     cached
Mem:          992M       923M        68M        20K       2.2M        31M
-/+ buffers/cache:       890M       102M
Swap:         8.0G       487M       7.5G

             total       used       free     shared    buffers     cached
Mem:          992M       925M        66M        20K       2.2M        31M
-/+ buffers/cache:       891M       100M
Swap:         8.0G       486M       7.5G

             total       used       free     shared    buffers     cached
Mem:          992M       926M        65M        20K       2.2M        31M
-/+ buffers/cache:       892M        99M
Swap:         8.0G       485M       7.5G

             total       used       free     shared    buffers     cached
Mem:          992M       928M        64M        20K       2.2M        31M
-/+ buffers/cache:       894M        97M
Swap:         8.0G       484M       7.5G

             total       used       free     shared    buffers     cached
Mem:          992M       929M        62M        20K       2.2M        31M
-/+ buffers/cache:       895M        96M
Swap:         8.0G       484M       7.5G

             total       used       free     shared    buffers     cached
Mem:          992M       930M        61M        20K       2.2M        31M
-/+ buffers/cache:       897M        95M
Swap:         8.0G       483M       7.5G

             total       used       free     shared    buffers     cached
Mem:          992M       916M        75M        20K       2.1M        29M
-/+ buffers/cache:       885M       107M
Swap:         8.0G       499M       7.5G

             total       used       free     shared    buffers     cached
Mem:          992M       918M        74M        20K       2.1M        29M
-/+ buffers/cache:       886M       105M
Swap:         8.0G       498M       7.5G

             total       used       free     shared    buffers     cached
Mem:          992M       919M        72M        20K       2.1M        29M
-/+ buffers/cache:       887M       104M
Swap:         8.0G       498M       7.5G

             total       used       free     shared    buffers     cached
Mem:          992M       920M        71M        20K       2.1M        29M
-/+ buffers/cache:       889M       103M
Swap:         8.0G       497M       7.5G

             total       used       free     shared    buffers     cached
Mem:          992M       922M        69M        20K       2.1M        29M
-/+ buffers/cache:       890M       101M
Swap:         8.0G       496M       7.5G

             total       used       free     shared    buffers     cached
Mem:          992M       924M        68M        20K       2.1M        29M
-/+ buffers/cache:       892M        99M
Swap:         8.0G       495M       7.5G

             total       used       free     shared    buffers     cached
Mem:          992M       925M        66M        20K       2.1M        29M
-/+ buffers/cache:       893M        98M
Swap:         8.0G       494M       7.5G

             total       used       free     shared    buffers     cached
Mem:          992M       926M        65M        20K       2.1M        29M
-/+ buffers/cache:       895M        97M
Swap:         8.0G       494M       7.5G

             total       used       free     shared    buffers     cached
Mem:          992M       928M        63M        20K       2.1M        29M
-/+ buffers/cache:       896M        95M
Swap:         8.0G       493M       7.5G

             total       used       free     shared    buffers     cached
Mem:          992M       930M        62M        20K       2.1M        29M
-/+ buffers/cache:       898M        93M
Swap:         8.0G       492M       7.5G

             total       used       free     shared    buffers     cached
Mem:          992M       918M        73M        20K       2.1M        28M
-/+ buffers/cache:       887M       104M
Swap:         8.0G       502M       7.5G

             total       used       free     shared    buffers     cached
Mem:          992M       919M        72M        20K       2.1M        28M
-/+ buffers/cache:       888M       103M
Swap:         8.0G       502M       7.5G

             total       used       free     shared    buffers     cached
Mem:          992M       920M        71M        20K       2.1M        28M
-/+ buffers/cache:       890M       102M
Swap:         8.0G       501M       7.5G

             total       used       free     shared    buffers     cached
Mem:          992M       922M        69M        20K       2.1M        28M
-/+ buffers/cache:       891M       100M
Swap:         8.0G       500M       7.5G

             total       used       free     shared    buffers     cached
Mem:          992M       924M        68M        20K       2.1M        28M
-/+ buffers/cache:       893M        98M
Swap:         8.0G       499M       7.5G

             total       used       free     shared    buffers     cached
Mem:          992M       925M        66M        20K       2.1M        28M
-/+ buffers/cache:       894M        97M
Swap:         8.0G       498M       7.5G

             total       used       free     shared    buffers     cached
Mem:          992M       927M        65M        20K       2.1M        28M
-/+ buffers/cache:       896M        95M
Swap:         8.0G       498M       7.5G

             total       used       free     shared    buffers     cached
Mem:          992M       928M        63M        20K       2.1M        28M
-/+ buffers/cache:       897M        94M
Swap:         8.0G       497M       7.5G

             total       used       free     shared    buffers     cached
Mem:          992M       930M        61M        20K       2.1M        28M
-/+ buffers/cache:       899M        92M
Swap:         8.0G       496M       7.5G

             total       used       free     shared    buffers     cached
Mem:          992M       918M        73M        20K       2.1M        27M
-/+ buffers/cache:       888M       103M
Swap:         8.0G       508M       7.5G

             total       used       free     shared    buffers     cached
Mem:          992M       919M        72M        20K       2.1M        27M
-/+ buffers/cache:       889M       102M
Swap:         8.0G       507M       7.5G

             total       used       free     shared    buffers     cached
Mem:          992M       920M        71M        20K       2.1M        27M
-/+ buffers/cache:       890M       101M
Swap:         8.0G       506M       7.5G

             total       used       free     shared    buffers     cached
Mem:          992M       922M        70M        20K       2.1M        27M
-/+ buffers/cache:       892M        99M
Swap:         8.0G       505M       7.5G

             total       used       free     shared    buffers     cached
Mem:          992M       923M        68M        20K       2.1M        27M
-/+ buffers/cache:       893M        98M
Swap:         8.0G       505M       7.5G

             total       used       free     shared    buffers     cached
Mem:          992M       925M        67M        20K       2.1M        27M
-/+ buffers/cache:       895M        96M
Swap:         8.0G       504M       7.5G

             total       used       free     shared    buffers     cached
Mem:          992M       926M        65M        20K       2.1M        27M
-/+ buffers/cache:       896M        95M
Swap:         8.0G       503M       7.5G

             total       used       free     shared    buffers     cached
Mem:          992M       928M        63M        20K       2.1M        27M
-/+ buffers/cache:       898M        93M
Swap:         8.0G       502M       7.5G

             total       used       free     shared    buffers     cached
Mem:          992M       929M        62M        20K       2.1M        27M
-/+ buffers/cache:       899M        92M
Swap:         8.0G       501M       7.5G

             total       used       free     shared    buffers     cached
Mem:          992M       931M        61M        20K       2.1M        27M
-/+ buffers/cache:       901M        90M
Swap:         8.0G       500M       7.5G

             total       used       free     shared    buffers     cached
Mem:          992M       919M        72M        20K       2.1M        25M
-/+ buffers/cache:       891M       101M
Swap:         8.0G       505M       7.5G

             total       used       free     shared    buffers     cached
Mem:          992M       921M        71M        20K       2.1M        25M
-/+ buffers/cache:       893M        99M
Swap:         8.0G       504M       7.5G

             total       used       free     shared    buffers     cached
Mem:          992M       922M        69M        20K       2.1M        26M
-/+ buffers/cache:       894M        97M
Swap:         8.0G       504M       7.5G

             total       used       free     shared    buffers     cached
Mem:          992M       924M        68M        20K       2.1M        25M
-/+ buffers/cache:       895M        96M
Swap:         8.0G       503M       7.5G

             total       used       free     shared    buffers     cached
Mem:          992M       925M        66M        20K       2.1M        25M
-/+ buffers/cache:       897M        94M
Swap:         8.0G       502M       7.5G

             total       used       free     shared    buffers     cached
Mem:          992M       926M        65M        20K       2.2M        25M
-/+ buffers/cache:       898M        93M
Swap:         8.0G       501M       7.5G

             total       used       free     shared    buffers     cached
Mem:          992M       928M        63M        20K       2.2M        25M
-/+ buffers/cache:       900M        92M
Swap:         8.0G       500M       7.5G

             total       used       free     shared    buffers     cached
Mem:          992M       930M        62M        20K       2.2M        26M
-/+ buffers/cache:       901M        90M
Swap:         8.0G       499M       7.5G

             total       used       free     shared    buffers     cached
Mem:          992M       926M        66M        20K       2.2M        24M
-/+ buffers/cache:       899M        92M
Swap:         8.0G       499M       7.5G

             total       used       free     shared    buffers     cached
Mem:          992M       918M        74M        20K       1.6M        16M
-/+ buffers/cache:       900M        91M
Swap:         8.0G       499M       7.5G

             total       used       free     shared    buffers     cached
Mem:          992M       920M        71M        20K       1.6M        16M
-/+ buffers/cache:       902M        90M
Swap:         8.0G       498M       7.5G

             total       used       free     shared    buffers     cached
Mem:          992M       922M        69M        24K       1.6M        16M
-/+ buffers/cache:       903M        88M
Swap:         8.0G       497M       7.5G

             total       used       free     shared    buffers     cached
Mem:          992M       931M        60M        24K       1.6M        19M
-/+ buffers/cache:       910M        81M
Swap:         8.0G       494M       7.5G

             total       used       free     shared    buffers     cached
Mem:          992M       916M        75M        24K       504K         9M
-/+ buffers/cache:       905M        86M
Swap:         8.0G       509M       7.5G

             total       used       free     shared    buffers     cached
Mem:          992M       915M        76M        24K       448K        17M
-/+ buffers/cache:       897M        94M
Swap:         8.0G       507M       7.5G

             total       used       free     shared    buffers     cached
Mem:          992M       923M        68M        24K       448K        24M
-/+ buffers/cache:       898M        93M
Swap:         8.0G       506M       7.5G

             total       used       free     shared    buffers     cached
Mem:          992M       924M        67M        24K       456K        24M
-/+ buffers/cache:       899M        92M
Swap:         8.0G       506M       7.5G

             total       used       free     shared    buffers     cached
Mem:          992M       925M        66M        24K       776K        24M
-/+ buffers/cache:       899M        92M
Swap:         8.0G       505M       7.5G

             total       used       free     shared    buffers     cached
Mem:          992M       926M        66M        24K       776K        24M
-/+ buffers/cache:       900M        91M
Swap:         8.0G       505M       7.5G

             total       used       free     shared    buffers     cached
Mem:          992M       927M        65M        24K       776K        24M
-/+ buffers/cache:       901M        90M
Swap:         8.0G       505M       7.5G

             total       used       free     shared    buffers     cached
Mem:          992M       927M        64M        24K       776K        24M
-/+ buffers/cache:       902M        89M
Swap:         8.0G       504M       7.5G

             total       used       free     shared    buffers     cached
Mem:          992M       929M        63M        24K       776K        24M
-/+ buffers/cache:       903M        88M
Swap:         8.0G       504M       7.5G

             total       used       free     shared    buffers     cached
Mem:          992M       930M        62M        24K       784K        24M
-/+ buffers/cache:       904M        87M
Swap:         8.0G       504M       7.5G

             total       used       free     shared    buffers     cached
Mem:          992M       930M        61M        24K       784K        24M
-/+ buffers/cache:       905M        86M
Swap:         8.0G       503M       7.5G

             total       used       free     shared    buffers     cached
Mem:          992M       929M        63M       180K       784K        29M
-/+ buffers/cache:       898M        93M
Swap:         8.0G       513M       7.5G

             total       used       free     shared    buffers     cached
Mem:          992M       898M        94M       3.9M       3.5M        45M
-/+ buffers/cache:       848M       143M
Swap:         8.0G       569M       7.4G

             total       used       free     shared    buffers     cached
Mem:          992M       923M        68M       3.9M       5.3M        62M
-/+ buffers/cache:       855M       136M
Swap:         8.0G       564M       7.4G

             total       used       free     shared    buffers     cached
Mem:          992M       921M        70M       232K       3.5M        60M
-/+ buffers/cache:       856M       135M
Swap:         8.0G       571M       7.4G

             total       used       free     shared    buffers     cached
Mem:          992M       928M        64M       224K       3.6M        62M
-/+ buffers/cache:       861M       130M
Swap:         8.0G       569M       7.4G

             total       used       free     shared    buffers     cached
Mem:          992M       929M        62M       224K       3.6M        62M
-/+ buffers/cache:       863M       129M
Swap:         8.0G       568M       7.4G

             total       used       free     shared    buffers     cached
Mem:          992M       930M        61M       224K       3.6M        62M
-/+ buffers/cache:       864M       127M
Swap:         8.0G       567M       7.4G

             total       used       free     shared    buffers     cached
Mem:          992M       918M        74M       224K       3.6M        60M
-/+ buffers/cache:       854M       137M
Swap:         8.0G       578M       7.4G

             total       used       free     shared    buffers     cached
Mem:          992M       920M        71M       224K       3.8M        61M
-/+ buffers/cache:       855M       136M
Swap:         8.0G       577M       7.4G

             total       used       free     shared    buffers     cached
Mem:          992M       921M        70M       224K       3.8M        61M
-/+ buffers/cache:       857M       135M
Swap:         8.0G       576M       7.4G

             total       used       free     shared    buffers     cached
Mem:          992M       923M        69M       224K       3.8M        61M
-/+ buffers/cache:       858M       133M
Swap:         8.0G       576M       7.4G

             total       used       free     shared    buffers     cached
Mem:          992M       924M        67M       224K       3.8M        61M
-/+ buffers/cache:       859M       132M
Swap:         8.0G       575M       7.4G

             total       used       free     shared    buffers     cached
Mem:          992M       925M        66M       224K       3.8M        61M
-/+ buffers/cache:       861M       131M
Swap:         8.0G       575M       7.4G

             total       used       free     shared    buffers     cached
Mem:          992M       927M        64M       224K       3.8M        61M
-/+ buffers/cache:       862M       129M
Swap:         8.0G       574M       7.4G

             total       used       free     shared    buffers     cached
Mem:          992M       928M        63M       224K       3.8M        61M
-/+ buffers/cache:       863M       128M
Swap:         8.0G       573M       7.4G

             total       used       free     shared    buffers     cached
Mem:          992M       930M        62M       224K       3.8M        61M
-/+ buffers/cache:       865M       127M
Swap:         8.0G       573M       7.4G

             total       used       free     shared    buffers     cached
Mem:          992M       916M        75M       224K       3.8M        60M
-/+ buffers/cache:       852M       140M
Swap:         8.0G       577M       7.4G

             total       used       free     shared    buffers     cached
Mem:          992M       917M        74M       224K       3.8M        60M
-/+ buffers/cache:       853M       138M
Swap:         8.0G       576M       7.4G

             total       used       free     shared    buffers     cached
Mem:          992M       918M        73M       224K       3.8M        60M
-/+ buffers/cache:       854M       137M
Swap:         8.0G       575M       7.4G

             total       used       free     shared    buffers     cached
Mem:          992M       920M        72M       224K       3.8M        60M
-/+ buffers/cache:       856M       136M
Swap:         8.0G       575M       7.4G

             total       used       free     shared    buffers     cached
Mem:          992M       921M        70M       224K       3.8M        60M
-/+ buffers/cache:       857M       134M
Swap:         8.0G       574M       7.4G

             total       used       free     shared    buffers     cached
Mem:          992M       923M        69M       224K       3.8M        60M
-/+ buffers/cache:       858M       133M
Swap:         8.0G       573M       7.4G

             total       used       free     shared    buffers     cached
Mem:          992M       924M        67M       224K       3.8M        60M
-/+ buffers/cache:       860M       131M
Swap:         8.0G       573M       7.4G

             total       used       free     shared    buffers     cached
Mem:          992M       926M        65M       224K       3.8M        60M
-/+ buffers/cache:       862M       130M
Swap:         8.0G       572M       7.4G

             total       used       free     shared    buffers     cached
Mem:          992M       927M        64M       224K       3.8M        60M
-/+ buffers/cache:       863M       128M
Swap:         8.0G       572M       7.4G

             total       used       free     shared    buffers     cached
Mem:          992M       929M        63M       224K       3.8M        60M
-/+ buffers/cache:       865M       127M
Swap:         8.0G       571M       7.4G

             total       used       free     shared    buffers     cached
Mem:          992M       930M        61M       224K       3.8M        60M
-/+ buffers/cache:       866M       125M
Swap:         8.0G       570M       7.4G

             total       used       free     shared    buffers     cached
Mem:          992M       911M        81M       224K       3.8M        58M
-/+ buffers/cache:       848M       143M
Swap:         8.0G       594M       7.4G

             total       used       free     shared    buffers     cached
Mem:          992M       912M        79M       224K       3.8M        58M
-/+ buffers/cache:       849M       142M
Swap:         8.0G       593M       7.4G

             total       used       free     shared    buffers     cached
Mem:          992M       913M        78M       224K       3.8M        58M
-/+ buffers/cache:       851M       141M
Swap:         8.0G       592M       7.4G

             total       used       free     shared    buffers     cached
Mem:          992M       915M        77M       224K       3.8M        58M
-/+ buffers/cache:       852M       139M
Swap:         8.0G       592M       7.4G

             total       used       free     shared    buffers     cached
Mem:          992M       916M        76M       224K       3.8M        58M
-/+ buffers/cache:       853M       138M
Swap:         8.0G       591M       7.4G

             total       used       free     shared    buffers     cached
Mem:          992M       917M        74M       224K       3.8M        58M
-/+ buffers/cache:       854M       137M
Swap:         8.0G       591M       7.4G

             total       used       free     shared    buffers     cached
Mem:          992M       919M        73M       224K       3.8M        58M
-/+ buffers/cache:       856M       135M
Swap:         8.0G       590M       7.4G

             total       used       free     shared    buffers     cached
Mem:          992M       920M        71M       224K       3.8M        58M
-/+ buffers/cache:       857M       134M
Swap:         8.0G       589M       7.4G

             total       used       free     shared    buffers     cached
Mem:          992M       921M        70M       224K       3.8M        58M
-/+ buffers/cache:       859M       133M
Swap:         8.0G       588M       7.4G

             total       used       free     shared    buffers     cached
Mem:          992M       923M        68M       224K       3.8M        58M
-/+ buffers/cache:       860M       131M
Swap:         8.0G       588M       7.4G

             total       used       free     shared    buffers     cached
Mem:          992M       924M        67M       224K       3.8M        58M
-/+ buffers/cache:       861M       130M
Swap:         8.0G       587M       7.4G

             total       used       free     shared    buffers     cached
Mem:          992M       925M        66M       224K       3.8M        58M
-/+ buffers/cache:       863M       128M
Swap:         8.0G       587M       7.4G

             total       used       free     shared    buffers     cached
Mem:          992M       927M        64M       224K       3.8M        58M
-/+ buffers/cache:       864M       127M
Swap:         8.0G       586M       7.4G

             total       used       free     shared    buffers     cached
Mem:          992M       928M        63M       224K       3.8M        58M
-/+ buffers/cache:       866M       126M
Swap:         8.0G       585M       7.4G

             total       used       free     shared    buffers     cached
Mem:          992M       930M        62M       224K       3.8M        58M
-/+ buffers/cache:       867M       124M
Swap:         8.0G       585M       7.4G

             total       used       free     shared    buffers     cached
Mem:          992M       913M        79M       224K       4.9M        62M
-/+ buffers/cache:       845M       146M
Swap:         8.0G       594M       7.4G

             total       used       free     shared    buffers     cached
Mem:          992M       911M        80M       268K       8.2M        68M
-/+ buffers/cache:       834M       157M
Swap:         8.0G       615M       7.4G
