             total       used       free     shared    buffers     cached
Mem:          2.0G       656M       1.3G       3.2M        41M       287M
-/+ buffers/cache:       327M       1.6G
Swap:         8.0G         0B       8.0G

             total       used       free     shared    buffers     cached
Mem:          2.0G       655M       1.3G       3.2M        41M       287M
-/+ buffers/cache:       326M       1.6G
Swap:         8.0G         0B       8.0G

             total       used       free     shared    buffers     cached
Mem:          2.0G       655M       1.3G       3.2M        41M       287M
-/+ buffers/cache:       326M       1.6G
Swap:         8.0G         0B       8.0G

             total       used       free     shared    buffers     cached
Mem:          2.0G       655M       1.3G       3.2M        41M       287M
-/+ buffers/cache:       326M       1.6G
Swap:         8.0G         0B       8.0G

             total       used       free     shared    buffers     cached
Mem:          2.0G       655M       1.3G       3.2M        41M       287M
-/+ buffers/cache:       326M       1.6G
Swap:         8.0G         0B       8.0G

             total       used       free     shared    buffers     cached
Mem:          2.0G       655M       1.3G       3.2M        41M       287M
-/+ buffers/cache:       326M       1.6G
Swap:         8.0G         0B       8.0G

             total       used       free     shared    buffers     cached
Mem:          2.0G       655M       1.3G       3.2M        41M       287M
-/+ buffers/cache:       326M       1.6G
Swap:         8.0G         0B       8.0G

             total       used       free     shared    buffers     cached
Mem:          2.0G       655M       1.3G       3.2M        41M       287M
-/+ buffers/cache:       326M       1.6G
Swap:         8.0G         0B       8.0G

             total       used       free     shared    buffers     cached
Mem:          2.0G       655M       1.3G       3.2M        41M       287M
-/+ buffers/cache:       326M       1.6G
Swap:         8.0G         0B       8.0G

             total       used       free     shared    buffers     cached
Mem:          2.0G       655M       1.3G       3.2M        41M       287M
-/+ buffers/cache:       326M       1.6G
Swap:         8.0G         0B       8.0G

             total       used       free     shared    buffers     cached
Mem:          2.0G       656M       1.3G       3.2M        41M       287M
-/+ buffers/cache:       326M       1.6G
Swap:         8.0G         0B       8.0G

             total       used       free     shared    buffers     cached
Mem:          2.0G       657M       1.3G       3.2M        41M       287M
-/+ buffers/cache:       327M       1.6G
Swap:         8.0G         0B       8.0G

             total       used       free     shared    buffers     cached
Mem:          2.0G       657M       1.3G       3.2M        41M       287M
-/+ buffers/cache:       327M       1.6G
Swap:         8.0G         0B       8.0G

             total       used       free     shared    buffers     cached
Mem:          2.0G       661M       1.3G       3.2M        41M       287M
-/+ buffers/cache:       331M       1.6G
Swap:         8.0G         0B       8.0G

             total       used       free     shared    buffers     cached
Mem:          2.0G       680M       1.3G       3.2M        41M       288M
-/+ buffers/cache:       350M       1.6G
Swap:         8.0G         0B       8.0G

             total       used       free     shared    buffers     cached
Mem:          2.0G       666M       1.3G       3.2M        41M       290M
-/+ buffers/cache:       334M       1.6G
Swap:         8.0G         0B       8.0G

             total       used       free     shared    buffers     cached
Mem:          2.0G       718M       1.3G       3.2M        41M       291M
-/+ buffers/cache:       384M       1.6G
Swap:         8.0G         0B       8.0G

             total       used       free     shared    buffers     cached
Mem:          2.0G       736M       1.2G       3.2M        42M       292M
-/+ buffers/cache:       402M       1.6G
Swap:         8.0G         0B       8.0G

             total       used       free     shared    buffers     cached
Mem:          2.0G       738M       1.2G       3.2M        42M       292M
-/+ buffers/cache:       403M       1.6G
Swap:         8.0G         0B       8.0G

             total       used       free     shared    buffers     cached
Mem:          2.0G       718M       1.3G       3.2M        42M       293M
-/+ buffers/cache:       382M       1.6G
Swap:         8.0G         0B       8.0G

             total       used       free     shared    buffers     cached
Mem:          2.0G       723M       1.2G       3.3M        42M       296M
-/+ buffers/cache:       384M       1.6G
Swap:         8.0G         0B       8.0G

             total       used       free     shared    buffers     cached
Mem:          2.0G       723M       1.2G       3.3M        42M       296M
-/+ buffers/cache:       384M       1.6G
Swap:         8.0G         0B       8.0G

             total       used       free     shared    buffers     cached
Mem:          2.0G       723M       1.2G       3.3M        42M       296M
-/+ buffers/cache:       384M       1.6G
Swap:         8.0G         0B       8.0G

             total       used       free     shared    buffers     cached
Mem:          2.0G       723M       1.2G       3.3M        42M       296M
-/+ buffers/cache:       384M       1.6G
Swap:         8.0G         0B       8.0G

             total       used       free     shared    buffers     cached
Mem:          2.0G       723M       1.2G       3.3M        42M       296M
-/+ buffers/cache:       384M       1.6G
Swap:         8.0G         0B       8.0G

             total       used       free     shared    buffers     cached
Mem:          2.0G       723M       1.2G       3.3M        42M       296M
-/+ buffers/cache:       384M       1.6G
Swap:         8.0G         0B       8.0G

             total       used       free     shared    buffers     cached
Mem:          2.0G       723M       1.2G       3.3M        42M       296M
-/+ buffers/cache:       384M       1.6G
Swap:         8.0G         0B       8.0G

             total       used       free     shared    buffers     cached
Mem:          2.0G       723M       1.2G       3.3M        42M       296M
-/+ buffers/cache:       384M       1.6G
Swap:         8.0G         0B       8.0G

             total       used       free     shared    buffers     cached
Mem:          2.0G       723M       1.2G       3.3M        42M       296M
-/+ buffers/cache:       384M       1.6G
Swap:         8.0G         0B       8.0G

             total       used       free     shared    buffers     cached
Mem:          2.0G       723M       1.2G       3.3M        42M       296M
-/+ buffers/cache:       384M       1.6G
Swap:         8.0G         0B       8.0G

             total       used       free     shared    buffers     cached
Mem:          2.0G       723M       1.2G       3.3M        42M       296M
-/+ buffers/cache:       384M       1.6G
Swap:         8.0G         0B       8.0G

             total       used       free     shared    buffers     cached
Mem:          2.0G       723M       1.2G       3.3M        42M       296M
-/+ buffers/cache:       384M       1.6G
Swap:         8.0G         0B       8.0G

             total       used       free     shared    buffers     cached
Mem:          2.0G       723M       1.2G       3.3M        42M       296M
-/+ buffers/cache:       384M       1.6G
Swap:         8.0G         0B       8.0G

             total       used       free     shared    buffers     cached
Mem:          2.0G       731M       1.2G       3.3M        42M       296M
-/+ buffers/cache:       391M       1.6G
Swap:         8.0G         0B       8.0G

             total       used       free     shared    buffers     cached
Mem:          2.0G       748M       1.2G       3.3M        42M       296M
-/+ buffers/cache:       408M       1.6G
Swap:         8.0G         0B       8.0G

             total       used       free     shared    buffers     cached
Mem:          2.0G       764M       1.2G       3.3M        42M       296M
-/+ buffers/cache:       424M       1.5G
Swap:         8.0G         0B       8.0G

             total       used       free     shared    buffers     cached
Mem:          2.0G       779M       1.2G       3.3M        42M       296M
-/+ buffers/cache:       439M       1.5G
Swap:         8.0G         0B       8.0G

             total       used       free     shared    buffers     cached
Mem:          2.0G       796M       1.2G       3.3M        42M       296M
-/+ buffers/cache:       456M       1.5G
Swap:         8.0G         0B       8.0G

             total       used       free     shared    buffers     cached
Mem:          2.0G       812M       1.2G       3.3M        42M       296M
-/+ buffers/cache:       472M       1.5G
Swap:         8.0G         0B       8.0G

             total       used       free     shared    buffers     cached
Mem:          2.0G       828M       1.1G       3.3M        42M       296M
-/+ buffers/cache:       488M       1.5G
Swap:         8.0G         0B       8.0G

             total       used       free     shared    buffers     cached
Mem:          2.0G       841M       1.1G       3.3M        42M       296M
-/+ buffers/cache:       502M       1.5G
Swap:         8.0G         0B       8.0G

             total       used       free     shared    buffers     cached
Mem:          2.0G       857M       1.1G       3.3M        42M       296M
-/+ buffers/cache:       518M       1.4G
Swap:         8.0G         0B       8.0G

             total       used       free     shared    buffers     cached
Mem:          2.0G       871M       1.1G       3.3M        42M       296M
-/+ buffers/cache:       532M       1.4G
Swap:         8.0G         0B       8.0G

             total       used       free     shared    buffers     cached
Mem:          2.0G       890M       1.1G       3.3M        42M       296M
-/+ buffers/cache:       551M       1.4G
Swap:         8.0G         0B       8.0G

             total       used       free     shared    buffers     cached
Mem:          2.0G       906M       1.1G       3.3M        42M       296M
-/+ buffers/cache:       566M       1.4G
Swap:         8.0G         0B       8.0G

             total       used       free     shared    buffers     cached
Mem:          2.0G       921M       1.1G       3.3M        42M       296M
-/+ buffers/cache:       582M       1.4G
Swap:         8.0G         0B       8.0G

             total       used       free     shared    buffers     cached
Mem:          2.0G       937M       1.0G       3.3M        42M       296M
-/+ buffers/cache:       598M       1.4G
Swap:         8.0G         0B       8.0G

             total       used       free     shared    buffers     cached
Mem:          2.0G       951M       1.0G       3.3M        42M       296M
-/+ buffers/cache:       611M       1.4G
Swap:         8.0G         0B       8.0G

             total       used       free     shared    buffers     cached
Mem:          2.0G       966M       1.0G       3.3M        42M       296M
-/+ buffers/cache:       626M       1.3G
Swap:         8.0G         0B       8.0G

             total       used       free     shared    buffers     cached
Mem:          2.0G       982M       1.0G       3.3M        42M       296M
-/+ buffers/cache:       642M       1.3G
Swap:         8.0G         0B       8.0G

             total       used       free     shared    buffers     cached
Mem:          2.0G       997M       1.0G       3.3M        42M       296M
-/+ buffers/cache:       657M       1.3G
Swap:         8.0G         0B       8.0G

             total       used       free     shared    buffers     cached
Mem:          2.0G       1.0G       988M       3.3M        42M       296M
-/+ buffers/cache:       672M       1.3G
Swap:         8.0G         0B       8.0G

             total       used       free     shared    buffers     cached
Mem:          2.0G       1.0G       973M       3.3M        42M       296M
-/+ buffers/cache:       687M       1.3G
Swap:         8.0G         0B       8.0G

             total       used       free     shared    buffers     cached
Mem:          2.0G       1.0G       957M       3.3M        42M       296M
-/+ buffers/cache:       702M       1.3G
Swap:         8.0G         0B       8.0G

             total       used       free     shared    buffers     cached
Mem:          2.0G       1.0G       942M       3.3M        42M       296M
-/+ buffers/cache:       717M       1.3G
Swap:         8.0G         0B       8.0G

             total       used       free     shared    buffers     cached
Mem:          2.0G       1.0G       928M       3.3M        42M       296M
-/+ buffers/cache:       732M       1.2G
Swap:         8.0G         0B       8.0G

             total       used       free     shared    buffers     cached
Mem:          2.0G       1.1G       911M       3.3M        42M       296M
-/+ buffers/cache:       748M       1.2G
Swap:         8.0G         0B       8.0G

             total       used       free     shared    buffers     cached
Mem:          2.0G       1.1G       897M       3.3M        42M       296M
-/+ buffers/cache:       762M       1.2G
Swap:         8.0G         0B       8.0G

             total       used       free     shared    buffers     cached
Mem:          2.0G       1.1G       883M       3.3M        42M       296M
-/+ buffers/cache:       777M       1.2G
Swap:         8.0G         0B       8.0G

             total       used       free     shared    buffers     cached
Mem:          2.0G       1.1G       866M       3.3M        42M       296M
-/+ buffers/cache:       793M       1.2G
Swap:         8.0G         0B       8.0G

             total       used       free     shared    buffers     cached
Mem:          2.0G       1.1G       851M       3.3M        42M       296M
-/+ buffers/cache:       808M       1.2G
Swap:         8.0G         0B       8.0G

             total       used       free     shared    buffers     cached
Mem:          2.0G       1.1G       835M       3.3M        42M       296M
-/+ buffers/cache:       824M       1.1G
Swap:         8.0G         0B       8.0G

             total       used       free     shared    buffers     cached
Mem:          2.0G       1.1G       824M       3.3M        42M       296M
-/+ buffers/cache:       835M       1.1G
Swap:         8.0G         0B       8.0G

             total       used       free     shared    buffers     cached
Mem:          2.0G       1.2G       811M       3.3M        42M       296M
-/+ buffers/cache:       849M       1.1G
Swap:         8.0G         0B       8.0G

             total       used       free     shared    buffers     cached
Mem:          2.0G       1.2G       796M       3.3M        42M       296M
-/+ buffers/cache:       863M       1.1G
Swap:         8.0G         0B       8.0G

             total       used       free     shared    buffers     cached
Mem:          2.0G       1.2G       781M       3.3M        42M       296M
-/+ buffers/cache:       878M       1.1G
Swap:         8.0G         0B       8.0G

             total       used       free     shared    buffers     cached
Mem:          2.0G       1.2G       766M       3.3M        42M       296M
-/+ buffers/cache:       893M       1.1G
Swap:         8.0G         0B       8.0G

             total       used       free     shared    buffers     cached
Mem:          2.0G       1.2G       751M       3.3M        42M       296M
-/+ buffers/cache:       909M       1.1G
Swap:         8.0G         0B       8.0G

             total       used       free     shared    buffers     cached
Mem:          2.0G       1.2G       736M       3.3M        42M       296M
-/+ buffers/cache:       924M       1.1G
Swap:         8.0G         0B       8.0G

             total       used       free     shared    buffers     cached
Mem:          2.0G       1.2G       721M       3.3M        42M       296M
-/+ buffers/cache:       938M       1.0G
Swap:         8.0G         0B       8.0G

             total       used       free     shared    buffers     cached
Mem:          2.0G       1.3G       706M       3.3M        42M       296M
-/+ buffers/cache:       953M       1.0G
Swap:         8.0G         0B       8.0G

             total       used       free     shared    buffers     cached
Mem:          2.0G       1.3G       692M       3.3M        42M       296M
-/+ buffers/cache:       968M       1.0G
Swap:         8.0G         0B       8.0G

             total       used       free     shared    buffers     cached
Mem:          2.0G       1.3G       677M       3.3M        42M       296M
-/+ buffers/cache:       983M       1.0G
Swap:         8.0G         0B       8.0G

             total       used       free     shared    buffers     cached
Mem:          2.0G       1.3G       659M       3.3M        42M       297M
-/+ buffers/cache:       1.0G       999M
Swap:         8.0G         0B       8.0G

             total       used       free     shared    buffers     cached
Mem:          2.0G       1.3G       645M       3.3M        42M       297M
-/+ buffers/cache:       1.0G       985M
Swap:         8.0G         0B       8.0G

             total       used       free     shared    buffers     cached
Mem:          2.0G       1.3G       630M       3.3M        42M       297M
-/+ buffers/cache:       1.0G       970M
Swap:         8.0G         0B       8.0G

             total       used       free     shared    buffers     cached
Mem:          2.0G       1.4G       616M       3.3M        42M       297M
-/+ buffers/cache:       1.0G       956M
Swap:         8.0G         0B       8.0G

             total       used       free     shared    buffers     cached
Mem:          2.0G       1.4G       601M       3.3M        42M       297M
-/+ buffers/cache:       1.0G       941M
Swap:         8.0G         0B       8.0G

             total       used       free     shared    buffers     cached
Mem:          2.0G       1.4G       586M       3.3M        42M       297M
-/+ buffers/cache:       1.0G       926M
Swap:         8.0G         0B       8.0G

             total       used       free     shared    buffers     cached
Mem:          2.0G       1.4G       571M       3.3M        42M       297M
-/+ buffers/cache:       1.1G       911M
Swap:         8.0G         0B       8.0G

             total       used       free     shared    buffers     cached
Mem:          2.0G       1.4G       557M       3.3M        42M       297M
-/+ buffers/cache:       1.1G       897M
Swap:         8.0G         0B       8.0G

             total       used       free     shared    buffers     cached
Mem:          2.0G       1.4G       541M       3.3M        42M       297M
-/+ buffers/cache:       1.1G       881M
Swap:         8.0G         0B       8.0G

             total       used       free     shared    buffers     cached
Mem:          2.0G       1.4G       526M       3.3M        42M       297M
-/+ buffers/cache:       1.1G       866M
Swap:         8.0G         0B       8.0G

             total       used       free     shared    buffers     cached
Mem:          2.0G       1.5G       511M       3.3M        42M       297M
-/+ buffers/cache:       1.1G       851M
Swap:         8.0G         0B       8.0G

             total       used       free     shared    buffers     cached
Mem:          2.0G       1.5G       497M       3.3M        42M       297M
-/+ buffers/cache:       1.1G       837M
Swap:         8.0G         0B       8.0G

             total       used       free     shared    buffers     cached
Mem:          2.0G       1.5G       482M       3.3M        42M       297M
-/+ buffers/cache:       1.2G       822M
Swap:         8.0G         0B       8.0G

             total       used       free     shared    buffers     cached
Mem:          2.0G       1.5G       466M       3.3M        42M       297M
-/+ buffers/cache:       1.2G       806M
Swap:         8.0G         0B       8.0G

             total       used       free     shared    buffers     cached
Mem:          2.0G       1.5G       451M       3.3M        42M       297M
-/+ buffers/cache:       1.2G       791M
Swap:         8.0G         0B       8.0G

             total       used       free     shared    buffers     cached
Mem:          2.0G       1.5G       435M       3.3M        42M       297M
-/+ buffers/cache:       1.2G       775M
Swap:         8.0G         0B       8.0G

             total       used       free     shared    buffers     cached
Mem:          2.0G       1.5G       419M       3.3M        42M       297M
-/+ buffers/cache:       1.2G       759M
Swap:         8.0G         0B       8.0G

             total       used       free     shared    buffers     cached
Mem:          2.0G       1.6G       405M       3.3M        42M       297M
-/+ buffers/cache:       1.2G       745M
Swap:         8.0G         0B       8.0G

             total       used       free     shared    buffers     cached
Mem:          2.0G       1.6G       389M       3.3M        42M       297M
-/+ buffers/cache:       1.2G       729M
Swap:         8.0G         0B       8.0G

             total       used       free     shared    buffers     cached
Mem:          2.0G       1.6G       377M       3.3M        42M       297M
-/+ buffers/cache:       1.3G       717M
Swap:         8.0G         0B       8.0G

             total       used       free     shared    buffers     cached
Mem:          2.0G       1.6G       370M       3.3M        42M       297M
-/+ buffers/cache:       1.3G       710M
Swap:         8.0G         0B       8.0G

             total       used       free     shared    buffers     cached
Mem:          2.0G       1.6G       355M       3.3M        42M       297M
-/+ buffers/cache:       1.3G       695M
Swap:         8.0G         0B       8.0G

             total       used       free     shared    buffers     cached
Mem:          2.0G       1.6G       339M       3.3M        42M       297M
-/+ buffers/cache:       1.3G       679M
Swap:         8.0G         0B       8.0G

             total       used       free     shared    buffers     cached
Mem:          2.0G       1.6G       324M       3.3M        42M       297M
-/+ buffers/cache:       1.3G       664M
Swap:         8.0G         0B       8.0G

             total       used       free     shared    buffers     cached
Mem:          2.0G       1.7G       309M       3.3M        42M       297M
-/+ buffers/cache:       1.3G       649M
Swap:         8.0G         0B       8.0G

             total       used       free     shared    buffers     cached
Mem:          2.0G       1.7G       295M       3.3M        42M       297M
-/+ buffers/cache:       1.3G       635M
Swap:         8.0G         0B       8.0G

             total       used       free     shared    buffers     cached
Mem:          2.0G       1.7G       279M       3.3M        42M       297M
-/+ buffers/cache:       1.3G       619M
Swap:         8.0G         0B       8.0G

             total       used       free     shared    buffers     cached
Mem:          2.0G       1.7G       263M       3.3M        42M       297M
-/+ buffers/cache:       1.4G       603M
Swap:         8.0G         0B       8.0G

             total       used       free     shared    buffers     cached
Mem:          2.0G       1.7G       249M       3.3M        42M       297M
-/+ buffers/cache:       1.4G       589M
Swap:         8.0G         0B       8.0G

             total       used       free     shared    buffers     cached
Mem:          2.0G       1.7G       233M       3.3M        42M       297M
-/+ buffers/cache:       1.4G       573M
Swap:         8.0G         0B       8.0G

             total       used       free     shared    buffers     cached
Mem:          2.0G       1.7G       218M       3.3M        42M       297M
-/+ buffers/cache:       1.4G       558M
Swap:         8.0G         0B       8.0G

             total       used       free     shared    buffers     cached
Mem:          2.0G       1.8G       202M       3.3M        42M       297M
-/+ buffers/cache:       1.4G       542M
Swap:         8.0G         0B       8.0G

             total       used       free     shared    buffers     cached
Mem:          2.0G       1.8G       186M       3.3M        42M       297M
-/+ buffers/cache:       1.4G       526M
Swap:         8.0G         0B       8.0G

             total       used       free     shared    buffers     cached
Mem:          2.0G       1.8G       170M       3.3M        42M       297M
-/+ buffers/cache:       1.5G       510M
Swap:         8.0G         0B       8.0G

             total       used       free     shared    buffers     cached
Mem:          2.0G       1.8G       154M       3.3M        42M       297M
-/+ buffers/cache:       1.5G       494M
Swap:         8.0G         0B       8.0G

             total       used       free     shared    buffers     cached
Mem:          2.0G       1.8G       139M       3.3M        42M       297M
-/+ buffers/cache:       1.5G       479M
Swap:         8.0G         0B       8.0G

             total       used       free     shared    buffers     cached
Mem:          2.0G       1.8G       124M       3.3M        42M       297M
-/+ buffers/cache:       1.5G       464M
Swap:         8.0G         0B       8.0G

             total       used       free     shared    buffers     cached
Mem:          2.0G       1.8G       109M       3.3M        42M       297M
-/+ buffers/cache:       1.5G       448M
Swap:         8.0G         0B       8.0G

             total       used       free     shared    buffers     cached
Mem:          2.0G       1.9G        93M       3.3M        42M       297M
-/+ buffers/cache:       1.5G       433M
Swap:         8.0G         0B       8.0G

             total       used       free     shared    buffers     cached
Mem:          2.0G       1.9G        79M       3.3M        42M       297M
-/+ buffers/cache:       1.5G       419M
Swap:         8.0G         0B       8.0G

             total       used       free     shared    buffers     cached
Mem:          2.0G       1.9G        64M       3.3M        42M       297M
-/+ buffers/cache:       1.6G       403M
Swap:         8.0G         0B       8.0G

             total       used       free     shared    buffers     cached
Mem:          2.0G       1.9G        72M       3.3M        18M       295M
-/+ buffers/cache:       1.6G       387M
Swap:         8.0G         0B       8.0G

             total       used       free     shared    buffers     cached
Mem:          2.0G       1.9G        67M       3.3M        14M       291M
-/+ buffers/cache:       1.6G       372M
Swap:         8.0G         0B       8.0G

             total       used       free     shared    buffers     cached
Mem:          2.0G       1.9G        70M       3.2M        14M       273M
-/+ buffers/cache:       1.6G       357M
Swap:         8.0G        76K       8.0G

             total       used       free     shared    buffers     cached
Mem:          2.0G       1.9G        75M       3.2M        13M       254M
-/+ buffers/cache:       1.6G       342M
Swap:         8.0G       220K       8.0G

             total       used       free     shared    buffers     cached
Mem:          2.0G       1.9G        75M       3.0M        13M       239M
-/+ buffers/cache:       1.6G       328M
Swap:         8.0G       6.3M       8.0G

             total       used       free     shared    buffers     cached
Mem:          2.0G       1.9G        90M       2.8M        13M       217M
-/+ buffers/cache:       1.6G       321M
Swap:         8.0G        16M       8.0G

             total       used       free     shared    buffers     cached
Mem:          2.0G       1.9G        76M       2.8M        13M       217M
-/+ buffers/cache:       1.7G       307M
Swap:         8.0G        16M       8.0G

             total       used       free     shared    buffers     cached
Mem:          2.0G       1.9G        85M       2.8M       3.1M       204M
-/+ buffers/cache:       1.7G       293M
Swap:         8.0G        16M       8.0G

             total       used       free     shared    buffers     cached
Mem:          2.0G       1.9G        71M       2.8M       3.1M       204M
-/+ buffers/cache:       1.7G       279M
Swap:         8.0G        16M       8.0G

             total       used       free     shared    buffers     cached
Mem:          2.0G       1.9G        82M       2.8M       1.1M       181M
-/+ buffers/cache:       1.7G       265M
Swap:         8.0G        16M       8.0G

             total       used       free     shared    buffers     cached
Mem:          2.0G       1.9G        67M       2.8M       1.1M       181M
-/+ buffers/cache:       1.7G       250M
Swap:         8.0G        16M       8.0G

             total       used       free     shared    buffers     cached
Mem:          2.0G       1.9G        74M       2.8M       1.0M       160M
-/+ buffers/cache:       1.7G       235M
Swap:         8.0G        16M       8.0G

             total       used       free     shared    buffers     cached
Mem:          2.0G       1.9G        78M       2.8M       1.0M       141M
-/+ buffers/cache:       1.7G       221M
Swap:         8.0G        16M       8.0G

             total       used       free     shared    buffers     cached
Mem:          2.0G       1.9G        81M       2.8M        76K       125M
-/+ buffers/cache:       1.8G       207M
Swap:         8.0G        16M       8.0G

             total       used       free     shared    buffers     cached
Mem:          2.0G       1.9G        66M       2.8M        80K       125M
-/+ buffers/cache:       1.8G       192M
Swap:         8.0G        16M       8.0G

             total       used       free     shared    buffers     cached
Mem:          2.0G       1.9G        67M       2.8M        80K       111M
-/+ buffers/cache:       1.8G       178M
Swap:         8.0G        16M       8.0G

             total       used       free     shared    buffers     cached
Mem:          2.0G       1.9G        66M       2.8M        80K        97M
-/+ buffers/cache:       1.8G       164M
Swap:         8.0G        16M       8.0G

             total       used       free     shared    buffers     cached
Mem:          2.0G       1.9G        68M       2.8M        80K        82M
-/+ buffers/cache:       1.8G       150M
Swap:         8.0G        16M       8.0G

             total       used       free     shared    buffers     cached
Mem:          2.0G       1.9G        71M       2.8M       232K        65M
-/+ buffers/cache:       1.8G       136M
Swap:         8.0G        16M       8.0G

             total       used       free     shared    buffers     cached
Mem:          2.0G       1.9G        71M       2.8M       232K        50M
-/+ buffers/cache:       1.8G       122M
Swap:         8.0G        16M       8.0G

             total       used       free     shared    buffers     cached
Mem:          2.0G       1.9G        77M       2.8M       232K        36M
-/+ buffers/cache:       1.8G       113M
Swap:         8.0G        16M       8.0G

             total       used       free     shared    buffers     cached
Mem:          2.0G       1.9G        77M       2.6M       2.1M        29M
-/+ buffers/cache:       1.8G       108M
Swap:         8.0G        37M       8.0G

             total       used       free     shared    buffers     cached
Mem:          2.0G       1.9G        78M       2.5M       1.9M        23M
-/+ buffers/cache:       1.9G       104M
Swap:         8.0G        39M       8.0G

             total       used       free     shared    buffers     cached
Mem:          2.0G       1.9G        76M       2.5M       1.6M        11M
-/+ buffers/cache:       1.9G        89M
Swap:         8.0G        39M       8.0G

             total       used       free     shared    buffers     cached
Mem:          2.0G       1.9G        68M       2.5M       712K       6.3M
-/+ buffers/cache:       1.9G        75M
Swap:         8.0G        39M       8.0G

             total       used       free     shared    buffers     cached
Mem:          2.0G       1.9G        74M       2.5M       884K       6.2M
-/+ buffers/cache:       1.9G        81M
Swap:         8.0G        60M       7.9G

             total       used       free     shared    buffers     cached
Mem:          2.0G       1.9G        78M       2.5M       736K       5.8M
-/+ buffers/cache:       1.9G        84M
Swap:         8.0G        81M       7.9G

             total       used       free     shared    buffers     cached
Mem:          2.0G       1.9G        79M       2.5M       492K       4.4M
-/+ buffers/cache:       1.9G        84M
Swap:         8.0G       108M       7.9G

             total       used       free     shared    buffers     cached
Mem:          2.0G       1.9G        76M       2.5M       492K       4.5M
-/+ buffers/cache:       1.9G        81M
Swap:         8.0G       108M       7.9G

             total       used       free     shared    buffers     cached
Mem:          2.0G       1.9G        70M       2.5M       500K       4.4M
-/+ buffers/cache:       1.9G        74M
Swap:         8.0G       116M       7.9G

             total       used       free     shared    buffers     cached
Mem:          2.0G       1.9G        72M       2.5M       500K       4.3M
-/+ buffers/cache:       1.9G        77M
Swap:         8.0G       133M       7.9G

             total       used       free     shared    buffers     cached
Mem:          2.0G       1.9G        72M       2.4M       456K       4.2M
-/+ buffers/cache:       1.9G        77M
Swap:         8.0G       149M       7.9G

             total       used       free     shared    buffers     cached
Mem:          2.0G       1.9G        69M       2.4M       416K       4.2M
-/+ buffers/cache:       1.9G        73M
Swap:         8.0G       167M       7.8G

             total       used       free     shared    buffers     cached
Mem:          2.0G       1.9G        70M       2.4M       384K       4.2M
-/+ buffers/cache:       1.9G        75M
Swap:         8.0G       175M       7.8G

             total       used       free     shared    buffers     cached
Mem:          2.0G       1.9G        83M       2.4M       292K       4.2M
-/+ buffers/cache:       1.9G        87M
Swap:         8.0G       199M       7.8G

             total       used       free     shared    buffers     cached
Mem:          2.0G       1.9G        67M       2.4M       292K       4.2M
-/+ buffers/cache:       1.9G        72M
Swap:         8.0G       199M       7.8G

             total       used       free     shared    buffers     cached
Mem:          2.0G       1.9G        71M       2.4M       208K       4.2M
-/+ buffers/cache:       1.9G        75M
Swap:         8.0G       233M       7.8G

             total       used       free     shared    buffers     cached
Mem:          2.0G       1.9G        72M       2.4M       208K       4.2M
-/+ buffers/cache:       1.9G        77M
Swap:         8.0G       233M       7.8G

             total       used       free     shared    buffers     cached
Mem:          2.0G       1.9G        72M       2.4M       184K       4.2M
-/+ buffers/cache:       1.9G        77M
Swap:         8.0G       257M       7.7G

             total       used       free     shared    buffers     cached
Mem:          2.0G       1.9G        67M       2.4M       184K       4.3M
-/+ buffers/cache:       1.9G        72M
Swap:         8.0G       257M       7.7G

             total       used       free     shared    buffers     cached
Mem:          2.0G       1.9G        75M       2.4M       192K       4.2M
-/+ buffers/cache:       1.9G        79M
Swap:         8.0G       258M       7.7G

             total       used       free     shared    buffers     cached
Mem:          2.0G       1.9G        67M       2.4M       192K       4.3M
-/+ buffers/cache:       1.9G        72M
Swap:         8.0G       258M       7.7G

             total       used       free     shared    buffers     cached
Mem:          2.0G       1.9G        75M       2.4M       192K       4.2M
-/+ buffers/cache:       1.9G        80M
Swap:         8.0G       284M       7.7G

             total       used       free     shared    buffers     cached
Mem:          2.0G       1.9G        74M       2.4M        92K       4.3M
-/+ buffers/cache:       1.9G        79M
Swap:         8.0G       284M       7.7G

             total       used       free     shared    buffers     cached
Mem:          2.0G       1.9G        72M       2.4M       212K       9.2M
-/+ buffers/cache:       1.9G        82M
Swap:         8.0G       314M       7.7G

             total       used       free     shared    buffers     cached
Mem:          2.0G       1.9G        64M       2.4M       488K       9.7M
-/+ buffers/cache:       1.9G        75M
Swap:         8.0G       314M       7.7G

             total       used       free     shared    buffers     cached
Mem:          2.0G       1.9G        71M       2.4M       484K       8.6M
-/+ buffers/cache:       1.9G        80M
Swap:         8.0G       317M       7.7G

             total       used       free     shared    buffers     cached
Mem:          2.0G       1.9G        76M       2.4M       484K       8.2M
-/+ buffers/cache:       1.9G        84M
Swap:         8.0G       343M       7.7G

             total       used       free     shared    buffers     cached
Mem:          2.0G       1.9G        75M       2.4M       484K       8.2M
-/+ buffers/cache:       1.9G        83M
Swap:         8.0G       343M       7.7G

             total       used       free     shared    buffers     cached
Mem:          2.0G       1.9G        74M       2.4M       484K       8.2M
-/+ buffers/cache:       1.9G        83M
Swap:         8.0G       342M       7.7G

             total       used       free     shared    buffers     cached
Mem:          2.0G       1.9G        73M       2.4M       492K       8.2M
-/+ buffers/cache:       1.9G        82M
Swap:         8.0G       342M       7.7G

             total       used       free     shared    buffers     cached
Mem:          2.0G       1.9G        73M       2.4M       492K       8.2M
-/+ buffers/cache:       1.9G        81M
Swap:         8.0G       341M       7.7G

             total       used       free     shared    buffers     cached
Mem:          2.0G       1.9G        72M       2.4M       492K       8.2M
-/+ buffers/cache:       1.9G        81M
Swap:         8.0G       341M       7.7G

             total       used       free     shared    buffers     cached
Mem:          2.0G       1.9G        71M       2.4M       492K       8.2M
-/+ buffers/cache:       1.9G        80M
Swap:         8.0G       341M       7.7G

             total       used       free     shared    buffers     cached
Mem:          2.0G       1.9G        71M       2.4M       492K       8.2M
-/+ buffers/cache:       1.9G        79M
Swap:         8.0G       340M       7.7G

             total       used       free     shared    buffers     cached
Mem:          2.0G       1.9G        70M       2.4M       492K       8.2M
-/+ buffers/cache:       1.9G        79M
Swap:         8.0G       340M       7.7G

             total       used       free     shared    buffers     cached
Mem:          2.0G       1.9G        69M       2.4M       500K       8.2M
-/+ buffers/cache:       1.9G        78M
Swap:         8.0G       340M       7.7G

             total       used       free     shared    buffers     cached
Mem:          2.0G       1.9G        69M       2.4M       500K       8.2M
-/+ buffers/cache:       1.9G        77M
Swap:         8.0G       339M       7.7G

             total       used       free     shared    buffers     cached
Mem:          2.0G       1.9G        68M       2.4M       500K       8.2M
-/+ buffers/cache:       1.9G        77M
Swap:         8.0G       339M       7.7G

             total       used       free     shared    buffers     cached
Mem:          2.0G       1.9G        68M       2.4M       516K       8.2M
-/+ buffers/cache:       1.9G        76M
Swap:         8.0G       338M       7.7G

             total       used       free     shared    buffers     cached
Mem:          2.0G       1.9G        67M       2.4M       516K       8.2M
-/+ buffers/cache:       1.9G        76M
Swap:         8.0G       338M       7.7G

             total       used       free     shared    buffers     cached
Mem:          2.0G       1.9G        66M       2.4M       524K       8.2M
-/+ buffers/cache:       1.9G        75M
Swap:         8.0G       338M       7.7G

             total       used       free     shared    buffers     cached
Mem:          2.0G       1.9G        66M       2.4M       524K       8.2M
-/+ buffers/cache:       1.9G        74M
Swap:         8.0G       337M       7.7G

             total       used       free     shared    buffers     cached
Mem:          2.0G       1.9G        65M       2.4M       524K       8.2M
-/+ buffers/cache:       1.9G        74M
Swap:         8.0G       337M       7.7G

             total       used       free     shared    buffers     cached
Mem:          2.0G       1.9G        65M       2.4M       524K       8.2M
-/+ buffers/cache:       1.9G        73M
Swap:         8.0G       336M       7.7G

             total       used       free     shared    buffers     cached
Mem:          2.0G       1.9G        82M       2.4M        76K       8.0M
-/+ buffers/cache:       1.9G        90M
Swap:         8.0G       353M       7.7G

             total       used       free     shared    buffers     cached
Mem:          2.0G       1.9G        79M       2.4M       512K       8.5M
-/+ buffers/cache:       1.9G        88M
Swap:         8.0G       353M       7.7G

             total       used       free     shared    buffers     cached
Mem:          2.0G       1.9G        90M       2.4M        84K        30M
-/+ buffers/cache:       1.8G       121M
Swap:         8.0G       397M       7.6G

             total       used       free     shared    buffers     cached
Mem:          2.0G       1.9G        88M       2.4M       224K        31M
-/+ buffers/cache:       1.8G       120M
Swap:         8.0G       406M       7.6G

             total       used       free     shared    buffers     cached
Mem:          2.0G       1.9G        88M       2.4M       236K        30M
-/+ buffers/cache:       1.8G       119M
Swap:         8.0G       406M       7.6G

             total       used       free     shared    buffers     cached
Mem:          2.0G       1.9G        87M       2.4M       240K        30M
-/+ buffers/cache:       1.8G       118M
Swap:         8.0G       405M       7.6G

             total       used       free     shared    buffers     cached
Mem:          2.0G       1.9G        86M       2.4M       248K        31M
-/+ buffers/cache:       1.8G       117M
Swap:         8.0G       405M       7.6G

             total       used       free     shared    buffers     cached
Mem:          2.0G       1.9G        85M       2.4M       248K        30M
-/+ buffers/cache:       1.8G       116M
Swap:         8.0G       404M       7.6G

             total       used       free     shared    buffers     cached
Mem:          2.0G       1.9G        84M       2.4M       248K        30M
-/+ buffers/cache:       1.8G       115M
Swap:         8.0G       403M       7.6G

             total       used       free     shared    buffers     cached
Mem:          2.0G       1.9G        83M       2.4M       248K        31M
-/+ buffers/cache:       1.8G       114M
Swap:         8.0G       403M       7.6G

             total       used       free     shared    buffers     cached
Mem:          2.0G       1.9G        81M       2.4M       248K        32M
-/+ buffers/cache:       1.8G       113M
Swap:         8.0G       402M       7.6G

             total       used       free     shared    buffers     cached
Mem:          2.0G       1.9G        80M       2.4M       248K        32M
-/+ buffers/cache:       1.8G       113M
Swap:         8.0G       402M       7.6G

             total       used       free     shared    buffers     cached
Mem:          2.0G       1.9G        80M       2.4M       256K        32M
-/+ buffers/cache:       1.8G       112M
Swap:         8.0G       402M       7.6G

             total       used       free     shared    buffers     cached
Mem:          2.0G       1.9G        78M       2.4M       256K        32M
-/+ buffers/cache:       1.8G       111M
Swap:         8.0G       401M       7.6G

             total       used       free     shared    buffers     cached
Mem:          2.0G       1.9G        77M       2.4M       256K        33M
-/+ buffers/cache:       1.8G       111M
Swap:         8.0G       400M       7.6G

             total       used       free     shared    buffers     cached
Mem:          2.0G       1.9G        71M       2.4M       256K        38M
-/+ buffers/cache:       1.8G       110M
Swap:         8.0G       400M       7.6G

             total       used       free     shared    buffers     cached
Mem:          2.0G       1.9G        70M       2.4M       572K        38M
-/+ buffers/cache:       1.8G       109M
Swap:         8.0G       399M       7.6G

             total       used       free     shared    buffers     cached
Mem:          2.0G       1.9G        70M       2.4M       580K        38M
-/+ buffers/cache:       1.8G       109M
Swap:         8.0G       399M       7.6G

             total       used       free     shared    buffers     cached
Mem:          2.0G       1.9G        69M       2.4M       580K        38M
-/+ buffers/cache:       1.8G       108M
Swap:         8.0G       399M       7.6G

             total       used       free     shared    buffers     cached
Mem:          2.0G       1.9G        69M       2.4M       580K        38M
-/+ buffers/cache:       1.8G       107M
Swap:         8.0G       398M       7.6G

             total       used       free     shared    buffers     cached
Mem:          2.0G       1.9G        68M       2.4M       580K        38M
-/+ buffers/cache:       1.8G       107M
Swap:         8.0G       398M       7.6G

             total       used       free     shared    buffers     cached
Mem:          2.0G       1.9G        67M       2.4M       580K        38M
-/+ buffers/cache:       1.8G       106M
Swap:         8.0G       398M       7.6G

             total       used       free     shared    buffers     cached
Mem:          2.0G       1.9G        67M       2.4M       580K        38M
-/+ buffers/cache:       1.8G       106M
Swap:         8.0G       397M       7.6G

             total       used       free     shared    buffers     cached
Mem:          2.0G       1.9G        66M       2.4M       588K        38M
-/+ buffers/cache:       1.9G       105M
Swap:         8.0G       397M       7.6G

             total       used       free     shared    buffers     cached
Mem:          2.0G       1.9G        66M       2.4M       588K        38M
-/+ buffers/cache:       1.9G       105M
Swap:         8.0G       397M       7.6G

             total       used       free     shared    buffers     cached
Mem:          2.0G       1.9G        65M       2.4M       588K        38M
-/+ buffers/cache:       1.9G       104M
Swap:         8.0G       396M       7.6G

             total       used       free     shared    buffers     cached
Mem:          2.0G       1.9G        65M       2.4M       588K        38M
-/+ buffers/cache:       1.9G       104M
Swap:         8.0G       396M       7.6G

             total       used       free     shared    buffers     cached
Mem:          2.0G       1.9G        88M       2.4M       588K        33M
-/+ buffers/cache:       1.8G       122M
Swap:         8.0G       397M       7.6G

             total       used       free     shared    buffers     cached
Mem:          2.0G       1.9G        88M       2.4M       596K        34M
-/+ buffers/cache:       1.8G       122M
Swap:         8.0G       397M       7.6G

             total       used       free     shared    buffers     cached
Mem:          2.0G       1.9G        87M       2.4M       596K        34M
-/+ buffers/cache:       1.8G       122M
Swap:         8.0G       396M       7.6G

             total       used       free     shared    buffers     cached
Mem:          2.0G       1.9G        86M       2.4M       596K        34M
-/+ buffers/cache:       1.8G       121M
Swap:         8.0G       396M       7.6G

             total       used       free     shared    buffers     cached
Mem:          2.0G       1.9G        86M       2.4M       596K        34M
-/+ buffers/cache:       1.8G       120M
Swap:         8.0G       396M       7.6G

             total       used       free     shared    buffers     cached
Mem:          2.0G       1.9G        85M       2.4M       596K        34M
-/+ buffers/cache:       1.8G       120M
Swap:         8.0G       395M       7.6G

             total       used       free     shared    buffers     cached
Mem:          2.0G       1.9G        85M       2.4M       596K        33M
-/+ buffers/cache:       1.8G       119M
Swap:         8.0G       395M       7.6G

             total       used       free     shared    buffers     cached
Mem:          2.0G       1.9G        84M       2.4M       604K        33M
-/+ buffers/cache:       1.8G       119M
Swap:         8.0G       395M       7.6G

             total       used       free     shared    buffers     cached
Mem:          2.0G       1.9G        84M       2.4M       604K        34M
-/+ buffers/cache:       1.8G       118M
Swap:         8.0G       394M       7.6G

             total       used       free     shared    buffers     cached
Mem:          2.0G       1.9G        83M       2.4M       604K        33M
-/+ buffers/cache:       1.8G       118M
Swap:         8.0G       394M       7.6G

             total       used       free     shared    buffers     cached
Mem:          2.0G       1.9G        82M       2.4M       604K        34M
-/+ buffers/cache:       1.8G       117M
Swap:         8.0G       394M       7.6G

             total       used       free     shared    buffers     cached
Mem:          2.0G       1.9G        82M       2.4M       604K        34M
-/+ buffers/cache:       1.8G       116M
Swap:         8.0G       393M       7.6G

             total       used       free     shared    buffers     cached
Mem:          2.0G       1.9G        81M       2.4M       612K        34M
-/+ buffers/cache:       1.8G       116M
Swap:         8.0G       393M       7.6G

             total       used       free     shared    buffers     cached
Mem:          2.0G       1.9G        81M       2.4M       612K        34M
-/+ buffers/cache:       1.8G       115M
Swap:         8.0G       393M       7.6G

             total       used       free     shared    buffers     cached
Mem:          2.0G       1.9G        80M       2.4M       612K        33M
-/+ buffers/cache:       1.8G       115M
Swap:         8.0G       392M       7.6G

             total       used       free     shared    buffers     cached
Mem:          2.0G       1.9G        79M       2.4M       612K        34M
-/+ buffers/cache:       1.8G       114M
Swap:         8.0G       392M       7.6G

             total       used       free     shared    buffers     cached
Mem:          2.0G       1.9G        79M       2.4M       612K        34M
-/+ buffers/cache:       1.8G       114M
Swap:         8.0G       392M       7.6G

             total       used       free     shared    buffers     cached
Mem:          2.0G       1.9G        78M       2.4M       612K        34M
-/+ buffers/cache:       1.8G       113M
Swap:         8.0G       391M       7.6G

             total       used       free     shared    buffers     cached
Mem:          2.0G       1.9G        78M       2.4M       620K        34M
-/+ buffers/cache:       1.8G       112M
Swap:         8.0G       391M       7.6G

             total       used       free     shared    buffers     cached
Mem:          2.0G       1.9G        77M       2.4M       620K        34M
-/+ buffers/cache:       1.8G       112M
Swap:         8.0G       391M       7.6G

             total       used       free     shared    buffers     cached
Mem:          2.0G       1.9G        77M       2.4M       620K        34M
-/+ buffers/cache:       1.8G       111M
Swap:         8.0G       390M       7.6G

             total       used       free     shared    buffers     cached
Mem:          2.0G       1.9G        76M       2.4M       620K        34M
-/+ buffers/cache:       1.8G       111M
Swap:         8.0G       390M       7.6G

             total       used       free     shared    buffers     cached
Mem:          2.0G       1.9G        75M       2.4M       620K        34M
-/+ buffers/cache:       1.8G       110M
Swap:         8.0G       390M       7.6G

             total       used       free     shared    buffers     cached
Mem:          2.0G       1.9G        75M       2.4M       628K        34M
-/+ buffers/cache:       1.8G       110M
Swap:         8.0G       389M       7.6G

             total       used       free     shared    buffers     cached
Mem:          2.0G       1.9G        74M       2.4M       628K        34M
-/+ buffers/cache:       1.8G       109M
Swap:         8.0G       389M       7.6G

             total       used       free     shared    buffers     cached
Mem:          2.0G       1.9G        74M       2.4M       628K        34M
-/+ buffers/cache:       1.8G       108M
Swap:         8.0G       389M       7.6G

             total       used       free     shared    buffers     cached
Mem:          2.0G       1.9G        73M       2.4M       628K        34M
-/+ buffers/cache:       1.8G       108M
Swap:         8.0G       388M       7.6G

             total       used       free     shared    buffers     cached
Mem:          2.0G       1.9G        73M       2.4M       628K        34M
-/+ buffers/cache:       1.8G       107M
Swap:         8.0G       388M       7.6G

             total       used       free     shared    buffers     cached
Mem:          2.0G       1.9G        72M       2.4M       628K        34M
-/+ buffers/cache:       1.8G       107M
Swap:         8.0G       388M       7.6G

             total       used       free     shared    buffers     cached
Mem:          2.0G       1.9G        72M       2.4M       636K        34M
-/+ buffers/cache:       1.8G       106M
Swap:         8.0G       387M       7.6G

             total       used       free     shared    buffers     cached
Mem:          2.0G       1.9G        71M       2.4M       636K        34M
-/+ buffers/cache:       1.8G       105M
Swap:         8.0G       387M       7.6G

             total       used       free     shared    buffers     cached
Mem:          2.0G       1.9G        70M       2.4M       636K        34M
-/+ buffers/cache:       1.9G       105M
Swap:         8.0G       387M       7.6G

             total       used       free     shared    buffers     cached
Mem:          2.0G       1.9G        70M       2.4M       636K        34M
-/+ buffers/cache:       1.9G       104M
Swap:         8.0G       386M       7.6G

             total       used       free     shared    buffers     cached
Mem:          2.0G       1.9G        69M       2.4M       636K        34M
-/+ buffers/cache:       1.9G       104M
Swap:         8.0G       386M       7.6G

             total       used       free     shared    buffers     cached
Mem:          2.0G       1.9G        69M       2.4M       644K        34M
-/+ buffers/cache:       1.9G       103M
Swap:         8.0G       386M       7.6G

             total       used       free     shared    buffers     cached
Mem:          2.0G       1.9G        68M       2.4M       644K        34M
-/+ buffers/cache:       1.9G       103M
Swap:         8.0G       385M       7.6G

             total       used       free     shared    buffers     cached
Mem:          2.0G       1.9G        68M       2.4M       644K        34M
-/+ buffers/cache:       1.9G       102M
Swap:         8.0G       385M       7.6G

             total       used       free     shared    buffers     cached
Mem:          2.0G       1.9G        67M       2.4M       644K        34M
-/+ buffers/cache:       1.9G       102M
Swap:         8.0G       385M       7.6G

             total       used       free     shared    buffers     cached
Mem:          2.0G       1.9G        66M       2.4M       644K        34M
-/+ buffers/cache:       1.9G       101M
Swap:         8.0G       384M       7.6G

             total       used       free     shared    buffers     cached
Mem:          2.0G       1.9G        66M       2.4M       644K        34M
-/+ buffers/cache:       1.9G       101M
Swap:         8.0G       384M       7.6G

             total       used       free     shared    buffers     cached
Mem:          2.0G       1.9G        65M       2.4M       652K        34M
-/+ buffers/cache:       1.9G       100M
Swap:         8.0G       384M       7.6G

             total       used       free     shared    buffers     cached
Mem:          2.0G       1.9G        65M       2.4M       652K        34M
-/+ buffers/cache:       1.9G        99M
Swap:         8.0G       383M       7.6G

             total       used       free     shared    buffers     cached
Mem:          2.0G       1.9G        70M       2.4M       2.2M        36M
-/+ buffers/cache:       1.8G       108M
Swap:         8.0G       401M       7.6G

             total       used       free     shared    buffers     cached
Mem:          2.0G       1.9G        80M       2.4M       2.9M        44M
-/+ buffers/cache:       1.8G       127M
Swap:         8.0G       427M       7.6G

             total       used       free     shared    buffers     cached
Mem:          2.0G       1.9G        86M       2.4M       1.6M        58M
-/+ buffers/cache:       1.8G       146M
Swap:         8.0G       439M       7.6G

             total       used       free     shared    buffers     cached
Mem:          2.0G       1.9G        85M       2.4M       1.6M        58M
-/+ buffers/cache:       1.8G       145M
Swap:         8.0G       439M       7.6G

             total       used       free     shared    buffers     cached
Mem:          2.0G       1.9G        79M       2.4M       1.6M        61M
-/+ buffers/cache:       1.8G       142M
Swap:         8.0G       437M       7.6G

             total       used       free     shared    buffers     cached
Mem:          2.0G       1.9G        76M       2.4M       1.6M        62M
-/+ buffers/cache:       1.8G       140M
Swap:         8.0G       436M       7.6G

             total       used       free     shared    buffers     cached
Mem:          2.0G       1.9G        76M       2.4M       1.6M        71M
-/+ buffers/cache:       1.8G       149M
Swap:         8.0G       441M       7.6G

             total       used       free     shared    buffers     cached
Mem:          2.0G       1.9G        68M       2.4M       1.8M        75M
-/+ buffers/cache:       1.8G       145M
Swap:         8.0G       439M       7.6G

             total       used       free     shared    buffers     cached
Mem:          2.0G       1.9G        67M       2.4M       1.8M        75M
-/+ buffers/cache:       1.8G       144M
Swap:         8.0G       439M       7.6G

             total       used       free     shared    buffers     cached
Mem:          2.0G       1.9G        67M       2.4M       1.8M        75M
-/+ buffers/cache:       1.8G       144M
Swap:         8.0G       438M       7.6G

             total       used       free     shared    buffers     cached
Mem:          2.0G       1.9G        66M       2.4M       1.8M        75M
-/+ buffers/cache:       1.8G       143M
Swap:         8.0G       438M       7.6G

             total       used       free     shared    buffers     cached
Mem:          2.0G       1.9G        65M       2.4M       1.8M        75M
-/+ buffers/cache:       1.8G       143M
Swap:         8.0G       438M       7.6G

             total       used       free     shared    buffers     cached
Mem:          2.0G       1.9G        65M       2.4M       1.8M        75M
-/+ buffers/cache:       1.8G       142M
Swap:         8.0G       437M       7.6G

             total       used       free     shared    buffers     cached
Mem:          2.0G       1.9G        64M       2.4M       1.8M        75M
-/+ buffers/cache:       1.8G       142M
Swap:         8.0G       437M       7.6G

             total       used       free     shared    buffers     cached
Mem:          2.0G       1.9G        76M       2.4M       1.7M        68M
-/+ buffers/cache:       1.8G       147M
Swap:         8.0G       441M       7.6G

             total       used       free     shared    buffers     cached
Mem:          2.0G       1.9G        76M       2.4M       1.7M        68M
-/+ buffers/cache:       1.8G       147M
Swap:         8.0G       441M       7.6G

             total       used       free     shared    buffers     cached
Mem:          2.0G       1.9G        76M       2.4M       1.7M        68M
-/+ buffers/cache:       1.8G       146M
Swap:         8.0G       440M       7.6G

             total       used       free     shared    buffers     cached
Mem:          2.0G       1.9G        79M       2.4M       2.2M        58M
-/+ buffers/cache:       1.8G       139M
Swap:         8.0G       439M       7.6G

             total       used       free     shared    buffers     cached
Mem:          2.0G       1.9G        68M       6.1M       5.8M        59M
-/+ buffers/cache:       1.8G       133M
Swap:         8.0G       456M       7.6G

             total       used       free     shared    buffers     cached
Mem:          2.0G       1.9G        76M       2.5M       4.4M        64M
-/+ buffers/cache:       1.8G       145M
Swap:         8.0G       464M       7.5G

             total       used       free     shared    buffers     cached
Mem:          2.0G       1.9G        78M       2.5M       3.9M        62M
-/+ buffers/cache:       1.8G       144M
Swap:         8.0G       481M       7.5G

             total       used       free     shared    buffers     cached
Mem:          2.0G       1.9G        77M       2.5M       3.9M        62M
-/+ buffers/cache:       1.8G       143M
Swap:         8.0G       481M       7.5G

             total       used       free     shared    buffers     cached
Mem:          2.0G       1.9G        76M       2.5M       3.9M        62M
-/+ buffers/cache:       1.8G       142M
Swap:         8.0G       480M       7.5G

             total       used       free     shared    buffers     cached
Mem:          2.0G       1.9G        76M       2.5M       3.9M        62M
-/+ buffers/cache:       1.8G       142M
Swap:         8.0G       480M       7.5G

             total       used       free     shared    buffers     cached
Mem:          2.0G       1.9G        75M       2.5M       3.9M        62M
-/+ buffers/cache:       1.8G       141M
Swap:         8.0G       480M       7.5G

             total       used       free     shared    buffers     cached
Mem:          2.0G       1.9G        74M       2.5M       3.9M        62M
-/+ buffers/cache:       1.8G       140M
Swap:         8.0G       479M       7.5G

             total       used       free     shared    buffers     cached
Mem:          2.0G       1.9G        73M       2.5M       3.9M        62M
-/+ buffers/cache:       1.8G       139M
Swap:         8.0G       479M       7.5G

             total       used       free     shared    buffers     cached
Mem:          2.0G       1.9G        71M       2.5M       4.1M        63M
-/+ buffers/cache:       1.8G       138M
Swap:         8.0G       478M       7.5G

             total       used       free     shared    buffers     cached
Mem:          2.0G       1.9G        70M       2.5M       4.1M        63M
-/+ buffers/cache:       1.8G       137M
Swap:         8.0G       478M       7.5G

             total       used       free     shared    buffers     cached
Mem:          2.0G       1.9G        69M       2.5M       4.1M        63M
-/+ buffers/cache:       1.8G       136M
Swap:         8.0G       477M       7.5G

             total       used       free     shared    buffers     cached
Mem:          2.0G       1.9G        68M       2.5M       4.1M        63M
-/+ buffers/cache:       1.8G       135M
Swap:         8.0G       477M       7.5G

             total       used       free     shared    buffers     cached
Mem:          2.0G       1.9G        67M       2.5M       4.1M        63M
-/+ buffers/cache:       1.8G       135M
Swap:         8.0G       476M       7.5G

             total       used       free     shared    buffers     cached
Mem:          2.0G       1.9G        66M       2.5M       4.1M        63M
-/+ buffers/cache:       1.8G       133M
Swap:         8.0G       476M       7.5G

             total       used       free     shared    buffers     cached
Mem:          2.0G       1.9G        65M       2.5M       4.1M        63M
-/+ buffers/cache:       1.8G       133M
Swap:         8.0G       475M       7.5G

             total       used       free     shared    buffers     cached
Mem:          2.0G       1.9G        65M       2.5M       4.1M        63M
-/+ buffers/cache:       1.8G       132M
Swap:         8.0G       475M       7.5G

             total       used       free     shared    buffers     cached
Mem:          2.0G       1.9G        78M       2.5M       4.1M        62M
-/+ buffers/cache:       1.8G       144M
Swap:         8.0G       475M       7.5G

             total       used       free     shared    buffers     cached
Mem:          2.0G       1.9G        77M       2.5M       4.1M        62M
-/+ buffers/cache:       1.8G       143M
Swap:         8.0G       474M       7.5G

             total       used       free     shared    buffers     cached
Mem:          2.0G       1.9G        76M       2.5M       4.1M        62M
-/+ buffers/cache:       1.8G       143M
Swap:         8.0G       474M       7.5G

             total       used       free     shared    buffers     cached
Mem:          2.0G       1.9G        75M       2.5M       4.1M        62M
-/+ buffers/cache:       1.8G       142M
Swap:         8.0G       473M       7.5G

             total       used       free     shared    buffers     cached
Mem:          2.0G       1.9G        74M       2.5M       4.1M        62M
-/+ buffers/cache:       1.8G       141M
Swap:         8.0G       473M       7.5G

             total       used       free     shared    buffers     cached
Mem:          2.0G       1.9G        73M       2.5M       4.1M        62M
-/+ buffers/cache:       1.8G       139M
Swap:         8.0G       472M       7.5G

             total       used       free     shared    buffers     cached
Mem:          2.0G       1.9G        72M       2.5M       4.1M        62M
-/+ buffers/cache:       1.8G       138M
Swap:         8.0G       472M       7.5G

             total       used       free     shared    buffers     cached
Mem:          2.0G       1.9G        71M       2.5M       4.1M        62M
-/+ buffers/cache:       1.8G       137M
Swap:         8.0G       471M       7.5G

             total       used       free     shared    buffers     cached
Mem:          2.0G       1.9G        70M       2.5M       4.1M        62M
-/+ buffers/cache:       1.8G       137M
Swap:         8.0G       471M       7.5G

             total       used       free     shared    buffers     cached
Mem:          2.0G       1.9G        76M       2.5M       4.4M        66M
-/+ buffers/cache:       1.8G       146M
Swap:         8.0G       491M       7.5G

             total       used       free     shared    buffers     cached
Mem:          2.0G       1.9G        76M       2.5M       7.6M        76M
-/+ buffers/cache:       1.8G       161M
Swap:         8.0G       503M       7.5G

             total       used       free     shared    buffers     cached
Mem:          2.0G       1.9G        76M       2.5M       7.6M        76M
-/+ buffers/cache:       1.8G       160M
Swap:         8.0G       502M       7.5G

             total       used       free     shared    buffers     cached
Mem:          2.0G       1.9G        74M       2.5M       7.6M        76M
-/+ buffers/cache:       1.8G       159M
Swap:         8.0G       502M       7.5G

             total       used       free     shared    buffers     cached
Mem:          2.0G       1.9G        73M       2.5M       7.6M        76M
-/+ buffers/cache:       1.8G       158M
Swap:         8.0G       501M       7.5G

             total       used       free     shared    buffers     cached
Mem:          2.0G       1.9G        72M       2.5M       7.6M        76M
-/+ buffers/cache:       1.8G       157M
Swap:         8.0G       501M       7.5G

             total       used       free     shared    buffers     cached
Mem:          2.0G       1.9G        71M       2.5M       7.6M        76M
-/+ buffers/cache:       1.8G       156M
Swap:         8.0G       500M       7.5G
