             total       used       free     shared    buffers     cached
Mem:          992M       657M       334M       3.2M        38M       289M
-/+ buffers/cache:       329M       662M
Swap:         8.0G         0B       8.0G

             total       used       free     shared    buffers     cached
Mem:          992M       656M       336M       1.4M        38M       287M
-/+ buffers/cache:       329M       662M
Swap:         8.0G         0B       8.0G

             total       used       free     shared    buffers     cached
Mem:          992M       655M       336M       1.4M        38M       287M
-/+ buffers/cache:       329M       662M
Swap:         8.0G         0B       8.0G

             total       used       free     shared    buffers     cached
Mem:          992M       655M       336M       1.4M        38M       287M
-/+ buffers/cache:       329M       662M
Swap:         8.0G         0B       8.0G

             total       used       free     shared    buffers     cached
Mem:          992M       655M       336M       1.4M        38M       287M
-/+ buffers/cache:       329M       662M
Swap:         8.0G         0B       8.0G

             total       used       free     shared    buffers     cached
Mem:          992M       655M       336M       1.4M        38M       287M
-/+ buffers/cache:       329M       662M
Swap:         8.0G         0B       8.0G

             total       used       free     shared    buffers     cached
Mem:          992M       655M       336M       1.4M        38M       287M
-/+ buffers/cache:       329M       663M
Swap:         8.0G         0B       8.0G

             total       used       free     shared    buffers     cached
Mem:          992M       655M       336M       1.4M        38M       288M
-/+ buffers/cache:       328M       663M
Swap:         8.0G         0B       8.0G

             total       used       free     shared    buffers     cached
Mem:          992M       658M       333M       1.4M        38M       288M
-/+ buffers/cache:       332M       660M
Swap:         8.0G         0B       8.0G

             total       used       free     shared    buffers     cached
Mem:          992M       675M       316M       1.4M        38M       288M
-/+ buffers/cache:       348M       643M
Swap:         8.0G         0B       8.0G

             total       used       free     shared    buffers     cached
Mem:          992M       702M       290M       1.4M        38M       288M
-/+ buffers/cache:       375M       617M
Swap:         8.0G         0B       8.0G

             total       used       free     shared    buffers     cached
Mem:          992M       664M       328M       1.4M        38M       289M
-/+ buffers/cache:       336M       656M
Swap:         8.0G         0B       8.0G

             total       used       free     shared    buffers     cached
Mem:          992M       666M       325M       1.4M        38M       289M
-/+ buffers/cache:       338M       653M
Swap:         8.0G         0B       8.0G

             total       used       free     shared    buffers     cached
Mem:          992M       664M       327M       1.4M        38M       289M
-/+ buffers/cache:       336M       655M
Swap:         8.0G         0B       8.0G

             total       used       free     shared    buffers     cached
Mem:          992M       664M       327M       1.4M        38M       289M
-/+ buffers/cache:       336M       655M
Swap:         8.0G         0B       8.0G

             total       used       free     shared    buffers     cached
Mem:          992M       664M       327M       1.4M        38M       289M
-/+ buffers/cache:       336M       655M
Swap:         8.0G         0B       8.0G

             total       used       free     shared    buffers     cached
Mem:          992M       664M       327M       1.4M        38M       289M
-/+ buffers/cache:       336M       655M
Swap:         8.0G         0B       8.0G

             total       used       free     shared    buffers     cached
Mem:          992M       664M       327M       1.4M        38M       289M
-/+ buffers/cache:       336M       655M
Swap:         8.0G         0B       8.0G

             total       used       free     shared    buffers     cached
Mem:          992M       664M       327M       1.4M        38M       289M
-/+ buffers/cache:       336M       655M
Swap:         8.0G         0B       8.0G

             total       used       free     shared    buffers     cached
Mem:          992M       664M       327M       1.4M        38M       289M
-/+ buffers/cache:       336M       655M
Swap:         8.0G         0B       8.0G

             total       used       free     shared    buffers     cached
Mem:          992M       664M       327M       1.4M        38M       289M
-/+ buffers/cache:       336M       655M
Swap:         8.0G         0B       8.0G

             total       used       free     shared    buffers     cached
Mem:          992M       665M       327M       1.4M        38M       289M
-/+ buffers/cache:       336M       655M
Swap:         8.0G         0B       8.0G

             total       used       free     shared    buffers     cached
Mem:          992M       665M       327M       1.4M        38M       289M
-/+ buffers/cache:       336M       655M
Swap:         8.0G         0B       8.0G

             total       used       free     shared    buffers     cached
Mem:          992M       665M       327M       1.4M        38M       289M
-/+ buffers/cache:       336M       655M
Swap:         8.0G         0B       8.0G

             total       used       free     shared    buffers     cached
Mem:          992M       665M       327M       1.4M        38M       289M
-/+ buffers/cache:       336M       655M
Swap:         8.0G         0B       8.0G

             total       used       free     shared    buffers     cached
Mem:          992M       665M       327M       1.4M        38M       289M
-/+ buffers/cache:       336M       655M
Swap:         8.0G         0B       8.0G

             total       used       free     shared    buffers     cached
Mem:          992M       665M       327M       1.4M        38M       289M
-/+ buffers/cache:       336M       655M
Swap:         8.0G         0B       8.0G

             total       used       free     shared    buffers     cached
Mem:          992M       665M       327M       1.4M        38M       289M
-/+ buffers/cache:       336M       655M
Swap:         8.0G         0B       8.0G

             total       used       free     shared    buffers     cached
Mem:          992M       665M       327M       1.4M        38M       289M
-/+ buffers/cache:       336M       655M
Swap:         8.0G         0B       8.0G

             total       used       free     shared    buffers     cached
Mem:          992M       665M       327M       1.4M        38M       289M
-/+ buffers/cache:       336M       655M
Swap:         8.0G         0B       8.0G

             total       used       free     shared    buffers     cached
Mem:          992M       665M       327M       1.4M        38M       289M
-/+ buffers/cache:       336M       655M
Swap:         8.0G         0B       8.0G

             total       used       free     shared    buffers     cached
Mem:          992M       665M       327M       1.4M        38M       289M
-/+ buffers/cache:       336M       655M
Swap:         8.0G         0B       8.0G

             total       used       free     shared    buffers     cached
Mem:          992M       665M       327M       1.4M        38M       289M
-/+ buffers/cache:       336M       655M
Swap:         8.0G         0B       8.0G

             total       used       free     shared    buffers     cached
Mem:          992M       672M       319M       1.4M        38M       289M
-/+ buffers/cache:       344M       648M
Swap:         8.0G         0B       8.0G

             total       used       free     shared    buffers     cached
Mem:          992M       692M       299M       1.4M        38M       289M
-/+ buffers/cache:       363M       628M
Swap:         8.0G         0B       8.0G

             total       used       free     shared    buffers     cached
Mem:          992M       712M       279M       1.4M        38M       289M
-/+ buffers/cache:       383M       608M
Swap:         8.0G         0B       8.0G

             total       used       free     shared    buffers     cached
Mem:          992M       732M       259M       1.4M        38M       289M
-/+ buffers/cache:       404M       588M
Swap:         8.0G         0B       8.0G

             total       used       free     shared    buffers     cached
Mem:          992M       748M       243M       1.4M        38M       289M
-/+ buffers/cache:       420M       571M
Swap:         8.0G         0B       8.0G

             total       used       free     shared    buffers     cached
Mem:          992M       765M       226M       1.4M        38M       289M
-/+ buffers/cache:       437M       555M
Swap:         8.0G         0B       8.0G

             total       used       free     shared    buffers     cached
Mem:          992M       781M       210M       1.4M        38M       289M
-/+ buffers/cache:       453M       538M
Swap:         8.0G         0B       8.0G

             total       used       free     shared    buffers     cached
Mem:          992M       800M       192M       1.4M        38M       289M
-/+ buffers/cache:       471M       520M
Swap:         8.0G         0B       8.0G

             total       used       free     shared    buffers     cached
Mem:          992M       820M       172M       1.4M        38M       289M
-/+ buffers/cache:       491M       500M
Swap:         8.0G         0B       8.0G

             total       used       free     shared    buffers     cached
Mem:          992M       838M       154M       1.4M        38M       289M
-/+ buffers/cache:       509M       482M
Swap:         8.0G         0B       8.0G

             total       used       free     shared    buffers     cached
Mem:          992M       858M       134M       1.4M        38M       289M
-/+ buffers/cache:       529M       462M
Swap:         8.0G         0B       8.0G

             total       used       free     shared    buffers     cached
Mem:          992M       876M       115M       1.4M        38M       289M
-/+ buffers/cache:       547M       444M
Swap:         8.0G         0B       8.0G

             total       used       free     shared    buffers     cached
Mem:          992M       890M       101M       1.4M        38M       289M
-/+ buffers/cache:       562M       429M
Swap:         8.0G         0B       8.0G

             total       used       free     shared    buffers     cached
Mem:          992M       910M        81M       1.4M        38M       289M
-/+ buffers/cache:       582M       410M
Swap:         8.0G         0B       8.0G

             total       used       free     shared    buffers     cached
Mem:          992M       929M        62M       1.4M        38M       289M
-/+ buffers/cache:       600M       391M
Swap:         8.0G         0B       8.0G

             total       used       free     shared    buffers     cached
Mem:          992M       923M        69M       1.4M        15M       288M
-/+ buffers/cache:       619M       372M
Swap:         8.0G         0B       8.0G

             total       used       free     shared    buffers     cached
Mem:          992M       926M        66M       1.4M        10M       277M
-/+ buffers/cache:       638M       354M
Swap:         8.0G         0B       8.0G

             total       used       free     shared    buffers     cached
Mem:          992M       925M        66M       1.3M       9.6M       261M
-/+ buffers/cache:       654M       338M
Swap:         8.0G       200K       8.0G

             total       used       free     shared    buffers     cached
Mem:          992M       923M        68M       1.3M       9.6M       243M
-/+ buffers/cache:       669M       322M
Swap:         8.0G       1.0M       8.0G

             total       used       free     shared    buffers     cached
Mem:          992M       927M        64M       1.2M       9.6M       232M
-/+ buffers/cache:       686M       306M
Swap:         8.0G       6.2M       8.0G

             total       used       free     shared    buffers     cached
Mem:          992M       911M        80M       1.0M       9.0M       205M
-/+ buffers/cache:       696M       295M
Swap:         8.0G        11M       8.0G

             total       used       free     shared    buffers     cached
Mem:          992M       928M        63M       1.0M       9.0M       205M
-/+ buffers/cache:       713M       278M
Swap:         8.0G        11M       8.0G

             total       used       free     shared    buffers     cached
Mem:          992M       931M        60M       1.0M       2.7M       198M
-/+ buffers/cache:       729M       262M
Swap:         8.0G        11M       8.0G

             total       used       free     shared    buffers     cached
Mem:          992M       924M        67M       1.0M       356K       177M
-/+ buffers/cache:       746M       245M
Swap:         8.0G        11M       8.0G

             total       used       free     shared    buffers     cached
Mem:          992M       920M        71M       1.0M       212K       156M
-/+ buffers/cache:       764M       228M
Swap:         8.0G        11M       8.0G

             total       used       free     shared    buffers     cached
Mem:          992M       915M        76M       1.0M       212K       137M
-/+ buffers/cache:       777M       214M
Swap:         8.0G        11M       8.0G

             total       used       free     shared    buffers     cached
Mem:          992M       927M        64M       1.0M       220K       137M
-/+ buffers/cache:       789M       202M
Swap:         8.0G        11M       8.0G

             total       used       free     shared    buffers     cached
Mem:          992M       928M        64M       1.0M       100K       121M
-/+ buffers/cache:       806M       185M
Swap:         8.0G        11M       8.0G

             total       used       free     shared    buffers     cached
Mem:          992M       930M        61M       1.0M       260K       107M
-/+ buffers/cache:       822M       169M
Swap:         8.0G        11M       8.0G

             total       used       free     shared    buffers     cached
Mem:          992M       910M        81M       1.0M       260K        73M
-/+ buffers/cache:       836M       155M
Swap:         8.0G        11M       8.0G

             total       used       free     shared    buffers     cached
Mem:          992M       927M        64M       1.0M       260K        73M
-/+ buffers/cache:       854M       137M
Swap:         8.0G        11M       8.0G

             total       used       free     shared    buffers     cached
Mem:          992M       926M        65M       1.0M       260K        56M
-/+ buffers/cache:       869M       122M
Swap:         8.0G        11M       8.0G

             total       used       free     shared    buffers     cached
Mem:          992M       929M        62M       1.0M       676K        43M
-/+ buffers/cache:       884M       107M
Swap:         8.0G        11M       8.0G

             total       used       free     shared    buffers     cached
Mem:          992M       927M        64M       1.0M       676K        25M
-/+ buffers/cache:       902M        90M
Swap:         8.0G        11M       8.0G

             total       used       free     shared    buffers     cached
Mem:          992M       920M        71M       1.0M       684K       4.1M
-/+ buffers/cache:       915M        76M
Swap:         8.0G        11M       8.0G

             total       used       free     shared    buffers     cached
Mem:          992M       911M        80M       724K       1.6M        12M
-/+ buffers/cache:       897M        95M
Swap:         8.0G        53M       7.9G

             total       used       free     shared    buffers     cached
Mem:          992M       929M        62M       704K       1.6M        13M
-/+ buffers/cache:       913M        78M
Swap:         8.0G        53M       7.9G

             total       used       free     shared    buffers     cached
Mem:          992M       918M        73M       704K       1.3M        11M
-/+ buffers/cache:       905M        86M
Swap:         8.0G        80M       7.9G

             total       used       free     shared    buffers     cached
Mem:          992M       928M        63M       672K       120K       6.7M
-/+ buffers/cache:       921M        70M
Swap:         8.0G        81M       7.9G

             total       used       free     shared    buffers     cached
Mem:          992M       904M        87M       568K       252K       6.7M
-/+ buffers/cache:       897M        94M
Swap:         8.0G       181M       7.8G

             total       used       free     shared    buffers     cached
Mem:          992M       921M        70M       572K       252K       6.8M
-/+ buffers/cache:       914M        77M
Swap:         8.0G       181M       7.8G

             total       used       free     shared    buffers     cached
Mem:          992M       910M        82M       572K       248K       3.7M
-/+ buffers/cache:       906M        86M
Swap:         8.0G       181M       7.8G

             total       used       free     shared    buffers     cached
Mem:          992M       927M        64M       572K       516K       3.7M
-/+ buffers/cache:       923M        68M
Swap:         8.0G       181M       7.8G

             total       used       free     shared    buffers     cached
Mem:          992M       931M        60M       572K       516K       3.6M
-/+ buffers/cache:       927M        65M
Swap:         8.0G       181M       7.8G

             total       used       free     shared    buffers     cached
Mem:          992M       928M        63M       572K       524K       3.5M
-/+ buffers/cache:       924M        67M
Swap:         8.0G       182M       7.8G

             total       used       free     shared    buffers     cached
Mem:          992M       927M        64M       572K       524K       3.1M
-/+ buffers/cache:       923M        68M
Swap:         8.0G       191M       7.8G

             total       used       free     shared    buffers     cached
Mem:          992M       924M        67M       568K       524K       3.3M
-/+ buffers/cache:       920M        71M
Swap:         8.0G       221M       7.8G

             total       used       free     shared    buffers     cached
Mem:          992M       928M        64M       568K       524K       3.2M
-/+ buffers/cache:       924M        67M
Swap:         8.0G       223M       7.8G

             total       used       free     shared    buffers     cached
Mem:          992M       928M        64M       544K       524K       3.0M
-/+ buffers/cache:       924M        67M
Swap:         8.0G       247M       7.8G

             total       used       free     shared    buffers     cached
Mem:          992M       922M        70M       544K       496K       2.9M
-/+ buffers/cache:       918M        73M
Swap:         8.0G       252M       7.8G

             total       used       free     shared    buffers     cached
Mem:          992M       929M        62M       544K       496K       2.9M
-/+ buffers/cache:       926M        65M
Swap:         8.0G       252M       7.8G

             total       used       free     shared    buffers     cached
Mem:          992M       926M        65M       540K       496K       3.3M
-/+ buffers/cache:       922M        69M
Swap:         8.0G       278M       7.7G

             total       used       free     shared    buffers     cached
Mem:          992M       920M        71M       540K       496K       3.3M
-/+ buffers/cache:       916M        75M
Swap:         8.0G       278M       7.7G

             total       used       free     shared    buffers     cached
Mem:          992M       927M        64M       540K       496K       3.3M
-/+ buffers/cache:       924M        68M
Swap:         8.0G       278M       7.7G

             total       used       free     shared    buffers     cached
Mem:          992M       918M        74M       540K       452K       3.0M
-/+ buffers/cache:       914M        77M
Swap:         8.0G       299M       7.7G

             total       used       free     shared    buffers     cached
Mem:          992M       921M        70M       540K       452K       3.0M
-/+ buffers/cache:       918M        73M
Swap:         8.0G       299M       7.7G

             total       used       free     shared    buffers     cached
Mem:          992M       927M        64M       540K       452K       3.0M
-/+ buffers/cache:       924M        67M
Swap:         8.0G       299M       7.7G

             total       used       free     shared    buffers     cached
Mem:          992M       920M        72M       540K       452K       3.0M
-/+ buffers/cache:       916M        75M
Swap:         8.0G       311M       7.7G

             total       used       free     shared    buffers     cached
Mem:          992M       930M        61M       540K       452K       6.7M
-/+ buffers/cache:       923M        69M
Swap:         8.0G       310M       7.7G

             total       used       free     shared    buffers     cached
Mem:          992M       922M        69M       224K       236K        19M
-/+ buffers/cache:       903M        89M
Swap:         8.0G       337M       7.7G

             total       used       free     shared    buffers     cached
Mem:          992M       927M        64M       224K       568K        20M
-/+ buffers/cache:       906M        86M
Swap:         8.0G       337M       7.7G

             total       used       free     shared    buffers     cached
Mem:          992M       907M        84M        16K       552K        16M
-/+ buffers/cache:       890M       101M
Swap:         8.0G       378M       7.6G

             total       used       free     shared    buffers     cached
Mem:          992M       924M        67M         4K       552K        16M
-/+ buffers/cache:       907M        84M
Swap:         8.0G       359M       7.6G

             total       used       free     shared    buffers     cached
Mem:          992M       921M        71M         4K       384K       9.2M
-/+ buffers/cache:       911M        80M
Swap:         8.0G       337M       7.7G

             total       used       free     shared    buffers     cached
Mem:          992M       882M       110M         4K       472K       4.4M
-/+ buffers/cache:       877M       114M
Swap:         8.0G       382M       7.6G

             total       used       free     shared    buffers     cached
Mem:          992M       908M        83M         0B       476K       4.6M
-/+ buffers/cache:       903M        88M
Swap:         8.0G       354M       7.7G

             total       used       free     shared    buffers     cached
Mem:          992M       917M        74M        52K        80K        24M
-/+ buffers/cache:       892M        99M
Swap:         8.0G       369M       7.6G

             total       used       free     shared    buffers     cached
Mem:          992M       920M        71M        40K       196K        12M
-/+ buffers/cache:       907M        84M
Swap:         8.0G       345M       7.7G

             total       used       free     shared    buffers     cached
Mem:          992M       920M        71M        40K        84K       4.1M
-/+ buffers/cache:       916M        75M
Swap:         8.0G       336M       7.7G

             total       used       free     shared    buffers     cached
Mem:          992M       921M        70M        40K       348K       4.7M
-/+ buffers/cache:       916M        75M
Swap:         8.0G       341M       7.7G

             total       used       free     shared    buffers     cached
Mem:          992M       918M        74M        40K        88K       3.4M
-/+ buffers/cache:       914M        77M
Swap:         8.0G       393M       7.6G

             total       used       free     shared    buffers     cached
Mem:          992M       913M        78M        40K        96K       3.0M
-/+ buffers/cache:       910M        81M
Swap:         8.0G       370M       7.6G

             total       used       free     shared    buffers     cached
Mem:          992M       918M        73M        40K        96K       2.8M
-/+ buffers/cache:       915M        76M
Swap:         8.0G       348M       7.7G

             total       used       free     shared    buffers     cached
Mem:          992M       924M        67M        40K        96K       2.6M
-/+ buffers/cache:       921M        70M
Swap:         8.0G       344M       7.7G

             total       used       free     shared    buffers     cached
Mem:          992M       918M        73M        40K        96K       2.3M
-/+ buffers/cache:       915M        76M
Swap:         8.0G       350M       7.7G

             total       used       free     shared    buffers     cached
Mem:          992M       922M        69M        40K        84K       1.8M
-/+ buffers/cache:       920M        71M
Swap:         8.0G       344M       7.7G

             total       used       free     shared    buffers     cached
Mem:          992M       909M        82M        40K        92K       2.0M
-/+ buffers/cache:       907M        84M
Swap:         8.0G       361M       7.6G

             total       used       free     shared    buffers     cached
Mem:          992M       913M        79M        40K        92K       2.0M
-/+ buffers/cache:       911M        81M
Swap:         8.0G       360M       7.6G

             total       used       free     shared    buffers     cached
Mem:          992M       918M        73M        40K        92K       2.0M
-/+ buffers/cache:       916M        75M
Swap:         8.0G       358M       7.6G

             total       used       free     shared    buffers     cached
Mem:          992M       924M        67M        40K        92K       2.0M
-/+ buffers/cache:       922M        69M
Swap:         8.0G       357M       7.6G

             total       used       free     shared    buffers     cached
Mem:          992M       930M        61M        40K        92K       2.0M
-/+ buffers/cache:       928M        63M
Swap:         8.0G       357M       7.6G

             total       used       free     shared    buffers     cached
Mem:          992M       923M        68M        40K       100K       1.9M
-/+ buffers/cache:       921M        70M
Swap:         8.0G       362M       7.6G

             total       used       free     shared    buffers     cached
Mem:          992M       929M        62M        40K       100K       2.2M
-/+ buffers/cache:       926M        65M
Swap:         8.0G       362M       7.6G

             total       used       free     shared    buffers     cached
Mem:          992M       912M        79M        40K       100K       1.9M
-/+ buffers/cache:       910M        81M
Swap:         8.0G       385M       7.6G

             total       used       free     shared    buffers     cached
Mem:          992M       918M        73M        40K       100K       1.9M
-/+ buffers/cache:       916M        75M
Swap:         8.0G       385M       7.6G

             total       used       free     shared    buffers     cached
Mem:          992M       924M        68M        40K       100K       1.9M
-/+ buffers/cache:       922M        70M
Swap:         8.0G       385M       7.6G

             total       used       free     shared    buffers     cached
Mem:          992M       926M        65M        40K       108K       1.9M
-/+ buffers/cache:       924M        67M
Swap:         8.0G       385M       7.6G

             total       used       free     shared    buffers     cached
Mem:          992M       928M        63M        40K       108K       2.0M
-/+ buffers/cache:       926M        65M
Swap:         8.0G       384M       7.6G

             total       used       free     shared    buffers     cached
Mem:          992M       930M        61M        40K       108K       1.9M
-/+ buffers/cache:       928M        63M
Swap:         8.0G       384M       7.6G

             total       used       free     shared    buffers     cached
Mem:          992M       919M        73M        40K       108K       2.0M
-/+ buffers/cache:       917M        75M
Swap:         8.0G       393M       7.6G

             total       used       free     shared    buffers     cached
Mem:          992M       921M        70M        40K       108K       2.0M
-/+ buffers/cache:       919M        73M
Swap:         8.0G       392M       7.6G

             total       used       free     shared    buffers     cached
Mem:          992M       923M        69M        40K       108K       1.9M
-/+ buffers/cache:       921M        71M
Swap:         8.0G       391M       7.6G

             total       used       free     shared    buffers     cached
Mem:          992M       925M        67M        40K       116K       2.0M
-/+ buffers/cache:       923M        69M
Swap:         8.0G       390M       7.6G

             total       used       free     shared    buffers     cached
Mem:          992M       927M        64M        40K       116K       2.0M
-/+ buffers/cache:       925M        66M
Swap:         8.0G       389M       7.6G

             total       used       free     shared    buffers     cached
Mem:          992M       930M        61M        40K       256K       2.6M
-/+ buffers/cache:       927M        64M
Swap:         8.0G       388M       7.6G

             total       used       free     shared    buffers     cached
Mem:          992M       920M        71M        40K       236K       2.6M
-/+ buffers/cache:       918M        74M
Swap:         8.0G       396M       7.6G

             total       used       free     shared    buffers     cached
Mem:          992M       923M        68M        40K       236K       2.8M
-/+ buffers/cache:       920M        71M
Swap:         8.0G       395M       7.6G

             total       used       free     shared    buffers     cached
Mem:          992M       925M        66M        40K       244K       2.8M
-/+ buffers/cache:       922M        70M
Swap:         8.0G       394M       7.6G

             total       used       free     shared    buffers     cached
Mem:          992M       927M        64M        40K       244K       2.8M
-/+ buffers/cache:       924M        67M
Swap:         8.0G       393M       7.6G

             total       used       free     shared    buffers     cached
Mem:          992M       929M        62M        40K       244K       2.8M
-/+ buffers/cache:       926M        65M
Swap:         8.0G       392M       7.6G

             total       used       free     shared    buffers     cached
Mem:          992M       931M        60M        40K       244K       2.8M
-/+ buffers/cache:       928M        63M
Swap:         8.0G       392M       7.6G

             total       used       free     shared    buffers     cached
Mem:          992M       911M        80M        40K       240K       2.7M
-/+ buffers/cache:       908M        83M
Swap:         8.0G       419M       7.6G

             total       used       free     shared    buffers     cached
Mem:          992M       913M        78M        40K       248K       2.7M
-/+ buffers/cache:       910M        81M
Swap:         8.0G       419M       7.6G

             total       used       free     shared    buffers     cached
Mem:          992M       915M        76M        40K       248K       2.7M
-/+ buffers/cache:       912M        79M
Swap:         8.0G       418M       7.6G

             total       used       free     shared    buffers     cached
Mem:          992M       917M        74M        40K       248K       2.7M
-/+ buffers/cache:       914M        77M
Swap:         8.0G       417M       7.6G

             total       used       free     shared    buffers     cached
Mem:          992M       919M        72M        40K       248K       2.7M
-/+ buffers/cache:       916M        75M
Swap:         8.0G       416M       7.6G

             total       used       free     shared    buffers     cached
Mem:          992M       922M        70M        40K       248K       2.9M
-/+ buffers/cache:       918M        73M
Swap:         8.0G       415M       7.6G

             total       used       free     shared    buffers     cached
Mem:          992M       924M        67M        40K       248K       2.9M
-/+ buffers/cache:       921M        71M
Swap:         8.0G       414M       7.6G

             total       used       free     shared    buffers     cached
Mem:          992M       926M        65M        40K       256K       2.9M
-/+ buffers/cache:       923M        69M
Swap:         8.0G       413M       7.6G

             total       used       free     shared    buffers     cached
Mem:          992M       928M        63M        40K       256K       2.9M
-/+ buffers/cache:       925M        67M
Swap:         8.0G       412M       7.6G

             total       used       free     shared    buffers     cached
Mem:          992M       930M        61M        40K       256K       2.9M
-/+ buffers/cache:       927M        64M
Swap:         8.0G       411M       7.6G

             total       used       free     shared    buffers     cached
Mem:          992M       920M        71M        40K       256K       2.9M
-/+ buffers/cache:       917M        74M
Swap:         8.0G       410M       7.6G

             total       used       free     shared    buffers     cached
Mem:          992M       922M        69M        40K       256K       2.8M
-/+ buffers/cache:       919M        72M
Swap:         8.0G       410M       7.6G

             total       used       free     shared    buffers     cached
Mem:          992M       925M        67M        40K       264K       2.9M
-/+ buffers/cache:       921M        70M
Swap:         8.0G       409M       7.6G

             total       used       free     shared    buffers     cached
Mem:          992M       927M        64M        40K       264K       2.9M
-/+ buffers/cache:       924M        67M
Swap:         8.0G       408M       7.6G

             total       used       free     shared    buffers     cached
Mem:          992M       929M        62M        40K       264K       2.9M
-/+ buffers/cache:       926M        65M
Swap:         8.0G       407M       7.6G

             total       used       free     shared    buffers     cached
Mem:          992M       909M        83M         0B       244K       2.8M
-/+ buffers/cache:       905M        86M
Swap:         8.0G       429M       7.6G

             total       used       free     shared    buffers     cached
Mem:          992M       922M        69M         0B        76K        17M
-/+ buffers/cache:       904M        87M
Swap:         8.0G       440M       7.6G

             total       used       free     shared    buffers     cached
Mem:          992M       921M        70M         0B       520K        18M
-/+ buffers/cache:       902M        89M
Swap:         8.0G       437M       7.6G

             total       used       free     shared    buffers     cached
Mem:          992M       924M        67M         0B       812K        18M
-/+ buffers/cache:       905M        86M
Swap:         8.0G       436M       7.6G

             total       used       free     shared    buffers     cached
Mem:          992M       926M        65M         0B       812K        18M
-/+ buffers/cache:       907M        84M
Swap:         8.0G       435M       7.6G

             total       used       free     shared    buffers     cached
Mem:          992M       928M        63M         0B       812K        18M
-/+ buffers/cache:       909M        82M
Swap:         8.0G       434M       7.6G

             total       used       free     shared    buffers     cached
Mem:          992M       931M        61M         0B       812K        18M
-/+ buffers/cache:       911M        80M
Swap:         8.0G       433M       7.6G

             total       used       free     shared    buffers     cached
Mem:          992M       915M        77M         0B       812K        16M
-/+ buffers/cache:       897M        94M
Swap:         8.0G       457M       7.5G

             total       used       free     shared    buffers     cached
Mem:          992M       916M        75M         0B       820K        16M
-/+ buffers/cache:       899M        93M
Swap:         8.0G       457M       7.6G

             total       used       free     shared    buffers     cached
Mem:          992M       918M        73M         0B       820K        16M
-/+ buffers/cache:       901M        91M
Swap:         8.0G       456M       7.6G

             total       used       free     shared    buffers     cached
Mem:          992M       920M        71M         0B       820K        17M
-/+ buffers/cache:       902M        89M
Swap:         8.0G       455M       7.6G

             total       used       free     shared    buffers     cached
Mem:          992M       922M        69M         0B       820K        16M
-/+ buffers/cache:       905M        87M
Swap:         8.0G       454M       7.6G

             total       used       free     shared    buffers     cached
Mem:          992M       924M        67M         0B       820K        16M
-/+ buffers/cache:       906M        85M
Swap:         8.0G       453M       7.6G

             total       used       free     shared    buffers     cached
Mem:          992M       927M        65M         0B       828K        17M
-/+ buffers/cache:       909M        83M
Swap:         8.0G       452M       7.6G

             total       used       free     shared    buffers     cached
Mem:          992M       929M        63M         0B       836K        17M
-/+ buffers/cache:       911M        80M
Swap:         8.0G       451M       7.6G

             total       used       free     shared    buffers     cached
Mem:          992M       931M        61M         0B       836K        17M
-/+ buffers/cache:       913M        78M
Swap:         8.0G       450M       7.6G

             total       used       free     shared    buffers     cached
Mem:          992M       920M        71M         0B       836K        16M
-/+ buffers/cache:       902M        89M
Swap:         8.0G       452M       7.6G

             total       used       free     shared    buffers     cached
Mem:          992M       922M        69M         0B       836K        16M
-/+ buffers/cache:       904M        87M
Swap:         8.0G       451M       7.6G

             total       used       free     shared    buffers     cached
Mem:          992M       924M        67M         0B       844K        16M
-/+ buffers/cache:       906M        85M
Swap:         8.0G       450M       7.6G

             total       used       free     shared    buffers     cached
Mem:          992M       926M        65M         0B       844K        16M
-/+ buffers/cache:       908M        83M
Swap:         8.0G       449M       7.6G

             total       used       free     shared    buffers     cached
Mem:          992M       928M        63M         0B       844K        16M
-/+ buffers/cache:       910M        81M
Swap:         8.0G       448M       7.6G

             total       used       free     shared    buffers     cached
Mem:          992M       930M        61M         0B       844K        16M
-/+ buffers/cache:       912M        79M
Swap:         8.0G       447M       7.6G

             total       used       free     shared    buffers     cached
Mem:          992M       917M        74M         0B       844K        15M
-/+ buffers/cache:       900M        91M
Swap:         8.0G       468M       7.5G

             total       used       free     shared    buffers     cached
Mem:          992M       919M        72M         0B       844K        15M
-/+ buffers/cache:       902M        89M
Swap:         8.0G       467M       7.5G

             total       used       free     shared    buffers     cached
Mem:          992M       920M        71M         0B       852K        15M
-/+ buffers/cache:       903M        88M
Swap:         8.0G       466M       7.5G

             total       used       free     shared    buffers     cached
Mem:          992M       922M        69M         0B       852K        15M
-/+ buffers/cache:       905M        86M
Swap:         8.0G       465M       7.5G

             total       used       free     shared    buffers     cached
Mem:          992M       924M        67M         0B       852K        15M
-/+ buffers/cache:       908M        84M
Swap:         8.0G       464M       7.5G

             total       used       free     shared    buffers     cached
Mem:          992M       927M        64M         0B       852K        15M
-/+ buffers/cache:       910M        81M
Swap:         8.0G       463M       7.5G

             total       used       free     shared    buffers     cached
Mem:          992M       930M        62M         0B       852K        17M
-/+ buffers/cache:       911M        80M
Swap:         8.0G       462M       7.5G

             total       used       free     shared    buffers     cached
Mem:          992M       931M        61M         0B       860K        17M
-/+ buffers/cache:       912M        79M
Swap:         8.0G       462M       7.5G

             total       used       free     shared    buffers     cached
Mem:          992M       922M        69M         0B       1.1M        17M
-/+ buffers/cache:       903M        88M
Swap:         8.0G       463M       7.5G

             total       used       free     shared    buffers     cached
Mem:          992M       921M        71M        16K       1.3M        28M
-/+ buffers/cache:       891M       100M
Swap:         8.0G       481M       7.5G

             total       used       free     shared    buffers     cached
Mem:          992M       924M        67M        16K       1.3M        28M
-/+ buffers/cache:       894M        97M
Swap:         8.0G       477M       7.5G

             total       used       free     shared    buffers     cached
Mem:          992M       926M        65M        16K       1.3M        28M
-/+ buffers/cache:       896M        96M
Swap:         8.0G       477M       7.5G

             total       used       free     shared    buffers     cached
Mem:          992M       927M        65M        16K       1.3M        28M
-/+ buffers/cache:       896M        95M
Swap:         8.0G       476M       7.5G

             total       used       free     shared    buffers     cached
Mem:          992M       928M        63M        16K       1.3M        28M
-/+ buffers/cache:       898M        94M
Swap:         8.0G       476M       7.5G

             total       used       free     shared    buffers     cached
Mem:          992M       929M        62M        16K       1.3M        28M
-/+ buffers/cache:       899M        93M
Swap:         8.0G       475M       7.5G

             total       used       free     shared    buffers     cached
Mem:          992M       930M        61M        16K       1.3M        28M
-/+ buffers/cache:       900M        91M
Swap:         8.0G       474M       7.5G

             total       used       free     shared    buffers     cached
Mem:          992M       910M        81M        16K       524K        25M
-/+ buffers/cache:       884M       107M
Swap:         8.0G       497M       7.5G

             total       used       free     shared    buffers     cached
Mem:          992M       911M        80M        16K       532K        25M
-/+ buffers/cache:       886M       106M
Swap:         8.0G       497M       7.5G

             total       used       free     shared    buffers     cached
Mem:          992M       913M        78M        16K       540K        25M
-/+ buffers/cache:       887M       104M
Swap:         8.0G       496M       7.5G

             total       used       free     shared    buffers     cached
Mem:          992M       914M        77M        16K       540K        25M
-/+ buffers/cache:       888M       103M
Swap:         8.0G       496M       7.5G

             total       used       free     shared    buffers     cached
Mem:          992M       915M        76M        16K       540K        25M
-/+ buffers/cache:       889M       102M
Swap:         8.0G       495M       7.5G

             total       used       free     shared    buffers     cached
Mem:          992M       917M        74M        16K       540K        25M
-/+ buffers/cache:       891M       100M
Swap:         8.0G       494M       7.5G

             total       used       free     shared    buffers     cached
Mem:          992M       918M        73M        16K       552K        25M
-/+ buffers/cache:       892M        99M
Swap:         8.0G       494M       7.5G

             total       used       free     shared    buffers     cached
Mem:          992M       919M        72M        16K       560K        25M
-/+ buffers/cache:       893M        98M
Swap:         8.0G       493M       7.5G

             total       used       free     shared    buffers     cached
Mem:          992M       921M        71M        16K       560K        25M
-/+ buffers/cache:       895M        97M
Swap:         8.0G       492M       7.5G

             total       used       free     shared    buffers     cached
Mem:          992M       922M        69M        16K       564K        25M
-/+ buffers/cache:       896M        95M
Swap:         8.0G       492M       7.5G

             total       used       free     shared    buffers     cached
Mem:          992M       923M        68M        16K       564K        25M
-/+ buffers/cache:       897M        94M
Swap:         8.0G       491M       7.5G

             total       used       free     shared    buffers     cached
Mem:          992M       924M        67M        16K       564K        25M
-/+ buffers/cache:       898M        93M
Swap:         8.0G       490M       7.5G

             total       used       free     shared    buffers     cached
Mem:          992M       926M        65M        16K       564K        25M
-/+ buffers/cache:       900M        91M
Swap:         8.0G       490M       7.5G

             total       used       free     shared    buffers     cached
Mem:          992M       927M        64M        16K       572K        25M
-/+ buffers/cache:       901M        90M
Swap:         8.0G       489M       7.5G

             total       used       free     shared    buffers     cached
Mem:          992M       928M        63M        16K       572K        25M
-/+ buffers/cache:       902M        89M
Swap:         8.0G       488M       7.5G

             total       used       free     shared    buffers     cached
Mem:          992M       929M        62M        16K       572K        25M
-/+ buffers/cache:       903M        88M
Swap:         8.0G       488M       7.5G

             total       used       free     shared    buffers     cached
Mem:          992M       931M        61M        16K       572K        25M
-/+ buffers/cache:       905M        87M
Swap:         8.0G       487M       7.5G

             total       used       free     shared    buffers     cached
Mem:          992M       918M        73M        16K       572K        24M
-/+ buffers/cache:       893M        98M
Swap:         8.0G       498M       7.5G

             total       used       free     shared    buffers     cached
Mem:          992M       920M        72M        16K       580K        24M
-/+ buffers/cache:       894M        97M
Swap:         8.0G       498M       7.5G

             total       used       free     shared    buffers     cached
Mem:          992M       921M        70M        16K       580K        24M
-/+ buffers/cache:       895M        96M
Swap:         8.0G       497M       7.5G

             total       used       free     shared    buffers     cached
Mem:          992M       922M        69M        16K       580K        24M
-/+ buffers/cache:       897M        94M
Swap:         8.0G       496M       7.5G

             total       used       free     shared    buffers     cached
Mem:          992M       924M        68M        16K       580K        24M
-/+ buffers/cache:       898M        93M
Swap:         8.0G       496M       7.5G

             total       used       free     shared    buffers     cached
Mem:          992M       925M        66M        16K       580K        24M
-/+ buffers/cache:       899M        92M
Swap:         8.0G       495M       7.5G

             total       used       free     shared    buffers     cached
Mem:          992M       915M        76M        16K       580K        29M
-/+ buffers/cache:       885M       106M
Swap:         8.0G       502M       7.5G

             total       used       free     shared    buffers     cached
Mem:          992M       916M        75M        16K       600K        29M
-/+ buffers/cache:       886M       106M
Swap:         8.0G       502M       7.5G

             total       used       free     shared    buffers     cached
Mem:          992M       917M        74M        16K       600K        29M
-/+ buffers/cache:       887M       105M
Swap:         8.0G       501M       7.5G

             total       used       free     shared    buffers     cached
Mem:          992M       918M        73M        16K       600K        29M
-/+ buffers/cache:       888M       103M
Swap:         8.0G       501M       7.5G

             total       used       free     shared    buffers     cached
Mem:          992M       920M        72M        16K       600K        29M
-/+ buffers/cache:       889M       102M
Swap:         8.0G       500M       7.5G

             total       used       free     shared    buffers     cached
Mem:          992M       921M        70M        16K       600K        29M
-/+ buffers/cache:       891M       101M
Swap:         8.0G       499M       7.5G

             total       used       free     shared    buffers     cached
Mem:          992M       922M        69M        16K       608K        29M
-/+ buffers/cache:       892M        99M
Swap:         8.0G       499M       7.5G

             total       used       free     shared    buffers     cached
Mem:          992M       924M        67M        16K       608K        29M
-/+ buffers/cache:       893M        98M
Swap:         8.0G       498M       7.5G

             total       used       free     shared    buffers     cached
Mem:          992M       925M        66M        16K       608K        29M
-/+ buffers/cache:       895M        96M
Swap:         8.0G       497M       7.5G

             total       used       free     shared    buffers     cached
Mem:          992M       926M        65M        16K       608K        29M
-/+ buffers/cache:       896M        95M
Swap:         8.0G       497M       7.5G

             total       used       free     shared    buffers     cached
Mem:          992M       928M        64M        16K       608K        29M
-/+ buffers/cache:       897M        94M
Swap:         8.0G       496M       7.5G

             total       used       free     shared    buffers     cached
Mem:          992M       929M        62M        16K       608K        29M
-/+ buffers/cache:       899M        93M
Swap:         8.0G       495M       7.5G

             total       used       free     shared    buffers     cached
Mem:          992M       930M        61M        16K       616K        29M
-/+ buffers/cache:       900M        91M
Swap:         8.0G       495M       7.5G

             total       used       free     shared    buffers     cached
Mem:          992M       913M        78M        16K       608K        27M
-/+ buffers/cache:       884M       107M
Swap:         8.0G       511M       7.5G

             total       used       free     shared    buffers     cached
Mem:          992M       914M        77M        16K       608K        27M
-/+ buffers/cache:       886M       105M
Swap:         8.0G       510M       7.5G

             total       used       free     shared    buffers     cached
Mem:          992M       916M        76M        16K       608K        27M
-/+ buffers/cache:       887M       104M
Swap:         8.0G       510M       7.5G

             total       used       free     shared    buffers     cached
Mem:          992M       917M        74M        16K       608K        27M
-/+ buffers/cache:       888M       103M
Swap:         8.0G       509M       7.5G

             total       used       free     shared    buffers     cached
Mem:          992M       918M        73M        16K       616K        27M
-/+ buffers/cache:       889M       102M
Swap:         8.0G       508M       7.5G

             total       used       free     shared    buffers     cached
Mem:          992M       919M        72M        16K       616K        27M
-/+ buffers/cache:       891M       101M
Swap:         8.0G       508M       7.5G

             total       used       free     shared    buffers     cached
Mem:          992M       920M        71M        16K       616K        27M
-/+ buffers/cache:       892M        99M
Swap:         8.0G       507M       7.5G

             total       used       free     shared    buffers     cached
Mem:          992M       922M        69M        16K       616K        27M
-/+ buffers/cache:       893M        98M
Swap:         8.0G       506M       7.5G

             total       used       free     shared    buffers     cached
Mem:          992M       923M        68M        16K       616K        27M
-/+ buffers/cache:       895M        97M
Swap:         8.0G       505M       7.5G

             total       used       free     shared    buffers     cached
Mem:          992M       924M        67M        16K       616K        27M
-/+ buffers/cache:       896M        95M
Swap:         8.0G       505M       7.5G

             total       used       free     shared    buffers     cached
Mem:          992M       926M        65M        16K       624K        27M
-/+ buffers/cache:       897M        94M
Swap:         8.0G       504M       7.5G

             total       used       free     shared    buffers     cached
Mem:          992M       927M        64M        16K       624K        27M
-/+ buffers/cache:       899M        93M
Swap:         8.0G       503M       7.5G

             total       used       free     shared    buffers     cached
Mem:          992M       929M        63M        16K       624K        27M
-/+ buffers/cache:       900M        91M
Swap:         8.0G       502M       7.5G

             total       used       free     shared    buffers     cached
Mem:          992M       930M        61M        16K       624K        28M
-/+ buffers/cache:       901M        90M
Swap:         8.0G       502M       7.5G

             total       used       free     shared    buffers     cached
Mem:          992M       917M        75M        16K       624K        26M
-/+ buffers/cache:       889M       102M
Swap:         8.0G       512M       7.5G

             total       used       free     shared    buffers     cached
Mem:          992M       918M        74M        16K       632K        26M
-/+ buffers/cache:       890M       101M
Swap:         8.0G       512M       7.5G

             total       used       free     shared    buffers     cached
Mem:          992M       919M        72M        16K       632K        26M
-/+ buffers/cache:       892M        99M
Swap:         8.0G       511M       7.5G

             total       used       free     shared    buffers     cached
Mem:          992M       920M        71M        16K       632K        26M
-/+ buffers/cache:       893M        98M
Swap:         8.0G       510M       7.5G

             total       used       free     shared    buffers     cached
Mem:          992M       922M        70M        16K       632K        26M
-/+ buffers/cache:       895M        97M
Swap:         8.0G       510M       7.5G

             total       used       free     shared    buffers     cached
Mem:          992M       923M        68M        16K       632K        26M
-/+ buffers/cache:       896M        95M
Swap:         8.0G       509M       7.5G

             total       used       free     shared    buffers     cached
Mem:          992M       925M        67M        16K       632K        26M
-/+ buffers/cache:       897M        94M
Swap:         8.0G       508M       7.5G

             total       used       free     shared    buffers     cached
Mem:          992M       926M        65M        16K       640K        26M
-/+ buffers/cache:       899M        93M
Swap:         8.0G       507M       7.5G

             total       used       free     shared    buffers     cached
Mem:          992M       928M        63M        20K       776K        27M
-/+ buffers/cache:       900M        91M
Swap:         8.0G       507M       7.5G

             total       used       free     shared    buffers     cached
Mem:          992M       930M        61M        20K       776K        27M
-/+ buffers/cache:       902M        90M
Swap:         8.0G       506M       7.5G

             total       used       free     shared    buffers     cached
Mem:          992M       919M        72M        20K       312K        26M
-/+ buffers/cache:       892M        99M
Swap:         8.0G       513M       7.5G

             total       used       free     shared    buffers     cached
Mem:          992M       926M        65M        20K       312K        28M
-/+ buffers/cache:       897M        94M
Swap:         8.0G       510M       7.5G

             total       used       free     shared    buffers     cached
Mem:          992M       928M        63M        20K       320K        28M
-/+ buffers/cache:       899M        92M
Swap:         8.0G       509M       7.5G

             total       used       free     shared    buffers     cached
Mem:          992M       908M        83M        20K       312K        27M
-/+ buffers/cache:       881M       111M
Swap:         8.0G       521M       7.5G

             total       used       free     shared    buffers     cached
Mem:          992M       909M        82M        20K       312K        27M
-/+ buffers/cache:       882M       110M
Swap:         8.0G       521M       7.5G

             total       used       free     shared    buffers     cached
Mem:          992M       910M        82M        20K       312K        26M
-/+ buffers/cache:       882M       109M
Swap:         8.0G       520M       7.5G

             total       used       free     shared    buffers     cached
Mem:          992M       910M        81M        20K       312K        27M
-/+ buffers/cache:       883M       108M
Swap:         8.0G       520M       7.5G

             total       used       free     shared    buffers     cached
Mem:          992M       911M        80M        20K       312K        27M
-/+ buffers/cache:       884M       107M
Swap:         8.0G       520M       7.5G

             total       used       free     shared    buffers     cached
Mem:          992M       912M        79M        20K       320K        26M
-/+ buffers/cache:       885M       107M
Swap:         8.0G       519M       7.5G

             total       used       free     shared    buffers     cached
Mem:          992M       913M        79M        20K       320K        27M
-/+ buffers/cache:       885M       106M
Swap:         8.0G       519M       7.5G

             total       used       free     shared    buffers     cached
Mem:          992M       913M        78M        20K       320K        27M
-/+ buffers/cache:       886M       105M
Swap:         8.0G       519M       7.5G

             total       used       free     shared    buffers     cached
Mem:          992M       914M        77M        20K       320K        27M
-/+ buffers/cache:       887M       104M
Swap:         8.0G       518M       7.5G

             total       used       free     shared    buffers     cached
Mem:          992M       915M        77M        20K       320K        27M
-/+ buffers/cache:       887M       104M
Swap:         8.0G       518M       7.5G

             total       used       free     shared    buffers     cached
Mem:          992M       908M        83M       192K       948K        34M
-/+ buffers/cache:       872M       119M
Swap:         8.0G       547M       7.5G

             total       used       free     shared    buffers     cached
Mem:          992M       920M        71M       3.9M       5.0M        57M
-/+ buffers/cache:       858M       133M
Swap:         8.0G       568M       7.4G

             total       used       free     shared    buffers     cached
Mem:          992M       927M        64M       216K       5.0M        65M
-/+ buffers/cache:       857M       134M
Swap:         8.0G       563M       7.4G

             total       used       free     shared    buffers     cached
Mem:          992M       918M        73M       252K       4.7M        61M
-/+ buffers/cache:       852M       139M
Swap:         8.0G       580M       7.4G

             total       used       free     shared    buffers     cached
Mem:          992M       920M        72M       252K       4.7M        61M
-/+ buffers/cache:       853M       138M
Swap:         8.0G       580M       7.4G

             total       used       free     shared    buffers     cached
Mem:          992M       921M        70M       252K       4.7M        61M
-/+ buffers/cache:       855M       137M
Swap:         8.0G       579M       7.4G

             total       used       free     shared    buffers     cached
Mem:          992M       921M        70M       252K       4.8M        61M
-/+ buffers/cache:       855M       136M
Swap:         8.0G       579M       7.4G

             total       used       free     shared    buffers     cached
Mem:          992M       924M        67M       252K       4.9M        62M
-/+ buffers/cache:       857M       135M
Swap:         8.0G       578M       7.4G

             total       used       free     shared    buffers     cached
Mem:          992M       925M        66M       252K       4.9M        62M
-/+ buffers/cache:       858M       133M
Swap:         8.0G       578M       7.4G

             total       used       free     shared    buffers     cached
Mem:          992M       927M        64M       252K       4.9M        62M
-/+ buffers/cache:       859M       132M
Swap:         8.0G       577M       7.4G

             total       used       free     shared    buffers     cached
Mem:          992M       928M        63M       252K       4.9M        62M
-/+ buffers/cache:       861M       131M
Swap:         8.0G       577M       7.4G

             total       used       free     shared    buffers     cached
Mem:          992M       930M        61M       252K       4.9M        62M
-/+ buffers/cache:       862M       129M
Swap:         8.0G       576M       7.4G

             total       used       free     shared    buffers     cached
Mem:          992M       919M        73M       252K       4.9M        62M
-/+ buffers/cache:       851M       140M
Swap:         8.0G       576M       7.4G

             total       used       free     shared    buffers     cached
Mem:          992M       920M        71M       252K       4.9M        62M
-/+ buffers/cache:       852M       139M
Swap:         8.0G       575M       7.4G

             total       used       free     shared    buffers     cached
Mem:          992M       921M        70M       252K       4.9M        62M
-/+ buffers/cache:       853M       138M
Swap:         8.0G       575M       7.4G

             total       used       free     shared    buffers     cached
Mem:          992M       923M        68M       252K       4.9M        62M
-/+ buffers/cache:       855M       136M
Swap:         8.0G       574M       7.4G

             total       used       free     shared    buffers     cached
Mem:          992M       924M        67M       252K       4.9M        62M
-/+ buffers/cache:       856M       135M
Swap:         8.0G       574M       7.4G

             total       used       free     shared    buffers     cached
Mem:          992M       925M        66M       252K       4.9M        62M
-/+ buffers/cache:       858M       134M
Swap:         8.0G       573M       7.4G

             total       used       free     shared    buffers     cached
Mem:          992M       927M        64M       252K       4.9M        62M
-/+ buffers/cache:       859M       132M
Swap:         8.0G       572M       7.4G

             total       used       free     shared    buffers     cached
Mem:          992M       928M        63M       252K       4.9M        62M
-/+ buffers/cache:       860M       131M
Swap:         8.0G       572M       7.4G

             total       used       free     shared    buffers     cached
Mem:          992M       930M        62M       252K       4.9M        62M
-/+ buffers/cache:       862M       129M
Swap:         8.0G       571M       7.4G

             total       used       free     shared    buffers     cached
Mem:          992M       912M        79M       252K       4.2M        61M
-/+ buffers/cache:       846M       145M
Swap:         8.0G       586M       7.4G

             total       used       free     shared    buffers     cached
Mem:          992M       910M        81M       252K       4.2M        61M
-/+ buffers/cache:       845M       147M
Swap:         8.0G       595M       7.4G

             total       used       free     shared    buffers     cached
Mem:          992M       912M        80M       252K       4.2M        61M
-/+ buffers/cache:       846M       145M
Swap:         8.0G       595M       7.4G

             total       used       free     shared    buffers     cached
Mem:          992M       913M        78M       252K       4.2M        61M
-/+ buffers/cache:       847M       144M
Swap:         8.0G       594M       7.4G

             total       used       free     shared    buffers     cached
Mem:          992M       914M        77M       252K       4.2M        61M
-/+ buffers/cache:       848M       143M
Swap:         8.0G       594M       7.4G

             total       used       free     shared    buffers     cached
Mem:          992M       915M        76M       252K       4.2M        61M
-/+ buffers/cache:       850M       141M
Swap:         8.0G       593M       7.4G

             total       used       free     shared    buffers     cached
Mem:          992M       917M        74M       252K       4.2M        61M
-/+ buffers/cache:       851M       140M
Swap:         8.0G       592M       7.4G

             total       used       free     shared    buffers     cached
Mem:          992M       918M        73M       252K       4.2M        61M
-/+ buffers/cache:       852M       139M
Swap:         8.0G       592M       7.4G

             total       used       free     shared    buffers     cached
Mem:          992M       920M        72M       252K       4.2M        61M
-/+ buffers/cache:       854M       137M
Swap:         8.0G       591M       7.4G

             total       used       free     shared    buffers     cached
Mem:          992M       921M        70M       252K       4.2M        61M
-/+ buffers/cache:       855M       136M
Swap:         8.0G       590M       7.4G

             total       used       free     shared    buffers     cached
Mem:          992M       922M        69M       252K       4.2M        61M
-/+ buffers/cache:       856M       135M
Swap:         8.0G       590M       7.4G

             total       used       free     shared    buffers     cached
Mem:          992M       923M        68M       252K       4.2M        61M
-/+ buffers/cache:       858M       134M
Swap:         8.0G       589M       7.4G

             total       used       free     shared    buffers     cached
Mem:          992M       925M        67M       252K       4.2M        61M
-/+ buffers/cache:       859M       132M
Swap:         8.0G       589M       7.4G

             total       used       free     shared    buffers     cached
Mem:          992M       926M        65M       252K       4.2M        61M
-/+ buffers/cache:       860M       131M
Swap:         8.0G       588M       7.4G

             total       used       free     shared    buffers     cached
Mem:          992M       927M        64M       252K       4.2M        61M
-/+ buffers/cache:       862M       130M
Swap:         8.0G       587M       7.4G

             total       used       free     shared    buffers     cached
Mem:          992M       920M        71M       296K       6.8M        70M
-/+ buffers/cache:       843M       148M
Swap:         8.0G       598M       7.4G

             total       used       free     shared    buffers     cached
Mem:          992M       920M        71M       296K       8.1M        74M
-/+ buffers/cache:       838M       153M
Swap:         8.0G       598M       7.4G
