             total       used       free     shared    buffers     cached
Mem:          992M       656M       335M       3.2M        38M       289M
-/+ buffers/cache:       328M       663M
Swap:         8.0G         0B       8.0G

             total       used       free     shared    buffers     cached
Mem:          992M       656M       336M       3.2M        38M       289M
-/+ buffers/cache:       327M       664M
Swap:         8.0G         0B       8.0G

             total       used       free     shared    buffers     cached
Mem:          992M       656M       336M       3.2M        38M       289M
-/+ buffers/cache:       327M       664M
Swap:         8.0G         0B       8.0G

             total       used       free     shared    buffers     cached
Mem:          992M       656M       336M       3.2M        38M       289M
-/+ buffers/cache:       327M       664M
Swap:         8.0G         0B       8.0G

             total       used       free     shared    buffers     cached
Mem:          992M       656M       336M       3.2M        38M       289M
-/+ buffers/cache:       327M       664M
Swap:         8.0G         0B       8.0G

             total       used       free     shared    buffers     cached
Mem:          992M       655M       336M       3.2M        38M       289M
-/+ buffers/cache:       327M       664M
Swap:         8.0G         0B       8.0G

             total       used       free     shared    buffers     cached
Mem:          992M       655M       336M       3.2M        38M       289M
-/+ buffers/cache:       327M       664M
Swap:         8.0G         0B       8.0G

             total       used       free     shared    buffers     cached
Mem:          992M       655M       336M       3.2M        38M       289M
-/+ buffers/cache:       327M       665M
Swap:         8.0G         0B       8.0G

             total       used       free     shared    buffers     cached
Mem:          992M       655M       336M       3.2M        38M       289M
-/+ buffers/cache:       326M       665M
Swap:         8.0G         0B       8.0G

             total       used       free     shared    buffers     cached
Mem:          992M       655M       336M       3.2M        38M       289M
-/+ buffers/cache:       326M       665M
Swap:         8.0G         0B       8.0G

             total       used       free     shared    buffers     cached
Mem:          992M       656M       335M       3.2M        38M       289M
-/+ buffers/cache:       328M       664M
Swap:         8.0G         0B       8.0G

             total       used       free     shared    buffers     cached
Mem:          992M       666M       325M       3.2M        38M       290M
-/+ buffers/cache:       337M       654M
Swap:         8.0G         0B       8.0G

             total       used       free     shared    buffers     cached
Mem:          992M       691M       300M       3.2M        38M       290M
-/+ buffers/cache:       362M       629M
Swap:         8.0G         0B       8.0G

             total       used       free     shared    buffers     cached
Mem:          992M       664M       327M       3.2M        38M       291M
-/+ buffers/cache:       334M       657M
Swap:         8.0G         0B       8.0G

             total       used       free     shared    buffers     cached
Mem:          992M       669M       322M       3.2M        38M       291M
-/+ buffers/cache:       339M       652M
Swap:         8.0G         0B       8.0G

             total       used       free     shared    buffers     cached
Mem:          992M       665M       327M       3.2M        38M       291M
-/+ buffers/cache:       334M       657M
Swap:         8.0G         0B       8.0G

             total       used       free     shared    buffers     cached
Mem:          992M       665M       327M       3.2M        38M       291M
-/+ buffers/cache:       334M       657M
Swap:         8.0G         0B       8.0G

             total       used       free     shared    buffers     cached
Mem:          992M       665M       327M       3.2M        38M       291M
-/+ buffers/cache:       334M       657M
Swap:         8.0G         0B       8.0G

             total       used       free     shared    buffers     cached
Mem:          992M       665M       327M       3.2M        38M       291M
-/+ buffers/cache:       334M       657M
Swap:         8.0G         0B       8.0G

             total       used       free     shared    buffers     cached
Mem:          992M       665M       327M       3.2M        38M       291M
-/+ buffers/cache:       334M       657M
Swap:         8.0G         0B       8.0G

             total       used       free     shared    buffers     cached
Mem:          992M       665M       327M       3.2M        38M       291M
-/+ buffers/cache:       334M       657M
Swap:         8.0G         0B       8.0G

             total       used       free     shared    buffers     cached
Mem:          992M       665M       326M       3.2M        38M       291M
-/+ buffers/cache:       334M       657M
Swap:         8.0G         0B       8.0G

             total       used       free     shared    buffers     cached
Mem:          992M       665M       326M       3.2M        38M       291M
-/+ buffers/cache:       334M       657M
Swap:         8.0G         0B       8.0G

             total       used       free     shared    buffers     cached
Mem:          992M       665M       326M       3.2M        38M       291M
-/+ buffers/cache:       334M       657M
Swap:         8.0G         0B       8.0G

             total       used       free     shared    buffers     cached
Mem:          992M       665M       326M       3.2M        38M       291M
-/+ buffers/cache:       334M       657M
Swap:         8.0G         0B       8.0G

             total       used       free     shared    buffers     cached
Mem:          992M       665M       326M       3.2M        38M       291M
-/+ buffers/cache:       334M       657M
Swap:         8.0G         0B       8.0G

             total       used       free     shared    buffers     cached
Mem:          992M       665M       326M       3.2M        38M       291M
-/+ buffers/cache:       334M       657M
Swap:         8.0G         0B       8.0G

             total       used       free     shared    buffers     cached
Mem:          992M       665M       326M       3.2M        38M       291M
-/+ buffers/cache:       334M       657M
Swap:         8.0G         0B       8.0G

             total       used       free     shared    buffers     cached
Mem:          992M       665M       326M       3.2M        38M       291M
-/+ buffers/cache:       334M       657M
Swap:         8.0G         0B       8.0G

             total       used       free     shared    buffers     cached
Mem:          992M       665M       326M       3.2M        38M       291M
-/+ buffers/cache:       334M       657M
Swap:         8.0G         0B       8.0G

             total       used       free     shared    buffers     cached
Mem:          992M       665M       326M       3.2M        38M       291M
-/+ buffers/cache:       334M       657M
Swap:         8.0G         0B       8.0G

             total       used       free     shared    buffers     cached
Mem:          992M       665M       326M       3.2M        38M       291M
-/+ buffers/cache:       334M       657M
Swap:         8.0G         0B       8.0G

             total       used       free     shared    buffers     cached
Mem:          992M       665M       326M       3.2M        38M       291M
-/+ buffers/cache:       334M       657M
Swap:         8.0G         0B       8.0G

             total       used       free     shared    buffers     cached
Mem:          992M       670M       321M       3.2M        38M       291M
-/+ buffers/cache:       339M       652M
Swap:         8.0G         0B       8.0G

             total       used       free     shared    buffers     cached
Mem:          992M       684M       307M       3.2M        38M       291M
-/+ buffers/cache:       354M       638M
Swap:         8.0G         0B       8.0G

             total       used       free     shared    buffers     cached
Mem:          992M       698M       293M       3.2M        38M       291M
-/+ buffers/cache:       368M       624M
Swap:         8.0G         0B       8.0G

             total       used       free     shared    buffers     cached
Mem:          992M       712M       279M       3.2M        38M       291M
-/+ buffers/cache:       382M       610M
Swap:         8.0G         0B       8.0G

             total       used       free     shared    buffers     cached
Mem:          992M       725M       266M       3.2M        38M       291M
-/+ buffers/cache:       395M       597M
Swap:         8.0G         0B       8.0G

             total       used       free     shared    buffers     cached
Mem:          992M       740M       251M       3.2M        38M       291M
-/+ buffers/cache:       410M       581M
Swap:         8.0G         0B       8.0G

             total       used       free     shared    buffers     cached
Mem:          992M       754M       237M       3.2M        38M       291M
-/+ buffers/cache:       424M       567M
Swap:         8.0G         0B       8.0G

             total       used       free     shared    buffers     cached
Mem:          992M       768M       223M       3.2M        38M       291M
-/+ buffers/cache:       438M       554M
Swap:         8.0G         0B       8.0G

             total       used       free     shared    buffers     cached
Mem:          992M       781M       210M       3.2M        38M       291M
-/+ buffers/cache:       450M       541M
Swap:         8.0G         0B       8.0G

             total       used       free     shared    buffers     cached
Mem:          992M       795M       197M       3.2M        38M       291M
-/+ buffers/cache:       464M       527M
Swap:         8.0G         0B       8.0G

             total       used       free     shared    buffers     cached
Mem:          992M       811M       180M       3.2M        38M       291M
-/+ buffers/cache:       481M       510M
Swap:         8.0G         0B       8.0G

             total       used       free     shared    buffers     cached
Mem:          992M       825M       166M       3.2M        38M       291M
-/+ buffers/cache:       494M       497M
Swap:         8.0G         0B       8.0G

             total       used       free     shared    buffers     cached
Mem:          992M       838M       153M       3.2M        38M       291M
-/+ buffers/cache:       507M       484M
Swap:         8.0G         0B       8.0G

             total       used       free     shared    buffers     cached
Mem:          992M       851M       140M       3.2M        38M       291M
-/+ buffers/cache:       520M       471M
Swap:         8.0G         0B       8.0G

             total       used       free     shared    buffers     cached
Mem:          992M       865M       126M       3.2M        38M       291M
-/+ buffers/cache:       534M       457M
Swap:         8.0G         0B       8.0G

             total       used       free     shared    buffers     cached
Mem:          992M       878M       113M       3.2M        38M       291M
-/+ buffers/cache:       547M       444M
Swap:         8.0G         0B       8.0G

             total       used       free     shared    buffers     cached
Mem:          992M       890M       101M       3.2M        38M       291M
-/+ buffers/cache:       560M       431M
Swap:         8.0G         0B       8.0G

             total       used       free     shared    buffers     cached
Mem:          992M       902M        89M       3.2M        38M       291M
-/+ buffers/cache:       571M       420M
Swap:         8.0G         0B       8.0G

             total       used       free     shared    buffers     cached
Mem:          992M       916M        75M       3.2M        38M       291M
-/+ buffers/cache:       586M       406M
Swap:         8.0G         0B       8.0G

             total       used       free     shared    buffers     cached
Mem:          992M       930M        61M       3.2M        38M       291M
-/+ buffers/cache:       599M       392M
Swap:         8.0G         0B       8.0G

             total       used       free     shared    buffers     cached
Mem:          992M       928M        63M       3.2M        24M       290M
-/+ buffers/cache:       613M       378M
Swap:         8.0G         0B       8.0G

             total       used       free     shared    buffers     cached
Mem:          992M       920M        71M       3.2M        10M       284M
-/+ buffers/cache:       626M       366M
Swap:         8.0G         0B       8.0G

             total       used       free     shared    buffers     cached
Mem:          992M       917M        74M       3.2M        10M       267M
-/+ buffers/cache:       640M       352M
Swap:         8.0G        76K       8.0G

             total       used       free     shared    buffers     cached
Mem:          992M       930M        61M       3.2M        10M       267M
-/+ buffers/cache:       653M       339M
Swap:         8.0G        76K       8.0G

             total       used       free     shared    buffers     cached
Mem:          992M       924M        68M       3.1M       9.8M       248M
-/+ buffers/cache:       666M       326M
Swap:         8.0G       204K       8.0G

             total       used       free     shared    buffers     cached
Mem:          992M       923M        68M       3.1M       9.8M       234M
-/+ buffers/cache:       678M       313M
Swap:         8.0G       3.4M       8.0G

             total       used       free     shared    buffers     cached
Mem:          992M       906M        85M       3.0M       9.8M       209M
-/+ buffers/cache:       687M       305M
Swap:         8.0G       7.5M       8.0G

             total       used       free     shared    buffers     cached
Mem:          992M       920M        71M       3.0M       9.8M       209M
-/+ buffers/cache:       701M       291M
Swap:         8.0G       7.5M       8.0G

             total       used       free     shared    buffers     cached
Mem:          992M       932M        59M       3.0M       9.8M       209M
-/+ buffers/cache:       712M       279M
Swap:         8.0G       7.5M       8.0G

             total       used       free     shared    buffers     cached
Mem:          992M       931M        60M       3.0M       2.8M       201M
-/+ buffers/cache:       727M       264M
Swap:         8.0G       7.5M       8.0G

             total       used       free     shared    buffers     cached
Mem:          992M       922M        69M       3.0M       772K       181M
-/+ buffers/cache:       739M       252M
Swap:         8.0G       7.5M       8.0G

             total       used       free     shared    buffers     cached
Mem:          992M       928M        63M       3.0M       240K       175M
-/+ buffers/cache:       752M       239M
Swap:         8.0G       7.5M       8.0G

             total       used       free     shared    buffers     cached
Mem:          992M       921M        70M       3.0M       224K       154M
-/+ buffers/cache:       766M       225M
Swap:         8.0G       7.5M       8.0G

             total       used       free     shared    buffers     cached
Mem:          992M       933M        59M       3.0M       228K       154M
-/+ buffers/cache:       777M       214M
Swap:         8.0G       7.5M       8.0G

             total       used       free     shared    buffers     cached
Mem:          992M       921M        70M       3.0M       244K       136M
-/+ buffers/cache:       784M       207M
Swap:         8.0G       7.5M       8.0G

             total       used       free     shared    buffers     cached
Mem:          992M       917M        74M       3.0M        84K       120M
-/+ buffers/cache:       796M       195M
Swap:         8.0G       7.5M       8.0G

             total       used       free     shared    buffers     cached
Mem:          992M       930M        61M       3.0M       232K       121M
-/+ buffers/cache:       809M       183M
Swap:         8.0G       7.5M       8.0G

             total       used       free     shared    buffers     cached
Mem:          992M       929M        62M       3.0M       860K       107M
-/+ buffers/cache:       821M       170M
Swap:         8.0G       7.5M       8.0G

             total       used       free     shared    buffers     cached
Mem:          992M       926M        65M       3.0M       1.6M        92M
-/+ buffers/cache:       832M       159M
Swap:         8.0G       7.5M       8.0G

             total       used       free     shared    buffers     cached
Mem:          992M       918M        73M       3.0M       1.6M        71M
-/+ buffers/cache:       844M       147M
Swap:         8.0G       7.5M       8.0G

             total       used       free     shared    buffers     cached
Mem:          992M       931M        60M       3.0M       1.6M        72M
-/+ buffers/cache:       857M       134M
Swap:         8.0G       7.5M       8.0G

             total       used       free     shared    buffers     cached
Mem:          992M       924M        67M       3.0M       1.6M        53M
-/+ buffers/cache:       870M       122M
Swap:         8.0G       7.5M       8.0G

             total       used       free     shared    buffers     cached
Mem:          992M       915M        76M       3.0M       1.8M        31M
-/+ buffers/cache:       882M       110M
Swap:         8.0G       7.5M       8.0G

             total       used       free     shared    buffers     cached
Mem:          992M       927M        64M       3.0M       1.8M        31M
-/+ buffers/cache:       894M        98M
Swap:         8.0G       7.5M       8.0G

             total       used       free     shared    buffers     cached
Mem:          992M       925M        66M       2.8M       1.9M        19M
-/+ buffers/cache:       904M        87M
Swap:         8.0G        15M       8.0G

             total       used       free     shared    buffers     cached
Mem:          992M       925M        66M       2.8M       1.0M        12M
-/+ buffers/cache:       911M        80M
Swap:         8.0G        21M       8.0G

             total       used       free     shared    buffers     cached
Mem:          992M       918M        73M       2.8M       460K       4.7M
-/+ buffers/cache:       913M        79M
Swap:         8.0G        27M       8.0G

             total       used       free     shared    buffers     cached
Mem:          992M       921M        70M       2.5M       460K       4.6M
-/+ buffers/cache:       916M        75M
Swap:         8.0G        38M       8.0G

             total       used       free     shared    buffers     cached
Mem:          992M       910M        81M       2.5M       460K       4.5M
-/+ buffers/cache:       905M        86M
Swap:         8.0G        59M       7.9G

             total       used       free     shared    buffers     cached
Mem:          992M       923M        68M       2.5M       460K       4.5M
-/+ buffers/cache:       918M        73M
Swap:         8.0G        59M       7.9G

             total       used       free     shared    buffers     cached
Mem:          992M       914M        77M       2.5M       468K       4.4M
-/+ buffers/cache:       909M        82M
Swap:         8.0G        88M       7.9G

             total       used       free     shared    buffers     cached
Mem:          992M       926M        65M       2.4M       468K       4.4M
-/+ buffers/cache:       921M        70M
Swap:         8.0G        88M       7.9G

             total       used       free     shared    buffers     cached
Mem:          992M       924M        67M       2.4M       468K       4.3M
-/+ buffers/cache:       919M        72M
Swap:         8.0G       102M       7.9G

             total       used       free     shared    buffers     cached
Mem:          992M       920M        71M       2.4M       468K       4.6M
-/+ buffers/cache:       915M        76M
Swap:         8.0G       121M       7.9G

             total       used       free     shared    buffers     cached
Mem:          992M       914M        77M       2.4M       468K       4.4M
-/+ buffers/cache:       909M        82M
Swap:         8.0G       135M       7.9G

             total       used       free     shared    buffers     cached
Mem:          992M       926M        65M       2.4M       476K       4.4M
-/+ buffers/cache:       921M        70M
Swap:         8.0G       135M       7.9G

             total       used       free     shared    buffers     cached
Mem:          992M       924M        67M       2.4M       476K       4.4M
-/+ buffers/cache:       919M        72M
Swap:         8.0G       143M       7.9G

             total       used       free     shared    buffers     cached
Mem:          992M       919M        72M       2.4M       476K       4.2M
-/+ buffers/cache:       915M        76M
Swap:         8.0G       170M       7.8G

             total       used       free     shared    buffers     cached
Mem:          992M       917M        75M       2.4M       424K       4.2M
-/+ buffers/cache:       912M        79M
Swap:         8.0G       184M       7.8G

             total       used       free     shared    buffers     cached
Mem:          992M       929M        63M       2.4M       424K       4.2M
-/+ buffers/cache:       924M        67M
Swap:         8.0G       184M       7.8G

             total       used       free     shared    buffers     cached
Mem:          992M       920M        71M       2.4M       372K       4.2M
-/+ buffers/cache:       916M        76M
Swap:         8.0G       202M       7.8G

             total       used       free     shared    buffers     cached
Mem:          992M       913M        78M       2.4M       352K       4.2M
-/+ buffers/cache:       909M        82M
Swap:         8.0G       224M       7.8G

             total       used       free     shared    buffers     cached
Mem:          992M       926M        65M       2.4M       352K       4.2M
-/+ buffers/cache:       922M        70M
Swap:         8.0G       224M       7.8G

             total       used       free     shared    buffers     cached
Mem:          992M       926M        66M       2.4M       352K       4.2M
-/+ buffers/cache:       921M        70M
Swap:         8.0G       234M       7.8G

             total       used       free     shared    buffers     cached
Mem:          992M       925M        66M       2.3M       352K       4.2M
-/+ buffers/cache:       920M        71M
Swap:         8.0G       245M       7.8G

             total       used       free     shared    buffers     cached
Mem:          992M       916M        75M       2.3M       352K       4.1M
-/+ buffers/cache:       912M        79M
Swap:         8.0G       263M       7.7G

             total       used       free     shared    buffers     cached
Mem:          992M       925M        67M       2.3M       360K       4.1M
-/+ buffers/cache:       920M        71M
Swap:         8.0G       263M       7.7G

             total       used       free     shared    buffers     cached
Mem:          992M       918M        74M       2.3M       304K       4.0M
-/+ buffers/cache:       913M        78M
Swap:         8.0G       277M       7.7G

             total       used       free     shared    buffers     cached
Mem:          992M       924M        67M       2.3M       304K       4.0M
-/+ buffers/cache:       920M        71M
Swap:         8.0G       277M       7.7G

             total       used       free     shared    buffers     cached
Mem:          992M       918M        73M       2.3M       164K       4.0M
-/+ buffers/cache:       914M        77M
Swap:         8.0G       290M       7.7G

             total       used       free     shared    buffers     cached
Mem:          992M       924M        67M       2.3M       164K       4.0M
-/+ buffers/cache:       920M        71M
Swap:         8.0G       290M       7.7G

             total       used       free     shared    buffers     cached
Mem:          992M       917M        74M       2.3M        84K       4.0M
-/+ buffers/cache:       913M        78M
Swap:         8.0G       302M       7.7G

             total       used       free     shared    buffers     cached
Mem:          992M       923M        68M       2.3M        84K       4.0M
-/+ buffers/cache:       919M        72M
Swap:         8.0G       302M       7.7G

             total       used       free     shared    buffers     cached
Mem:          992M       918M        73M       2.3M        84K       4.0M
-/+ buffers/cache:       914M        77M
Swap:         8.0G       312M       7.7G

             total       used       free     shared    buffers     cached
Mem:          992M       923M        68M       2.3M        84K       4.0M
-/+ buffers/cache:       919M        73M
Swap:         8.0G       312M       7.7G

             total       used       free     shared    buffers     cached
Mem:          992M       928M        63M       2.3M        84K       4.0M
-/+ buffers/cache:       924M        67M
Swap:         8.0G       312M       7.7G

             total       used       free     shared    buffers     cached
Mem:          992M       915M        76M       1.8M        92K       3.5M
-/+ buffers/cache:       911M        80M
Swap:         8.0G       334M       7.7G

             total       used       free     shared    buffers     cached
Mem:          992M       926M        65M       1.8M        92K       3.5M
-/+ buffers/cache:       923M        68M
Swap:         8.0G       323M       7.7G

             total       used       free     shared    buffers     cached
Mem:          992M       919M        73M        64K        88K       1.7M
-/+ buffers/cache:       917M        74M
Swap:         8.0G       320M       7.7G

             total       used       free     shared    buffers     cached
Mem:          992M       916M        75M         4K       216K        18M
-/+ buffers/cache:       897M        94M
Swap:         8.0G       351M       7.7G

             total       used       free     shared    buffers     cached
Mem:          992M       917M        75M         0B       448K        10M
-/+ buffers/cache:       905M        86M
Swap:         8.0G       343M       7.7G

             total       used       free     shared    buffers     cached
Mem:          992M       916M        76M         0B        80K       1.4M
-/+ buffers/cache:       914M        77M
Swap:         8.0G       334M       7.7G

             total       used       free     shared    buffers     cached
Mem:          992M       912M        79M         0B        84K       2.6M
-/+ buffers/cache:       910M        82M
Swap:         8.0G       344M       7.7G

             total       used       free     shared    buffers     cached
Mem:          992M       927M        64M         0B       332K       3.8M
-/+ buffers/cache:       923M        68M
Swap:         8.0G       339M       7.7G

             total       used       free     shared    buffers     cached
Mem:          992M       925M        66M         0B       448K       3.2M
-/+ buffers/cache:       922M        70M
Swap:         8.0G       334M       7.7G

             total       used       free     shared    buffers     cached
Mem:          992M       916M        75M         0B       144K       1.2M
-/+ buffers/cache:       915M        76M
Swap:         8.0G       346M       7.7G

             total       used       free     shared    buffers     cached
Mem:          992M       918M        73M         0B       328K       1.8M
-/+ buffers/cache:       916M        75M
Swap:         8.0G       338M       7.7G

             total       used       free     shared    buffers     cached
Mem:          992M       920M        71M         0B       328K       1.7M
-/+ buffers/cache:       918M        73M
Swap:         8.0G       344M       7.7G

             total       used       free     shared    buffers     cached
Mem:          992M       922M        69M         0B       192K       1.6M
-/+ buffers/cache:       920M        71M
Swap:         8.0G       422M       7.6G

             total       used       free     shared    buffers     cached
Mem:          992M       907M        84M         0B       336K       3.7M
-/+ buffers/cache:       903M        88M
Swap:         8.0G       397M       7.6G

             total       used       free     shared    buffers     cached
Mem:          992M       918M        73M         0B       328K       3.4M
-/+ buffers/cache:       914M        77M
Swap:         8.0G       350M       7.7G

             total       used       free     shared    buffers     cached
Mem:          992M       921M        71M         0B       328K       3.2M
-/+ buffers/cache:       917M        74M
Swap:         8.0G       347M       7.7G

             total       used       free     shared    buffers     cached
Mem:          992M       922M        69M         0B       328K       3.2M
-/+ buffers/cache:       919M        72M
Swap:         8.0G       346M       7.7G

             total       used       free     shared    buffers     cached
Mem:          992M       926M        65M         0B       336K       3.2M
-/+ buffers/cache:       923M        69M
Swap:         8.0G       345M       7.7G

             total       used       free     shared    buffers     cached
Mem:          992M       919M        73M         0B       268K       3.2M
-/+ buffers/cache:       915M        76M
Swap:         8.0G       356M       7.6G

             total       used       free     shared    buffers     cached
Mem:          992M       925M        66M         0B       268K       3.2M
-/+ buffers/cache:       922M        69M
Swap:         8.0G       356M       7.6G

             total       used       free     shared    buffers     cached
Mem:          992M       918M        73M         0B       212K       3.5M
-/+ buffers/cache:       914M        77M
Swap:         8.0G       370M       7.6G

             total       used       free     shared    buffers     cached
Mem:          992M       925M        66M         0B       212K       3.5M
-/+ buffers/cache:       921M        70M
Swap:         8.0G       370M       7.6G

             total       used       free     shared    buffers     cached
Mem:          992M       908M        83M         0B       212K       2.7M
-/+ buffers/cache:       906M        86M
Swap:         8.0G       384M       7.6G

             total       used       free     shared    buffers     cached
Mem:          992M       914M        77M         0B       220K       2.9M
-/+ buffers/cache:       911M        80M
Swap:         8.0G       384M       7.6G

             total       used       free     shared    buffers     cached
Mem:          992M       920M        71M         0B       220K       2.9M
-/+ buffers/cache:       917M        75M
Swap:         8.0G       384M       7.6G

             total       used       free     shared    buffers     cached
Mem:          992M       922M        69M         0B       220K       2.9M
-/+ buffers/cache:       919M        72M
Swap:         8.0G       383M       7.6G

             total       used       free     shared    buffers     cached
Mem:          992M       924M        67M         0B       220K       2.9M
-/+ buffers/cache:       921M        70M
Swap:         8.0G       382M       7.6G

             total       used       free     shared    buffers     cached
Mem:          992M       924M        67M       148K       4.5M        24M
-/+ buffers/cache:       896M        96M
Swap:         8.0G       425M       7.6G

             total       used       free     shared    buffers     cached
Mem:          992M       911M        81M       152K       3.9M        18M
-/+ buffers/cache:       888M       103M
Swap:         8.0G       436M       7.6G

             total       used       free     shared    buffers     cached
Mem:          992M       914M        77M       152K       3.9M        19M
-/+ buffers/cache:       891M       100M
Swap:         8.0G       436M       7.6G

             total       used       free     shared    buffers     cached
Mem:          992M       919M        72M       152K       3.9M        21M
-/+ buffers/cache:       894M        98M
Swap:         8.0G       435M       7.6G

             total       used       free     shared    buffers     cached
Mem:          992M       922M        69M       152K       3.2M        40M
-/+ buffers/cache:       879M       112M
Swap:         8.0G       445M       7.6G

             total       used       free     shared    buffers     cached
Mem:          992M       909M        82M       160K       4.2M        46M
-/+ buffers/cache:       858M       133M
Swap:         8.0G       465M       7.5G

             total       used       free     shared    buffers     cached
Mem:          992M       921M        70M       160K       5.3M        55M
-/+ buffers/cache:       860M       131M
Swap:         8.0G       467M       7.5G

             total       used       free     shared    buffers     cached
Mem:          992M       909M        82M       284K       6.7M        76M
-/+ buffers/cache:       826M       165M
Swap:         8.0G       510M       7.5G

             total       used       free     shared    buffers     cached
Mem:          992M       911M        81M       272K       6.7M        76M
-/+ buffers/cache:       827M       164M
Swap:         8.0G       510M       7.5G

             total       used       free     shared    buffers     cached
Mem:          992M       912M        79M       272K       6.7M        76M
-/+ buffers/cache:       829M       162M
Swap:         8.0G       509M       7.5G

             total       used       free     shared    buffers     cached
Mem:          992M       914M        78M       272K       6.7M        76M
-/+ buffers/cache:       830M       161M
Swap:         8.0G       509M       7.5G

             total       used       free     shared    buffers     cached
Mem:          992M       915M        77M       272K       6.7M        76M
-/+ buffers/cache:       831M       160M
Swap:         8.0G       508M       7.5G

             total       used       free     shared    buffers     cached
Mem:          992M       916M        75M       272K       6.7M        76M
-/+ buffers/cache:       833M       158M
Swap:         8.0G       508M       7.5G

             total       used       free     shared    buffers     cached
Mem:          992M       918M        73M       272K       6.7M        76M
-/+ buffers/cache:       834M       157M
Swap:         8.0G       507M       7.5G

             total       used       free     shared    buffers     cached
Mem:          992M       919M        72M       272K       6.7M        76M
-/+ buffers/cache:       836M       155M
Swap:         8.0G       506M       7.5G

             total       used       free     shared    buffers     cached
Mem:          992M       921M        70M       272K       6.7M        76M
-/+ buffers/cache:       837M       154M
Swap:         8.0G       506M       7.5G

             total       used       free     shared    buffers     cached
Mem:          992M       923M        69M       272K       6.7M        76M
-/+ buffers/cache:       839M       152M
Swap:         8.0G       505M       7.5G

             total       used       free     shared    buffers     cached
Mem:          992M       924M        67M       272K       6.7M        76M
-/+ buffers/cache:       840M       151M
Swap:         8.0G       505M       7.5G

             total       used       free     shared    buffers     cached
Mem:          992M       926M        66M       272K       6.7M        76M
-/+ buffers/cache:       842M       149M
Swap:         8.0G       504M       7.5G

             total       used       free     shared    buffers     cached
Mem:          992M       908M        84M       272K       6.7M        73M
-/+ buffers/cache:       827M       164M
Swap:         8.0G       523M       7.5G

             total       used       free     shared    buffers     cached
Mem:          992M       909M        82M       272K       6.7M        73M
-/+ buffers/cache:       829M       162M
Swap:         8.0G       523M       7.5G

             total       used       free     shared    buffers     cached
Mem:          992M       911M        80M       272K       6.7M        73M
-/+ buffers/cache:       831M       161M
Swap:         8.0G       522M       7.5G

             total       used       free     shared    buffers     cached
Mem:          992M       912M        79M       272K       6.7M        73M
-/+ buffers/cache:       832M       159M
Swap:         8.0G       521M       7.5G

             total       used       free     shared    buffers     cached
Mem:          992M       914M        77M       272K       6.7M        73M
-/+ buffers/cache:       834M       158M
Swap:         8.0G       521M       7.5G

             total       used       free     shared    buffers     cached
Mem:          992M       916M        75M       272K       6.7M        73M
-/+ buffers/cache:       835M       156M
Swap:         8.0G       520M       7.5G

             total       used       free     shared    buffers     cached
Mem:          992M       918M        74M       272K       6.7M        73M
-/+ buffers/cache:       837M       154M
Swap:         8.0G       519M       7.5G

             total       used       free     shared    buffers     cached
Mem:          992M       919M        72M       272K       6.7M        73M
-/+ buffers/cache:       839M       152M
Swap:         8.0G       518M       7.5G

             total       used       free     shared    buffers     cached
Mem:          992M       921M        70M       272K       6.7M        73M
-/+ buffers/cache:       841M       150M
Swap:         8.0G       518M       7.5G

             total       used       free     shared    buffers     cached
Mem:          992M       923M        68M       272K       6.7M        73M
-/+ buffers/cache:       843M       149M
Swap:         8.0G       517M       7.5G

             total       used       free     shared    buffers     cached
Mem:          992M       925M        66M       272K       6.7M        73M
-/+ buffers/cache:       844M       147M
Swap:         8.0G       516M       7.5G

             total       used       free     shared    buffers     cached
Mem:          992M       927M        65M       272K       6.7M        73M
-/+ buffers/cache:       846M       145M
Swap:         8.0G       515M       7.5G

             total       used       free     shared    buffers     cached
Mem:          992M       917M        75M       272K       6.3M        72M
-/+ buffers/cache:       837M       154M
Swap:         8.0G       515M       7.5G

             total       used       free     shared    buffers     cached
Mem:          992M       918M        73M       272K       6.3M        72M
-/+ buffers/cache:       839M       152M
Swap:         8.0G       515M       7.5G

             total       used       free     shared    buffers     cached
Mem:          992M       920M        71M       272K       6.3M        72M
-/+ buffers/cache:       841M       150M
Swap:         8.0G       514M       7.5G

             total       used       free     shared    buffers     cached
Mem:          992M       922M        70M       272K       6.3M        72M
-/+ buffers/cache:       843M       149M
Swap:         8.0G       514M       7.5G

             total       used       free     shared    buffers     cached
Mem:          992M       923M        68M       272K       6.3M        72M
-/+ buffers/cache:       844M       147M
Swap:         8.0G       513M       7.5G

             total       used       free     shared    buffers     cached
Mem:          992M       913M        78M       272K       6.0M        71M
-/+ buffers/cache:       835M       156M
Swap:         8.0G       536M       7.5G

             total       used       free     shared    buffers     cached
Mem:          992M       916M        75M       272K       6.3M        72M
-/+ buffers/cache:       838M       154M
Swap:         8.0G       535M       7.5G

             total       used       free     shared    buffers     cached
Mem:          992M       917M        74M       272K       6.4M        72M
-/+ buffers/cache:       839M       153M
Swap:         8.0G       534M       7.5G

             total       used       free     shared    buffers     cached
Mem:          992M       919M        73M       272K       6.4M        72M
-/+ buffers/cache:       840M       151M
Swap:         8.0G       534M       7.5G

             total       used       free     shared    buffers     cached
Mem:          992M       920M        71M       272K       6.4M        72M
-/+ buffers/cache:       842M       149M
Swap:         8.0G       533M       7.5G

             total       used       free     shared    buffers     cached
Mem:          992M       922M        69M       272K       6.4M        72M
-/+ buffers/cache:       843M       148M
Swap:         8.0G       532M       7.5G

             total       used       free     shared    buffers     cached
Mem:          992M       924M        68M       272K       6.4M        72M
-/+ buffers/cache:       845M       146M
Swap:         8.0G       532M       7.5G

             total       used       free     shared    buffers     cached
Mem:          992M       926M        65M       272K       6.4M        73M
-/+ buffers/cache:       846M       145M
Swap:         8.0G       531M       7.5G

             total       used       free     shared    buffers     cached
Mem:          992M       927M        64M       272K       6.4M        73M
-/+ buffers/cache:       847M       144M
Swap:         8.0G       531M       7.5G

             total       used       free     shared    buffers     cached
Mem:          992M       916M        75M       272K       6.6M        75M
-/+ buffers/cache:       834M       157M
Swap:         8.0G       538M       7.5G

             total       used       free     shared    buffers     cached
Mem:          992M       916M        75M       284K       6.6M        75M
-/+ buffers/cache:       834M       157M
Swap:         8.0G       538M       7.5G

             total       used       free     shared    buffers     cached
Mem:          992M       917M        74M       284K       6.6M        75M
-/+ buffers/cache:       835M       156M
Swap:         8.0G       537M       7.5G

             total       used       free     shared    buffers     cached
Mem:          992M       918M        73M       284K       6.6M        75M
-/+ buffers/cache:       836M       155M
Swap:         8.0G       537M       7.5G

             total       used       free     shared    buffers     cached
Mem:          992M       919M        72M       284K       6.6M        75M
-/+ buffers/cache:       837M       154M
Swap:         8.0G       536M       7.5G

             total       used       free     shared    buffers     cached
Mem:          992M       920M        71M       284K       6.6M        75M
-/+ buffers/cache:       838M       153M
Swap:         8.0G       536M       7.5G

             total       used       free     shared    buffers     cached
Mem:          992M       921M        70M       284K       6.6M        75M
-/+ buffers/cache:       839M       152M
Swap:         8.0G       536M       7.5G

             total       used       free     shared    buffers     cached
Mem:          992M       922M        69M       284K       6.6M        75M
-/+ buffers/cache:       840M       151M
Swap:         8.0G       535M       7.5G

             total       used       free     shared    buffers     cached
Mem:          992M       923M        68M       284K       6.6M        75M
-/+ buffers/cache:       841M       150M
Swap:         8.0G       535M       7.5G

             total       used       free     shared    buffers     cached
Mem:          992M       925M        66M       284K       6.6M        75M
-/+ buffers/cache:       842M       149M
Swap:         8.0G       534M       7.5G

             total       used       free     shared    buffers     cached
Mem:          992M       926M        65M       284K       6.6M        75M
-/+ buffers/cache:       843M       148M
Swap:         8.0G       534M       7.5G

             total       used       free     shared    buffers     cached
Mem:          992M       906M        85M       284K       6.6M        75M
-/+ buffers/cache:       825M       167M
Swap:         8.0G       556M       7.5G

             total       used       free     shared    buffers     cached
Mem:          992M       907M        84M       284K       6.6M        75M
-/+ buffers/cache:       825M       166M
Swap:         8.0G       556M       7.5G

             total       used       free     shared    buffers     cached
Mem:          992M       908M        83M       284K       6.6M        75M
-/+ buffers/cache:       826M       165M
Swap:         8.0G       556M       7.5G

             total       used       free     shared    buffers     cached
Mem:          992M       909M        82M       284K       6.6M        75M
-/+ buffers/cache:       827M       164M
Swap:         8.0G       555M       7.5G

             total       used       free     shared    buffers     cached
Mem:          992M       910M        81M       284K       6.6M        75M
-/+ buffers/cache:       828M       163M
Swap:         8.0G       555M       7.5G

             total       used       free     shared    buffers     cached
Mem:          992M       911M        80M       284K       6.6M        75M
-/+ buffers/cache:       829M       162M
Swap:         8.0G       554M       7.5G

             total       used       free     shared    buffers     cached
Mem:          992M       912M        79M       284K       6.6M        75M
-/+ buffers/cache:       830M       161M
Swap:         8.0G       554M       7.5G

             total       used       free     shared    buffers     cached
Mem:          992M       913M        78M       284K       6.6M        75M
-/+ buffers/cache:       831M       160M
Swap:         8.0G       554M       7.5G

             total       used       free     shared    buffers     cached
Mem:          992M       914M        77M       284K       6.6M        75M
-/+ buffers/cache:       832M       159M
Swap:         8.0G       553M       7.5G

             total       used       free     shared    buffers     cached
Mem:          992M       915M        76M       284K       6.7M        75M
-/+ buffers/cache:       833M       158M
Swap:         8.0G       553M       7.5G

             total       used       free     shared    buffers     cached
Mem:          992M       916M        75M       284K       6.7M        75M
-/+ buffers/cache:       834M       157M
Swap:         8.0G       552M       7.5G

             total       used       free     shared    buffers     cached
Mem:          992M       917M        74M       284K       6.7M        75M
-/+ buffers/cache:       835M       156M
Swap:         8.0G       552M       7.5G

             total       used       free     shared    buffers     cached
Mem:          992M       918M        73M       284K       6.7M        75M
-/+ buffers/cache:       836M       155M
Swap:         8.0G       552M       7.5G

             total       used       free     shared    buffers     cached
Mem:          992M       919M        72M       284K       6.7M        75M
-/+ buffers/cache:       837M       154M
Swap:         8.0G       551M       7.5G

             total       used       free     shared    buffers     cached
Mem:          992M       920M        71M       284K       6.7M        75M
-/+ buffers/cache:       838M       153M
Swap:         8.0G       551M       7.5G

             total       used       free     shared    buffers     cached
Mem:          992M       921M        70M       284K       6.7M        75M
-/+ buffers/cache:       839M       152M
Swap:         8.0G       550M       7.5G

             total       used       free     shared    buffers     cached
Mem:          992M       922M        69M       284K       6.7M        75M
-/+ buffers/cache:       840M       151M
Swap:         8.0G       550M       7.5G

             total       used       free     shared    buffers     cached
Mem:          992M       923M        68M       284K       6.7M        75M
-/+ buffers/cache:       841M       150M
Swap:         8.0G       549M       7.5G

             total       used       free     shared    buffers     cached
Mem:          992M       924M        67M       284K       6.7M        75M
-/+ buffers/cache:       842M       149M
Swap:         8.0G       549M       7.5G

             total       used       free     shared    buffers     cached
Mem:          992M       925M        66M       284K       6.7M        75M
-/+ buffers/cache:       843M       148M
Swap:         8.0G       548M       7.5G

             total       used       free     shared    buffers     cached
Mem:          992M       926M        65M       284K       6.7M        75M
-/+ buffers/cache:       844M       147M
Swap:         8.0G       548M       7.5G

             total       used       free     shared    buffers     cached
Mem:          992M       927M        64M       284K       6.7M        75M
-/+ buffers/cache:       845M       146M
Swap:         8.0G       548M       7.5G

             total       used       free     shared    buffers     cached
Mem:          992M       904M        87M       284K       6.7M        74M
-/+ buffers/cache:       823M       168M
Swap:         8.0G       568M       7.4G

             total       used       free     shared    buffers     cached
Mem:          992M       905M        86M       284K       6.7M        74M
-/+ buffers/cache:       824M       167M
Swap:         8.0G       568M       7.4G

             total       used       free     shared    buffers     cached
Mem:          992M       906M        86M       284K       6.7M        74M
-/+ buffers/cache:       825M       167M
Swap:         8.0G       567M       7.4G

             total       used       free     shared    buffers     cached
Mem:          992M       907M        85M       284K       6.7M        74M
-/+ buffers/cache:       826M       166M
Swap:         8.0G       567M       7.4G

             total       used       free     shared    buffers     cached
Mem:          992M       908M        83M       284K       6.7M        74M
-/+ buffers/cache:       827M       164M
Swap:         8.0G       566M       7.4G

             total       used       free     shared    buffers     cached
Mem:          992M       909M        82M       284K       6.7M        74M
-/+ buffers/cache:       828M       164M
Swap:         8.0G       566M       7.4G

             total       used       free     shared    buffers     cached
Mem:          992M       910M        81M       284K       6.7M        74M
-/+ buffers/cache:       829M       162M
Swap:         8.0G       565M       7.4G

             total       used       free     shared    buffers     cached
Mem:          992M       911M        80M       284K       6.7M        74M
-/+ buffers/cache:       830M       161M
Swap:         8.0G       565M       7.4G

             total       used       free     shared    buffers     cached
Mem:          992M       912M        79M       284K       6.7M        74M
-/+ buffers/cache:       831M       160M
Swap:         8.0G       565M       7.4G

             total       used       free     shared    buffers     cached
Mem:          992M       913M        78M       284K       6.7M        74M
-/+ buffers/cache:       832M       159M
Swap:         8.0G       564M       7.4G

             total       used       free     shared    buffers     cached
Mem:          992M       914M        77M       284K       6.7M        74M
-/+ buffers/cache:       833M       158M
Swap:         8.0G       564M       7.4G

             total       used       free     shared    buffers     cached
Mem:          992M       915M        76M       284K       6.7M        74M
-/+ buffers/cache:       834M       157M
Swap:         8.0G       563M       7.4G

             total       used       free     shared    buffers     cached
Mem:          992M       916M        75M       284K       6.7M        74M
-/+ buffers/cache:       835M       156M
Swap:         8.0G       563M       7.4G

             total       used       free     shared    buffers     cached
Mem:          992M       917M        74M       284K       6.7M        74M
-/+ buffers/cache:       836M       155M
Swap:         8.0G       563M       7.4G

             total       used       free     shared    buffers     cached
Mem:          992M       918M        73M       284K       6.7M        74M
-/+ buffers/cache:       837M       154M
Swap:         8.0G       562M       7.4G

             total       used       free     shared    buffers     cached
Mem:          992M       919M        72M       284K       6.7M        74M
-/+ buffers/cache:       838M       153M
Swap:         8.0G       562M       7.4G

             total       used       free     shared    buffers     cached
Mem:          992M       920M        71M       284K       6.7M        74M
-/+ buffers/cache:       839M       152M
Swap:         8.0G       561M       7.4G

             total       used       free     shared    buffers     cached
Mem:          992M       922M        70M       284K       6.7M        74M
-/+ buffers/cache:       841M       151M
Swap:         8.0G       561M       7.4G

             total       used       free     shared    buffers     cached
Mem:          992M       923M        69M       284K       6.7M        74M
-/+ buffers/cache:       842M       150M
Swap:         8.0G       560M       7.4G

             total       used       free     shared    buffers     cached
Mem:          992M       924M        68M       284K       6.7M        74M
-/+ buffers/cache:       843M       149M
Swap:         8.0G       560M       7.4G

             total       used       free     shared    buffers     cached
Mem:          992M       925M        67M       284K       6.7M        74M
-/+ buffers/cache:       844M       148M
Swap:         8.0G       559M       7.5G

             total       used       free     shared    buffers     cached
Mem:          992M       926M        65M       284K       6.7M        74M
-/+ buffers/cache:       845M       147M
Swap:         8.0G       559M       7.5G

             total       used       free     shared    buffers     cached
Mem:          992M       922M        69M       284K       6.7M        74M
-/+ buffers/cache:       841M       150M
Swap:         8.0G       564M       7.4G

             total       used       free     shared    buffers     cached
Mem:          992M       912M        80M       284K       6.7M        73M
-/+ buffers/cache:       831M       160M
Swap:         8.0G       583M       7.4G

             total       used       free     shared    buffers     cached
Mem:          992M       913M        78M       284K       6.7M        73M
-/+ buffers/cache:       832M       159M
Swap:         8.0G       582M       7.4G

             total       used       free     shared    buffers     cached
Mem:          992M       914M        78M       284K       6.7M        73M
-/+ buffers/cache:       833M       158M
Swap:         8.0G       582M       7.4G

             total       used       free     shared    buffers     cached
Mem:          992M       915M        77M       284K       6.7M        73M
-/+ buffers/cache:       834M       157M
Swap:         8.0G       581M       7.4G

             total       used       free     shared    buffers     cached
Mem:          992M       916M        75M       284K       6.7M        73M
-/+ buffers/cache:       835M       156M
Swap:         8.0G       581M       7.4G

             total       used       free     shared    buffers     cached
Mem:          992M       917M        75M       284K       6.7M        73M
-/+ buffers/cache:       836M       155M
Swap:         8.0G       580M       7.4G

             total       used       free     shared    buffers     cached
Mem:          992M       918M        73M       284K       6.7M        73M
-/+ buffers/cache:       837M       154M
Swap:         8.0G       580M       7.4G

             total       used       free     shared    buffers     cached
Mem:          992M       919M        72M       284K       6.7M        73M
-/+ buffers/cache:       838M       153M
Swap:         8.0G       579M       7.4G

             total       used       free     shared    buffers     cached
Mem:          992M       920M        71M       284K       6.7M        74M
-/+ buffers/cache:       839M       152M
Swap:         8.0G       579M       7.4G

             total       used       free     shared    buffers     cached
Mem:          992M       922M        69M       288K       6.7M        74M
-/+ buffers/cache:       840M       151M
Swap:         8.0G       578M       7.4G

             total       used       free     shared    buffers     cached
Mem:          992M       923M        68M       288K       6.7M        74M
-/+ buffers/cache:       842M       150M
Swap:         8.0G       578M       7.4G

             total       used       free     shared    buffers     cached
Mem:          992M       924M        67M       288K       6.7M        74M
-/+ buffers/cache:       843M       149M
Swap:         8.0G       577M       7.4G

             total       used       free     shared    buffers     cached
Mem:          992M       925M        66M       288K       6.7M        74M
-/+ buffers/cache:       844M       148M
Swap:         8.0G       577M       7.4G

             total       used       free     shared    buffers     cached
Mem:          992M       916M        75M       288K       6.7M        74M
-/+ buffers/cache:       835M       157M
Swap:         8.0G       576M       7.4G

             total       used       free     shared    buffers     cached
Mem:          992M       915M        76M       288K       6.7M        74M
-/+ buffers/cache:       834M       158M
Swap:         8.0G       583M       7.4G

             total       used       free     shared    buffers     cached
Mem:          992M       916M        75M       288K       6.7M        74M
-/+ buffers/cache:       835M       156M
Swap:         8.0G       582M       7.4G

             total       used       free     shared    buffers     cached
Mem:          992M       922M        69M       288K       6.7M        76M
-/+ buffers/cache:       839M       153M
Swap:         8.0G       580M       7.4G

             total       used       free     shared    buffers     cached
Mem:          992M       922M        69M       288K       6.7M        76M
-/+ buffers/cache:       839M       152M
Swap:         8.0G       580M       7.4G

             total       used       free     shared    buffers     cached
Mem:          992M       923M        68M       288K       6.7M        76M
-/+ buffers/cache:       840M       151M
Swap:         8.0G       580M       7.4G

             total       used       free     shared    buffers     cached
Mem:          992M       923M        68M       288K       6.7M        76M
-/+ buffers/cache:       840M       151M
Swap:         8.0G       580M       7.4G

             total       used       free     shared    buffers     cached
Mem:          992M       924M        67M       288K       6.7M        76M
-/+ buffers/cache:       841M       150M
Swap:         8.0G       579M       7.4G

             total       used       free     shared    buffers     cached
Mem:          992M       924M        67M       288K       6.7M        76M
-/+ buffers/cache:       841M       150M
Swap:         8.0G       579M       7.4G

             total       used       free     shared    buffers     cached
Mem:          992M       925M        66M       288K       6.7M        76M
-/+ buffers/cache:       842M       149M
Swap:         8.0G       579M       7.4G

             total       used       free     shared    buffers     cached
Mem:          992M       926M        66M       288K       6.7M        76M
-/+ buffers/cache:       843M       149M
Swap:         8.0G       578M       7.4G

             total       used       free     shared    buffers     cached
Mem:          992M       926M        65M       288K       6.7M        76M
-/+ buffers/cache:       843M       148M
Swap:         8.0G       578M       7.4G

             total       used       free     shared    buffers     cached
Mem:          992M       927M        65M       288K       6.7M        76M
-/+ buffers/cache:       844M       148M
Swap:         8.0G       578M       7.4G

             total       used       free     shared    buffers     cached
Mem:          992M       915M        76M       340K       6.3M        74M
-/+ buffers/cache:       835M       156M
Swap:         8.0G       587M       7.4G

             total       used       free     shared    buffers     cached
Mem:          992M       916M        75M       4.0M       4.4M        79M
-/+ buffers/cache:       832M       159M
Swap:         8.0G       600M       7.4G

             total       used       free     shared    buffers     cached
Mem:          992M       916M        75M       396K       3.3M        76M
-/+ buffers/cache:       836M       155M
Swap:         8.0G       602M       7.4G

             total       used       free     shared    buffers     cached
Mem:          992M       907M        84M       424K       2.7M        74M
-/+ buffers/cache:       830M       161M
Swap:         8.0G       617M       7.4G

             total       used       free     shared    buffers     cached
Mem:          992M       908M        84M       424K       2.7M        74M
-/+ buffers/cache:       831M       161M
Swap:         8.0G       616M       7.4G

             total       used       free     shared    buffers     cached
Mem:          992M       909M        83M       424K       2.7M        74M
-/+ buffers/cache:       832M       160M
Swap:         8.0G       616M       7.4G

             total       used       free     shared    buffers     cached
Mem:          992M       910M        82M       424K       2.7M        74M
-/+ buffers/cache:       833M       158M
Swap:         8.0G       615M       7.4G

             total       used       free     shared    buffers     cached
Mem:          992M       911M        80M       424K       2.7M        74M
-/+ buffers/cache:       834M       157M
Swap:         8.0G       615M       7.4G

             total       used       free     shared    buffers     cached
Mem:          992M       913M        78M       424K       2.9M        75M
-/+ buffers/cache:       835M       156M
Swap:         8.0G       614M       7.4G

             total       used       free     shared    buffers     cached
Mem:          992M       915M        77M       424K       2.9M        75M
-/+ buffers/cache:       837M       155M
Swap:         8.0G       614M       7.4G

             total       used       free     shared    buffers     cached
Mem:          992M       916M        75M       424K       2.9M        75M
-/+ buffers/cache:       838M       153M
Swap:         8.0G       613M       7.4G

             total       used       free     shared    buffers     cached
Mem:          992M       917M        74M       424K       2.9M        75M
-/+ buffers/cache:       839M       152M
Swap:         8.0G       613M       7.4G

             total       used       free     shared    buffers     cached
Mem:          992M       918M        73M       424K       2.9M        75M
-/+ buffers/cache:       840M       151M
Swap:         8.0G       612M       7.4G

             total       used       free     shared    buffers     cached
Mem:          992M       919M        72M       424K       2.9M        75M
-/+ buffers/cache:       841M       150M
Swap:         8.0G       612M       7.4G

             total       used       free     shared    buffers     cached
Mem:          992M       921M        71M       424K       2.9M        75M
-/+ buffers/cache:       843M       148M
Swap:         8.0G       611M       7.4G

             total       used       free     shared    buffers     cached
Mem:          992M       922M        69M       424K       2.9M        75M
-/+ buffers/cache:       844M       147M
Swap:         8.0G       610M       7.4G

             total       used       free     shared    buffers     cached
Mem:          992M       923M        68M       424K       2.9M        75M
-/+ buffers/cache:       845M       146M
Swap:         8.0G       610M       7.4G

             total       used       free     shared    buffers     cached
Mem:          992M       924M        67M       424K       2.9M        75M
-/+ buffers/cache:       846M       145M
Swap:         8.0G       609M       7.4G

             total       used       free     shared    buffers     cached
Mem:          992M       925M        66M       424K       2.9M        75M
-/+ buffers/cache:       847M       144M
Swap:         8.0G       609M       7.4G

             total       used       free     shared    buffers     cached
Mem:          992M       926M        65M       424K       2.9M        75M
-/+ buffers/cache:       848M       143M
Swap:         8.0G       608M       7.4G

             total       used       free     shared    buffers     cached
Mem:          992M       911M        81M       424K       2.9M        72M
-/+ buffers/cache:       835M       156M
Swap:         8.0G       616M       7.4G

             total       used       free     shared    buffers     cached
Mem:          992M       911M        80M       424K       2.9M        72M
-/+ buffers/cache:       836M       156M
Swap:         8.0G       615M       7.4G

             total       used       free     shared    buffers     cached
Mem:          992M       912M        79M       424K       2.9M        72M
-/+ buffers/cache:       837M       154M
Swap:         8.0G       615M       7.4G

             total       used       free     shared    buffers     cached
Mem:          992M       914M        78M       424K       2.9M        72M
-/+ buffers/cache:       838M       153M
Swap:         8.0G       614M       7.4G

             total       used       free     shared    buffers     cached
Mem:          992M       915M        77M       424K       2.9M        72M
-/+ buffers/cache:       839M       152M
Swap:         8.0G       614M       7.4G

             total       used       free     shared    buffers     cached
Mem:          992M       916M        75M       424K       2.9M        72M
-/+ buffers/cache:       840M       151M
Swap:         8.0G       613M       7.4G

             total       used       free     shared    buffers     cached
Mem:          992M       917M        74M       424K       2.9M        72M
-/+ buffers/cache:       841M       150M
Swap:         8.0G       613M       7.4G

             total       used       free     shared    buffers     cached
Mem:          992M       918M        73M       424K       2.9M        72M
-/+ buffers/cache:       843M       149M
Swap:         8.0G       612M       7.4G

             total       used       free     shared    buffers     cached
Mem:          992M       919M        72M       424K       2.9M        72M
-/+ buffers/cache:       844M       148M
Swap:         8.0G       611M       7.4G

             total       used       free     shared    buffers     cached
Mem:          992M       925M        66M       424K       3.6M        75M
-/+ buffers/cache:       846M       145M
Swap:         8.0G       611M       7.4G

             total       used       free     shared    buffers     cached
Mem:          992M       920M        71M       496K       7.3M        78M
-/+ buffers/cache:       834M       157M
Swap:         8.0G       620M       7.4G
