             total       used       free     shared    buffers     cached
Mem:          992M       657M       335M       3.2M        38M       289M
-/+ buffers/cache:       328M       663M
Swap:         8.0G         0B       8.0G

             total       used       free     shared    buffers     cached
Mem:          992M       656M       335M       3.2M        38M       289M
-/+ buffers/cache:       327M       664M
Swap:         8.0G         0B       8.0G

             total       used       free     shared    buffers     cached
Mem:          992M       656M       335M       3.2M        38M       289M
-/+ buffers/cache:       327M       664M
Swap:         8.0G         0B       8.0G

             total       used       free     shared    buffers     cached
Mem:          992M       656M       335M       3.2M        38M       289M
-/+ buffers/cache:       327M       664M
Swap:         8.0G         0B       8.0G

             total       used       free     shared    buffers     cached
Mem:          992M       656M       335M       3.2M        38M       289M
-/+ buffers/cache:       327M       664M
Swap:         8.0G         0B       8.0G

             total       used       free     shared    buffers     cached
Mem:          992M       656M       335M       3.2M        38M       289M
-/+ buffers/cache:       327M       664M
Swap:         8.0G         0B       8.0G

             total       used       free     shared    buffers     cached
Mem:          992M       656M       335M       3.2M        38M       289M
-/+ buffers/cache:       327M       664M
Swap:         8.0G         0B       8.0G

             total       used       free     shared    buffers     cached
Mem:          992M       656M       336M       3.2M        38M       289M
-/+ buffers/cache:       327M       664M
Swap:         8.0G         0B       8.0G

             total       used       free     shared    buffers     cached
Mem:          992M       655M       336M       3.2M        38M       289M
-/+ buffers/cache:       327M       665M
Swap:         8.0G         0B       8.0G

             total       used       free     shared    buffers     cached
Mem:          992M       655M       336M       3.2M        38M       289M
-/+ buffers/cache:       327M       665M
Swap:         8.0G         0B       8.0G

             total       used       free     shared    buffers     cached
Mem:          992M       659M       332M       3.2M        38M       289M
-/+ buffers/cache:       330M       661M
Swap:         8.0G         0B       8.0G

             total       used       free     shared    buffers     cached
Mem:          992M       680M       311M       3.2M        38M       290M
-/+ buffers/cache:       351M       640M
Swap:         8.0G         0B       8.0G

             total       used       free     shared    buffers     cached
Mem:          992M       665M       327M       3.2M        38M       291M
-/+ buffers/cache:       335M       657M
Swap:         8.0G         0B       8.0G

             total       used       free     shared    buffers     cached
Mem:          992M       665M       326M       3.2M        38M       291M
-/+ buffers/cache:       335M       656M
Swap:         8.0G         0B       8.0G

             total       used       free     shared    buffers     cached
Mem:          992M       665M       326M       3.2M        38M       291M
-/+ buffers/cache:       335M       656M
Swap:         8.0G         0B       8.0G

             total       used       free     shared    buffers     cached
Mem:          992M       665M       326M       3.2M        38M       291M
-/+ buffers/cache:       335M       656M
Swap:         8.0G         0B       8.0G

             total       used       free     shared    buffers     cached
Mem:          992M       665M       326M       3.2M        38M       291M
-/+ buffers/cache:       335M       656M
Swap:         8.0G         0B       8.0G

             total       used       free     shared    buffers     cached
Mem:          992M       665M       326M       3.2M        38M       291M
-/+ buffers/cache:       335M       656M
Swap:         8.0G         0B       8.0G

             total       used       free     shared    buffers     cached
Mem:          992M       665M       326M       3.2M        38M       291M
-/+ buffers/cache:       335M       656M
Swap:         8.0G         0B       8.0G

             total       used       free     shared    buffers     cached
Mem:          992M       665M       326M       3.2M        38M       291M
-/+ buffers/cache:       335M       656M
Swap:         8.0G         0B       8.0G

             total       used       free     shared    buffers     cached
Mem:          992M       665M       326M       3.2M        38M       291M
-/+ buffers/cache:       335M       656M
Swap:         8.0G         0B       8.0G

             total       used       free     shared    buffers     cached
Mem:          992M       665M       326M       3.2M        38M       291M
-/+ buffers/cache:       335M       656M
Swap:         8.0G         0B       8.0G

             total       used       free     shared    buffers     cached
Mem:          992M       665M       326M       3.2M        38M       291M
-/+ buffers/cache:       335M       656M
Swap:         8.0G         0B       8.0G

             total       used       free     shared    buffers     cached
Mem:          992M       665M       326M       3.2M        38M       291M
-/+ buffers/cache:       335M       656M
Swap:         8.0G         0B       8.0G

             total       used       free     shared    buffers     cached
Mem:          992M       665M       326M       3.2M        38M       291M
-/+ buffers/cache:       335M       656M
Swap:         8.0G         0B       8.0G

             total       used       free     shared    buffers     cached
Mem:          992M       665M       326M       3.2M        38M       291M
-/+ buffers/cache:       335M       656M
Swap:         8.0G         0B       8.0G

             total       used       free     shared    buffers     cached
Mem:          992M       665M       326M       3.2M        38M       291M
-/+ buffers/cache:       335M       656M
Swap:         8.0G         0B       8.0G

             total       used       free     shared    buffers     cached
Mem:          992M       665M       326M       3.2M        38M       291M
-/+ buffers/cache:       335M       656M
Swap:         8.0G         0B       8.0G

             total       used       free     shared    buffers     cached
Mem:          992M       665M       326M       3.2M        38M       291M
-/+ buffers/cache:       335M       656M
Swap:         8.0G         0B       8.0G

             total       used       free     shared    buffers     cached
Mem:          992M       665M       326M       3.2M        38M       291M
-/+ buffers/cache:       335M       656M
Swap:         8.0G         0B       8.0G

             total       used       free     shared    buffers     cached
Mem:          992M       665M       326M       3.2M        38M       291M
-/+ buffers/cache:       335M       656M
Swap:         8.0G         0B       8.0G

             total       used       free     shared    buffers     cached
Mem:          992M       665M       326M       3.2M        38M       291M
-/+ buffers/cache:       335M       656M
Swap:         8.0G         0B       8.0G

             total       used       free     shared    buffers     cached
Mem:          992M       677M       315M       3.2M        38M       291M
-/+ buffers/cache:       346M       645M
Swap:         8.0G         0B       8.0G

             total       used       free     shared    buffers     cached
Mem:          992M       691M       300M       3.2M        38M       291M
-/+ buffers/cache:       361M       631M
Swap:         8.0G         0B       8.0G

             total       used       free     shared    buffers     cached
Mem:          992M       706M       286M       3.2M        38M       291M
-/+ buffers/cache:       375M       616M
Swap:         8.0G         0B       8.0G

             total       used       free     shared    buffers     cached
Mem:          992M       720M       271M       3.2M        38M       291M
-/+ buffers/cache:       389M       602M
Swap:         8.0G         0B       8.0G

             total       used       free     shared    buffers     cached
Mem:          992M       737M       255M       3.2M        38M       291M
-/+ buffers/cache:       406M       585M
Swap:         8.0G         0B       8.0G

             total       used       free     shared    buffers     cached
Mem:          992M       754M       237M       3.2M        38M       291M
-/+ buffers/cache:       423M       568M
Swap:         8.0G         0B       8.0G

             total       used       free     shared    buffers     cached
Mem:          992M       769M       223M       3.2M        38M       291M
-/+ buffers/cache:       438M       553M
Swap:         8.0G         0B       8.0G

             total       used       free     shared    buffers     cached
Mem:          992M       785M       206M       3.2M        38M       291M
-/+ buffers/cache:       455M       536M
Swap:         8.0G         0B       8.0G

             total       used       free     shared    buffers     cached
Mem:          992M       802M       189M       3.2M        38M       291M
-/+ buffers/cache:       472M       519M
Swap:         8.0G         0B       8.0G

             total       used       free     shared    buffers     cached
Mem:          992M       818M       173M       3.2M        38M       291M
-/+ buffers/cache:       488M       503M
Swap:         8.0G         0B       8.0G

             total       used       free     shared    buffers     cached
Mem:          992M       836M       156M       3.2M        38M       291M
-/+ buffers/cache:       505M       486M
Swap:         8.0G         0B       8.0G

             total       used       free     shared    buffers     cached
Mem:          992M       850M       141M       3.2M        38M       291M
-/+ buffers/cache:       520M       471M
Swap:         8.0G         0B       8.0G

             total       used       free     shared    buffers     cached
Mem:          992M       866M       125M       3.2M        38M       291M
-/+ buffers/cache:       536M       455M
Swap:         8.0G         0B       8.0G

             total       used       free     shared    buffers     cached
Mem:          992M       883M       108M       3.2M        38M       291M
-/+ buffers/cache:       553M       438M
Swap:         8.0G         0B       8.0G

             total       used       free     shared    buffers     cached
Mem:          992M       897M        95M       3.2M        38M       291M
-/+ buffers/cache:       566M       425M
Swap:         8.0G         0B       8.0G

             total       used       free     shared    buffers     cached
Mem:          992M       914M        78M       3.2M        38M       291M
-/+ buffers/cache:       583M       408M
Swap:         8.0G         0B       8.0G

             total       used       free     shared    buffers     cached
Mem:          992M       932M        60M       3.2M        38M       291M
-/+ buffers/cache:       601M       390M
Swap:         8.0G         0B       8.0G

             total       used       free     shared    buffers     cached
Mem:          992M       931M        60M       3.2M        21M       290M
-/+ buffers/cache:       619M       372M
Swap:         8.0G         0B       8.0G

             total       used       free     shared    buffers     cached
Mem:          992M       928M        63M       3.2M        10M       283M
-/+ buffers/cache:       634M       357M
Swap:         8.0G         0B       8.0G

             total       used       free     shared    buffers     cached
Mem:          992M       926M        65M       3.2M       9.9M       265M
-/+ buffers/cache:       650M       341M
Swap:         8.0G        76K       8.0G

             total       used       free     shared    buffers     cached
Mem:          992M       921M        70M       3.1M       9.8M       246M
-/+ buffers/cache:       665M       326M
Swap:         8.0G       172K       8.0G

             total       used       free     shared    buffers     cached
Mem:          992M       924M        67M       3.0M       9.8M       233M
-/+ buffers/cache:       681M       310M
Swap:         8.0G       3.4M       8.0G

             total       used       free     shared    buffers     cached
Mem:          992M       911M        80M       2.9M       9.8M       208M
-/+ buffers/cache:       693M       298M
Swap:         8.0G       7.4M       8.0G

             total       used       free     shared    buffers     cached
Mem:          992M       927M        64M       2.9M       9.8M       208M
-/+ buffers/cache:       709M       282M
Swap:         8.0G       7.4M       8.0G

             total       used       free     shared    buffers     cached
Mem:          992M       929M        62M       2.9M       3.0M       201M
-/+ buffers/cache:       724M       267M
Swap:         8.0G       7.4M       8.0G

             total       used       free     shared    buffers     cached
Mem:          992M       919M        73M       2.9M       320K       177M
-/+ buffers/cache:       740M       251M
Swap:         8.0G       7.4M       8.0G

             total       used       free     shared    buffers     cached
Mem:          992M       912M        79M       2.9M       248K       157M
-/+ buffers/cache:       754M       237M
Swap:         8.0G       7.4M       8.0G

             total       used       free     shared    buffers     cached
Mem:          992M       928M        63M       2.9M       248K       157M
-/+ buffers/cache:       771M       221M
Swap:         8.0G       7.4M       8.0G

             total       used       free     shared    buffers     cached
Mem:          992M       920M        71M       2.9M       236K       138M
-/+ buffers/cache:       781M       210M
Swap:         8.0G       7.3M       8.0G

             total       used       free     shared    buffers     cached
Mem:          992M       916M        75M       2.9M        76K       122M
-/+ buffers/cache:       794M       197M
Swap:         8.0G       7.3M       8.0G

             total       used       free     shared    buffers     cached
Mem:          992M       917M        75M       2.9M        80K       108M
-/+ buffers/cache:       808M       183M
Swap:         8.0G       7.3M       8.0G

             total       used       free     shared    buffers     cached
Mem:          992M       918M        73M       2.9M        80K        95M
-/+ buffers/cache:       823M       169M
Swap:         8.0G       7.3M       8.0G

             total       used       free     shared    buffers     cached
Mem:          992M       912M        79M       2.9M        80K        74M
-/+ buffers/cache:       837M       154M
Swap:         8.0G       7.3M       8.0G

             total       used       free     shared    buffers     cached
Mem:          992M       928M        63M       2.9M        80K        74M
-/+ buffers/cache:       853M       138M
Swap:         8.0G       7.3M       8.0G

             total       used       free     shared    buffers     cached
Mem:          992M       926M        66M       2.9M        92K        58M
-/+ buffers/cache:       867M       124M
Swap:         8.0G       7.3M       8.0G

             total       used       free     shared    buffers     cached
Mem:          992M       928M        63M       2.9M       100K        45M
-/+ buffers/cache:       882M       109M
Swap:         8.0G       7.3M       8.0G

             total       used       free     shared    buffers     cached
Mem:          992M       925M        66M       2.9M       372K        27M
-/+ buffers/cache:       897M        94M
Swap:         8.0G       7.3M       8.0G

             total       used       free     shared    buffers     cached
Mem:          992M       929M        62M       2.9M       508K        16M
-/+ buffers/cache:       912M        79M
Swap:         8.0G       7.4M       8.0G

             total       used       free     shared    buffers     cached
Mem:          992M       924M        67M       2.5M       2.2M        14M
-/+ buffers/cache:       908M        83M
Swap:         8.0G        35M       8.0G

             total       used       free     shared    buffers     cached
Mem:          992M       925M        67M       2.5M       152K        11M
-/+ buffers/cache:       913M        78M
Swap:         8.0G        36M       8.0G

             total       used       free     shared    buffers     cached
Mem:          992M       893M        98M       2.4M       108K       9.8M
-/+ buffers/cache:       883M       108M
Swap:         8.0G       101M       7.9G

             total       used       free     shared    buffers     cached
Mem:          992M       907M        84M       2.4M       112K       9.9M
-/+ buffers/cache:       897M        94M
Swap:         8.0G       101M       7.9G

             total       used       free     shared    buffers     cached
Mem:          992M       920M        71M       2.4M       112K        10M
-/+ buffers/cache:       910M        81M
Swap:         8.0G       101M       7.9G

             total       used       free     shared    buffers     cached
Mem:          992M       922M        69M       2.4M       112K       6.2M
-/+ buffers/cache:       915M        76M
Swap:         8.0G       102M       7.9G

             total       used       free     shared    buffers     cached
Mem:          992M       924M        67M       2.4M       508K       6.2M
-/+ buffers/cache:       917M        74M
Swap:         8.0G       104M       7.9G

             total       used       free     shared    buffers     cached
Mem:          992M       922M        70M       2.4M       512K       6.0M
-/+ buffers/cache:       915M        76M
Swap:         8.0G       136M       7.9G

             total       used       free     shared    buffers     cached
Mem:          992M       922M        70M       2.4M       512K       6.0M
-/+ buffers/cache:       915M        76M
Swap:         8.0G       136M       7.9G

             total       used       free     shared    buffers     cached
Mem:          992M       924M        67M       2.4M       512K       5.8M
-/+ buffers/cache:       918M        73M
Swap:         8.0G       150M       7.8G

             total       used       free     shared    buffers     cached
Mem:          992M       925M        67M       2.4M       512K       5.5M
-/+ buffers/cache:       919M        73M
Swap:         8.0G       160M       7.8G

             total       used       free     shared    buffers     cached
Mem:          992M       920M        72M       2.4M       512K       5.5M
-/+ buffers/cache:       914M        78M
Swap:         8.0G       186M       7.8G

             total       used       free     shared    buffers     cached
Mem:          992M       919M        73M       2.4M       520K       4.9M
-/+ buffers/cache:       913M        78M
Swap:         8.0G       215M       7.8G

             total       used       free     shared    buffers     cached
Mem:          992M       915M        76M       2.4M       480K       4.9M
-/+ buffers/cache:       910M        82M
Swap:         8.0G       215M       7.8G

             total       used       free     shared    buffers     cached
Mem:          992M       929M        62M       2.4M       480K       4.9M
-/+ buffers/cache:       924M        68M
Swap:         8.0G       215M       7.8G

             total       used       free     shared    buffers     cached
Mem:          992M       917M        74M       2.3M        84K        20M
-/+ buffers/cache:       896M        95M
Swap:         8.0G       254M       7.7G

             total       used       free     shared    buffers     cached
Mem:          992M       926M        65M       2.3M       552K        22M
-/+ buffers/cache:       903M        88M
Swap:         8.0G       254M       7.7G

             total       used       free     shared    buffers     cached
Mem:          992M       916M        75M       2.2M       552K        20M
-/+ buffers/cache:       895M        96M
Swap:         8.0G       282M       7.7G

             total       used       free     shared    buffers     cached
Mem:          992M       919M        73M       2.2M       560K        20M
-/+ buffers/cache:       898M        94M
Swap:         8.0G       282M       7.7G

             total       used       free     shared    buffers     cached
Mem:          992M       925M        67M       2.2M       560K        20M
-/+ buffers/cache:       903M        88M
Swap:         8.0G       282M       7.7G

             total       used       free     shared    buffers     cached
Mem:          992M       930M        61M       2.2M       560K        20M
-/+ buffers/cache:       909M        82M
Swap:         8.0G       282M       7.7G

             total       used       free     shared    buffers     cached
Mem:          992M       925M        66M       2.2M       560K        20M
-/+ buffers/cache:       904M        87M
Swap:         8.0G       282M       7.7G

             total       used       free     shared    buffers     cached
Mem:          992M       930M        61M       2.2M       560K        20M
-/+ buffers/cache:       909M        82M
Swap:         8.0G       282M       7.7G

             total       used       free     shared    buffers     cached
Mem:          992M       923M        69M       2.2M       528K        17M
-/+ buffers/cache:       904M        87M
Swap:         8.0G       297M       7.7G

             total       used       free     shared    buffers     cached
Mem:          992M       928M        64M       2.2M       528K        17M
-/+ buffers/cache:       909M        82M
Swap:         8.0G       297M       7.7G

             total       used       free     shared    buffers     cached
Mem:          992M       920M        71M       2.2M        76K       9.3M
-/+ buffers/cache:       911M        81M
Swap:         8.0G       298M       7.7G

             total       used       free     shared    buffers     cached
Mem:          992M       924M        67M       2.2M        84K       9.3M
-/+ buffers/cache:       914M        77M
Swap:         8.0G       298M       7.7G

             total       used       free     shared    buffers     cached
Mem:          992M       929M        62M       2.2M        88K       9.3M
-/+ buffers/cache:       919M        72M
Swap:         8.0G       298M       7.7G

             total       used       free     shared    buffers     cached
Mem:          992M       921M        70M       2.2M        96K       4.8M
-/+ buffers/cache:       916M        75M
Swap:         8.0G       302M       7.7G

             total       used       free     shared    buffers     cached
Mem:          992M       926M        66M       2.2M        96K       4.8M
-/+ buffers/cache:       921M        71M
Swap:         8.0G       302M       7.7G

             total       used       free     shared    buffers     cached
Mem:          992M       930M        61M       2.2M        96K       4.8M
-/+ buffers/cache:       925M        66M
Swap:         8.0G       302M       7.7G

             total       used       free     shared    buffers     cached
Mem:          992M       914M        78M       2.2M        96K       4.4M
-/+ buffers/cache:       909M        82M
Swap:         8.0G       324M       7.7G

             total       used       free     shared    buffers     cached
Mem:          992M       918M        73M       2.2M        96K       4.4M
-/+ buffers/cache:       913M        78M
Swap:         8.0G       324M       7.7G

             total       used       free     shared    buffers     cached
Mem:          992M       921M        70M       2.2M        96K       4.4M
-/+ buffers/cache:       917M        74M
Swap:         8.0G       324M       7.7G

             total       used       free     shared    buffers     cached
Mem:          992M       925M        66M       2.2M       104K       4.4M
-/+ buffers/cache:       921M        71M
Swap:         8.0G       324M       7.7G

             total       used       free     shared    buffers     cached
Mem:          992M       929M        62M       2.2M       104K       4.4M
-/+ buffers/cache:       925M        67M
Swap:         8.0G       324M       7.7G

             total       used       free     shared    buffers     cached
Mem:          992M       914M        77M       2.2M       104K       4.3M
-/+ buffers/cache:       910M        81M
Swap:         8.0G       343M       7.7G

             total       used       free     shared    buffers     cached
Mem:          992M       920M        71M       2.2M       104K       4.5M
-/+ buffers/cache:       916M        76M
Swap:         8.0G       339M       7.7G

             total       used       free     shared    buffers     cached
Mem:          992M       923M        68M         8K       104K       2.0M
-/+ buffers/cache:       921M        70M
Swap:         8.0G       335M       7.7G

             total       used       free     shared    buffers     cached
Mem:          992M       924M        67M         8K       112K       2.5M
-/+ buffers/cache:       922M        70M
Swap:         8.0G       336M       7.7G

             total       used       free     shared    buffers     cached
Mem:          992M       926M        65M         8K       112K       2.2M
-/+ buffers/cache:       924M        67M
Swap:         8.0G       324M       7.7G

             total       used       free     shared    buffers     cached
Mem:          992M       929M        62M         8K       104K       2.1M
-/+ buffers/cache:       927M        64M
Swap:         8.0G       321M       7.7G

             total       used       free     shared    buffers     cached
Mem:          992M       926M        65M         0B        92K       1.9M
-/+ buffers/cache:       924M        67M
Swap:         8.0G       324M       7.7G

             total       used       free     shared    buffers     cached
Mem:          992M       921M        70M         0B        92K       1.9M
-/+ buffers/cache:       919M        72M
Swap:         8.0G       327M       7.7G

             total       used       free     shared    buffers     cached
Mem:          992M       919M        72M         0B       100K       1.9M
-/+ buffers/cache:       917M        74M
Swap:         8.0G       332M       7.7G

             total       used       free     shared    buffers     cached
Mem:          992M       915M        76M         0B       100K       1.9M
-/+ buffers/cache:       913M        78M
Swap:         8.0G       335M       7.7G

             total       used       free     shared    buffers     cached
Mem:          992M       921M        70M         0B       100K       1.8M
-/+ buffers/cache:       919M        72M
Swap:         8.0G       328M       7.7G

             total       used       free     shared    buffers     cached
Mem:          992M       920M        71M         0B       100K       1.8M
-/+ buffers/cache:       918M        73M
Swap:         8.0G       331M       7.7G

             total       used       free     shared    buffers     cached
Mem:          992M       917M        74M         0B        84K       1.7M
-/+ buffers/cache:       915M        76M
Swap:         8.0G       343M       7.7G

             total       used       free     shared    buffers     cached
Mem:          992M       922M        69M         0B        80K       1.8M
-/+ buffers/cache:       920M        71M
Swap:         8.0G       334M       7.7G

             total       used       free     shared    buffers     cached
Mem:          992M       926M        66M         0B        88K       1.7M
-/+ buffers/cache:       924M        67M
Swap:         8.0G       441M       7.6G

             total       used       free     shared    buffers     cached
Mem:          992M       920M        71M         0B        88K       1.7M
-/+ buffers/cache:       919M        73M
Swap:         8.0G       418M       7.6G

             total       used       free     shared    buffers     cached
Mem:          992M       875M       116M         0B       372K       9.2M
-/+ buffers/cache:       865M       126M
Swap:         8.0G       417M       7.6G

             total       used       free     shared    buffers     cached
Mem:          992M       929M        62M        28K       236K        28M
-/+ buffers/cache:       900M        91M
Swap:         8.0G       369M       7.6G

             total       used       free     shared    buffers     cached
Mem:          992M       920M        71M        28K       464K        11M
-/+ buffers/cache:       909M        83M
Swap:         8.0G       360M       7.6G

             total       used       free     shared    buffers     cached
Mem:          992M       918M        73M        28K       344K       2.5M
-/+ buffers/cache:       916M        76M
Swap:         8.0G       348M       7.7G

             total       used       free     shared    buffers     cached
Mem:          992M       922M        69M        28K       348K       2.8M
-/+ buffers/cache:       919M        72M
Swap:         8.0G       347M       7.7G

             total       used       free     shared    buffers     cached
Mem:          992M       926M        65M        28K       348K       2.9M
-/+ buffers/cache:       923M        68M
Swap:         8.0G       345M       7.7G

             total       used       free     shared    buffers     cached
Mem:          992M       920M        71M        28K       348K       2.9M
-/+ buffers/cache:       917M        74M
Swap:         8.0G       360M       7.6G

             total       used       free     shared    buffers     cached
Mem:          992M       924M        68M        28K       348K       2.5M
-/+ buffers/cache:       921M        70M
Swap:         8.0G       365M       7.6G

             total       used       free     shared    buffers     cached
Mem:          992M       930M        61M        28K       488K       3.2M
-/+ buffers/cache:       927M        65M
Swap:         8.0G       365M       7.6G

             total       used       free     shared    buffers     cached
Mem:          992M       915M        76M        28K       488K       2.6M
-/+ buffers/cache:       912M        79M
Swap:         8.0G       386M       7.6G

             total       used       free     shared    buffers     cached
Mem:          992M       920M        72M        28K       488K       2.8M
-/+ buffers/cache:       916M        75M
Swap:         8.0G       386M       7.6G

             total       used       free     shared    buffers     cached
Mem:          992M       925M        66M        28K       488K       2.8M
-/+ buffers/cache:       922M        69M
Swap:         8.0G       386M       7.6G

             total       used       free     shared    buffers     cached
Mem:          992M       931M        61M        28K       488K       2.8M
-/+ buffers/cache:       927M        64M
Swap:         8.0G       386M       7.6G

             total       used       free     shared    buffers     cached
Mem:          992M       921M        70M        28K       488K       2.8M
-/+ buffers/cache:       918M        73M
Swap:         8.0G       396M       7.6G

             total       used       free     shared    buffers     cached
Mem:          992M       924M        67M        28K       496K       2.8M
-/+ buffers/cache:       920M        71M
Swap:         8.0G       396M       7.6G

             total       used       free     shared    buffers     cached
Mem:          992M       926M        65M        28K       496K       2.8M
-/+ buffers/cache:       923M        69M
Swap:         8.0G       395M       7.6G

             total       used       free     shared    buffers     cached
Mem:          992M       928M        63M        28K       496K       2.9M
-/+ buffers/cache:       924M        67M
Swap:         8.0G       394M       7.6G

             total       used       free     shared    buffers     cached
Mem:          992M       930M        62M        28K       496K       2.8M
-/+ buffers/cache:       926M        65M
Swap:         8.0G       393M       7.6G

             total       used       free     shared    buffers     cached
Mem:          992M       913M        78M        28K       496K       2.8M
-/+ buffers/cache:       910M        82M
Swap:         8.0G       417M       7.6G

             total       used       free     shared    buffers     cached
Mem:          992M       914M        77M        28K       504K       2.8M
-/+ buffers/cache:       911M        80M
Swap:         8.0G       416M       7.6G

             total       used       free     shared    buffers     cached
Mem:          992M       916M        75M        28K       504K       2.8M
-/+ buffers/cache:       913M        78M
Swap:         8.0G       415M       7.6G

             total       used       free     shared    buffers     cached
Mem:          992M       918M        73M        28K       504K       2.8M
-/+ buffers/cache:       915M        76M
Swap:         8.0G       415M       7.6G

             total       used       free     shared    buffers     cached
Mem:          992M       920M        71M        28K       504K       2.9M
-/+ buffers/cache:       917M        75M
Swap:         8.0G       414M       7.6G

             total       used       free     shared    buffers     cached
Mem:          992M       908M        83M        28K        84K        20M
-/+ buffers/cache:       887M       104M
Swap:         8.0G       435M       7.6G

             total       used       free     shared    buffers     cached
Mem:          992M       910M        81M        28K       672K        20M
-/+ buffers/cache:       889M       102M
Swap:         8.0G       434M       7.6G

             total       used       free     shared    buffers     cached
Mem:          992M       912M        79M        28K       672K        20M
-/+ buffers/cache:       891M       100M
Swap:         8.0G       433M       7.6G

             total       used       free     shared    buffers     cached
Mem:          992M       914M        77M        28K       672K        20M
-/+ buffers/cache:       893M        99M
Swap:         8.0G       433M       7.6G

             total       used       free     shared    buffers     cached
Mem:          992M       916M        76M        28K       672K        20M
-/+ buffers/cache:       894M        97M
Swap:         8.0G       432M       7.6G

             total       used       free     shared    buffers     cached
Mem:          992M       917M        74M        28K       672K        20M
-/+ buffers/cache:       896M        95M
Swap:         8.0G       431M       7.6G

             total       used       free     shared    buffers     cached
Mem:          992M       919M        72M        28K       680K        20M
-/+ buffers/cache:       898M        93M
Swap:         8.0G       430M       7.6G

             total       used       free     shared    buffers     cached
Mem:          992M       921M        70M        28K       680K        20M
-/+ buffers/cache:       900M        92M
Swap:         8.0G       430M       7.6G

             total       used       free     shared    buffers     cached
Mem:          992M       923M        68M        28K       680K        20M
-/+ buffers/cache:       901M        90M
Swap:         8.0G       429M       7.6G

             total       used       free     shared    buffers     cached
Mem:          992M       924M        67M        28K       680K        20M
-/+ buffers/cache:       903M        88M
Swap:         8.0G       428M       7.6G

             total       used       free     shared    buffers     cached
Mem:          992M       926M        65M        28K       680K        20M
-/+ buffers/cache:       905M        86M
Swap:         8.0G       428M       7.6G

             total       used       free     shared    buffers     cached
Mem:          992M       928M        63M        28K       680K        20M
-/+ buffers/cache:       907M        85M
Swap:         8.0G       427M       7.6G

             total       used       free     shared    buffers     cached
Mem:          992M       930M        61M        28K       688K        20M
-/+ buffers/cache:       908M        83M
Swap:         8.0G       426M       7.6G

             total       used       free     shared    buffers     cached
Mem:          992M       911M        80M        28K       632K        18M
-/+ buffers/cache:       892M        99M
Swap:         8.0G       437M       7.6G

             total       used       free     shared    buffers     cached
Mem:          992M       913M        78M        28K       640K        18M
-/+ buffers/cache:       894M        98M
Swap:         8.0G       436M       7.6G

             total       used       free     shared    buffers     cached
Mem:          992M       915M        76M        28K       640K        18M
-/+ buffers/cache:       895M        96M
Swap:         8.0G       435M       7.6G

             total       used       free     shared    buffers     cached
Mem:          992M       917M        74M        28K       640K        18M
-/+ buffers/cache:       898M        94M
Swap:         8.0G       434M       7.6G

             total       used       free     shared    buffers     cached
Mem:          992M       919M        72M        28K       648K        18M
-/+ buffers/cache:       899M        92M
Swap:         8.0G       434M       7.6G

             total       used       free     shared    buffers     cached
Mem:          992M       920M        71M        28K       648K        18M
-/+ buffers/cache:       901M        90M
Swap:         8.0G       433M       7.6G

             total       used       free     shared    buffers     cached
Mem:          992M       922M        69M        28K       648K        18M
-/+ buffers/cache:       903M        89M
Swap:         8.0G       432M       7.6G

             total       used       free     shared    buffers     cached
Mem:          992M       924M        67M        28K       648K        18M
-/+ buffers/cache:       904M        87M
Swap:         8.0G       431M       7.6G

             total       used       free     shared    buffers     cached
Mem:          992M       926M        66M        28K       648K        18M
-/+ buffers/cache:       906M        85M
Swap:         8.0G       431M       7.6G

             total       used       free     shared    buffers     cached
Mem:          992M       927M        64M        28K       656K        18M
-/+ buffers/cache:       908M        84M
Swap:         8.0G       430M       7.6G

             total       used       free     shared    buffers     cached
Mem:          992M       929M        62M        28K       656K        18M
-/+ buffers/cache:       910M        82M
Swap:         8.0G       429M       7.6G

             total       used       free     shared    buffers     cached
Mem:          992M       931M        60M        28K       656K        18M
-/+ buffers/cache:       911M        80M
Swap:         8.0G       428M       7.6G

             total       used       free     shared    buffers     cached
Mem:          992M       914M        77M        28K       656K        16M
-/+ buffers/cache:       897M        94M
Swap:         8.0G       442M       7.6G

             total       used       free     shared    buffers     cached
Mem:          992M       916M        75M        28K       656K        16M
-/+ buffers/cache:       899M        92M
Swap:         8.0G       441M       7.6G

             total       used       free     shared    buffers     cached
Mem:          992M       917M        74M        28K       656K        16M
-/+ buffers/cache:       901M        90M
Swap:         8.0G       440M       7.6G

             total       used       free     shared    buffers     cached
Mem:          992M       920M        71M        28K       668K        17M
-/+ buffers/cache:       902M        89M
Swap:         8.0G       440M       7.6G

             total       used       free     shared    buffers     cached
Mem:          992M       921M        70M        28K       668K        17M
-/+ buffers/cache:       903M        89M
Swap:         8.0G       439M       7.6G

             total       used       free     shared    buffers     cached
Mem:          992M       922M        69M        28K       668K        17M
-/+ buffers/cache:       904M        88M
Swap:         8.0G       439M       7.6G

             total       used       free     shared    buffers     cached
Mem:          992M       923M        68M        28K       668K        17M
-/+ buffers/cache:       905M        86M
Swap:         8.0G       439M       7.6G

             total       used       free     shared    buffers     cached
Mem:          992M       924M        67M        28K       668K        17M
-/+ buffers/cache:       906M        85M
Swap:         8.0G       438M       7.6G

             total       used       free     shared    buffers     cached
Mem:          992M       925M        66M        28K       676K        17M
-/+ buffers/cache:       907M        84M
Swap:         8.0G       438M       7.6G

             total       used       free     shared    buffers     cached
Mem:          992M       926M        65M        28K       676K        17M
-/+ buffers/cache:       908M        83M
Swap:         8.0G       437M       7.6G

             total       used       free     shared    buffers     cached
Mem:          992M       929M        62M        28K       964K        18M
-/+ buffers/cache:       910M        81M
Swap:         8.0G       436M       7.6G

             total       used       free     shared    buffers     cached
Mem:          992M       916M        75M        28K       168K        26M
-/+ buffers/cache:       890M       101M
Swap:         8.0G       465M       7.5G

             total       used       free     shared    buffers     cached
Mem:          992M       920M        72M        28K       300K        28M
-/+ buffers/cache:       891M       100M
Swap:         8.0G       465M       7.5G

             total       used       free     shared    buffers     cached
Mem:          992M       920M        71M        28K       300K        28M
-/+ buffers/cache:       892M        99M
Swap:         8.0G       464M       7.5G

             total       used       free     shared    buffers     cached
Mem:          992M       921M        70M        28K       300K        28M
-/+ buffers/cache:       893M        98M
Swap:         8.0G       463M       7.5G

             total       used       free     shared    buffers     cached
Mem:          992M       923M        69M        28K       300K        28M
-/+ buffers/cache:       894M        97M
Swap:         8.0G       463M       7.5G

             total       used       free     shared    buffers     cached
Mem:          992M       924M        68M        28K       300K        28M
-/+ buffers/cache:       895M        96M
Swap:         8.0G       463M       7.5G

             total       used       free     shared    buffers     cached
Mem:          992M       925M        66M        28K       308K        28M
-/+ buffers/cache:       896M        95M
Swap:         8.0G       462M       7.5G

             total       used       free     shared    buffers     cached
Mem:          992M       926M        65M        28K       308K        28M
-/+ buffers/cache:       897M        94M
Swap:         8.0G       462M       7.5G

             total       used       free     shared    buffers     cached
Mem:          992M       929M        63M        28K       308K        29M
-/+ buffers/cache:       899M        92M
Swap:         8.0G       461M       7.5G

             total       used       free     shared    buffers     cached
Mem:          992M       930M        61M        28K       308K        29M
-/+ buffers/cache:       900M        91M
Swap:         8.0G       460M       7.5G

             total       used       free     shared    buffers     cached
Mem:          992M       931M        61M        28K       308K        29M
-/+ buffers/cache:       901M        90M
Swap:         8.0G       460M       7.5G

             total       used       free     shared    buffers     cached
Mem:          992M       913M        78M        28K       240K        26M
-/+ buffers/cache:       887M       104M
Swap:         8.0G       464M       7.5G

             total       used       free     shared    buffers     cached
Mem:          992M       914M        77M        28K       240K        26M
-/+ buffers/cache:       888M       103M
Swap:         8.0G       464M       7.5G

             total       used       free     shared    buffers     cached
Mem:          992M       915M        76M        28K       240K        26M
-/+ buffers/cache:       889M       103M
Swap:         8.0G       463M       7.5G

             total       used       free     shared    buffers     cached
Mem:          992M       916M        75M        28K       240K        26M
-/+ buffers/cache:       890M       101M
Swap:         8.0G       463M       7.5G

             total       used       free     shared    buffers     cached
Mem:          992M       917M        74M        28K       240K        26M
-/+ buffers/cache:       891M       100M
Swap:         8.0G       462M       7.5G

             total       used       free     shared    buffers     cached
Mem:          992M       918M        73M        28K       240K        26M
-/+ buffers/cache:       892M       100M
Swap:         8.0G       462M       7.5G

             total       used       free     shared    buffers     cached
Mem:          992M       919M        72M        28K       248K        26M
-/+ buffers/cache:       893M        98M
Swap:         8.0G       461M       7.5G

             total       used       free     shared    buffers     cached
Mem:          992M       920M        71M        28K       248K        26M
-/+ buffers/cache:       894M        97M
Swap:         8.0G       461M       7.5G

             total       used       free     shared    buffers     cached
Mem:          992M       921M        70M        28K       248K        26M
-/+ buffers/cache:       895M        96M
Swap:         8.0G       460M       7.5G

             total       used       free     shared    buffers     cached
Mem:          992M       922M        69M        28K       248K        26M
-/+ buffers/cache:       896M        95M
Swap:         8.0G       460M       7.5G

             total       used       free     shared    buffers     cached
Mem:          992M       924M        68M        28K       248K        26M
-/+ buffers/cache:       897M        94M
Swap:         8.0G       459M       7.5G

             total       used       free     shared    buffers     cached
Mem:          992M       925M        67M        28K       256K        26M
-/+ buffers/cache:       898M        93M
Swap:         8.0G       459M       7.5G

             total       used       free     shared    buffers     cached
Mem:          992M       926M        65M        28K       256K        26M
-/+ buffers/cache:       900M        92M
Swap:         8.0G       458M       7.5G

             total       used       free     shared    buffers     cached
Mem:          992M       916M        75M        28K       256K        29M
-/+ buffers/cache:       886M       105M
Swap:         8.0G       479M       7.5G

             total       used       free     shared    buffers     cached
Mem:          992M       917M        74M        28K       572K        29M
-/+ buffers/cache:       887M       104M
Swap:         8.0G       479M       7.5G

             total       used       free     shared    buffers     cached
Mem:          992M       919M        73M        28K       572K        29M
-/+ buffers/cache:       888M       103M
Swap:         8.0G       478M       7.5G

             total       used       free     shared    buffers     cached
Mem:          992M       920M        72M        28K       572K        29M
-/+ buffers/cache:       889M       102M
Swap:         8.0G       478M       7.5G

             total       used       free     shared    buffers     cached
Mem:          992M       921M        70M        28K       580K        29M
-/+ buffers/cache:       891M       101M
Swap:         8.0G       477M       7.5G

             total       used       free     shared    buffers     cached
Mem:          992M       922M        69M        28K       580K        29M
-/+ buffers/cache:       892M       100M
Swap:         8.0G       477M       7.5G

             total       used       free     shared    buffers     cached
Mem:          992M       923M        68M        28K       580K        29M
-/+ buffers/cache:       893M        98M
Swap:         8.0G       476M       7.5G

             total       used       free     shared    buffers     cached
Mem:          992M       924M        67M        28K       580K        29M
-/+ buffers/cache:       894M        97M
Swap:         8.0G       476M       7.5G

             total       used       free     shared    buffers     cached
Mem:          992M       925M        66M        28K       580K        29M
-/+ buffers/cache:       895M        96M
Swap:         8.0G       475M       7.5G

             total       used       free     shared    buffers     cached
Mem:          992M       926M        65M        28K       588K        29M
-/+ buffers/cache:       896M        95M
Swap:         8.0G       475M       7.5G

             total       used       free     shared    buffers     cached
Mem:          992M       927M        64M        28K       588K        29M
-/+ buffers/cache:       897M        94M
Swap:         8.0G       474M       7.5G

             total       used       free     shared    buffers     cached
Mem:          992M       929M        62M        28K       588K        29M
-/+ buffers/cache:       899M        93M
Swap:         8.0G       474M       7.5G

             total       used       free     shared    buffers     cached
Mem:          992M       930M        61M        28K       588K        29M
-/+ buffers/cache:       900M        92M
Swap:         8.0G       473M       7.5G

             total       used       free     shared    buffers     cached
Mem:          992M       920M        71M        28K       576K        29M
-/+ buffers/cache:       890M       101M
Swap:         8.0G       476M       7.5G

             total       used       free     shared    buffers     cached
Mem:          992M       921M        71M        28K       576K        29M
-/+ buffers/cache:       891M       101M
Swap:         8.0G       475M       7.5G

             total       used       free     shared    buffers     cached
Mem:          992M       922M        70M        28K       584K        29M
-/+ buffers/cache:       892M       100M
Swap:         8.0G       475M       7.5G

             total       used       free     shared    buffers     cached
Mem:          992M       923M        68M        28K       584K        29M
-/+ buffers/cache:       893M        98M
Swap:         8.0G       474M       7.5G

             total       used       free     shared    buffers     cached
Mem:          992M       924M        67M        28K       584K        29M
-/+ buffers/cache:       894M        97M
Swap:         8.0G       474M       7.5G

             total       used       free     shared    buffers     cached
Mem:          992M       925M        66M        28K       584K        29M
-/+ buffers/cache:       895M        96M
Swap:         8.0G       473M       7.5G

             total       used       free     shared    buffers     cached
Mem:          992M       926M        65M        28K       584K        29M
-/+ buffers/cache:       896M        95M
Swap:         8.0G       473M       7.5G

             total       used       free     shared    buffers     cached
Mem:          992M       928M        64M        28K       592K        29M
-/+ buffers/cache:       898M        94M
Swap:         8.0G       472M       7.5G

             total       used       free     shared    buffers     cached
Mem:          992M       929M        62M        28K       592K        29M
-/+ buffers/cache:       899M        92M
Swap:         8.0G       471M       7.5G

             total       used       free     shared    buffers     cached
Mem:          992M       930M        61M        28K       592K        29M
-/+ buffers/cache:       900M        91M
Swap:         8.0G       471M       7.5G

             total       used       free     shared    buffers     cached
Mem:          992M       909M        82M        28K       592K        27M
-/+ buffers/cache:       881M       111M
Swap:         8.0G       497M       7.5G

             total       used       free     shared    buffers     cached
Mem:          992M       910M        81M        28K       592K        27M
-/+ buffers/cache:       881M       110M
Swap:         8.0G       497M       7.5G

             total       used       free     shared    buffers     cached
Mem:          992M       911M        80M        28K       592K        27M
-/+ buffers/cache:       883M       108M
Swap:         8.0G       496M       7.5G

             total       used       free     shared    buffers     cached
Mem:          992M       912M        79M        28K       600K        27M
-/+ buffers/cache:       884M       107M
Swap:         8.0G       496M       7.5G

             total       used       free     shared    buffers     cached
Mem:          992M       914M        78M        28K       600K        27M
-/+ buffers/cache:       885M       106M
Swap:         8.0G       495M       7.5G

             total       used       free     shared    buffers     cached
Mem:          992M       915M        76M        28K       600K        27M
-/+ buffers/cache:       886M       105M
Swap:         8.0G       495M       7.5G

             total       used       free     shared    buffers     cached
Mem:          992M       916M        75M        28K       600K        27M
-/+ buffers/cache:       888M       104M
Swap:         8.0G       494M       7.5G

             total       used       free     shared    buffers     cached
Mem:          992M       917M        74M        28K       600K        27M
-/+ buffers/cache:       889M       102M
Swap:         8.0G       493M       7.5G

             total       used       free     shared    buffers     cached
Mem:          992M       919M        72M        28K       608K        27M
-/+ buffers/cache:       890M       101M
Swap:         8.0G       493M       7.5G

             total       used       free     shared    buffers     cached
Mem:          992M       920M        72M        28K       608K        27M
-/+ buffers/cache:       891M       100M
Swap:         8.0G       492M       7.5G

             total       used       free     shared    buffers     cached
Mem:          992M       921M        70M        28K       608K        27M
-/+ buffers/cache:       892M        99M
Swap:         8.0G       492M       7.5G

             total       used       free     shared    buffers     cached
Mem:          992M       922M        69M        28K       608K        27M
-/+ buffers/cache:       893M        98M
Swap:         8.0G       491M       7.5G

             total       used       free     shared    buffers     cached
Mem:          992M       923M        68M        28K       608K        27M
-/+ buffers/cache:       894M        97M
Swap:         8.0G       490M       7.5G

             total       used       free     shared    buffers     cached
Mem:          992M       924M        67M        28K       608K        27M
-/+ buffers/cache:       896M        95M
Swap:         8.0G       490M       7.5G

             total       used       free     shared    buffers     cached
Mem:          992M       925M        66M        28K       616K        27M
-/+ buffers/cache:       897M        94M
Swap:         8.0G       489M       7.5G

             total       used       free     shared    buffers     cached
Mem:          992M       927M        64M        28K       616K        27M
-/+ buffers/cache:       899M        93M
Swap:         8.0G       488M       7.5G

             total       used       free     shared    buffers     cached
Mem:          992M       928M        63M        28K       616K        28M
-/+ buffers/cache:       900M        92M
Swap:         8.0G       488M       7.5G

             total       used       free     shared    buffers     cached
Mem:          992M       919M        72M        32K       748K        28M
-/+ buffers/cache:       890M       102M
Swap:         8.0G       491M       7.5G

             total       used       free     shared    buffers     cached
Mem:          992M       920M        71M        32K       748K        28M
-/+ buffers/cache:       890M       101M
Swap:         8.0G       490M       7.5G

             total       used       free     shared    buffers     cached
Mem:          992M       921M        70M        32K       756K        28M
-/+ buffers/cache:       892M       100M
Swap:         8.0G       490M       7.5G

             total       used       free     shared    buffers     cached
Mem:          992M       922M        69M        32K       756K        28M
-/+ buffers/cache:       893M        98M
Swap:         8.0G       489M       7.5G

             total       used       free     shared    buffers     cached
Mem:          992M       924M        67M        32K       756K        28M
-/+ buffers/cache:       894M        97M
Swap:         8.0G       488M       7.5G

             total       used       free     shared    buffers     cached
Mem:          992M       913M        78M        32K       756K        30M
-/+ buffers/cache:       882M       109M
Swap:         8.0G       516M       7.5G

             total       used       free     shared    buffers     cached
Mem:          992M       914M        77M        32K       756K        30M
-/+ buffers/cache:       883M       108M
Swap:         8.0G       516M       7.5G

             total       used       free     shared    buffers     cached
Mem:          992M       916M        75M        32K       756K        30M
-/+ buffers/cache:       885M       106M
Swap:         8.0G       515M       7.5G

             total       used       free     shared    buffers     cached
Mem:          992M       923M        68M        32K       764K        32M
-/+ buffers/cache:       890M       101M
Swap:         8.0G       513M       7.5G

             total       used       free     shared    buffers     cached
Mem:          992M       923M        68M        32K       764K        32M
-/+ buffers/cache:       890M       101M
Swap:         8.0G       512M       7.5G

             total       used       free     shared    buffers     cached
Mem:          992M       924M        67M        32K       764K        32M
-/+ buffers/cache:       891M       100M
Swap:         8.0G       512M       7.5G

             total       used       free     shared    buffers     cached
Mem:          992M       925M        67M        32K       764K        32M
-/+ buffers/cache:       891M       100M
Swap:         8.0G       512M       7.5G

             total       used       free     shared    buffers     cached
Mem:          992M       925M        66M        32K       764K        32M
-/+ buffers/cache:       892M        99M
Swap:         8.0G       511M       7.5G

             total       used       free     shared    buffers     cached
Mem:          992M       926M        65M        32K       772K        32M
-/+ buffers/cache:       893M        98M
Swap:         8.0G       511M       7.5G

             total       used       free     shared    buffers     cached
Mem:          992M       926M        65M        32K       772K        32M
-/+ buffers/cache:       893M        98M
Swap:         8.0G       511M       7.5G

             total       used       free     shared    buffers     cached
Mem:          992M       927M        64M        32K       772K        32M
-/+ buffers/cache:       894M        97M
Swap:         8.0G       510M       7.5G

             total       used       free     shared    buffers     cached
Mem:          992M       928M        63M        32K       772K        32M
-/+ buffers/cache:       895M        96M
Swap:         8.0G       510M       7.5G

             total       used       free     shared    buffers     cached
Mem:          992M       929M        63M        32K       772K        32M
-/+ buffers/cache:       895M        96M
Swap:         8.0G       510M       7.5G

             total       used       free     shared    buffers     cached
Mem:          992M       916M        75M       188K       1.7M        39M
-/+ buffers/cache:       875M       116M
Swap:         8.0G       520M       7.5G

             total       used       free     shared    buffers     cached
Mem:          992M       922M        69M       3.9M       5.1M        53M
-/+ buffers/cache:       864M       127M
Swap:         8.0G       543M       7.5G

             total       used       free     shared    buffers     cached
Mem:          992M       914M        77M       3.9M       4.5M        63M
-/+ buffers/cache:       845M       146M
Swap:         8.0G       561M       7.4G

             total       used       free     shared    buffers     cached
Mem:          992M       924M        67M       260K       4.8M        65M
-/+ buffers/cache:       854M       137M
Swap:         8.0G       557M       7.5G

             total       used       free     shared    buffers     cached
Mem:          992M       925M        66M       260K       4.8M        65M
-/+ buffers/cache:       855M       136M
Swap:         8.0G       557M       7.5G

             total       used       free     shared    buffers     cached
Mem:          992M       927M        64M       260K       4.8M        65M
-/+ buffers/cache:       857M       135M
Swap:         8.0G       556M       7.5G

             total       used       free     shared    buffers     cached
Mem:          992M       928M        63M       260K       4.8M        65M
-/+ buffers/cache:       857M       134M
Swap:         8.0G       556M       7.5G

             total       used       free     shared    buffers     cached
Mem:          992M       929M        62M       260K       4.8M        65M
-/+ buffers/cache:       859M       133M
Swap:         8.0G       555M       7.5G

             total       used       free     shared    buffers     cached
Mem:          992M       912M        79M       260K       4.5M        62M
-/+ buffers/cache:       845M       146M
Swap:         8.0G       570M       7.4G

             total       used       free     shared    buffers     cached
Mem:          992M       913M        78M       260K       4.5M        62M
-/+ buffers/cache:       846M       145M
Swap:         8.0G       569M       7.4G

             total       used       free     shared    buffers     cached
Mem:          992M       915M        77M       260K       4.5M        62M
-/+ buffers/cache:       847M       144M
Swap:         8.0G       568M       7.4G

             total       used       free     shared    buffers     cached
Mem:          992M       916M        75M       260K       4.5M        62M
-/+ buffers/cache:       849M       142M
Swap:         8.0G       568M       7.4G

             total       used       free     shared    buffers     cached
Mem:          992M       918M        74M       260K       4.5M        62M
-/+ buffers/cache:       850M       141M
Swap:         8.0G       567M       7.4G

             total       used       free     shared    buffers     cached
Mem:          992M       919M        72M       260K       4.6M        62M
-/+ buffers/cache:       851M       140M
Swap:         8.0G       566M       7.4G

             total       used       free     shared    buffers     cached
Mem:          992M       920M        71M       260K       4.6M        62M
-/+ buffers/cache:       853M       138M
Swap:         8.0G       566M       7.4G

             total       used       free     shared    buffers     cached
Mem:          992M       921M        70M       260K       4.6M        62M
-/+ buffers/cache:       854M       137M
Swap:         8.0G       565M       7.4G

             total       used       free     shared    buffers     cached
Mem:          992M       923M        69M       260K       4.6M        62M
-/+ buffers/cache:       855M       136M
Swap:         8.0G       565M       7.4G

             total       used       free     shared    buffers     cached
Mem:          992M       924M        67M       260K       4.6M        62M
-/+ buffers/cache:       857M       135M
Swap:         8.0G       564M       7.4G

             total       used       free     shared    buffers     cached
Mem:          992M       925M        66M       260K       4.6M        62M
-/+ buffers/cache:       858M       134M
Swap:         8.0G       563M       7.4G

             total       used       free     shared    buffers     cached
Mem:          992M       926M        65M       260K       4.6M        62M
-/+ buffers/cache:       859M       133M
Swap:         8.0G       563M       7.4G

             total       used       free     shared    buffers     cached
Mem:          992M       927M        64M       260K       4.6M        62M
-/+ buffers/cache:       860M       131M
Swap:         8.0G       562M       7.4G

             total       used       free     shared    buffers     cached
Mem:          992M       929M        63M       260K       4.6M        62M
-/+ buffers/cache:       861M       130M
Swap:         8.0G       561M       7.4G

             total       used       free     shared    buffers     cached
Mem:          992M       930M        61M       260K       4.6M        62M
-/+ buffers/cache:       862M       129M
Swap:         8.0G       561M       7.4G

             total       used       free     shared    buffers     cached
Mem:          992M       917M        74M       260K       3.4M        59M
-/+ buffers/cache:       854M       137M
Swap:         8.0G       572M       7.4G

             total       used       free     shared    buffers     cached
Mem:          992M       914M        77M       260K       4.3M        62M
-/+ buffers/cache:       847M       144M
Swap:         8.0G       574M       7.4G

             total       used       free     shared    buffers     cached
Mem:          992M       916M        76M       264K       4.3M        62M
-/+ buffers/cache:       848M       143M
Swap:         8.0G       574M       7.4G

             total       used       free     shared    buffers     cached
Mem:          992M       917M        75M       264K       4.3M        62M
-/+ buffers/cache:       849M       142M
Swap:         8.0G       573M       7.4G

             total       used       free     shared    buffers     cached
Mem:          992M       918M        73M       264K       4.3M        62M
-/+ buffers/cache:       851M       141M
Swap:         8.0G       572M       7.4G

             total       used       free     shared    buffers     cached
Mem:          992M       919M        72M       264K       4.3M        62M
-/+ buffers/cache:       852M       139M
Swap:         8.0G       572M       7.4G

             total       used       free     shared    buffers     cached
Mem:          992M       924M        67M       316K       7.8M        70M
-/+ buffers/cache:       846M       145M
Swap:         8.0G       595M       7.4G

             total       used       free     shared    buffers     cached
Mem:          992M       920M        71M       308K       8.5M        73M
-/+ buffers/cache:       839M       153M
Swap:         8.0G       595M       7.4G
