             total       used       free     shared    buffers     cached
Mem:          992M       657M       334M       3.2M        38M       289M
-/+ buffers/cache:       329M       662M
Swap:         8.0G         0B       8.0G

             total       used       free     shared    buffers     cached
Mem:          992M       657M       335M       1.4M        38M       287M
-/+ buffers/cache:       330M       661M
Swap:         8.0G         0B       8.0G

             total       used       free     shared    buffers     cached
Mem:          992M       656M       335M       1.4M        38M       287M
-/+ buffers/cache:       330M       661M
Swap:         8.0G         0B       8.0G

             total       used       free     shared    buffers     cached
Mem:          992M       656M       335M       1.4M        38M       287M
-/+ buffers/cache:       330M       661M
Swap:         8.0G         0B       8.0G

             total       used       free     shared    buffers     cached
Mem:          992M       656M       335M       1.4M        38M       287M
-/+ buffers/cache:       330M       661M
Swap:         8.0G         0B       8.0G

             total       used       free     shared    buffers     cached
Mem:          992M       656M       335M       1.4M        38M       287M
-/+ buffers/cache:       330M       661M
Swap:         8.0G         0B       8.0G

             total       used       free     shared    buffers     cached
Mem:          992M       656M       335M       1.4M        38M       287M
-/+ buffers/cache:       329M       662M
Swap:         8.0G         0B       8.0G

             total       used       free     shared    buffers     cached
Mem:          992M       656M       335M       1.4M        38M       288M
-/+ buffers/cache:       330M       662M
Swap:         8.0G         0B       8.0G

             total       used       free     shared    buffers     cached
Mem:          992M       656M       335M       1.4M        38M       288M
-/+ buffers/cache:       329M       662M
Swap:         8.0G         0B       8.0G

             total       used       free     shared    buffers     cached
Mem:          992M       659M       332M       1.4M        38M       288M
-/+ buffers/cache:       332M       659M
Swap:         8.0G         0B       8.0G

             total       used       free     shared    buffers     cached
Mem:          992M       679M       313M       1.4M        38M       288M
-/+ buffers/cache:       352M       640M
Swap:         8.0G         0B       8.0G

             total       used       free     shared    buffers     cached
Mem:          992M       665M       326M       1.4M        38M       289M
-/+ buffers/cache:       337M       654M
Swap:         8.0G         0B       8.0G

             total       used       free     shared    buffers     cached
Mem:          992M       665M       326M       1.4M        38M       289M
-/+ buffers/cache:       337M       654M
Swap:         8.0G         0B       8.0G

             total       used       free     shared    buffers     cached
Mem:          992M       666M       325M       1.4M        38M       289M
-/+ buffers/cache:       337M       654M
Swap:         8.0G         0B       8.0G

             total       used       free     shared    buffers     cached
Mem:          992M       666M       325M       1.4M        38M       289M
-/+ buffers/cache:       337M       654M
Swap:         8.0G         0B       8.0G

             total       used       free     shared    buffers     cached
Mem:          992M       666M       325M       1.4M        38M       289M
-/+ buffers/cache:       337M       654M
Swap:         8.0G         0B       8.0G

             total       used       free     shared    buffers     cached
Mem:          992M       666M       325M       1.4M        38M       289M
-/+ buffers/cache:       337M       654M
Swap:         8.0G         0B       8.0G

             total       used       free     shared    buffers     cached
Mem:          992M       666M       325M       1.4M        38M       289M
-/+ buffers/cache:       337M       654M
Swap:         8.0G         0B       8.0G

             total       used       free     shared    buffers     cached
Mem:          992M       666M       325M       1.4M        38M       289M
-/+ buffers/cache:       337M       654M
Swap:         8.0G         0B       8.0G

             total       used       free     shared    buffers     cached
Mem:          992M       666M       325M       1.4M        38M       289M
-/+ buffers/cache:       337M       654M
Swap:         8.0G         0B       8.0G

             total       used       free     shared    buffers     cached
Mem:          992M       666M       325M       1.4M        38M       289M
-/+ buffers/cache:       337M       654M
Swap:         8.0G         0B       8.0G

             total       used       free     shared    buffers     cached
Mem:          992M       666M       325M       1.4M        38M       289M
-/+ buffers/cache:       337M       654M
Swap:         8.0G         0B       8.0G

             total       used       free     shared    buffers     cached
Mem:          992M       666M       325M       1.4M        38M       289M
-/+ buffers/cache:       337M       654M
Swap:         8.0G         0B       8.0G

             total       used       free     shared    buffers     cached
Mem:          992M       666M       325M       1.4M        38M       289M
-/+ buffers/cache:       337M       654M
Swap:         8.0G         0B       8.0G

             total       used       free     shared    buffers     cached
Mem:          992M       666M       325M       1.4M        38M       289M
-/+ buffers/cache:       337M       654M
Swap:         8.0G         0B       8.0G

             total       used       free     shared    buffers     cached
Mem:          992M       666M       325M       1.4M        38M       289M
-/+ buffers/cache:       337M       654M
Swap:         8.0G         0B       8.0G

             total       used       free     shared    buffers     cached
Mem:          992M       666M       325M       1.4M        38M       289M
-/+ buffers/cache:       337M       654M
Swap:         8.0G         0B       8.0G

             total       used       free     shared    buffers     cached
Mem:          992M       666M       325M       1.4M        38M       289M
-/+ buffers/cache:       337M       654M
Swap:         8.0G         0B       8.0G

             total       used       free     shared    buffers     cached
Mem:          992M       666M       325M       1.4M        38M       289M
-/+ buffers/cache:       337M       654M
Swap:         8.0G         0B       8.0G

             total       used       free     shared    buffers     cached
Mem:          992M       666M       325M       1.4M        38M       289M
-/+ buffers/cache:       337M       654M
Swap:         8.0G         0B       8.0G

             total       used       free     shared    buffers     cached
Mem:          992M       666M       325M       1.4M        38M       289M
-/+ buffers/cache:       337M       654M
Swap:         8.0G         0B       8.0G

             total       used       free     shared    buffers     cached
Mem:          992M       666M       325M       1.4M        38M       289M
-/+ buffers/cache:       337M       654M
Swap:         8.0G         0B       8.0G

             total       used       free     shared    buffers     cached
Mem:          992M       666M       325M       1.4M        38M       289M
-/+ buffers/cache:       337M       654M
Swap:         8.0G         0B       8.0G

             total       used       free     shared    buffers     cached
Mem:          992M       674M       317M       1.4M        38M       289M
-/+ buffers/cache:       346M       646M
Swap:         8.0G         0B       8.0G

             total       used       free     shared    buffers     cached
Mem:          992M       695M       296M       1.4M        38M       289M
-/+ buffers/cache:       367M       625M
Swap:         8.0G         0B       8.0G

             total       used       free     shared    buffers     cached
Mem:          992M       713M       278M       1.4M        38M       289M
-/+ buffers/cache:       385M       607M
Swap:         8.0G         0B       8.0G

             total       used       free     shared    buffers     cached
Mem:          992M       732M       260M       1.4M        38M       289M
-/+ buffers/cache:       403M       588M
Swap:         8.0G         0B       8.0G

             total       used       free     shared    buffers     cached
Mem:          992M       751M       240M       1.4M        38M       289M
-/+ buffers/cache:       423M       568M
Swap:         8.0G         0B       8.0G

             total       used       free     shared    buffers     cached
Mem:          992M       771M       220M       1.4M        38M       289M
-/+ buffers/cache:       443M       549M
Swap:         8.0G         0B       8.0G

             total       used       free     shared    buffers     cached
Mem:          992M       791M       200M       1.4M        38M       289M
-/+ buffers/cache:       462M       529M
Swap:         8.0G         0B       8.0G

             total       used       free     shared    buffers     cached
Mem:          992M       809M       182M       1.4M        38M       289M
-/+ buffers/cache:       480M       511M
Swap:         8.0G         0B       8.0G

             total       used       free     shared    buffers     cached
Mem:          992M       827M       164M       1.4M        38M       289M
-/+ buffers/cache:       498M       493M
Swap:         8.0G         0B       8.0G

             total       used       free     shared    buffers     cached
Mem:          992M       847M       144M       1.4M        38M       289M
-/+ buffers/cache:       518M       473M
Swap:         8.0G         0B       8.0G

             total       used       free     shared    buffers     cached
Mem:          992M       868M       123M       1.4M        38M       289M
-/+ buffers/cache:       539M       452M
Swap:         8.0G         0B       8.0G

             total       used       free     shared    buffers     cached
Mem:          992M       885M       106M       1.4M        38M       289M
-/+ buffers/cache:       556M       435M
Swap:         8.0G         0B       8.0G

             total       used       free     shared    buffers     cached
Mem:          992M       898M        93M       1.4M        38M       289M
-/+ buffers/cache:       569M       422M
Swap:         8.0G         0B       8.0G

             total       used       free     shared    buffers     cached
Mem:          992M       915M        76M       1.4M        38M       289M
-/+ buffers/cache:       587M       405M
Swap:         8.0G         0B       8.0G

             total       used       free     shared    buffers     cached
Mem:          992M       932M        59M       1.4M        38M       289M
-/+ buffers/cache:       603M       388M
Swap:         8.0G         0B       8.0G

             total       used       free     shared    buffers     cached
Mem:          992M       928M        63M       1.4M        17M       288M
-/+ buffers/cache:       622M       369M
Swap:         8.0G         0B       8.0G

             total       used       free     shared    buffers     cached
Mem:          992M       927M        64M       1.4M        10M       279M
-/+ buffers/cache:       638M       354M
Swap:         8.0G         0B       8.0G

             total       used       free     shared    buffers     cached
Mem:          992M       929M        62M       1.4M       9.8M       263M
-/+ buffers/cache:       656M       336M
Swap:         8.0G       112K       8.0G

             total       used       free     shared    buffers     cached
Mem:          992M       927M        64M       1.3M       9.8M       245M
-/+ buffers/cache:       673M       319M
Swap:         8.0G       460K       8.0G

             total       used       free     shared    buffers     cached
Mem:          992M       929M        62M       1.2M       9.8M       232M
-/+ buffers/cache:       687M       304M
Swap:         8.0G       4.5M       8.0G

             total       used       free     shared    buffers     cached
Mem:          992M       914M        77M       1.1M       9.1M       206M
-/+ buffers/cache:       699M       292M
Swap:         8.0G       8.7M       8.0G

             total       used       free     shared    buffers     cached
Mem:          992M       930M        61M       1.1M       9.1M       206M
-/+ buffers/cache:       715M       276M
Swap:         8.0G       8.7M       8.0G

             total       used       free     shared    buffers     cached
Mem:          992M       923M        68M       1.1M       1.7M       188M
-/+ buffers/cache:       733M       259M
Swap:         8.0G       8.7M       8.0G

             total       used       free     shared    buffers     cached
Mem:          992M       921M        71M       1.1M       196K       171M
-/+ buffers/cache:       749M       242M
Swap:         8.0G       8.7M       8.0G

             total       used       free     shared    buffers     cached
Mem:          992M       916M        75M       1.1M       196K       150M
-/+ buffers/cache:       765M       226M
Swap:         8.0G       8.7M       8.0G

             total       used       free     shared    buffers     cached
Mem:          992M       930M        61M       1.1M       200K       150M
-/+ buffers/cache:       779M       212M
Swap:         8.0G       8.7M       8.0G

             total       used       free     shared    buffers     cached
Mem:          992M       925M        66M       1.1M       200K       132M
-/+ buffers/cache:       792M       199M
Swap:         8.0G       8.7M       8.0G

             total       used       free     shared    buffers     cached
Mem:          992M       925M        66M       1.1M        76K       117M
-/+ buffers/cache:       808M       183M
Swap:         8.0G       8.7M       8.0G

             total       used       free     shared    buffers     cached
Mem:          992M       927M        64M       1.1M        76K       103M
-/+ buffers/cache:       824M       167M
Swap:         8.0G       8.7M       8.0G

             total       used       free     shared    buffers     cached
Mem:          992M       930M        61M       1.1M       240K        91M
-/+ buffers/cache:       839M       153M
Swap:         8.0G       8.7M       8.0G

             total       used       free     shared    buffers     cached
Mem:          992M       926M        65M       1.1M       252K        70M
-/+ buffers/cache:       855M       136M
Swap:         8.0G       8.7M       8.0G

             total       used       free     shared    buffers     cached
Mem:          992M       925M        66M       1.1M       252K        54M
-/+ buffers/cache:       870M       121M
Swap:         8.0G       8.7M       8.0G

             total       used       free     shared    buffers     cached
Mem:          992M       928M        63M       1.1M       392K        42M
-/+ buffers/cache:       886M       106M
Swap:         8.0G       8.7M       8.0G

             total       used       free     shared    buffers     cached
Mem:          992M       927M        65M       1.1M       392K        24M
-/+ buffers/cache:       902M        90M
Swap:         8.0G       8.7M       8.0G

             total       used       free     shared    buffers     cached
Mem:          992M       928M        63M       1.1M       668K       9.4M
-/+ buffers/cache:       918M        73M
Swap:         8.0G       8.7M       8.0G

             total       used       free     shared    buffers     cached
Mem:          992M       919M        72M       1.0M       668K       3.4M
-/+ buffers/cache:       915M        76M
Swap:         8.0G        25M       8.0G

             total       used       free     shared    buffers     cached
Mem:          992M       889M       102M       652K       2.8M        16M
-/+ buffers/cache:       869M       122M
Swap:         8.0G       137M       7.9G

             total       used       free     shared    buffers     cached
Mem:          992M       904M        87M       656K       2.8M        17M
-/+ buffers/cache:       885M       107M
Swap:         8.0G       137M       7.9G

             total       used       free     shared    buffers     cached
Mem:          992M       921M        71M       656K       2.8M        17M
-/+ buffers/cache:       900M        91M
Swap:         8.0G       137M       7.9G

             total       used       free     shared    buffers     cached
Mem:          992M       884M       107M       656K       2.5M        15M
-/+ buffers/cache:       866M       125M
Swap:         8.0G       136M       7.9G

             total       used       free     shared    buffers     cached
Mem:          992M       917M        74M       656K       2.5M        30M
-/+ buffers/cache:       885M       106M
Swap:         8.0G       130M       7.9G

             total       used       free     shared    buffers     cached
Mem:          992M       918M        73M       604K       1.5M        26M
-/+ buffers/cache:       890M       101M
Swap:         8.0G       157M       7.8G

             total       used       free     shared    buffers     cached
Mem:          992M       918M        73M       580K       1.5M        25M
-/+ buffers/cache:       891M       100M
Swap:         8.0G       166M       7.8G

             total       used       free     shared    buffers     cached
Mem:          992M       917M        74M       572K       1.5M        24M
-/+ buffers/cache:       891M       100M
Swap:         8.0G       198M       7.8G

             total       used       free     shared    buffers     cached
Mem:          992M       920M        72M       568K       1.0M        24M
-/+ buffers/cache:       894M        97M
Swap:         8.0G       198M       7.8G

             total       used       free     shared    buffers     cached
Mem:          992M       920M        72M       568K        88K        14M
-/+ buffers/cache:       905M        86M
Swap:         8.0G       198M       7.8G

             total       used       free     shared    buffers     cached
Mem:          992M       920M        71M       568K       336K       3.4M
-/+ buffers/cache:       917M        75M
Swap:         8.0G       204M       7.8G

             total       used       free     shared    buffers     cached
Mem:          992M       927M        65M       568K       340K       3.3M
-/+ buffers/cache:       923M        68M
Swap:         8.0G       214M       7.8G

             total       used       free     shared    buffers     cached
Mem:          992M       927M        64M       552K       340K       3.2M
-/+ buffers/cache:       924M        67M
Swap:         8.0G       236M       7.8G

             total       used       free     shared    buffers     cached
Mem:          992M       927M        65M       540K       336K       3.1M
-/+ buffers/cache:       923M        68M
Swap:         8.0G       245M       7.8G

             total       used       free     shared    buffers     cached
Mem:          992M       914M        77M       540K       344K       2.8M
-/+ buffers/cache:       911M        80M
Swap:         8.0G       263M       7.7G

             total       used       free     shared    buffers     cached
Mem:          992M       921M        71M       540K       344K       3.1M
-/+ buffers/cache:       917M        74M
Swap:         8.0G       263M       7.7G

             total       used       free     shared    buffers     cached
Mem:          992M       927M        65M       540K       344K       3.1M
-/+ buffers/cache:       923M        68M
Swap:         8.0G       263M       7.7G

             total       used       free     shared    buffers     cached
Mem:          992M       916M        75M       540K       344K       2.7M
-/+ buffers/cache:       913M        78M
Swap:         8.0G       278M       7.7G

             total       used       free     shared    buffers     cached
Mem:          992M       922M        69M       540K       344K       2.7M
-/+ buffers/cache:       919M        72M
Swap:         8.0G       278M       7.7G

             total       used       free     shared    buffers     cached
Mem:          992M       926M        65M       540K       352K       2.7M
-/+ buffers/cache:       923M        69M
Swap:         8.0G       278M       7.7G

             total       used       free     shared    buffers     cached
Mem:          992M       931M        61M       540K       352K       2.8M
-/+ buffers/cache:       927M        64M
Swap:         8.0G       278M       7.7G

             total       used       free     shared    buffers     cached
Mem:          992M       922M        70M       536K       352K       2.7M
-/+ buffers/cache:       918M        73M
Swap:         8.0G       303M       7.7G

             total       used       free     shared    buffers     cached
Mem:          992M       926M        65M       536K       352K       2.7M
-/+ buffers/cache:       923M        68M
Swap:         8.0G       303M       7.7G

             total       used       free     shared    buffers     cached
Mem:          992M       919M        72M       536K       352K       2.7M
-/+ buffers/cache:       916M        75M
Swap:         8.0G       303M       7.7G

             total       used       free     shared    buffers     cached
Mem:          992M       923M        68M       536K       360K       2.7M
-/+ buffers/cache:       920M        71M
Swap:         8.0G       303M       7.7G

             total       used       free     shared    buffers     cached
Mem:          992M       928M        63M       536K       360K       2.8M
-/+ buffers/cache:       925M        66M
Swap:         8.0G       303M       7.7G

             total       used       free     shared    buffers     cached
Mem:          992M       918M        73M        16K       360K       2.3M
-/+ buffers/cache:       916M        76M
Swap:         8.0G       336M       7.7G

             total       used       free     shared    buffers     cached
Mem:          992M       922M        69M        16K       360K       2.3M
-/+ buffers/cache:       920M        72M
Swap:         8.0G       336M       7.7G

             total       used       free     shared    buffers     cached
Mem:          992M       926M        65M        16K       360K       2.3M
-/+ buffers/cache:       924M        67M
Swap:         8.0G       336M       7.7G

             total       used       free     shared    buffers     cached
Mem:          992M       929M        62M        16K       360K       2.3M
-/+ buffers/cache:       927M        64M
Swap:         8.0G       336M       7.7G

             total       used       free     shared    buffers     cached
Mem:          992M       921M        70M        16K       368K       2.3M
-/+ buffers/cache:       918M        73M
Swap:         8.0G       336M       7.7G

             total       used       free     shared    buffers     cached
Mem:          992M       920M        71M        16K       360K       2.0M
-/+ buffers/cache:       918M        73M
Swap:         8.0G       330M       7.7G

             total       used       free     shared    buffers     cached
Mem:          992M       928M        64M        16K       360K       1.9M
-/+ buffers/cache:       925M        66M
Swap:         8.0G       323M       7.7G

             total       used       free     shared    buffers     cached
Mem:          992M       922M        69M        16K       352K       1.8M
-/+ buffers/cache:       920M        71M
Swap:         8.0G       323M       7.7G

             total       used       free     shared    buffers     cached
Mem:          992M       918M        74M         0B        88K       1.6M
-/+ buffers/cache:       916M        75M
Swap:         8.0G       332M       7.7G

             total       used       free     shared    buffers     cached
Mem:          992M       919M        72M         0B        84K       1.6M
-/+ buffers/cache:       918M        73M
Swap:         8.0G       322M       7.7G

             total       used       free     shared    buffers     cached
Mem:          992M       921M        70M         0B        84K       1.5M
-/+ buffers/cache:       920M        72M
Swap:         8.0G       327M       7.7G

             total       used       free     shared    buffers     cached
Mem:          992M       920M        71M         0B        76K       1.5M
-/+ buffers/cache:       919M        73M
Swap:         8.0G       326M       7.7G

             total       used       free     shared    buffers     cached
Mem:          992M       922M        69M         0B        76K       1.4M
-/+ buffers/cache:       921M        70M
Swap:         8.0G       322M       7.7G

             total       used       free     shared    buffers     cached
Mem:          992M       922M        70M         0B        76K       1.3M
-/+ buffers/cache:       920M        71M
Swap:         8.0G       326M       7.7G

             total       used       free     shared    buffers     cached
Mem:          992M       920M        72M         0B        80K       1.4M
-/+ buffers/cache:       918M        73M
Swap:         8.0G       334M       7.7G

             total       used       free     shared    buffers     cached
Mem:          992M       919M        72M         0B       204K       6.7M
-/+ buffers/cache:       912M        79M
Swap:         8.0G       350M       7.7G

             total       used       free     shared    buffers     cached
Mem:          992M       920M        72M        16K        88K        11M
-/+ buffers/cache:       907M        84M
Swap:         8.0G       361M       7.6G

             total       used       free     shared    buffers     cached
Mem:          992M       922M        69M        16K       168K       5.1M
-/+ buffers/cache:       917M        75M
Swap:         8.0G       350M       7.7G

             total       used       free     shared    buffers     cached
Mem:          992M       926M        65M        16K       172K       5.2M
-/+ buffers/cache:       921M        70M
Swap:         8.0G       349M       7.7G

             total       used       free     shared    buffers     cached
Mem:          992M       930M        61M        16K       204K       5.4M
-/+ buffers/cache:       924M        67M
Swap:         8.0G       348M       7.7G

             total       used       free     shared    buffers     cached
Mem:          992M       915M        76M        16K       204K       4.6M
-/+ buffers/cache:       911M        81M
Swap:         8.0G       367M       7.6G

             total       used       free     shared    buffers     cached
Mem:          992M       921M        70M        16K       204K       4.6M
-/+ buffers/cache:       916M        75M
Swap:         8.0G       367M       7.6G

             total       used       free     shared    buffers     cached
Mem:          992M       927M        64M        16K       204K       4.7M
-/+ buffers/cache:       922M        69M
Swap:         8.0G       367M       7.6G

             total       used       free     shared    buffers     cached
Mem:          992M       917M        74M        16K       204K       4.3M
-/+ buffers/cache:       913M        78M
Swap:         8.0G       379M       7.6G

             total       used       free     shared    buffers     cached
Mem:          992M       922M        69M        16K       204K       4.3M
-/+ buffers/cache:       918M        74M
Swap:         8.0G       379M       7.6G

             total       used       free     shared    buffers     cached
Mem:          992M       928M        63M        16K       212K       4.4M
-/+ buffers/cache:       923M        68M
Swap:         8.0G       379M       7.6G

             total       used       free     shared    buffers     cached
Mem:          992M       917M        74M        16K       212K       4.2M
-/+ buffers/cache:       913M        78M
Swap:         8.0G       403M       7.6G

             total       used       free     shared    buffers     cached
Mem:          992M       921M        70M        16K       212K       4.2M
-/+ buffers/cache:       917M        75M
Swap:         8.0G       403M       7.6G

             total       used       free     shared    buffers     cached
Mem:          992M       923M        68M        16K       212K       4.1M
-/+ buffers/cache:       919M        72M
Swap:         8.0G       402M       7.6G

             total       used       free     shared    buffers     cached
Mem:          992M       925M        66M        16K       212K       4.1M
-/+ buffers/cache:       921M        70M
Swap:         8.0G       401M       7.6G

             total       used       free     shared    buffers     cached
Mem:          992M       927M        64M        16K       220K       4.2M
-/+ buffers/cache:       923M        68M
Swap:         8.0G       400M       7.6G

             total       used       free     shared    buffers     cached
Mem:          992M       930M        61M        16K       220K       4.3M
-/+ buffers/cache:       925M        66M
Swap:         8.0G       399M       7.6G

             total       used       free     shared    buffers     cached
Mem:          992M       918M        73M        16K       216K       4.0M
-/+ buffers/cache:       914M        78M
Swap:         8.0G       407M       7.6G

             total       used       free     shared    buffers     cached
Mem:          992M       921M        70M        16K       220K       4.4M
-/+ buffers/cache:       916M        75M
Swap:         8.0G       405M       7.6G

             total       used       free     shared    buffers     cached
Mem:          992M       923M        68M        16K       220K       4.4M
-/+ buffers/cache:       919M        73M
Swap:         8.0G       405M       7.6G

             total       used       free     shared    buffers     cached
Mem:          992M       926M        66M        16K       228K       4.6M
-/+ buffers/cache:       921M        70M
Swap:         8.0G       403M       7.6G

             total       used       free     shared    buffers     cached
Mem:          992M       928M        63M        16K       228K       4.6M
-/+ buffers/cache:       923M        68M
Swap:         8.0G       402M       7.6G

             total       used       free     shared    buffers     cached
Mem:          992M       921M        70M        16K        76K        21M
-/+ buffers/cache:       899M        92M
Swap:         8.0G       433M       7.6G

             total       used       free     shared    buffers     cached
Mem:          992M       924M        67M        16K       524K        21M
-/+ buffers/cache:       902M        89M
Swap:         8.0G       432M       7.6G

             total       used       free     shared    buffers     cached
Mem:          992M       927M        64M        16K       544K        21M
-/+ buffers/cache:       904M        87M
Swap:         8.0G       431M       7.6G

             total       used       free     shared    buffers     cached
Mem:          992M       929M        62M        16K       544K        22M
-/+ buffers/cache:       906M        85M
Swap:         8.0G       431M       7.6G

             total       used       free     shared    buffers     cached
Mem:          992M       918M        73M        16K       552K        21M
-/+ buffers/cache:       896M        95M
Swap:         8.0G       432M       7.6G

             total       used       free     shared    buffers     cached
Mem:          992M       920M        71M        16K       552K        21M
-/+ buffers/cache:       898M        94M
Swap:         8.0G       431M       7.6G

             total       used       free     shared    buffers     cached
Mem:          992M       921M        70M        16K       552K        21M
-/+ buffers/cache:       899M        92M
Swap:         8.0G       430M       7.6G

             total       used       free     shared    buffers     cached
Mem:          992M       924M        67M        16K       552K        21M
-/+ buffers/cache:       902M        89M
Swap:         8.0G       429M       7.6G

             total       used       free     shared    buffers     cached
Mem:          992M       926M        65M        16K       552K        21M
-/+ buffers/cache:       904M        87M
Swap:         8.0G       429M       7.6G

             total       used       free     shared    buffers     cached
Mem:          992M       928M        63M        16K       560K        21M
-/+ buffers/cache:       906M        85M
Swap:         8.0G       428M       7.6G

             total       used       free     shared    buffers     cached
Mem:          992M       930M        61M        16K       560K        21M
-/+ buffers/cache:       908M        83M
Swap:         8.0G       427M       7.6G

             total       used       free     shared    buffers     cached
Mem:          992M       914M        78M        16K       560K        20M
-/+ buffers/cache:       892M        99M
Swap:         8.0G       453M       7.6G

             total       used       free     shared    buffers     cached
Mem:          992M       916M        75M        16K       560K        20M
-/+ buffers/cache:       895M        96M
Swap:         8.0G       452M       7.6G

             total       used       free     shared    buffers     cached
Mem:          992M       918M        73M        16K       560K        20M
-/+ buffers/cache:       897M        94M
Swap:         8.0G       451M       7.6G

             total       used       free     shared    buffers     cached
Mem:          992M       920M        71M        16K       568K        20M
-/+ buffers/cache:       899M        93M
Swap:         8.0G       450M       7.6G

             total       used       free     shared    buffers     cached
Mem:          992M       922M        70M        16K       568K        20M
-/+ buffers/cache:       900M        91M
Swap:         8.0G       450M       7.6G

             total       used       free     shared    buffers     cached
Mem:          992M       924M        67M        16K       568K        20M
-/+ buffers/cache:       903M        89M
Swap:         8.0G       449M       7.6G

             total       used       free     shared    buffers     cached
Mem:          992M       926M        65M        16K       568K        20M
-/+ buffers/cache:       905M        86M
Swap:         8.0G       448M       7.6G

             total       used       free     shared    buffers     cached
Mem:          992M       928M        63M        16K       568K        20M
-/+ buffers/cache:       907M        84M
Swap:         8.0G       447M       7.6G

             total       used       free     shared    buffers     cached
Mem:          992M       931M        61M        16K       568K        20M
-/+ buffers/cache:       909M        82M
Swap:         8.0G       446M       7.6G

             total       used       free     shared    buffers     cached
Mem:          992M       920M        71M        16K       576K        20M
-/+ buffers/cache:       900M        92M
Swap:         8.0G       448M       7.6G

             total       used       free     shared    buffers     cached
Mem:          992M       923M        68M        16K       576K        20M
-/+ buffers/cache:       902M        89M
Swap:         8.0G       447M       7.6G

             total       used       free     shared    buffers     cached
Mem:          992M       925M        66M        16K       576K        20M
-/+ buffers/cache:       904M        87M
Swap:         8.0G       446M       7.6G

             total       used       free     shared    buffers     cached
Mem:          992M       928M        64M        16K       576K        20M
-/+ buffers/cache:       907M        84M
Swap:         8.0G       445M       7.6G

             total       used       free     shared    buffers     cached
Mem:          992M       930M        61M        16K       576K        20M
-/+ buffers/cache:       909M        82M
Swap:         8.0G       444M       7.6G

             total       used       free     shared    buffers     cached
Mem:          992M       921M        71M        16K       584K        19M
-/+ buffers/cache:       900M        91M
Swap:         8.0G       451M       7.6G

             total       used       free     shared    buffers     cached
Mem:          992M       923M        68M        16K       584K        19M
-/+ buffers/cache:       902M        89M
Swap:         8.0G       450M       7.6G

             total       used       free     shared    buffers     cached
Mem:          992M       925M        66M        16K       584K        19M
-/+ buffers/cache:       905M        86M
Swap:         8.0G       449M       7.6G

             total       used       free     shared    buffers     cached
Mem:          992M       928M        63M        16K       592K        19M
-/+ buffers/cache:       907M        84M
Swap:         8.0G       448M       7.6G

             total       used       free     shared    buffers     cached
Mem:          992M       930M        61M        16K       592K        19M
-/+ buffers/cache:       909M        82M
Swap:         8.0G       447M       7.6G

             total       used       free     shared    buffers     cached
Mem:          992M       913M        78M        16K       600K        19M
-/+ buffers/cache:       893M        98M
Swap:         8.0G       461M       7.5G

             total       used       free     shared    buffers     cached
Mem:          992M       916M        75M        16K       600K        19M
-/+ buffers/cache:       896M        95M
Swap:         8.0G       460M       7.5G

             total       used       free     shared    buffers     cached
Mem:          992M       918M        73M        16K       600K        19M
-/+ buffers/cache:       898M        93M
Swap:         8.0G       459M       7.5G

             total       used       free     shared    buffers     cached
Mem:          992M       920M        71M        16K       600K        19M
-/+ buffers/cache:       900M        91M
Swap:         8.0G       458M       7.5G

             total       used       free     shared    buffers     cached
Mem:          992M       922M        69M        16K       600K        19M
-/+ buffers/cache:       903M        89M
Swap:         8.0G       457M       7.6G

             total       used       free     shared    buffers     cached
Mem:          992M       925M        66M        16K       600K        19M
-/+ buffers/cache:       905M        86M
Swap:         8.0G       456M       7.6G

             total       used       free     shared    buffers     cached
Mem:          992M       927M        64M        16K       608K        19M
-/+ buffers/cache:       907M        84M
Swap:         8.0G       455M       7.6G

             total       used       free     shared    buffers     cached
Mem:          992M       929M        62M        16K       608K        19M
-/+ buffers/cache:       909M        82M
Swap:         8.0G       454M       7.6G

             total       used       free     shared    buffers     cached
Mem:          992M       915M        76M        16K       560K        16M
-/+ buffers/cache:       897M        94M
Swap:         8.0G       471M       7.5G

             total       used       free     shared    buffers     cached
Mem:          992M       917M        74M        16K       560K        16M
-/+ buffers/cache:       899M        92M
Swap:         8.0G       470M       7.5G

             total       used       free     shared    buffers     cached
Mem:          992M       919M        72M        16K       560K        16M
-/+ buffers/cache:       902M        89M
Swap:         8.0G       468M       7.5G

             total       used       free     shared    buffers     cached
Mem:          992M       921M        70M        16K       568K        16M
-/+ buffers/cache:       904M        87M
Swap:         8.0G       467M       7.5G

             total       used       free     shared    buffers     cached
Mem:          992M       923M        68M        16K       568K        16M
-/+ buffers/cache:       905M        86M
Swap:         8.0G       467M       7.5G

             total       used       free     shared    buffers     cached
Mem:          992M       925M        66M        16K       568K        16M
-/+ buffers/cache:       907M        84M
Swap:         8.0G       466M       7.5G

             total       used       free     shared    buffers     cached
Mem:          992M       927M        65M        16K       568K        16M
-/+ buffers/cache:       909M        82M
Swap:         8.0G       465M       7.5G

             total       used       free     shared    buffers     cached
Mem:          992M       929M        62M        16K       568K        16M
-/+ buffers/cache:       911M        80M
Swap:         8.0G       464M       7.5G

             total       used       free     shared    buffers     cached
Mem:          992M       931M        60M        16K       576K        16M
-/+ buffers/cache:       913M        78M
Swap:         8.0G       463M       7.5G

             total       used       free     shared    buffers     cached
Mem:          992M       921M        70M        16K       576K        15M
-/+ buffers/cache:       905M        86M
Swap:         8.0G       467M       7.5G

             total       used       free     shared    buffers     cached
Mem:          992M       926M        65M        16K       872K        17M
-/+ buffers/cache:       908M        83M
Swap:         8.0G       466M       7.5G

             total       used       free     shared    buffers     cached
Mem:          992M       919M        72M        28K       104K        27M
-/+ buffers/cache:       892M        99M
Swap:         8.0G       484M       7.5G

             total       used       free     shared    buffers     cached
Mem:          992M       921M        70M        28K       256K        27M
-/+ buffers/cache:       893M        98M
Swap:         8.0G       484M       7.5G

             total       used       free     shared    buffers     cached
Mem:          992M       922M        69M        28K       256K        27M
-/+ buffers/cache:       894M        97M
Swap:         8.0G       483M       7.5G

             total       used       free     shared    buffers     cached
Mem:          992M       923M        68M        28K       264K        27M
-/+ buffers/cache:       895M        96M
Swap:         8.0G       483M       7.5G

             total       used       free     shared    buffers     cached
Mem:          992M       925M        66M        28K       264K        27M
-/+ buffers/cache:       897M        95M
Swap:         8.0G       482M       7.5G

             total       used       free     shared    buffers     cached
Mem:          992M       926M        65M        28K       264K        27M
-/+ buffers/cache:       898M        93M
Swap:         8.0G       481M       7.5G

             total       used       free     shared    buffers     cached
Mem:          992M       927M        64M        28K       264K        27M
-/+ buffers/cache:       899M        92M
Swap:         8.0G       481M       7.5G

             total       used       free     shared    buffers     cached
Mem:          992M       929M        62M        28K       264K        28M
-/+ buffers/cache:       901M        90M
Swap:         8.0G       480M       7.5G

             total       used       free     shared    buffers     cached
Mem:          992M       907M        84M        28K       272K        26M
-/+ buffers/cache:       880M       111M
Swap:         8.0G       497M       7.5G

             total       used       free     shared    buffers     cached
Mem:          992M       908M        83M        28K       276K        26M
-/+ buffers/cache:       881M       110M
Swap:         8.0G       496M       7.5G

             total       used       free     shared    buffers     cached
Mem:          992M       915M        76M        28K       276K        31M
-/+ buffers/cache:       883M       108M
Swap:         8.0G       495M       7.5G

             total       used       free     shared    buffers     cached
Mem:          992M       916M        75M        28K       276K        31M
-/+ buffers/cache:       884M       107M
Swap:         8.0G       495M       7.5G

             total       used       free     shared    buffers     cached
Mem:          992M       918M        73M        28K       420K        31M
-/+ buffers/cache:       886M       105M
Swap:         8.0G       494M       7.5G

             total       used       free     shared    buffers     cached
Mem:          992M       919M        72M        28K       428K        31M
-/+ buffers/cache:       887M       104M
Swap:         8.0G       493M       7.5G

             total       used       free     shared    buffers     cached
Mem:          992M       920M        71M        28K       428K        31M
-/+ buffers/cache:       888M       103M
Swap:         8.0G       493M       7.5G

             total       used       free     shared    buffers     cached
Mem:          992M       922M        69M        28K       428K        31M
-/+ buffers/cache:       890M       101M
Swap:         8.0G       492M       7.5G

             total       used       free     shared    buffers     cached
Mem:          992M       924M        68M        28K       428K        31M
-/+ buffers/cache:       892M        99M
Swap:         8.0G       491M       7.5G

             total       used       free     shared    buffers     cached
Mem:          992M       925M        66M        28K       428K        31M
-/+ buffers/cache:       893M        98M
Swap:         8.0G       490M       7.5G

             total       used       free     shared    buffers     cached
Mem:          992M       927M        65M        28K       428K        31M
-/+ buffers/cache:       895M        97M
Swap:         8.0G       490M       7.5G

             total       used       free     shared    buffers     cached
Mem:          992M       928M        63M        28K       436K        31M
-/+ buffers/cache:       896M        95M
Swap:         8.0G       489M       7.5G

             total       used       free     shared    buffers     cached
Mem:          992M       929M        62M        28K       436K        31M
-/+ buffers/cache:       897M        94M
Swap:         8.0G       488M       7.5G

             total       used       free     shared    buffers     cached
Mem:          992M       931M        60M        28K       436K        31M
-/+ buffers/cache:       899M        93M
Swap:         8.0G       488M       7.5G

             total       used       free     shared    buffers     cached
Mem:          992M       912M        79M        28K       436K        30M
-/+ buffers/cache:       882M       109M
Swap:         8.0G       513M       7.5G

             total       used       free     shared    buffers     cached
Mem:          992M       914M        77M        28K       436K        30M
-/+ buffers/cache:       883M       108M
Swap:         8.0G       512M       7.5G

             total       used       free     shared    buffers     cached
Mem:          992M       915M        77M        28K       444K        30M
-/+ buffers/cache:       884M       107M
Swap:         8.0G       512M       7.5G

             total       used       free     shared    buffers     cached
Mem:          992M       916M        75M        28K       444K        30M
-/+ buffers/cache:       885M       106M
Swap:         8.0G       511M       7.5G

             total       used       free     shared    buffers     cached
Mem:          992M       917M        74M        28K       444K        30M
-/+ buffers/cache:       887M       104M
Swap:         8.0G       511M       7.5G

             total       used       free     shared    buffers     cached
Mem:          992M       919M        73M        28K       444K        30M
-/+ buffers/cache:       888M       103M
Swap:         8.0G       510M       7.5G

             total       used       free     shared    buffers     cached
Mem:          992M       920M        71M        28K       444K        30M
-/+ buffers/cache:       889M       102M
Swap:         8.0G       509M       7.5G

             total       used       free     shared    buffers     cached
Mem:          992M       922M        70M        28K       444K        30M
-/+ buffers/cache:       891M       100M
Swap:         8.0G       508M       7.5G

             total       used       free     shared    buffers     cached
Mem:          992M       923M        68M        28K       452K        30M
-/+ buffers/cache:       892M        99M
Swap:         8.0G       508M       7.5G

             total       used       free     shared    buffers     cached
Mem:          992M       925M        67M        28K       452K        30M
-/+ buffers/cache:       894M        97M
Swap:         8.0G       507M       7.5G

             total       used       free     shared    buffers     cached
Mem:          992M       926M        65M        28K       452K        30M
-/+ buffers/cache:       895M        96M
Swap:         8.0G       506M       7.5G

             total       used       free     shared    buffers     cached
Mem:          992M       927M        64M        28K       452K        30M
-/+ buffers/cache:       896M        95M
Swap:         8.0G       505M       7.5G

             total       used       free     shared    buffers     cached
Mem:          992M       929M        63M        28K       452K        30M
-/+ buffers/cache:       898M        93M
Swap:         8.0G       505M       7.5G

             total       used       free     shared    buffers     cached
Mem:          992M       930M        61M        28K       460K        30M
-/+ buffers/cache:       899M        92M
Swap:         8.0G       504M       7.5G

             total       used       free     shared    buffers     cached
Mem:          992M       917M        74M        28K       460K        29M
-/+ buffers/cache:       887M       105M
Swap:         8.0G       508M       7.5G

             total       used       free     shared    buffers     cached
Mem:          992M       918M        73M        28K       460K        29M
-/+ buffers/cache:       888M       103M
Swap:         8.0G       507M       7.5G

             total       used       free     shared    buffers     cached
Mem:          992M       919M        72M        28K       460K        29M
-/+ buffers/cache:       889M       102M
Swap:         8.0G       507M       7.5G

             total       used       free     shared    buffers     cached
Mem:          992M       921M        70M        28K       460K        29M
-/+ buffers/cache:       891M       101M
Swap:         8.0G       506M       7.5G

             total       used       free     shared    buffers     cached
Mem:          992M       922M        69M        28K       460K        29M
-/+ buffers/cache:       892M        99M
Swap:         8.0G       505M       7.5G

             total       used       free     shared    buffers     cached
Mem:          992M       924M        68M        28K       468K        29M
-/+ buffers/cache:       893M        98M
Swap:         8.0G       505M       7.5G

             total       used       free     shared    buffers     cached
Mem:          992M       925M        66M        28K       468K        29M
-/+ buffers/cache:       895M        96M
Swap:         8.0G       504M       7.5G

             total       used       free     shared    buffers     cached
Mem:          992M       926M        65M        28K       468K        29M
-/+ buffers/cache:       896M        95M
Swap:         8.0G       503M       7.5G

             total       used       free     shared    buffers     cached
Mem:          992M       928M        63M        28K       468K        29M
-/+ buffers/cache:       897M        94M
Swap:         8.0G       502M       7.5G

             total       used       free     shared    buffers     cached
Mem:          992M       930M        62M        28K       468K        29M
-/+ buffers/cache:       899M        92M
Swap:         8.0G       502M       7.5G

             total       used       free     shared    buffers     cached
Mem:          992M       909M        83M        28K       476K        27M
-/+ buffers/cache:       881M       110M
Swap:         8.0G       521M       7.5G

             total       used       free     shared    buffers     cached
Mem:          992M       910M        82M        28K       476K        27M
-/+ buffers/cache:       882M       109M
Swap:         8.0G       520M       7.5G

             total       used       free     shared    buffers     cached
Mem:          992M       911M        80M        28K       476K        27M
-/+ buffers/cache:       883M       108M
Swap:         8.0G       519M       7.5G

             total       used       free     shared    buffers     cached
Mem:          992M       912M        79M        28K       476K        27M
-/+ buffers/cache:       885M       107M
Swap:         8.0G       519M       7.5G

             total       used       free     shared    buffers     cached
Mem:          992M       914M        77M        28K       476K        27M
-/+ buffers/cache:       886M       105M
Swap:         8.0G       518M       7.5G

             total       used       free     shared    buffers     cached
Mem:          992M       915M        76M        28K       476K        27M
-/+ buffers/cache:       887M       104M
Swap:         8.0G       517M       7.5G

             total       used       free     shared    buffers     cached
Mem:          992M       916M        75M        28K       484K        27M
-/+ buffers/cache:       889M       103M
Swap:         8.0G       517M       7.5G

             total       used       free     shared    buffers     cached
Mem:          992M       918M        73M        28K       484K        27M
-/+ buffers/cache:       890M       101M
Swap:         8.0G       516M       7.5G

             total       used       free     shared    buffers     cached
Mem:          992M       919M        72M        28K       484K        27M
-/+ buffers/cache:       891M       100M
Swap:         8.0G       515M       7.5G

             total       used       free     shared    buffers     cached
Mem:          992M       921M        71M        28K       484K        27M
-/+ buffers/cache:       893M        98M
Swap:         8.0G       514M       7.5G

             total       used       free     shared    buffers     cached
Mem:          992M       922M        69M        28K       484K        27M
-/+ buffers/cache:       894M        97M
Swap:         8.0G       514M       7.5G

             total       used       free     shared    buffers     cached
Mem:          992M       924M        67M        28K       492K        27M
-/+ buffers/cache:       896M        95M
Swap:         8.0G       513M       7.5G

             total       used       free     shared    buffers     cached
Mem:          992M       926M        66M        28K       492K        27M
-/+ buffers/cache:       898M        93M
Swap:         8.0G       512M       7.5G

             total       used       free     shared    buffers     cached
Mem:          992M       927M        64M        28K       492K        27M
-/+ buffers/cache:       899M        92M
Swap:         8.0G       511M       7.5G

             total       used       free     shared    buffers     cached
Mem:          992M       928M        63M        28K       492K        27M
-/+ buffers/cache:       901M        91M
Swap:         8.0G       510M       7.5G

             total       used       free     shared    buffers     cached
Mem:          992M       930M        61M        28K       492K        27M
-/+ buffers/cache:       902M        89M
Swap:         8.0G       509M       7.5G

             total       used       free     shared    buffers     cached
Mem:          992M       920M        72M        28K       492K        26M
-/+ buffers/cache:       892M        99M
Swap:         8.0G       510M       7.5G

             total       used       free     shared    buffers     cached
Mem:          992M       921M        70M        28K       500K        26M
-/+ buffers/cache:       894M        97M
Swap:         8.0G       510M       7.5G

             total       used       free     shared    buffers     cached
Mem:          992M       923M        68M        28K       500K        27M
-/+ buffers/cache:       896M        96M
Swap:         8.0G       509M       7.5G

             total       used       free     shared    buffers     cached
Mem:          992M       926M        65M        32K       636K        27M
-/+ buffers/cache:       898M        94M
Swap:         8.0G       508M       7.5G

             total       used       free     shared    buffers     cached
Mem:          992M       928M        64M        32K       636K        27M
-/+ buffers/cache:       899M        92M
Swap:         8.0G       507M       7.5G

             total       used       free     shared    buffers     cached
Mem:          992M       920M        72M        32K       636K        28M
-/+ buffers/cache:       890M       101M
Swap:         8.0G       521M       7.5G

             total       used       free     shared    buffers     cached
Mem:          992M       921M        71M        32K       644K        28M
-/+ buffers/cache:       891M       100M
Swap:         8.0G       521M       7.5G

             total       used       free     shared    buffers     cached
Mem:          992M       926M        66M        32K       644K        30M
-/+ buffers/cache:       895M        97M
Swap:         8.0G       519M       7.5G

             total       used       free     shared    buffers     cached
Mem:          992M       930M        61M        32K       644K        31M
-/+ buffers/cache:       898M        93M
Swap:         8.0G       517M       7.5G

             total       used       free     shared    buffers     cached
Mem:          992M       931M        61M        32K       644K        31M
-/+ buffers/cache:       899M        93M
Swap:         8.0G       517M       7.5G

             total       used       free     shared    buffers     cached
Mem:          992M       915M        77M        32K       1.4M        24M
-/+ buffers/cache:       888M       103M
Swap:         8.0G       536M       7.5G

             total       used       free     shared    buffers     cached
Mem:          992M       916M        76M        36K       1.7M        24M
-/+ buffers/cache:       889M       102M
Swap:         8.0G       535M       7.5G

             total       used       free     shared    buffers     cached
Mem:          992M       916M        75M        36K       1.7M        24M
-/+ buffers/cache:       890M       101M
Swap:         8.0G       535M       7.5G

             total       used       free     shared    buffers     cached
Mem:          992M       917M        74M        36K       1.7M        24M
-/+ buffers/cache:       891M       100M
Swap:         8.0G       534M       7.5G

             total       used       free     shared    buffers     cached
Mem:          992M       918M        74M        36K       1.7M        24M
-/+ buffers/cache:       891M       100M
Swap:         8.0G       534M       7.5G

             total       used       free     shared    buffers     cached
Mem:          992M       919M        73M        36K       1.7M        24M
-/+ buffers/cache:       892M        99M
Swap:         8.0G       534M       7.5G

             total       used       free     shared    buffers     cached
Mem:          992M       919M        72M        36K       1.7M        24M
-/+ buffers/cache:       893M        98M
Swap:         8.0G       533M       7.5G

             total       used       free     shared    buffers     cached
Mem:          992M       920M        71M        36K       1.8M        24M
-/+ buffers/cache:       894M        97M
Swap:         8.0G       533M       7.5G

             total       used       free     shared    buffers     cached
Mem:          992M       915M        76M       3.9M       4.0M        48M
-/+ buffers/cache:       862M       129M
Swap:         8.0G       562M       7.4G

             total       used       free     shared    buffers     cached
Mem:          992M       927M        64M       3.9M       5.9M        69M
-/+ buffers/cache:       851M       140M
Swap:         8.0G       580M       7.4G

             total       used       free     shared    buffers     cached
Mem:          992M       919M        72M       240K       4.4M        64M
-/+ buffers/cache:       850M       141M
Swap:         8.0G       580M       7.4G

             total       used       free     shared    buffers     cached
Mem:          992M       920M        71M       264K       4.4M        64M
-/+ buffers/cache:       851M       141M
Swap:         8.0G       580M       7.4G

             total       used       free     shared    buffers     cached
Mem:          992M       921M        70M       264K       4.4M        64M
-/+ buffers/cache:       852M       139M
Swap:         8.0G       579M       7.4G

             total       used       free     shared    buffers     cached
Mem:          992M       922M        69M       264K       4.4M        64M
-/+ buffers/cache:       853M       138M
Swap:         8.0G       579M       7.4G

             total       used       free     shared    buffers     cached
Mem:          992M       923M        68M       264K       4.4M        64M
-/+ buffers/cache:       854M       137M
Swap:         8.0G       578M       7.4G

             total       used       free     shared    buffers     cached
Mem:          992M       925M        67M       264K       4.4M        64M
-/+ buffers/cache:       855M       136M
Swap:         8.0G       577M       7.4G

             total       used       free     shared    buffers     cached
Mem:          992M       926M        65M       264K       4.4M        64M
-/+ buffers/cache:       857M       134M
Swap:         8.0G       577M       7.4G

             total       used       free     shared    buffers     cached
Mem:          992M       928M        63M       264K       4.6M        65M
-/+ buffers/cache:       858M       133M
Swap:         8.0G       576M       7.4G

             total       used       free     shared    buffers     cached
Mem:          992M       930M        61M       264K       4.6M        65M
-/+ buffers/cache:       860M       132M
Swap:         8.0G       575M       7.4G

             total       used       free     shared    buffers     cached
Mem:          992M       920M        71M       264K       4.5M        63M
-/+ buffers/cache:       852M       139M
Swap:         8.0G       586M       7.4G

             total       used       free     shared    buffers     cached
Mem:          992M       921M        70M       264K       4.5M        63M
-/+ buffers/cache:       853M       138M
Swap:         8.0G       585M       7.4G

             total       used       free     shared    buffers     cached
Mem:          992M       922M        69M       264K       4.5M        63M
-/+ buffers/cache:       854M       137M
Swap:         8.0G       584M       7.4G

             total       used       free     shared    buffers     cached
Mem:          992M       923M        68M       264K       4.5M        63M
-/+ buffers/cache:       856M       136M
Swap:         8.0G       584M       7.4G

             total       used       free     shared    buffers     cached
Mem:          992M       925M        66M       264K       4.5M        63M
-/+ buffers/cache:       857M       134M
Swap:         8.0G       583M       7.4G

             total       used       free     shared    buffers     cached
Mem:          992M       927M        65M       264K       4.5M        63M
-/+ buffers/cache:       858M       133M
Swap:         8.0G       583M       7.4G

             total       used       free     shared    buffers     cached
Mem:          992M       928M        63M       264K       4.5M        63M
-/+ buffers/cache:       860M       131M
Swap:         8.0G       582M       7.4G

             total       used       free     shared    buffers     cached
Mem:          992M       929M        62M       264K       4.5M        63M
-/+ buffers/cache:       861M       130M
Swap:         8.0G       582M       7.4G

             total       used       free     shared    buffers     cached
Mem:          992M       931M        61M       264K       4.5M        63M
-/+ buffers/cache:       862M       129M
Swap:         8.0G       581M       7.4G

             total       used       free     shared    buffers     cached
Mem:          992M       919M        73M       264K       3.2M        62M
-/+ buffers/cache:       853M       138M
Swap:         8.0G       581M       7.4G

             total       used       free     shared    buffers     cached
Mem:          992M       920M        71M       264K       3.2M        62M
-/+ buffers/cache:       854M       137M
Swap:         8.0G       580M       7.4G

             total       used       free     shared    buffers     cached
Mem:          992M       921M        70M       264K       3.2M        62M
-/+ buffers/cache:       856M       136M
Swap:         8.0G       580M       7.4G

             total       used       free     shared    buffers     cached
Mem:          992M       923M        69M       264K       3.2M        62M
-/+ buffers/cache:       857M       134M
Swap:         8.0G       579M       7.4G

             total       used       free     shared    buffers     cached
Mem:          992M       924M        67M       264K       3.2M        62M
-/+ buffers/cache:       858M       133M
Swap:         8.0G       578M       7.4G

             total       used       free     shared    buffers     cached
Mem:          992M       925M        66M       264K       3.2M        62M
-/+ buffers/cache:       860M       132M
Swap:         8.0G       578M       7.4G

             total       used       free     shared    buffers     cached
Mem:          992M       927M        65M       264K       3.2M        62M
-/+ buffers/cache:       861M       130M
Swap:         8.0G       577M       7.4G

             total       used       free     shared    buffers     cached
Mem:          992M       928M        63M       264K       3.2M        62M
-/+ buffers/cache:       862M       129M
Swap:         8.0G       576M       7.4G

             total       used       free     shared    buffers     cached
Mem:          992M       930M        62M       264K       3.2M        62M
-/+ buffers/cache:       864M       127M
Swap:         8.0G       576M       7.4G

             total       used       free     shared    buffers     cached
Mem:          992M       931M        60M       264K       3.2M        62M
-/+ buffers/cache:       865M       126M
Swap:         8.0G       575M       7.4G

             total       used       free     shared    buffers     cached
Mem:          992M       912M        79M       264K       3.2M        61M
-/+ buffers/cache:       848M       144M
Swap:         8.0G       599M       7.4G

             total       used       free     shared    buffers     cached
Mem:          992M       913M        78M       264K       3.2M        61M
-/+ buffers/cache:       849M       143M
Swap:         8.0G       599M       7.4G

             total       used       free     shared    buffers     cached
Mem:          992M       914M        77M       264K       3.2M        61M
-/+ buffers/cache:       850M       141M
Swap:         8.0G       598M       7.4G

             total       used       free     shared    buffers     cached
Mem:          992M       916M        76M       264K       3.2M        61M
-/+ buffers/cache:       851M       140M
Swap:         8.0G       598M       7.4G

             total       used       free     shared    buffers     cached
Mem:          992M       917M        74M       264K       3.2M        61M
-/+ buffers/cache:       853M       138M
Swap:         8.0G       597M       7.4G

             total       used       free     shared    buffers     cached
Mem:          992M       919M        73M       264K       3.2M        61M
-/+ buffers/cache:       854M       137M
Swap:         8.0G       596M       7.4G

             total       used       free     shared    buffers     cached
Mem:          992M       920M        71M       264K       3.2M        61M
-/+ buffers/cache:       856M       136M
Swap:         8.0G       596M       7.4G

             total       used       free     shared    buffers     cached
Mem:          992M       922M        70M       264K       3.2M        61M
-/+ buffers/cache:       857M       134M
Swap:         8.0G       595M       7.4G

             total       used       free     shared    buffers     cached
Mem:          992M       923M        68M       264K       3.2M        61M
-/+ buffers/cache:       859M       133M
Swap:         8.0G       594M       7.4G

             total       used       free     shared    buffers     cached
Mem:          992M       924M        67M       264K       3.2M        61M
-/+ buffers/cache:       860M       131M
Swap:         8.0G       594M       7.4G

             total       used       free     shared    buffers     cached
Mem:          992M       926M        65M       264K       3.2M        61M
-/+ buffers/cache:       861M       130M
Swap:         8.0G       593M       7.4G

             total       used       free     shared    buffers     cached
Mem:          992M       921M        71M       264K       4.3M        65M
-/+ buffers/cache:       851M       140M
Swap:         8.0G       592M       7.4G

             total       used       free     shared    buffers     cached
Mem:          992M       921M        70M       304K       8.4M        74M
-/+ buffers/cache:       838M       153M
Swap:         8.0G       612M       7.4G
