             total       used       free     shared    buffers     cached
Mem:          992M       670M       321M       3.3M        39M       288M
-/+ buffers/cache:       343M       648M
Swap:         8.0G         0B       8.0G

             total       used       free     shared    buffers     cached
Mem:          992M       671M       321M       3.3M        39M       288M
-/+ buffers/cache:       343M       648M
Swap:         8.0G         0B       8.0G

             total       used       free     shared    buffers     cached
Mem:          992M       671M       321M       3.3M        39M       288M
-/+ buffers/cache:       343M       648M
Swap:         8.0G         0B       8.0G

             total       used       free     shared    buffers     cached
Mem:          992M       671M       320M       3.3M        39M       288M
-/+ buffers/cache:       343M       648M
Swap:         8.0G         0B       8.0G

             total       used       free     shared    buffers     cached
Mem:          992M       671M       320M       3.3M        39M       288M
-/+ buffers/cache:       343M       648M
Swap:         8.0G         0B       8.0G

             total       used       free     shared    buffers     cached
Mem:          992M       667M       324M       3.3M        39M       291M
-/+ buffers/cache:       336M       655M
Swap:         8.0G         0B       8.0G

             total       used       free     shared    buffers     cached
Mem:          992M       667M       325M       3.3M        39M       291M
-/+ buffers/cache:       336M       655M
Swap:         8.0G         0B       8.0G

             total       used       free     shared    buffers     cached
Mem:          992M       667M       325M       3.3M        39M       291M
-/+ buffers/cache:       336M       655M
Swap:         8.0G         0B       8.0G

             total       used       free     shared    buffers     cached
Mem:          992M       667M       325M       3.3M        39M       291M
-/+ buffers/cache:       336M       655M
Swap:         8.0G         0B       8.0G

             total       used       free     shared    buffers     cached
Mem:          992M       667M       325M       3.3M        39M       291M
-/+ buffers/cache:       336M       655M
Swap:         8.0G         0B       8.0G

             total       used       free     shared    buffers     cached
Mem:          992M       667M       325M       3.3M        39M       291M
-/+ buffers/cache:       336M       655M
Swap:         8.0G         0B       8.0G

             total       used       free     shared    buffers     cached
Mem:          992M       672M       320M       3.3M        39M       291M
-/+ buffers/cache:       341M       650M
Swap:         8.0G         0B       8.0G

             total       used       free     shared    buffers     cached
Mem:          992M       668M       323M       3.3M        39M       291M
-/+ buffers/cache:       337M       654M
Swap:         8.0G         0B       8.0G

             total       used       free     shared    buffers     cached
Mem:          992M       669M       323M       3.3M        39M       291M
-/+ buffers/cache:       338M       654M
Swap:         8.0G         0B       8.0G

             total       used       free     shared    buffers     cached
Mem:          992M       668M       323M       3.3M        39M       291M
-/+ buffers/cache:       337M       654M
Swap:         8.0G         0B       8.0G

             total       used       free     shared    buffers     cached
Mem:          992M       668M       323M       3.3M        39M       291M
-/+ buffers/cache:       337M       654M
Swap:         8.0G         0B       8.0G

             total       used       free     shared    buffers     cached
Mem:          992M       668M       323M       3.3M        39M       291M
-/+ buffers/cache:       337M       654M
Swap:         8.0G         0B       8.0G

             total       used       free     shared    buffers     cached
Mem:          992M       668M       323M       3.3M        39M       291M
-/+ buffers/cache:       337M       654M
Swap:         8.0G         0B       8.0G

             total       used       free     shared    buffers     cached
Mem:          992M       672M       319M       3.3M        39M       291M
-/+ buffers/cache:       341M       650M
Swap:         8.0G         0B       8.0G

             total       used       free     shared    buffers     cached
Mem:          992M       688M       303M       3.4M        39M       291M
-/+ buffers/cache:       357M       634M
Swap:         8.0G         0B       8.0G

             total       used       free     shared    buffers     cached
Mem:          992M       691M       300M       3.4M        39M       292M
-/+ buffers/cache:       360M       632M
Swap:         8.0G         0B       8.0G

             total       used       free     shared    buffers     cached
Mem:          992M       713M       278M       3.4M        39M       292M
-/+ buffers/cache:       382M       609M
Swap:         8.0G         0B       8.0G

             total       used       free     shared    buffers     cached
Mem:          992M       676M       315M       3.4M        39M       292M
-/+ buffers/cache:       344M       647M
Swap:         8.0G         0B       8.0G

             total       used       free     shared    buffers     cached
Mem:          992M       676M       316M       3.4M        39M       292M
-/+ buffers/cache:       344M       648M
Swap:         8.0G         0B       8.0G

             total       used       free     shared    buffers     cached
Mem:          992M       678M       313M       3.4M        39M       292M
-/+ buffers/cache:       346M       645M
Swap:         8.0G         0B       8.0G

             total       used       free     shared    buffers     cached
Mem:          992M       677M       314M       3.4M        39M       292M
-/+ buffers/cache:       345M       647M
Swap:         8.0G         0B       8.0G

             total       used       free     shared    buffers     cached
Mem:          992M       677M       314M       3.4M        39M       292M
-/+ buffers/cache:       345M       647M
Swap:         8.0G         0B       8.0G

             total       used       free     shared    buffers     cached
Mem:          992M       677M       314M       3.4M        39M       292M
-/+ buffers/cache:       345M       647M
Swap:         8.0G         0B       8.0G

             total       used       free     shared    buffers     cached
Mem:          992M       677M       314M       3.4M        39M       292M
-/+ buffers/cache:       345M       646M
Swap:         8.0G         0B       8.0G

             total       used       free     shared    buffers     cached
Mem:          992M       677M       314M       3.4M        39M       292M
-/+ buffers/cache:       345M       647M
Swap:         8.0G         0B       8.0G

             total       used       free     shared    buffers     cached
Mem:          992M       677M       314M       3.4M        39M       292M
-/+ buffers/cache:       345M       647M
Swap:         8.0G         0B       8.0G

             total       used       free     shared    buffers     cached
Mem:          992M       677M       314M       3.4M        39M       292M
-/+ buffers/cache:       345M       647M
Swap:         8.0G         0B       8.0G

             total       used       free     shared    buffers     cached
Mem:          992M       677M       314M       3.4M        39M       292M
-/+ buffers/cache:       345M       647M
Swap:         8.0G         0B       8.0G

             total       used       free     shared    buffers     cached
Mem:          992M       677M       314M       3.4M        39M       292M
-/+ buffers/cache:       345M       647M
Swap:         8.0G         0B       8.0G

             total       used       free     shared    buffers     cached
Mem:          992M       687M       304M       3.4M        39M       292M
-/+ buffers/cache:       355M       636M
Swap:         8.0G         0B       8.0G

             total       used       free     shared    buffers     cached
Mem:          992M       700M       291M       3.4M        39M       292M
-/+ buffers/cache:       368M       623M
Swap:         8.0G         0B       8.0G

             total       used       free     shared    buffers     cached
Mem:          992M       712M       279M       3.4M        39M       292M
-/+ buffers/cache:       380M       612M
Swap:         8.0G         0B       8.0G

             total       used       free     shared    buffers     cached
Mem:          992M       723M       268M       3.4M        39M       292M
-/+ buffers/cache:       391M       600M
Swap:         8.0G         0B       8.0G

             total       used       free     shared    buffers     cached
Mem:          992M       736M       256M       3.4M        39M       292M
-/+ buffers/cache:       403M       588M
Swap:         8.0G         0B       8.0G

             total       used       free     shared    buffers     cached
Mem:          992M       748M       243M       3.4M        39M       292M
-/+ buffers/cache:       416M       575M
Swap:         8.0G         0B       8.0G

             total       used       free     shared    buffers     cached
Mem:          992M       762M       230M       3.4M        39M       292M
-/+ buffers/cache:       430M       562M
Swap:         8.0G         0B       8.0G

             total       used       free     shared    buffers     cached
Mem:          992M       773M       219M       3.4M        39M       292M
-/+ buffers/cache:       440M       551M
Swap:         8.0G         0B       8.0G

             total       used       free     shared    buffers     cached
Mem:          992M       785M       206M       3.4M        39M       292M
-/+ buffers/cache:       453M       538M
Swap:         8.0G         0B       8.0G

             total       used       free     shared    buffers     cached
Mem:          992M       796M       195M       3.4M        39M       292M
-/+ buffers/cache:       464M       527M
Swap:         8.0G         0B       8.0G

             total       used       free     shared    buffers     cached
Mem:          992M       809M       182M       3.4M        39M       292M
-/+ buffers/cache:       477M       514M
Swap:         8.0G         0B       8.0G

             total       used       free     shared    buffers     cached
Mem:          992M       822M       169M       3.4M        39M       292M
-/+ buffers/cache:       490M       501M
Swap:         8.0G         0B       8.0G

             total       used       free     shared    buffers     cached
Mem:          992M       835M       156M       3.4M        39M       292M
-/+ buffers/cache:       503M       488M
Swap:         8.0G         0B       8.0G

             total       used       free     shared    buffers     cached
Mem:          992M       847M       144M       3.4M        39M       292M
-/+ buffers/cache:       515M       476M
Swap:         8.0G         0B       8.0G

             total       used       free     shared    buffers     cached
Mem:          992M       859M       132M       3.4M        39M       292M
-/+ buffers/cache:       527M       464M
Swap:         8.0G         0B       8.0G

             total       used       free     shared    buffers     cached
Mem:          992M       872M       119M       3.4M        39M       292M
-/+ buffers/cache:       540M       451M
Swap:         8.0G         0B       8.0G

             total       used       free     shared    buffers     cached
Mem:          992M       877M       114M       3.4M        39M       292M
-/+ buffers/cache:       545M       446M
Swap:         8.0G         0B       8.0G

             total       used       free     shared    buffers     cached
Mem:          992M       886M       105M       3.4M        39M       292M
-/+ buffers/cache:       554M       437M
Swap:         8.0G         0B       8.0G

             total       used       free     shared    buffers     cached
Mem:          992M       898M        93M       3.4M        39M       292M
-/+ buffers/cache:       566M       425M
Swap:         8.0G         0B       8.0G

             total       used       free     shared    buffers     cached
Mem:          992M       906M        85M       3.4M        39M       292M
-/+ buffers/cache:       574M       418M
Swap:         8.0G         0B       8.0G

             total       used       free     shared    buffers     cached
Mem:          992M       917M        74M       3.4M        39M       292M
-/+ buffers/cache:       585M       406M
Swap:         8.0G         0B       8.0G

             total       used       free     shared    buffers     cached
Mem:          992M       930M        61M       3.4M        39M       292M
-/+ buffers/cache:       598M       393M
Swap:         8.0G         0B       8.0G

             total       used       free     shared    buffers     cached
Mem:          992M       924M        67M       3.4M        21M       291M
-/+ buffers/cache:       611M       381M
Swap:         8.0G         0B       8.0G

             total       used       free     shared    buffers     cached
Mem:          992M       933M        58M       3.4M        21M       291M
-/+ buffers/cache:       620M       372M
Swap:         8.0G         0B       8.0G

             total       used       free     shared    buffers     cached
Mem:          992M       921M        71M       3.4M        10M       284M
-/+ buffers/cache:       625M       366M
Swap:         8.0G         4K       8.0G

             total       used       free     shared    buffers     cached
Mem:          992M       931M        61M       3.4M        10M       284M
-/+ buffers/cache:       635M       356M
Swap:         8.0G         4K       8.0G

             total       used       free     shared    buffers     cached
Mem:          992M       926M        65M       3.3M       9.9M       267M
-/+ buffers/cache:       648M       343M
Swap:         8.0G        88K       8.0G

             total       used       free     shared    buffers     cached
Mem:          992M       919M        72M       3.2M       9.9M       248M
-/+ buffers/cache:       660M       331M
Swap:         8.0G       224K       8.0G

             total       used       free     shared    buffers     cached
Mem:          992M       931M        60M       3.2M       9.9M       248M
-/+ buffers/cache:       672M       319M
Swap:         8.0G       224K       8.0G

             total       used       free     shared    buffers     cached
Mem:          992M       929M        62M       3.2M       9.9M       235M
-/+ buffers/cache:       684M       307M
Swap:         8.0G       3.6M       8.0G

             total       used       free     shared    buffers     cached
Mem:          992M       909M        82M       3.2M       8.2M       210M
-/+ buffers/cache:       691M       300M
Swap:         8.0G       7.7M       8.0G

             total       used       free     shared    buffers     cached
Mem:          992M       922M        70M       3.2M       8.2M       210M
-/+ buffers/cache:       703M       288M
Swap:         8.0G       7.7M       8.0G

             total       used       free     shared    buffers     cached
Mem:          992M       932M        59M       3.2M       8.2M       210M
-/+ buffers/cache:       714M       277M
Swap:         8.0G       7.7M       8.0G

             total       used       free     shared    buffers     cached
Mem:          992M       929M        62M       3.2M       2.4M       202M
-/+ buffers/cache:       724M       267M
Swap:         8.0G       7.7M       8.0G

             total       used       free     shared    buffers     cached
Mem:          992M       915M        77M       3.2M       536K       180M
-/+ buffers/cache:       734M       258M
Swap:         8.0G       7.7M       8.0G

             total       used       free     shared    buffers     cached
Mem:          992M       926M        66M       3.2M       540K       180M
-/+ buffers/cache:       745M       247M
Swap:         8.0G       7.7M       8.0G

             total       used       free     shared    buffers     cached
Mem:          992M       914M        77M       3.2M       144K       159M
-/+ buffers/cache:       754M       237M
Swap:         8.0G       7.7M       8.0G

             total       used       free     shared    buffers     cached
Mem:          992M       925M        66M       3.2M       152K       159M
-/+ buffers/cache:       765M       226M
Swap:         8.0G       7.7M       8.0G

             total       used       free     shared    buffers     cached
Mem:          992M       916M        75M       3.2M       152K       140M
-/+ buffers/cache:       775M       216M
Swap:         8.0G       7.7M       8.0G

             total       used       free     shared    buffers     cached
Mem:          992M       927M        64M       3.2M       152K       140M
-/+ buffers/cache:       786M       205M
Swap:         8.0G       7.7M       8.0G

             total       used       free     shared    buffers     cached
Mem:          992M       931M        60M       3.2M       152K       140M
-/+ buffers/cache:       790M       201M
Swap:         8.0G       7.7M       8.0G

             total       used       free     shared    buffers     cached
Mem:          992M       922M        69M       3.2M        88K       124M
-/+ buffers/cache:       798M       193M
Swap:         8.0G       7.7M       8.0G

             total       used       free     shared    buffers     cached
Mem:          992M       919M        73M       3.2M        96K       109M
-/+ buffers/cache:       809M       183M
Swap:         8.0G       7.7M       8.0G

             total       used       free     shared    buffers     cached
Mem:          992M       918M        73M       3.2M       232K        97M
-/+ buffers/cache:       820M       171M
Swap:         8.0G       7.7M       8.0G

             total       used       free     shared    buffers     cached
Mem:          992M       930M        61M       3.2M       232K        97M
-/+ buffers/cache:       832M       159M
Swap:         8.0G       7.7M       8.0G

             total       used       free     shared    buffers     cached
Mem:          992M       913M        78M       3.2M       2.1M        68M
-/+ buffers/cache:       843M       149M
Swap:         8.0G       7.7M       8.0G

             total       used       free     shared    buffers     cached
Mem:          992M       926M        66M       3.2M       2.1M        68M
-/+ buffers/cache:       855M       136M
Swap:         8.0G       7.7M       8.0G

             total       used       free     shared    buffers     cached
Mem:          992M       922M        70M       3.2M       2.1M        52M
-/+ buffers/cache:       867M       125M
Swap:         8.0G       7.7M       8.0G

             total       used       free     shared    buffers     cached
Mem:          992M       914M        77M       3.2M       2.1M        33M
-/+ buffers/cache:       879M       112M
Swap:         8.0G       7.7M       8.0G

             total       used       free     shared    buffers     cached
Mem:          992M       926M        65M       3.2M       2.4M        33M
-/+ buffers/cache:       891M       100M
Swap:         8.0G       7.7M       8.0G

             total       used       free     shared    buffers     cached
Mem:          992M       923M        68M       3.1M       2.4M        20M
-/+ buffers/cache:       900M        91M
Swap:         8.0G        13M       8.0G

             total       used       free     shared    buffers     cached
Mem:          992M       921M        70M       3.1M       1.0M        12M
-/+ buffers/cache:       908M        83M
Swap:         8.0G        13M       8.0G

             total       used       free     shared    buffers     cached
Mem:          992M       919M        72M       2.9M        76K       4.6M
-/+ buffers/cache:       915M        76M
Swap:         8.0G        26M       8.0G

             total       used       free     shared    buffers     cached
Mem:          992M       925M        66M       2.9M       464K       4.6M
-/+ buffers/cache:       920M        71M
Swap:         8.0G        26M       8.0G

             total       used       free     shared    buffers     cached
Mem:          992M       924M        67M       2.7M       464K       4.3M
-/+ buffers/cache:       919M        72M
Swap:         8.0G        39M       8.0G

             total       used       free     shared    buffers     cached
Mem:          992M       913M        78M       2.7M       464K       4.3M
-/+ buffers/cache:       909M        82M
Swap:         8.0G        58M       7.9G

             total       used       free     shared    buffers     cached
Mem:          992M       923M        68M       2.7M       464K       4.2M
-/+ buffers/cache:       919M        72M
Swap:         8.0G        58M       7.9G

             total       used       free     shared    buffers     cached
Mem:          992M       916M        76M       2.7M       464K       4.3M
-/+ buffers/cache:       911M        80M
Swap:         8.0G        85M       7.9G

             total       used       free     shared    buffers     cached
Mem:          992M       922M        69M       2.6M       472K       4.2M
-/+ buffers/cache:       918M        73M
Swap:         8.0G        85M       7.9G

             total       used       free     shared    buffers     cached
Mem:          992M       931M        61M       2.6M       472K       4.2M
-/+ buffers/cache:       926M        65M
Swap:         8.0G        85M       7.9G

             total       used       free     shared    buffers     cached
Mem:          992M       928M        63M       2.6M       472K       4.6M
-/+ buffers/cache:       923M        68M
Swap:         8.0G        87M       7.9G

             total       used       free     shared    buffers     cached
Mem:          992M       931M        60M       2.6M       472K        23M
-/+ buffers/cache:       907M        84M
Swap:         8.0G       132M       7.9G

             total       used       free     shared    buffers     cached
Mem:          992M       909M        83M       2.6M       776K       9.8M
-/+ buffers/cache:       898M        93M
Swap:         8.0G       142M       7.9G

             total       used       free     shared    buffers     cached
Mem:          992M       920M        71M       2.6M       780K        11M
-/+ buffers/cache:       908M        83M
Swap:         8.0G       142M       7.9G

             total       used       free     shared    buffers     cached
Mem:          992M       925M        66M       2.6M       788K        11M
-/+ buffers/cache:       913M        78M
Swap:         8.0G       142M       7.9G

             total       used       free     shared    buffers     cached
Mem:          992M       923M        69M       2.6M       780K        10M
-/+ buffers/cache:       911M        80M
Swap:         8.0G       152M       7.8G

             total       used       free     shared    buffers     cached
Mem:          992M       929M        63M       2.6M       780K        10M
-/+ buffers/cache:       917M        74M
Swap:         8.0G       152M       7.8G

             total       used       free     shared    buffers     cached
Mem:          992M       922M        69M       2.6M       740K        10M
-/+ buffers/cache:       912M        80M
Swap:         8.0G       162M       7.8G

             total       used       free     shared    buffers     cached
Mem:          992M       915M        76M       2.6M       740K       8.9M
-/+ buffers/cache:       906M        86M
Swap:         8.0G       182M       7.8G

             total       used       free     shared    buffers     cached
Mem:          992M       922M        69M       2.5M       748K       8.9M
-/+ buffers/cache:       912M        79M
Swap:         8.0G       182M       7.8G

             total       used       free     shared    buffers     cached
Mem:          992M       924M        67M       2.5M       748K       9.0M
-/+ buffers/cache:       914M        77M
Swap:         8.0G       182M       7.8G

             total       used       free     shared    buffers     cached
Mem:          992M       924M        67M       2.5M       748K       9.0M
-/+ buffers/cache:       914M        77M
Swap:         8.0G       182M       7.8G

             total       used       free     shared    buffers     cached
Mem:          992M       924M        67M       2.5M       748K       9.0M
-/+ buffers/cache:       914M        77M
Swap:         8.0G       182M       7.8G

             total       used       free     shared    buffers     cached
Mem:          992M       924M        67M       2.5M       748K       9.0M
-/+ buffers/cache:       914M        77M
Swap:         8.0G       182M       7.8G

             total       used       free     shared    buffers     cached
Mem:          992M       924M        67M       2.5M       756K       9.0M
-/+ buffers/cache:       914M        77M
Swap:         8.0G       182M       7.8G

             total       used       free     shared    buffers     cached
Mem:          992M       924M        67M       2.5M       756K       9.0M
-/+ buffers/cache:       914M        77M
Swap:         8.0G       182M       7.8G

             total       used       free     shared    buffers     cached
Mem:          992M       924M        67M       2.5M       756K       9.0M
-/+ buffers/cache:       914M        77M
Swap:         8.0G       182M       7.8G

             total       used       free     shared    buffers     cached
Mem:          992M       916M        75M       2.5M       452K        35M
-/+ buffers/cache:       881M       110M
Swap:         8.0G       215M       7.8G

             total       used       free     shared    buffers     cached
Mem:          992M       927M        64M       2.5M       460K        35M
-/+ buffers/cache:       892M        99M
Swap:         8.0G       215M       7.8G

             total       used       free     shared    buffers     cached
Mem:          992M       907M        84M       2.5M       292K        29M
-/+ buffers/cache:       877M       114M
Swap:         8.0G       250M       7.8G

             total       used       free     shared    buffers     cached
Mem:          992M       920M        72M       2.5M       296K        30M
-/+ buffers/cache:       888M       103M
Swap:         8.0G       249M       7.8G

             total       used       free     shared    buffers     cached
Mem:          992M       923M        68M       2.5M       296K        30M
-/+ buffers/cache:       892M        99M
Swap:         8.0G       249M       7.8G

             total       used       free     shared    buffers     cached
Mem:          992M       927M        64M       2.5M       296K        30M
-/+ buffers/cache:       896M        95M
Swap:         8.0G       249M       7.8G

             total       used       free     shared    buffers     cached
Mem:          992M       921M        70M       2.5M       216K        29M
-/+ buffers/cache:       891M       100M
Swap:         8.0G       254M       7.7G

             total       used       free     shared    buffers     cached
Mem:          992M       924M        67M       2.5M       216K        29M
-/+ buffers/cache:       894M        97M
Swap:         8.0G       254M       7.7G

             total       used       free     shared    buffers     cached
Mem:          992M       930M        61M       2.5M       216K        29M
-/+ buffers/cache:       900M        91M
Swap:         8.0G       254M       7.7G

             total       used       free     shared    buffers     cached
Mem:          992M       922M        70M       2.5M       212K        27M
-/+ buffers/cache:       894M        97M
Swap:         8.0G       266M       7.7G

             total       used       free     shared    buffers     cached
Mem:          992M       926M        65M       2.5M       212K        27M
-/+ buffers/cache:       899M        93M
Swap:         8.0G       266M       7.7G

             total       used       free     shared    buffers     cached
Mem:          992M       930M        61M       2.5M       220K        27M
-/+ buffers/cache:       903M        88M
Swap:         8.0G       266M       7.7G

             total       used       free     shared    buffers     cached
Mem:          992M       921M        70M       2.5M       220K        24M
-/+ buffers/cache:       897M        94M
Swap:         8.0G       275M       7.7G

             total       used       free     shared    buffers     cached
Mem:          992M       925M        67M       2.5M       220K        24M
-/+ buffers/cache:       900M        91M
Swap:         8.0G       275M       7.7G

             total       used       free     shared    buffers     cached
Mem:          992M       929M        62M       2.5M       220K        24M
-/+ buffers/cache:       905M        86M
Swap:         8.0G       275M       7.7G

             total       used       free     shared    buffers     cached
Mem:          992M       917M        74M       2.5M        84K        16M
-/+ buffers/cache:       901M        90M
Swap:         8.0G       283M       7.7G

             total       used       free     shared    buffers     cached
Mem:          992M       919M        72M       2.5M       104K        16M
-/+ buffers/cache:       903M        88M
Swap:         8.0G       283M       7.7G

             total       used       free     shared    buffers     cached
Mem:          992M       923M        68M       2.5M       104K        16M
-/+ buffers/cache:       907M        84M
Swap:         8.0G       283M       7.7G

             total       used       free     shared    buffers     cached
Mem:          992M       927M        64M       2.5M       104K        16M
-/+ buffers/cache:       910M        81M
Swap:         8.0G       283M       7.7G

             total       used       free     shared    buffers     cached
Mem:          992M       930M        61M       2.5M       104K        16M
-/+ buffers/cache:       914M        77M
Swap:         8.0G       283M       7.7G

             total       used       free     shared    buffers     cached
Mem:          992M       921M        70M       2.5M       216K       8.5M
-/+ buffers/cache:       912M        79M
Swap:         8.0G       283M       7.7G

             total       used       free     shared    buffers     cached
Mem:          992M       924M        67M       2.5M       224K       8.4M
-/+ buffers/cache:       916M        75M
Swap:         8.0G       283M       7.7G

             total       used       free     shared    buffers     cached
Mem:          992M       927M        64M       2.5M       488K       8.5M
-/+ buffers/cache:       918M        73M
Swap:         8.0G       283M       7.7G

             total       used       free     shared    buffers     cached
Mem:          992M       931M        60M       2.5M       488K       8.5M
-/+ buffers/cache:       922M        69M
Swap:         8.0G       283M       7.7G

             total       used       free     shared    buffers     cached
Mem:          992M       917M        74M       2.5M       480K       5.7M
-/+ buffers/cache:       911M        80M
Swap:         8.0G       297M       7.7G

             total       used       free     shared    buffers     cached
Mem:          992M       920M        72M       2.5M       480K       5.7M
-/+ buffers/cache:       913M        78M
Swap:         8.0G       297M       7.7G

             total       used       free     shared    buffers     cached
Mem:          992M       922M        69M       2.5M       480K       5.7M
-/+ buffers/cache:       916M        75M
Swap:         8.0G       297M       7.7G

             total       used       free     shared    buffers     cached
Mem:          992M       925M        67M       2.5M       488K       5.7M
-/+ buffers/cache:       918M        73M
Swap:         8.0G       297M       7.7G

             total       used       free     shared    buffers     cached
Mem:          992M       928M        63M       2.5M       488K       5.9M
-/+ buffers/cache:       922M        69M
Swap:         8.0G       297M       7.7G

             total       used       free     shared    buffers     cached
Mem:          992M       915M        76M       2.5M       488K       5.4M
-/+ buffers/cache:       909M        82M
Swap:         8.0G       317M       7.7G

             total       used       free     shared    buffers     cached
Mem:          992M       916M        75M       2.5M       488K       5.4M
-/+ buffers/cache:       910M        81M
Swap:         8.0G       317M       7.7G

             total       used       free     shared    buffers     cached
Mem:          992M       919M        73M       2.5M       488K       5.4M
-/+ buffers/cache:       913M        79M
Swap:         8.0G       317M       7.7G

             total       used       free     shared    buffers     cached
Mem:          992M       921M        70M       2.5M       496K       5.5M
-/+ buffers/cache:       915M        76M
Swap:         8.0G       317M       7.7G

             total       used       free     shared    buffers     cached
Mem:          992M       924M        67M       2.5M       496K       5.5M
-/+ buffers/cache:       918M        73M
Swap:         8.0G       317M       7.7G

             total       used       free     shared    buffers     cached
Mem:          992M       925M        66M       2.5M       496K       5.5M
-/+ buffers/cache:       919M        72M
Swap:         8.0G       317M       7.7G

             total       used       free     shared    buffers     cached
Mem:          992M       928M        63M       2.5M       496K       5.5M
-/+ buffers/cache:       922M        69M
Swap:         8.0G       317M       7.7G

             total       used       free     shared    buffers     cached
Mem:          992M       931M        60M       2.5M       496K       5.5M
-/+ buffers/cache:       925M        66M
Swap:         8.0G       317M       7.7G

             total       used       free     shared    buffers     cached
Mem:          992M       919M        72M       2.5M       500K       4.9M
-/+ buffers/cache:       914M        78M
Swap:         8.0G       329M       7.7G

             total       used       free     shared    buffers     cached
Mem:          992M       921M        70M       2.5M       500K       4.9M
-/+ buffers/cache:       915M        76M
Swap:         8.0G       329M       7.7G

             total       used       free     shared    buffers     cached
Mem:          992M       938M        53M        84K        76K        17M
-/+ buffers/cache:       920M        71M
Swap:         8.0G       346M       7.7G

             total       used       free     shared    buffers     cached
Mem:          992M       909M        82M        56K        80K        13M
-/+ buffers/cache:       895M        96M
Swap:         8.0G       377M       7.6G

             total       used       free     shared    buffers     cached
Mem:          992M       912M        79M        56K        80K        13M
-/+ buffers/cache:       898M        93M
Swap:         8.0G       377M       7.6G

             total       used       free     shared    buffers     cached
Mem:          992M       930M        62M        56K        80K        29M
-/+ buffers/cache:       900M        91M
Swap:         8.0G       377M       7.6G

             total       used       free     shared    buffers     cached
Mem:          992M       906M        85M        56K       532K        23M
-/+ buffers/cache:       882M       109M
Swap:         8.0G       385M       7.6G

             total       used       free     shared    buffers     cached
Mem:          992M       918M        73M        56K       956K        28M
-/+ buffers/cache:       889M       103M
Swap:         8.0G       382M       7.6G

             total       used       free     shared    buffers     cached
Mem:          992M       920M        72M       112K       2.6M        43M
-/+ buffers/cache:       873M       118M
Swap:         8.0G       409M       7.6G

             total       used       free     shared    buffers     cached
Mem:          992M       923M        69M       184K       5.1M        53M
-/+ buffers/cache:       864M       127M
Swap:         8.0G       416M       7.6G

             total       used       free     shared    buffers     cached
Mem:          992M       923M        68M       172K       6.8M        56M
-/+ buffers/cache:       859M       132M
Swap:         8.0G       435M       7.6G

             total       used       free     shared    buffers     cached
Mem:          992M       872M       119M       184K       6.8M        51M
-/+ buffers/cache:       814M       178M
Swap:         8.0G       515M       7.5G

             total       used       free     shared    buffers     cached
Mem:          992M       856M       135M       184K       6.8M        51M
-/+ buffers/cache:       797M       194M
Swap:         8.0G       515M       7.5G

             total       used       free     shared    buffers     cached
Mem:          992M       857M       134M       172K       6.8M        51M
-/+ buffers/cache:       798M       193M
Swap:         8.0G       515M       7.5G

             total       used       free     shared    buffers     cached
Mem:          992M       859M       133M       172K       6.8M        51M
-/+ buffers/cache:       800M       191M
Swap:         8.0G       515M       7.5G

             total       used       free     shared    buffers     cached
Mem:          992M       861M       130M       172K       6.8M        51M
-/+ buffers/cache:       802M       189M
Swap:         8.0G       515M       7.5G

             total       used       free     shared    buffers     cached
Mem:          992M       863M       129M       172K       6.8M        51M
-/+ buffers/cache:       804M       187M
Swap:         8.0G       515M       7.5G

             total       used       free     shared    buffers     cached
Mem:          992M       864M       128M       172K       6.8M        51M
-/+ buffers/cache:       805M       186M
Swap:         8.0G       515M       7.5G

             total       used       free     shared    buffers     cached
Mem:          992M       866M       126M       172K       6.8M        51M
-/+ buffers/cache:       807M       184M
Swap:         8.0G       515M       7.5G

             total       used       free     shared    buffers     cached
Mem:          992M       867M       124M       172K       6.8M        51M
-/+ buffers/cache:       809M       182M
Swap:         8.0G       515M       7.5G

             total       used       free     shared    buffers     cached
Mem:          992M       869M       122M       172K       6.8M        51M
-/+ buffers/cache:       810M       181M
Swap:         8.0G       515M       7.5G

             total       used       free     shared    buffers     cached
Mem:          992M       870M       121M       172K       6.8M        51M
-/+ buffers/cache:       811M       180M
Swap:         8.0G       515M       7.5G

             total       used       free     shared    buffers     cached
Mem:          992M       872M       119M       172K       6.9M        51M
-/+ buffers/cache:       813M       178M
Swap:         8.0G       515M       7.5G

             total       used       free     shared    buffers     cached
Mem:          992M       874M       117M       172K       6.9M        51M
-/+ buffers/cache:       815M       176M
Swap:         8.0G       515M       7.5G

             total       used       free     shared    buffers     cached
Mem:          992M       875M       116M       172K       6.9M        51M
-/+ buffers/cache:       816M       175M
Swap:         8.0G       515M       7.5G

             total       used       free     shared    buffers     cached
Mem:          992M       877M       115M       172K       6.9M        51M
-/+ buffers/cache:       818M       173M
Swap:         8.0G       515M       7.5G

             total       used       free     shared    buffers     cached
Mem:          992M       879M       113M       172K       6.9M        51M
-/+ buffers/cache:       820M       171M
Swap:         8.0G       515M       7.5G

             total       used       free     shared    buffers     cached
Mem:          992M       880M       111M       172K       6.9M        51M
-/+ buffers/cache:       822M       169M
Swap:         8.0G       515M       7.5G

             total       used       free     shared    buffers     cached
Mem:          992M       881M       110M       172K       6.9M        51M
-/+ buffers/cache:       823M       169M
Swap:         8.0G       515M       7.5G

             total       used       free     shared    buffers     cached
Mem:          992M       883M       108M       172K       6.9M        51M
-/+ buffers/cache:       825M       167M
Swap:         8.0G       515M       7.5G

             total       used       free     shared    buffers     cached
Mem:          992M       900M        91M       172K       6.9M        51M
-/+ buffers/cache:       841M       150M
Swap:         8.0G       492M       7.5G

             total       used       free     shared    buffers     cached
Mem:          992M       914M        77M       172K       6.9M        51M
-/+ buffers/cache:       856M       136M
Swap:         8.0G       473M       7.5G

             total       used       free     shared    buffers     cached
Mem:          992M       915M        76M       172K       6.5M        53M
-/+ buffers/cache:       854M       137M
Swap:         8.0G       452M       7.6G

             total       used       free     shared    buffers     cached
Mem:          992M       919M        72M       172K       6.5M        52M
-/+ buffers/cache:       860M       132M
Swap:         8.0G       432M       7.6G

             total       used       free     shared    buffers     cached
Mem:          992M       920M        71M       172K       6.0M        50M
-/+ buffers/cache:       864M       127M
Swap:         8.0G       425M       7.6G

             total       used       free     shared    buffers     cached
Mem:          992M       929M        62M       172K       5.6M        48M
-/+ buffers/cache:       875M       116M
Swap:         8.0G       412M       7.6G

             total       used       free     shared    buffers     cached
Mem:          992M       928M        63M       172K       2.6M        44M
-/+ buffers/cache:       881M       110M
Swap:         8.0G       408M       7.6G

             total       used       free     shared    buffers     cached
Mem:          992M       928M        64M       172K       1.4M        38M
-/+ buffers/cache:       887M       104M
Swap:         8.0G       401M       7.6G

             total       used       free     shared    buffers     cached
Mem:          992M       927M        64M       172K       316K        23M
-/+ buffers/cache:       904M        88M
Swap:         8.0G       383M       7.6G

             total       used       free     shared    buffers     cached
Mem:          992M       920M        71M       172K       200K       7.6M
-/+ buffers/cache:       912M        79M
Swap:         8.0G       367M       7.6G

             total       used       free     shared    buffers     cached
Mem:          992M       921M        70M       172K       180K       2.3M
-/+ buffers/cache:       919M        73M
Swap:         8.0G       358M       7.6G

             total       used       free     shared    buffers     cached
Mem:          992M       917M        74M       168K       436K       1.9M
-/+ buffers/cache:       915M        76M
Swap:         8.0G       360M       7.6G

             total       used       free     shared    buffers     cached
Mem:          992M       921M        70M       168K       436K       1.9M
-/+ buffers/cache:       919M        72M
Swap:         8.0G       352M       7.7G

             total       used       free     shared    buffers     cached
Mem:          992M       923M        69M       168K       384K       1.4M
-/+ buffers/cache:       921M        70M
Swap:         8.0G       356M       7.6G

             total       used       free     shared    buffers     cached
Mem:          992M       930M        61M       168K       384K       1.4M
-/+ buffers/cache:       928M        63M
Swap:         8.0G       348M       7.7G

             total       used       free     shared    buffers     cached
Mem:          992M       920M        71M       168K       348K       1.4M
-/+ buffers/cache:       918M        73M
Swap:         8.0G       348M       7.7G

             total       used       free     shared    buffers     cached
Mem:          992M       926M        65M       168K        88K       3.0M
-/+ buffers/cache:       923M        68M
Swap:         8.0G       355M       7.7G

             total       used       free     shared    buffers     cached
Mem:          992M       925M        66M       168K       216K       3.7M
-/+ buffers/cache:       921M        70M
Swap:         8.0G       362M       7.6G

             total       used       free     shared    buffers     cached
Mem:          992M       927M        64M       168K       216K       3.8M
-/+ buffers/cache:       923M        68M
Swap:         8.0G       342M       7.7G

             total       used       free     shared    buffers     cached
Mem:          992M       890M       101M       116K       216K       5.9M
-/+ buffers/cache:       884M       107M
Swap:         8.0G       427M       7.6G

             total       used       free     shared    buffers     cached
Mem:          992M       894M        97M       116K       216K       5.9M
-/+ buffers/cache:       888M       103M
Swap:         8.0G       422M       7.6G

             total       used       free     shared    buffers     cached
Mem:          992M       912M        79M       116K       216K       6.1M
-/+ buffers/cache:       906M        85M
Swap:         8.0G       400M       7.6G

             total       used       free     shared    buffers     cached
Mem:          992M       931M        61M       116K       216K       6.1M
-/+ buffers/cache:       924M        67M
Swap:         8.0G       378M       7.6G

             total       used       free     shared    buffers     cached
Mem:          992M       919M        72M       116K       208K       5.2M
-/+ buffers/cache:       914M        78M
Swap:         8.0G       359M       7.6G

             total       used       free     shared    buffers     cached
Mem:          992M       924M        67M       116K       216K       5.5M
-/+ buffers/cache:       918M        73M
Swap:         8.0G       349M       7.7G

             total       used       free     shared    buffers     cached
Mem:          992M       922M        69M       116K       216K       5.4M
-/+ buffers/cache:       917M        75M
Swap:         8.0G       351M       7.7G

             total       used       free     shared    buffers     cached
Mem:          992M       928M        63M       116K       216K       5.4M
-/+ buffers/cache:       922M        69M
Swap:         8.0G       343M       7.7G

             total       used       free     shared    buffers     cached
Mem:          992M       926M        65M       116K       216K       5.3M
-/+ buffers/cache:       920M        71M
Swap:         8.0G       346M       7.7G

             total       used       free     shared    buffers     cached
Mem:          992M       927M        64M       116K       208K       4.8M
-/+ buffers/cache:       922M        69M
Swap:         8.0G       342M       7.7G

             total       used       free     shared    buffers     cached
Mem:          992M       920M        71M        64K       208K       4.4M
-/+ buffers/cache:       915M        76M
Swap:         8.0G       344M       7.7G

             total       used       free     shared    buffers     cached
Mem:          992M       918M        73M         0B       216K       4.1M
-/+ buffers/cache:       914M        77M
Swap:         8.0G       345M       7.7G

             total       used       free     shared    buffers     cached
Mem:          992M       916M        75M         4K        88K       1.6M
-/+ buffers/cache:       915M        77M
Swap:         8.0G       346M       7.7G

             total       used       free     shared    buffers     cached
Mem:          992M       920M        71M         4K       216K       1.6M
-/+ buffers/cache:       919M        73M
Swap:         8.0G       336M       7.7G

             total       used       free     shared    buffers     cached
Mem:          992M       924M        67M         4K       216K       1.4M
-/+ buffers/cache:       922M        69M
Swap:         8.0G       333M       7.7G

             total       used       free     shared    buffers     cached
Mem:          992M       924M        67M         4K       216K       1.4M
-/+ buffers/cache:       922M        69M
Swap:         8.0G       345M       7.7G

             total       used       free     shared    buffers     cached
Mem:          992M       919M        72M         4K        80K        17M
-/+ buffers/cache:       902M        90M
Swap:         8.0G       374M       7.6G

             total       used       free     shared    buffers     cached
Mem:          992M       920M        71M         4K       524K        16M
-/+ buffers/cache:       903M        88M
Swap:         8.0G       367M       7.6G

             total       used       free     shared    buffers     cached
Mem:          992M       916M        75M         4K       524K        15M
-/+ buffers/cache:       901M        91M
Swap:         8.0G       365M       7.6G

             total       used       free     shared    buffers     cached
Mem:          992M       919M        72M         4K       524K        15M
-/+ buffers/cache:       903M        88M
Swap:         8.0G       364M       7.6G

             total       used       free     shared    buffers     cached
Mem:          992M       921M        70M         4K       524K        15M
-/+ buffers/cache:       905M        86M
Swap:         8.0G       363M       7.6G

             total       used       free     shared    buffers     cached
Mem:          992M       925M        67M         4K       524K        15M
-/+ buffers/cache:       909M        83M
Swap:         8.0G       362M       7.6G

             total       used       free     shared    buffers     cached
Mem:          992M       928M        63M         4K       532K        15M
-/+ buffers/cache:       912M        79M
Swap:         8.0G       362M       7.6G

             total       used       free     shared    buffers     cached
Mem:          992M       931M        60M         4K       532K        15M
-/+ buffers/cache:       915M        76M
Swap:         8.0G       362M       7.6G

             total       used       free     shared    buffers     cached
Mem:          992M       919M        72M         4K       528K        13M
-/+ buffers/cache:       905M        86M
Swap:         8.0G       379M       7.6G

             total       used       free     shared    buffers     cached
Mem:          992M       923M        68M         4K       528K        13M
-/+ buffers/cache:       909M        83M
Swap:         8.0G       379M       7.6G

             total       used       free     shared    buffers     cached
Mem:          992M       926M        65M         4K       528K        13M
-/+ buffers/cache:       912M        80M
Swap:         8.0G       379M       7.6G

             total       used       free     shared    buffers     cached
Mem:          992M       929M        63M         4K       536K        13M
-/+ buffers/cache:       914M        77M
Swap:         8.0G       379M       7.6G

             total       used       free     shared    buffers     cached
Mem:          992M       918M        73M         4K       536K        13M
-/+ buffers/cache:       904M        87M
Swap:         8.0G       390M       7.6G

             total       used       free     shared    buffers     cached
Mem:          992M       930M        61M       216K       3.4M        19M
-/+ buffers/cache:       907M        85M
Swap:         8.0G       399M       7.6G

             total       used       free     shared    buffers     cached
Mem:          992M       921M        70M       220K       4.1M        38M
-/+ buffers/cache:       878M       113M
Swap:         8.0G       432M       7.6G

             total       used       free     shared    buffers     cached
Mem:          992M       919M        72M       232K       5.6M        46M
-/+ buffers/cache:       867M       124M
Swap:         8.0G       435M       7.6G
