             total       used       free     shared    buffers     cached
Mem:          992M       656M       335M       3.2M        41M       287M
-/+ buffers/cache:       327M       664M
Swap:         8.0G         0B       8.0G

             total       used       free     shared    buffers     cached
Mem:          992M       656M       336M       3.2M        41M       287M
-/+ buffers/cache:       326M       665M
Swap:         8.0G         0B       8.0G

             total       used       free     shared    buffers     cached
Mem:          992M       656M       336M       3.2M        41M       287M
-/+ buffers/cache:       326M       665M
Swap:         8.0G         0B       8.0G

             total       used       free     shared    buffers     cached
Mem:          992M       656M       336M       3.2M        41M       287M
-/+ buffers/cache:       326M       665M
Swap:         8.0G         0B       8.0G

             total       used       free     shared    buffers     cached
Mem:          992M       656M       336M       3.2M        41M       287M
-/+ buffers/cache:       326M       665M
Swap:         8.0G         0B       8.0G

             total       used       free     shared    buffers     cached
Mem:          992M       656M       336M       3.2M        41M       287M
-/+ buffers/cache:       326M       665M
Swap:         8.0G         0B       8.0G

             total       used       free     shared    buffers     cached
Mem:          992M       656M       336M       3.2M        41M       287M
-/+ buffers/cache:       326M       665M
Swap:         8.0G         0B       8.0G

             total       used       free     shared    buffers     cached
Mem:          992M       656M       336M       3.2M        41M       287M
-/+ buffers/cache:       326M       665M
Swap:         8.0G         0B       8.0G

             total       used       free     shared    buffers     cached
Mem:          992M       656M       336M       3.2M        41M       287M
-/+ buffers/cache:       326M       665M
Swap:         8.0G         0B       8.0G

             total       used       free     shared    buffers     cached
Mem:          992M       655M       336M       3.2M        41M       287M
-/+ buffers/cache:       326M       665M
Swap:         8.0G         0B       8.0G

             total       used       free     shared    buffers     cached
Mem:          992M       655M       336M       3.2M        41M       287M
-/+ buffers/cache:       326M       666M
Swap:         8.0G         0B       8.0G

             total       used       free     shared    buffers     cached
Mem:          992M       658M       333M       3.2M        42M       287M
-/+ buffers/cache:       328M       663M
Swap:         8.0G         0B       8.0G

             total       used       free     shared    buffers     cached
Mem:          992M       658M       334M       3.2M        42M       287M
-/+ buffers/cache:       327M       664M
Swap:         8.0G         0B       8.0G

             total       used       free     shared    buffers     cached
Mem:          992M       661M       330M       3.2M        42M       288M
-/+ buffers/cache:       331M       660M
Swap:         8.0G         0B       8.0G

             total       used       free     shared    buffers     cached
Mem:          992M       683M       309M       3.3M        42M       288M
-/+ buffers/cache:       352M       639M
Swap:         8.0G         0B       8.0G

             total       used       free     shared    buffers     cached
Mem:          992M       678M       314M       3.3M        42M       291M
-/+ buffers/cache:       344M       647M
Swap:         8.0G         0B       8.0G

             total       used       free     shared    buffers     cached
Mem:          992M       723M       268M       3.3M        42M       291M
-/+ buffers/cache:       389M       602M
Swap:         8.0G         0B       8.0G

             total       used       free     shared    buffers     cached
Mem:          992M       736M       256M       3.3M        42M       292M
-/+ buffers/cache:       401M       590M
Swap:         8.0G         0B       8.0G

             total       used       free     shared    buffers     cached
Mem:          992M       737M       254M       3.3M        42M       292M
-/+ buffers/cache:       403M       588M
Swap:         8.0G         0B       8.0G

             total       used       free     shared    buffers     cached
Mem:          992M       720M       271M       3.3M        42M       294M
-/+ buffers/cache:       383M       609M
Swap:         8.0G         0B       8.0G

             total       used       free     shared    buffers     cached
Mem:          992M       723M       268M       3.3M        42M       296M
-/+ buffers/cache:       383M       608M
Swap:         8.0G         0B       8.0G

             total       used       free     shared    buffers     cached
Mem:          992M       723M       268M       3.3M        42M       296M
-/+ buffers/cache:       384M       607M
Swap:         8.0G         0B       8.0G

             total       used       free     shared    buffers     cached
Mem:          992M       723M       268M       3.3M        42M       296M
-/+ buffers/cache:       384M       607M
Swap:         8.0G         0B       8.0G

             total       used       free     shared    buffers     cached
Mem:          992M       723M       268M       3.3M        42M       296M
-/+ buffers/cache:       384M       607M
Swap:         8.0G         0B       8.0G

             total       used       free     shared    buffers     cached
Mem:          992M       723M       268M       3.3M        42M       296M
-/+ buffers/cache:       384M       607M
Swap:         8.0G         0B       8.0G

             total       used       free     shared    buffers     cached
Mem:          992M       723M       268M       3.3M        42M       296M
-/+ buffers/cache:       384M       607M
Swap:         8.0G         0B       8.0G

             total       used       free     shared    buffers     cached
Mem:          992M       723M       268M       3.3M        42M       296M
-/+ buffers/cache:       384M       607M
Swap:         8.0G         0B       8.0G

             total       used       free     shared    buffers     cached
Mem:          992M       723M       268M       3.3M        42M       296M
-/+ buffers/cache:       384M       607M
Swap:         8.0G         0B       8.0G

             total       used       free     shared    buffers     cached
Mem:          992M       723M       268M       3.3M        42M       296M
-/+ buffers/cache:       384M       607M
Swap:         8.0G         0B       8.0G

             total       used       free     shared    buffers     cached
Mem:          992M       723M       268M       3.3M        42M       296M
-/+ buffers/cache:       384M       607M
Swap:         8.0G         0B       8.0G

             total       used       free     shared    buffers     cached
Mem:          992M       723M       268M       3.3M        42M       296M
-/+ buffers/cache:       384M       607M
Swap:         8.0G         0B       8.0G

             total       used       free     shared    buffers     cached
Mem:          992M       723M       268M       3.3M        42M       296M
-/+ buffers/cache:       384M       607M
Swap:         8.0G         0B       8.0G

             total       used       free     shared    buffers     cached
Mem:          992M       723M       268M       3.3M        42M       296M
-/+ buffers/cache:       384M       607M
Swap:         8.0G         0B       8.0G

             total       used       free     shared    buffers     cached
Mem:          992M       728M       264M       3.3M        42M       296M
-/+ buffers/cache:       388M       603M
Swap:         8.0G         0B       8.0G

             total       used       free     shared    buffers     cached
Mem:          992M       748M       244M       3.3M        42M       296M
-/+ buffers/cache:       408M       583M
Swap:         8.0G         0B       8.0G

             total       used       free     shared    buffers     cached
Mem:          992M       763M       229M       3.3M        42M       296M
-/+ buffers/cache:       423M       568M
Swap:         8.0G         0B       8.0G

             total       used       free     shared    buffers     cached
Mem:          992M       780M       212M       3.3M        42M       296M
-/+ buffers/cache:       440M       551M
Swap:         8.0G         0B       8.0G

             total       used       free     shared    buffers     cached
Mem:          992M       796M       196M       3.3M        42M       296M
-/+ buffers/cache:       456M       535M
Swap:         8.0G         0B       8.0G

             total       used       free     shared    buffers     cached
Mem:          992M       813M       179M       3.3M        42M       296M
-/+ buffers/cache:       473M       518M
Swap:         8.0G         0B       8.0G

             total       used       free     shared    buffers     cached
Mem:          992M       832M       159M       3.3M        42M       296M
-/+ buffers/cache:       492M       499M
Swap:         8.0G         0B       8.0G

             total       used       free     shared    buffers     cached
Mem:          992M       849M       142M       3.3M        42M       296M
-/+ buffers/cache:       510M       482M
Swap:         8.0G         0B       8.0G

             total       used       free     shared    buffers     cached
Mem:          992M       868M       123M       3.3M        42M       296M
-/+ buffers/cache:       529M       463M
Swap:         8.0G         0B       8.0G

             total       used       free     shared    buffers     cached
Mem:          992M       887M       104M       3.3M        42M       296M
-/+ buffers/cache:       548M       444M
Swap:         8.0G         0B       8.0G

             total       used       free     shared    buffers     cached
Mem:          992M       906M        85M       3.3M        42M       296M
-/+ buffers/cache:       567M       424M
Swap:         8.0G         0B       8.0G

             total       used       free     shared    buffers     cached
Mem:          992M       925M        67M       3.3M        42M       296M
-/+ buffers/cache:       585M       406M
Swap:         8.0G         0B       8.0G

             total       used       free     shared    buffers     cached
Mem:          992M       922M        69M       3.3M        25M       295M
-/+ buffers/cache:       601M       390M
Swap:         8.0G         0B       8.0G

             total       used       free     shared    buffers     cached
Mem:          992M       925M        67M       3.3M        16M       295M
-/+ buffers/cache:       613M       378M
Swap:         8.0G         0B       8.0G

             total       used       free     shared    buffers     cached
Mem:          992M       929M        62M       3.3M        14M       283M
-/+ buffers/cache:       631M       360M
Swap:         8.0G         0B       8.0G

             total       used       free     shared    buffers     cached
Mem:          992M       924M        68M       3.2M        13M       262M
-/+ buffers/cache:       647M       344M
Swap:         8.0G       172K       8.0G

             total       used       free     shared    buffers     cached
Mem:          992M       926M        65M       3.1M        13M       247M
-/+ buffers/cache:       665M       326M
Swap:         8.0G       352K       8.0G

             total       used       free     shared    buffers     cached
Mem:          992M       930M        61M       3.0M        13M       235M
-/+ buffers/cache:       681M       310M
Swap:         8.0G       6.6M       8.0G

             total       used       free     shared    buffers     cached
Mem:          992M       908M        83M       2.9M       3.9M       210M
-/+ buffers/cache:       694M       297M
Swap:         8.0G        10M       8.0G

             total       used       free     shared    buffers     cached
Mem:          992M       925M        66M       2.9M       3.9M       210M
-/+ buffers/cache:       711M       280M
Swap:         8.0G        10M       8.0G

             total       used       free     shared    buffers     cached
Mem:          992M       930M        62M       2.9M       2.8M       198M
-/+ buffers/cache:       728M       263M
Swap:         8.0G        10M       8.0G

             total       used       free     shared    buffers     cached
Mem:          992M       921M        70M       2.9M       1.1M       174M
-/+ buffers/cache:       745M       246M
Swap:         8.0G        10M       8.0G

             total       used       free     shared    buffers     cached
Mem:          992M       916M        75M       2.9M       940K       154M
-/+ buffers/cache:       761M       230M
Swap:         8.0G        10M       8.0G

             total       used       free     shared    buffers     cached
Mem:          992M       914M        77M       2.9M        80K       136M
-/+ buffers/cache:       778M       214M
Swap:         8.0G        10M       8.0G

             total       used       free     shared    buffers     cached
Mem:          992M       916M        75M       2.9M        88K       120M
-/+ buffers/cache:       795M       196M
Swap:         8.0G        10M       8.0G

             total       used       free     shared    buffers     cached
Mem:          992M       927M        64M       2.9M        88K       116M
-/+ buffers/cache:       810M       181M
Swap:         8.0G        10M       8.0G

             total       used       free     shared    buffers     cached
Mem:          992M       928M        64M       2.9M       108K       106M
-/+ buffers/cache:       821M       171M
Swap:         8.0G        10M       8.0G

             total       used       free     shared    buffers     cached
Mem:          992M       921M        70M       2.9M       108K        90M
-/+ buffers/cache:       831M       160M
Swap:         8.0G        10M       8.0G

             total       used       free     shared    buffers     cached
Mem:          992M       924M        67M       2.9M       108K        76M
-/+ buffers/cache:       847M       144M
Swap:         8.0G        10M       8.0G

             total       used       free     shared    buffers     cached
Mem:          992M       923M        69M       2.9M       116K        59M
-/+ buffers/cache:       863M       128M
Swap:         8.0G        10M       8.0G

             total       used       free     shared    buffers     cached
Mem:          992M       927M        64M       2.9M       256K        46M
-/+ buffers/cache:       880M       111M
Swap:         8.0G        10M       8.0G

             total       used       free     shared    buffers     cached
Mem:          992M       927M        65M       2.9M       256K        28M
-/+ buffers/cache:       898M        93M
Swap:         8.0G        10M       8.0G

             total       used       free     shared    buffers     cached
Mem:          992M       926M        65M       2.9M       256K        10M
-/+ buffers/cache:       915M        77M
Swap:         8.0G        10M       8.0G

             total       used       free     shared    buffers     cached
Mem:          992M       927M        64M       2.6M       256K       5.0M
-/+ buffers/cache:       922M        70M
Swap:         8.0G        35M       8.0G

             total       used       free     shared    buffers     cached
Mem:          992M       929M        62M       2.6M       524K       4.9M
-/+ buffers/cache:       923M        68M
Swap:         8.0G        35M       8.0G

             total       used       free     shared    buffers     cached
Mem:          992M       923M        68M       2.6M       528K       4.8M
-/+ buffers/cache:       918M        74M
Swap:         8.0G        53M       7.9G

             total       used       free     shared    buffers     cached
Mem:          992M       919M        73M       2.6M       528K       4.7M
-/+ buffers/cache:       914M        78M
Swap:         8.0G        74M       7.9G

             total       used       free     shared    buffers     cached
Mem:          992M       911M        80M       2.5M       528K       4.5M
-/+ buffers/cache:       906M        85M
Swap:         8.0G        96M       7.9G

             total       used       free     shared    buffers     cached
Mem:          992M       926M        65M       2.5M       528K       4.5M
-/+ buffers/cache:       921M        70M
Swap:         8.0G        96M       7.9G

             total       used       free     shared    buffers     cached
Mem:          992M       927M        65M       2.5M       536K       8.8M
-/+ buffers/cache:       917M        74M
Swap:         8.0G       128M       7.9G

             total       used       free     shared    buffers     cached
Mem:          992M       924M        67M       2.5M       2.7M        17M
-/+ buffers/cache:       904M        87M
Swap:         8.0G       160M       7.8G

             total       used       free     shared    buffers     cached
Mem:          992M       931M        60M       2.5M       2.7M        15M
-/+ buffers/cache:       913M        78M
Swap:         8.0G       159M       7.8G

             total       used       free     shared    buffers     cached
Mem:          992M       909M        83M       2.4M       2.3M        13M
-/+ buffers/cache:       893M        99M
Swap:         8.0G       209M       7.8G

             total       used       free     shared    buffers     cached
Mem:          992M       925M        67M       2.4M       2.3M        13M
-/+ buffers/cache:       909M        83M
Swap:         8.0G       209M       7.8G

             total       used       free     shared    buffers     cached
Mem:          992M       926M        65M       2.4M       2.3M        13M
-/+ buffers/cache:       910M        81M
Swap:         8.0G       209M       7.8G

             total       used       free     shared    buffers     cached
Mem:          992M       926M        65M       2.4M       1.8M        13M
-/+ buffers/cache:       911M        80M
Swap:         8.0G       222M       7.8G

             total       used       free     shared    buffers     cached
Mem:          992M       926M        65M       2.4M       100K       8.4M
-/+ buffers/cache:       918M        73M
Swap:         8.0G       234M       7.8G

             total       used       free     shared    buffers     cached
Mem:          992M       926M        65M       2.4M       100K       7.3M
-/+ buffers/cache:       918M        73M
Swap:         8.0G       245M       7.8G

             total       used       free     shared    buffers     cached
Mem:          992M       914M        78M       2.4M        96K       4.2M
-/+ buffers/cache:       909M        82M
Swap:         8.0G       287M       7.7G

             total       used       free     shared    buffers     cached
Mem:          992M       929M        62M       2.4M        96K       4.4M
-/+ buffers/cache:       924M        67M
Swap:         8.0G       287M       7.7G

             total       used       free     shared    buffers     cached
Mem:          992M       920M        72M       2.4M        96K       4.5M
-/+ buffers/cache:       915M        76M
Swap:         8.0G       288M       7.7G

             total       used       free     shared    buffers     cached
Mem:          992M       922M        69M       2.4M       104K       4.2M
-/+ buffers/cache:       918M        73M
Swap:         8.0G       302M       7.7G

             total       used       free     shared    buffers     cached
Mem:          992M       922M        69M       2.4M       104K       4.2M
-/+ buffers/cache:       917M        74M
Swap:         8.0G       310M       7.7G

             total       used       free     shared    buffers     cached
Mem:          992M       929M        62M       2.4M       104K       4.2M
-/+ buffers/cache:       925M        66M
Swap:         8.0G       310M       7.7G

             total       used       free     shared    buffers     cached
Mem:          992M       906M        85M       2.4M       104K       4.2M
-/+ buffers/cache:       902M        89M
Swap:         8.0G       340M       7.7G

             total       used       free     shared    buffers     cached
Mem:          992M       913M        79M       2.4M       104K       4.4M
-/+ buffers/cache:       908M        83M
Swap:         8.0G       340M       7.7G

             total       used       free     shared    buffers     cached
Mem:          992M       918M        74M       2.4M       112K       4.4M
-/+ buffers/cache:       913M        78M
Swap:         8.0G       340M       7.7G

             total       used       free     shared    buffers     cached
Mem:          992M       924M        68M       2.4M       112K       4.4M
-/+ buffers/cache:       919M        72M
Swap:         8.0G       340M       7.7G

             total       used       free     shared    buffers     cached
Mem:          992M       930M        61M       2.4M       112K       4.3M
-/+ buffers/cache:       925M        66M
Swap:         8.0G       340M       7.7G

             total       used       free     shared    buffers     cached
Mem:          992M       921M        70M        40K       112K       2.0M
-/+ buffers/cache:       919M        72M
Swap:         8.0G       358M       7.6G

             total       used       free     shared    buffers     cached
Mem:          992M       926M        65M        16K       112K       2.0M
-/+ buffers/cache:       924M        67M
Swap:         8.0G       358M       7.6G

             total       used       free     shared    buffers     cached
Mem:          992M       931M        61M        16K       120K       2.0M
-/+ buffers/cache:       929M        63M
Swap:         8.0G       358M       7.6G

             total       used       free     shared    buffers     cached
Mem:          992M       919M        72M        16K       120K       2.0M
-/+ buffers/cache:       917M        75M
Swap:         8.0G       371M       7.6G

             total       used       free     shared    buffers     cached
Mem:          992M       924M        67M        16K       120K       2.0M
-/+ buffers/cache:       922M        69M
Swap:         8.0G       371M       7.6G

             total       used       free     shared    buffers     cached
Mem:          992M       913M        78M        16K       120K       1.9M
-/+ buffers/cache:       911M        80M
Swap:         8.0G       387M       7.6G

             total       used       free     shared    buffers     cached
Mem:          992M       919M        72M        16K       120K       2.0M
-/+ buffers/cache:       917M        74M
Swap:         8.0G       376M       7.6G

             total       used       free     shared    buffers     cached
Mem:          992M       922M        69M        16K       120K       2.0M
-/+ buffers/cache:       920M        71M
Swap:         8.0G       367M       7.6G

             total       used       free     shared    buffers     cached
Mem:          992M       929M        62M        16K       104K        15M
-/+ buffers/cache:       913M        78M
Swap:         8.0G       390M       7.6G

             total       used       free     shared    buffers     cached
Mem:          992M       921M        70M         8K       500K       5.4M
-/+ buffers/cache:       915M        76M
Swap:         8.0G       384M       7.6G

             total       used       free     shared    buffers     cached
Mem:          992M       920M        72M         0B       240K       5.1M
-/+ buffers/cache:       914M        77M
Swap:         8.0G       384M       7.6G

             total       used       free     shared    buffers     cached
Mem:          992M       922M        69M         0B       380K       3.5M
-/+ buffers/cache:       919M        73M
Swap:         8.0G       380M       7.6G

             total       used       free     shared    buffers     cached
Mem:          992M       923M        68M         0B        92K       1.9M
-/+ buffers/cache:       921M        70M
Swap:         8.0G       379M       7.6G

             total       used       free     shared    buffers     cached
Mem:          992M       920M        71M         0B       100K       1.6M
-/+ buffers/cache:       918M        73M
Swap:         8.0G       384M       7.6G

             total       used       free     shared    buffers     cached
Mem:          992M       921M        70M         0B       100K       1.6M
-/+ buffers/cache:       919M        72M
Swap:         8.0G       383M       7.6G

             total       used       free     shared    buffers     cached
Mem:          992M       923M        68M         0B       100K       1.5M
-/+ buffers/cache:       921M        70M
Swap:         8.0G       390M       7.6G

             total       used       free     shared    buffers     cached
Mem:          992M       919M        72M         0B        84K       1.6M
-/+ buffers/cache:       918M        74M
Swap:         8.0G       400M       7.6G

             total       used       free     shared    buffers     cached
Mem:          992M       920M        71M         0B        84K       1.6M
-/+ buffers/cache:       919M        72M
Swap:         8.0G       393M       7.6G

             total       used       free     shared    buffers     cached
Mem:          992M       919M        72M         0B        92K       1.5M
-/+ buffers/cache:       918M        73M
Swap:         8.0G       395M       7.6G

             total       used       free     shared    buffers     cached
Mem:          992M       919M        73M         0B        92K       1.4M
-/+ buffers/cache:       917M        74M
Swap:         8.0G       407M       7.6G

             total       used       free     shared    buffers     cached
Mem:          992M       923M        68M         0B        76K       1.5M
-/+ buffers/cache:       921M        70M
Swap:         8.0G       402M       7.6G

             total       used       free     shared    buffers     cached
Mem:          992M       921M        70M         0B        76K       1.5M
-/+ buffers/cache:       919M        72M
Swap:         8.0G       406M       7.6G

             total       used       free     shared    buffers     cached
Mem:          992M       923M        68M         0B        76K       1.9M
-/+ buffers/cache:       921M        70M
Swap:         8.0G       404M       7.6G

             total       used       free     shared    buffers     cached
Mem:          992M       928M        64M         0B        76K       1.9M
-/+ buffers/cache:       926M        65M
Swap:         8.0G       402M       7.6G

             total       used       free     shared    buffers     cached
Mem:          992M       921M        70M         0B        84K       1.9M
-/+ buffers/cache:       919M        72M
Swap:         8.0G       415M       7.6G

             total       used       free     shared    buffers     cached
Mem:          992M       929M        63M         0B        84K       1.9M
-/+ buffers/cache:       927M        65M
Swap:         8.0G       415M       7.6G

             total       used       free     shared    buffers     cached
Mem:          992M       922M        69M         0B        84K       1.8M
-/+ buffers/cache:       920M        71M
Swap:         8.0G       421M       7.6G

             total       used       free     shared    buffers     cached
Mem:          992M       928M        63M         0B        84K       1.9M
-/+ buffers/cache:       926M        65M
Swap:         8.0G       421M       7.6G

             total       used       free     shared    buffers     cached
Mem:          992M       917M        75M         0B        84K       1.8M
-/+ buffers/cache:       915M        76M
Swap:         8.0G       435M       7.6G

             total       used       free     shared    buffers     cached
Mem:          992M       923M        68M         0B        92K       1.8M
-/+ buffers/cache:       921M        70M
Swap:         8.0G       435M       7.6G

             total       used       free     shared    buffers     cached
Mem:          992M       927M        64M         0B        92K       1.8M
-/+ buffers/cache:       925M        66M
Swap:         8.0G       434M       7.6G

             total       used       free     shared    buffers     cached
Mem:          992M       929M        62M         0B        92K       1.8M
-/+ buffers/cache:       927M        64M
Swap:         8.0G       434M       7.6G

             total       used       free     shared    buffers     cached
Mem:          992M       913M        78M         0B        92K       1.8M
-/+ buffers/cache:       911M        80M
Swap:         8.0G       453M       7.6G

             total       used       free     shared    buffers     cached
Mem:          992M       915M        76M         0B        92K       1.8M
-/+ buffers/cache:       914M        78M
Swap:         8.0G       452M       7.6G

             total       used       free     shared    buffers     cached
Mem:          992M       917M        74M         0B       100K       1.8M
-/+ buffers/cache:       915M        76M
Swap:         8.0G       451M       7.6G

             total       used       free     shared    buffers     cached
Mem:          992M       919M        72M         0B       100K       1.8M
-/+ buffers/cache:       918M        74M
Swap:         8.0G       450M       7.6G

             total       used       free     shared    buffers     cached
Mem:          992M       922M        69M         0B       100K       1.8M
-/+ buffers/cache:       920M        71M
Swap:         8.0G       450M       7.6G

             total       used       free     shared    buffers     cached
Mem:          992M       924M        67M         0B       100K       1.8M
-/+ buffers/cache:       922M        69M
Swap:         8.0G       448M       7.6G

             total       used       free     shared    buffers     cached
Mem:          992M       926M        65M         0B       100K       1.8M
-/+ buffers/cache:       924M        67M
Swap:         8.0G       447M       7.6G

             total       used       free     shared    buffers     cached
Mem:          992M       929M        62M         0B       100K       1.8M
-/+ buffers/cache:       927M        64M
Swap:         8.0G       446M       7.6G

             total       used       free     shared    buffers     cached
Mem:          992M       920M        71M         0B       244K       2.5M
-/+ buffers/cache:       917M        74M
Swap:         8.0G       450M       7.6G

             total       used       free     shared    buffers     cached
Mem:          992M       922M        69M         0B       244K       2.5M
-/+ buffers/cache:       919M        72M
Swap:         8.0G       449M       7.6G

             total       used       free     shared    buffers     cached
Mem:          992M       925M        66M         0B       244K       2.7M
-/+ buffers/cache:       922M        69M
Swap:         8.0G       448M       7.6G

             total       used       free     shared    buffers     cached
Mem:          992M       927M        64M         0B       244K       2.7M
-/+ buffers/cache:       924M        67M
Swap:         8.0G       447M       7.6G

             total       used       free     shared    buffers     cached
Mem:          992M       929M        62M         0B       244K       2.7M
-/+ buffers/cache:       927M        65M
Swap:         8.0G       446M       7.6G

             total       used       free     shared    buffers     cached
Mem:          992M       919M        72M         0B       252K       2.5M
-/+ buffers/cache:       916M        75M
Swap:         8.0G       459M       7.5G

             total       used       free     shared    buffers     cached
Mem:          992M       921M        71M         0B       252K       2.5M
-/+ buffers/cache:       918M        73M
Swap:         8.0G       458M       7.5G

             total       used       free     shared    buffers     cached
Mem:          992M       923M        69M         0B       252K       2.6M
-/+ buffers/cache:       920M        71M
Swap:         8.0G       457M       7.6G

             total       used       free     shared    buffers     cached
Mem:          992M       925M        67M         0B       252K       2.6M
-/+ buffers/cache:       922M        69M
Swap:         8.0G       456M       7.6G

             total       used       free     shared    buffers     cached
Mem:          992M       927M        64M         0B       252K       2.6M
-/+ buffers/cache:       924M        67M
Swap:         8.0G       455M       7.6G

             total       used       free     shared    buffers     cached
Mem:          992M       929M        62M         0B       260K       2.5M
-/+ buffers/cache:       926M        65M
Swap:         8.0G       454M       7.6G

             total       used       free     shared    buffers     cached
Mem:          992M       914M        77M         0B       260K       2.7M
-/+ buffers/cache:       911M        80M
Swap:         8.0G       468M       7.5G

             total       used       free     shared    buffers     cached
Mem:          992M       916M        75M         0B       260K       2.7M
-/+ buffers/cache:       914M        78M
Swap:         8.0G       467M       7.5G

             total       used       free     shared    buffers     cached
Mem:          992M       918M        73M         0B       260K       2.6M
-/+ buffers/cache:       915M        76M
Swap:         8.0G       466M       7.5G

             total       used       free     shared    buffers     cached
Mem:          992M       921M        70M         0B       260K       2.6M
-/+ buffers/cache:       918M        73M
Swap:         8.0G       465M       7.5G

             total       used       free     shared    buffers     cached
Mem:          992M       922M        69M         0B       260K       2.7M
-/+ buffers/cache:       919M        72M
Swap:         8.0G       464M       7.5G

             total       used       free     shared    buffers     cached
Mem:          992M       924M        67M         0B       268K       2.6M
-/+ buffers/cache:       922M        70M
Swap:         8.0G       463M       7.5G

             total       used       free     shared    buffers     cached
Mem:          992M       927M        64M         0B       268K       2.6M
-/+ buffers/cache:       924M        67M
Swap:         8.0G       462M       7.5G

             total       used       free     shared    buffers     cached
Mem:          992M       929M        62M         0B       268K       2.6M
-/+ buffers/cache:       926M        65M
Swap:         8.0G       461M       7.5G

             total       used       free     shared    buffers     cached
Mem:          992M       918M        74M         0B       268K       2.6M
-/+ buffers/cache:       915M        76M
Swap:         8.0G       472M       7.5G

             total       used       free     shared    buffers     cached
Mem:          992M       920M        71M         0B       268K       2.7M
-/+ buffers/cache:       917M        74M
Swap:         8.0G       471M       7.5G

             total       used       free     shared    buffers     cached
Mem:          992M       922M        69M         0B       276K       2.7M
-/+ buffers/cache:       920M        72M
Swap:         8.0G       470M       7.5G

             total       used       free     shared    buffers     cached
Mem:          992M       925M        66M         0B       276K       2.7M
-/+ buffers/cache:       922M        69M
Swap:         8.0G       469M       7.5G

             total       used       free     shared    buffers     cached
Mem:          992M       928M        64M         0B       276K       2.6M
-/+ buffers/cache:       925M        67M
Swap:         8.0G       468M       7.5G

             total       used       free     shared    buffers     cached
Mem:          992M       930M        61M         0B       276K       2.6M
-/+ buffers/cache:       927M        64M
Swap:         8.0G       467M       7.5G

             total       used       free     shared    buffers     cached
Mem:          992M       920M        72M         0B       276K       2.6M
-/+ buffers/cache:       917M        74M
Swap:         8.0G       475M       7.5G

             total       used       free     shared    buffers     cached
Mem:          992M       922M        69M         0B       284K       2.6M
-/+ buffers/cache:       919M        72M
Swap:         8.0G       474M       7.5G

             total       used       free     shared    buffers     cached
Mem:          992M       924M        67M         0B       284K       2.6M
-/+ buffers/cache:       921M        70M
Swap:         8.0G       473M       7.5G

             total       used       free     shared    buffers     cached
Mem:          992M       910M        81M         0B       244K        12M
-/+ buffers/cache:       897M        94M
Swap:         8.0G       509M       7.5G

             total       used       free     shared    buffers     cached
Mem:          992M       922M        69M         0B       932K        21M
-/+ buffers/cache:       900M        91M
Swap:         8.0G       501M       7.5G

             total       used       free     shared    buffers     cached
Mem:          992M       928M        63M         4K       1.8M        23M
-/+ buffers/cache:       903M        89M
Swap:         8.0G       500M       7.5G

             total       used       free     shared    buffers     cached
Mem:          992M       930M        61M         4K       1.9M        23M
-/+ buffers/cache:       905M        87M
Swap:         8.0G       499M       7.5G

             total       used       free     shared    buffers     cached
Mem:          992M       915M        76M         4K       2.0M        22M
-/+ buffers/cache:       891M       100M
Swap:         8.0G       517M       7.5G

             total       used       free     shared    buffers     cached
Mem:          992M       917M        74M         4K       2.0M        22M
-/+ buffers/cache:       893M        98M
Swap:         8.0G       517M       7.5G

             total       used       free     shared    buffers     cached
Mem:          992M       920M        71M         4K       2.0M        22M
-/+ buffers/cache:       896M        96M
Swap:         8.0G       516M       7.5G

             total       used       free     shared    buffers     cached
Mem:          992M       922M        69M         4K       2.0M        22M
-/+ buffers/cache:       898M        94M
Swap:         8.0G       515M       7.5G

             total       used       free     shared    buffers     cached
Mem:          992M       924M        67M         4K       2.0M        22M
-/+ buffers/cache:       900M        92M
Swap:         8.0G       514M       7.5G

             total       used       free     shared    buffers     cached
Mem:          992M       925M        66M         4K       2.0M        22M
-/+ buffers/cache:       901M        90M
Swap:         8.0G       513M       7.5G

             total       used       free     shared    buffers     cached
Mem:          992M       927M        64M         4K       2.0M        22M
-/+ buffers/cache:       903M        88M
Swap:         8.0G       512M       7.5G

             total       used       free     shared    buffers     cached
Mem:          992M       930M        62M         4K       2.0M        22M
-/+ buffers/cache:       905M        86M
Swap:         8.0G       511M       7.5G

             total       used       free     shared    buffers     cached
Mem:          992M       919M        72M         4K       2.0M        21M
-/+ buffers/cache:       896M        96M
Swap:         8.0G       518M       7.5G

             total       used       free     shared    buffers     cached
Mem:          992M       922M        70M         4K       2.0M        21M
-/+ buffers/cache:       898M        93M
Swap:         8.0G       517M       7.5G

             total       used       free     shared    buffers     cached
Mem:          992M       923M        68M         4K       2.0M        21M
-/+ buffers/cache:       900M        91M
Swap:         8.0G       516M       7.5G

             total       used       free     shared    buffers     cached
Mem:          992M       926M        66M         4K       2.0M        21M
-/+ buffers/cache:       902M        89M
Swap:         8.0G       515M       7.5G

             total       used       free     shared    buffers     cached
Mem:          992M       928M        63M         4K       2.0M        21M
-/+ buffers/cache:       905M        87M
Swap:         8.0G       514M       7.5G

             total       used       free     shared    buffers     cached
Mem:          992M       930M        61M         4K       2.0M        21M
-/+ buffers/cache:       907M        84M
Swap:         8.0G       513M       7.5G

             total       used       free     shared    buffers     cached
Mem:          992M       920M        71M         4K       2.0M        19M
-/+ buffers/cache:       898M        93M
Swap:         8.0G       519M       7.5G

             total       used       free     shared    buffers     cached
Mem:          992M       922M        69M         4K       2.0M        19M
-/+ buffers/cache:       900M        91M
Swap:         8.0G       518M       7.5G

             total       used       free     shared    buffers     cached
Mem:          992M       908M        83M         4K       788K        27M
-/+ buffers/cache:       879M       112M
Swap:         8.0G       549M       7.5G

             total       used       free     shared    buffers     cached
Mem:          992M       910M        81M        20K       928K        27M
-/+ buffers/cache:       881M       110M
Swap:         8.0G       548M       7.5G

             total       used       free     shared    buffers     cached
Mem:          992M       912M        79M        20K       928K        27M
-/+ buffers/cache:       883M       108M
Swap:         8.0G       547M       7.5G

             total       used       free     shared    buffers     cached
Mem:          992M       914M        77M        20K       932K        27M
-/+ buffers/cache:       885M       106M
Swap:         8.0G       546M       7.5G

             total       used       free     shared    buffers     cached
Mem:          992M       917M        74M        20K       936K        29M
-/+ buffers/cache:       887M       104M
Swap:         8.0G       546M       7.5G

             total       used       free     shared    buffers     cached
Mem:          992M       918M        73M        20K       944K        29M
-/+ buffers/cache:       888M       103M
Swap:         8.0G       545M       7.5G

             total       used       free     shared    buffers     cached
Mem:          992M       919M        72M        20K       944K        29M
-/+ buffers/cache:       889M       102M
Swap:         8.0G       545M       7.5G

             total       used       free     shared    buffers     cached
Mem:          992M       921M        70M        20K       944K        29M
-/+ buffers/cache:       890M       101M
Swap:         8.0G       544M       7.5G

             total       used       free     shared    buffers     cached
Mem:          992M       922M        69M        20K       944K        29M
-/+ buffers/cache:       892M       100M
Swap:         8.0G       543M       7.5G

             total       used       free     shared    buffers     cached
Mem:          992M       923M        68M        20K       944K        29M
-/+ buffers/cache:       893M        98M
Swap:         8.0G       543M       7.5G

             total       used       free     shared    buffers     cached
Mem:          992M       924M        67M        20K       944K        29M
-/+ buffers/cache:       894M        97M
Swap:         8.0G       542M       7.5G

             total       used       free     shared    buffers     cached
Mem:          992M       925M        66M        20K       952K        29M
-/+ buffers/cache:       895M        96M
Swap:         8.0G       542M       7.5G

             total       used       free     shared    buffers     cached
Mem:          992M       927M        64M        20K       952K        29M
-/+ buffers/cache:       897M        95M
Swap:         8.0G       541M       7.5G

             total       used       free     shared    buffers     cached
Mem:          992M       929M        62M        20K       952K        30M
-/+ buffers/cache:       898M        93M
Swap:         8.0G       540M       7.5G

             total       used       free     shared    buffers     cached
Mem:          992M       931M        60M        20K       952K        30M
-/+ buffers/cache:       900M        92M
Swap:         8.0G       539M       7.5G

             total       used       free     shared    buffers     cached
Mem:          992M       919M        72M        20K       952K        29M
-/+ buffers/cache:       889M       102M
Swap:         8.0G       539M       7.5G

             total       used       free     shared    buffers     cached
Mem:          992M       920M        71M        20K       960K        29M
-/+ buffers/cache:       890M       101M
Swap:         8.0G       538M       7.5G

             total       used       free     shared    buffers     cached
Mem:          992M       921M        70M        20K       960K        29M
-/+ buffers/cache:       891M       100M
Swap:         8.0G       538M       7.5G

             total       used       free     shared    buffers     cached
Mem:          992M       923M        69M        20K       960K        29M
-/+ buffers/cache:       892M        99M
Swap:         8.0G       537M       7.5G

             total       used       free     shared    buffers     cached
Mem:          992M       924M        67M        20K       960K        29M
-/+ buffers/cache:       893M        98M
Swap:         8.0G       537M       7.5G

             total       used       free     shared    buffers     cached
Mem:          992M       925M        66M        20K       960K        29M
-/+ buffers/cache:       894M        97M
Swap:         8.0G       536M       7.5G

             total       used       free     shared    buffers     cached
Mem:          992M       926M        65M        20K       960K        29M
-/+ buffers/cache:       896M        95M
Swap:         8.0G       536M       7.5G

             total       used       free     shared    buffers     cached
Mem:          992M       927M        64M        20K       968K        29M
-/+ buffers/cache:       897M        95M
Swap:         8.0G       535M       7.5G

             total       used       free     shared    buffers     cached
Mem:          992M       928M        63M        20K       968K        29M
-/+ buffers/cache:       898M        93M
Swap:         8.0G       534M       7.5G

             total       used       free     shared    buffers     cached
Mem:          992M       930M        61M        20K       968K        29M
-/+ buffers/cache:       899M        92M
Swap:         8.0G       534M       7.5G

             total       used       free     shared    buffers     cached
Mem:          992M       910M        81M        20K       348K        26M
-/+ buffers/cache:       883M       109M
Swap:         8.0G       553M       7.5G

             total       used       free     shared    buffers     cached
Mem:          992M       911M        81M        20K       348K        26M
-/+ buffers/cache:       883M       108M
Swap:         8.0G       553M       7.5G

             total       used       free     shared    buffers     cached
Mem:          992M       912M        79M        20K       356K        26M
-/+ buffers/cache:       884M       107M
Swap:         8.0G       552M       7.5G

             total       used       free     shared    buffers     cached
Mem:          992M       913M        78M        20K       356K        26M
-/+ buffers/cache:       886M       106M
Swap:         8.0G       552M       7.5G

             total       used       free     shared    buffers     cached
Mem:          992M       914M        77M        20K       356K        26M
-/+ buffers/cache:       887M       105M
Swap:         8.0G       551M       7.5G

             total       used       free     shared    buffers     cached
Mem:          992M       915M        76M        20K       356K        26M
-/+ buffers/cache:       888M       103M
Swap:         8.0G       550M       7.5G

             total       used       free     shared    buffers     cached
Mem:          992M       917M        75M        20K       356K        26M
-/+ buffers/cache:       889M       102M
Swap:         8.0G       550M       7.5G

             total       used       free     shared    buffers     cached
Mem:          992M       918M        74M        20K       356K        26M
-/+ buffers/cache:       890M       101M
Swap:         8.0G       549M       7.5G

             total       used       free     shared    buffers     cached
Mem:          992M       919M        72M        20K       364K        26M
-/+ buffers/cache:       891M       100M
Swap:         8.0G       549M       7.5G

             total       used       free     shared    buffers     cached
Mem:          992M       920M        71M        20K       364K        26M
-/+ buffers/cache:       893M        98M
Swap:         8.0G       548M       7.5G

             total       used       free     shared    buffers     cached
Mem:          992M       921M        70M        20K       364K        26M
-/+ buffers/cache:       894M        97M
Swap:         8.0G       548M       7.5G

             total       used       free     shared    buffers     cached
Mem:          992M       923M        69M        20K       364K        26M
-/+ buffers/cache:       895M        96M
Swap:         8.0G       547M       7.5G

             total       used       free     shared    buffers     cached
Mem:          992M       924M        67M        20K       364K        26M
-/+ buffers/cache:       896M        95M
Swap:         8.0G       546M       7.5G

             total       used       free     shared    buffers     cached
Mem:          992M       925M        66M        20K       372K        26M
-/+ buffers/cache:       898M        93M
Swap:         8.0G       546M       7.5G

             total       used       free     shared    buffers     cached
Mem:          992M       926M        65M        20K       372K        26M
-/+ buffers/cache:       899M        92M
Swap:         8.0G       545M       7.5G

             total       used       free     shared    buffers     cached
Mem:          992M       914M        78M        20K       236K        30M
-/+ buffers/cache:       883M       108M
Swap:         8.0G       560M       7.4G

             total       used       free     shared    buffers     cached
Mem:          992M       915M        76M        20K       236K        30M
-/+ buffers/cache:       884M       107M
Swap:         8.0G       560M       7.4G

             total       used       free     shared    buffers     cached
Mem:          992M       917M        74M        20K       380K        30M
-/+ buffers/cache:       886M       106M
Swap:         8.0G       560M       7.4G

             total       used       free     shared    buffers     cached
Mem:          992M       918M        73M        20K       380K        30M
-/+ buffers/cache:       887M       104M
Swap:         8.0G       559M       7.5G

             total       used       free     shared    buffers     cached
Mem:          992M       919M        72M        20K       388K        30M
-/+ buffers/cache:       888M       103M
Swap:         8.0G       559M       7.5G

             total       used       free     shared    buffers     cached
Mem:          992M       920M        71M        20K       388K        30M
-/+ buffers/cache:       889M       102M
Swap:         8.0G       558M       7.5G

             total       used       free     shared    buffers     cached
Mem:          992M       922M        70M        20K       388K        30M
-/+ buffers/cache:       890M       101M
Swap:         8.0G       557M       7.5G

             total       used       free     shared    buffers     cached
Mem:          992M       923M        68M        20K       388K        30M
-/+ buffers/cache:       892M       100M
Swap:         8.0G       557M       7.5G

             total       used       free     shared    buffers     cached
Mem:          992M       924M        67M        20K       388K        30M
-/+ buffers/cache:       893M        99M
Swap:         8.0G       556M       7.5G

             total       used       free     shared    buffers     cached
Mem:          992M       925M        66M        20K       396K        30M
-/+ buffers/cache:       894M        97M
Swap:         8.0G       555M       7.5G

             total       used       free     shared    buffers     cached
Mem:          992M       926M        65M        20K       396K        30M
-/+ buffers/cache:       895M        96M
Swap:         8.0G       555M       7.5G

             total       used       free     shared    buffers     cached
Mem:          992M       927M        64M        20K       396K        30M
-/+ buffers/cache:       896M        95M
Swap:         8.0G       554M       7.5G

             total       used       free     shared    buffers     cached
Mem:          992M       929M        62M        20K       396K        30M
-/+ buffers/cache:       897M        94M
Swap:         8.0G       553M       7.5G

             total       used       free     shared    buffers     cached
Mem:          992M       930M        61M        20K       396K        30M
-/+ buffers/cache:       899M        92M
Swap:         8.0G       553M       7.5G

             total       used       free     shared    buffers     cached
Mem:          992M       920M        71M        20K       404K        29M
-/+ buffers/cache:       890M       101M
Swap:         8.0G       559M       7.5G

             total       used       free     shared    buffers     cached
Mem:          992M       921M        70M        20K       404K        29M
-/+ buffers/cache:       891M       100M
Swap:         8.0G       558M       7.5G

             total       used       free     shared    buffers     cached
Mem:          992M       922M        69M        20K       404K        29M
-/+ buffers/cache:       892M       100M
Swap:         8.0G       558M       7.5G

             total       used       free     shared    buffers     cached
Mem:          992M       923M        68M        20K       404K        29M
-/+ buffers/cache:       893M        98M
Swap:         8.0G       557M       7.5G

             total       used       free     shared    buffers     cached
Mem:          992M       924M        67M        20K       404K        29M
-/+ buffers/cache:       894M        97M
Swap:         8.0G       557M       7.5G

             total       used       free     shared    buffers     cached
Mem:          992M       925M        66M        20K       404K        29M
-/+ buffers/cache:       895M        96M
Swap:         8.0G       556M       7.5G

             total       used       free     shared    buffers     cached
Mem:          992M       927M        64M        20K       412K        29M
-/+ buffers/cache:       897M        95M
Swap:         8.0G       555M       7.5G

             total       used       free     shared    buffers     cached
Mem:          992M       928M        63M        20K       412K        29M
-/+ buffers/cache:       898M        93M
Swap:         8.0G       554M       7.5G

             total       used       free     shared    buffers     cached
Mem:          992M       929M        62M        20K       412K        29M
-/+ buffers/cache:       899M        92M
Swap:         8.0G       554M       7.5G

             total       used       free     shared    buffers     cached
Mem:          992M       931M        61M        20K       412K        29M
-/+ buffers/cache:       900M        91M
Swap:         8.0G       553M       7.5G

             total       used       free     shared    buffers     cached
Mem:          992M       918M        73M        20K       412K        28M
-/+ buffers/cache:       890M       102M
Swap:         8.0G       565M       7.4G

             total       used       free     shared    buffers     cached
Mem:          992M       919M        72M        20K       420K        28M
-/+ buffers/cache:       891M       100M
Swap:         8.0G       564M       7.4G

             total       used       free     shared    buffers     cached
Mem:          992M       921M        70M        20K       420K        28M
-/+ buffers/cache:       892M        99M
Swap:         8.0G       563M       7.4G

             total       used       free     shared    buffers     cached
Mem:          992M       922M        69M        20K       420K        28M
-/+ buffers/cache:       893M        98M
Swap:         8.0G       563M       7.4G

             total       used       free     shared    buffers     cached
Mem:          992M       925M        66M        20K       564K        29M
-/+ buffers/cache:       895M        96M
Swap:         8.0G       562M       7.4G

             total       used       free     shared    buffers     cached
Mem:          992M       923M        69M        24K       3.1M        47M
-/+ buffers/cache:       872M       119M
Swap:         8.0G       588M       7.4G

             total       used       free     shared    buffers     cached
Mem:          992M       912M        79M        24K       3.4M        60M
-/+ buffers/cache:       848M       143M
Swap:         8.0G       609M       7.4G

             total       used       free     shared    buffers     cached
Mem:          992M       913M        78M        20K       3.4M        60M
-/+ buffers/cache:       849M       142M
Swap:         8.0G       608M       7.4G

             total       used       free     shared    buffers     cached
Mem:          992M       916M        76M        20K       3.4M        61M
-/+ buffers/cache:       851M       140M
Swap:         8.0G       607M       7.4G

             total       used       free     shared    buffers     cached
Mem:          992M       923M        68M        20K       3.4M        63M
-/+ buffers/cache:       856M       135M
Swap:         8.0G       604M       7.4G

             total       used       free     shared    buffers     cached
Mem:          992M       924M        67M        20K       3.4M        63M
-/+ buffers/cache:       857M       134M
Swap:         8.0G       604M       7.4G

             total       used       free     shared    buffers     cached
Mem:          992M       919M        72M        20K       3.3M        66M
-/+ buffers/cache:       849M       142M
Swap:         8.0G       602M       7.4G

             total       used       free     shared    buffers     cached
Mem:          992M       920M        71M        20K       3.3M        66M
-/+ buffers/cache:       850M       142M
Swap:         8.0G       602M       7.4G

             total       used       free     shared    buffers     cached
Mem:          992M       920M        71M        20K       3.3M        66M
-/+ buffers/cache:       850M       141M
Swap:         8.0G       601M       7.4G

             total       used       free     shared    buffers     cached
Mem:          992M       921M        70M        20K       3.3M        66M
-/+ buffers/cache:       851M       140M
Swap:         8.0G       601M       7.4G

             total       used       free     shared    buffers     cached
Mem:          992M       922M        69M        20K       3.3M        66M
-/+ buffers/cache:       852M       139M
Swap:         8.0G       601M       7.4G

             total       used       free     shared    buffers     cached
Mem:          992M       923M        68M        20K       3.3M        66M
-/+ buffers/cache:       853M       138M
Swap:         8.0G       600M       7.4G

             total       used       free     shared    buffers     cached
Mem:          992M       924M        68M        20K       3.3M        66M
-/+ buffers/cache:       853M       138M
Swap:         8.0G       600M       7.4G

             total       used       free     shared    buffers     cached
Mem:          992M       924M        67M        20K       3.3M        66M
-/+ buffers/cache:       854M       137M
Swap:         8.0G       600M       7.4G

             total       used       free     shared    buffers     cached
Mem:          992M       925M        66M        20K       3.3M        66M
-/+ buffers/cache:       855M       137M
Swap:         8.0G       599M       7.4G

             total       used       free     shared    buffers     cached
Mem:          992M       925M        66M        20K       3.3M        66M
-/+ buffers/cache:       855M       136M
Swap:         8.0G       599M       7.4G

             total       used       free     shared    buffers     cached
Mem:          992M       924M        67M       176K       1.3M        70M
-/+ buffers/cache:       852M       139M
Swap:         8.0G       604M       7.4G

             total       used       free     shared    buffers     cached
Mem:          992M       921M        70M       3.8M       5.2M        62M
-/+ buffers/cache:       853M       138M
Swap:         8.0G       627M       7.4G

             total       used       free     shared    buffers     cached
Mem:          992M       916M        75M       3.9M       5.4M        67M
-/+ buffers/cache:       843M       148M
Swap:         8.0G       634M       7.4G

             total       used       free     shared    buffers     cached
Mem:          992M       929M        62M       220K       5.7M        70M
-/+ buffers/cache:       853M       138M
Swap:         8.0G       630M       7.4G

             total       used       free     shared    buffers     cached
Mem:          992M       930M        61M       216K       5.7M        70M
-/+ buffers/cache:       855M       137M
Swap:         8.0G       630M       7.4G

             total       used       free     shared    buffers     cached
Mem:          992M       913M        79M       216K       5.0M        60M
-/+ buffers/cache:       847M       144M
Swap:         8.0G       629M       7.4G

             total       used       free     shared    buffers     cached
Mem:          992M       914M        77M       216K       5.0M        60M
-/+ buffers/cache:       848M       143M
Swap:         8.0G       628M       7.4G

             total       used       free     shared    buffers     cached
Mem:          992M       915M        76M       216K       5.0M        60M
-/+ buffers/cache:       849M       142M
Swap:         8.0G       628M       7.4G

             total       used       free     shared    buffers     cached
Mem:          992M       916M        75M       216K       5.0M        60M
-/+ buffers/cache:       851M       141M
Swap:         8.0G       627M       7.4G

             total       used       free     shared    buffers     cached
Mem:          992M       917M        74M       216K       5.0M        60M
-/+ buffers/cache:       852M       139M
Swap:         8.0G       627M       7.4G

             total       used       free     shared    buffers     cached
Mem:          992M       920M        71M       216K       5.1M        61M
-/+ buffers/cache:       853M       138M
Swap:         8.0G       626M       7.4G

             total       used       free     shared    buffers     cached
Mem:          992M       921M        70M       216K       5.1M        61M
-/+ buffers/cache:       854M       137M
Swap:         8.0G       626M       7.4G

             total       used       free     shared    buffers     cached
Mem:          992M       922M        69M       216K       5.1M        61M
-/+ buffers/cache:       856M       136M
Swap:         8.0G       625M       7.4G

             total       used       free     shared    buffers     cached
Mem:          992M       924M        68M       216K       5.1M        61M
-/+ buffers/cache:       857M       134M
Swap:         8.0G       625M       7.4G

             total       used       free     shared    buffers     cached
Mem:          992M       925M        67M       216K       5.1M        61M
-/+ buffers/cache:       858M       133M
Swap:         8.0G       624M       7.4G

             total       used       free     shared    buffers     cached
Mem:          992M       926M        65M       216K       5.1M        62M
-/+ buffers/cache:       859M       132M
Swap:         8.0G       624M       7.4G

             total       used       free     shared    buffers     cached
Mem:          992M       928M        64M       216K       5.1M        62M
-/+ buffers/cache:       860M       131M
Swap:         8.0G       623M       7.4G

             total       used       free     shared    buffers     cached
Mem:          992M       929M        62M       216K       5.2M        62M
-/+ buffers/cache:       862M       130M
Swap:         8.0G       623M       7.4G

             total       used       free     shared    buffers     cached
Mem:          992M       930M        61M       216K       5.2M        62M
-/+ buffers/cache:       863M       128M
Swap:         8.0G       622M       7.4G

             total       used       free     shared    buffers     cached
Mem:          992M       911M        80M       216K       4.5M        59M
-/+ buffers/cache:       846M       145M
Swap:         8.0G       641M       7.4G

             total       used       free     shared    buffers     cached
Mem:          992M       912M        79M       216K       4.5M        59M
-/+ buffers/cache:       848M       143M
Swap:         8.0G       641M       7.4G

             total       used       free     shared    buffers     cached
Mem:          992M       913M        78M       216K       4.5M        59M
-/+ buffers/cache:       848M       143M
Swap:         8.0G       640M       7.4G

             total       used       free     shared    buffers     cached
Mem:          992M       914M        77M       216K       4.5M        60M
-/+ buffers/cache:       850M       142M
Swap:         8.0G       640M       7.4G

             total       used       free     shared    buffers     cached
Mem:          992M       915M        76M       216K       4.5M        60M
-/+ buffers/cache:       851M       141M
Swap:         8.0G       639M       7.4G

             total       used       free     shared    buffers     cached
Mem:          992M       917M        75M       216K       4.5M        59M
-/+ buffers/cache:       852M       139M
Swap:         8.0G       638M       7.4G

             total       used       free     shared    buffers     cached
Mem:          992M       918M        73M       216K       4.5M        59M
-/+ buffers/cache:       853M       138M
Swap:         8.0G       638M       7.4G

             total       used       free     shared    buffers     cached
Mem:          992M       919M        72M       216K       4.5M        60M
-/+ buffers/cache:       854M       137M
Swap:         8.0G       637M       7.4G

             total       used       free     shared    buffers     cached
Mem:          992M       920M        71M       216K       4.5M        60M
-/+ buffers/cache:       856M       136M
Swap:         8.0G       637M       7.4G

             total       used       free     shared    buffers     cached
Mem:          992M       921M        70M       216K       4.5M        59M
-/+ buffers/cache:       857M       134M
Swap:         8.0G       636M       7.4G

             total       used       free     shared    buffers     cached
Mem:          992M       923M        69M       216K       4.5M        60M
-/+ buffers/cache:       858M       133M
Swap:         8.0G       636M       7.4G

             total       used       free     shared    buffers     cached
Mem:          992M       924M        67M       216K       4.5M        59M
-/+ buffers/cache:       859M       132M
Swap:         8.0G       635M       7.4G

             total       used       free     shared    buffers     cached
Mem:          992M       925M        66M       216K       4.5M        60M
-/+ buffers/cache:       860M       131M
Swap:         8.0G       635M       7.4G

             total       used       free     shared    buffers     cached
Mem:          992M       926M        65M       216K       4.5M        59M
-/+ buffers/cache:       862M       129M
Swap:         8.0G       634M       7.4G

             total       used       free     shared    buffers     cached
Mem:          992M       920M        71M       268K       8.2M        71M
-/+ buffers/cache:       841M       150M
Swap:         8.0G       653M       7.4G
