             total       used       free     shared    buffers     cached
Mem:          992M       659M       332M       3.2M        38M       289M
-/+ buffers/cache:       331M       660M
Swap:         8.0G         0B       8.0G

             total       used       free     shared    buffers     cached
Mem:          992M       659M       332M       1.4M        38M       287M
-/+ buffers/cache:       333M       659M
Swap:         8.0G         0B       8.0G

             total       used       free     shared    buffers     cached
Mem:          992M       659M       332M       1.4M        38M       287M
-/+ buffers/cache:       333M       659M
Swap:         8.0G         0B       8.0G

             total       used       free     shared    buffers     cached
Mem:          992M       659M       332M       1.4M        38M       287M
-/+ buffers/cache:       333M       659M
Swap:         8.0G         0B       8.0G

             total       used       free     shared    buffers     cached
Mem:          992M       659M       332M       1.4M        38M       287M
-/+ buffers/cache:       333M       659M
Swap:         8.0G         0B       8.0G

             total       used       free     shared    buffers     cached
Mem:          992M       659M       332M       1.4M        38M       287M
-/+ buffers/cache:       333M       658M
Swap:         8.0G         0B       8.0G

             total       used       free     shared    buffers     cached
Mem:          992M       659M       332M       1.4M        38M       287M
-/+ buffers/cache:       332M       659M
Swap:         8.0G         0B       8.0G

             total       used       free     shared    buffers     cached
Mem:          992M       659M       333M       1.4M        38M       288M
-/+ buffers/cache:       332M       659M
Swap:         8.0G         0B       8.0G

             total       used       free     shared    buffers     cached
Mem:          992M       658M       333M       1.4M        38M       288M
-/+ buffers/cache:       332M       659M
Swap:         8.0G         0B       8.0G

             total       used       free     shared    buffers     cached
Mem:          992M       662M       329M       1.4M        38M       288M
-/+ buffers/cache:       335M       656M
Swap:         8.0G         0B       8.0G

             total       used       free     shared    buffers     cached
Mem:          992M       681M       310M       1.4M        38M       288M
-/+ buffers/cache:       354M       637M
Swap:         8.0G         0B       8.0G

             total       used       free     shared    buffers     cached
Mem:          992M       694M       298M       1.4M        38M       288M
-/+ buffers/cache:       366M       625M
Swap:         8.0G         0B       8.0G

             total       used       free     shared    buffers     cached
Mem:          992M       668M       323M       1.4M        38M       289M
-/+ buffers/cache:       340M       651M
Swap:         8.0G         0B       8.0G

             total       used       free     shared    buffers     cached
Mem:          992M       668M       323M       1.4M        38M       289M
-/+ buffers/cache:       340M       651M
Swap:         8.0G         0B       8.0G

             total       used       free     shared    buffers     cached
Mem:          992M       668M       323M       1.4M        38M       289M
-/+ buffers/cache:       340M       651M
Swap:         8.0G         0B       8.0G

             total       used       free     shared    buffers     cached
Mem:          992M       668M       323M       1.4M        38M       289M
-/+ buffers/cache:       340M       651M
Swap:         8.0G         0B       8.0G

             total       used       free     shared    buffers     cached
Mem:          992M       668M       323M       1.4M        38M       289M
-/+ buffers/cache:       340M       651M
Swap:         8.0G         0B       8.0G

             total       used       free     shared    buffers     cached
Mem:          992M       668M       323M       1.4M        38M       289M
-/+ buffers/cache:       340M       651M
Swap:         8.0G         0B       8.0G

             total       used       free     shared    buffers     cached
Mem:          992M       668M       323M       1.4M        38M       289M
-/+ buffers/cache:       340M       651M
Swap:         8.0G         0B       8.0G

             total       used       free     shared    buffers     cached
Mem:          992M       668M       323M       1.4M        38M       289M
-/+ buffers/cache:       340M       651M
Swap:         8.0G         0B       8.0G

             total       used       free     shared    buffers     cached
Mem:          992M       668M       323M       1.4M        38M       289M
-/+ buffers/cache:       340M       651M
Swap:         8.0G         0B       8.0G

             total       used       free     shared    buffers     cached
Mem:          992M       668M       323M       1.4M        38M       289M
-/+ buffers/cache:       340M       651M
Swap:         8.0G         0B       8.0G

             total       used       free     shared    buffers     cached
Mem:          992M       668M       323M       1.4M        38M       289M
-/+ buffers/cache:       340M       651M
Swap:         8.0G         0B       8.0G

             total       used       free     shared    buffers     cached
Mem:          992M       668M       323M       1.4M        38M       289M
-/+ buffers/cache:       340M       651M
Swap:         8.0G         0B       8.0G

             total       used       free     shared    buffers     cached
Mem:          992M       668M       323M       1.4M        38M       289M
-/+ buffers/cache:       340M       651M
Swap:         8.0G         0B       8.0G

             total       used       free     shared    buffers     cached
Mem:          992M       668M       323M       1.4M        38M       289M
-/+ buffers/cache:       340M       651M
Swap:         8.0G         0B       8.0G

             total       used       free     shared    buffers     cached
Mem:          992M       668M       323M       1.4M        38M       289M
-/+ buffers/cache:       340M       651M
Swap:         8.0G         0B       8.0G

             total       used       free     shared    buffers     cached
Mem:          992M       668M       323M       1.4M        38M       289M
-/+ buffers/cache:       340M       651M
Swap:         8.0G         0B       8.0G

             total       used       free     shared    buffers     cached
Mem:          992M       668M       323M       1.4M        38M       289M
-/+ buffers/cache:       340M       651M
Swap:         8.0G         0B       8.0G

             total       used       free     shared    buffers     cached
Mem:          992M       668M       323M       1.4M        38M       289M
-/+ buffers/cache:       340M       651M
Swap:         8.0G         0B       8.0G

             total       used       free     shared    buffers     cached
Mem:          992M       668M       323M       1.4M        38M       289M
-/+ buffers/cache:       340M       651M
Swap:         8.0G         0B       8.0G

             total       used       free     shared    buffers     cached
Mem:          992M       668M       323M       1.4M        38M       289M
-/+ buffers/cache:       340M       651M
Swap:         8.0G         0B       8.0G

             total       used       free     shared    buffers     cached
Mem:          992M       668M       323M       1.4M        38M       289M
-/+ buffers/cache:       340M       651M
Swap:         8.0G         0B       8.0G

             total       used       free     shared    buffers     cached
Mem:          992M       676M       316M       1.4M        38M       289M
-/+ buffers/cache:       347M       644M
Swap:         8.0G         0B       8.0G

             total       used       free     shared    buffers     cached
Mem:          992M       693M       299M       1.4M        38M       289M
-/+ buffers/cache:       364M       627M
Swap:         8.0G         0B       8.0G

             total       used       free     shared    buffers     cached
Mem:          992M       710M       282M       1.4M        38M       289M
-/+ buffers/cache:       381M       610M
Swap:         8.0G         0B       8.0G

             total       used       free     shared    buffers     cached
Mem:          992M       726M       265M       1.4M        38M       289M
-/+ buffers/cache:       397M       594M
Swap:         8.0G         0B       8.0G

             total       used       free     shared    buffers     cached
Mem:          992M       742M       249M       1.4M        38M       289M
-/+ buffers/cache:       413M       578M
Swap:         8.0G         0B       8.0G

             total       used       free     shared    buffers     cached
Mem:          992M       758M       233M       1.4M        38M       289M
-/+ buffers/cache:       430M       562M
Swap:         8.0G         0B       8.0G

             total       used       free     shared    buffers     cached
Mem:          992M       775M       216M       1.4M        38M       289M
-/+ buffers/cache:       447M       545M
Swap:         8.0G         0B       8.0G

             total       used       free     shared    buffers     cached
Mem:          992M       789M       202M       1.4M        38M       289M
-/+ buffers/cache:       461M       530M
Swap:         8.0G         0B       8.0G

             total       used       free     shared    buffers     cached
Mem:          992M       806M       185M       1.4M        38M       289M
-/+ buffers/cache:       478M       513M
Swap:         8.0G         0B       8.0G

             total       used       free     shared    buffers     cached
Mem:          992M       822M       169M       1.4M        38M       289M
-/+ buffers/cache:       494M       497M
Swap:         8.0G         0B       8.0G

             total       used       free     shared    buffers     cached
Mem:          992M       842M       150M       1.4M        38M       289M
-/+ buffers/cache:       513M       478M
Swap:         8.0G         0B       8.0G

             total       used       free     shared    buffers     cached
Mem:          992M       857M       134M       1.4M        38M       289M
-/+ buffers/cache:       529M       462M
Swap:         8.0G         0B       8.0G

             total       used       free     shared    buffers     cached
Mem:          992M       874M       118M       1.4M        38M       289M
-/+ buffers/cache:       545M       446M
Swap:         8.0G         0B       8.0G

             total       used       free     shared    buffers     cached
Mem:          992M       890M       102M       1.4M        38M       289M
-/+ buffers/cache:       561M       430M
Swap:         8.0G         0B       8.0G

             total       used       free     shared    buffers     cached
Mem:          992M       902M        90M       1.4M        38M       289M
-/+ buffers/cache:       573M       418M
Swap:         8.0G         0B       8.0G

             total       used       free     shared    buffers     cached
Mem:          992M       918M        74M       1.4M        38M       289M
-/+ buffers/cache:       589M       402M
Swap:         8.0G         0B       8.0G

             total       used       free     shared    buffers     cached
Mem:          992M       911M        80M       1.4M        17M       288M
-/+ buffers/cache:       605M       386M
Swap:         8.0G         0B       8.0G

             total       used       free     shared    buffers     cached
Mem:          992M       926M        65M       1.4M        17M       288M
-/+ buffers/cache:       621M       371M
Swap:         8.0G         0B       8.0G

             total       used       free     shared    buffers     cached
Mem:          992M       925M        67M       1.4M        10M       278M
-/+ buffers/cache:       635M       356M
Swap:         8.0G        12K       8.0G

             total       used       free     shared    buffers     cached
Mem:          992M       923M        69M       1.4M       9.6M       262M
-/+ buffers/cache:       650M       341M
Swap:         8.0G        88K       8.0G

             total       used       free     shared    buffers     cached
Mem:          992M       919M        72M       1.3M       9.6M       244M
-/+ buffers/cache:       665M       326M
Swap:         8.0G       352K       8.0G

             total       used       free     shared    buffers     cached
Mem:          992M       920M        71M       1.2M       9.6M       232M
-/+ buffers/cache:       678M       313M
Swap:         8.0G       4.5M       8.0G

             total       used       free     shared    buffers     cached
Mem:          992M       903M        88M       1.2M       9.3M       205M
-/+ buffers/cache:       688M       303M
Swap:         8.0G       8.8M       8.0G

             total       used       free     shared    buffers     cached
Mem:          992M       918M        74M       1.2M       9.3M       205M
-/+ buffers/cache:       703M       289M
Swap:         8.0G       8.8M       8.0G

             total       used       free     shared    buffers     cached
Mem:          992M       921M        70M       1.2M       2.7M       199M
-/+ buffers/cache:       719M       272M
Swap:         8.0G       8.8M       8.0G

             total       used       free     shared    buffers     cached
Mem:          992M       922M        69M       1.2M       1.2M       187M
-/+ buffers/cache:       733M       258M
Swap:         8.0G       8.8M       8.0G

             total       used       free     shared    buffers     cached
Mem:          992M       928M        64M       1.2M       496K       178M
-/+ buffers/cache:       748M       243M
Swap:         8.0G       8.8M       8.0G

             total       used       free     shared    buffers     cached
Mem:          992M       921M        70M       1.2M       212K       157M
-/+ buffers/cache:       763M       228M
Swap:         8.0G       8.8M       8.0G

             total       used       free     shared    buffers     cached
Mem:          992M       917M        74M       1.2M       364K       139M
-/+ buffers/cache:       778M       214M
Swap:         8.0G       8.8M       8.0G

             total       used       free     shared    buffers     cached
Mem:          992M       925M        66M       1.2M       372K       139M
-/+ buffers/cache:       786M       206M
Swap:         8.0G       8.8M       8.0G

             total       used       free     shared    buffers     cached
Mem:          992M       924M        67M       1.2M       216K       122M
-/+ buffers/cache:       801M       190M
Swap:         8.0G       8.8M       8.0G

             total       used       free     shared    buffers     cached
Mem:          992M       925M        66M       1.2M       212K       108M
-/+ buffers/cache:       816M       175M
Swap:         8.0G       8.8M       8.0G

             total       used       free     shared    buffers     cached
Mem:          992M       923M        68M       1.2M       212K        93M
-/+ buffers/cache:       829M       162M
Swap:         8.0G       8.8M       8.0G

             total       used       free     shared    buffers     cached
Mem:          992M       917M        75M       1.2M       212K        72M
-/+ buffers/cache:       844M       147M
Swap:         8.0G       8.8M       8.0G

             total       used       free     shared    buffers     cached
Mem:          992M       915M        77M       1.2M       236K        55M
-/+ buffers/cache:       858M       133M
Swap:         8.0G       8.8M       8.0G

             total       used       free     shared    buffers     cached
Mem:          992M       930M        61M       1.2M       236K        55M
-/+ buffers/cache:       874M       117M
Swap:         8.0G       8.8M       8.0G

             total       used       free     shared    buffers     cached
Mem:          992M       928M        63M       1.2M       2.9M        34M
-/+ buffers/cache:       890M       101M
Swap:         8.0G       8.8M       8.0G

             total       used       free     shared    buffers     cached
Mem:          992M       928M        63M       1.2M       2.9M        22M
-/+ buffers/cache:       902M        89M
Swap:         8.0G       8.8M       8.0G

             total       used       free     shared    buffers     cached
Mem:          992M       920M        72M       1.0M       240K       4.1M
-/+ buffers/cache:       915M        76M
Swap:         8.0G        13M       8.0G

             total       used       free     shared    buffers     cached
Mem:          992M       914M        78M       676K        88K       2.5M
-/+ buffers/cache:       911M        80M
Swap:         8.0G        36M       8.0G

             total       used       free     shared    buffers     cached
Mem:          992M       929M        63M       688K        92K       2.7M
-/+ buffers/cache:       926M        65M
Swap:         8.0G        36M       8.0G

             total       used       free     shared    buffers     cached
Mem:          992M       927M        64M       680K        92K       2.7M
-/+ buffers/cache:       924M        67M
Swap:         8.0G        53M       7.9G

             total       used       free     shared    buffers     cached
Mem:          992M       926M        65M       680K       392K       3.1M
-/+ buffers/cache:       923M        68M
Swap:         8.0G        67M       7.9G

             total       used       free     shared    buffers     cached
Mem:          992M       928M        63M       680K       380K       3.0M
-/+ buffers/cache:       924M        67M
Swap:         8.0G        86M       7.9G

             total       used       free     shared    buffers     cached
Mem:          992M       929M        62M       656K       380K       3.0M
-/+ buffers/cache:       926M        66M
Swap:         8.0G        92M       7.9G

             total       used       free     shared    buffers     cached
Mem:          992M       922M        69M       648K       380K       3.0M
-/+ buffers/cache:       919M        73M
Swap:         8.0G       117M       7.9G

             total       used       free     shared    buffers     cached
Mem:          992M       926M        65M       648K       380K       3.2M
-/+ buffers/cache:       923M        68M
Swap:         8.0G       128M       7.9G

             total       used       free     shared    buffers     cached
Mem:          992M       923M        69M       596K       388K       3.1M
-/+ buffers/cache:       919M        72M
Swap:         8.0G       155M       7.8G

             total       used       free     shared    buffers     cached
Mem:          992M       924M        67M       580K       388K       3.1M
-/+ buffers/cache:       921M        71M
Swap:         8.0G       155M       7.8G

             total       used       free     shared    buffers     cached
Mem:          992M       923M        68M       580K       388K       3.1M
-/+ buffers/cache:       920M        71M
Swap:         8.0G       172M       7.8G

             total       used       free     shared    buffers     cached
Mem:          992M       911M        80M       568K       388K       3.1M
-/+ buffers/cache:       907M        84M
Swap:         8.0G       216M       7.8G

             total       used       free     shared    buffers     cached
Mem:          992M       927M        64M       560K       388K       3.2M
-/+ buffers/cache:       923M        68M
Swap:         8.0G       216M       7.8G

             total       used       free     shared    buffers     cached
Mem:          992M       930M        61M       560K       388K       3.2M
-/+ buffers/cache:       926M        65M
Swap:         8.0G       216M       7.8G

             total       used       free     shared    buffers     cached
Mem:          992M       931M        61M       560K       396K       3.2M
-/+ buffers/cache:       927M        64M
Swap:         8.0G       229M       7.8G

             total       used       free     shared    buffers     cached
Mem:          992M       920M        71M       536K       396K       3.1M
-/+ buffers/cache:       917M        74M
Swap:         8.0G       247M       7.8G

             total       used       free     shared    buffers     cached
Mem:          992M       926M        65M       536K       396K       3.0M
-/+ buffers/cache:       923M        69M
Swap:         8.0G       254M       7.7G

             total       used       free     shared    buffers     cached
Mem:          992M       915M        76M       536K       396K       3.0M
-/+ buffers/cache:       912M        79M
Swap:         8.0G       276M       7.7G

             total       used       free     shared    buffers     cached
Mem:          992M       923M        68M       536K       396K       3.0M
-/+ buffers/cache:       920M        71M
Swap:         8.0G       276M       7.7G

             total       used       free     shared    buffers     cached
Mem:          992M       930M        61M       536K       404K       3.0M
-/+ buffers/cache:       926M        65M
Swap:         8.0G       276M       7.7G

             total       used       free     shared    buffers     cached
Mem:          992M       922M        70M       536K       372K       3.0M
-/+ buffers/cache:       918M        73M
Swap:         8.0G       287M       7.7G

             total       used       free     shared    buffers     cached
Mem:          992M       928M        64M       536K       372K       3.0M
-/+ buffers/cache:       924M        67M
Swap:         8.0G       287M       7.7G

             total       used       free     shared    buffers     cached
Mem:          992M       920M        71M       536K       348K       3.0M
-/+ buffers/cache:       917M        74M
Swap:         8.0G       305M       7.7G

             total       used       free     shared    buffers     cached
Mem:          992M       927M        65M       536K       348K       3.0M
-/+ buffers/cache:       923M        68M
Swap:         8.0G       305M       7.7G

             total       used       free     shared    buffers     cached
Mem:          992M       922M        70M       536K       356K       2.9M
-/+ buffers/cache:       918M        73M
Swap:         8.0G       310M       7.7G

             total       used       free     shared    buffers     cached
Mem:          992M       923M        68M       536K       356K       2.9M
-/+ buffers/cache:       920M        72M
Swap:         8.0G       314M       7.7G

             total       used       free     shared    buffers     cached
Mem:          992M       928M        63M       536K       356K       2.9M
-/+ buffers/cache:       925M        66M
Swap:         8.0G       314M       7.7G

             total       used       free     shared    buffers     cached
Mem:          992M       908M        83M       536K       160K       2.9M
-/+ buffers/cache:       905M        87M
Swap:         8.0G       340M       7.7G

             total       used       free     shared    buffers     cached
Mem:          992M       912M        79M       536K       160K       2.9M
-/+ buffers/cache:       909M        82M
Swap:         8.0G       340M       7.7G

             total       used       free     shared    buffers     cached
Mem:          992M       923M        68M        16K        76K       2.3M
-/+ buffers/cache:       921M        70M
Swap:         8.0G       331M       7.7G

             total       used       free     shared    buffers     cached
Mem:          992M       920M        72M         8K        84K       2.0M
-/+ buffers/cache:       918M        74M
Swap:         8.0G       324M       7.7G

             total       used       free     shared    buffers     cached
Mem:          992M       922M        69M         8K        84K       1.8M
-/+ buffers/cache:       920M        71M
Swap:         8.0G       320M       7.7G

             total       used       free     shared    buffers     cached
Mem:          992M       920M        71M         0B        84K       1.4M
-/+ buffers/cache:       918M        73M
Swap:         8.0G       328M       7.7G

             total       used       free     shared    buffers     cached
Mem:          992M       920M        71M         0B        76K       1.4M
-/+ buffers/cache:       919M        73M
Swap:         8.0G       325M       7.7G

             total       used       free     shared    buffers     cached
Mem:          992M       926M        66M         0B        76K       1.4M
-/+ buffers/cache:       924M        67M
Swap:         8.0G       319M       7.7G

             total       used       free     shared    buffers     cached
Mem:          992M       920M        71M         0B        84K       1.4M
-/+ buffers/cache:       918M        73M
Swap:         8.0G       329M       7.7G

             total       used       free     shared    buffers     cached
Mem:          992M       920M        71M         0B        84K       1.4M
-/+ buffers/cache:       918M        73M
Swap:         8.0G       329M       7.7G

             total       used       free     shared    buffers     cached
Mem:          992M       930M        62M         0B        84K       1.5M
-/+ buffers/cache:       928M        63M
Swap:         8.0G       427M       7.6G

             total       used       free     shared    buffers     cached
Mem:          992M       914M        77M         0B        84K       1.5M
-/+ buffers/cache:       912M        79M
Swap:         8.0G       375M       7.6G

             total       used       free     shared    buffers     cached
Mem:          992M       921M        71M         0B        84K       1.5M
-/+ buffers/cache:       919M        72M
Swap:         8.0G       334M       7.7G

             total       used       free     shared    buffers     cached
Mem:          992M       919M        72M         0B        92K       1.7M
-/+ buffers/cache:       918M        74M
Swap:         8.0G       333M       7.7G

             total       used       free     shared    buffers     cached
Mem:          992M       929M        62M         0B        92K       6.8M
-/+ buffers/cache:       922M        69M
Swap:         8.0G       331M       7.7G

             total       used       free     shared    buffers     cached
Mem:          992M       920M        72M         0B       216K        18M
-/+ buffers/cache:       901M        90M
Swap:         8.0G       396M       7.6G

             total       used       free     shared    buffers     cached
Mem:          992M       928M        63M         0B       820K        19M
-/+ buffers/cache:       908M        84M
Swap:         8.0G       395M       7.6G

             total       used       free     shared    buffers     cached
Mem:          992M       920M        72M         0B       820K        19M
-/+ buffers/cache:       900M        92M
Swap:         8.0G       395M       7.6G

             total       used       free     shared    buffers     cached
Mem:          992M       925M        66M         0B       824K        19M
-/+ buffers/cache:       905M        86M
Swap:         8.0G       395M       7.6G

             total       used       free     shared    buffers     cached
Mem:          992M       928M        63M         0B       832K        19M
-/+ buffers/cache:       908M        83M
Swap:         8.0G       395M       7.6G

             total       used       free     shared    buffers     cached
Mem:          992M       919M        72M         0B       832K        18M
-/+ buffers/cache:       900M        92M
Swap:         8.0G       395M       7.6G

             total       used       free     shared    buffers     cached
Mem:          992M       925M        66M         0B       832K        18M
-/+ buffers/cache:       905M        86M
Swap:         8.0G       395M       7.6G

             total       used       free     shared    buffers     cached
Mem:          992M       931M        61M         0B       832K        18M
-/+ buffers/cache:       911M        80M
Swap:         8.0G       395M       7.6G

             total       used       free     shared    buffers     cached
Mem:          992M       921M        70M         0B       648K        16M
-/+ buffers/cache:       905M        87M
Swap:         8.0G       403M       7.6G

             total       used       free     shared    buffers     cached
Mem:          992M       923M        68M         0B       656K        16M
-/+ buffers/cache:       906M        85M
Swap:         8.0G       403M       7.6G

             total       used       free     shared    buffers     cached
Mem:          992M       925M        66M         0B       656K        16M
-/+ buffers/cache:       908M        83M
Swap:         8.0G       402M       7.6G

             total       used       free     shared    buffers     cached
Mem:          992M       927M        64M         0B       656K        16M
-/+ buffers/cache:       911M        81M
Swap:         8.0G       400M       7.6G

             total       used       free     shared    buffers     cached
Mem:          992M       929M        62M         0B       656K        16M
-/+ buffers/cache:       912M        79M
Swap:         8.0G       399M       7.6G

             total       used       free     shared    buffers     cached
Mem:          992M       931M        60M         0B       656K        16M
-/+ buffers/cache:       914M        77M
Swap:         8.0G       397M       7.6G

             total       used       free     shared    buffers     cached
Mem:          992M       917M        74M         0B       664K        14M
-/+ buffers/cache:       902M        89M
Swap:         8.0G       415M       7.6G

             total       used       free     shared    buffers     cached
Mem:          992M       921M        71M         0B       800K        14M
-/+ buffers/cache:       905M        86M
Swap:         8.0G       414M       7.6G

             total       used       free     shared    buffers     cached
Mem:          992M       923M        68M         0B       800K        14M
-/+ buffers/cache:       907M        84M
Swap:         8.0G       413M       7.6G

             total       used       free     shared    buffers     cached
Mem:          992M       925M        67M         0B       800K        14M
-/+ buffers/cache:       909M        82M
Swap:         8.0G       412M       7.6G

             total       used       free     shared    buffers     cached
Mem:          992M       927M        65M         0B       800K        14M
-/+ buffers/cache:       911M        80M
Swap:         8.0G       411M       7.6G

             total       used       free     shared    buffers     cached
Mem:          992M       929M        63M         0B       800K        14M
-/+ buffers/cache:       913M        78M
Swap:         8.0G       410M       7.6G

             total       used       free     shared    buffers     cached
Mem:          992M       931M        60M         0B       808K        14M
-/+ buffers/cache:       915M        76M
Swap:         8.0G       409M       7.6G

             total       used       free     shared    buffers     cached
Mem:          992M       910M        82M         0B       192K       4.2M
-/+ buffers/cache:       905M        86M
Swap:         8.0G       409M       7.6G

             total       used       free     shared    buffers     cached
Mem:          992M       912M        79M         0B       192K       4.2M
-/+ buffers/cache:       907M        84M
Swap:         8.0G       408M       7.6G

             total       used       free     shared    buffers     cached
Mem:          992M       914M        77M         0B       196K       4.2M
-/+ buffers/cache:       910M        82M
Swap:         8.0G       407M       7.6G

             total       used       free     shared    buffers     cached
Mem:          992M       916M        75M         0B       196K       4.2M
-/+ buffers/cache:       912M        79M
Swap:         8.0G       406M       7.6G

             total       used       free     shared    buffers     cached
Mem:          992M       918M        73M         0B       360K       4.2M
-/+ buffers/cache:       914M        77M
Swap:         8.0G       405M       7.6G

             total       used       free     shared    buffers     cached
Mem:          992M       921M        71M         0B       360K       4.3M
-/+ buffers/cache:       916M        75M
Swap:         8.0G       404M       7.6G

             total       used       free     shared    buffers     cached
Mem:          992M       923M        68M         0B       360K       4.3M
-/+ buffers/cache:       918M        73M
Swap:         8.0G       403M       7.6G

             total       used       free     shared    buffers     cached
Mem:          992M       925M        66M         0B       360K       4.3M
-/+ buffers/cache:       920M        71M
Swap:         8.0G       402M       7.6G

             total       used       free     shared    buffers     cached
Mem:          992M       927M        64M         0B       360K       4.4M
-/+ buffers/cache:       922M        69M
Swap:         8.0G       401M       7.6G

             total       used       free     shared    buffers     cached
Mem:          992M       928M        63M         0B       368K       4.4M
-/+ buffers/cache:       924M        67M
Swap:         8.0G       401M       7.6G

             total       used       free     shared    buffers     cached
Mem:          992M       930M        61M         0B       368K       4.3M
-/+ buffers/cache:       926M        66M
Swap:         8.0G       400M       7.6G

             total       used       free     shared    buffers     cached
Mem:          992M       918M        73M         0B       368K       4.1M
-/+ buffers/cache:       914M        77M
Swap:         8.0G       415M       7.6G

             total       used       free     shared    buffers     cached
Mem:          992M       921M        71M         0B       368K       4.1M
-/+ buffers/cache:       916M        75M
Swap:         8.0G       414M       7.6G

             total       used       free     shared    buffers     cached
Mem:          992M       923M        68M         0B       368K       4.1M
-/+ buffers/cache:       919M        73M
Swap:         8.0G       413M       7.6G

             total       used       free     shared    buffers     cached
Mem:          992M       925M        66M         0B       368K       4.1M
-/+ buffers/cache:       921M        70M
Swap:         8.0G       412M       7.6G

             total       used       free     shared    buffers     cached
Mem:          992M       928M        64M         0B       376K       4.1M
-/+ buffers/cache:       923M        68M
Swap:         8.0G       411M       7.6G

             total       used       free     shared    buffers     cached
Mem:          992M       930M        61M         0B       376K       4.1M
-/+ buffers/cache:       925M        66M
Swap:         8.0G       410M       7.6G

             total       used       free     shared    buffers     cached
Mem:          992M       920M        71M         0B       224K       2.4M
-/+ buffers/cache:       917M        74M
Swap:         8.0G       414M       7.6G

             total       used       free     shared    buffers     cached
Mem:          992M       922M        69M         0B       224K       2.4M
-/+ buffers/cache:       919M        72M
Swap:         8.0G       413M       7.6G

             total       used       free     shared    buffers     cached
Mem:          992M       924M        67M         0B       224K       2.4M
-/+ buffers/cache:       921M        70M
Swap:         8.0G       411M       7.6G

             total       used       free     shared    buffers     cached
Mem:          992M       926M        65M         0B       232K       2.4M
-/+ buffers/cache:       924M        68M
Swap:         8.0G       410M       7.6G

             total       used       free     shared    buffers     cached
Mem:          992M       928M        63M         0B       232K       2.4M
-/+ buffers/cache:       926M        65M
Swap:         8.0G       409M       7.6G

             total       used       free     shared    buffers     cached
Mem:          992M       930M        61M         0B       232K       2.4M
-/+ buffers/cache:       928M        63M
Swap:         8.0G       408M       7.6G

             total       used       free     shared    buffers     cached
Mem:          992M       913M        78M         0B       232K       2.2M
-/+ buffers/cache:       910M        81M
Swap:         8.0G       432M       7.6G

             total       used       free     shared    buffers     cached
Mem:          992M       915M        76M         0B       232K       2.2M
-/+ buffers/cache:       913M        79M
Swap:         8.0G       431M       7.6G

             total       used       free     shared    buffers     cached
Mem:          992M       917M        74M         0B       240K       2.2M
-/+ buffers/cache:       915M        77M
Swap:         8.0G       430M       7.6G

             total       used       free     shared    buffers     cached
Mem:          992M       919M        72M         0B       248K       2.2M
-/+ buffers/cache:       917M        74M
Swap:         8.0G       429M       7.6G

             total       used       free     shared    buffers     cached
Mem:          992M       922M        70M         0B       248K       2.2M
-/+ buffers/cache:       919M        72M
Swap:         8.0G       427M       7.6G

             total       used       free     shared    buffers     cached
Mem:          992M       924M        67M         0B       248K       2.2M
-/+ buffers/cache:       922M        70M
Swap:         8.0G       426M       7.6G

             total       used       free     shared    buffers     cached
Mem:          992M       926M        65M         0B       248K       2.2M
-/+ buffers/cache:       924M        67M
Swap:         8.0G       425M       7.6G

             total       used       free     shared    buffers     cached
Mem:          992M       929M        63M         0B       248K       2.2M
-/+ buffers/cache:       926M        65M
Swap:         8.0G       424M       7.6G

             total       used       free     shared    buffers     cached
Mem:          992M       915M        76M         0B       256K       2.2M
-/+ buffers/cache:       913M        78M
Swap:         8.0G       434M       7.6G

             total       used       free     shared    buffers     cached
Mem:          992M       917M        74M         0B       256K       2.2M
-/+ buffers/cache:       915M        76M
Swap:         8.0G       433M       7.6G

             total       used       free     shared    buffers     cached
Mem:          992M       920M        71M         0B       256K       2.2M
-/+ buffers/cache:       918M        74M
Swap:         8.0G       431M       7.6G

             total       used       free     shared    buffers     cached
Mem:          992M       922M        69M         0B       256K       2.2M
-/+ buffers/cache:       919M        72M
Swap:         8.0G       430M       7.6G

             total       used       free     shared    buffers     cached
Mem:          992M       924M        67M         0B       256K       2.2M
-/+ buffers/cache:       922M        70M
Swap:         8.0G       429M       7.6G

             total       used       free     shared    buffers     cached
Mem:          992M       926M        66M         0B       264K       2.2M
-/+ buffers/cache:       923M        68M
Swap:         8.0G       428M       7.6G

             total       used       free     shared    buffers     cached
Mem:          992M       927M        65M         0B       264K       2.2M
-/+ buffers/cache:       924M        67M
Swap:         8.0G       428M       7.6G

             total       used       free     shared    buffers     cached
Mem:          992M       928M        63M         0B        76K        14M
-/+ buffers/cache:       913M        78M
Swap:         8.0G       441M       7.6G

             total       used       free     shared    buffers     cached
Mem:          992M       919M        72M         0B        80K        21M
-/+ buffers/cache:       897M        94M
Swap:         8.0G       468M       7.5G

             total       used       free     shared    buffers     cached
Mem:          992M       921M        70M         0B       552K        21M
-/+ buffers/cache:       899M        92M
Swap:         8.0G       468M       7.5G

             total       used       free     shared    buffers     cached
Mem:          992M       922M        69M         0B       560K        21M
-/+ buffers/cache:       900M        92M
Swap:         8.0G       467M       7.5G

             total       used       free     shared    buffers     cached
Mem:          992M       924M        67M         0B       560K        22M
-/+ buffers/cache:       900M        91M
Swap:         8.0G       467M       7.5G

             total       used       free     shared    buffers     cached
Mem:          992M       925M        66M         0B       560K        22M
-/+ buffers/cache:       902M        89M
Swap:         8.0G       466M       7.5G

             total       used       free     shared    buffers     cached
Mem:          992M       927M        65M         0B       560K        22M
-/+ buffers/cache:       903M        88M
Swap:         8.0G       466M       7.5G

             total       used       free     shared    buffers     cached
Mem:          992M       928M        63M         0B       840K        23M
-/+ buffers/cache:       904M        87M
Swap:         8.0G       465M       7.5G

             total       used       free     shared    buffers     cached
Mem:          992M       921M        70M         0B       856K        23M
-/+ buffers/cache:       897M        95M
Swap:         8.0G       464M       7.5G

             total       used       free     shared    buffers     cached
Mem:          992M       922M        70M         0B       1.0M        33M
-/+ buffers/cache:       887M       104M
Swap:         8.0G       484M       7.5G

             total       used       free     shared    buffers     cached
Mem:          992M       924M        68M        16K       1.0M        33M
-/+ buffers/cache:       889M       102M
Swap:         8.0G       483M       7.5G

             total       used       free     shared    buffers     cached
Mem:          992M       925M        66M        16K       1.0M        33M
-/+ buffers/cache:       890M       101M
Swap:         8.0G       482M       7.5G

             total       used       free     shared    buffers     cached
Mem:          992M       926M        65M        16K       1.0M        33M
-/+ buffers/cache:       892M       100M
Swap:         8.0G       481M       7.5G

             total       used       free     shared    buffers     cached
Mem:          992M       927M        64M        16K       1.0M        33M
-/+ buffers/cache:       893M        98M
Swap:         8.0G       481M       7.5G

             total       used       free     shared    buffers     cached
Mem:          992M       928M        63M        16K       1.0M        33M
-/+ buffers/cache:       894M        97M
Swap:         8.0G       480M       7.5G

             total       used       free     shared    buffers     cached
Mem:          992M       930M        62M        16K       1.0M        33M
-/+ buffers/cache:       895M        96M
Swap:         8.0G       479M       7.5G

             total       used       free     shared    buffers     cached
Mem:          992M       920M        71M        16K       1.0M        33M
-/+ buffers/cache:       885M       106M
Swap:         8.0G       480M       7.5G

             total       used       free     shared    buffers     cached
Mem:          992M       921M        70M        16K       1.0M        33M
-/+ buffers/cache:       886M       105M
Swap:         8.0G       480M       7.5G

             total       used       free     shared    buffers     cached
Mem:          992M       923M        68M        16K       1.0M        33M
-/+ buffers/cache:       888M       103M
Swap:         8.0G       479M       7.5G

             total       used       free     shared    buffers     cached
Mem:          992M       924M        67M        16K       1.0M        33M
-/+ buffers/cache:       889M       102M
Swap:         8.0G       478M       7.5G

             total       used       free     shared    buffers     cached
Mem:          992M       925M        66M        16K       1.0M        33M
-/+ buffers/cache:       890M       101M
Swap:         8.0G       478M       7.5G

             total       used       free     shared    buffers     cached
Mem:          992M       927M        65M        16K       1.0M        33M
-/+ buffers/cache:       892M        99M
Swap:         8.0G       477M       7.5G

             total       used       free     shared    buffers     cached
Mem:          992M       928M        63M        16K       1.0M        33M
-/+ buffers/cache:       893M        98M
Swap:         8.0G       477M       7.5G

             total       used       free     shared    buffers     cached
Mem:          992M       929M        62M        16K       1.0M        33M
-/+ buffers/cache:       894M        97M
Swap:         8.0G       476M       7.5G

             total       used       free     shared    buffers     cached
Mem:          992M       930M        61M        16K       1.0M        33M
-/+ buffers/cache:       896M        96M
Swap:         8.0G       476M       7.5G

             total       used       free     shared    buffers     cached
Mem:          992M       915M        77M        16K       1.0M        32M
-/+ buffers/cache:       881M       110M
Swap:         8.0G       503M       7.5G

             total       used       free     shared    buffers     cached
Mem:          992M       916M        75M        16K       1.0M        32M
-/+ buffers/cache:       882M       109M
Swap:         8.0G       502M       7.5G

             total       used       free     shared    buffers     cached
Mem:          992M       917M        74M        16K       1.0M        32M
-/+ buffers/cache:       884M       107M
Swap:         8.0G       501M       7.5G

             total       used       free     shared    buffers     cached
Mem:          992M       919M        73M        16K       1.0M        32M
-/+ buffers/cache:       885M       106M
Swap:         8.0G       501M       7.5G

             total       used       free     shared    buffers     cached
Mem:          992M       920M        71M        16K       1.0M        32M
-/+ buffers/cache:       887M       105M
Swap:         8.0G       500M       7.5G

             total       used       free     shared    buffers     cached
Mem:          992M       921M        70M        16K       1.0M        32M
-/+ buffers/cache:       888M       104M
Swap:         8.0G       500M       7.5G

             total       used       free     shared    buffers     cached
Mem:          992M       922M        69M        16K       1.0M        32M
-/+ buffers/cache:       889M       102M
Swap:         8.0G       499M       7.5G

             total       used       free     shared    buffers     cached
Mem:          992M       924M        68M        16K       1.0M        32M
-/+ buffers/cache:       890M       101M
Swap:         8.0G       498M       7.5G

             total       used       free     shared    buffers     cached
Mem:          992M       925M        66M        16K       1.0M        32M
-/+ buffers/cache:       892M        99M
Swap:         8.0G       497M       7.5G

             total       used       free     shared    buffers     cached
Mem:          992M       927M        65M        16K       1.0M        32M
-/+ buffers/cache:       893M        98M
Swap:         8.0G       497M       7.5G

             total       used       free     shared    buffers     cached
Mem:          992M       928M        63M        16K       1.0M        32M
-/+ buffers/cache:       894M        97M
Swap:         8.0G       496M       7.5G

             total       used       free     shared    buffers     cached
Mem:          992M       929M        62M        16K       1.0M        32M
-/+ buffers/cache:       896M        96M
Swap:         8.0G       496M       7.5G

             total       used       free     shared    buffers     cached
Mem:          992M       930M        61M        16K       1.0M        32M
-/+ buffers/cache:       897M        94M
Swap:         8.0G       495M       7.5G

             total       used       free     shared    buffers     cached
Mem:          992M       918M        73M        16K       1.0M        32M
-/+ buffers/cache:       885M       106M
Swap:         8.0G       496M       7.5G

             total       used       free     shared    buffers     cached
Mem:          992M       919M        72M        16K       1.0M        32M
-/+ buffers/cache:       886M       105M
Swap:         8.0G       495M       7.5G

             total       used       free     shared    buffers     cached
Mem:          992M       921M        70M        16K       1.0M        32M
-/+ buffers/cache:       888M       103M
Swap:         8.0G       494M       7.5G

             total       used       free     shared    buffers     cached
Mem:          992M       923M        68M        16K       1.0M        32M
-/+ buffers/cache:       890M       102M
Swap:         8.0G       494M       7.5G

             total       used       free     shared    buffers     cached
Mem:          992M       924M        67M        16K       1.0M        32M
-/+ buffers/cache:       891M       100M
Swap:         8.0G       493M       7.5G

             total       used       free     shared    buffers     cached
Mem:          992M       926M        66M        16K       1.0M        32M
-/+ buffers/cache:       892M        99M
Swap:         8.0G       492M       7.5G

             total       used       free     shared    buffers     cached
Mem:          992M       927M        64M        16K       1.0M        32M
-/+ buffers/cache:       894M        97M
Swap:         8.0G       492M       7.5G

             total       used       free     shared    buffers     cached
Mem:          992M       928M        63M        16K       1.0M        32M
-/+ buffers/cache:       895M        96M
Swap:         8.0G       491M       7.5G

             total       used       free     shared    buffers     cached
Mem:          992M       930M        61M        16K       1.0M        32M
-/+ buffers/cache:       897M        95M
Swap:         8.0G       490M       7.5G

             total       used       free     shared    buffers     cached
Mem:          992M       919M        72M        16K       1.1M        31M
-/+ buffers/cache:       886M       105M
Swap:         8.0G       499M       7.5G

             total       used       free     shared    buffers     cached
Mem:          992M       920M        71M        16K       1.1M        31M
-/+ buffers/cache:       888M       103M
Swap:         8.0G       498M       7.5G

             total       used       free     shared    buffers     cached
Mem:          992M       922M        69M        16K       1.1M        31M
-/+ buffers/cache:       889M       102M
Swap:         8.0G       498M       7.5G

             total       used       free     shared    buffers     cached
Mem:          992M       923M        68M        16K       1.1M        31M
-/+ buffers/cache:       891M       101M
Swap:         8.0G       497M       7.5G

             total       used       free     shared    buffers     cached
Mem:          992M       924M        67M        16K       1.1M        31M
-/+ buffers/cache:       892M        99M
Swap:         8.0G       496M       7.5G

             total       used       free     shared    buffers     cached
Mem:          992M       926M        65M        16K       1.1M        31M
-/+ buffers/cache:       893M        98M
Swap:         8.0G       496M       7.5G

             total       used       free     shared    buffers     cached
Mem:          992M       927M        64M        16K       1.1M        31M
-/+ buffers/cache:       895M        96M
Swap:         8.0G       495M       7.5G

             total       used       free     shared    buffers     cached
Mem:          992M       929M        62M        16K       1.1M        31M
-/+ buffers/cache:       896M        95M
Swap:         8.0G       494M       7.5G

             total       used       free     shared    buffers     cached
Mem:          992M       931M        61M        16K       1.1M        31M
-/+ buffers/cache:       898M        93M
Swap:         8.0G       494M       7.5G

             total       used       free     shared    buffers     cached
Mem:          992M       919M        73M        16K       1.0M        28M
-/+ buffers/cache:       889M       102M
Swap:         8.0G       511M       7.5G

             total       used       free     shared    buffers     cached
Mem:          992M       920M        71M        16K       1.0M        28M
-/+ buffers/cache:       890M       101M
Swap:         8.0G       510M       7.5G

             total       used       free     shared    buffers     cached
Mem:          992M       921M        70M        16K       1.0M        28M
-/+ buffers/cache:       892M       100M
Swap:         8.0G       509M       7.5G

             total       used       free     shared    buffers     cached
Mem:          992M       923M        69M        16K       1.0M        28M
-/+ buffers/cache:       893M        98M
Swap:         8.0G       509M       7.5G

             total       used       free     shared    buffers     cached
Mem:          992M       927M        64M        16K       1.0M        31M
-/+ buffers/cache:       895M        97M
Swap:         8.0G       508M       7.5G

             total       used       free     shared    buffers     cached
Mem:          992M       929M        63M        16K       1.0M        31M
-/+ buffers/cache:       896M        95M
Swap:         8.0G       507M       7.5G

             total       used       free     shared    buffers     cached
Mem:          992M       930M        61M        16K       1.0M        31M
-/+ buffers/cache:       897M        94M
Swap:         8.0G       506M       7.5G

             total       used       free     shared    buffers     cached
Mem:          992M       920M        72M        16K       1.0M        31M
-/+ buffers/cache:       887M       104M
Swap:         8.0G       506M       7.5G

             total       used       free     shared    buffers     cached
Mem:          992M       921M        70M        16K       1.0M        31M
-/+ buffers/cache:       889M       102M
Swap:         8.0G       505M       7.5G

             total       used       free     shared    buffers     cached
Mem:          992M       923M        69M        16K       1.0M        31M
-/+ buffers/cache:       890M       101M
Swap:         8.0G       504M       7.5G

             total       used       free     shared    buffers     cached
Mem:          992M       924M        67M        16K       1.0M        31M
-/+ buffers/cache:       892M        99M
Swap:         8.0G       504M       7.5G

             total       used       free     shared    buffers     cached
Mem:          992M       926M        65M        16K       1.0M        31M
-/+ buffers/cache:       893M        98M
Swap:         8.0G       503M       7.5G

             total       used       free     shared    buffers     cached
Mem:          992M       927M        64M        16K       1.0M        31M
-/+ buffers/cache:       895M        97M
Swap:         8.0G       502M       7.5G

             total       used       free     shared    buffers     cached
Mem:          992M       928M        63M        16K       1.1M        31M
-/+ buffers/cache:       896M        95M
Swap:         8.0G       501M       7.5G

             total       used       free     shared    buffers     cached
Mem:          992M       930M        61M        16K       1.1M        31M
-/+ buffers/cache:       898M        93M
Swap:         8.0G       500M       7.5G

             total       used       free     shared    buffers     cached
Mem:          992M       919M        73M        16K       544K        29M
-/+ buffers/cache:       889M       103M
Swap:         8.0G       520M       7.5G

             total       used       free     shared    buffers     cached
Mem:          992M       920M        71M        16K       544K        29M
-/+ buffers/cache:       890M       101M
Swap:         8.0G       519M       7.5G

             total       used       free     shared    buffers     cached
Mem:          992M       923M        68M        16K       680K        30M
-/+ buffers/cache:       892M        99M
Swap:         8.0G       518M       7.5G

             total       used       free     shared    buffers     cached
Mem:          992M       924M        67M        20K       688K        30M
-/+ buffers/cache:       893M        98M
Swap:         8.0G       517M       7.5G

             total       used       free     shared    buffers     cached
Mem:          992M       926M        65M        20K       688K        30M
-/+ buffers/cache:       895M        96M
Swap:         8.0G       516M       7.5G

             total       used       free     shared    buffers     cached
Mem:          992M       920M        71M        20K       268K        31M
-/+ buffers/cache:       889M       103M
Swap:         8.0G       513M       7.5G

             total       used       free     shared    buffers     cached
Mem:          992M       922M        70M        20K       268K        31M
-/+ buffers/cache:       890M       101M
Swap:         8.0G       513M       7.5G

             total       used       free     shared    buffers     cached
Mem:          992M       930M        61M        20K       268K        34M
-/+ buffers/cache:       896M        96M
Swap:         8.0G       510M       7.5G

             total       used       free     shared    buffers     cached
Mem:          992M       904M        87M        20K       232K        24M
-/+ buffers/cache:       880M       111M
Swap:         8.0G       523M       7.5G

             total       used       free     shared    buffers     cached
Mem:          992M       905M        86M        20K       252K        24M
-/+ buffers/cache:       881M       111M
Swap:         8.0G       523M       7.5G

             total       used       free     shared    buffers     cached
Mem:          992M       905M        86M        20K       252K        24M
-/+ buffers/cache:       881M       110M
Swap:         8.0G       522M       7.5G

             total       used       free     shared    buffers     cached
Mem:          992M       906M        85M        20K       276K        24M
-/+ buffers/cache:       882M       109M
Swap:         8.0G       522M       7.5G

             total       used       free     shared    buffers     cached
Mem:          992M       907M        84M        20K       276K        24M
-/+ buffers/cache:       883M       108M
Swap:         8.0G       521M       7.5G

             total       used       free     shared    buffers     cached
Mem:          992M       908M        83M        20K       276K        24M
-/+ buffers/cache:       884M       108M
Swap:         8.0G       521M       7.5G

             total       used       free     shared    buffers     cached
Mem:          992M       909M        82M        20K       284K        24M
-/+ buffers/cache:       885M       107M
Swap:         8.0G       520M       7.5G

             total       used       free     shared    buffers     cached
Mem:          992M       910M        81M        20K       284K        24M
-/+ buffers/cache:       885M       106M
Swap:         8.0G       520M       7.5G

             total       used       free     shared    buffers     cached
Mem:          992M       911M        81M        20K       284K        24M
-/+ buffers/cache:       886M       105M
Swap:         8.0G       519M       7.5G

             total       used       free     shared    buffers     cached
Mem:          992M       911M        80M        20K       284K        24M
-/+ buffers/cache:       887M       104M
Swap:         8.0G       519M       7.5G

             total       used       free     shared    buffers     cached
Mem:          992M       919M        72M       3.8M       3.4M        50M
-/+ buffers/cache:       865M       126M
Swap:         8.0G       568M       7.4G

             total       used       free     shared    buffers     cached
Mem:          992M       915M        76M       3.9M       5.0M        65M
-/+ buffers/cache:       845M       146M
Swap:         8.0G       574M       7.4G

             total       used       free     shared    buffers     cached
Mem:          992M       916M        75M       228K       5.0M        63M
-/+ buffers/cache:       848M       144M
Swap:         8.0G       574M       7.4G

             total       used       free     shared    buffers     cached
Mem:          992M       920M        72M       272K       4.8M        63M
-/+ buffers/cache:       851M       140M
Swap:         8.0G       580M       7.4G

             total       used       free     shared    buffers     cached
Mem:          992M       921M        70M       256K       4.8M        63M
-/+ buffers/cache:       853M       139M
Swap:         8.0G       580M       7.4G

             total       used       free     shared    buffers     cached
Mem:          992M       922M        69M       256K       4.8M        63M
-/+ buffers/cache:       854M       137M
Swap:         8.0G       579M       7.4G

             total       used       free     shared    buffers     cached
Mem:          992M       924M        68M       256K       4.8M        63M
-/+ buffers/cache:       855M       136M
Swap:         8.0G       579M       7.4G

             total       used       free     shared    buffers     cached
Mem:          992M       925M        66M       256K       4.8M        63M
-/+ buffers/cache:       857M       135M
Swap:         8.0G       578M       7.4G

             total       used       free     shared    buffers     cached
Mem:          992M       927M        64M       256K       4.9M        64M
-/+ buffers/cache:       858M       133M
Swap:         8.0G       578M       7.4G

             total       used       free     shared    buffers     cached
Mem:          992M       929M        63M       256K       4.9M        64M
-/+ buffers/cache:       859M       132M
Swap:         8.0G       577M       7.4G

             total       used       free     shared    buffers     cached
Mem:          992M       930M        61M       256K       4.9M        64M
-/+ buffers/cache:       861M       130M
Swap:         8.0G       576M       7.4G

             total       used       free     shared    buffers     cached
Mem:          992M       918M        73M       256K       4.9M        63M
-/+ buffers/cache:       850M       142M
Swap:         8.0G       580M       7.4G

             total       used       free     shared    buffers     cached
Mem:          992M       919M        72M       256K       4.9M        63M
-/+ buffers/cache:       851M       140M
Swap:         8.0G       579M       7.4G

             total       used       free     shared    buffers     cached
Mem:          992M       920M        71M       256K       4.9M        63M
-/+ buffers/cache:       852M       139M
Swap:         8.0G       579M       7.4G

             total       used       free     shared    buffers     cached
Mem:          992M       922M        69M       256K       4.9M        63M
-/+ buffers/cache:       854M       137M
Swap:         8.0G       578M       7.4G

             total       used       free     shared    buffers     cached
Mem:          992M       923M        68M       256K       4.9M        63M
-/+ buffers/cache:       855M       136M
Swap:         8.0G       577M       7.4G

             total       used       free     shared    buffers     cached
Mem:          992M       925M        67M       256K       4.9M        63M
-/+ buffers/cache:       856M       135M
Swap:         8.0G       577M       7.4G

             total       used       free     shared    buffers     cached
Mem:          992M       926M        65M       256K       4.9M        63M
-/+ buffers/cache:       858M       133M
Swap:         8.0G       576M       7.4G

             total       used       free     shared    buffers     cached
Mem:          992M       928M        64M       256K       4.9M        63M
-/+ buffers/cache:       859M       132M
Swap:         8.0G       576M       7.4G

             total       used       free     shared    buffers     cached
Mem:          992M       929M        62M       256K       4.9M        63M
-/+ buffers/cache:       861M       130M
Swap:         8.0G       575M       7.4G

             total       used       free     shared    buffers     cached
Mem:          992M       931M        61M       256K       4.9M        63M
-/+ buffers/cache:       862M       129M
Swap:         8.0G       575M       7.4G

             total       used       free     shared    buffers     cached
Mem:          992M       910M        82M       256K       4.9M        60M
-/+ buffers/cache:       844M       147M
Swap:         8.0G       595M       7.4G

             total       used       free     shared    buffers     cached
Mem:          992M       911M        80M       256K       4.9M        60M
-/+ buffers/cache:       846M       146M
Swap:         8.0G       594M       7.4G

             total       used       free     shared    buffers     cached
Mem:          992M       912M        79M       256K       4.9M        60M
-/+ buffers/cache:       847M       144M
Swap:         8.0G       594M       7.4G

             total       used       free     shared    buffers     cached
Mem:          992M       914M        77M       256K       4.9M        60M
-/+ buffers/cache:       848M       143M
Swap:         8.0G       593M       7.4G

             total       used       free     shared    buffers     cached
Mem:          992M       915M        76M       256K       4.9M        60M
-/+ buffers/cache:       850M       141M
Swap:         8.0G       593M       7.4G

             total       used       free     shared    buffers     cached
Mem:          992M       917M        74M       256K       4.9M        60M
-/+ buffers/cache:       851M       140M
Swap:         8.0G       592M       7.4G

             total       used       free     shared    buffers     cached
Mem:          992M       918M        73M       256K       4.9M        60M
-/+ buffers/cache:       853M       139M
Swap:         8.0G       592M       7.4G

             total       used       free     shared    buffers     cached
Mem:          992M       920M        72M       256K       4.9M        60M
-/+ buffers/cache:       854M       137M
Swap:         8.0G       591M       7.4G

             total       used       free     shared    buffers     cached
Mem:          992M       921M        70M       256K       4.9M        60M
-/+ buffers/cache:       855M       136M
Swap:         8.0G       590M       7.4G

             total       used       free     shared    buffers     cached
Mem:          992M       923M        69M       256K       4.9M        60M
-/+ buffers/cache:       857M       134M
Swap:         8.0G       590M       7.4G

             total       used       free     shared    buffers     cached
Mem:          992M       925M        67M       256K       4.9M        61M
-/+ buffers/cache:       858M       133M
Swap:         8.0G       589M       7.4G

             total       used       free     shared    buffers     cached
Mem:          992M       926M        65M       256K       4.9M        61M
-/+ buffers/cache:       860M       132M
Swap:         8.0G       588M       7.4G

             total       used       free     shared    buffers     cached
Mem:          992M       927M        64M       256K       4.9M        61M
-/+ buffers/cache:       861M       130M
Swap:         8.0G       588M       7.4G

             total       used       free     shared    buffers     cached
Mem:          992M       929M        63M       256K       4.9M        61M
-/+ buffers/cache:       862M       129M
Swap:         8.0G       587M       7.4G

             total       used       free     shared    buffers     cached
Mem:          992M       930M        61M       256K       5.0M        61M
-/+ buffers/cache:       864M       127M
Swap:         8.0G       586M       7.4G

             total       used       free     shared    buffers     cached
Mem:          992M       920M        71M       308K       7.5M        72M
-/+ buffers/cache:       841M       151M
Swap:         8.0G       611M       7.4G

             total       used       free     shared    buffers     cached
Mem:          992M       914M        77M       300K       8.2M        74M
-/+ buffers/cache:       832M       160M
Swap:         8.0G       616M       7.4G
