             total       used       free     shared    buffers     cached
Mem:          992M       655M       336M       3.2M        41M       287M
-/+ buffers/cache:       326M       665M
Swap:         8.0G         0B       8.0G

             total       used       free     shared    buffers     cached
Mem:          992M       655M       337M       3.2M        41M       287M
-/+ buffers/cache:       325M       666M
Swap:         8.0G         0B       8.0G

             total       used       free     shared    buffers     cached
Mem:          992M       655M       337M       3.2M        41M       287M
-/+ buffers/cache:       325M       666M
Swap:         8.0G         0B       8.0G

             total       used       free     shared    buffers     cached
Mem:          992M       655M       337M       3.2M        41M       287M
-/+ buffers/cache:       325M       666M
Swap:         8.0G         0B       8.0G

             total       used       free     shared    buffers     cached
Mem:          992M       655M       337M       3.2M        41M       287M
-/+ buffers/cache:       325M       666M
Swap:         8.0G         0B       8.0G

             total       used       free     shared    buffers     cached
Mem:          992M       655M       337M       3.2M        41M       287M
-/+ buffers/cache:       325M       666M
Swap:         8.0G         0B       8.0G

             total       used       free     shared    buffers     cached
Mem:          992M       655M       337M       3.2M        41M       287M
-/+ buffers/cache:       325M       666M
Swap:         8.0G         0B       8.0G

             total       used       free     shared    buffers     cached
Mem:          992M       655M       337M       3.2M        41M       287M
-/+ buffers/cache:       325M       666M
Swap:         8.0G         0B       8.0G

             total       used       free     shared    buffers     cached
Mem:          992M       655M       337M       3.2M        41M       287M
-/+ buffers/cache:       325M       666M
Swap:         8.0G         0B       8.0G

             total       used       free     shared    buffers     cached
Mem:          992M       654M       337M       3.2M        41M       287M
-/+ buffers/cache:       325M       666M
Swap:         8.0G         0B       8.0G

             total       used       free     shared    buffers     cached
Mem:          992M       655M       337M       3.2M        41M       287M
-/+ buffers/cache:       325M       666M
Swap:         8.0G         0B       8.0G

             total       used       free     shared    buffers     cached
Mem:          992M       656M       335M       3.2M        41M       287M
-/+ buffers/cache:       326M       665M
Swap:         8.0G         0B       8.0G

             total       used       free     shared    buffers     cached
Mem:          992M       656M       335M       3.2M        41M       287M
-/+ buffers/cache:       326M       665M
Swap:         8.0G         0B       8.0G

             total       used       free     shared    buffers     cached
Mem:          992M       660M       331M       3.2M        41M       287M
-/+ buffers/cache:       330M       661M
Swap:         8.0G         0B       8.0G

             total       used       free     shared    buffers     cached
Mem:          992M       679M       312M       3.2M        41M       288M
-/+ buffers/cache:       349M       642M
Swap:         8.0G         0B       8.0G

             total       used       free     shared    buffers     cached
Mem:          992M       671M       320M       3.2M        41M       290M
-/+ buffers/cache:       339M       653M
Swap:         8.0G         0B       8.0G

             total       used       free     shared    buffers     cached
Mem:          992M       717M       274M       3.2M        41M       291M
-/+ buffers/cache:       383M       608M
Swap:         8.0G         0B       8.0G

             total       used       free     shared    buffers     cached
Mem:          992M       735M       256M       3.2M        42M       292M
-/+ buffers/cache:       401M       591M
Swap:         8.0G         0B       8.0G

             total       used       free     shared    buffers     cached
Mem:          992M       737M       254M       3.3M        42M       292M
-/+ buffers/cache:       403M       588M
Swap:         8.0G         0B       8.0G

             total       used       free     shared    buffers     cached
Mem:          992M       729M       262M       3.3M        42M       294M
-/+ buffers/cache:       392M       599M
Swap:         8.0G         0B       8.0G

             total       used       free     shared    buffers     cached
Mem:          992M       722M       269M       3.3M        42M       296M
-/+ buffers/cache:       383M       608M
Swap:         8.0G         0B       8.0G

             total       used       free     shared    buffers     cached
Mem:          992M       723M       268M       3.3M        42M       296M
-/+ buffers/cache:       384M       608M
Swap:         8.0G         0B       8.0G

             total       used       free     shared    buffers     cached
Mem:          992M       723M       268M       3.3M        42M       296M
-/+ buffers/cache:       384M       608M
Swap:         8.0G         0B       8.0G

             total       used       free     shared    buffers     cached
Mem:          992M       723M       268M       3.3M        42M       296M
-/+ buffers/cache:       384M       608M
Swap:         8.0G         0B       8.0G

             total       used       free     shared    buffers     cached
Mem:          992M       723M       268M       3.3M        42M       296M
-/+ buffers/cache:       384M       608M
Swap:         8.0G         0B       8.0G

             total       used       free     shared    buffers     cached
Mem:          992M       723M       268M       3.3M        42M       296M
-/+ buffers/cache:       384M       608M
Swap:         8.0G         0B       8.0G

             total       used       free     shared    buffers     cached
Mem:          992M       723M       268M       3.3M        42M       296M
-/+ buffers/cache:       384M       608M
Swap:         8.0G         0B       8.0G

             total       used       free     shared    buffers     cached
Mem:          992M       723M       268M       3.3M        42M       296M
-/+ buffers/cache:       384M       608M
Swap:         8.0G         0B       8.0G

             total       used       free     shared    buffers     cached
Mem:          992M       723M       268M       3.3M        42M       296M
-/+ buffers/cache:       384M       608M
Swap:         8.0G         0B       8.0G

             total       used       free     shared    buffers     cached
Mem:          992M       723M       268M       3.3M        42M       296M
-/+ buffers/cache:       384M       608M
Swap:         8.0G         0B       8.0G

             total       used       free     shared    buffers     cached
Mem:          992M       723M       268M       3.3M        42M       296M
-/+ buffers/cache:       383M       608M
Swap:         8.0G         0B       8.0G

             total       used       free     shared    buffers     cached
Mem:          992M       723M       268M       3.3M        42M       296M
-/+ buffers/cache:       383M       608M
Swap:         8.0G         0B       8.0G

             total       used       free     shared    buffers     cached
Mem:          992M       723M       268M       3.3M        42M       296M
-/+ buffers/cache:       383M       608M
Swap:         8.0G         0B       8.0G

             total       used       free     shared    buffers     cached
Mem:          992M       729M       262M       3.3M        42M       296M
-/+ buffers/cache:       390M       602M
Swap:         8.0G         0B       8.0G

             total       used       free     shared    buffers     cached
Mem:          992M       749M       242M       3.3M        42M       296M
-/+ buffers/cache:       410M       582M
Swap:         8.0G         0B       8.0G

             total       used       free     shared    buffers     cached
Mem:          992M       765M       226M       3.3M        42M       296M
-/+ buffers/cache:       426M       565M
Swap:         8.0G         0B       8.0G

             total       used       free     shared    buffers     cached
Mem:          992M       781M       210M       3.3M        42M       296M
-/+ buffers/cache:       442M       549M
Swap:         8.0G         0B       8.0G

             total       used       free     shared    buffers     cached
Mem:          992M       798M       193M       3.3M        42M       296M
-/+ buffers/cache:       459M       532M
Swap:         8.0G         0B       8.0G

             total       used       free     shared    buffers     cached
Mem:          992M       815M       176M       3.3M        42M       296M
-/+ buffers/cache:       476M       516M
Swap:         8.0G         0B       8.0G

             total       used       free     shared    buffers     cached
Mem:          992M       832M       159M       3.3M        42M       296M
-/+ buffers/cache:       493M       498M
Swap:         8.0G         0B       8.0G

             total       used       free     shared    buffers     cached
Mem:          992M       847M       144M       3.3M        42M       296M
-/+ buffers/cache:       507M       484M
Swap:         8.0G         0B       8.0G

             total       used       free     shared    buffers     cached
Mem:          992M       863M       128M       3.3M        42M       296M
-/+ buffers/cache:       523M       468M
Swap:         8.0G         0B       8.0G

             total       used       free     shared    buffers     cached
Mem:          992M       879M       112M       3.3M        42M       296M
-/+ buffers/cache:       539M       452M
Swap:         8.0G         0B       8.0G

             total       used       free     shared    buffers     cached
Mem:          992M       897M        94M       3.3M        42M       296M
-/+ buffers/cache:       557M       434M
Swap:         8.0G         0B       8.0G

             total       used       free     shared    buffers     cached
Mem:          992M       913M        78M       3.3M        42M       296M
-/+ buffers/cache:       574M       418M
Swap:         8.0G         0B       8.0G

             total       used       free     shared    buffers     cached
Mem:          992M       927M        64M       3.3M        42M       296M
-/+ buffers/cache:       587M       404M
Swap:         8.0G         0B       8.0G

             total       used       free     shared    buffers     cached
Mem:          992M       922M        69M       3.3M        21M       295M
-/+ buffers/cache:       605M       386M
Swap:         8.0G         0B       8.0G

             total       used       free     shared    buffers     cached
Mem:          992M       931M        60M       3.3M        16M       295M
-/+ buffers/cache:       619M       373M
Swap:         8.0G         0B       8.0G

             total       used       free     shared    buffers     cached
Mem:          992M       933M        59M       3.3M        14M       283M
-/+ buffers/cache:       634M       357M
Swap:         8.0G         0B       8.0G

             total       used       free     shared    buffers     cached
Mem:          992M       932M        59M       3.1M        13M       267M
-/+ buffers/cache:       651M       341M
Swap:         8.0G       168K       8.0G

             total       used       free     shared    buffers     cached
Mem:          992M       930M        62M       3.1M        13M       249M
-/+ buffers/cache:       667M       325M
Swap:         8.0G       172K       8.0G

             total       used       free     shared    buffers     cached
Mem:          992M       930M        61M       3.0M        13M       236M
-/+ buffers/cache:       680M       311M
Swap:         8.0G       5.0M       8.0G

             total       used       free     shared    buffers     cached
Mem:          992M       915M        76M       2.9M        13M       214M
-/+ buffers/cache:       687M       304M
Swap:         8.0G        13M       8.0G

             total       used       free     shared    buffers     cached
Mem:          992M       930M        61M       2.9M        13M       214M
-/+ buffers/cache:       702M       289M
Swap:         8.0G        13M       8.0G

             total       used       free     shared    buffers     cached
Mem:          992M       931M        60M       2.9M       3.8M       210M
-/+ buffers/cache:       717M       274M
Swap:         8.0G        13M       8.0G

             total       used       free     shared    buffers     cached
Mem:          992M       933M        59M       2.9M       2.5M       198M
-/+ buffers/cache:       731M       260M
Swap:         8.0G        13M       8.0G

             total       used       free     shared    buffers     cached
Mem:          992M       932M        59M       2.9M       1.2M       186M
-/+ buffers/cache:       744M       247M
Swap:         8.0G        13M       8.0G

             total       used       free     shared    buffers     cached
Mem:          992M       932M        59M       2.9M       944K       172M
-/+ buffers/cache:       758M       233M
Swap:         8.0G        13M       8.0G

             total       used       free     shared    buffers     cached
Mem:          992M       926M        65M       2.9M       944K       153M
-/+ buffers/cache:       771M       220M
Swap:         8.0G        13M       8.0G

             total       used       free     shared    buffers     cached
Mem:          992M       923M        69M       2.9M        80K       136M
-/+ buffers/cache:       786M       205M
Swap:         8.0G        13M       8.0G

             total       used       free     shared    buffers     cached
Mem:          992M       921M        70M       2.9M        84K       120M
-/+ buffers/cache:       801M       191M
Swap:         8.0G        13M       8.0G

             total       used       free     shared    buffers     cached
Mem:          992M       921M        71M       2.9M        84K       106M
-/+ buffers/cache:       814M       177M
Swap:         8.0G        13M       8.0G

             total       used       free     shared    buffers     cached
Mem:          992M       929M        63M       2.9M        92K       106M
-/+ buffers/cache:       822M       169M
Swap:         8.0G        13M       8.0G

             total       used       free     shared    buffers     cached
Mem:          992M       909M        82M       2.9M        96K        72M
-/+ buffers/cache:       837M       155M
Swap:         8.0G        13M       8.0G

             total       used       free     shared    buffers     cached
Mem:          992M       925M        66M       2.9M        96K        72M
-/+ buffers/cache:       853M       139M
Swap:         8.0G        13M       8.0G

             total       used       free     shared    buffers     cached
Mem:          992M       924M        67M       2.9M       236K        56M
-/+ buffers/cache:       867M       124M
Swap:         8.0G        13M       8.0G

             total       used       free     shared    buffers     cached
Mem:          992M       925M        66M       2.9M       236K        43M
-/+ buffers/cache:       881M       110M
Swap:         8.0G        13M       8.0G

             total       used       free     shared    buffers     cached
Mem:          992M       924M        68M       2.9M       508K        26M
-/+ buffers/cache:       897M        94M
Swap:         8.0G        13M       8.0G

             total       used       free     shared    buffers     cached
Mem:          992M       923M        68M       2.9M       504K        10M
-/+ buffers/cache:       912M        79M
Swap:         8.0G        13M       8.0G

             total       used       free     shared    buffers     cached
Mem:          992M       923M        69M       2.9M       504K       4.6M
-/+ buffers/cache:       918M        74M
Swap:         8.0G        20M       8.0G

             total       used       free     shared    buffers     cached
Mem:          992M       915M        76M       2.5M       504K       4.0M
-/+ buffers/cache:       911M        80M
Swap:         8.0G        45M       8.0G

             total       used       free     shared    buffers     cached
Mem:          992M       928M        63M       2.6M       504K       4.0M
-/+ buffers/cache:       924M        68M
Swap:         8.0G        45M       8.0G

             total       used       free     shared    buffers     cached
Mem:          992M       925M        66M       2.5M       472K       8.1M
-/+ buffers/cache:       917M        74M
Swap:         8.0G        79M       7.9G

             total       used       free     shared    buffers     cached
Mem:          992M       886M       105M       2.4M       624K        12M
-/+ buffers/cache:       873M       118M
Swap:         8.0G       188M       7.8G

             total       used       free     shared    buffers     cached
Mem:          992M       900M        91M       2.4M       624K        12M
-/+ buffers/cache:       887M       104M
Swap:         8.0G       188M       7.8G

             total       used       free     shared    buffers     cached
Mem:          992M       914M        77M       2.4M       640K        12M
-/+ buffers/cache:       901M        90M
Swap:         8.0G       188M       7.8G

             total       used       free     shared    buffers     cached
Mem:          992M       928M        63M       2.4M       644K        12M
-/+ buffers/cache:       915M        76M
Swap:         8.0G       188M       7.8G

             total       used       free     shared    buffers     cached
Mem:          992M       924M        67M       2.4M       364K       9.9M
-/+ buffers/cache:       914M        77M
Swap:         8.0G       188M       7.8G

             total       used       free     shared    buffers     cached
Mem:          992M       919M        72M       2.4M       152K       7.2M
-/+ buffers/cache:       912M        79M
Swap:         8.0G       188M       7.8G

             total       used       free     shared    buffers     cached
Mem:          992M       920M        71M       2.4M       424K       7.1M
-/+ buffers/cache:       913M        78M
Swap:         8.0G       188M       7.8G

             total       used       free     shared    buffers     cached
Mem:          992M       920M        71M       2.4M       424K       7.0M
-/+ buffers/cache:       913M        78M
Swap:         8.0G       192M       7.8G

             total       used       free     shared    buffers     cached
Mem:          992M       921M        70M       2.4M       420K       6.8M
-/+ buffers/cache:       914M        77M
Swap:         8.0G       204M       7.8G

             total       used       free     shared    buffers     cached
Mem:          992M       923M        68M       2.4M       420K       6.7M
-/+ buffers/cache:       916M        75M
Swap:         8.0G       219M       7.8G

             total       used       free     shared    buffers     cached
Mem:          992M       921M        70M       2.4M       424K       6.5M
-/+ buffers/cache:       914M        77M
Swap:         8.0G       232M       7.8G

             total       used       free     shared    buffers     cached
Mem:          992M       917M        74M       2.4M       408K       6.3M
-/+ buffers/cache:       911M        80M
Swap:         8.0G       256M       7.7G

             total       used       free     shared    buffers     cached
Mem:          992M       921M        70M       2.4M       236K        21M
-/+ buffers/cache:       899M        93M
Swap:         8.0G       278M       7.7G

             total       used       free     shared    buffers     cached
Mem:          992M       914M        77M       2.4M       552K        20M
-/+ buffers/cache:       893M        98M
Swap:         8.0G       301M       7.7G

             total       used       free     shared    buffers     cached
Mem:          992M       923M        68M       2.4M       560K        20M
-/+ buffers/cache:       902M        89M
Swap:         8.0G       301M       7.7G

             total       used       free     shared    buffers     cached
Mem:          992M       914M        77M       2.4M       560K        16M
-/+ buffers/cache:       897M        94M
Swap:         8.0G       321M       7.7G

             total       used       free     shared    buffers     cached
Mem:          992M       921M        70M       2.4M       568K        16M
-/+ buffers/cache:       904M        87M
Swap:         8.0G       321M       7.7G

             total       used       free     shared    buffers     cached
Mem:          992M       928M        64M       2.4M       568K        16M
-/+ buffers/cache:       911M        81M
Swap:         8.0G       321M       7.7G

             total       used       free     shared    buffers     cached
Mem:          992M       922M        70M       2.4M       104K       6.2M
-/+ buffers/cache:       915M        76M
Swap:         8.0G       322M       7.7G

             total       used       free     shared    buffers     cached
Mem:          992M       929M        63M       2.4M       104K       6.3M
-/+ buffers/cache:       922M        69M
Swap:         8.0G       322M       7.7G

             total       used       free     shared    buffers     cached
Mem:          992M       920M        72M       2.4M       104K       4.9M
-/+ buffers/cache:       915M        77M
Swap:         8.0G       331M       7.7G

             total       used       free     shared    buffers     cached
Mem:          992M       927M        65M       2.4M       112K       4.9M
-/+ buffers/cache:       922M        70M
Swap:         8.0G       331M       7.7G

             total       used       free     shared    buffers     cached
Mem:          992M       919M        72M       2.4M       376K       4.5M
-/+ buffers/cache:       914M        77M
Swap:         8.0G       341M       7.7G

             total       used       free     shared    buffers     cached
Mem:          992M       923M        68M       2.4M       376K       4.5M
-/+ buffers/cache:       918M        73M
Swap:         8.0G       341M       7.7G

             total       used       free     shared    buffers     cached
Mem:          992M       929M        62M       2.4M       376K       4.5M
-/+ buffers/cache:       925M        67M
Swap:         8.0G       341M       7.7G

             total       used       free     shared    buffers     cached
Mem:          992M       914M        77M       872K       376K       2.8M
-/+ buffers/cache:       911M        80M
Swap:         8.0G       361M       7.6G

             total       used       free     shared    buffers     cached
Mem:          992M       920M        72M       872K       384K       2.8M
-/+ buffers/cache:       916M        75M
Swap:         8.0G       361M       7.6G

             total       used       free     shared    buffers     cached
Mem:          992M       922M        69M       872K       384K       2.8M
-/+ buffers/cache:       919M        72M
Swap:         8.0G       361M       7.6G

             total       used       free     shared    buffers     cached
Mem:          992M       927M        64M       872K       384K       2.8M
-/+ buffers/cache:       924M        67M
Swap:         8.0G       361M       7.6G

             total       used       free     shared    buffers     cached
Mem:          992M       920M        72M       192K       384K       2.1M
-/+ buffers/cache:       917M        74M
Swap:         8.0G       382M       7.6G

             total       used       free     shared    buffers     cached
Mem:          992M       923M        68M       192K       384K       2.1M
-/+ buffers/cache:       921M        70M
Swap:         8.0G       382M       7.6G

             total       used       free     shared    buffers     cached
Mem:          992M       929M        63M       192K       384K       2.1M
-/+ buffers/cache:       926M        65M
Swap:         8.0G       382M       7.6G

             total       used       free     shared    buffers     cached
Mem:          992M       920M        71M       192K       392K       2.1M
-/+ buffers/cache:       918M        74M
Swap:         8.0G       382M       7.6G

             total       used       free     shared    buffers     cached
Mem:          992M       924M        67M       192K       392K       2.1M
-/+ buffers/cache:       922M        70M
Swap:         8.0G       382M       7.6G

             total       used       free     shared    buffers     cached
Mem:          992M       911M        80M       192K       384K       2.0M
-/+ buffers/cache:       909M        82M
Swap:         8.0G       398M       7.6G

             total       used       free     shared    buffers     cached
Mem:          992M       922M        70M       192K       368K       1.9M
-/+ buffers/cache:       919M        72M
Swap:         8.0G       383M       7.6G

             total       used       free     shared    buffers     cached
Mem:          992M       919M        73M       192K       368K       1.8M
-/+ buffers/cache:       917M        75M
Swap:         8.0G       381M       7.6G

             total       used       free     shared    buffers     cached
Mem:          992M       920M        71M       192K       372K       1.8M
-/+ buffers/cache:       918M        73M
Swap:         8.0G       381M       7.6G

             total       used       free     shared    buffers     cached
Mem:          992M       930M        61M       184K       372K       1.8M
-/+ buffers/cache:       928M        63M
Swap:         8.0G       376M       7.6G

             total       used       free     shared    buffers     cached
Mem:          992M       917M        74M        80K       284K       1.4M
-/+ buffers/cache:       915M        76M
Swap:         8.0G       392M       7.6G

             total       used       free     shared    buffers     cached
Mem:          992M       922M        69M        36K       152K       1.4M
-/+ buffers/cache:       921M        70M
Swap:         8.0G       380M       7.6G

             total       used       free     shared    buffers     cached
Mem:          992M       920M        71M         0B       136K       1.3M
-/+ buffers/cache:       919M        73M
Swap:         8.0G       378M       7.6G

             total       used       free     shared    buffers     cached
Mem:          992M       919M        72M         0B       136K       1.3M
-/+ buffers/cache:       918M        74M
Swap:         8.0G       387M       7.6G

             total       used       free     shared    buffers     cached
Mem:          992M       921M        71M         0B       136K       1.5M
-/+ buffers/cache:       919M        72M
Swap:         8.0G       386M       7.6G

             total       used       free     shared    buffers     cached
Mem:          992M       918M        73M         0B       136K       2.0M
-/+ buffers/cache:       916M        75M
Swap:         8.0G       381M       7.6G

             total       used       free     shared    buffers     cached
Mem:          992M       920M        71M         0B       136K       1.9M
-/+ buffers/cache:       918M        73M
Swap:         8.0G       385M       7.6G

             total       used       free     shared    buffers     cached
Mem:          992M       928M        63M         0B       136K       1.9M
-/+ buffers/cache:       926M        65M
Swap:         8.0G       381M       7.6G

             total       used       free     shared    buffers     cached
Mem:          992M       923M        68M         0B       276K       1.9M
-/+ buffers/cache:       921M        70M
Swap:         8.0G       395M       7.6G

             total       used       free     shared    buffers     cached
Mem:          992M       921M        71M         0B       284K       1.9M
-/+ buffers/cache:       918M        73M
Swap:         8.0G       396M       7.6G

             total       used       free     shared    buffers     cached
Mem:          992M       922M        69M         0B       284K       2.2M
-/+ buffers/cache:       920M        72M
Swap:         8.0G       392M       7.6G

             total       used       free     shared    buffers     cached
Mem:          992M       927M        64M         0B       292K       2.2M
-/+ buffers/cache:       925M        66M
Swap:         8.0G       391M       7.6G

             total       used       free     shared    buffers     cached
Mem:          992M       915M        77M         0B       296K       2.1M
-/+ buffers/cache:       912M        79M
Swap:         8.0G       406M       7.6G

             total       used       free     shared    buffers     cached
Mem:          992M       920M        71M         0B       296K       2.2M
-/+ buffers/cache:       918M        73M
Swap:         8.0G       405M       7.6G

             total       used       free     shared    buffers     cached
Mem:          992M       926M        65M         0B       304K       2.2M
-/+ buffers/cache:       924M        68M
Swap:         8.0G       405M       7.6G

             total       used       free     shared    buffers     cached
Mem:          992M       916M        75M         0B       304K       2.1M
-/+ buffers/cache:       913M        78M
Swap:         8.0G       422M       7.6G

             total       used       free     shared    buffers     cached
Mem:          992M       922M        69M         0B       304K       2.1M
-/+ buffers/cache:       919M        72M
Swap:         8.0G       422M       7.6G

             total       used       free     shared    buffers     cached
Mem:          992M       926M        65M         0B       304K       2.1M
-/+ buffers/cache:       924M        67M
Swap:         8.0G       422M       7.6G

             total       used       free     shared    buffers     cached
Mem:          992M       919M        72M         0B       304K       2.1M
-/+ buffers/cache:       917M        74M
Swap:         8.0G       442M       7.6G

             total       used       free     shared    buffers     cached
Mem:          992M       922M        69M         0B       312K       2.2M
-/+ buffers/cache:       919M        72M
Swap:         8.0G       441M       7.6G

             total       used       free     shared    buffers     cached
Mem:          992M       925M        67M         0B       312K       2.8M
-/+ buffers/cache:       921M        70M
Swap:         8.0G       440M       7.6G

             total       used       free     shared    buffers     cached
Mem:          992M       927M        64M         0B       312K       3.0M
-/+ buffers/cache:       924M        68M
Swap:         8.0G       439M       7.6G

             total       used       free     shared    buffers     cached
Mem:          992M       930M        61M         0B       312K       3.0M
-/+ buffers/cache:       927M        65M
Swap:         8.0G       438M       7.6G

             total       used       free     shared    buffers     cached
Mem:          992M       920M        71M         0B       276K       2.9M
-/+ buffers/cache:       917M        74M
Swap:         8.0G       442M       7.6G

             total       used       free     shared    buffers     cached
Mem:          992M       923M        68M         0B       276K       2.9M
-/+ buffers/cache:       920M        71M
Swap:         8.0G       441M       7.6G

             total       used       free     shared    buffers     cached
Mem:          992M       926M        66M         0B       284K       2.9M
-/+ buffers/cache:       922M        69M
Swap:         8.0G       439M       7.6G

             total       used       free     shared    buffers     cached
Mem:          992M       928M        63M         0B       284K       2.9M
-/+ buffers/cache:       925M        66M
Swap:         8.0G       438M       7.6G

             total       used       free     shared    buffers     cached
Mem:          992M       931M        61M         0B       284K       2.9M
-/+ buffers/cache:       928M        64M
Swap:         8.0G       437M       7.6G

             total       used       free     shared    buffers     cached
Mem:          992M       916M        75M         0B       272K       2.9M
-/+ buffers/cache:       913M        78M
Swap:         8.0G       454M       7.6G

             total       used       free     shared    buffers     cached
Mem:          992M       918M        73M         0B       272K       2.9M
-/+ buffers/cache:       915M        76M
Swap:         8.0G       453M       7.6G

             total       used       free     shared    buffers     cached
Mem:          992M       921M        70M         0B       280K       2.9M
-/+ buffers/cache:       918M        73M
Swap:         8.0G       452M       7.6G

             total       used       free     shared    buffers     cached
Mem:          992M       923M        68M         0B       280K       3.0M
-/+ buffers/cache:       920M        71M
Swap:         8.0G       451M       7.6G

             total       used       free     shared    buffers     cached
Mem:          992M       926M        66M         0B       280K       3.0M
-/+ buffers/cache:       922M        69M
Swap:         8.0G       450M       7.6G

             total       used       free     shared    buffers     cached
Mem:          992M       921M        70M         0B        84K        20M
-/+ buffers/cache:       901M        90M
Swap:         8.0G       475M       7.5G

             total       used       free     shared    buffers     cached
Mem:          992M       924M        67M         0B       528K        20M
-/+ buffers/cache:       903M        88M
Swap:         8.0G       474M       7.5G

             total       used       free     shared    buffers     cached
Mem:          992M       927M        65M         0B       556K        20M
-/+ buffers/cache:       905M        86M
Swap:         8.0G       473M       7.5G

             total       used       free     shared    buffers     cached
Mem:          992M       928M        63M         0B       556K        20M
-/+ buffers/cache:       907M        84M
Swap:         8.0G       473M       7.5G

             total       used       free     shared    buffers     cached
Mem:          992M       931M        60M         0B       556K        20M
-/+ buffers/cache:       910M        82M
Swap:         8.0G       472M       7.5G

             total       used       free     shared    buffers     cached
Mem:          992M       921M        71M         0B       556K        20M
-/+ buffers/cache:       900M        91M
Swap:         8.0G       486M       7.5G

             total       used       free     shared    buffers     cached
Mem:          992M       923M        69M         0B       556K        20M
-/+ buffers/cache:       902M        89M
Swap:         8.0G       485M       7.5G

             total       used       free     shared    buffers     cached
Mem:          992M       925M        66M         0B       556K        20M
-/+ buffers/cache:       904M        87M
Swap:         8.0G       484M       7.5G

             total       used       free     shared    buffers     cached
Mem:          992M       927M        64M         0B       564K        20M
-/+ buffers/cache:       906M        85M
Swap:         8.0G       484M       7.5G

             total       used       free     shared    buffers     cached
Mem:          992M       929M        62M         0B       564K        20M
-/+ buffers/cache:       908M        83M
Swap:         8.0G       483M       7.5G

             total       used       free     shared    buffers     cached
Mem:          992M       916M        76M         0B       564K        19M
-/+ buffers/cache:       895M        96M
Swap:         8.0G       490M       7.5G

             total       used       free     shared    buffers     cached
Mem:          992M       917M        74M         0B       564K        19M
-/+ buffers/cache:       897M        94M
Swap:         8.0G       489M       7.5G

             total       used       free     shared    buffers     cached
Mem:          992M       920M        72M         0B       564K        19M
-/+ buffers/cache:       899M        92M
Swap:         8.0G       488M       7.5G

             total       used       free     shared    buffers     cached
Mem:          992M       922M        69M         0B       572K        19M
-/+ buffers/cache:       901M        90M
Swap:         8.0G       487M       7.5G

             total       used       free     shared    buffers     cached
Mem:          992M       924M        67M         0B       572K        19M
-/+ buffers/cache:       904M        87M
Swap:         8.0G       486M       7.5G

             total       used       free     shared    buffers     cached
Mem:          992M       926M        65M         0B       572K        19M
-/+ buffers/cache:       906M        85M
Swap:         8.0G       485M       7.5G

             total       used       free     shared    buffers     cached
Mem:          992M       929M        62M         0B       572K        19M
-/+ buffers/cache:       908M        83M
Swap:         8.0G       484M       7.5G

             total       used       free     shared    buffers     cached
Mem:          992M       931M        60M         0B       572K        19M
-/+ buffers/cache:       910M        81M
Swap:         8.0G       483M       7.5G

             total       used       free     shared    buffers     cached
Mem:          992M       912M        79M         0B       576K        19M
-/+ buffers/cache:       892M        99M
Swap:         8.0G       507M       7.5G

             total       used       free     shared    buffers     cached
Mem:          992M       914M        77M         0B       576K        19M
-/+ buffers/cache:       894M        97M
Swap:         8.0G       506M       7.5G

             total       used       free     shared    buffers     cached
Mem:          992M       917M        75M         0B       576K        19M
-/+ buffers/cache:       897M        94M
Swap:         8.0G       505M       7.5G

             total       used       free     shared    buffers     cached
Mem:          992M       919M        73M         0B       576K        19M
-/+ buffers/cache:       899M        92M
Swap:         8.0G       505M       7.5G

             total       used       free     shared    buffers     cached
Mem:          992M       921M        71M         0B       576K        19M
-/+ buffers/cache:       901M        90M
Swap:         8.0G       504M       7.5G

             total       used       free     shared    buffers     cached
Mem:          992M       923M        68M         0B       576K        19M
-/+ buffers/cache:       903M        88M
Swap:         8.0G       503M       7.5G

             total       used       free     shared    buffers     cached
Mem:          992M       925M        66M         0B       584K        19M
-/+ buffers/cache:       905M        86M
Swap:         8.0G       502M       7.5G

             total       used       free     shared    buffers     cached
Mem:          992M       927M        64M         0B       584K        19M
-/+ buffers/cache:       907M        84M
Swap:         8.0G       501M       7.5G

             total       used       free     shared    buffers     cached
Mem:          992M       929M        62M         0B       584K        19M
-/+ buffers/cache:       909M        82M
Swap:         8.0G       500M       7.5G

             total       used       free     shared    buffers     cached
Mem:          992M       919M        72M         0B       584K        18M
-/+ buffers/cache:       899M        92M
Swap:         8.0G       502M       7.5G

             total       used       free     shared    buffers     cached
Mem:          992M       921M        70M         0B       600K        18M
-/+ buffers/cache:       902M        89M
Swap:         8.0G       501M       7.5G

             total       used       free     shared    buffers     cached
Mem:          992M       923M        68M         0B       608K        18M
-/+ buffers/cache:       904M        88M
Swap:         8.0G       500M       7.5G

             total       used       free     shared    buffers     cached
Mem:          992M       925M        66M         0B       608K        18M
-/+ buffers/cache:       906M        85M
Swap:         8.0G       499M       7.5G

             total       used       free     shared    buffers     cached
Mem:          992M       927M        64M         0B       608K        18M
-/+ buffers/cache:       908M        83M
Swap:         8.0G       498M       7.5G

             total       used       free     shared    buffers     cached
Mem:          992M       930M        62M         0B       608K        18M
-/+ buffers/cache:       910M        81M
Swap:         8.0G       497M       7.5G

             total       used       free     shared    buffers     cached
Mem:          992M       912M        79M         0B       568K        16M
-/+ buffers/cache:       895M        96M
Swap:         8.0G       517M       7.5G

             total       used       free     shared    buffers     cached
Mem:          992M       914M        77M         0B       576K        16M
-/+ buffers/cache:       898M        94M
Swap:         8.0G       516M       7.5G

             total       used       free     shared    buffers     cached
Mem:          992M       918M        73M         0B       868K        17M
-/+ buffers/cache:       900M        91M
Swap:         8.0G       516M       7.5G

             total       used       free     shared    buffers     cached
Mem:          992M       923M        68M         0B       868K        20M
-/+ buffers/cache:       902M        90M
Swap:         8.0G       515M       7.5G

             total       used       free     shared    buffers     cached
Mem:          992M       919M        72M        20K       704K        28M
-/+ buffers/cache:       890M       101M
Swap:         8.0G       527M       7.5G

             total       used       free     shared    buffers     cached
Mem:          992M       921M        70M        20K       712K        28M
-/+ buffers/cache:       892M       100M
Swap:         8.0G       526M       7.5G

             total       used       free     shared    buffers     cached
Mem:          992M       922M        69M        20K       716K        28M
-/+ buffers/cache:       893M        98M
Swap:         8.0G       526M       7.5G

             total       used       free     shared    buffers     cached
Mem:          992M       923M        68M        20K       724K        28M
-/+ buffers/cache:       894M        97M
Swap:         8.0G       526M       7.5G

             total       used       free     shared    buffers     cached
Mem:          992M       924M        67M        20K       724K        28M
-/+ buffers/cache:       895M        96M
Swap:         8.0G       525M       7.5G

             total       used       free     shared    buffers     cached
Mem:          992M       926M        65M        20K       724K        28M
-/+ buffers/cache:       897M        95M
Swap:         8.0G       524M       7.5G

             total       used       free     shared    buffers     cached
Mem:          992M       927M        64M        20K       724K        28M
-/+ buffers/cache:       898M        93M
Swap:         8.0G       524M       7.5G

             total       used       free     shared    buffers     cached
Mem:          992M       928M        63M        20K       724K        28M
-/+ buffers/cache:       899M        92M
Swap:         8.0G       523M       7.5G

             total       used       free     shared    buffers     cached
Mem:          992M       929M        62M        20K       732K        28M
-/+ buffers/cache:       900M        91M
Swap:         8.0G       523M       7.5G

             total       used       free     shared    buffers     cached
Mem:          992M       931M        60M        20K       732K        28M
-/+ buffers/cache:       902M        90M
Swap:         8.0G       522M       7.5G

             total       used       free     shared    buffers     cached
Mem:          992M       908M        83M        20K       860K        27M
-/+ buffers/cache:       880M       112M
Swap:         8.0G       547M       7.5G

             total       used       free     shared    buffers     cached
Mem:          992M       911M        80M        20K       860K        28M
-/+ buffers/cache:       882M       109M
Swap:         8.0G       545M       7.5G

             total       used       free     shared    buffers     cached
Mem:          992M       912M        79M        20K       860K        28M
-/+ buffers/cache:       883M       108M
Swap:         8.0G       545M       7.5G

             total       used       free     shared    buffers     cached
Mem:          992M       914M        77M        20K       860K        28M
-/+ buffers/cache:       885M       107M
Swap:         8.0G       544M       7.5G

             total       used       free     shared    buffers     cached
Mem:          992M       915M        77M        20K       868K        28M
-/+ buffers/cache:       886M       106M
Swap:         8.0G       544M       7.5G

             total       used       free     shared    buffers     cached
Mem:          992M       916M        75M        20K       868K        28M
-/+ buffers/cache:       887M       104M
Swap:         8.0G       543M       7.5G

             total       used       free     shared    buffers     cached
Mem:          992M       917M        74M        20K       868K        28M
-/+ buffers/cache:       888M       103M
Swap:         8.0G       543M       7.5G

             total       used       free     shared    buffers     cached
Mem:          992M       919M        73M        20K       868K        28M
-/+ buffers/cache:       889M       102M
Swap:         8.0G       542M       7.5G

             total       used       free     shared    buffers     cached
Mem:          992M       920M        72M        20K       868K        28M
-/+ buffers/cache:       891M       101M
Swap:         8.0G       541M       7.5G

             total       used       free     shared    buffers     cached
Mem:          992M       921M        70M        20K       876K        28M
-/+ buffers/cache:       892M        99M
Swap:         8.0G       541M       7.5G

             total       used       free     shared    buffers     cached
Mem:          992M       922M        69M        20K       876K        28M
-/+ buffers/cache:       893M        98M
Swap:         8.0G       540M       7.5G

             total       used       free     shared    buffers     cached
Mem:          992M       924M        68M        20K       876K        28M
-/+ buffers/cache:       894M        97M
Swap:         8.0G       540M       7.5G

             total       used       free     shared    buffers     cached
Mem:          992M       925M        66M        20K       876K        28M
-/+ buffers/cache:       896M        95M
Swap:         8.0G       539M       7.5G

             total       used       free     shared    buffers     cached
Mem:          992M       917M        75M        20K       876K        31M
-/+ buffers/cache:       884M       107M
Swap:         8.0G       548M       7.5G

             total       used       free     shared    buffers     cached
Mem:          992M       918M        74M        20K       888K        31M
-/+ buffers/cache:       885M       106M
Swap:         8.0G       548M       7.5G

             total       used       free     shared    buffers     cached
Mem:          992M       919M        72M        20K       896K        31M
-/+ buffers/cache:       886M       105M
Swap:         8.0G       547M       7.5G

             total       used       free     shared    buffers     cached
Mem:          992M       920M        71M        20K       896K        31M
-/+ buffers/cache:       888M       104M
Swap:         8.0G       547M       7.5G

             total       used       free     shared    buffers     cached
Mem:          992M       921M        70M        20K       896K        31M
-/+ buffers/cache:       889M       103M
Swap:         8.0G       546M       7.5G

             total       used       free     shared    buffers     cached
Mem:          992M       923M        69M        20K       896K        31M
-/+ buffers/cache:       890M       101M
Swap:         8.0G       546M       7.5G

             total       used       free     shared    buffers     cached
Mem:          992M       924M        67M        20K       896K        31M
-/+ buffers/cache:       891M       100M
Swap:         8.0G       545M       7.5G

             total       used       free     shared    buffers     cached
Mem:          992M       925M        66M        20K       904K        31M
-/+ buffers/cache:       893M        99M
Swap:         8.0G       544M       7.5G

             total       used       free     shared    buffers     cached
Mem:          992M       926M        65M        20K       904K        31M
-/+ buffers/cache:       894M        97M
Swap:         8.0G       544M       7.5G

             total       used       free     shared    buffers     cached
Mem:          992M       928M        63M        20K       904K        31M
-/+ buffers/cache:       896M        96M
Swap:         8.0G       543M       7.5G

             total       used       free     shared    buffers     cached
Mem:          992M       929M        62M        20K       904K        31M
-/+ buffers/cache:       897M        94M
Swap:         8.0G       542M       7.5G

             total       used       free     shared    buffers     cached
Mem:          992M       916M        75M        20K       568K        29M
-/+ buffers/cache:       887M       105M
Swap:         8.0G       551M       7.5G

             total       used       free     shared    buffers     cached
Mem:          992M       912M        79M        20K       568K        29M
-/+ buffers/cache:       882M       109M
Swap:         8.0G       561M       7.4G

             total       used       free     shared    buffers     cached
Mem:          992M       913M        78M        20K       576K        29M
-/+ buffers/cache:       883M       108M
Swap:         8.0G       560M       7.4G

             total       used       free     shared    buffers     cached
Mem:          992M       915M        77M        20K       576K        29M
-/+ buffers/cache:       885M       106M
Swap:         8.0G       560M       7.4G

             total       used       free     shared    buffers     cached
Mem:          992M       916M        75M        20K       576K        29M
-/+ buffers/cache:       886M       105M
Swap:         8.0G       559M       7.5G

             total       used       free     shared    buffers     cached
Mem:          992M       917M        74M        20K       576K        29M
-/+ buffers/cache:       888M       104M
Swap:         8.0G       558M       7.5G

             total       used       free     shared    buffers     cached
Mem:          992M       919M        72M        20K       576K        29M
-/+ buffers/cache:       889M       102M
Swap:         8.0G       558M       7.5G

             total       used       free     shared    buffers     cached
Mem:          992M       920M        71M        20K       584K        29M
-/+ buffers/cache:       890M       101M
Swap:         8.0G       557M       7.5G

             total       used       free     shared    buffers     cached
Mem:          992M       922M        70M        20K       584K        29M
-/+ buffers/cache:       892M       100M
Swap:         8.0G       556M       7.5G

             total       used       free     shared    buffers     cached
Mem:          992M       923M        68M        20K       584K        29M
-/+ buffers/cache:       893M        98M
Swap:         8.0G       556M       7.5G

             total       used       free     shared    buffers     cached
Mem:          992M       924M        67M        20K       584K        29M
-/+ buffers/cache:       894M        97M
Swap:         8.0G       555M       7.5G

             total       used       free     shared    buffers     cached
Mem:          992M       925M        66M        20K       584K        29M
-/+ buffers/cache:       896M        96M
Swap:         8.0G       554M       7.5G

             total       used       free     shared    buffers     cached
Mem:          992M       927M        64M        20K       584K        29M
-/+ buffers/cache:       897M        94M
Swap:         8.0G       554M       7.5G

             total       used       free     shared    buffers     cached
Mem:          992M       928M        63M        20K       592K        29M
-/+ buffers/cache:       898M        93M
Swap:         8.0G       553M       7.5G

             total       used       free     shared    buffers     cached
Mem:          992M       929M        62M        20K       592K        29M
-/+ buffers/cache:       899M        92M
Swap:         8.0G       552M       7.5G

             total       used       free     shared    buffers     cached
Mem:          992M       931M        61M        20K       592K        29M
-/+ buffers/cache:       901M        90M
Swap:         8.0G       552M       7.5G

             total       used       free     shared    buffers     cached
Mem:          992M       916M        75M        20K       280K        28M
-/+ buffers/cache:       888M       103M
Swap:         8.0G       562M       7.4G

             total       used       free     shared    buffers     cached
Mem:          992M       918M        73M        20K       280K        28M
-/+ buffers/cache:       889M       102M
Swap:         8.0G       561M       7.4G

             total       used       free     shared    buffers     cached
Mem:          992M       919M        72M        20K       288K        28M
-/+ buffers/cache:       890M       101M
Swap:         8.0G       560M       7.4G

             total       used       free     shared    buffers     cached
Mem:          992M       920M        71M        20K       288K        28M
-/+ buffers/cache:       892M       100M
Swap:         8.0G       560M       7.4G

             total       used       free     shared    buffers     cached
Mem:          992M       921M        70M        20K       288K        28M
-/+ buffers/cache:       893M        98M
Swap:         8.0G       559M       7.5G

             total       used       free     shared    buffers     cached
Mem:          992M       923M        68M        20K       288K        28M
-/+ buffers/cache:       894M        97M
Swap:         8.0G       558M       7.5G

             total       used       free     shared    buffers     cached
Mem:          992M       924M        67M        20K       288K        28M
-/+ buffers/cache:       895M        96M
Swap:         8.0G       558M       7.5G

             total       used       free     shared    buffers     cached
Mem:          992M       925M        66M        20K       288K        28M
-/+ buffers/cache:       897M        94M
Swap:         8.0G       557M       7.5G

             total       used       free     shared    buffers     cached
Mem:          992M       927M        64M        20K       296K        28M
-/+ buffers/cache:       898M        93M
Swap:         8.0G       556M       7.5G

             total       used       free     shared    buffers     cached
Mem:          992M       928M        63M        20K       296K        28M
-/+ buffers/cache:       900M        91M
Swap:         8.0G       556M       7.5G

             total       used       free     shared    buffers     cached
Mem:          992M       930M        61M        20K       296K        28M
-/+ buffers/cache:       901M        90M
Swap:         8.0G       555M       7.5G

             total       used       free     shared    buffers     cached
Mem:          992M       918M        73M        20K       296K        26M
-/+ buffers/cache:       891M       100M
Swap:         8.0G       558M       7.5G

             total       used       free     shared    buffers     cached
Mem:          992M       919M        72M        20K       296K        26M
-/+ buffers/cache:       892M        99M
Swap:         8.0G       557M       7.5G

             total       used       free     shared    buffers     cached
Mem:          992M       921M        71M        20K       304K        26M
-/+ buffers/cache:       893M        98M
Swap:         8.0G       556M       7.5G

             total       used       free     shared    buffers     cached
Mem:          992M       922M        69M        20K       304K        27M
-/+ buffers/cache:       895M        96M
Swap:         8.0G       555M       7.5G

             total       used       free     shared    buffers     cached
Mem:          992M       925M        67M        24K       440K        27M
-/+ buffers/cache:       896M        95M
Swap:         8.0G       554M       7.5G

             total       used       free     shared    buffers     cached
Mem:          992M       922M        70M        24K       3.2M        33M
-/+ buffers/cache:       885M       106M
Swap:         8.0G       577M       7.4G

             total       used       free     shared    buffers     cached
Mem:          992M       916M        75M        24K       3.1M        54M
-/+ buffers/cache:       858M       133M
Swap:         8.0G       593M       7.4G

             total       used       free     shared    buffers     cached
Mem:          992M       911M        80M        24K       3.2M        56M
-/+ buffers/cache:       852M       139M
Swap:         8.0G       592M       7.4G

             total       used       free     shared    buffers     cached
Mem:          992M       913M        79M        24K       3.3M        56M
-/+ buffers/cache:       853M       138M
Swap:         8.0G       592M       7.4G

             total       used       free     shared    buffers     cached
Mem:          992M       922M        69M        24K       3.3M        60M
-/+ buffers/cache:       859M       133M
Swap:         8.0G       589M       7.4G

             total       used       free     shared    buffers     cached
Mem:          992M       923M        68M        24K       3.3M        60M
-/+ buffers/cache:       860M       131M
Swap:         8.0G       588M       7.4G

             total       used       free     shared    buffers     cached
Mem:          992M       925M        66M        24K       3.3M        60M
-/+ buffers/cache:       862M       130M
Swap:         8.0G       587M       7.4G

             total       used       free     shared    buffers     cached
Mem:          992M       914M        77M        24K       528K        60M
-/+ buffers/cache:       853M       138M
Swap:         8.0G       597M       7.4G

             total       used       free     shared    buffers     cached
Mem:          992M       915M        76M        24K       528K        60M
-/+ buffers/cache:       854M       137M
Swap:         8.0G       597M       7.4G

             total       used       free     shared    buffers     cached
Mem:          992M       915M        76M        24K       528K        60M
-/+ buffers/cache:       854M       137M
Swap:         8.0G       597M       7.4G

             total       used       free     shared    buffers     cached
Mem:          992M       916M        75M        24K       528K        60M
-/+ buffers/cache:       855M       136M
Swap:         8.0G       596M       7.4G

             total       used       free     shared    buffers     cached
Mem:          992M       917M        74M        24K       528K        60M
-/+ buffers/cache:       856M       135M
Swap:         8.0G       596M       7.4G

             total       used       free     shared    buffers     cached
Mem:          992M       918M        73M        24K       536K        60M
-/+ buffers/cache:       857M       134M
Swap:         8.0G       595M       7.4G

             total       used       free     shared    buffers     cached
Mem:          992M       918M        73M        24K       536K        60M
-/+ buffers/cache:       857M       134M
Swap:         8.0G       595M       7.4G

             total       used       free     shared    buffers     cached
Mem:          992M       919M        72M        24K       536K        60M
-/+ buffers/cache:       858M       133M
Swap:         8.0G       595M       7.4G

             total       used       free     shared    buffers     cached
Mem:          992M       920M        71M        24K       536K        60M
-/+ buffers/cache:       859M       132M
Swap:         8.0G       594M       7.4G

             total       used       free     shared    buffers     cached
Mem:          992M       920M        71M        24K       536K        60M
-/+ buffers/cache:       859M       132M
Swap:         8.0G       594M       7.4G

             total       used       free     shared    buffers     cached
Mem:          992M       920M        71M       216K       736K        53M
-/+ buffers/cache:       866M       126M
Swap:         8.0G       591M       7.4G

             total       used       free     shared    buffers     cached
Mem:          992M       919M        72M       3.9M       5.3M        56M
-/+ buffers/cache:       857M       134M
Swap:         8.0G       611M       7.4G

             total       used       free     shared    buffers     cached
Mem:          992M       922M        69M       248K       4.0M        59M
-/+ buffers/cache:       858M       133M
Swap:         8.0G       625M       7.4G

             total       used       free     shared    buffers     cached
Mem:          992M       930M        61M       244K       4.2M        61M
-/+ buffers/cache:       865M       126M
Swap:         8.0G       622M       7.4G

             total       used       free     shared    buffers     cached
Mem:          992M       916M        75M       244K       4.1M        60M
-/+ buffers/cache:       851M       140M
Swap:         8.0G       624M       7.4G

             total       used       free     shared    buffers     cached
Mem:          992M       917M        74M       244K       4.1M        60M
-/+ buffers/cache:       852M       139M
Swap:         8.0G       623M       7.4G

             total       used       free     shared    buffers     cached
Mem:          992M       918M        74M       244K       4.1M        60M
-/+ buffers/cache:       853M       138M
Swap:         8.0G       623M       7.4G

             total       used       free     shared    buffers     cached
Mem:          992M       919M        72M       244K       4.1M        60M
-/+ buffers/cache:       854M       137M
Swap:         8.0G       622M       7.4G

             total       used       free     shared    buffers     cached
Mem:          992M       920M        71M       244K       4.1M        60M
-/+ buffers/cache:       856M       136M
Swap:         8.0G       622M       7.4G

             total       used       free     shared    buffers     cached
Mem:          992M       923M        68M       244K       4.3M        61M
-/+ buffers/cache:       857M       134M
Swap:         8.0G       621M       7.4G

             total       used       free     shared    buffers     cached
Mem:          992M       925M        67M       244K       4.3M        61M
-/+ buffers/cache:       859M       132M
Swap:         8.0G       620M       7.4G

             total       used       free     shared    buffers     cached
Mem:          992M       926M        65M       244K       4.3M        61M
-/+ buffers/cache:       860M       131M
Swap:         8.0G       619M       7.4G

             total       used       free     shared    buffers     cached
Mem:          992M       927M        64M       244K       4.3M        61M
-/+ buffers/cache:       861M       130M
Swap:         8.0G       619M       7.4G

             total       used       free     shared    buffers     cached
Mem:          992M       929M        62M       244K       4.3M        61M
-/+ buffers/cache:       863M       129M
Swap:         8.0G       618M       7.4G

             total       used       free     shared    buffers     cached
Mem:          992M       930M        61M       244K       4.3M        61M
-/+ buffers/cache:       864M       127M
Swap:         8.0G       617M       7.4G

             total       used       free     shared    buffers     cached
Mem:          992M       918M        73M       244K       4.3M        59M
-/+ buffers/cache:       854M       137M
Swap:         8.0G       623M       7.4G

             total       used       free     shared    buffers     cached
Mem:          992M       919M        72M       244K       4.3M        59M
-/+ buffers/cache:       855M       136M
Swap:         8.0G       623M       7.4G

             total       used       free     shared    buffers     cached
Mem:          992M       920M        71M       244K       4.3M        59M
-/+ buffers/cache:       856M       135M
Swap:         8.0G       622M       7.4G

             total       used       free     shared    buffers     cached
Mem:          992M       922M        70M       244K       4.4M        59M
-/+ buffers/cache:       857M       134M
Swap:         8.0G       621M       7.4G

             total       used       free     shared    buffers     cached
Mem:          992M       923M        68M       244K       4.4M        59M
-/+ buffers/cache:       859M       133M
Swap:         8.0G       620M       7.4G

             total       used       free     shared    buffers     cached
Mem:          992M       924M        67M       244K       4.4M        59M
-/+ buffers/cache:       860M       131M
Swap:         8.0G       620M       7.4G

             total       used       free     shared    buffers     cached
Mem:          992M       926M        66M       244K       4.4M        59M
-/+ buffers/cache:       861M       130M
Swap:         8.0G       619M       7.4G

             total       used       free     shared    buffers     cached
Mem:          992M       927M        64M       244K       4.4M        59M
-/+ buffers/cache:       863M       128M
Swap:         8.0G       618M       7.4G

             total       used       free     shared    buffers     cached
Mem:          992M       928M        63M       244K       4.4M        59M
-/+ buffers/cache:       864M       127M
Swap:         8.0G       618M       7.4G

             total       used       free     shared    buffers     cached
Mem:          992M       930M        62M       244K       4.4M        59M
-/+ buffers/cache:       865M       126M
Swap:         8.0G       617M       7.4G

             total       used       free     shared    buffers     cached
Mem:          992M       931M        61M       244K       4.4M        59M
-/+ buffers/cache:       866M       125M
Swap:         8.0G       617M       7.4G

             total       used       free     shared    buffers     cached
Mem:          992M       905M        86M       244K       4.0M        54M
-/+ buffers/cache:       846M       145M
Swap:         8.0G       635M       7.4G

             total       used       free     shared    buffers     cached
Mem:          992M       906M        85M       244K       4.0M        54M
-/+ buffers/cache:       847M       144M
Swap:         8.0G       635M       7.4G

             total       used       free     shared    buffers     cached
Mem:          992M       907M        84M       244K       4.0M        54M
-/+ buffers/cache:       848M       143M
Swap:         8.0G       634M       7.4G

             total       used       free     shared    buffers     cached
Mem:          992M       908M        83M       244K       4.0M        54M
-/+ buffers/cache:       850M       142M
Swap:         8.0G       634M       7.4G

             total       used       free     shared    buffers     cached
Mem:          992M       910M        81M       244K       4.0M        54M
-/+ buffers/cache:       851M       140M
Swap:         8.0G       633M       7.4G

             total       used       free     shared    buffers     cached
Mem:          992M       911M        80M       244K       4.0M        54M
-/+ buffers/cache:       852M       139M
Swap:         8.0G       633M       7.4G

             total       used       free     shared    buffers     cached
Mem:          992M       912M        79M       244K       4.0M        54M
-/+ buffers/cache:       853M       138M
Swap:         8.0G       632M       7.4G

             total       used       free     shared    buffers     cached
Mem:          992M       923M        68M       244K       5.1M        61M
-/+ buffers/cache:       856M       135M
Swap:         8.0G       631M       7.4G

             total       used       free     shared    buffers     cached
Mem:          992M       917M        74M       312K       7.2M        69M
-/+ buffers/cache:       841M       151M
Swap:         8.0G       640M       7.4G
