             total       used       free     shared    buffers     cached
Mem:          992M       656M       335M       3.2M        38M       286M
-/+ buffers/cache:       331M       661M
Swap:         8.0G         0B       8.0G

             total       used       free     shared    buffers     cached
Mem:          992M       655M       336M       1.4M        38M       285M
-/+ buffers/cache:       331M       660M
Swap:         8.0G         0B       8.0G

             total       used       free     shared    buffers     cached
Mem:          992M       655M       336M       1.4M        38M       285M
-/+ buffers/cache:       331M       660M
Swap:         8.0G         0B       8.0G

             total       used       free     shared    buffers     cached
Mem:          992M       655M       336M       1.4M        38M       285M
-/+ buffers/cache:       331M       660M
Swap:         8.0G         0B       8.0G

             total       used       free     shared    buffers     cached
Mem:          992M       655M       336M       1.4M        38M       285M
-/+ buffers/cache:       331M       660M
Swap:         8.0G         0B       8.0G

             total       used       free     shared    buffers     cached
Mem:          992M       655M       336M       1.4M        38M       285M
-/+ buffers/cache:       331M       660M
Swap:         8.0G         0B       8.0G

             total       used       free     shared    buffers     cached
Mem:          992M       655M       336M       1.4M        38M       285M
-/+ buffers/cache:       331M       660M
Swap:         8.0G         0B       8.0G

             total       used       free     shared    buffers     cached
Mem:          992M       654M       337M       1.4M        38M       285M
-/+ buffers/cache:       330M       661M
Swap:         8.0G         0B       8.0G

             total       used       free     shared    buffers     cached
Mem:          992M       655M       337M       1.4M        38M       285M
-/+ buffers/cache:       330M       661M
Swap:         8.0G         0B       8.0G

             total       used       free     shared    buffers     cached
Mem:          992M       658M       333M       1.4M        38M       285M
-/+ buffers/cache:       333M       658M
Swap:         8.0G         0B       8.0G

             total       used       free     shared    buffers     cached
Mem:          992M       675M       317M       1.4M        38M       285M
-/+ buffers/cache:       350M       641M
Swap:         8.0G         0B       8.0G

             total       used       free     shared    buffers     cached
Mem:          992M       686M       306M       1.4M        38M       286M
-/+ buffers/cache:       361M       631M
Swap:         8.0G         0B       8.0G

             total       used       free     shared    buffers     cached
Mem:          992M       673M       318M       1.4M        38M       289M
-/+ buffers/cache:       345M       646M
Swap:         8.0G         0B       8.0G

             total       used       free     shared    buffers     cached
Mem:          992M       717M       274M       1.4M        38M       289M
-/+ buffers/cache:       389M       603M
Swap:         8.0G         0B       8.0G

             total       used       free     shared    buffers     cached
Mem:          992M       735M       256M       1.4M        38M       290M
-/+ buffers/cache:       406M       585M
Swap:         8.0G         0B       8.0G

             total       used       free     shared    buffers     cached
Mem:          992M       736M       255M       1.4M        38M       290M
-/+ buffers/cache:       407M       584M
Swap:         8.0G         0B       8.0G

             total       used       free     shared    buffers     cached
Mem:          992M       721M       270M       1.4M        39M       294M
-/+ buffers/cache:       387M       604M
Swap:         8.0G         0B       8.0G

             total       used       free     shared    buffers     cached
Mem:          992M       722M       270M       1.5M        39M       294M
-/+ buffers/cache:       387M       604M
Swap:         8.0G         0B       8.0G

             total       used       free     shared    buffers     cached
Mem:          992M       722M       269M       1.5M        39M       294M
-/+ buffers/cache:       388M       603M
Swap:         8.0G         0B       8.0G

             total       used       free     shared    buffers     cached
Mem:          992M       722M       269M       1.5M        39M       294M
-/+ buffers/cache:       388M       603M
Swap:         8.0G         0B       8.0G

             total       used       free     shared    buffers     cached
Mem:          992M       722M       269M       1.5M        39M       294M
-/+ buffers/cache:       388M       603M
Swap:         8.0G         0B       8.0G

             total       used       free     shared    buffers     cached
Mem:          992M       722M       269M       1.5M        39M       294M
-/+ buffers/cache:       388M       603M
Swap:         8.0G         0B       8.0G

             total       used       free     shared    buffers     cached
Mem:          992M       722M       269M       1.5M        39M       294M
-/+ buffers/cache:       388M       603M
Swap:         8.0G         0B       8.0G

             total       used       free     shared    buffers     cached
Mem:          992M       722M       269M       1.5M        39M       294M
-/+ buffers/cache:       388M       603M
Swap:         8.0G         0B       8.0G

             total       used       free     shared    buffers     cached
Mem:          992M       722M       269M       1.5M        39M       294M
-/+ buffers/cache:       388M       603M
Swap:         8.0G         0B       8.0G

             total       used       free     shared    buffers     cached
Mem:          992M       722M       269M       1.5M        39M       294M
-/+ buffers/cache:       388M       603M
Swap:         8.0G         0B       8.0G

             total       used       free     shared    buffers     cached
Mem:          992M       722M       269M       1.5M        39M       294M
-/+ buffers/cache:       388M       603M
Swap:         8.0G         0B       8.0G

             total       used       free     shared    buffers     cached
Mem:          992M       722M       269M       1.5M        39M       294M
-/+ buffers/cache:       388M       603M
Swap:         8.0G         0B       8.0G

             total       used       free     shared    buffers     cached
Mem:          992M       722M       269M       1.5M        39M       294M
-/+ buffers/cache:       388M       603M
Swap:         8.0G         0B       8.0G

             total       used       free     shared    buffers     cached
Mem:          992M       722M       269M       1.5M        39M       294M
-/+ buffers/cache:       388M       603M
Swap:         8.0G         0B       8.0G

             total       used       free     shared    buffers     cached
Mem:          992M       722M       269M       1.5M        39M       294M
-/+ buffers/cache:       388M       603M
Swap:         8.0G         0B       8.0G

             total       used       free     shared    buffers     cached
Mem:          992M       722M       269M       1.5M        39M       294M
-/+ buffers/cache:       388M       603M
Swap:         8.0G         0B       8.0G

             total       used       free     shared    buffers     cached
Mem:          992M       722M       269M       1.5M        39M       294M
-/+ buffers/cache:       388M       603M
Swap:         8.0G         0B       8.0G

             total       used       free     shared    buffers     cached
Mem:          992M       733M       259M       1.5M        39M       294M
-/+ buffers/cache:       398M       593M
Swap:         8.0G         0B       8.0G

             total       used       free     shared    buffers     cached
Mem:          992M       754M       238M       1.5M        39M       294M
-/+ buffers/cache:       419M       572M
Swap:         8.0G         0B       8.0G

             total       used       free     shared    buffers     cached
Mem:          992M       775M       216M       1.5M        39M       294M
-/+ buffers/cache:       440M       551M
Swap:         8.0G         0B       8.0G

             total       used       free     shared    buffers     cached
Mem:          992M       795M       196M       1.5M        39M       294M
-/+ buffers/cache:       460M       531M
Swap:         8.0G         0B       8.0G

             total       used       free     shared    buffers     cached
Mem:          992M       814M       177M       1.5M        39M       294M
-/+ buffers/cache:       480M       512M
Swap:         8.0G         0B       8.0G

             total       used       free     shared    buffers     cached
Mem:          992M       832M       159M       1.5M        39M       294M
-/+ buffers/cache:       498M       494M
Swap:         8.0G         0B       8.0G

             total       used       free     shared    buffers     cached
Mem:          992M       846M       145M       1.5M        39M       294M
-/+ buffers/cache:       512M       479M
Swap:         8.0G         0B       8.0G

             total       used       free     shared    buffers     cached
Mem:          992M       867M       124M       1.5M        39M       294M
-/+ buffers/cache:       533M       458M
Swap:         8.0G         0B       8.0G

             total       used       free     shared    buffers     cached
Mem:          992M       884M       107M       1.5M        39M       294M
-/+ buffers/cache:       550M       441M
Swap:         8.0G         0B       8.0G

             total       used       free     shared    buffers     cached
Mem:          992M       902M        89M       1.5M        39M       294M
-/+ buffers/cache:       568M       423M
Swap:         8.0G         0B       8.0G

             total       used       free     shared    buffers     cached
Mem:          992M       922M        69M       1.5M        39M       294M
-/+ buffers/cache:       588M       403M
Swap:         8.0G         0B       8.0G

             total       used       free     shared    buffers     cached
Mem:          992M       924M        67M       1.5M        26M       293M
-/+ buffers/cache:       605M       386M
Swap:         8.0G         0B       8.0G

             total       used       free     shared    buffers     cached
Mem:          992M       914M        77M       1.5M        11M       287M
-/+ buffers/cache:       615M       376M
Swap:         8.0G         0B       8.0G

             total       used       free     shared    buffers     cached
Mem:          992M       930M        61M       1.5M        11M       287M
-/+ buffers/cache:       631M       360M
Swap:         8.0G         0B       8.0G

             total       used       free     shared    buffers     cached
Mem:          992M       927M        64M       1.4M        10M       270M
-/+ buffers/cache:       646M       345M
Swap:         8.0G        76K       8.0G

             total       used       free     shared    buffers     cached
Mem:          992M       922M        70M       1.3M        10M       250M
-/+ buffers/cache:       660M       331M
Swap:         8.0G       260K       8.0G

             total       used       free     shared    buffers     cached
Mem:          992M       921M        71M       1.2M        10M       236M
-/+ buffers/cache:       673M       318M
Swap:         8.0G       5.1M       8.0G

             total       used       free     shared    buffers     cached
Mem:          992M       910M        81M       1.0M        10M       216M
-/+ buffers/cache:       683M       308M
Swap:         8.0G        14M       8.0G

             total       used       free     shared    buffers     cached
Mem:          992M       925M        66M       1.0M        10M       216M
-/+ buffers/cache:       698M       293M
Swap:         8.0G        14M       8.0G

             total       used       free     shared    buffers     cached
Mem:          992M       915M        77M       1.0M       2.9M       200M
-/+ buffers/cache:       711M       280M
Swap:         8.0G        14M       8.0G

             total       used       free     shared    buffers     cached
Mem:          992M       930M        61M       1.0M       2.9M       200M
-/+ buffers/cache:       727M       264M
Swap:         8.0G        14M       8.0G

             total       used       free     shared    buffers     cached
Mem:          992M       928M        63M       1.0M       1.4M       185M
-/+ buffers/cache:       741M       250M
Swap:         8.0G        14M       8.0G

             total       used       free     shared    buffers     cached
Mem:          992M       921M        71M       1.0M       960K       163M
-/+ buffers/cache:       756M       235M
Swap:         8.0G        14M       8.0G

             total       used       free     shared    buffers     cached
Mem:          992M       915M        76M       1.0M       952K       144M
-/+ buffers/cache:       771M       221M
Swap:         8.0G        14M       8.0G

             total       used       free     shared    buffers     cached
Mem:          992M       931M        61M       1.0M       952K       144M
-/+ buffers/cache:       786M       206M
Swap:         8.0G        14M       8.0G

             total       used       free     shared    buffers     cached
Mem:          992M       928M        63M       1.0M        80K       127M
-/+ buffers/cache:       800M       191M
Swap:         8.0G        14M       8.0G

             total       used       free     shared    buffers     cached
Mem:          992M       929M        62M       1.0M        88K       112M
-/+ buffers/cache:       817M       175M
Swap:         8.0G        14M       8.0G

             total       used       free     shared    buffers     cached
Mem:          992M       928M        63M       1.0M        88K        99M
-/+ buffers/cache:       829M       162M
Swap:         8.0G        14M       8.0G

             total       used       free     shared    buffers     cached
Mem:          992M       930M        61M       1.0M       236K        85M
-/+ buffers/cache:       844M       147M
Swap:         8.0G        14M       8.0G

             total       used       free     shared    buffers     cached
Mem:          992M       927M        64M       1.0M       384K        61M
-/+ buffers/cache:       865M       126M
Swap:         8.0G        14M       8.0G

             total       used       free     shared    buffers     cached
Mem:          992M       914M        77M       1.0M       400K        29M
-/+ buffers/cache:       884M       107M
Swap:         8.0G        14M       8.0G

             total       used       free     shared    buffers     cached
Mem:          992M       929M        62M       1.0M       532K        26M
-/+ buffers/cache:       901M        90M
Swap:         8.0G        14M       8.0G

             total       used       free     shared    buffers     cached
Mem:          992M       925M        66M       1.0M       532K        10M
-/+ buffers/cache:       914M        77M
Swap:         8.0G        14M       8.0G

             total       used       free     shared    buffers     cached
Mem:          992M       928M        63M       1.0M       664K       5.1M
-/+ buffers/cache:       922M        69M
Swap:         8.0G        16M       8.0G

             total       used       free     shared    buffers     cached
Mem:          992M       942M        49M       720K       672K       4.7M
-/+ buffers/cache:       937M        55M
Swap:         8.0G       133M       7.9G

             total       used       free     shared    buffers     cached
Mem:          992M       940M        51M       720K       672K       4.7M
-/+ buffers/cache:       935M        56M
Swap:         8.0G       133M       7.9G

             total       used       free     shared    buffers     cached
Mem:          992M       898M        93M       728K       3.2M        20M
-/+ buffers/cache:       874M       117M
Swap:         8.0G       131M       7.9G

             total       used       free     shared    buffers     cached
Mem:          992M       923M        68M       728K       2.9M        31M
-/+ buffers/cache:       888M       103M
Swap:         8.0G       131M       7.9G

             total       used       free     shared    buffers     cached
Mem:          992M       930M        61M       728K       2.9M        33M
-/+ buffers/cache:       894M        97M
Swap:         8.0G       128M       7.9G

             total       used       free     shared    buffers     cached
Mem:          992M       919M        72M       728K       3.0M        30M
-/+ buffers/cache:       885M       106M
Swap:         8.0G       128M       7.9G

             total       used       free     shared    buffers     cached
Mem:          992M       922M        69M       728K       128K        21M
-/+ buffers/cache:       900M        91M
Swap:         8.0G       128M       7.9G

             total       used       free     shared    buffers     cached
Mem:          992M       926M        65M       728K       392K       9.7M
-/+ buffers/cache:       916M        75M
Swap:         8.0G       128M       7.9G

             total       used       free     shared    buffers     cached
Mem:          992M       929M        62M       728K       376K       4.4M
-/+ buffers/cache:       924M        67M
Swap:         8.0G       137M       7.9G

             total       used       free     shared    buffers     cached
Mem:          992M       933M        59M       600K       128K       2.2M
-/+ buffers/cache:       930M        61M
Swap:         8.0G       335M       7.7G

             total       used       free     shared    buffers     cached
Mem:          992M       941M        50M       600K       136K       2.2M
-/+ buffers/cache:       939M        53M
Swap:         8.0G       335M       7.7G

             total       used       free     shared    buffers     cached
Mem:          992M       939M        52M       600K       136K       2.4M
-/+ buffers/cache:       936M        55M
Swap:         8.0G       335M       7.7G

             total       used       free     shared    buffers     cached
Mem:          992M       876M       116M       600K       240K       2.7M
-/+ buffers/cache:       873M       119M
Swap:         8.0G       335M       7.7G

             total       used       free     shared    buffers     cached
Mem:          992M       884M       107M       600K       240K       2.8M
-/+ buffers/cache:       881M       110M
Swap:         8.0G       335M       7.7G

             total       used       free     shared    buffers     cached
Mem:          992M       893M        98M       600K       240K       2.8M
-/+ buffers/cache:       890M       102M
Swap:         8.0G       335M       7.7G

             total       used       free     shared    buffers     cached
Mem:          992M       902M        89M       600K       240K       2.8M
-/+ buffers/cache:       899M        92M
Swap:         8.0G       335M       7.7G

             total       used       free     shared    buffers     cached
Mem:          992M       911M        80M       600K       248K       2.8M
-/+ buffers/cache:       908M        83M
Swap:         8.0G       335M       7.7G

             total       used       free     shared    buffers     cached
Mem:          992M       920M        71M       600K       248K       2.8M
-/+ buffers/cache:       917M        74M
Swap:         8.0G       335M       7.7G

             total       used       free     shared    buffers     cached
Mem:          992M       915M        76M       600K       200K        23M
-/+ buffers/cache:       892M        99M
Swap:         8.0G       331M       7.7G

             total       used       free     shared    buffers     cached
Mem:          992M       922M        69M       600K       656K        23M
-/+ buffers/cache:       898M        93M
Swap:         8.0G       331M       7.7G

             total       used       free     shared    buffers     cached
Mem:          992M       928M        63M       600K       656K        23M
-/+ buffers/cache:       904M        87M
Swap:         8.0G       331M       7.7G

             total       used       free     shared    buffers     cached
Mem:          992M       919M        73M       600K       508K        20M
-/+ buffers/cache:       898M        93M
Swap:         8.0G       331M       7.7G

             total       used       free     shared    buffers     cached
Mem:          992M       925M        67M       600K       508K        20M
-/+ buffers/cache:       904M        87M
Swap:         8.0G       331M       7.7G

             total       used       free     shared    buffers     cached
Mem:          992M       931M        61M       600K       508K        20M
-/+ buffers/cache:       910M        81M
Swap:         8.0G       331M       7.7G

             total       used       free     shared    buffers     cached
Mem:          992M       915M        76M       600K       508K        19M
-/+ buffers/cache:       895M        96M
Swap:         8.0G       331M       7.7G

             total       used       free     shared    buffers     cached
Mem:          992M       922M        69M       600K       508K        19M
-/+ buffers/cache:       902M        89M
Swap:         8.0G       331M       7.7G

             total       used       free     shared    buffers     cached
Mem:          992M       928M        63M       600K       516K        19M
-/+ buffers/cache:       908M        83M
Swap:         8.0G       331M       7.7G

             total       used       free     shared    buffers     cached
Mem:          992M       916M        75M       600K       516K        19M
-/+ buffers/cache:       897M        95M
Swap:         8.0G       331M       7.7G

             total       used       free     shared    buffers     cached
Mem:          992M       922M        69M       600K       516K        19M
-/+ buffers/cache:       902M        89M
Swap:         8.0G       331M       7.7G

             total       used       free     shared    buffers     cached
Mem:          992M       929M        62M       600K       516K        19M
-/+ buffers/cache:       909M        82M
Swap:         8.0G       331M       7.7G

             total       used       free     shared    buffers     cached
Mem:          992M       917M        74M       600K       516K        18M
-/+ buffers/cache:       898M        93M
Swap:         8.0G       331M       7.7G

             total       used       free     shared    buffers     cached
Mem:          992M       925M        66M       600K       516K        18M
-/+ buffers/cache:       906M        85M
Swap:         8.0G       331M       7.7G

             total       used       free     shared    buffers     cached
Mem:          992M       920M        72M       600K        80K       6.8M
-/+ buffers/cache:       913M        78M
Swap:         8.0G       332M       7.7G

             total       used       free     shared    buffers     cached
Mem:          992M       926M        65M       596K       220K       6.8M
-/+ buffers/cache:       919M        72M
Swap:         8.0G       332M       7.7G

             total       used       free     shared    buffers     cached
Mem:          992M       935M        56M        24K       220K       6.1M
-/+ buffers/cache:       929M        62M
Swap:         8.0G       421M       7.6G

             total       used       free     shared    buffers     cached
Mem:          992M       920M        71M         8K       496K       5.0M
-/+ buffers/cache:       914M        77M
Swap:         8.0G       441M       7.6G

             total       used       free     shared    buffers     cached
Mem:          992M       916M        76M         8K       508K       5.0M
-/+ buffers/cache:       910M        81M
Swap:         8.0G       441M       7.6G

             total       used       free     shared    buffers     cached
Mem:          992M       916M        75M         8K       516K       5.0M
-/+ buffers/cache:       911M        81M
Swap:         8.0G       441M       7.6G

             total       used       free     shared    buffers     cached
Mem:          992M       921M        70M         8K       516K       5.0M
-/+ buffers/cache:       915M        76M
Swap:         8.0G       441M       7.6G

             total       used       free     shared    buffers     cached
Mem:          992M       926M        65M         8K       516K       5.0M
-/+ buffers/cache:       920M        71M
Swap:         8.0G       441M       7.6G

             total       used       free     shared    buffers     cached
Mem:          992M       914M        77M         8K       500K       2.8M
-/+ buffers/cache:       911M        80M
Swap:         8.0G       441M       7.6G

             total       used       free     shared    buffers     cached
Mem:          992M       919M        72M         8K       500K       2.8M
-/+ buffers/cache:       916M        75M
Swap:         8.0G       441M       7.6G

             total       used       free     shared    buffers     cached
Mem:          992M       924M        67M         8K       508K       2.8M
-/+ buffers/cache:       921M        70M
Swap:         8.0G       441M       7.6G

             total       used       free     shared    buffers     cached
Mem:          992M       929M        62M         8K       508K       2.8M
-/+ buffers/cache:       926M        65M
Swap:         8.0G       441M       7.6G

             total       used       free     shared    buffers     cached
Mem:          992M       921M        70M         8K       508K       2.7M
-/+ buffers/cache:       918M        74M
Swap:         8.0G       441M       7.6G

             total       used       free     shared    buffers     cached
Mem:          992M       926M        65M         8K       508K       2.7M
-/+ buffers/cache:       923M        68M
Swap:         8.0G       441M       7.6G

             total       used       free     shared    buffers     cached
Mem:          992M       920M        71M         8K       508K       2.7M
-/+ buffers/cache:       917M        75M
Swap:         8.0G       441M       7.6G

             total       used       free     shared    buffers     cached
Mem:          992M       924M        67M         8K       516K       2.7M
-/+ buffers/cache:       921M        71M
Swap:         8.0G       441M       7.6G

             total       used       free     shared    buffers     cached
Mem:          992M       928M        63M         8K       516K       2.7M
-/+ buffers/cache:       925M        66M
Swap:         8.0G       441M       7.6G

             total       used       free     shared    buffers     cached
Mem:          992M       921M        70M         8K       516K       2.7M
-/+ buffers/cache:       918M        73M
Swap:         8.0G       441M       7.6G

             total       used       free     shared    buffers     cached
Mem:          992M       925M        66M         8K       516K       2.7M
-/+ buffers/cache:       922M        69M
Swap:         8.0G       441M       7.6G

             total       used       free     shared    buffers     cached
Mem:          992M       928M        63M         8K       516K       2.7M
-/+ buffers/cache:       925M        66M
Swap:         8.0G       441M       7.6G

             total       used       free     shared    buffers     cached
Mem:          992M       918M        73M         8K       524K       2.6M
-/+ buffers/cache:       915M        76M
Swap:         8.0G       441M       7.6G

             total       used       free     shared    buffers     cached
Mem:          992M       923M        69M         8K       524K       2.6M
-/+ buffers/cache:       920M        72M
Swap:         8.0G       441M       7.6G

             total       used       free     shared    buffers     cached
Mem:          992M       926M        65M         8K       524K       2.6M
-/+ buffers/cache:       923M        68M
Swap:         8.0G       441M       7.6G

             total       used       free     shared    buffers     cached
Mem:          992M       930M        61M         8K       524K       2.6M
-/+ buffers/cache:       927M        64M
Swap:         8.0G       441M       7.6G

             total       used       free     shared    buffers     cached
Mem:          992M       933M        58M         0B       368K       1.3M
-/+ buffers/cache:       931M        60M
Swap:         8.0G       664M       7.3G

             total       used       free     shared    buffers     cached
Mem:          992M       923M        68M         0B       368K       1.2M
-/+ buffers/cache:       922M        69M
Swap:         8.0G       664M       7.3G

             total       used       free     shared    buffers     cached
Mem:          992M       921M        71M         0B       376K       1.2M
-/+ buffers/cache:       919M        72M
Swap:         8.0G       664M       7.3G

             total       used       free     shared    buffers     cached
Mem:          992M       919M        72M         0B       376K       1.3M
-/+ buffers/cache:       917M        74M
Swap:         8.0G       664M       7.3G

             total       used       free     shared    buffers     cached
Mem:          992M       917M        74M         0B       376K       1.2M
-/+ buffers/cache:       916M        76M
Swap:         8.0G       664M       7.3G

             total       used       free     shared    buffers     cached
Mem:          992M       920M        72M         0B       384K       1.4M
-/+ buffers/cache:       918M        73M
Swap:         8.0G       637M       7.4G

             total       used       free     shared    buffers     cached
Mem:          992M       918M        74M         0B       336K       1.4M
-/+ buffers/cache:       916M        75M
Swap:         8.0G       575M       7.4G

             total       used       free     shared    buffers     cached
Mem:          992M       926M        65M         0B       480K       2.5M
-/+ buffers/cache:       923M        68M
Swap:         8.0G       554M       7.5G

             total       used       free     shared    buffers     cached
Mem:          992M       914M        78M         0B       184K       2.3M
-/+ buffers/cache:       911M        80M
Swap:         8.0G       467M       7.5G

             total       used       free     shared    buffers     cached
Mem:          992M       921M        70M         0B       184K       2.3M
-/+ buffers/cache:       919M        72M
Swap:         8.0G       397M       7.6G

             total       used       free     shared    buffers     cached
Mem:          992M       925M        66M         0B       184K       2.3M
-/+ buffers/cache:       923M        68M
Swap:         8.0G       479M       7.5G

             total       used       free     shared    buffers     cached
Mem:          992M       910M        81M         0B       200K       2.2M
-/+ buffers/cache:       908M        83M
Swap:         8.0G       504M       7.5G

             total       used       free     shared    buffers     cached
Mem:          992M       908M        83M         0B       212K       2.3M
-/+ buffers/cache:       906M        86M
Swap:         8.0G       503M       7.5G

             total       used       free     shared    buffers     cached
Mem:          992M       906M        85M         0B       212K       2.3M
-/+ buffers/cache:       903M        88M
Swap:         8.0G       501M       7.5G

             total       used       free     shared    buffers     cached
Mem:          992M       921M        70M         0B       212K       2.2M
-/+ buffers/cache:       919M        72M
Swap:         8.0G       426M       7.6G

             total       used       free     shared    buffers     cached
Mem:          992M       921M        70M         0B       212K       2.1M
-/+ buffers/cache:       919M        72M
Swap:         8.0G       408M       7.6G

             total       used       free     shared    buffers     cached
Mem:          992M       919M        73M         0B       144K       2.0M
-/+ buffers/cache:       916M        75M
Swap:         8.0G       453M       7.6G

             total       used       free     shared    buffers     cached
Mem:          992M       915M        76M         0B       144K       2.0M
-/+ buffers/cache:       913M        78M
Swap:         8.0G       453M       7.6G

             total       used       free     shared    buffers     cached
Mem:          992M       918M        73M         0B       136K       2.1M
-/+ buffers/cache:       916M        75M
Swap:         8.0G       420M       7.6G

             total       used       free     shared    buffers     cached
Mem:          992M       920M        72M         0B        76K       2.1M
-/+ buffers/cache:       917M        74M
Swap:         8.0G       373M       7.6G

             total       used       free     shared    buffers     cached
Mem:          992M       920M        71M         0B        76K       1.6M
-/+ buffers/cache:       919M        73M
Swap:         8.0G       371M       7.6G

             total       used       free     shared    buffers     cached
Mem:          992M       918M        73M         0B        76K       1.3M
-/+ buffers/cache:       917M        74M
Swap:         8.0G       379M       7.6G

             total       used       free     shared    buffers     cached
Mem:          992M       920M        71M         0B        76K        20M
-/+ buffers/cache:       900M        92M
Swap:         8.0G       409M       7.6G

             total       used       free     shared    buffers     cached
Mem:          992M       924M        67M         0B        84K        21M
-/+ buffers/cache:       903M        89M
Swap:         8.0G       408M       7.6G

             total       used       free     shared    buffers     cached
Mem:          992M       924M        67M         0B        84K        21M
-/+ buffers/cache:       902M        89M
Swap:         8.0G       408M       7.6G

             total       used       free     shared    buffers     cached
Mem:          992M       924M        67M         0B        84K        21M
-/+ buffers/cache:       902M        89M
Swap:         8.0G       408M       7.6G

             total       used       free     shared    buffers     cached
Mem:          992M       918M        73M         0B       652K        26M
-/+ buffers/cache:       891M       100M
Swap:         8.0G       425M       7.6G

             total       used       free     shared    buffers     cached
Mem:          992M       923M        68M        16K       652K        26M
-/+ buffers/cache:       896M        95M
Swap:         8.0G       425M       7.6G

             total       used       free     shared    buffers     cached
Mem:          992M       928M        63M        16K       660K        26M
-/+ buffers/cache:       901M        90M
Swap:         8.0G       425M       7.6G

             total       used       free     shared    buffers     cached
Mem:          992M       919M        72M        16K       660K        26M
-/+ buffers/cache:       892M        99M
Swap:         8.0G       425M       7.6G

             total       used       free     shared    buffers     cached
Mem:          992M       923M        68M        16K       660K        26M
-/+ buffers/cache:       896M        95M
Swap:         8.0G       425M       7.6G

             total       used       free     shared    buffers     cached
Mem:          992M       928M        63M        16K       660K        26M
-/+ buffers/cache:       901M        90M
Swap:         8.0G       425M       7.6G

             total       used       free     shared    buffers     cached
Mem:          992M       906M        85M        16K       664K        22M
-/+ buffers/cache:       883M       108M
Swap:         8.0G       462M       7.5G

             total       used       free     shared    buffers     cached
Mem:          992M       911M        80M        16K       664K        22M
-/+ buffers/cache:       889M       103M
Swap:         8.0G       462M       7.5G

             total       used       free     shared    buffers     cached
Mem:          992M       915M        77M        16K       672K        22M
-/+ buffers/cache:       892M       100M
Swap:         8.0G       462M       7.5G

             total       used       free     shared    buffers     cached
Mem:          992M       919M        73M        16K       672K        22M
-/+ buffers/cache:       896M        95M
Swap:         8.0G       462M       7.5G

             total       used       free     shared    buffers     cached
Mem:          992M       921M        70M        16K       672K        22M
-/+ buffers/cache:       898M        93M
Swap:         8.0G       462M       7.5G

             total       used       free     shared    buffers     cached
Mem:          992M       923M        68M        16K       672K        22M
-/+ buffers/cache:       900M        91M
Swap:         8.0G       461M       7.5G

             total       used       free     shared    buffers     cached
Mem:          992M       924M        67M        16K       672K        22M
-/+ buffers/cache:       901M        90M
Swap:         8.0G       461M       7.5G

             total       used       free     shared    buffers     cached
Mem:          992M       926M        66M        16K       680K        22M
-/+ buffers/cache:       903M        89M
Swap:         8.0G       460M       7.5G

             total       used       free     shared    buffers     cached
Mem:          992M       927M        64M        16K       680K        22M
-/+ buffers/cache:       904M        87M
Swap:         8.0G       459M       7.5G

             total       used       free     shared    buffers     cached
Mem:          992M       928M        63M        16K       680K        22M
-/+ buffers/cache:       906M        86M
Swap:         8.0G       458M       7.5G

             total       used       free     shared    buffers     cached
Mem:          992M       930M        61M        16K       680K        22M
-/+ buffers/cache:       907M        84M
Swap:         8.0G       458M       7.5G

             total       used       free     shared    buffers     cached
Mem:          992M       920M        71M        16K       104K        13M
-/+ buffers/cache:       907M        85M
Swap:         8.0G       457M       7.6G

             total       used       free     shared    buffers     cached
Mem:          992M       921M        70M        16K       112K        13M
-/+ buffers/cache:       908M        83M
Swap:         8.0G       456M       7.6G

             total       used       free     shared    buffers     cached
Mem:          992M       923M        68M        16K       112K        13M
-/+ buffers/cache:       910M        81M
Swap:         8.0G       456M       7.6G

             total       used       free     shared    buffers     cached
Mem:          992M       925M        67M        16K       112K        13M
-/+ buffers/cache:       911M        80M
Swap:         8.0G       455M       7.6G

             total       used       free     shared    buffers     cached
Mem:          992M       926M        65M        16K       112K        13M
-/+ buffers/cache:       913M        78M
Swap:         8.0G       454M       7.6G

             total       used       free     shared    buffers     cached
Mem:          992M       928M        63M        16K       112K        13M
-/+ buffers/cache:       915M        76M
Swap:         8.0G       453M       7.6G

             total       used       free     shared    buffers     cached
Mem:          992M       929M        62M        16K       112K        13M
-/+ buffers/cache:       916M        75M
Swap:         8.0G       453M       7.6G

             total       used       free     shared    buffers     cached
Mem:          992M       909M        82M        16K       108K       2.5M
-/+ buffers/cache:       907M        84M
Swap:         8.0G       461M       7.5G

             total       used       free     shared    buffers     cached
Mem:          992M       911M        80M        16K       504K       2.5M
-/+ buffers/cache:       908M        83M
Swap:         8.0G       460M       7.5G

             total       used       free     shared    buffers     cached
Mem:          992M       913M        79M        16K       504K       2.5M
-/+ buffers/cache:       910M        82M
Swap:         8.0G       460M       7.5G

             total       used       free     shared    buffers     cached
Mem:          992M       914M        77M        16K       504K       2.5M
-/+ buffers/cache:       911M        80M
Swap:         8.0G       459M       7.5G

             total       used       free     shared    buffers     cached
Mem:          992M       916M        75M        16K       504K       2.5M
-/+ buffers/cache:       913M        78M
Swap:         8.0G       458M       7.5G

             total       used       free     shared    buffers     cached
Mem:          992M       920M        71M        16K       512K       4.5M
-/+ buffers/cache:       915M        76M
Swap:         8.0G       457M       7.6G

             total       used       free     shared    buffers     cached
Mem:          992M       920M        71M        16K       512K       4.5M
-/+ buffers/cache:       915M        76M
Swap:         8.0G       457M       7.6G

             total       used       free     shared    buffers     cached
Mem:          992M       924M        67M        16K       924K        14M
-/+ buffers/cache:       909M        83M
Swap:         8.0G       460M       7.5G

             total       used       free     shared    buffers     cached
Mem:          992M       918M        74M        28K       248K        27M
-/+ buffers/cache:       890M       101M
Swap:         8.0G       480M       7.5G

             total       used       free     shared    buffers     cached
Mem:          992M       919M        72M        28K       264K        27M
-/+ buffers/cache:       891M       100M
Swap:         8.0G       480M       7.5G

             total       used       free     shared    buffers     cached
Mem:          992M       919M        72M        28K       272K        27M
-/+ buffers/cache:       892M        99M
Swap:         8.0G       479M       7.5G

             total       used       free     shared    buffers     cached
Mem:          992M       920M        71M        28K       272K        27M
-/+ buffers/cache:       893M        98M
Swap:         8.0G       479M       7.5G

             total       used       free     shared    buffers     cached
Mem:          992M       921M        70M        28K       272K        27M
-/+ buffers/cache:       894M        98M
Swap:         8.0G       479M       7.5G

             total       used       free     shared    buffers     cached
Mem:          992M       922M        69M        28K       272K        27M
-/+ buffers/cache:       894M        97M
Swap:         8.0G       478M       7.5G

             total       used       free     shared    buffers     cached
Mem:          992M       923M        68M        28K       272K        27M
-/+ buffers/cache:       895M        96M
Swap:         8.0G       478M       7.5G

             total       used       free     shared    buffers     cached
Mem:          992M       924M        68M        28K       272K        27M
-/+ buffers/cache:       896M        95M
Swap:         8.0G       477M       7.5G

             total       used       free     shared    buffers     cached
Mem:          992M       920M        71M        28K       1.8M        30M
-/+ buffers/cache:       888M       103M
Swap:         8.0G       501M       7.5G

             total       used       free     shared    buffers     cached
Mem:          992M       916M        75M        40K       3.6M        41M
-/+ buffers/cache:       872M       119M
Swap:         8.0G       518M       7.5G

             total       used       free     shared    buffers     cached
Mem:          992M       922M        70M       576K       5.5M        50M
-/+ buffers/cache:       865M       126M
Swap:         8.0G       516M       7.5G

             total       used       free     shared    buffers     cached
Mem:          992M       920M        71M       576K       5.5M        49M
-/+ buffers/cache:       865M       127M
Swap:         8.0G       521M       7.5G

             total       used       free     shared    buffers     cached
Mem:          992M       921M        70M       576K       5.5M        49M
-/+ buffers/cache:       865M       126M
Swap:         8.0G       521M       7.5G

             total       used       free     shared    buffers     cached
Mem:          992M       922M        69M       576K       5.5M        49M
-/+ buffers/cache:       867M       124M
Swap:         8.0G       520M       7.5G

             total       used       free     shared    buffers     cached
Mem:          992M       923M        68M       576K       5.5M        49M
-/+ buffers/cache:       868M       124M
Swap:         8.0G       520M       7.5G

             total       used       free     shared    buffers     cached
Mem:          992M       924M        67M       576K       5.5M        49M
-/+ buffers/cache:       869M       123M
Swap:         8.0G       519M       7.5G

             total       used       free     shared    buffers     cached
Mem:          992M       925M        66M       576K       5.5M        49M
-/+ buffers/cache:       869M       122M
Swap:         8.0G       519M       7.5G

             total       used       free     shared    buffers     cached
Mem:          992M       926M        65M       576K       5.5M        49M
-/+ buffers/cache:       871M       121M
Swap:         8.0G       519M       7.5G

             total       used       free     shared    buffers     cached
Mem:          992M       927M        64M       576K       5.5M        49M
-/+ buffers/cache:       872M       120M
Swap:         8.0G       518M       7.5G

             total       used       free     shared    buffers     cached
Mem:          992M       929M        63M       576K       5.5M        50M
-/+ buffers/cache:       873M       119M
Swap:         8.0G       518M       7.5G

             total       used       free     shared    buffers     cached
Mem:          992M       930M        62M       576K       5.5M        50M
-/+ buffers/cache:       874M       118M
Swap:         8.0G       517M       7.5G

             total       used       free     shared    buffers     cached
Mem:          992M       930M        61M       576K       5.5M        50M
-/+ buffers/cache:       874M       117M
Swap:         8.0G       517M       7.5G

             total       used       free     shared    buffers     cached
Mem:          992M       908M        84M       576K       5.5M        47M
-/+ buffers/cache:       855M       137M
Swap:         8.0G       537M       7.5G

             total       used       free     shared    buffers     cached
Mem:          992M       909M        83M       576K       5.5M        47M
-/+ buffers/cache:       856M       136M
Swap:         8.0G       537M       7.5G

             total       used       free     shared    buffers     cached
Mem:          992M       911M        81M       576K       5.5M        48M
-/+ buffers/cache:       857M       135M
Swap:         8.0G       536M       7.5G

             total       used       free     shared    buffers     cached
Mem:          992M       912M        79M       576K       5.6M        48M
-/+ buffers/cache:       858M       133M
Swap:         8.0G       536M       7.5G

             total       used       free     shared    buffers     cached
Mem:          992M       913M        78M       576K       5.7M        48M
-/+ buffers/cache:       859M       132M
Swap:         8.0G       535M       7.5G

             total       used       free     shared    buffers     cached
Mem:          992M       914M        77M       576K       5.7M        48M
-/+ buffers/cache:       860M       131M
Swap:         8.0G       535M       7.5G

             total       used       free     shared    buffers     cached
Mem:          992M       915M        76M       576K       5.7M        48M
-/+ buffers/cache:       861M       130M
Swap:         8.0G       534M       7.5G

             total       used       free     shared    buffers     cached
Mem:          992M       916M        75M       576K       5.7M        48M
-/+ buffers/cache:       862M       129M
Swap:         8.0G       534M       7.5G

             total       used       free     shared    buffers     cached
Mem:          992M       917M        74M       576K       5.7M        48M
-/+ buffers/cache:       863M       128M
Swap:         8.0G       533M       7.5G

             total       used       free     shared    buffers     cached
Mem:          992M       918M        73M       576K       5.7M        48M
-/+ buffers/cache:       864M       127M
Swap:         8.0G       533M       7.5G

             total       used       free     shared    buffers     cached
Mem:          992M       919M        72M       576K       5.7M        48M
-/+ buffers/cache:       865M       126M
Swap:         8.0G       532M       7.5G

             total       used       free     shared    buffers     cached
Mem:          992M       920M        71M       576K       5.7M        48M
-/+ buffers/cache:       866M       125M
Swap:         8.0G       532M       7.5G

             total       used       free     shared    buffers     cached
Mem:          992M       922M        70M       576K       5.7M        48M
-/+ buffers/cache:       867M       124M
Swap:         8.0G       531M       7.5G

             total       used       free     shared    buffers     cached
Mem:          992M       923M        69M       576K       5.7M        48M
-/+ buffers/cache:       869M       123M
Swap:         8.0G       531M       7.5G

             total       used       free     shared    buffers     cached
Mem:          992M       924M        67M       576K       5.7M        48M
-/+ buffers/cache:       870M       122M
Swap:         8.0G       531M       7.5G

             total       used       free     shared    buffers     cached
Mem:          992M       925M        66M       576K       5.7M        48M
-/+ buffers/cache:       871M       120M
Swap:         8.0G       530M       7.5G

             total       used       free     shared    buffers     cached
Mem:          992M       926M        65M       576K       5.7M        48M
-/+ buffers/cache:       872M       119M
Swap:         8.0G       530M       7.5G

             total       used       free     shared    buffers     cached
Mem:          992M       927M        64M       576K       5.7M        48M
-/+ buffers/cache:       873M       118M
Swap:         8.0G       529M       7.5G

             total       used       free     shared    buffers     cached
Mem:          992M       928M        63M       576K       5.7M        48M
-/+ buffers/cache:       874M       117M
Swap:         8.0G       529M       7.5G

             total       used       free     shared    buffers     cached
Mem:          992M       929M        62M       576K       5.7M        48M
-/+ buffers/cache:       875M       116M
Swap:         8.0G       528M       7.5G

             total       used       free     shared    buffers     cached
Mem:          992M       930M        61M       576K       5.7M        48M
-/+ buffers/cache:       876M       115M
Swap:         8.0G       528M       7.5G

             total       used       free     shared    buffers     cached
Mem:          992M       908M        83M       576K       5.0M        45M
-/+ buffers/cache:       858M       134M
Swap:         8.0G       549M       7.5G

             total       used       free     shared    buffers     cached
Mem:          992M       909M        82M       576K       5.0M        45M
-/+ buffers/cache:       859M       133M
Swap:         8.0G       549M       7.5G

             total       used       free     shared    buffers     cached
Mem:          992M       910M        81M       576K       5.0M        45M
-/+ buffers/cache:       860M       132M
Swap:         8.0G       548M       7.5G

             total       used       free     shared    buffers     cached
Mem:          992M       911M        80M       576K       5.0M        45M
-/+ buffers/cache:       861M       130M
Swap:         8.0G       548M       7.5G

             total       used       free     shared    buffers     cached
Mem:          992M       913M        79M       576K       5.0M        45M
-/+ buffers/cache:       862M       129M
Swap:         8.0G       547M       7.5G

             total       used       free     shared    buffers     cached
Mem:          992M       913M        78M       576K       5.0M        45M
-/+ buffers/cache:       863M       129M
Swap:         8.0G       547M       7.5G

             total       used       free     shared    buffers     cached
Mem:          992M       914M        77M       576K       5.0M        45M
-/+ buffers/cache:       864M       127M
Swap:         8.0G       547M       7.5G

             total       used       free     shared    buffers     cached
Mem:          992M       915M        76M       576K       5.0M        45M
-/+ buffers/cache:       865M       127M
Swap:         8.0G       546M       7.5G

             total       used       free     shared    buffers     cached
Mem:          992M       917M        75M       576K       5.0M        45M
-/+ buffers/cache:       866M       125M
Swap:         8.0G       546M       7.5G

             total       used       free     shared    buffers     cached
Mem:          992M       918M        74M       576K       5.0M        45M
-/+ buffers/cache:       867M       124M
Swap:         8.0G       545M       7.5G

             total       used       free     shared    buffers     cached
Mem:          992M       919M        72M       576K       5.0M        45M
-/+ buffers/cache:       868M       123M
Swap:         8.0G       545M       7.5G

             total       used       free     shared    buffers     cached
Mem:          992M       920M        71M       576K       5.0M        45M
-/+ buffers/cache:       869M       122M
Swap:         8.0G       544M       7.5G

             total       used       free     shared    buffers     cached
Mem:          992M       921M        70M       576K       5.0M        45M
-/+ buffers/cache:       870M       121M
Swap:         8.0G       544M       7.5G

             total       used       free     shared    buffers     cached
Mem:          992M       922M        69M       576K       5.0M        45M
-/+ buffers/cache:       871M       120M
Swap:         8.0G       543M       7.5G

             total       used       free     shared    buffers     cached
Mem:          992M       923M        68M       576K       5.0M        45M
-/+ buffers/cache:       872M       119M
Swap:         8.0G       543M       7.5G

             total       used       free     shared    buffers     cached
Mem:          992M       924M        67M       576K       5.0M        45M
-/+ buffers/cache:       873M       118M
Swap:         8.0G       542M       7.5G

             total       used       free     shared    buffers     cached
Mem:          992M       925M        66M       576K       5.0M        45M
-/+ buffers/cache:       874M       117M
Swap:         8.0G       542M       7.5G

             total       used       free     shared    buffers     cached
Mem:          992M       926M        65M       576K       5.0M        45M
-/+ buffers/cache:       876M       116M
Swap:         8.0G       541M       7.5G

             total       used       free     shared    buffers     cached
Mem:          992M       927M        64M       576K       5.0M        45M
-/+ buffers/cache:       877M       115M
Swap:         8.0G       541M       7.5G

             total       used       free     shared    buffers     cached
Mem:          992M       928M        63M       576K       5.0M        45M
-/+ buffers/cache:       878M       114M
Swap:         8.0G       540M       7.5G

             total       used       free     shared    buffers     cached
Mem:          992M       929M        62M       576K       5.0M        45M
-/+ buffers/cache:       879M       113M
Swap:         8.0G       539M       7.5G

             total       used       free     shared    buffers     cached
Mem:          992M       931M        60M       576K       5.0M        45M
-/+ buffers/cache:       880M       111M
Swap:         8.0G       539M       7.5G

             total       used       free     shared    buffers     cached
Mem:          992M       922M        69M       580K       5.7M        47M
-/+ buffers/cache:       869M       123M
Swap:         8.0G       549M       7.5G

             total       used       free     shared    buffers     cached
Mem:          992M       922M        69M       580K       2.3M        64M
-/+ buffers/cache:       855M       136M
Swap:         8.0G       571M       7.4G

             total       used       free     shared    buffers     cached
Mem:          992M       922M        70M       580K       2.3M        66M
-/+ buffers/cache:       852M       139M
Swap:         8.0G       577M       7.4G

             total       used       free     shared    buffers     cached
Mem:          992M       921M        70M       580K       3.0M        69M
-/+ buffers/cache:       848M       143M
Swap:         8.0G       574M       7.4G

             total       used       free     shared    buffers     cached
Mem:          992M       922M        69M       580K       3.0M        69M
-/+ buffers/cache:       849M       142M
Swap:         8.0G       573M       7.4G

             total       used       free     shared    buffers     cached
Mem:          992M       914M        77M       580K       1.1M        68M
-/+ buffers/cache:       845M       146M
Swap:         8.0G       579M       7.4G

             total       used       free     shared    buffers     cached
Mem:          992M       916M        75M       580K       1.1M        68M
-/+ buffers/cache:       846M       145M
Swap:         8.0G       578M       7.4G

             total       used       free     shared    buffers     cached
Mem:          992M       916M        75M       580K       1.1M        68M
-/+ buffers/cache:       846M       145M
Swap:         8.0G       578M       7.4G

             total       used       free     shared    buffers     cached
Mem:          992M       917M        74M       580K       1.1M        69M
-/+ buffers/cache:       847M       144M
Swap:         8.0G       578M       7.4G

             total       used       free     shared    buffers     cached
Mem:          992M       917M        74M       580K       1.1M        69M
-/+ buffers/cache:       847M       144M
Swap:         8.0G       577M       7.4G

             total       used       free     shared    buffers     cached
Mem:          992M       918M        73M       580K       1.1M        69M
-/+ buffers/cache:       848M       143M
Swap:         8.0G       577M       7.4G

             total       used       free     shared    buffers     cached
Mem:          992M       919M        72M       580K       1.1M        69M
-/+ buffers/cache:       849M       143M
Swap:         8.0G       577M       7.4G

             total       used       free     shared    buffers     cached
Mem:          992M       919M        72M       580K       1.1M        69M
-/+ buffers/cache:       849M       142M
Swap:         8.0G       576M       7.4G

             total       used       free     shared    buffers     cached
Mem:          992M       920M        71M       580K       1.1M        69M
-/+ buffers/cache:       850M       141M
Swap:         8.0G       576M       7.4G

             total       used       free     shared    buffers     cached
Mem:          992M       921M        71M       580K       1.1M        69M
-/+ buffers/cache:       851M       141M
Swap:         8.0G       576M       7.4G

             total       used       free     shared    buffers     cached
Mem:          992M       921M        70M       580K       1.1M        69M
-/+ buffers/cache:       851M       140M
Swap:         8.0G       575M       7.4G

             total       used       free     shared    buffers     cached
Mem:          992M       911M        80M       752K       2.9M        55M
-/+ buffers/cache:       853M       138M
Swap:         8.0G       582M       7.4G

             total       used       free     shared    buffers     cached
Mem:          992M       918M        73M       4.4M       4.9M        54M
-/+ buffers/cache:       859M       132M
Swap:         8.0G       640M       7.4G

             total       used       free     shared    buffers     cached
Mem:          992M       918M        74M       4.4M       4.9M        54M
-/+ buffers/cache:       858M       133M
Swap:         8.0G       640M       7.4G

             total       used       free     shared    buffers     cached
Mem:          992M       905M        87M       760K       4.2M        59M
-/+ buffers/cache:       841M       151M
Swap:         8.0G       637M       7.4G

             total       used       free     shared    buffers     cached
Mem:          992M       916M        75M       796K       4.7M        62M
-/+ buffers/cache:       849M       142M
Swap:         8.0G       632M       7.4G

             total       used       free     shared    buffers     cached
Mem:          992M       917M        74M       796K       4.7M        62M
-/+ buffers/cache:       850M       141M
Swap:         8.0G       631M       7.4G

             total       used       free     shared    buffers     cached
Mem:          992M       918M        73M       796K       4.7M        62M
-/+ buffers/cache:       851M       140M
Swap:         8.0G       631M       7.4G

             total       used       free     shared    buffers     cached
Mem:          992M       918M        73M       796K       4.7M        62M
-/+ buffers/cache:       851M       140M
Swap:         8.0G       631M       7.4G

             total       used       free     shared    buffers     cached
Mem:          992M       921M        70M       796K       4.8M        63M
-/+ buffers/cache:       853M       139M
Swap:         8.0G       630M       7.4G

             total       used       free     shared    buffers     cached
Mem:          992M       922M        69M       796K       4.8M        63M
-/+ buffers/cache:       854M       138M
Swap:         8.0G       629M       7.4G

             total       used       free     shared    buffers     cached
Mem:          992M       923M        68M       796K       4.8M        63M
-/+ buffers/cache:       855M       136M
Swap:         8.0G       629M       7.4G

             total       used       free     shared    buffers     cached
Mem:          992M       924M        67M       796K       4.8M        63M
-/+ buffers/cache:       856M       135M
Swap:         8.0G       628M       7.4G

             total       used       free     shared    buffers     cached
Mem:          992M       926M        66M       796K       4.8M        63M
-/+ buffers/cache:       857M       134M
Swap:         8.0G       627M       7.4G

             total       used       free     shared    buffers     cached
Mem:          992M       927M        64M       796K       4.8M        63M
-/+ buffers/cache:       859M       133M
Swap:         8.0G       627M       7.4G

             total       used       free     shared    buffers     cached
Mem:          992M       929M        63M       796K       4.8M        63M
-/+ buffers/cache:       860M       131M
Swap:         8.0G       626M       7.4G

             total       used       free     shared    buffers     cached
Mem:          992M       930M        62M       796K       4.8M        63M
-/+ buffers/cache:       861M       130M
Swap:         8.0G       625M       7.4G

             total       used       free     shared    buffers     cached
Mem:          992M       931M        61M       796K       4.8M        63M
-/+ buffers/cache:       862M       129M
Swap:         8.0G       625M       7.4G

             total       used       free     shared    buffers     cached
Mem:          992M       909M        82M       796K       3.4M        59M
-/+ buffers/cache:       846M       145M
Swap:         8.0G       624M       7.4G

             total       used       free     shared    buffers     cached
Mem:          992M       910M        81M       796K       3.4M        59M
-/+ buffers/cache:       848M       144M
Swap:         8.0G       623M       7.4G

             total       used       free     shared    buffers     cached
Mem:          992M       912M        80M       796K       3.4M        59M
-/+ buffers/cache:       849M       142M
Swap:         8.0G       623M       7.4G

             total       used       free     shared    buffers     cached
Mem:          992M       913M        78M       796K       3.4M        59M
-/+ buffers/cache:       850M       141M
Swap:         8.0G       622M       7.4G

             total       used       free     shared    buffers     cached
Mem:          992M       914M        77M       796K       3.4M        59M
-/+ buffers/cache:       851M       140M
Swap:         8.0G       621M       7.4G

             total       used       free     shared    buffers     cached
Mem:          992M       915M        76M       796K       3.4M        59M
-/+ buffers/cache:       853M       138M
Swap:         8.0G       621M       7.4G

             total       used       free     shared    buffers     cached
Mem:          992M       917M        75M       796K       3.4M        59M
-/+ buffers/cache:       854M       137M
Swap:         8.0G       620M       7.4G

             total       used       free     shared    buffers     cached
Mem:          992M       918M        74M       796K       3.5M        59M
-/+ buffers/cache:       855M       136M
Swap:         8.0G       619M       7.4G

             total       used       free     shared    buffers     cached
Mem:          992M       919M        72M       796K       3.5M        59M
-/+ buffers/cache:       856M       135M
Swap:         8.0G       619M       7.4G

             total       used       free     shared    buffers     cached
Mem:          992M       920M        71M       796K       3.5M        59M
-/+ buffers/cache:       857M       134M
Swap:         8.0G       618M       7.4G

             total       used       free     shared    buffers     cached
Mem:          992M       921M        70M       796K       3.5M        59M
-/+ buffers/cache:       859M       133M
Swap:         8.0G       617M       7.4G

             total       used       free     shared    buffers     cached
Mem:          992M       922M        69M       796K       3.5M        59M
-/+ buffers/cache:       860M       131M
Swap:         8.0G       617M       7.4G

             total       used       free     shared    buffers     cached
Mem:          992M       923M        68M       796K       3.5M        59M
-/+ buffers/cache:       861M       130M
Swap:         8.0G       616M       7.4G

             total       used       free     shared    buffers     cached
Mem:          992M       925M        66M       796K       3.5M        59M
-/+ buffers/cache:       862M       129M
Swap:         8.0G       615M       7.4G

             total       used       free     shared    buffers     cached
Mem:          992M       926M        65M       796K       3.5M        59M
-/+ buffers/cache:       863M       128M
Swap:         8.0G       615M       7.4G

             total       used       free     shared    buffers     cached
Mem:          992M       927M        64M       796K       3.5M        59M
-/+ buffers/cache:       864M       127M
Swap:         8.0G       614M       7.4G

             total       used       free     shared    buffers     cached
Mem:          992M       929M        63M       796K       3.5M        59M
-/+ buffers/cache:       866M       125M
Swap:         8.0G       614M       7.4G

             total       used       free     shared    buffers     cached
Mem:          992M       930M        62M       796K       3.5M        59M
-/+ buffers/cache:       867M       124M
Swap:         8.0G       613M       7.4G

             total       used       free     shared    buffers     cached
Mem:          992M       930M        61M       848K       5.0M        68M
-/+ buffers/cache:       856M       135M
Swap:         8.0G       610M       7.4G

             total       used       free     shared    buffers     cached
Mem:          992M       925M        66M       844K       7.2M        72M
-/+ buffers/cache:       846M       145M
Swap:         8.0G       640M       7.4G

             total       used       free     shared    buffers     cached
Mem:          992M       929M        62M       844K       7.7M        74M
-/+ buffers/cache:       847M       144M
Swap:         8.0G       639M       7.4G
