             total       used       free     shared    buffers     cached
Mem:          992M       657M       334M       3.2M        38M       289M
-/+ buffers/cache:       330M       662M
Swap:         8.0G         0B       8.0G

             total       used       free     shared    buffers     cached
Mem:          992M       656M       335M       1.4M        38M       287M
-/+ buffers/cache:       330M       661M
Swap:         8.0G         0B       8.0G

             total       used       free     shared    buffers     cached
Mem:          992M       656M       335M       1.4M        38M       287M
-/+ buffers/cache:       330M       661M
Swap:         8.0G         0B       8.0G

             total       used       free     shared    buffers     cached
Mem:          992M       656M       335M       1.4M        38M       287M
-/+ buffers/cache:       330M       661M
Swap:         8.0G         0B       8.0G

             total       used       free     shared    buffers     cached
Mem:          992M       656M       335M       1.4M        38M       287M
-/+ buffers/cache:       330M       661M
Swap:         8.0G         0B       8.0G

             total       used       free     shared    buffers     cached
Mem:          992M       656M       335M       1.4M        38M       287M
-/+ buffers/cache:       330M       661M
Swap:         8.0G         0B       8.0G

             total       used       free     shared    buffers     cached
Mem:          992M       656M       335M       1.4M        38M       287M
-/+ buffers/cache:       329M       662M
Swap:         8.0G         0B       8.0G

             total       used       free     shared    buffers     cached
Mem:          992M       656M       336M       1.4M        38M       288M
-/+ buffers/cache:       329M       662M
Swap:         8.0G         0B       8.0G

             total       used       free     shared    buffers     cached
Mem:          992M       655M       336M       1.4M        38M       288M
-/+ buffers/cache:       329M       662M
Swap:         8.0G         0B       8.0G

             total       used       free     shared    buffers     cached
Mem:          992M       659M       332M       1.4M        38M       288M
-/+ buffers/cache:       332M       659M
Swap:         8.0G         0B       8.0G

             total       used       free     shared    buffers     cached
Mem:          992M       676M       315M       1.4M        38M       288M
-/+ buffers/cache:       350M       642M
Swap:         8.0G         0B       8.0G

             total       used       free     shared    buffers     cached
Mem:          992M       704M       287M       1.4M        38M       288M
-/+ buffers/cache:       377M       614M
Swap:         8.0G         0B       8.0G

             total       used       free     shared    buffers     cached
Mem:          992M       665M       326M       1.4M        38M       289M
-/+ buffers/cache:       337M       654M
Swap:         8.0G         0B       8.0G

             total       used       free     shared    buffers     cached
Mem:          992M       665M       326M       1.4M        38M       289M
-/+ buffers/cache:       337M       654M
Swap:         8.0G         0B       8.0G

             total       used       free     shared    buffers     cached
Mem:          992M       665M       326M       1.4M        38M       289M
-/+ buffers/cache:       337M       654M
Swap:         8.0G         0B       8.0G

             total       used       free     shared    buffers     cached
Mem:          992M       665M       326M       1.4M        38M       289M
-/+ buffers/cache:       337M       654M
Swap:         8.0G         0B       8.0G

             total       used       free     shared    buffers     cached
Mem:          992M       665M       326M       1.4M        38M       289M
-/+ buffers/cache:       337M       654M
Swap:         8.0G         0B       8.0G

             total       used       free     shared    buffers     cached
Mem:          992M       665M       326M       1.4M        38M       289M
-/+ buffers/cache:       337M       654M
Swap:         8.0G         0B       8.0G

             total       used       free     shared    buffers     cached
Mem:          992M       665M       326M       1.4M        38M       289M
-/+ buffers/cache:       337M       654M
Swap:         8.0G         0B       8.0G

             total       used       free     shared    buffers     cached
Mem:          992M       665M       326M       1.4M        38M       289M
-/+ buffers/cache:       337M       654M
Swap:         8.0G         0B       8.0G

             total       used       free     shared    buffers     cached
Mem:          992M       665M       326M       1.4M        38M       289M
-/+ buffers/cache:       337M       654M
Swap:         8.0G         0B       8.0G

             total       used       free     shared    buffers     cached
Mem:          992M       665M       326M       1.4M        38M       289M
-/+ buffers/cache:       337M       654M
Swap:         8.0G         0B       8.0G

             total       used       free     shared    buffers     cached
Mem:          992M       665M       326M       1.4M        38M       289M
-/+ buffers/cache:       337M       654M
Swap:         8.0G         0B       8.0G

             total       used       free     shared    buffers     cached
Mem:          992M       665M       326M       1.4M        38M       289M
-/+ buffers/cache:       337M       654M
Swap:         8.0G         0B       8.0G

             total       used       free     shared    buffers     cached
Mem:          992M       665M       326M       1.4M        38M       289M
-/+ buffers/cache:       337M       654M
Swap:         8.0G         0B       8.0G

             total       used       free     shared    buffers     cached
Mem:          992M       665M       326M       1.4M        38M       289M
-/+ buffers/cache:       337M       654M
Swap:         8.0G         0B       8.0G

             total       used       free     shared    buffers     cached
Mem:          992M       665M       326M       1.4M        38M       289M
-/+ buffers/cache:       337M       654M
Swap:         8.0G         0B       8.0G

             total       used       free     shared    buffers     cached
Mem:          992M       665M       326M       1.4M        38M       289M
-/+ buffers/cache:       337M       654M
Swap:         8.0G         0B       8.0G

             total       used       free     shared    buffers     cached
Mem:          992M       665M       326M       1.4M        38M       289M
-/+ buffers/cache:       337M       654M
Swap:         8.0G         0B       8.0G

             total       used       free     shared    buffers     cached
Mem:          992M       665M       326M       1.4M        38M       289M
-/+ buffers/cache:       337M       654M
Swap:         8.0G         0B       8.0G

             total       used       free     shared    buffers     cached
Mem:          992M       665M       326M       1.4M        38M       289M
-/+ buffers/cache:       337M       654M
Swap:         8.0G         0B       8.0G

             total       used       free     shared    buffers     cached
Mem:          992M       665M       326M       1.4M        38M       289M
-/+ buffers/cache:       337M       654M
Swap:         8.0G         0B       8.0G

             total       used       free     shared    buffers     cached
Mem:          992M       665M       326M       1.4M        38M       289M
-/+ buffers/cache:       337M       654M
Swap:         8.0G         0B       8.0G

             total       used       free     shared    buffers     cached
Mem:          992M       670M       322M       1.4M        38M       289M
-/+ buffers/cache:       341M       650M
Swap:         8.0G         0B       8.0G

             total       used       free     shared    buffers     cached
Mem:          992M       685M       307M       1.4M        38M       289M
-/+ buffers/cache:       356M       635M
Swap:         8.0G         0B       8.0G

             total       used       free     shared    buffers     cached
Mem:          992M       701M       290M       1.4M        38M       289M
-/+ buffers/cache:       373M       618M
Swap:         8.0G         0B       8.0G

             total       used       free     shared    buffers     cached
Mem:          992M       718M       273M       1.4M        38M       289M
-/+ buffers/cache:       389M       602M
Swap:         8.0G         0B       8.0G

             total       used       free     shared    buffers     cached
Mem:          992M       735M       257M       1.4M        38M       289M
-/+ buffers/cache:       406M       585M
Swap:         8.0G         0B       8.0G

             total       used       free     shared    buffers     cached
Mem:          992M       753M       239M       1.4M        38M       289M
-/+ buffers/cache:       424M       567M
Swap:         8.0G         0B       8.0G

             total       used       free     shared    buffers     cached
Mem:          992M       769M       222M       1.4M        38M       289M
-/+ buffers/cache:       440M       551M
Swap:         8.0G         0B       8.0G

             total       used       free     shared    buffers     cached
Mem:          992M       782M       209M       1.4M        38M       289M
-/+ buffers/cache:       454M       537M
Swap:         8.0G         0B       8.0G

             total       used       free     shared    buffers     cached
Mem:          992M       799M       193M       1.4M        38M       289M
-/+ buffers/cache:       470M       521M
Swap:         8.0G         0B       8.0G

             total       used       free     shared    buffers     cached
Mem:          992M       815M       176M       1.4M        38M       289M
-/+ buffers/cache:       487M       504M
Swap:         8.0G         0B       8.0G

             total       used       free     shared    buffers     cached
Mem:          992M       833M       158M       1.4M        38M       289M
-/+ buffers/cache:       505M       486M
Swap:         8.0G         0B       8.0G

             total       used       free     shared    buffers     cached
Mem:          992M       850M       141M       1.4M        38M       289M
-/+ buffers/cache:       522M       469M
Swap:         8.0G         0B       8.0G

             total       used       free     shared    buffers     cached
Mem:          992M       868M       124M       1.4M        38M       289M
-/+ buffers/cache:       539M       452M
Swap:         8.0G         0B       8.0G

             total       used       free     shared    buffers     cached
Mem:          992M       885M       107M       1.4M        38M       289M
-/+ buffers/cache:       556M       435M
Swap:         8.0G         0B       8.0G

             total       used       free     shared    buffers     cached
Mem:          992M       898M        94M       1.4M        38M       289M
-/+ buffers/cache:       569M       422M
Swap:         8.0G         0B       8.0G

             total       used       free     shared    buffers     cached
Mem:          992M       914M        78M       1.4M        38M       289M
-/+ buffers/cache:       585M       406M
Swap:         8.0G         0B       8.0G

             total       used       free     shared    buffers     cached
Mem:          992M       930M        61M       1.4M        38M       289M
-/+ buffers/cache:       602M       389M
Swap:         8.0G         0B       8.0G

             total       used       free     shared    buffers     cached
Mem:          992M       923M        68M       1.4M        17M       288M
-/+ buffers/cache:       618M       373M
Swap:         8.0G         0B       8.0G

             total       used       free     shared    buffers     cached
Mem:          992M       921M        71M       1.4M        10M       279M
-/+ buffers/cache:       631M       360M
Swap:         8.0G         0B       8.0G

             total       used       free     shared    buffers     cached
Mem:          992M       920M        71M       1.4M       9.6M       263M
-/+ buffers/cache:       647M       344M
Swap:         8.0G        88K       8.0G

             total       used       free     shared    buffers     cached
Mem:          992M       919M        73M       1.3M       9.6M       244M
-/+ buffers/cache:       664M       327M
Swap:         8.0G       340K       8.0G

             total       used       free     shared    buffers     cached
Mem:          992M       927M        65M       1.3M       9.6M       238M
-/+ buffers/cache:       679M       312M
Swap:         8.0G       2.7M       8.0G

             total       used       free     shared    buffers     cached
Mem:          992M       905M        86M       1.1M       8.8M       206M
-/+ buffers/cache:       690M       301M
Swap:         8.0G       8.6M       8.0G

             total       used       free     shared    buffers     cached
Mem:          992M       921M        70M       1.1M       8.8M       206M
-/+ buffers/cache:       706M       285M
Swap:         8.0G       8.6M       8.0G

             total       used       free     shared    buffers     cached
Mem:          992M       924M        67M       1.1M       2.7M       199M
-/+ buffers/cache:       722M       269M
Swap:         8.0G       8.6M       8.0G

             total       used       free     shared    buffers     cached
Mem:          992M       922M        69M       1.1M       676K       182M
-/+ buffers/cache:       738M       253M
Swap:         8.0G       8.6M       8.0G

             total       used       free     shared    buffers     cached
Mem:          992M       928M        63M       1.1M       204K       173M
-/+ buffers/cache:       754M       237M
Swap:         8.0G       8.6M       8.0G

             total       used       free     shared    buffers     cached
Mem:          992M       924M        67M       1.1M       200K       153M
-/+ buffers/cache:       771M       220M
Swap:         8.0G       8.6M       8.0G

             total       used       free     shared    buffers     cached
Mem:          992M       917M        74M       1.1M       420K       134M
-/+ buffers/cache:       781M       210M
Swap:         8.0G       8.6M       8.0G

             total       used       free     shared    buffers     cached
Mem:          992M       932M        59M       1.1M       428K       134M
-/+ buffers/cache:       797M       195M
Swap:         8.0G       8.6M       8.0G

             total       used       free     shared    buffers     cached
Mem:          992M       930M        61M       1.1M       272K       119M
-/+ buffers/cache:       810M       181M
Swap:         8.0G       8.6M       8.0G

             total       used       free     shared    buffers     cached
Mem:          992M       930M        61M       1.1M       272K       105M
-/+ buffers/cache:       824M       167M
Swap:         8.0G       8.6M       8.0G

             total       used       free     shared    buffers     cached
Mem:          992M       927M        64M       1.1M       272K        87M
-/+ buffers/cache:       840M       151M
Swap:         8.0G       8.6M       8.0G

             total       used       free     shared    buffers     cached
Mem:          992M       928M        64M       1.1M       276K        72M
-/+ buffers/cache:       855M       136M
Swap:         8.0G       8.6M       8.0G

             total       used       free     shared    buffers     cached
Mem:          992M       925M        66M       1.1M       284K        56M
-/+ buffers/cache:       869M       122M
Swap:         8.0G       8.6M       8.0G

             total       used       free     shared    buffers     cached
Mem:          992M       922M        69M       1.1M       420K        37M
-/+ buffers/cache:       884M       107M
Swap:         8.0G       8.6M       8.0G

             total       used       free     shared    buffers     cached
Mem:          992M       924M        67M       1.1M       2.9M        22M
-/+ buffers/cache:       898M        93M
Swap:         8.0G        10M       8.0G

             total       used       free     shared    buffers     cached
Mem:          992M       925M        66M       984K       2.6M        11M
-/+ buffers/cache:       910M        81M
Swap:         8.0G        12M       8.0G

             total       used       free     shared    buffers     cached
Mem:          992M       905M        86M       680K       784K        10M
-/+ buffers/cache:       894M        97M
Swap:         8.0G        78M       7.9G

             total       used       free     shared    buffers     cached
Mem:          992M       922M        69M       656K       784K        10M
-/+ buffers/cache:       911M        80M
Swap:         8.0G        78M       7.9G

             total       used       free     shared    buffers     cached
Mem:          992M       918M        73M       656K       116K       5.4M
-/+ buffers/cache:       913M        78M
Swap:         8.0G        78M       7.9G

             total       used       free     shared    buffers     cached
Mem:          992M       911M        80M       656K       376K       3.2M
-/+ buffers/cache:       907M        84M
Swap:         8.0G        86M       7.9G

             total       used       free     shared    buffers     cached
Mem:          992M       906M        86M       656K       376K       2.8M
-/+ buffers/cache:       902M        89M
Swap:         8.0G       131M       7.9G

             total       used       free     shared    buffers     cached
Mem:          992M       917M        74M       648K       384K       2.8M
-/+ buffers/cache:       914M        77M
Swap:         8.0G       131M       7.9G

             total       used       free     shared    buffers     cached
Mem:          992M       915M        76M       648K       372K       2.8M
-/+ buffers/cache:       912M        80M
Swap:         8.0G       131M       7.9G

             total       used       free     shared    buffers     cached
Mem:          992M       915M        76M       648K       360K       2.7M
-/+ buffers/cache:       912M        79M
Swap:         8.0G       131M       7.9G

             total       used       free     shared    buffers     cached
Mem:          992M       914M        77M       596K       320K       2.5M
-/+ buffers/cache:       912M        80M
Swap:         8.0G       157M       7.8G

             total       used       free     shared    buffers     cached
Mem:          992M       914M        77M       596K       320K       2.4M
-/+ buffers/cache:       911M        80M
Swap:         8.0G       163M       7.8G

             total       used       free     shared    buffers     cached
Mem:          992M       915M        76M       580K       316K       2.4M
-/+ buffers/cache:       912M        79M
Swap:         8.0G       184M       7.8G

             total       used       free     shared    buffers     cached
Mem:          992M       914M        77M       576K       324K       2.4M
-/+ buffers/cache:       912M        80M
Swap:         8.0G       188M       7.8G

             total       used       free     shared    buffers     cached
Mem:          992M       912M        79M       524K       324K       2.2M
-/+ buffers/cache:       910M        81M
Swap:         8.0G       243M       7.8G

             total       used       free     shared    buffers     cached
Mem:          992M       907M        84M       536K       324K       2.2M
-/+ buffers/cache:       904M        87M
Swap:         8.0G       243M       7.8G

             total       used       free     shared    buffers     cached
Mem:          992M       920M        72M       536K       324K       2.5M
-/+ buffers/cache:       917M        74M
Swap:         8.0G       243M       7.8G

             total       used       free     shared    buffers     cached
Mem:          992M       916M        75M       536K       324K       2.5M
-/+ buffers/cache:       913M        78M
Swap:         8.0G       243M       7.8G

             total       used       free     shared    buffers     cached
Mem:          992M       911M        80M       536K       196K       2.4M
-/+ buffers/cache:       908M        83M
Swap:         8.0G       257M       7.7G

             total       used       free     shared    buffers     cached
Mem:          992M       921M        71M       536K       196K       2.4M
-/+ buffers/cache:       918M        73M
Swap:         8.0G       257M       7.7G

             total       used       free     shared    buffers     cached
Mem:          992M       910M        81M       536K       108K       2.3M
-/+ buffers/cache:       907M        84M
Swap:         8.0G       283M       7.7G

             total       used       free     shared    buffers     cached
Mem:          992M       916M        75M       536K       108K       2.3M
-/+ buffers/cache:       913M        78M
Swap:         8.0G       283M       7.7G

             total       used       free     shared    buffers     cached
Mem:          992M       921M        70M       536K       108K       2.3M
-/+ buffers/cache:       919M        72M
Swap:         8.0G       283M       7.7G

             total       used       free     shared    buffers     cached
Mem:          992M       915M        77M       536K       116K       2.3M
-/+ buffers/cache:       912M        79M
Swap:         8.0G       283M       7.7G

             total       used       free     shared    buffers     cached
Mem:          992M       919M        72M       536K       116K       2.3M
-/+ buffers/cache:       917M        74M
Swap:         8.0G       283M       7.7G

             total       used       free     shared    buffers     cached
Mem:          992M       910M        81M       536K       112K       2.2M
-/+ buffers/cache:       908M        83M
Swap:         8.0G       314M       7.7G

             total       used       free     shared    buffers     cached
Mem:          992M       915M        76M       536K       112K       2.2M
-/+ buffers/cache:       913M        79M
Swap:         8.0G       314M       7.7G

             total       used       free     shared    buffers     cached
Mem:          992M       920M        71M       536K       112K       2.2M
-/+ buffers/cache:       918M        73M
Swap:         8.0G       314M       7.7G

             total       used       free     shared    buffers     cached
Mem:          992M       911M        80M       536K       112K       2.2M
-/+ buffers/cache:       909M        82M
Swap:         8.0G       314M       7.7G

             total       used       free     shared    buffers     cached
Mem:          992M       915M        76M       536K       120K       2.1M
-/+ buffers/cache:       913M        78M
Swap:         8.0G       314M       7.7G

             total       used       free     shared    buffers     cached
Mem:          992M       919M        72M       536K       120K       2.1M
-/+ buffers/cache:       917M        74M
Swap:         8.0G       314M       7.7G

             total       used       free     shared    buffers     cached
Mem:          992M       899M        92M        16K        76K       1.5M
-/+ buffers/cache:       898M        94M
Swap:         8.0G       352M       7.7G

             total       used       free     shared    buffers     cached
Mem:          992M       903M        88M         8K        76K       1.5M
-/+ buffers/cache:       902M        89M
Swap:         8.0G       352M       7.7G

             total       used       free     shared    buffers     cached
Mem:          992M       907M        84M         8K        76K       1.5M
-/+ buffers/cache:       905M        86M
Swap:         8.0G       352M       7.7G

             total       used       free     shared    buffers     cached
Mem:          992M       911M        80M         8K        84K       1.5M
-/+ buffers/cache:       909M        82M
Swap:         8.0G       352M       7.7G

             total       used       free     shared    buffers     cached
Mem:          992M       912M        79M         8K        84K       1.5M
-/+ buffers/cache:       910M        81M
Swap:         8.0G       341M       7.7G

             total       used       free     shared    buffers     cached
Mem:          992M       913M        78M         8K        84K       1.5M
-/+ buffers/cache:       911M        80M
Swap:         8.0G       331M       7.7G

             total       used       free     shared    buffers     cached
Mem:          992M       911M        80M         8K        84K       1.4M
-/+ buffers/cache:       910M        82M
Swap:         8.0G       330M       7.7G

             total       used       free     shared    buffers     cached
Mem:          992M       913M        79M         0B        84K       1.3M
-/+ buffers/cache:       911M        80M
Swap:         8.0G       327M       7.7G

             total       used       free     shared    buffers     cached
Mem:          992M       918M        73M         0B        84K       1.2M
-/+ buffers/cache:       917M        75M
Swap:         8.0G       423M       7.6G

             total       used       free     shared    buffers     cached
Mem:          992M       918M        73M         0B        84K       1.3M
-/+ buffers/cache:       917M        75M
Swap:         8.0G       423M       7.6G

             total       used       free     shared    buffers     cached
Mem:          992M       916M        75M         0B       212K        28M
-/+ buffers/cache:       888M       103M
Swap:         8.0G       365M       7.6G

             total       used       free     shared    buffers     cached
Mem:          992M       911M        80M        16K       232K        20M
-/+ buffers/cache:       891M       100M
Swap:         8.0G       365M       7.6G

             total       used       free     shared    buffers     cached
Mem:          992M       914M        77M        16K        92K       2.4M
-/+ buffers/cache:       912M        80M
Swap:         8.0G       345M       7.7G

             total       used       free     shared    buffers     cached
Mem:          992M       912M        80M        16K        96K       2.0M
-/+ buffers/cache:       909M        82M
Swap:         8.0G       356M       7.6G

             total       used       free     shared    buffers     cached
Mem:          992M       912M        79M        16K       108K       2.1M
-/+ buffers/cache:       910M        81M
Swap:         8.0G       351M       7.7G

             total       used       free     shared    buffers     cached
Mem:          992M       912M        79M        16K        88K       1.8M
-/+ buffers/cache:       910M        81M
Swap:         8.0G       370M       7.6G

             total       used       free     shared    buffers     cached
Mem:          992M       915M        77M        16K        88K       1.7M
-/+ buffers/cache:       913M        78M
Swap:         8.0G       350M       7.7G

             total       used       free     shared    buffers     cached
Mem:          992M       915M        76M        16K        88K       1.5M
-/+ buffers/cache:       913M        78M
Swap:         8.0G       356M       7.6G

             total       used       free     shared    buffers     cached
Mem:          992M       911M        80M        16K        88K        20M
-/+ buffers/cache:       891M       100M
Swap:         8.0G       380M       7.6G

             total       used       free     shared    buffers     cached
Mem:          992M       918M        73M        16K       508K        23M
-/+ buffers/cache:       894M        97M
Swap:         8.0G       378M       7.6G

             total       used       free     shared    buffers     cached
Mem:          992M       921M        71M        16K       936K        23M
-/+ buffers/cache:       896M        95M
Swap:         8.0G       378M       7.6G

             total       used       free     shared    buffers     cached
Mem:          992M       907M        85M        16K       936K        22M
-/+ buffers/cache:       883M       108M
Swap:         8.0G       402M       7.6G

             total       used       free     shared    buffers     cached
Mem:          992M       912M        79M        16K       936K        23M
-/+ buffers/cache:       888M       103M
Swap:         8.0G       402M       7.6G

             total       used       free     shared    buffers     cached
Mem:          992M       916M        75M        16K       936K        23M
-/+ buffers/cache:       892M        99M
Swap:         8.0G       402M       7.6G

             total       used       free     shared    buffers     cached
Mem:          992M       921M        70M        16K       944K        23M
-/+ buffers/cache:       897M        94M
Swap:         8.0G       402M       7.6G

             total       used       free     shared    buffers     cached
Mem:          992M       911M        80M        16K       936K        22M
-/+ buffers/cache:       888M       104M
Swap:         8.0G       405M       7.6G

             total       used       free     shared    buffers     cached
Mem:          992M       916M        75M        16K       936K        22M
-/+ buffers/cache:       892M        99M
Swap:         8.0G       405M       7.6G

             total       used       free     shared    buffers     cached
Mem:          992M       921M        71M        16K       936K        22M
-/+ buffers/cache:       897M        94M
Swap:         8.0G       405M       7.6G

             total       used       free     shared    buffers     cached
Mem:          992M       912M        79M        16K       936K        22M
-/+ buffers/cache:       889M       102M
Swap:         8.0G       423M       7.6G

             total       used       free     shared    buffers     cached
Mem:          992M       917M        74M        16K       944K        22M
-/+ buffers/cache:       894M        97M
Swap:         8.0G       423M       7.6G

             total       used       free     shared    buffers     cached
Mem:          992M       922M        69M        16K       944K        22M
-/+ buffers/cache:       899M        92M
Swap:         8.0G       423M       7.6G

             total       used       free     shared    buffers     cached
Mem:          992M       909M        82M        16K       904K        21M
-/+ buffers/cache:       887M       104M
Swap:         8.0G       426M       7.6G

             total       used       free     shared    buffers     cached
Mem:          992M       911M        80M        16K       904K        21M
-/+ buffers/cache:       889M       102M
Swap:         8.0G       425M       7.6G

             total       used       free     shared    buffers     cached
Mem:          992M       913M        79M        16K       904K        21M
-/+ buffers/cache:       891M       101M
Swap:         8.0G       425M       7.6G

             total       used       free     shared    buffers     cached
Mem:          992M       915M        77M        16K       904K        21M
-/+ buffers/cache:       893M        99M
Swap:         8.0G       424M       7.6G

             total       used       free     shared    buffers     cached
Mem:          992M       917M        74M        16K       912K        21M
-/+ buffers/cache:       895M        96M
Swap:         8.0G       423M       7.6G

             total       used       free     shared    buffers     cached
Mem:          992M       919M        73M        16K       912K        21M
-/+ buffers/cache:       897M        94M
Swap:         8.0G       422M       7.6G

             total       used       free     shared    buffers     cached
Mem:          992M       921M        70M        16K       912K        21M
-/+ buffers/cache:       899M        92M
Swap:         8.0G       421M       7.6G

             total       used       free     shared    buffers     cached
Mem:          992M       910M        81M        16K       912K        19M
-/+ buffers/cache:       889M       102M
Swap:         8.0G       441M       7.6G

             total       used       free     shared    buffers     cached
Mem:          992M       911M        80M        16K       912K        19M
-/+ buffers/cache:       891M       101M
Swap:         8.0G       440M       7.6G

             total       used       free     shared    buffers     cached
Mem:          992M       913M        78M        16K       920K        19M
-/+ buffers/cache:       893M        98M
Swap:         8.0G       439M       7.6G

             total       used       free     shared    buffers     cached
Mem:          992M       915M        76M        16K       920K        19M
-/+ buffers/cache:       895M        97M
Swap:         8.0G       438M       7.6G

             total       used       free     shared    buffers     cached
Mem:          992M       917M        74M        16K       920K        19M
-/+ buffers/cache:       896M        95M
Swap:         8.0G       438M       7.6G

             total       used       free     shared    buffers     cached
Mem:          992M       919M        72M        16K       920K        19M
-/+ buffers/cache:       899M        93M
Swap:         8.0G       437M       7.6G

             total       used       free     shared    buffers     cached
Mem:          992M       921M        70M        16K       920K        19M
-/+ buffers/cache:       901M        90M
Swap:         8.0G       436M       7.6G

             total       used       free     shared    buffers     cached
Mem:          992M       910M        81M        16K       928K        17M
-/+ buffers/cache:       891M       100M
Swap:         8.0G       437M       7.6G

             total       used       free     shared    buffers     cached
Mem:          992M       912M        79M        16K       928K        17M
-/+ buffers/cache:       894M        98M
Swap:         8.0G       436M       7.6G

             total       used       free     shared    buffers     cached
Mem:          992M       914M        77M        16K       928K        17M
-/+ buffers/cache:       896M        96M
Swap:         8.0G       435M       7.6G

             total       used       free     shared    buffers     cached
Mem:          992M       917M        75M        16K       928K        17M
-/+ buffers/cache:       898M        93M
Swap:         8.0G       434M       7.6G

             total       used       free     shared    buffers     cached
Mem:          992M       918M        73M        16K       928K        17M
-/+ buffers/cache:       900M        91M
Swap:         8.0G       433M       7.6G

             total       used       free     shared    buffers     cached
Mem:          992M       921M        71M        16K       928K        17M
-/+ buffers/cache:       902M        89M
Swap:         8.0G       432M       7.6G

             total       used       free     shared    buffers     cached
Mem:          992M       923M        68M        16K       936K        17M
-/+ buffers/cache:       904M        87M
Swap:         8.0G       431M       7.6G

             total       used       free     shared    buffers     cached
Mem:          992M       912M        79M        16K       216K       6.5M
-/+ buffers/cache:       906M        85M
Swap:         8.0G       431M       7.6G

             total       used       free     shared    buffers     cached
Mem:          992M       915M        76M        16K       216K       6.5M
-/+ buffers/cache:       908M        83M
Swap:         8.0G       430M       7.6G

             total       used       free     shared    buffers     cached
Mem:          992M       917M        74M        16K       500K       6.5M
-/+ buffers/cache:       910M        81M
Swap:         8.0G       429M       7.6G

             total       used       free     shared    buffers     cached
Mem:          992M       919M        72M        16K       500K       6.5M
-/+ buffers/cache:       912M        79M
Swap:         8.0G       428M       7.6G

             total       used       free     shared    buffers     cached
Mem:          992M       921M        70M        16K       508K       6.5M
-/+ buffers/cache:       914M        77M
Swap:         8.0G       427M       7.6G

             total       used       free     shared    buffers     cached
Mem:          992M       910M        81M        16K       484K       2.7M
-/+ buffers/cache:       907M        84M
Swap:         8.0G       437M       7.6G

             total       used       free     shared    buffers     cached
Mem:          992M       912M        79M        16K       488K       2.7M
-/+ buffers/cache:       909M        82M
Swap:         8.0G       436M       7.6G

             total       used       free     shared    buffers     cached
Mem:          992M       915M        77M        16K       488K       2.7M
-/+ buffers/cache:       911M        80M
Swap:         8.0G       434M       7.6G

             total       used       free     shared    buffers     cached
Mem:          992M       917M        74M        16K       488K       2.7M
-/+ buffers/cache:       914M        77M
Swap:         8.0G       433M       7.6G

             total       used       free     shared    buffers     cached
Mem:          992M       919M        72M        16K       496K       2.7M
-/+ buffers/cache:       916M        75M
Swap:         8.0G       432M       7.6G

             total       used       free     shared    buffers     cached
Mem:          992M       921M        70M        16K       496K       2.7M
-/+ buffers/cache:       918M        73M
Swap:         8.0G       431M       7.6G

             total       used       free     shared    buffers     cached
Mem:          992M       911M        81M        16K       472K       1.8M
-/+ buffers/cache:       908M        83M
Swap:         8.0G       439M       7.6G

             total       used       free     shared    buffers     cached
Mem:          992M       913M        78M        16K       472K       1.7M
-/+ buffers/cache:       911M        81M
Swap:         8.0G       438M       7.6G

             total       used       free     shared    buffers     cached
Mem:          992M       915M        77M        16K       476K       1.7M
-/+ buffers/cache:       912M        79M
Swap:         8.0G       437M       7.6G

             total       used       free     shared    buffers     cached
Mem:          992M       917M        75M        16K       476K       1.7M
-/+ buffers/cache:       914M        77M
Swap:         8.0G       437M       7.6G

             total       used       free     shared    buffers     cached
Mem:          992M       918M        73M        16K       484K       1.7M
-/+ buffers/cache:       916M        75M
Swap:         8.0G       436M       7.6G

             total       used       free     shared    buffers     cached
Mem:          992M       920M        71M        16K       484K       1.7M
-/+ buffers/cache:       918M        73M
Swap:         8.0G       435M       7.6G

             total       used       free     shared    buffers     cached
Mem:          992M       922M        69M        16K       484K       1.7M
-/+ buffers/cache:       920M        71M
Swap:         8.0G       434M       7.6G

             total       used       free     shared    buffers     cached
Mem:          992M       907M        84M        16K       480K       1.6M
-/+ buffers/cache:       905M        86M
Swap:         8.0G       450M       7.6G

             total       used       free     shared    buffers     cached
Mem:          992M       909M        82M        16K       480K       1.5M
-/+ buffers/cache:       907M        84M
Swap:         8.0G       450M       7.6G

             total       used       free     shared    buffers     cached
Mem:          992M       911M        80M        16K       488K       1.6M
-/+ buffers/cache:       909M        83M
Swap:         8.0G       449M       7.6G

             total       used       free     shared    buffers     cached
Mem:          992M       912M        79M        16K       488K       1.5M
-/+ buffers/cache:       910M        81M
Swap:         8.0G       448M       7.6G

             total       used       free     shared    buffers     cached
Mem:          992M       914M        77M        16K       488K       1.5M
-/+ buffers/cache:       912M        79M
Swap:         8.0G       447M       7.6G

             total       used       free     shared    buffers     cached
Mem:          992M       915M        76M        16K       488K       1.5M
-/+ buffers/cache:       913M        78M
Swap:         8.0G       446M       7.6G

             total       used       free     shared    buffers     cached
Mem:          992M       917M        75M        16K       488K       1.5M
-/+ buffers/cache:       914M        77M
Swap:         8.0G       446M       7.6G

             total       used       free     shared    buffers     cached
Mem:          992M       918M        73M        16K       496K       1.5M
-/+ buffers/cache:       916M        75M
Swap:         8.0G       445M       7.6G

             total       used       free     shared    buffers     cached
Mem:          992M       917M        74M        16K        80K        19M
-/+ buffers/cache:       898M        93M
Swap:         8.0G       469M       7.5G

             total       used       free     shared    buffers     cached
Mem:          992M       906M        85M        16K       220K        19M
-/+ buffers/cache:       886M       105M
Swap:         8.0G       473M       7.5G

             total       used       free     shared    buffers     cached
Mem:          992M       910M        82M        16K       956K        20M
-/+ buffers/cache:       888M       103M
Swap:         8.0G       472M       7.5G

             total       used       free     shared    buffers     cached
Mem:          992M       903M        88M        16K       1.1M        28M
-/+ buffers/cache:       874M       117M
Swap:         8.0G       491M       7.5G

             total       used       free     shared    buffers     cached
Mem:          992M       905M        86M        28K       1.1M        28M
-/+ buffers/cache:       875M       116M
Swap:         8.0G       490M       7.5G

             total       used       free     shared    buffers     cached
Mem:          992M       905M        86M        28K       1.1M        28M
-/+ buffers/cache:       875M       116M
Swap:         8.0G       490M       7.5G

             total       used       free     shared    buffers     cached
Mem:          992M       908M        83M        28K       1.1M        30M
-/+ buffers/cache:       877M       115M
Swap:         8.0G       490M       7.5G

             total       used       free     shared    buffers     cached
Mem:          992M       909M        82M        28K       1.1M        30M
-/+ buffers/cache:       878M       113M
Swap:         8.0G       489M       7.5G

             total       used       free     shared    buffers     cached
Mem:          992M       910M        81M        28K       1.1M        30M
-/+ buffers/cache:       879M       112M
Swap:         8.0G       489M       7.5G

             total       used       free     shared    buffers     cached
Mem:          992M       911M        80M        28K       1.1M        30M
-/+ buffers/cache:       880M       111M
Swap:         8.0G       488M       7.5G

             total       used       free     shared    buffers     cached
Mem:          992M       913M        78M        28K       1.1M        30M
-/+ buffers/cache:       881M       110M
Swap:         8.0G       488M       7.5G

             total       used       free     shared    buffers     cached
Mem:          992M       916M        76M        28K       1.1M        31M
-/+ buffers/cache:       883M       108M
Swap:         8.0G       487M       7.5G

             total       used       free     shared    buffers     cached
Mem:          992M       917M        74M        28K       1.1M        31M
-/+ buffers/cache:       884M       107M
Swap:         8.0G       486M       7.5G

             total       used       free     shared    buffers     cached
Mem:          992M       918M        73M        28K       1.1M        31M
-/+ buffers/cache:       885M       106M
Swap:         8.0G       486M       7.5G

             total       used       free     shared    buffers     cached
Mem:          992M       919M        72M        28K       1.1M        31M
-/+ buffers/cache:       886M       105M
Swap:         8.0G       485M       7.5G

             total       used       free     shared    buffers     cached
Mem:          992M       920M        71M        28K       1.1M        31M
-/+ buffers/cache:       887M       104M
Swap:         8.0G       485M       7.5G

             total       used       free     shared    buffers     cached
Mem:          992M       921M        70M        28K       1.1M        31M
-/+ buffers/cache:       889M       102M
Swap:         8.0G       484M       7.5G

             total       used       free     shared    buffers     cached
Mem:          992M       922M        69M        28K       1.1M        31M
-/+ buffers/cache:       890M       101M
Swap:         8.0G       484M       7.5G

             total       used       free     shared    buffers     cached
Mem:          992M       908M        84M        28K       1.1M        30M
-/+ buffers/cache:       876M       115M
Swap:         8.0G       492M       7.5G

             total       used       free     shared    buffers     cached
Mem:          992M       909M        82M        28K       1.1M        30M
-/+ buffers/cache:       877M       114M
Swap:         8.0G       492M       7.5G

             total       used       free     shared    buffers     cached
Mem:          992M       910M        81M        28K       1.1M        30M
-/+ buffers/cache:       878M       113M
Swap:         8.0G       491M       7.5G

             total       used       free     shared    buffers     cached
Mem:          992M       911M        80M        28K       1.1M        30M
-/+ buffers/cache:       879M       112M
Swap:         8.0G       491M       7.5G

             total       used       free     shared    buffers     cached
Mem:          992M       912M        79M        28K       1.1M        30M
-/+ buffers/cache:       880M       111M
Swap:         8.0G       490M       7.5G

             total       used       free     shared    buffers     cached
Mem:          992M       913M        78M        28K       1.1M        30M
-/+ buffers/cache:       881M       110M
Swap:         8.0G       490M       7.5G

             total       used       free     shared    buffers     cached
Mem:          992M       914M        77M        28K       1.1M        30M
-/+ buffers/cache:       882M       109M
Swap:         8.0G       489M       7.5G

             total       used       free     shared    buffers     cached
Mem:          992M       915M        76M        28K       1.1M        30M
-/+ buffers/cache:       884M       108M
Swap:         8.0G       488M       7.5G

             total       used       free     shared    buffers     cached
Mem:          992M       917M        75M        28K       1.1M        30M
-/+ buffers/cache:       885M       106M
Swap:         8.0G       488M       7.5G

             total       used       free     shared    buffers     cached
Mem:          992M       918M        73M        28K       1.1M        30M
-/+ buffers/cache:       886M       105M
Swap:         8.0G       487M       7.5G

             total       used       free     shared    buffers     cached
Mem:          992M       919M        72M        28K       1.1M        30M
-/+ buffers/cache:       887M       104M
Swap:         8.0G       487M       7.5G

             total       used       free     shared    buffers     cached
Mem:          992M       920M        71M        28K       1.1M        30M
-/+ buffers/cache:       888M       103M
Swap:         8.0G       486M       7.5G

             total       used       free     shared    buffers     cached
Mem:          992M       921M        70M        28K       1.1M        30M
-/+ buffers/cache:       889M       102M
Swap:         8.0G       486M       7.5G

             total       used       free     shared    buffers     cached
Mem:          992M       922M        69M        28K       1.1M        30M
-/+ buffers/cache:       890M       101M
Swap:         8.0G       485M       7.5G

             total       used       free     shared    buffers     cached
Mem:          992M       907M        84M        28K       1.1M        29M
-/+ buffers/cache:       877M       115M
Swap:         8.0G       505M       7.5G

             total       used       free     shared    buffers     cached
Mem:          992M       908M        83M        16K       1.1M        29M
-/+ buffers/cache:       878M       113M
Swap:         8.0G       505M       7.5G

             total       used       free     shared    buffers     cached
Mem:          992M       910M        82M        16K       1.1M        29M
-/+ buffers/cache:       879M       112M
Swap:         8.0G       504M       7.5G

             total       used       free     shared    buffers     cached
Mem:          992M       911M        80M        16K       1.1M        29M
-/+ buffers/cache:       880M       111M
Swap:         8.0G       504M       7.5G

             total       used       free     shared    buffers     cached
Mem:          992M       912M        79M        16K       1.1M        29M
-/+ buffers/cache:       881M       110M
Swap:         8.0G       503M       7.5G

             total       used       free     shared    buffers     cached
Mem:          992M       913M        78M        16K       1.1M        29M
-/+ buffers/cache:       882M       109M
Swap:         8.0G       503M       7.5G

             total       used       free     shared    buffers     cached
Mem:          992M       914M        77M        16K       1.1M        29M
-/+ buffers/cache:       884M       108M
Swap:         8.0G       502M       7.5G

             total       used       free     shared    buffers     cached
Mem:          992M       915M        76M        16K       1.1M        29M
-/+ buffers/cache:       885M       107M
Swap:         8.0G       501M       7.5G

             total       used       free     shared    buffers     cached
Mem:          992M       916M        75M        16K       1.1M        29M
-/+ buffers/cache:       886M       105M
Swap:         8.0G       501M       7.5G

             total       used       free     shared    buffers     cached
Mem:          992M       918M        74M        16K       1.1M        29M
-/+ buffers/cache:       887M       104M
Swap:         8.0G       500M       7.5G

             total       used       free     shared    buffers     cached
Mem:          992M       919M        72M        16K       1.1M        29M
-/+ buffers/cache:       888M       103M
Swap:         8.0G       500M       7.5G

             total       used       free     shared    buffers     cached
Mem:          992M       920M        71M        16K       1.1M        29M
-/+ buffers/cache:       889M       102M
Swap:         8.0G       499M       7.5G

             total       used       free     shared    buffers     cached
Mem:          992M       921M        70M        16K       1.1M        29M
-/+ buffers/cache:       891M       101M
Swap:         8.0G       499M       7.5G

             total       used       free     shared    buffers     cached
Mem:          992M       922M        69M        16K       1.1M        29M
-/+ buffers/cache:       892M        99M
Swap:         8.0G       498M       7.5G

             total       used       free     shared    buffers     cached
Mem:          992M       911M        80M        16K       1.1M        28M
-/+ buffers/cache:       881M       110M
Swap:         8.0G       506M       7.5G

             total       used       free     shared    buffers     cached
Mem:          992M       912M        79M        16K       1.1M        28M
-/+ buffers/cache:       882M       109M
Swap:         8.0G       506M       7.5G

             total       used       free     shared    buffers     cached
Mem:          992M       913M        78M        16K       1.1M        28M
-/+ buffers/cache:       883M       108M
Swap:         8.0G       505M       7.5G

             total       used       free     shared    buffers     cached
Mem:          992M       914M        77M        16K       1.1M        28M
-/+ buffers/cache:       885M       107M
Swap:         8.0G       505M       7.5G

             total       used       free     shared    buffers     cached
Mem:          992M       915M        76M        16K       1.1M        28M
-/+ buffers/cache:       886M       105M
Swap:         8.0G       504M       7.5G

             total       used       free     shared    buffers     cached
Mem:          992M       917M        74M        16K       1.1M        28M
-/+ buffers/cache:       887M       104M
Swap:         8.0G       503M       7.5G

             total       used       free     shared    buffers     cached
Mem:          992M       918M        73M        16K       1.1M        28M
-/+ buffers/cache:       888M       103M
Swap:         8.0G       503M       7.5G

             total       used       free     shared    buffers     cached
Mem:          992M       919M        72M        16K       1.1M        28M
-/+ buffers/cache:       889M       102M
Swap:         8.0G       502M       7.5G

             total       used       free     shared    buffers     cached
Mem:          992M       920M        71M        16K       1.1M        28M
-/+ buffers/cache:       891M       101M
Swap:         8.0G       502M       7.5G

             total       used       free     shared    buffers     cached
Mem:          992M       921M        70M        16K       1.1M        28M
-/+ buffers/cache:       892M        99M
Swap:         8.0G       501M       7.5G

             total       used       free     shared    buffers     cached
Mem:          992M       923M        68M        16K       1.1M        28M
-/+ buffers/cache:       893M        98M
Swap:         8.0G       500M       7.5G

             total       used       free     shared    buffers     cached
Mem:          992M       910M        81M        16K       1.1M        27M
-/+ buffers/cache:       882M       110M
Swap:         8.0G       505M       7.5G

             total       used       free     shared    buffers     cached
Mem:          992M       911M        80M        16K       1.1M        27M
-/+ buffers/cache:       883M       109M
Swap:         8.0G       505M       7.5G

             total       used       free     shared    buffers     cached
Mem:          992M       912M        79M        16K       1.1M        27M
-/+ buffers/cache:       884M       107M
Swap:         8.0G       504M       7.5G

             total       used       free     shared    buffers     cached
Mem:          992M       916M        75M        16K       1.1M        30M
-/+ buffers/cache:       885M       106M
Swap:         8.0G       504M       7.5G

             total       used       free     shared    buffers     cached
Mem:          992M       917M        74M        16K       1.1M        29M
-/+ buffers/cache:       886M       105M
Swap:         8.0G       503M       7.5G

             total       used       free     shared    buffers     cached
Mem:          992M       919M        73M        16K       1.1M        29M
-/+ buffers/cache:       887M       104M
Swap:         8.0G       502M       7.5G

             total       used       free     shared    buffers     cached
Mem:          992M       920M        71M        16K       1.1M        29M
-/+ buffers/cache:       889M       103M
Swap:         8.0G       502M       7.5G

             total       used       free     shared    buffers     cached
Mem:          992M       921M        70M        16K       1.1M        30M
-/+ buffers/cache:       890M       101M
Swap:         8.0G       501M       7.5G

             total       used       free     shared    buffers     cached
Mem:          992M       922M        69M        16K       1.2M        29M
-/+ buffers/cache:       891M       100M
Swap:         8.0G       501M       7.5G

             total       used       free     shared    buffers     cached
Mem:          992M       907M        85M        16K       1.2M        27M
-/+ buffers/cache:       878M       113M
Swap:         8.0G       512M       7.5G

             total       used       free     shared    buffers     cached
Mem:          992M       908M        84M        16K       1.2M        27M
-/+ buffers/cache:       879M       112M
Swap:         8.0G       512M       7.5G

             total       used       free     shared    buffers     cached
Mem:          992M       910M        81M        16K       1.3M        28M
-/+ buffers/cache:       880M       111M
Swap:         8.0G       511M       7.5G

             total       used       free     shared    buffers     cached
Mem:          992M       911M        80M        20K       1.3M        28M
-/+ buffers/cache:       882M       109M
Swap:         8.0G       511M       7.5G

             total       used       free     shared    buffers     cached
Mem:          992M       913M        78M        20K       1.3M        28M
-/+ buffers/cache:       883M       108M
Swap:         8.0G       510M       7.5G

             total       used       free     shared    buffers     cached
Mem:          992M       920M        71M        20K       1.3M        30M
-/+ buffers/cache:       889M       102M
Swap:         8.0G       507M       7.5G

             total       used       free     shared    buffers     cached
Mem:          992M       922M        70M        20K       1.3M        30M
-/+ buffers/cache:       890M       101M
Swap:         8.0G       506M       7.5G

             total       used       free     shared    buffers     cached
Mem:          992M       912M        79M        20K       416K        28M
-/+ buffers/cache:       883M       109M
Swap:         8.0G       509M       7.5G

             total       used       free     shared    buffers     cached
Mem:          992M       913M        78M        20K       416K        28M
-/+ buffers/cache:       884M       108M
Swap:         8.0G       509M       7.5G

             total       used       free     shared    buffers     cached
Mem:          992M       913M        78M        20K       416K        28M
-/+ buffers/cache:       884M       107M
Swap:         8.0G       509M       7.5G

             total       used       free     shared    buffers     cached
Mem:          992M       914M        77M        20K       424K        28M
-/+ buffers/cache:       885M       106M
Swap:         8.0G       508M       7.5G

             total       used       free     shared    buffers     cached
Mem:          992M       915M        76M        20K       424K        28M
-/+ buffers/cache:       886M       106M
Swap:         8.0G       508M       7.5G

             total       used       free     shared    buffers     cached
Mem:          992M       915M        76M        20K       424K        28M
-/+ buffers/cache:       886M       105M
Swap:         8.0G       508M       7.5G

             total       used       free     shared    buffers     cached
Mem:          992M       916M        75M        20K       424K        28M
-/+ buffers/cache:       887M       104M
Swap:         8.0G       507M       7.5G

             total       used       free     shared    buffers     cached
Mem:          992M       917M        75M        20K       424K        28M
-/+ buffers/cache:       887M       104M
Swap:         8.0G       507M       7.5G

             total       used       free     shared    buffers     cached
Mem:          992M       917M        74M        20K       424K        28M
-/+ buffers/cache:       888M       103M
Swap:         8.0G       507M       7.5G

             total       used       free     shared    buffers     cached
Mem:          992M       918M        73M        20K       432K        28M
-/+ buffers/cache:       889M       103M
Swap:         8.0G       506M       7.5G

             total       used       free     shared    buffers     cached
Mem:          992M       896M        95M       176K       224K        28M
-/+ buffers/cache:       867M       124M
Swap:         8.0G       536M       7.5G

             total       used       free     shared    buffers     cached
Mem:          992M       896M        95M       3.8M       3.1M        48M
-/+ buffers/cache:       845M       147M
Swap:         8.0G       575M       7.4G

             total       used       free     shared    buffers     cached
Mem:          992M       915M        76M       200K       5.0M        65M
-/+ buffers/cache:       844M       147M
Swap:         8.0G       571M       7.4G

             total       used       free     shared    buffers     cached
Mem:          992M       916M        76M       212K       5.1M        62M
-/+ buffers/cache:       848M       143M
Swap:         8.0G       568M       7.4G

             total       used       free     shared    buffers     cached
Mem:          992M       906M        85M       212K       4.0M        60M
-/+ buffers/cache:       842M       149M
Swap:         8.0G       574M       7.4G

             total       used       free     shared    buffers     cached
Mem:          992M       907M        84M       212K       4.0M        60M
-/+ buffers/cache:       843M       148M
Swap:         8.0G       574M       7.4G

             total       used       free     shared    buffers     cached
Mem:          992M       908M        83M       212K       4.0M        60M
-/+ buffers/cache:       844M       147M
Swap:         8.0G       573M       7.4G

             total       used       free     shared    buffers     cached
Mem:          992M       910M        81M       212K       4.0M        60M
-/+ buffers/cache:       846M       145M
Swap:         8.0G       572M       7.4G

             total       used       free     shared    buffers     cached
Mem:          992M       912M        79M       212K       4.1M        61M
-/+ buffers/cache:       847M       144M
Swap:         8.0G       572M       7.4G

             total       used       free     shared    buffers     cached
Mem:          992M       914M        78M       212K       4.1M        61M
-/+ buffers/cache:       849M       143M
Swap:         8.0G       571M       7.4G

             total       used       free     shared    buffers     cached
Mem:          992M       915M        76M       212K       4.1M        61M
-/+ buffers/cache:       850M       141M
Swap:         8.0G       570M       7.4G

             total       used       free     shared    buffers     cached
Mem:          992M       916M        75M       212K       4.1M        61M
-/+ buffers/cache:       851M       140M
Swap:         8.0G       569M       7.4G

             total       used       free     shared    buffers     cached
Mem:          992M       918M        74M       212K       4.1M        61M
-/+ buffers/cache:       852M       139M
Swap:         8.0G       569M       7.4G

             total       used       free     shared    buffers     cached
Mem:          992M       919M        72M       212K       4.1M        61M
-/+ buffers/cache:       854M       137M
Swap:         8.0G       568M       7.4G

             total       used       free     shared    buffers     cached
Mem:          992M       920M        71M       212K       4.1M        61M
-/+ buffers/cache:       855M       136M
Swap:         8.0G       567M       7.4G

             total       used       free     shared    buffers     cached
Mem:          992M       921M        70M       212K       4.1M        61M
-/+ buffers/cache:       856M       135M
Swap:         8.0G       567M       7.4G

             total       used       free     shared    buffers     cached
Mem:          992M       923M        68M       212K       4.1M        61M
-/+ buffers/cache:       858M       134M
Swap:         8.0G       566M       7.4G

             total       used       free     shared    buffers     cached
Mem:          992M       912M        79M       212K       4.1M        60M
-/+ buffers/cache:       848M       143M
Swap:         8.0G       580M       7.4G

             total       used       free     shared    buffers     cached
Mem:          992M       913M        78M       212K       4.1M        60M
-/+ buffers/cache:       849M       142M
Swap:         8.0G       579M       7.4G

             total       used       free     shared    buffers     cached
Mem:          992M       914M        77M       212K       4.1M        60M
-/+ buffers/cache:       850M       141M
Swap:         8.0G       579M       7.4G

             total       used       free     shared    buffers     cached
Mem:          992M       916M        75M       212K       4.1M        60M
-/+ buffers/cache:       852M       140M
Swap:         8.0G       578M       7.4G

             total       used       free     shared    buffers     cached
Mem:          992M       917M        74M       212K       4.1M        60M
-/+ buffers/cache:       853M       138M
Swap:         8.0G       577M       7.4G

             total       used       free     shared    buffers     cached
Mem:          992M       919M        72M       212K       4.1M        60M
-/+ buffers/cache:       854M       137M
Swap:         8.0G       577M       7.4G

             total       used       free     shared    buffers     cached
Mem:          992M       920M        71M       212K       4.1M        60M
-/+ buffers/cache:       856M       135M
Swap:         8.0G       576M       7.4G

             total       used       free     shared    buffers     cached
Mem:          992M       922M        70M       212K       4.2M        60M
-/+ buffers/cache:       857M       134M
Swap:         8.0G       575M       7.4G

             total       used       free     shared    buffers     cached
Mem:          992M       914M        77M       212K       4.2M        60M
-/+ buffers/cache:       850M       141M
Swap:         8.0G       583M       7.4G

             total       used       free     shared    buffers     cached
Mem:          992M       906M        85M       212K       4.2M        59M
-/+ buffers/cache:       842M       150M
Swap:         8.0G       585M       7.4G

             total       used       free     shared    buffers     cached
Mem:          992M       907M        84M       212K       4.2M        59M
-/+ buffers/cache:       843M       148M
Swap:         8.0G       584M       7.4G

             total       used       free     shared    buffers     cached
Mem:          992M       908M        83M       212K       4.2M        59M
-/+ buffers/cache:       844M       147M
Swap:         8.0G       584M       7.4G

             total       used       free     shared    buffers     cached
Mem:          992M       910M        81M       212K       4.2M        59M
-/+ buffers/cache:       846M       146M
Swap:         8.0G       583M       7.4G

             total       used       free     shared    buffers     cached
Mem:          992M       911M        80M       212K       4.2M        59M
-/+ buffers/cache:       847M       144M
Swap:         8.0G       582M       7.4G

             total       used       free     shared    buffers     cached
Mem:          992M       913M        79M       212K       4.2M        59M
-/+ buffers/cache:       848M       143M
Swap:         8.0G       581M       7.4G

             total       used       free     shared    buffers     cached
Mem:          992M       914M        78M       212K       4.2M        59M
-/+ buffers/cache:       850M       142M
Swap:         8.0G       581M       7.4G

             total       used       free     shared    buffers     cached
Mem:          992M       915M        76M       212K       4.2M        59M
-/+ buffers/cache:       851M       140M
Swap:         8.0G       580M       7.4G

             total       used       free     shared    buffers     cached
Mem:          992M       917M        75M       212K       4.2M        59M
-/+ buffers/cache:       853M       139M
Swap:         8.0G       579M       7.4G

             total       used       free     shared    buffers     cached
Mem:          992M       918M        73M       212K       4.2M        59M
-/+ buffers/cache:       854M       138M
Swap:         8.0G       579M       7.4G

             total       used       free     shared    buffers     cached
Mem:          992M       919M        72M       212K       4.2M        59M
-/+ buffers/cache:       855M       136M
Swap:         8.0G       578M       7.4G

             total       used       free     shared    buffers     cached
Mem:          992M       921M        70M       212K       4.2M        60M
-/+ buffers/cache:       856M       135M
Swap:         8.0G       577M       7.4G

             total       used       free     shared    buffers     cached
Mem:          992M       923M        69M       212K       4.2M        60M
-/+ buffers/cache:       858M       133M
Swap:         8.0G       576M       7.4G

             total       used       free     shared    buffers     cached
Mem:          992M       910M        81M       212K       4.2M        60M
-/+ buffers/cache:       846M       145M
Swap:         8.0G       584M       7.4G

             total       used       free     shared    buffers     cached
Mem:          992M       912M        80M       212K       4.2M        60M
-/+ buffers/cache:       847M       144M
Swap:         8.0G       583M       7.4G

             total       used       free     shared    buffers     cached
Mem:          992M       919M        72M       212K       5.2M        64M
-/+ buffers/cache:       850M       141M
Swap:         8.0G       582M       7.4G

             total       used       free     shared    buffers     cached
Mem:          992M       917M        75M       224K       8.9M        73M
-/+ buffers/cache:       834M       157M
Swap:         8.0G       610M       7.4G
