             total       used       free     shared    buffers     cached
Mem:          3.9G       661M       3.2G       3.2M        38M       289M
-/+ buffers/cache:       334M       3.5G
Swap:         8.0G         0B       8.0G

             total       used       free     shared    buffers     cached
Mem:          3.9G       661M       3.2G       1.4M        38M       288M
-/+ buffers/cache:       334M       3.5G
Swap:         8.0G         0B       8.0G

             total       used       free     shared    buffers     cached
Mem:          3.9G       661M       3.2G       1.5M        38M       287M
-/+ buffers/cache:       334M       3.5G
Swap:         8.0G         0B       8.0G

             total       used       free     shared    buffers     cached
Mem:          3.9G       661M       3.2G       1.5M        38M       287M
-/+ buffers/cache:       334M       3.5G
Swap:         8.0G         0B       8.0G

             total       used       free     shared    buffers     cached
Mem:          3.9G       661M       3.2G       1.5M        38M       287M
-/+ buffers/cache:       334M       3.5G
Swap:         8.0G         0B       8.0G

             total       used       free     shared    buffers     cached
Mem:          3.9G       661M       3.2G       1.5M        38M       287M
-/+ buffers/cache:       334M       3.5G
Swap:         8.0G         0B       8.0G

             total       used       free     shared    buffers     cached
Mem:          3.9G       660M       3.2G       1.5M        38M       287M
-/+ buffers/cache:       334M       3.5G
Swap:         8.0G         0B       8.0G

             total       used       free     shared    buffers     cached
Mem:          3.9G       660M       3.2G       1.5M        38M       288M
-/+ buffers/cache:       333M       3.5G
Swap:         8.0G         0B       8.0G

             total       used       free     shared    buffers     cached
Mem:          3.9G       660M       3.2G       1.5M        38M       288M
-/+ buffers/cache:       333M       3.5G
Swap:         8.0G         0B       8.0G

             total       used       free     shared    buffers     cached
Mem:          3.9G       664M       3.2G       1.5M        38M       288M
-/+ buffers/cache:       337M       3.5G
Swap:         8.0G         0B       8.0G

             total       used       free     shared    buffers     cached
Mem:          3.9G       680M       3.2G       1.5M        38M       288M
-/+ buffers/cache:       353M       3.5G
Swap:         8.0G         0B       8.0G

             total       used       free     shared    buffers     cached
Mem:          3.9G       691M       3.2G       1.5M        38M       288M
-/+ buffers/cache:       364M       3.5G
Swap:         8.0G         0B       8.0G

             total       used       free     shared    buffers     cached
Mem:          3.9G       669M       3.2G       1.5M        38M       289M
-/+ buffers/cache:       341M       3.5G
Swap:         8.0G         0B       8.0G

             total       used       free     shared    buffers     cached
Mem:          3.9G       670M       3.2G       1.5M        38M       289M
-/+ buffers/cache:       342M       3.5G
Swap:         8.0G         0B       8.0G

             total       used       free     shared    buffers     cached
Mem:          3.9G       670M       3.2G       1.5M        38M       289M
-/+ buffers/cache:       342M       3.5G
Swap:         8.0G         0B       8.0G

             total       used       free     shared    buffers     cached
Mem:          3.9G       670M       3.2G       1.5M        38M       289M
-/+ buffers/cache:       342M       3.5G
Swap:         8.0G         0B       8.0G

             total       used       free     shared    buffers     cached
Mem:          3.9G       670M       3.2G       1.5M        38M       289M
-/+ buffers/cache:       342M       3.5G
Swap:         8.0G         0B       8.0G

             total       used       free     shared    buffers     cached
Mem:          3.9G       670M       3.2G       1.5M        38M       289M
-/+ buffers/cache:       342M       3.5G
Swap:         8.0G         0B       8.0G

             total       used       free     shared    buffers     cached
Mem:          3.9G       670M       3.2G       1.5M        38M       289M
-/+ buffers/cache:       342M       3.5G
Swap:         8.0G         0B       8.0G

             total       used       free     shared    buffers     cached
Mem:          3.9G       670M       3.2G       1.5M        38M       289M
-/+ buffers/cache:       342M       3.5G
Swap:         8.0G         0B       8.0G

             total       used       free     shared    buffers     cached
Mem:          3.9G       670M       3.2G       1.5M        38M       289M
-/+ buffers/cache:       342M       3.5G
Swap:         8.0G         0B       8.0G

             total       used       free     shared    buffers     cached
Mem:          3.9G       670M       3.2G       1.5M        38M       289M
-/+ buffers/cache:       342M       3.5G
Swap:         8.0G         0B       8.0G

             total       used       free     shared    buffers     cached
Mem:          3.9G       670M       3.2G       1.5M        38M       289M
-/+ buffers/cache:       342M       3.5G
Swap:         8.0G         0B       8.0G

             total       used       free     shared    buffers     cached
Mem:          3.9G       670M       3.2G       1.5M        38M       289M
-/+ buffers/cache:       342M       3.5G
Swap:         8.0G         0B       8.0G

             total       used       free     shared    buffers     cached
Mem:          3.9G       670M       3.2G       1.5M        38M       289M
-/+ buffers/cache:       342M       3.5G
Swap:         8.0G         0B       8.0G

             total       used       free     shared    buffers     cached
Mem:          3.9G       670M       3.2G       1.5M        38M       289M
-/+ buffers/cache:       342M       3.5G
Swap:         8.0G         0B       8.0G

             total       used       free     shared    buffers     cached
Mem:          3.9G       670M       3.2G       1.5M        38M       289M
-/+ buffers/cache:       342M       3.5G
Swap:         8.0G         0B       8.0G

             total       used       free     shared    buffers     cached
Mem:          3.9G       670M       3.2G       1.5M        38M       289M
-/+ buffers/cache:       342M       3.5G
Swap:         8.0G         0B       8.0G

             total       used       free     shared    buffers     cached
Mem:          3.9G       670M       3.2G       1.5M        38M       289M
-/+ buffers/cache:       342M       3.5G
Swap:         8.0G         0B       8.0G

             total       used       free     shared    buffers     cached
Mem:          3.9G       670M       3.2G       1.5M        38M       289M
-/+ buffers/cache:       342M       3.5G
Swap:         8.0G         0B       8.0G

             total       used       free     shared    buffers     cached
Mem:          3.9G       670M       3.2G       1.5M        38M       289M
-/+ buffers/cache:       342M       3.5G
Swap:         8.0G         0B       8.0G

             total       used       free     shared    buffers     cached
Mem:          3.9G       670M       3.2G       1.5M        38M       289M
-/+ buffers/cache:       342M       3.5G
Swap:         8.0G         0B       8.0G

             total       used       free     shared    buffers     cached
Mem:          3.9G       670M       3.2G       1.5M        38M       289M
-/+ buffers/cache:       342M       3.5G
Swap:         8.0G         0B       8.0G

             total       used       free     shared    buffers     cached
Mem:          3.9G       675M       3.2G       1.5M        38M       289M
-/+ buffers/cache:       347M       3.5G
Swap:         8.0G         0B       8.0G

             total       used       free     shared    buffers     cached
Mem:          3.9G       694M       3.2G       1.5M        38M       289M
-/+ buffers/cache:       365M       3.5G
Swap:         8.0G         0B       8.0G

             total       used       free     shared    buffers     cached
Mem:          3.9G       710M       3.2G       1.5M        38M       289M
-/+ buffers/cache:       381M       3.5G
Swap:         8.0G         0B       8.0G

             total       used       free     shared    buffers     cached
Mem:          3.9G       725M       3.2G       1.5M        38M       289M
-/+ buffers/cache:       396M       3.5G
Swap:         8.0G         0B       8.0G

             total       used       free     shared    buffers     cached
Mem:          3.9G       740M       3.1G       1.5M        38M       289M
-/+ buffers/cache:       411M       3.5G
Swap:         8.0G         0B       8.0G

             total       used       free     shared    buffers     cached
Mem:          3.9G       755M       3.1G       1.5M        38M       289M
-/+ buffers/cache:       427M       3.4G
Swap:         8.0G         0B       8.0G

             total       used       free     shared    buffers     cached
Mem:          3.9G       770M       3.1G       1.5M        38M       289M
-/+ buffers/cache:       441M       3.4G
Swap:         8.0G         0B       8.0G

             total       used       free     shared    buffers     cached
Mem:          3.9G       785M       3.1G       1.5M        38M       289M
-/+ buffers/cache:       456M       3.4G
Swap:         8.0G         0B       8.0G

             total       used       free     shared    buffers     cached
Mem:          3.9G       805M       3.1G       1.5M        38M       289M
-/+ buffers/cache:       477M       3.4G
Swap:         8.0G         0B       8.0G

             total       used       free     shared    buffers     cached
Mem:          3.9G       823M       3.1G       1.5M        38M       289M
-/+ buffers/cache:       494M       3.4G
Swap:         8.0G         0B       8.0G

             total       used       free     shared    buffers     cached
Mem:          3.9G       843M       3.0G       1.5M        38M       289M
-/+ buffers/cache:       514M       3.4G
Swap:         8.0G         0B       8.0G

             total       used       free     shared    buffers     cached
Mem:          3.9G       861M       3.0G       1.5M        38M       289M
-/+ buffers/cache:       532M       3.3G
Swap:         8.0G         0B       8.0G

             total       used       free     shared    buffers     cached
Mem:          3.9G       879M       3.0G       1.5M        38M       289M
-/+ buffers/cache:       550M       3.3G
Swap:         8.0G         0B       8.0G

             total       used       free     shared    buffers     cached
Mem:          3.9G       895M       3.0G       1.5M        38M       289M
-/+ buffers/cache:       567M       3.3G
Swap:         8.0G         0B       8.0G

             total       used       free     shared    buffers     cached
Mem:          3.9G       912M       3.0G       1.5M        38M       289M
-/+ buffers/cache:       583M       3.3G
Swap:         8.0G         0B       8.0G

             total       used       free     shared    buffers     cached
Mem:          3.9G       930M       3.0G       1.5M        38M       289M
-/+ buffers/cache:       601M       3.3G
Swap:         8.0G         0B       8.0G

             total       used       free     shared    buffers     cached
Mem:          3.9G       948M       2.9G       1.5M        38M       289M
-/+ buffers/cache:       619M       3.3G
Swap:         8.0G         0B       8.0G

             total       used       free     shared    buffers     cached
Mem:          3.9G       965M       2.9G       1.5M        38M       289M
-/+ buffers/cache:       636M       3.2G
Swap:         8.0G         0B       8.0G

             total       used       free     shared    buffers     cached
Mem:          3.9G       982M       2.9G       1.5M        38M       289M
-/+ buffers/cache:       653M       3.2G
Swap:         8.0G         0B       8.0G

             total       used       free     shared    buffers     cached
Mem:          3.9G       1.0G       2.9G       1.5M        38M       289M
-/+ buffers/cache:       672M       3.2G
Swap:         8.0G         0B       8.0G

             total       used       free     shared    buffers     cached
Mem:          3.9G       1.0G       2.9G       1.5M        38M       289M
-/+ buffers/cache:       688M       3.2G
Swap:         8.0G         0B       8.0G

             total       used       free     shared    buffers     cached
Mem:          3.9G       1.0G       2.9G       1.5M        38M       289M
-/+ buffers/cache:       704M       3.2G
Swap:         8.0G         0B       8.0G

             total       used       free     shared    buffers     cached
Mem:          3.9G       1.0G       2.8G       1.5M        38M       289M
-/+ buffers/cache:       722M       3.2G
Swap:         8.0G         0B       8.0G

             total       used       free     shared    buffers     cached
Mem:          3.9G       1.0G       2.8G       1.5M        38M       289M
-/+ buffers/cache:       741M       3.1G
Swap:         8.0G         0B       8.0G

             total       used       free     shared    buffers     cached
Mem:          3.9G       1.1G       2.8G       1.5M        38M       289M
-/+ buffers/cache:       760M       3.1G
Swap:         8.0G         0B       8.0G

             total       used       free     shared    buffers     cached
Mem:          3.9G       1.1G       2.8G       1.5M        38M       289M
-/+ buffers/cache:       781M       3.1G
Swap:         8.0G         0B       8.0G

             total       used       free     shared    buffers     cached
Mem:          3.9G       1.1G       2.8G       1.5M        38M       289M
-/+ buffers/cache:       794M       3.1G
Swap:         8.0G         0B       8.0G

             total       used       free     shared    buffers     cached
Mem:          3.9G       1.1G       2.7G       1.5M        38M       289M
-/+ buffers/cache:       813M       3.1G
Swap:         8.0G         0B       8.0G

             total       used       free     shared    buffers     cached
Mem:          3.9G       1.1G       2.7G       1.5M        38M       289M
-/+ buffers/cache:       832M       3.0G
Swap:         8.0G         0B       8.0G

             total       used       free     shared    buffers     cached
Mem:          3.9G       1.2G       2.7G       1.5M        38M       289M
-/+ buffers/cache:       851M       3.0G
Swap:         8.0G         0B       8.0G

             total       used       free     shared    buffers     cached
Mem:          3.9G       1.2G       2.7G       1.5M        38M       289M
-/+ buffers/cache:       870M       3.0G
Swap:         8.0G         0B       8.0G

             total       used       free     shared    buffers     cached
Mem:          3.9G       1.2G       2.7G       1.5M        38M       289M
-/+ buffers/cache:       888M       3.0G
Swap:         8.0G         0B       8.0G

             total       used       free     shared    buffers     cached
Mem:          3.9G       1.2G       2.7G       1.5M        38M       289M
-/+ buffers/cache:       908M       3.0G
Swap:         8.0G         0B       8.0G

             total       used       free     shared    buffers     cached
Mem:          3.9G       1.2G       2.6G       1.5M        38M       289M
-/+ buffers/cache:       927M       3.0G
Swap:         8.0G         0B       8.0G

             total       used       free     shared    buffers     cached
Mem:          3.9G       1.2G       2.6G       1.5M        38M       289M
-/+ buffers/cache:       946M       2.9G
Swap:         8.0G         0B       8.0G

             total       used       free     shared    buffers     cached
Mem:          3.9G       1.3G       2.6G       1.5M        38M       289M
-/+ buffers/cache:       966M       2.9G
Swap:         8.0G         0B       8.0G

             total       used       free     shared    buffers     cached
Mem:          3.9G       1.3G       2.6G       1.5M        38M       290M
-/+ buffers/cache:       985M       2.9G
Swap:         8.0G         0B       8.0G

             total       used       free     shared    buffers     cached
Mem:          3.9G       1.3G       2.6G       1.5M        38M       290M
-/+ buffers/cache:       1.0G       2.9G
Swap:         8.0G         0B       8.0G

             total       used       free     shared    buffers     cached
Mem:          3.9G       1.3G       2.5G       1.5M        38M       290M
-/+ buffers/cache:       1.0G       2.9G
Swap:         8.0G         0B       8.0G

             total       used       free     shared    buffers     cached
Mem:          3.9G       1.3G       2.5G       1.5M        38M       290M
-/+ buffers/cache:       1.0G       2.8G
Swap:         8.0G         0B       8.0G

             total       used       free     shared    buffers     cached
Mem:          3.9G       1.4G       2.5G       1.5M        38M       290M
-/+ buffers/cache:       1.0G       2.8G
Swap:         8.0G         0B       8.0G

             total       used       free     shared    buffers     cached
Mem:          3.9G       1.4G       2.5G       1.5M        38M       290M
-/+ buffers/cache:       1.1G       2.8G
Swap:         8.0G         0B       8.0G

             total       used       free     shared    buffers     cached
Mem:          3.9G       1.4G       2.5G       1.5M        38M       290M
-/+ buffers/cache:       1.1G       2.8G
Swap:         8.0G         0B       8.0G

             total       used       free     shared    buffers     cached
Mem:          3.9G       1.4G       2.4G       1.5M        38M       290M
-/+ buffers/cache:       1.1G       2.8G
Swap:         8.0G         0B       8.0G

             total       used       free     shared    buffers     cached
Mem:          3.9G       1.4G       2.4G       1.5M        38M       290M
-/+ buffers/cache:       1.1G       2.8G
Swap:         8.0G         0B       8.0G

             total       used       free     shared    buffers     cached
Mem:          3.9G       1.4G       2.4G       1.5M        38M       290M
-/+ buffers/cache:       1.1G       2.7G
Swap:         8.0G         0B       8.0G

             total       used       free     shared    buffers     cached
Mem:          3.9G       1.5G       2.4G       1.5M        38M       290M
-/+ buffers/cache:       1.1G       2.7G
Swap:         8.0G         0B       8.0G

             total       used       free     shared    buffers     cached
Mem:          3.9G       1.5G       2.4G       1.5M        38M       290M
-/+ buffers/cache:       1.2G       2.7G
Swap:         8.0G         0B       8.0G

             total       used       free     shared    buffers     cached
Mem:          3.9G       1.5G       2.4G       1.5M        38M       290M
-/+ buffers/cache:       1.2G       2.7G
Swap:         8.0G         0B       8.0G

             total       used       free     shared    buffers     cached
Mem:          3.9G       1.5G       2.3G       1.5M        38M       290M
-/+ buffers/cache:       1.2G       2.7G
Swap:         8.0G         0B       8.0G

             total       used       free     shared    buffers     cached
Mem:          3.9G       1.5G       2.3G       1.5M        38M       290M
-/+ buffers/cache:       1.2G       2.6G
Swap:         8.0G         0B       8.0G

             total       used       free     shared    buffers     cached
Mem:          3.9G       1.5G       2.3G       1.5M        38M       290M
-/+ buffers/cache:       1.2G       2.6G
Swap:         8.0G         0B       8.0G

             total       used       free     shared    buffers     cached
Mem:          3.9G       1.6G       2.3G       1.5M        38M       290M
-/+ buffers/cache:       1.2G       2.6G
Swap:         8.0G         0B       8.0G

             total       used       free     shared    buffers     cached
Mem:          3.9G       1.6G       2.3G       1.5M        38M       290M
-/+ buffers/cache:       1.3G       2.6G
Swap:         8.0G         0B       8.0G

             total       used       free     shared    buffers     cached
Mem:          3.9G       1.6G       2.3G       1.5M        38M       290M
-/+ buffers/cache:       1.3G       2.6G
Swap:         8.0G         0B       8.0G

             total       used       free     shared    buffers     cached
Mem:          3.9G       1.6G       2.2G       1.5M        38M       290M
-/+ buffers/cache:       1.3G       2.6G
Swap:         8.0G         0B       8.0G

             total       used       free     shared    buffers     cached
Mem:          3.9G       1.6G       2.2G       1.5M        38M       290M
-/+ buffers/cache:       1.3G       2.5G
Swap:         8.0G         0B       8.0G

             total       used       free     shared    buffers     cached
Mem:          3.9G       1.7G       2.2G       1.5M        38M       290M
-/+ buffers/cache:       1.3G       2.5G
Swap:         8.0G         0B       8.0G

             total       used       free     shared    buffers     cached
Mem:          3.9G       1.7G       2.2G       1.5M        38M       290M
-/+ buffers/cache:       1.3G       2.5G
Swap:         8.0G         0B       8.0G

             total       used       free     shared    buffers     cached
Mem:          3.9G       1.7G       2.2G       1.5M        38M       290M
-/+ buffers/cache:       1.4G       2.5G
Swap:         8.0G         0B       8.0G

             total       used       free     shared    buffers     cached
Mem:          3.9G       1.7G       2.2G       1.5M        38M       290M
-/+ buffers/cache:       1.4G       2.5G
Swap:         8.0G         0B       8.0G

             total       used       free     shared    buffers     cached
Mem:          3.9G       1.7G       2.1G       1.5M        38M       290M
-/+ buffers/cache:       1.4G       2.5G
Swap:         8.0G         0B       8.0G

             total       used       free     shared    buffers     cached
Mem:          3.9G       1.7G       2.1G       1.5M        38M       290M
-/+ buffers/cache:       1.4G       2.4G
Swap:         8.0G         0B       8.0G

             total       used       free     shared    buffers     cached
Mem:          3.9G       1.8G       2.1G       1.5M        38M       290M
-/+ buffers/cache:       1.4G       2.4G
Swap:         8.0G         0B       8.0G

             total       used       free     shared    buffers     cached
Mem:          3.9G       1.8G       2.1G       1.5M        38M       290M
-/+ buffers/cache:       1.5G       2.4G
Swap:         8.0G         0B       8.0G

             total       used       free     shared    buffers     cached
Mem:          3.9G       1.8G       2.1G       1.5M        38M       290M
-/+ buffers/cache:       1.5G       2.4G
Swap:         8.0G         0B       8.0G

             total       used       free     shared    buffers     cached
Mem:          3.9G       1.8G       2.1G       1.5M        38M       290M
-/+ buffers/cache:       1.5G       2.4G
Swap:         8.0G         0B       8.0G

             total       used       free     shared    buffers     cached
Mem:          3.9G       1.8G       2.0G       1.5M        38M       290M
-/+ buffers/cache:       1.5G       2.4G
Swap:         8.0G         0B       8.0G

             total       used       free     shared    buffers     cached
Mem:          3.9G       1.8G       2.0G       1.5M        38M       290M
-/+ buffers/cache:       1.5G       2.3G
Swap:         8.0G         0B       8.0G

             total       used       free     shared    buffers     cached
Mem:          3.9G       1.9G       2.0G       1.5M        38M       290M
-/+ buffers/cache:       1.5G       2.3G
Swap:         8.0G         0B       8.0G

             total       used       free     shared    buffers     cached
Mem:          3.9G       1.9G       2.0G       1.5M        38M       290M
-/+ buffers/cache:       1.6G       2.3G
Swap:         8.0G         0B       8.0G

             total       used       free     shared    buffers     cached
Mem:          3.9G       1.9G       2.0G       1.5M        38M       290M
-/+ buffers/cache:       1.6G       2.3G
Swap:         8.0G         0B       8.0G

             total       used       free     shared    buffers     cached
Mem:          3.9G       1.9G       1.9G       1.5M        38M       290M
-/+ buffers/cache:       1.6G       2.3G
Swap:         8.0G         0B       8.0G

             total       used       free     shared    buffers     cached
Mem:          3.9G       1.9G       1.9G       1.5M        38M       290M
-/+ buffers/cache:       1.6G       2.2G
Swap:         8.0G         0B       8.0G

             total       used       free     shared    buffers     cached
Mem:          3.9G       1.9G       1.9G       1.5M        38M       290M
-/+ buffers/cache:       1.6G       2.2G
Swap:         8.0G         0B       8.0G

             total       used       free     shared    buffers     cached
Mem:          3.9G       2.0G       1.9G       1.5M        38M       290M
-/+ buffers/cache:       1.6G       2.2G
Swap:         8.0G         0B       8.0G

             total       used       free     shared    buffers     cached
Mem:          3.9G       2.0G       1.9G       1.5M        38M       290M
-/+ buffers/cache:       1.7G       2.2G
Swap:         8.0G         0B       8.0G

             total       used       free     shared    buffers     cached
Mem:          3.9G       2.0G       1.9G       1.5M        38M       290M
-/+ buffers/cache:       1.7G       2.2G
Swap:         8.0G         0B       8.0G

             total       used       free     shared    buffers     cached
Mem:          3.9G       2.0G       1.8G       1.5M        38M       290M
-/+ buffers/cache:       1.7G       2.2G
Swap:         8.0G         0B       8.0G

             total       used       free     shared    buffers     cached
Mem:          3.9G       2.0G       1.8G       1.5M        38M       290M
-/+ buffers/cache:       1.7G       2.1G
Swap:         8.0G         0B       8.0G

             total       used       free     shared    buffers     cached
Mem:          3.9G       2.0G       1.8G       1.5M        38M       290M
-/+ buffers/cache:       1.7G       2.1G
Swap:         8.0G         0B       8.0G

             total       used       free     shared    buffers     cached
Mem:          3.9G       2.1G       1.8G       1.5M        38M       290M
-/+ buffers/cache:       1.7G       2.1G
Swap:         8.0G         0B       8.0G

             total       used       free     shared    buffers     cached
Mem:          3.9G       2.1G       1.8G       1.5M        38M       290M
-/+ buffers/cache:       1.8G       2.1G
Swap:         8.0G         0B       8.0G

             total       used       free     shared    buffers     cached
Mem:          3.9G       2.1G       1.8G       1.5M        38M       290M
-/+ buffers/cache:       1.8G       2.1G
Swap:         8.0G         0B       8.0G

             total       used       free     shared    buffers     cached
Mem:          3.9G       2.1G       1.7G       1.5M        38M       290M
-/+ buffers/cache:       1.8G       2.1G
Swap:         8.0G         0B       8.0G

             total       used       free     shared    buffers     cached
Mem:          3.9G       2.1G       1.7G       1.5M        38M       290M
-/+ buffers/cache:       1.8G       2.0G
Swap:         8.0G         0B       8.0G

             total       used       free     shared    buffers     cached
Mem:          3.9G       2.2G       1.7G       1.5M        38M       290M
-/+ buffers/cache:       1.8G       2.0G
Swap:         8.0G         0B       8.0G

             total       used       free     shared    buffers     cached
Mem:          3.9G       2.2G       1.7G       1.5M        38M       290M
-/+ buffers/cache:       1.9G       2.0G
Swap:         8.0G         0B       8.0G

             total       used       free     shared    buffers     cached
Mem:          3.9G       2.2G       1.7G       1.5M        38M       290M
-/+ buffers/cache:       1.9G       2.0G
Swap:         8.0G         0B       8.0G

             total       used       free     shared    buffers     cached
Mem:          3.9G       2.2G       1.7G       1.5M        38M       290M
-/+ buffers/cache:       1.9G       2.0G
Swap:         8.0G         0B       8.0G

             total       used       free     shared    buffers     cached
Mem:          3.9G       2.2G       1.6G       1.5M        38M       290M
-/+ buffers/cache:       1.9G       2.0G
Swap:         8.0G         0B       8.0G

             total       used       free     shared    buffers     cached
Mem:          3.9G       2.2G       1.6G       1.5M        38M       290M
-/+ buffers/cache:       1.9G       1.9G
Swap:         8.0G         0B       8.0G

             total       used       free     shared    buffers     cached
Mem:          3.9G       2.3G       1.6G       1.5M        38M       290M
-/+ buffers/cache:       1.9G       1.9G
Swap:         8.0G         0B       8.0G

             total       used       free     shared    buffers     cached
Mem:          3.9G       2.3G       1.6G       1.5M        38M       290M
-/+ buffers/cache:       2.0G       1.9G
Swap:         8.0G         0B       8.0G

             total       used       free     shared    buffers     cached
Mem:          3.9G       2.3G       1.6G       1.5M        38M       290M
-/+ buffers/cache:       2.0G       1.9G
Swap:         8.0G         0B       8.0G

             total       used       free     shared    buffers     cached
Mem:          3.9G       2.3G       1.5G       1.5M        38M       290M
-/+ buffers/cache:       2.0G       1.9G
Swap:         8.0G         0B       8.0G

             total       used       free     shared    buffers     cached
Mem:          3.9G       2.3G       1.5G       1.5M        38M       290M
-/+ buffers/cache:       2.0G       1.9G
Swap:         8.0G         0B       8.0G

             total       used       free     shared    buffers     cached
Mem:          3.9G       2.3G       1.5G       1.5M        38M       290M
-/+ buffers/cache:       2.0G       1.8G
Swap:         8.0G         0B       8.0G

             total       used       free     shared    buffers     cached
Mem:          3.9G       2.4G       1.5G       1.5M        38M       290M
-/+ buffers/cache:       2.0G       1.8G
Swap:         8.0G         0B       8.0G

             total       used       free     shared    buffers     cached
Mem:          3.9G       2.4G       1.5G       1.5M        38M       290M
-/+ buffers/cache:       2.1G       1.8G
Swap:         8.0G         0B       8.0G

             total       used       free     shared    buffers     cached
Mem:          3.9G       2.4G       1.5G       1.5M        38M       290M
-/+ buffers/cache:       2.1G       1.8G
Swap:         8.0G         0B       8.0G

             total       used       free     shared    buffers     cached
Mem:          3.9G       2.4G       1.4G       1.5M        38M       290M
-/+ buffers/cache:       2.1G       1.8G
Swap:         8.0G         0B       8.0G

             total       used       free     shared    buffers     cached
Mem:          3.9G       2.4G       1.4G       1.5M        38M       290M
-/+ buffers/cache:       2.1G       1.8G
Swap:         8.0G         0B       8.0G

             total       used       free     shared    buffers     cached
Mem:          3.9G       2.4G       1.4G       1.5M        38M       290M
-/+ buffers/cache:       2.1G       1.8G
Swap:         8.0G         0B       8.0G

             total       used       free     shared    buffers     cached
Mem:          3.9G       2.4G       1.4G       1.5M        38M       290M
-/+ buffers/cache:       2.1G       1.7G
Swap:         8.0G         0B       8.0G

             total       used       free     shared    buffers     cached
Mem:          3.9G       2.5G       1.4G       1.5M        38M       290M
-/+ buffers/cache:       2.1G       1.7G
Swap:         8.0G         0B       8.0G

             total       used       free     shared    buffers     cached
Mem:          3.9G       2.5G       1.4G       1.5M        38M       290M
-/+ buffers/cache:       2.2G       1.7G
Swap:         8.0G         0B       8.0G

             total       used       free     shared    buffers     cached
Mem:          3.9G       2.5G       1.4G       1.5M        38M       290M
-/+ buffers/cache:       2.2G       1.7G
Swap:         8.0G         0B       8.0G

             total       used       free     shared    buffers     cached
Mem:          3.9G       2.5G       1.3G       1.5M        38M       290M
-/+ buffers/cache:       2.2G       1.7G
Swap:         8.0G         0B       8.0G

             total       used       free     shared    buffers     cached
Mem:          3.9G       2.5G       1.3G       1.5M        38M       290M
-/+ buffers/cache:       2.2G       1.6G
Swap:         8.0G         0B       8.0G

             total       used       free     shared    buffers     cached
Mem:          3.9G       2.6G       1.3G       1.5M        38M       290M
-/+ buffers/cache:       2.2G       1.6G
Swap:         8.0G         0B       8.0G

             total       used       free     shared    buffers     cached
Mem:          3.9G       2.6G       1.3G       1.5M        38M       290M
-/+ buffers/cache:       2.2G       1.6G
Swap:         8.0G         0B       8.0G

             total       used       free     shared    buffers     cached
Mem:          3.9G       2.6G       1.3G       1.5M        38M       290M
-/+ buffers/cache:       2.3G       1.6G
Swap:         8.0G         0B       8.0G

             total       used       free     shared    buffers     cached
Mem:          3.9G       2.6G       1.3G       1.5M        38M       290M
-/+ buffers/cache:       2.3G       1.6G
Swap:         8.0G         0B       8.0G

             total       used       free     shared    buffers     cached
Mem:          3.9G       2.6G       1.2G       1.5M        38M       290M
-/+ buffers/cache:       2.3G       1.6G
Swap:         8.0G         0B       8.0G

             total       used       free     shared    buffers     cached
Mem:          3.9G       2.6G       1.2G       1.5M        38M       290M
-/+ buffers/cache:       2.3G       1.5G
Swap:         8.0G         0B       8.0G

             total       used       free     shared    buffers     cached
Mem:          3.9G       2.7G       1.2G       1.5M        38M       290M
-/+ buffers/cache:       2.3G       1.5G
Swap:         8.0G         0B       8.0G

             total       used       free     shared    buffers     cached
Mem:          3.9G       2.7G       1.2G       1.5M        38M       290M
-/+ buffers/cache:       2.4G       1.5G
Swap:         8.0G         0B       8.0G

             total       used       free     shared    buffers     cached
Mem:          3.9G       2.7G       1.2G       1.5M        38M       290M
-/+ buffers/cache:       2.4G       1.5G
Swap:         8.0G         0B       8.0G

             total       used       free     shared    buffers     cached
Mem:          3.9G       2.7G       1.1G       1.5M        38M       290M
-/+ buffers/cache:       2.4G       1.5G
Swap:         8.0G         0B       8.0G

             total       used       free     shared    buffers     cached
Mem:          3.9G       2.7G       1.1G       1.5M        38M       290M
-/+ buffers/cache:       2.4G       1.4G
Swap:         8.0G         0B       8.0G

             total       used       free     shared    buffers     cached
Mem:          3.9G       2.8G       1.1G       1.5M        38M       290M
-/+ buffers/cache:       2.4G       1.4G
Swap:         8.0G         0B       8.0G

             total       used       free     shared    buffers     cached
Mem:          3.9G       2.8G       1.1G       1.5M        38M       290M
-/+ buffers/cache:       2.5G       1.4G
Swap:         8.0G         0B       8.0G

             total       used       free     shared    buffers     cached
Mem:          3.9G       2.8G       1.1G       1.5M        38M       290M
-/+ buffers/cache:       2.5G       1.4G
Swap:         8.0G         0B       8.0G

             total       used       free     shared    buffers     cached
Mem:          3.9G       2.8G       1.0G       1.5M        38M       290M
-/+ buffers/cache:       2.5G       1.4G
Swap:         8.0G         0B       8.0G

             total       used       free     shared    buffers     cached
Mem:          3.9G       2.8G       1.0G       1.5M        38M       290M
-/+ buffers/cache:       2.5G       1.4G
Swap:         8.0G         0B       8.0G

             total       used       free     shared    buffers     cached
Mem:          3.9G       2.8G       1.0G       1.5M        38M       290M
-/+ buffers/cache:       2.5G       1.3G
Swap:         8.0G         0B       8.0G

             total       used       free     shared    buffers     cached
Mem:          3.9G       2.9G       1.0G       1.5M        38M       290M
-/+ buffers/cache:       2.5G       1.3G
Swap:         8.0G         0B       8.0G

             total       used       free     shared    buffers     cached
Mem:          3.9G       2.9G       1.0G       1.5M        38M       290M
-/+ buffers/cache:       2.6G       1.3G
Swap:         8.0G         0B       8.0G

             total       used       free     shared    buffers     cached
Mem:          3.9G       2.9G       981M       1.5M        38M       290M
-/+ buffers/cache:       2.6G       1.3G
Swap:         8.0G         0B       8.0G

             total       used       free     shared    buffers     cached
Mem:          3.9G       2.9G       963M       1.5M        38M       290M
-/+ buffers/cache:       2.6G       1.3G
Swap:         8.0G         0B       8.0G

             total       used       free     shared    buffers     cached
Mem:          3.9G       2.9G       947M       1.5M        38M       290M
-/+ buffers/cache:       2.6G       1.2G
Swap:         8.0G         0B       8.0G

             total       used       free     shared    buffers     cached
Mem:          3.9G       3.0G       929M       1.5M        38M       290M
-/+ buffers/cache:       2.6G       1.2G
Swap:         8.0G         0B       8.0G

             total       used       free     shared    buffers     cached
Mem:          3.9G       3.0G       910M       1.5M        38M       290M
-/+ buffers/cache:       2.6G       1.2G
Swap:         8.0G         0B       8.0G

             total       used       free     shared    buffers     cached
Mem:          3.9G       3.0G       892M       1.5M        38M       290M
-/+ buffers/cache:       2.7G       1.2G
Swap:         8.0G         0B       8.0G

             total       used       free     shared    buffers     cached
Mem:          3.9G       3.0G       875M       1.5M        38M       290M
-/+ buffers/cache:       2.7G       1.2G
Swap:         8.0G         0B       8.0G

             total       used       free     shared    buffers     cached
Mem:          3.9G       3.0G       857M       1.5M        38M       290M
-/+ buffers/cache:       2.7G       1.2G
Swap:         8.0G         0B       8.0G

             total       used       free     shared    buffers     cached
Mem:          3.9G       3.0G       840M       1.5M        38M       290M
-/+ buffers/cache:       2.7G       1.1G
Swap:         8.0G         0B       8.0G

             total       used       free     shared    buffers     cached
Mem:          3.9G       3.1G       824M       1.5M        38M       290M
-/+ buffers/cache:       2.7G       1.1G
Swap:         8.0G         0B       8.0G

             total       used       free     shared    buffers     cached
Mem:          3.9G       3.1G       806M       1.5M        38M       290M
-/+ buffers/cache:       2.8G       1.1G
Swap:         8.0G         0B       8.0G

             total       used       free     shared    buffers     cached
Mem:          3.9G       3.1G       789M       1.5M        38M       290M
-/+ buffers/cache:       2.8G       1.1G
Swap:         8.0G         0B       8.0G

             total       used       free     shared    buffers     cached
Mem:          3.9G       3.1G       772M       1.5M        38M       290M
-/+ buffers/cache:       2.8G       1.1G
Swap:         8.0G         0B       8.0G

             total       used       free     shared    buffers     cached
Mem:          3.9G       3.1G       756M       1.5M        38M       290M
-/+ buffers/cache:       2.8G       1.1G
Swap:         8.0G         0B       8.0G

             total       used       free     shared    buffers     cached
Mem:          3.9G       3.1G       745M       1.5M        38M       290M
-/+ buffers/cache:       2.8G       1.0G
Swap:         8.0G         0B       8.0G

             total       used       free     shared    buffers     cached
Mem:          3.9G       3.1G       735M       1.5M        38M       290M
-/+ buffers/cache:       2.8G       1.0G
Swap:         8.0G         0B       8.0G

             total       used       free     shared    buffers     cached
Mem:          3.9G       3.2G       724M       1.5M        38M       290M
-/+ buffers/cache:       2.8G       1.0G
Swap:         8.0G         0B       8.0G

             total       used       free     shared    buffers     cached
Mem:          3.9G       3.2G       712M       1.5M        38M       290M
-/+ buffers/cache:       2.8G       1.0G
Swap:         8.0G         0B       8.0G

             total       used       free     shared    buffers     cached
Mem:          3.9G       3.2G       701M       1.5M        38M       290M
-/+ buffers/cache:       2.9G       1.0G
Swap:         8.0G         0B       8.0G

             total       used       free     shared    buffers     cached
Mem:          3.9G       3.2G       690M       1.5M        38M       290M
-/+ buffers/cache:       2.9G       1.0G
Swap:         8.0G         0B       8.0G

             total       used       free     shared    buffers     cached
Mem:          3.9G       3.2G       678M       1.5M        38M       290M
-/+ buffers/cache:       2.9G       1.0G
Swap:         8.0G         0B       8.0G

             total       used       free     shared    buffers     cached
Mem:          3.9G       3.2G       668M       1.5M        38M       290M
-/+ buffers/cache:       2.9G       997M
Swap:         8.0G         0B       8.0G

             total       used       free     shared    buffers     cached
Mem:          3.9G       3.2G       657M       1.5M        38M       290M
-/+ buffers/cache:       2.9G       986M
Swap:         8.0G         0B       8.0G

             total       used       free     shared    buffers     cached
Mem:          3.9G       3.2G       645M       1.5M        38M       290M
-/+ buffers/cache:       2.9G       974M
Swap:         8.0G         0B       8.0G

             total       used       free     shared    buffers     cached
Mem:          3.9G       3.2G       633M       1.5M        38M       290M
-/+ buffers/cache:       2.9G       962M
Swap:         8.0G         0B       8.0G

             total       used       free     shared    buffers     cached
Mem:          3.9G       3.3G       621M       1.5M        38M       290M
-/+ buffers/cache:       2.9G       950M
Swap:         8.0G         0B       8.0G

             total       used       free     shared    buffers     cached
Mem:          3.9G       3.3G       609M       1.5M        38M       290M
-/+ buffers/cache:       2.9G       938M
Swap:         8.0G         0B       8.0G

             total       used       free     shared    buffers     cached
Mem:          3.9G       3.3G       597M       1.5M        38M       290M
-/+ buffers/cache:       3.0G       927M
Swap:         8.0G         0B       8.0G

             total       used       free     shared    buffers     cached
Mem:          3.9G       3.3G       586M       1.5M        38M       290M
-/+ buffers/cache:       3.0G       915M
Swap:         8.0G         0B       8.0G

             total       used       free     shared    buffers     cached
Mem:          3.9G       3.3G       575M       1.5M        38M       290M
-/+ buffers/cache:       3.0G       904M
Swap:         8.0G         0B       8.0G

             total       used       free     shared    buffers     cached
Mem:          3.9G       3.3G       564M       1.5M        38M       290M
-/+ buffers/cache:       3.0G       893M
Swap:         8.0G         0B       8.0G

             total       used       free     shared    buffers     cached
Mem:          3.9G       3.3G       552M       1.5M        38M       290M
-/+ buffers/cache:       3.0G       881M
Swap:         8.0G         0B       8.0G

             total       used       free     shared    buffers     cached
Mem:          3.9G       3.3G       541M       1.5M        38M       290M
-/+ buffers/cache:       3.0G       870M
Swap:         8.0G         0B       8.0G

             total       used       free     shared    buffers     cached
Mem:          3.9G       3.3G       529M       1.5M        38M       290M
-/+ buffers/cache:       3.0G       858M
Swap:         8.0G         0B       8.0G

             total       used       free     shared    buffers     cached
Mem:          3.9G       3.4G       518M       1.5M        38M       290M
-/+ buffers/cache:       3.0G       847M
Swap:         8.0G         0B       8.0G

             total       used       free     shared    buffers     cached
Mem:          3.9G       3.4G       506M       1.5M        38M       290M
-/+ buffers/cache:       3.0G       835M
Swap:         8.0G         0B       8.0G

             total       used       free     shared    buffers     cached
Mem:          3.9G       3.4G       495M       1.5M        38M       290M
-/+ buffers/cache:       3.1G       824M
Swap:         8.0G         0B       8.0G

             total       used       free     shared    buffers     cached
Mem:          3.9G       3.4G       484M       1.5M        38M       290M
-/+ buffers/cache:       3.1G       813M
Swap:         8.0G         0B       8.0G

             total       used       free     shared    buffers     cached
Mem:          3.9G       3.4G       473M       1.5M        38M       290M
-/+ buffers/cache:       3.1G       802M
Swap:         8.0G         0B       8.0G

             total       used       free     shared    buffers     cached
Mem:          3.9G       3.4G       462M       1.5M        38M       290M
-/+ buffers/cache:       3.1G       791M
Swap:         8.0G         0B       8.0G

             total       used       free     shared    buffers     cached
Mem:          3.9G       3.4G       451M       1.5M        38M       290M
-/+ buffers/cache:       3.1G       780M
Swap:         8.0G         0B       8.0G

             total       used       free     shared    buffers     cached
Mem:          3.9G       3.4G       440M       1.5M        38M       290M
-/+ buffers/cache:       3.1G       769M
Swap:         8.0G         0B       8.0G

             total       used       free     shared    buffers     cached
Mem:          3.9G       3.4G       429M       1.5M        38M       290M
-/+ buffers/cache:       3.1G       758M
Swap:         8.0G         0B       8.0G

             total       used       free     shared    buffers     cached
Mem:          3.9G       3.4G       419M       1.5M        38M       290M
-/+ buffers/cache:       3.1G       748M
Swap:         8.0G         0B       8.0G

             total       used       free     shared    buffers     cached
Mem:          3.9G       3.5G       407M       1.5M        38M       290M
-/+ buffers/cache:       3.1G       736M
Swap:         8.0G         0B       8.0G

             total       used       free     shared    buffers     cached
Mem:          3.9G       3.5G       395M       1.5M        38M       290M
-/+ buffers/cache:       3.2G       724M
Swap:         8.0G         0B       8.0G

             total       used       free     shared    buffers     cached
Mem:          3.9G       3.5G       382M       1.5M        38M       290M
-/+ buffers/cache:       3.2G       711M
Swap:         8.0G         0B       8.0G

             total       used       free     shared    buffers     cached
Mem:          3.9G       3.5G       368M       1.5M        38M       290M
-/+ buffers/cache:       3.2G       698M
Swap:         8.0G         0B       8.0G

             total       used       free     shared    buffers     cached
Mem:          3.9G       3.5G       359M       1.5M        38M       290M
-/+ buffers/cache:       3.2G       689M
Swap:         8.0G         0B       8.0G

             total       used       free     shared    buffers     cached
Mem:          3.9G       3.5G       345M       1.5M        38M       290M
-/+ buffers/cache:       3.2G       675M
Swap:         8.0G         0B       8.0G

             total       used       free     shared    buffers     cached
Mem:          3.9G       3.5G       331M       1.5M        38M       290M
-/+ buffers/cache:       3.2G       660M
Swap:         8.0G         0B       8.0G

             total       used       free     shared    buffers     cached
Mem:          3.9G       3.5G       316M       1.5M        38M       290M
-/+ buffers/cache:       3.2G       646M
Swap:         8.0G         0B       8.0G

             total       used       free     shared    buffers     cached
Mem:          3.9G       3.6G       301M       1.5M        38M       290M
-/+ buffers/cache:       3.2G       631M
Swap:         8.0G         0B       8.0G

             total       used       free     shared    buffers     cached
Mem:          3.9G       3.6G       286M       1.5M        38M       290M
-/+ buffers/cache:       3.3G       616M
Swap:         8.0G         0B       8.0G

             total       used       free     shared    buffers     cached
Mem:          3.9G       3.6G       272M       1.5M        38M       290M
-/+ buffers/cache:       3.3G       601M
Swap:         8.0G         0B       8.0G

             total       used       free     shared    buffers     cached
Mem:          3.9G       3.6G       258M       1.5M        38M       290M
-/+ buffers/cache:       3.3G       588M
Swap:         8.0G         0B       8.0G

             total       used       free     shared    buffers     cached
Mem:          3.9G       3.6G       243M       1.5M        38M       290M
-/+ buffers/cache:       3.3G       572M
Swap:         8.0G         0B       8.0G

             total       used       free     shared    buffers     cached
Mem:          3.9G       3.6G       229M       1.5M        38M       290M
-/+ buffers/cache:       3.3G       559M
Swap:         8.0G         0B       8.0G

             total       used       free     shared    buffers     cached
Mem:          3.9G       3.6G       214M       1.5M        38M       290M
-/+ buffers/cache:       3.3G       544M
Swap:         8.0G         0B       8.0G

             total       used       free     shared    buffers     cached
Mem:          3.9G       3.7G       199M       1.5M        38M       290M
-/+ buffers/cache:       3.3G       528M
Swap:         8.0G         0B       8.0G

             total       used       free     shared    buffers     cached
Mem:          3.9G       3.7G       184M       1.5M        38M       290M
-/+ buffers/cache:       3.4G       513M
Swap:         8.0G         0B       8.0G

             total       used       free     shared    buffers     cached
Mem:          3.9G       3.7G       168M       1.5M        38M       290M
-/+ buffers/cache:       3.4G       497M
Swap:         8.0G         0B       8.0G

             total       used       free     shared    buffers     cached
Mem:          3.9G       3.7G       153M       1.5M        38M       290M
-/+ buffers/cache:       3.4G       482M
Swap:         8.0G         0B       8.0G

             total       used       free     shared    buffers     cached
Mem:          3.9G       3.7G       138M       1.5M        38M       290M
-/+ buffers/cache:       3.4G       467M
Swap:         8.0G         0B       8.0G

             total       used       free     shared    buffers     cached
Mem:          3.9G       3.7G       123M       1.5M        38M       290M
-/+ buffers/cache:       3.4G       452M
Swap:         8.0G         0B       8.0G

             total       used       free     shared    buffers     cached
Mem:          3.9G       3.8G       107M       1.5M        38M       290M
-/+ buffers/cache:       3.4G       436M
Swap:         8.0G         0B       8.0G

             total       used       free     shared    buffers     cached
Mem:          3.9G       3.7G       119M       1.5M        12M       288M
-/+ buffers/cache:       3.4G       420M
Swap:         8.0G         0B       8.0G

             total       used       free     shared    buffers     cached
Mem:          3.9G       3.8G       103M       1.5M        12M       288M
-/+ buffers/cache:       3.5G       404M
Swap:         8.0G         0B       8.0G

             total       used       free     shared    buffers     cached
Mem:          3.9G       3.8G       108M       1.5M        10M       269M
-/+ buffers/cache:       3.5G       388M
Swap:         8.0G         0B       8.0G

             total       used       free     shared    buffers     cached
Mem:          3.9G       3.7G       121M       1.3M       9.9M       239M
-/+ buffers/cache:       3.5G       370M
Swap:         8.0G       1.3M       8.0G

             total       used       free     shared    buffers     cached
Mem:          3.9G       3.8G       104M       1.3M       9.9M       239M
-/+ buffers/cache:       3.5G       353M
Swap:         8.0G       1.3M       8.0G

             total       used       free     shared    buffers     cached
Mem:          3.9G       3.7G       147M       1.0M       2.4M       194M
-/+ buffers/cache:       3.5G       343M
Swap:         8.0G        12M       8.0G

             total       used       free     shared    buffers     cached
Mem:          3.9G       3.7G       130M       1.0M       2.4M       194M
-/+ buffers/cache:       3.5G       326M
Swap:         8.0G        12M       8.0G

             total       used       free     shared    buffers     cached
Mem:          3.9G       3.7G       114M       1.0M       2.4M       194M
-/+ buffers/cache:       3.6G       310M
Swap:         8.0G        12M       8.0G

             total       used       free     shared    buffers     cached
Mem:          3.9G       3.7G       119M       1.0M       488K       172M
-/+ buffers/cache:       3.6G       292M
Swap:         8.0G        12M       8.0G

             total       used       free     shared    buffers     cached
Mem:          3.9G       3.8G       103M       1.0M       488K       172M
-/+ buffers/cache:       3.6G       276M
Swap:         8.0G        12M       8.0G

             total       used       free     shared    buffers     cached
Mem:          3.9G       3.7G       112M       1.0M       488K       147M
-/+ buffers/cache:       3.6G       260M
Swap:         8.0G        12M       8.0G

             total       used       free     shared    buffers     cached
Mem:          3.9G       3.7G       129M       1.0M        76K       114M
-/+ buffers/cache:       3.6G       244M
Swap:         8.0G        12M       8.0G

             total       used       free     shared    buffers     cached
Mem:          3.9G       3.7G       115M       1.0M        76K       114M
-/+ buffers/cache:       3.6G       230M
Swap:         8.0G        12M       8.0G

             total       used       free     shared    buffers     cached
Mem:          3.9G       3.7G       127M       1.0M        76K        88M
-/+ buffers/cache:       3.6G       215M
Swap:         8.0G        12M       8.0G

             total       used       free     shared    buffers     cached
Mem:          3.9G       3.7G       113M       1.0M        92K        88M
-/+ buffers/cache:       3.7G       201M
Swap:         8.0G        12M       8.0G

             total       used       free     shared    buffers     cached
Mem:          3.9G       3.7G       118M       1.0M        92K        68M
-/+ buffers/cache:       3.7G       186M
Swap:         8.0G        12M       8.0G

             total       used       free     shared    buffers     cached
Mem:          3.9G       3.8G       102M       1.0M       100K        68M
-/+ buffers/cache:       3.7G       171M
Swap:         8.0G        12M       8.0G

             total       used       free     shared    buffers     cached
Mem:          3.9G       3.7G       114M       1.0M       236K        40M
-/+ buffers/cache:       3.7G       155M
Swap:         8.0G        12M       8.0G

             total       used       free     shared    buffers     cached
Mem:          3.9G       3.7G       115M       1.1M       248K        22M
-/+ buffers/cache:       3.7G       138M
Swap:         8.0G        12M       8.0G

             total       used       free     shared    buffers     cached
Mem:          3.9G       3.7G       114M       1.1M       660K       8.7M
-/+ buffers/cache:       3.7G       124M
Swap:         8.0G        12M       8.0G

             total       used       free     shared    buffers     cached
Mem:          3.9G       3.7G       124M       796K       500K       2.8M
-/+ buffers/cache:       3.7G       127M
Swap:         8.0G        44M       8.0G

             total       used       free     shared    buffers     cached
Mem:          3.9G       3.7G       117M       764K        80K       6.9M
-/+ buffers/cache:       3.7G       124M
Swap:         8.0G        48M       7.9G

             total       used       free     shared    buffers     cached
Mem:          3.9G       3.8G       103M       764K       372K       7.2M
-/+ buffers/cache:       3.8G       110M
Swap:         8.0G        48M       7.9G

             total       used       free     shared    buffers     cached
Mem:          3.9G       3.8G       105M       692K       364K        21M
-/+ buffers/cache:       3.7G       127M
Swap:         8.0G       104M       7.9G

             total       used       free     shared    buffers     cached
Mem:          3.9G       3.7G       132M       692K       208K        17M
-/+ buffers/cache:       3.7G       150M
Swap:         8.0G       159M       7.8G

             total       used       free     shared    buffers     cached
Mem:          3.9G       3.7G       119M       672K       208K        20M
-/+ buffers/cache:       3.7G       139M
Swap:         8.0G       157M       7.8G

             total       used       free     shared    buffers     cached
Mem:          3.9G       3.7G       115M       672K       460K        20M
-/+ buffers/cache:       3.7G       136M
Swap:         8.0G       157M       7.8G

             total       used       free     shared    buffers     cached
Mem:          3.9G       3.7G       114M       672K       460K        20M
-/+ buffers/cache:       3.7G       135M
Swap:         8.0G       156M       7.8G

             total       used       free     shared    buffers     cached
Mem:          3.9G       3.7G       112M       672K       460K        20M
-/+ buffers/cache:       3.7G       133M
Swap:         8.0G       155M       7.8G

             total       used       free     shared    buffers     cached
Mem:          3.9G       3.8G       111M       672K       468K        20M
-/+ buffers/cache:       3.7G       132M
Swap:         8.0G       154M       7.8G

             total       used       free     shared    buffers     cached
Mem:          3.9G       3.8G       109M       672K       468K        20M
-/+ buffers/cache:       3.7G       130M
Swap:         8.0G       153M       7.8G

             total       used       free     shared    buffers     cached
Mem:          3.9G       3.8G       107M       672K       468K        20M
-/+ buffers/cache:       3.7G       128M
Swap:         8.0G       153M       7.8G

             total       used       free     shared    buffers     cached
Mem:          3.9G       3.8G       106M       672K       468K        20M
-/+ buffers/cache:       3.7G       127M
Swap:         8.0G       152M       7.8G

             total       used       free     shared    buffers     cached
Mem:          3.9G       3.8G       104M       672K       468K        20M
-/+ buffers/cache:       3.7G       125M
Swap:         8.0G       152M       7.8G

             total       used       free     shared    buffers     cached
Mem:          3.9G       3.8G       101M       672K       468K        20M
-/+ buffers/cache:       3.7G       123M
Swap:         8.0G       151M       7.8G

             total       used       free     shared    buffers     cached
Mem:          3.9G       3.7G       128M       4.3M       4.0M        47M
-/+ buffers/cache:       3.7G       180M
Swap:         8.0G       195M       7.8G

             total       used       free     shared    buffers     cached
Mem:          3.9G       3.8G       103M       712K       5.6M        67M
-/+ buffers/cache:       3.7G       177M
Swap:         8.0G       192M       7.8G

             total       used       free     shared    buffers     cached
Mem:          3.9G       3.7G       122M       656K       3.0M        59M
-/+ buffers/cache:       3.7G       185M
Swap:         8.0G       215M       7.8G

             total       used       free     shared    buffers     cached
Mem:          3.9G       3.7G       116M       644K       3.0M        59M
-/+ buffers/cache:       3.7G       179M
Swap:         8.0G       215M       7.8G

             total       used       free     shared    buffers     cached
Mem:          3.9G       3.7G       120M       644K       3.0M        59M
-/+ buffers/cache:       3.7G       182M
Swap:         8.0G       215M       7.8G

             total       used       free     shared    buffers     cached
Mem:          3.9G       3.8G       102M       644K       3.0M        59M
-/+ buffers/cache:       3.7G       164M
Swap:         8.0G       215M       7.8G

             total       used       free     shared    buffers     cached
Mem:          3.9G       3.7G       124M       640K       992K        39M
-/+ buffers/cache:       3.7G       165M
Swap:         8.0G       215M       7.8G

             total       used       free     shared    buffers     cached
Mem:          3.9G       3.8G       109M       640K       1.0M        39M
-/+ buffers/cache:       3.7G       149M
Swap:         8.0G       215M       7.8G

             total       used       free     shared    buffers     cached
Mem:          3.9G       3.7G       115M       640K       364K        18M
-/+ buffers/cache:       3.7G       134M
Swap:         8.0G       217M       7.8G

             total       used       free     shared    buffers     cached
Mem:          3.9G       3.7G       117M       640K       168K       6.7M
-/+ buffers/cache:       3.7G       124M
Swap:         8.0G       222M       7.8G

             total       used       free     shared    buffers     cached
Mem:          3.9G       3.8G       102M       640K       484K       6.8M
-/+ buffers/cache:       3.8G       109M
Swap:         8.0G       222M       7.8G

             total       used       free     shared    buffers     cached
Mem:          3.9G       3.7G       135M       632K       640K       6.3M
-/+ buffers/cache:       3.7G       142M
Swap:         8.0G       285M       7.7G

             total       used       free     shared    buffers     cached
Mem:          3.9G       3.7G       126M       632K       648K       6.3M
-/+ buffers/cache:       3.7G       133M
Swap:         8.0G       285M       7.7G

             total       used       free     shared    buffers     cached
Mem:          3.9G       3.7G       116M       632K       648K       6.4M
-/+ buffers/cache:       3.7G       123M
Swap:         8.0G       285M       7.7G

             total       used       free     shared    buffers     cached
Mem:          3.9G       3.7G       115M       632K       648K       6.5M
-/+ buffers/cache:       3.7G       122M
Swap:         8.0G       285M       7.7G

             total       used       free     shared    buffers     cached
Mem:          3.9G       3.7G       114M       632K       648K       6.6M
-/+ buffers/cache:       3.7G       121M
Swap:         8.0G       285M       7.7G

             total       used       free     shared    buffers     cached
Mem:          3.9G       3.8G       110M       632K       648K         9M
-/+ buffers/cache:       3.7G       121M
Swap:         8.0G       284M       7.7G

             total       used       free     shared    buffers     cached
Mem:          3.9G       3.8G       110M       632K       656K        10M
-/+ buffers/cache:       3.7G       121M
Swap:         8.0G       284M       7.7G

             total       used       free     shared    buffers     cached
Mem:          3.9G       3.8G       109M       632K       664K        10M
-/+ buffers/cache:       3.7G       120M
Swap:         8.0G       284M       7.7G

             total       used       free     shared    buffers     cached
Mem:          3.9G       3.8G       109M       632K       664K        10M
-/+ buffers/cache:       3.7G       120M
Swap:         8.0G       284M       7.7G

             total       used       free     shared    buffers     cached
Mem:          3.9G       3.8G       108M       632K       664K        10M
-/+ buffers/cache:       3.7G       119M
Swap:         8.0G       284M       7.7G

             total       used       free     shared    buffers     cached
Mem:          3.9G       3.8G       108M       632K       664K        10M
-/+ buffers/cache:       3.7G       119M
Swap:         8.0G       284M       7.7G

             total       used       free     shared    buffers     cached
Mem:          3.9G       3.8G       107M       632K       664K        10M
-/+ buffers/cache:       3.7G       118M
Swap:         8.0G       283M       7.7G

             total       used       free     shared    buffers     cached
Mem:          3.9G       3.8G       107M       632K       672K        10M
-/+ buffers/cache:       3.7G       118M
Swap:         8.0G       283M       7.7G

             total       used       free     shared    buffers     cached
Mem:          3.9G       3.8G       107M       632K       672K        10M
-/+ buffers/cache:       3.7G       117M
Swap:         8.0G       283M       7.7G

             total       used       free     shared    buffers     cached
Mem:          3.9G       3.8G       106M       632K       672K        10M
-/+ buffers/cache:       3.7G       117M
Swap:         8.0G       283M       7.7G

             total       used       free     shared    buffers     cached
Mem:          3.9G       3.8G       106M       632K       672K        10M
-/+ buffers/cache:       3.7G       116M
Swap:         8.0G       283M       7.7G

             total       used       free     shared    buffers     cached
Mem:          3.9G       3.8G       105M       632K       672K        10M
-/+ buffers/cache:       3.7G       116M
Swap:         8.0G       283M       7.7G

             total       used       free     shared    buffers     cached
Mem:          3.9G       3.8G       105M       632K       680K        10M
-/+ buffers/cache:       3.7G       116M
Swap:         8.0G       283M       7.7G

             total       used       free     shared    buffers     cached
Mem:          3.9G       3.8G       104M       632K       680K        10M
-/+ buffers/cache:       3.7G       115M
Swap:         8.0G       282M       7.7G

             total       used       free     shared    buffers     cached
Mem:          3.9G       3.8G       104M       632K       680K        10M
-/+ buffers/cache:       3.7G       115M
Swap:         8.0G       282M       7.7G

             total       used       free     shared    buffers     cached
Mem:          3.9G       3.8G       104M       632K       680K        10M
-/+ buffers/cache:       3.7G       114M
Swap:         8.0G       282M       7.7G

             total       used       free     shared    buffers     cached
Mem:          3.9G       3.8G       103M       632K       680K        10M
-/+ buffers/cache:       3.7G       114M
Swap:         8.0G       282M       7.7G

             total       used       free     shared    buffers     cached
Mem:          3.9G       3.8G       103M       632K       688K        10M
-/+ buffers/cache:       3.7G       114M
Swap:         8.0G       282M       7.7G

             total       used       free     shared    buffers     cached
Mem:          3.9G       3.8G       102M       632K       688K        10M
-/+ buffers/cache:       3.7G       113M
Swap:         8.0G       282M       7.7G

             total       used       free     shared    buffers     cached
Mem:          3.9G       3.8G       102M       632K       688K        10M
-/+ buffers/cache:       3.7G       112M
Swap:         8.0G       281M       7.7G

             total       used       free     shared    buffers     cached
Mem:          3.9G       3.7G       128M       632K       680K       9.4M
-/+ buffers/cache:       3.7G       138M
Swap:         8.0G       300M       7.7G

             total       used       free     shared    buffers     cached
Mem:          3.9G       3.7G       128M       632K       680K       9.4M
-/+ buffers/cache:       3.7G       138M
Swap:         8.0G       299M       7.7G

             total       used       free     shared    buffers     cached
Mem:          3.9G       3.7G       127M       632K       680K       9.3M
-/+ buffers/cache:       3.7G       137M
Swap:         8.0G       299M       7.7G

             total       used       free     shared    buffers     cached
Mem:          3.9G       3.7G       120M       632K       2.0M        14M
-/+ buffers/cache:       3.7G       136M
Swap:         8.0G       298M       7.7G

             total       used       free     shared    buffers     cached
Mem:          3.9G       3.7G       150M       680K       6.1M        30M
-/+ buffers/cache:       3.7G       186M
Swap:         8.0G       377M       7.6G
