             total       used       free     shared    buffers     cached
Mem:          992M       658M       333M       3.2M        38M       289M
-/+ buffers/cache:       330M       661M
Swap:         8.0G         0B       8.0G

             total       used       free     shared    buffers     cached
Mem:          992M       658M       333M       3.2M        38M       289M
-/+ buffers/cache:       329M       662M
Swap:         8.0G         0B       8.0G

             total       used       free     shared    buffers     cached
Mem:          992M       658M       333M       3.2M        38M       289M
-/+ buffers/cache:       329M       662M
Swap:         8.0G         0B       8.0G

             total       used       free     shared    buffers     cached
Mem:          992M       658M       333M       3.2M        38M       289M
-/+ buffers/cache:       329M       662M
Swap:         8.0G         0B       8.0G

             total       used       free     shared    buffers     cached
Mem:          992M       658M       333M       3.2M        38M       289M
-/+ buffers/cache:       329M       662M
Swap:         8.0G         0B       8.0G

             total       used       free     shared    buffers     cached
Mem:          992M       658M       333M       3.2M        38M       289M
-/+ buffers/cache:       329M       662M
Swap:         8.0G         0B       8.0G

             total       used       free     shared    buffers     cached
Mem:          992M       658M       333M       3.2M        38M       289M
-/+ buffers/cache:       329M       662M
Swap:         8.0G         0B       8.0G

             total       used       free     shared    buffers     cached
Mem:          992M       657M       334M       3.2M        38M       289M
-/+ buffers/cache:       329M       662M
Swap:         8.0G         0B       8.0G

             total       used       free     shared    buffers     cached
Mem:          992M       657M       334M       3.2M        38M       289M
-/+ buffers/cache:       329M       663M
Swap:         8.0G         0B       8.0G

             total       used       free     shared    buffers     cached
Mem:          992M       657M       334M       3.2M        38M       289M
-/+ buffers/cache:       328M       663M
Swap:         8.0G         0B       8.0G

             total       used       free     shared    buffers     cached
Mem:          992M       661M       331M       3.2M        38M       290M
-/+ buffers/cache:       332M       659M
Swap:         8.0G         0B       8.0G

             total       used       free     shared    buffers     cached
Mem:          992M       684M       307M       3.2M        38M       290M
-/+ buffers/cache:       355M       636M
Swap:         8.0G         0B       8.0G

             total       used       free     shared    buffers     cached
Mem:          992M       706M       285M       3.2M        38M       290M
-/+ buffers/cache:       377M       614M
Swap:         8.0G         0B       8.0G

             total       used       free     shared    buffers     cached
Mem:          992M       666M       325M       3.2M        38M       291M
-/+ buffers/cache:       336M       655M
Swap:         8.0G         0B       8.0G

             total       used       free     shared    buffers     cached
Mem:          992M       667M       324M       3.2M        38M       291M
-/+ buffers/cache:       337M       654M
Swap:         8.0G         0B       8.0G

             total       used       free     shared    buffers     cached
Mem:          992M       667M       324M       3.2M        38M       291M
-/+ buffers/cache:       337M       654M
Swap:         8.0G         0B       8.0G

             total       used       free     shared    buffers     cached
Mem:          992M       667M       324M       3.2M        38M       291M
-/+ buffers/cache:       337M       654M
Swap:         8.0G         0B       8.0G

             total       used       free     shared    buffers     cached
Mem:          992M       667M       324M       3.2M        38M       291M
-/+ buffers/cache:       337M       654M
Swap:         8.0G         0B       8.0G

             total       used       free     shared    buffers     cached
Mem:          992M       667M       324M       3.2M        38M       291M
-/+ buffers/cache:       337M       654M
Swap:         8.0G         0B       8.0G

             total       used       free     shared    buffers     cached
Mem:          992M       667M       324M       3.2M        38M       291M
-/+ buffers/cache:       337M       655M
Swap:         8.0G         0B       8.0G

             total       used       free     shared    buffers     cached
Mem:          992M       667M       324M       3.2M        38M       291M
-/+ buffers/cache:       337M       655M
Swap:         8.0G         0B       8.0G

             total       used       free     shared    buffers     cached
Mem:          992M       667M       324M       3.2M        38M       291M
-/+ buffers/cache:       337M       654M
Swap:         8.0G         0B       8.0G

             total       used       free     shared    buffers     cached
Mem:          992M       667M       324M       3.2M        38M       291M
-/+ buffers/cache:       337M       654M
Swap:         8.0G         0B       8.0G

             total       used       free     shared    buffers     cached
Mem:          992M       667M       324M       3.2M        38M       291M
-/+ buffers/cache:       337M       654M
Swap:         8.0G         0B       8.0G

             total       used       free     shared    buffers     cached
Mem:          992M       667M       324M       3.2M        38M       291M
-/+ buffers/cache:       337M       654M
Swap:         8.0G         0B       8.0G

             total       used       free     shared    buffers     cached
Mem:          992M       667M       324M       3.2M        38M       291M
-/+ buffers/cache:       337M       654M
Swap:         8.0G         0B       8.0G

             total       used       free     shared    buffers     cached
Mem:          992M       667M       324M       3.2M        38M       291M
-/+ buffers/cache:       337M       654M
Swap:         8.0G         0B       8.0G

             total       used       free     shared    buffers     cached
Mem:          992M       667M       324M       3.2M        38M       291M
-/+ buffers/cache:       337M       654M
Swap:         8.0G         0B       8.0G

             total       used       free     shared    buffers     cached
Mem:          992M       667M       324M       3.2M        38M       291M
-/+ buffers/cache:       337M       654M
Swap:         8.0G         0B       8.0G

             total       used       free     shared    buffers     cached
Mem:          992M       667M       324M       3.2M        38M       291M
-/+ buffers/cache:       337M       654M
Swap:         8.0G         0B       8.0G

             total       used       free     shared    buffers     cached
Mem:          992M       667M       324M       3.2M        38M       291M
-/+ buffers/cache:       337M       654M
Swap:         8.0G         0B       8.0G

             total       used       free     shared    buffers     cached
Mem:          992M       667M       324M       3.2M        38M       291M
-/+ buffers/cache:       337M       654M
Swap:         8.0G         0B       8.0G

             total       used       free     shared    buffers     cached
Mem:          992M       667M       324M       3.2M        38M       291M
-/+ buffers/cache:       337M       654M
Swap:         8.0G         0B       8.0G

             total       used       free     shared    buffers     cached
Mem:          992M       674M       317M       3.2M        38M       291M
-/+ buffers/cache:       344M       648M
Swap:         8.0G         0B       8.0G

             total       used       free     shared    buffers     cached
Mem:          992M       688M       303M       3.2M        38M       291M
-/+ buffers/cache:       358M       633M
Swap:         8.0G         0B       8.0G

             total       used       free     shared    buffers     cached
Mem:          992M       703M       288M       3.2M        38M       291M
-/+ buffers/cache:       373M       618M
Swap:         8.0G         0B       8.0G

             total       used       free     shared    buffers     cached
Mem:          992M       718M       273M       3.2M        38M       291M
-/+ buffers/cache:       388M       603M
Swap:         8.0G         0B       8.0G

             total       used       free     shared    buffers     cached
Mem:          992M       734M       257M       3.2M        38M       291M
-/+ buffers/cache:       404M       587M
Swap:         8.0G         0B       8.0G

             total       used       free     shared    buffers     cached
Mem:          992M       749M       243M       3.2M        38M       291M
-/+ buffers/cache:       418M       573M
Swap:         8.0G         0B       8.0G

             total       used       free     shared    buffers     cached
Mem:          992M       763M       228M       3.2M        38M       291M
-/+ buffers/cache:       433M       558M
Swap:         8.0G         0B       8.0G

             total       used       free     shared    buffers     cached
Mem:          992M       779M       213M       3.2M        38M       291M
-/+ buffers/cache:       448M       543M
Swap:         8.0G         0B       8.0G

             total       used       free     shared    buffers     cached
Mem:          992M       793M       198M       3.2M        38M       291M
-/+ buffers/cache:       463M       529M
Swap:         8.0G         0B       8.0G

             total       used       free     shared    buffers     cached
Mem:          992M       808M       183M       3.2M        38M       291M
-/+ buffers/cache:       478M       514M
Swap:         8.0G         0B       8.0G

             total       used       free     shared    buffers     cached
Mem:          992M       822M       169M       3.2M        38M       291M
-/+ buffers/cache:       492M       500M
Swap:         8.0G         0B       8.0G

             total       used       free     shared    buffers     cached
Mem:          992M       835M       156M       3.2M        38M       291M
-/+ buffers/cache:       505M       486M
Swap:         8.0G         0B       8.0G

             total       used       free     shared    buffers     cached
Mem:          992M       850M       141M       3.2M        38M       291M
-/+ buffers/cache:       520M       471M
Swap:         8.0G         0B       8.0G

             total       used       free     shared    buffers     cached
Mem:          992M       865M       126M       3.2M        38M       291M
-/+ buffers/cache:       535M       456M
Swap:         8.0G         0B       8.0G

             total       used       free     shared    buffers     cached
Mem:          992M       879M       112M       3.2M        38M       291M
-/+ buffers/cache:       549M       443M
Swap:         8.0G         0B       8.0G

             total       used       free     shared    buffers     cached
Mem:          992M       893M        98M       3.2M        38M       291M
-/+ buffers/cache:       562M       429M
Swap:         8.0G         0B       8.0G

             total       used       free     shared    buffers     cached
Mem:          992M       907M        84M       3.2M        38M       291M
-/+ buffers/cache:       577M       415M
Swap:         8.0G         0B       8.0G

             total       used       free     shared    buffers     cached
Mem:          992M       922M        69M       3.2M        38M       291M
-/+ buffers/cache:       592M       399M
Swap:         8.0G         0B       8.0G

             total       used       free     shared    buffers     cached
Mem:          992M       922M        69M       3.2M        23M       290M
-/+ buffers/cache:       608M       383M
Swap:         8.0G         0B       8.0G

             total       used       free     shared    buffers     cached
Mem:          992M       922M        70M       3.2M        10M       286M
-/+ buffers/cache:       625M       366M
Swap:         8.0G         0B       8.0G

             total       used       free     shared    buffers     cached
Mem:          992M       919M        72M       3.2M        10M       267M
-/+ buffers/cache:       641M       350M
Swap:         8.0G       112K       8.0G

             total       used       free     shared    buffers     cached
Mem:          992M       914M        77M       3.1M       9.8M       247M
-/+ buffers/cache:       656M       335M
Swap:         8.0G       252K       8.0G

             total       used       free     shared    buffers     cached
Mem:          992M       928M        64M       3.1M       9.8M       247M
-/+ buffers/cache:       670M       321M
Swap:         8.0G       252K       8.0G

             total       used       free     shared    buffers     cached
Mem:          992M       927M        65M       3.0M       9.8M       233M
-/+ buffers/cache:       683M       308M
Swap:         8.0G       4.0M       8.0G

             total       used       free     shared    buffers     cached
Mem:          992M       910M        81M       2.9M       9.8M       208M
-/+ buffers/cache:       692M       300M
Swap:         8.0G       8.4M       8.0G

             total       used       free     shared    buffers     cached
Mem:          992M       925M        66M       2.9M       9.8M       208M
-/+ buffers/cache:       707M       284M
Swap:         8.0G       8.4M       8.0G

             total       used       free     shared    buffers     cached
Mem:          992M       926M        65M       2.9M       3.0M       203M
-/+ buffers/cache:       720M       272M
Swap:         8.0G       8.4M       8.0G

             total       used       free     shared    buffers     cached
Mem:          992M       926M        65M       2.9M       1.7M       190M
-/+ buffers/cache:       733M       258M
Swap:         8.0G       8.4M       8.0G

             total       used       free     shared    buffers     cached
Mem:          992M       920M        71M       2.9M       236K       173M
-/+ buffers/cache:       746M       245M
Swap:         8.0G       8.4M       8.0G

             total       used       free     shared    buffers     cached
Mem:          992M       924M        67M       2.9M       240K       163M
-/+ buffers/cache:       760M       231M
Swap:         8.0G       8.4M       8.0G

             total       used       free     shared    buffers     cached
Mem:          992M       917M        74M       2.9M       228K       143M
-/+ buffers/cache:       773M       218M
Swap:         8.0G       8.4M       8.0G

             total       used       free     shared    buffers     cached
Mem:          992M       925M        67M       2.9M       228K       143M
-/+ buffers/cache:       780M       211M
Swap:         8.0G       8.4M       8.0G

             total       used       free     shared    buffers     cached
Mem:          992M       919M        72M       2.9M        80K       127M
-/+ buffers/cache:       792M       200M
Swap:         8.0G       8.4M       8.0G

             total       used       free     shared    buffers     cached
Mem:          992M       917M        74M       2.9M        76K       112M
-/+ buffers/cache:       804M       187M
Swap:         8.0G       8.4M       8.0G

             total       used       free     shared    buffers     cached
Mem:          992M       930M        61M       2.9M        96K       112M
-/+ buffers/cache:       817M       174M
Swap:         8.0G       8.4M       8.0G

             total       used       free     shared    buffers     cached
Mem:          992M       930M        61M       2.9M        96K        99M
-/+ buffers/cache:       831M       160M
Swap:         8.0G       8.4M       8.0G

             total       used       free     shared    buffers     cached
Mem:          992M       912M        79M       2.9M        96K        69M
-/+ buffers/cache:       842M       149M
Swap:         8.0G       8.4M       8.0G

             total       used       free     shared    buffers     cached
Mem:          992M       922M        69M       2.9M       2.5M        63M
-/+ buffers/cache:       856M       136M
Swap:         8.0G       8.4M       8.0G

             total       used       free     shared    buffers     cached
Mem:          992M       922M        69M       2.9M       2.5M        48M
-/+ buffers/cache:       871M       120M
Swap:         8.0G       8.4M       8.0G

             total       used       free     shared    buffers     cached
Mem:          992M       921M        70M       2.9M       2.5M        32M
-/+ buffers/cache:       886M       105M
Swap:         8.0G       8.4M       8.0G

             total       used       free     shared    buffers     cached
Mem:          992M       917M        74M       2.8M       2.5M        20M
-/+ buffers/cache:       894M        97M
Swap:         8.0G        27M       8.0G

             total       used       free     shared    buffers     cached
Mem:          992M       922M        69M       2.8M        84K        12M
-/+ buffers/cache:       909M        82M
Swap:         8.0G        27M       8.0G

             total       used       free     shared    buffers     cached
Mem:          992M       921M        70M       2.8M       480K       9.7M
-/+ buffers/cache:       911M        81M
Swap:         8.0G        27M       8.0G

             total       used       free     shared    buffers     cached
Mem:          992M       921M        70M       2.5M       472K       4.7M
-/+ buffers/cache:       916M        75M
Swap:         8.0G        42M       8.0G

             total       used       free     shared    buffers     cached
Mem:          992M       922M        69M       2.5M       480K       4.7M
-/+ buffers/cache:       917M        75M
Swap:         8.0G        55M       7.9G

             total       used       free     shared    buffers     cached
Mem:          992M       923M        68M       2.5M       480K       4.5M
-/+ buffers/cache:       918M        73M
Swap:         8.0G        73M       7.9G

             total       used       free     shared    buffers     cached
Mem:          992M       926M        66M       2.5M       480K       4.5M
-/+ buffers/cache:       921M        71M
Swap:         8.0G        73M       7.9G

             total       used       free     shared    buffers     cached
Mem:          992M       925M        66M       2.4M       480K       4.6M
-/+ buffers/cache:       920M        72M
Swap:         8.0G        96M       7.9G

             total       used       free     shared    buffers     cached
Mem:          992M       926M        65M       2.4M       480K       4.4M
-/+ buffers/cache:       921M        70M
Swap:         8.0G       102M       7.9G

             total       used       free     shared    buffers     cached
Mem:          992M       910M        81M       2.4M       468K       4.1M
-/+ buffers/cache:       906M        86M
Swap:         8.0G       137M       7.9G

             total       used       free     shared    buffers     cached
Mem:          992M       921M        70M       2.4M       476K       4.1M
-/+ buffers/cache:       917M        74M
Swap:         8.0G       137M       7.9G

             total       used       free     shared    buffers     cached
Mem:          992M       922M        69M       2.4M        84K        22M
-/+ buffers/cache:       899M        92M
Swap:         8.0G       169M       7.8G

             total       used       free     shared    buffers     cached
Mem:          992M       919M        72M       2.4M       344K        22M
-/+ buffers/cache:       896M        95M
Swap:         8.0G       177M       7.8G

             total       used       free     shared    buffers     cached
Mem:          992M       925M        67M       2.4M       792K        22M
-/+ buffers/cache:       901M        90M
Swap:         8.0G       184M       7.8G

             total       used       free     shared    buffers     cached
Mem:          992M       917M        74M       2.4M       792K        21M
-/+ buffers/cache:       895M        96M
Swap:         8.0G       219M       7.8G

             total       used       free     shared    buffers     cached
Mem:          992M       929M        62M       2.4M       800K        21M
-/+ buffers/cache:       907M        84M
Swap:         8.0G       219M       7.8G

             total       used       free     shared    buffers     cached
Mem:          992M       926M        65M       2.4M       788K        21M
-/+ buffers/cache:       904M        87M
Swap:         8.0G       219M       7.8G

             total       used       free     shared    buffers     cached
Mem:          992M       922M        70M       2.4M       756K        19M
-/+ buffers/cache:       902M        90M
Swap:         8.0G       231M       7.8G

             total       used       free     shared    buffers     cached
Mem:          992M       922M        69M       2.3M        84K       7.0M
-/+ buffers/cache:       915M        76M
Swap:         8.0G       232M       7.8G

             total       used       free     shared    buffers     cached
Mem:          992M       922M        70M       2.3M       224K       5.2M
-/+ buffers/cache:       916M        75M
Swap:         8.0G       256M       7.7G

             total       used       free     shared    buffers     cached
Mem:          992M       931M        61M       2.3M       516K       5.2M
-/+ buffers/cache:       925M        66M
Swap:         8.0G       256M       7.7G

             total       used       free     shared    buffers     cached
Mem:          992M       925M        67M       2.3M       516K       4.9M
-/+ buffers/cache:       919M        72M
Swap:         8.0G       256M       7.7G

             total       used       free     shared    buffers     cached
Mem:          992M       919M        72M       2.3M       516K       5.0M
-/+ buffers/cache:       913M        78M
Swap:         8.0G       284M       7.7G

             total       used       free     shared    buffers     cached
Mem:          992M       923M        68M       2.3M       516K       5.0M
-/+ buffers/cache:       917M        74M
Swap:         8.0G       287M       7.7G

             total       used       free     shared    buffers     cached
Mem:          992M       928M        63M       2.3M       516K       5.0M
-/+ buffers/cache:       922M        69M
Swap:         8.0G       287M       7.7G

             total       used       free     shared    buffers     cached
Mem:          992M       921M        70M       2.3M       516K       5.0M
-/+ buffers/cache:       916M        75M
Swap:         8.0G       287M       7.7G

             total       used       free     shared    buffers     cached
Mem:          992M       925M        66M       2.3M       524K       5.0M
-/+ buffers/cache:       920M        72M
Swap:         8.0G       287M       7.7G

             total       used       free     shared    buffers     cached
Mem:          992M       930M        61M       2.3M       524K       5.0M
-/+ buffers/cache:       925M        67M
Swap:         8.0G       287M       7.7G

             total       used       free     shared    buffers     cached
Mem:          992M       923M        68M       1.5M       520K       4.0M
-/+ buffers/cache:       919M        72M
Swap:         8.0G       305M       7.7G

             total       used       free     shared    buffers     cached
Mem:          992M       927M        64M       1.5M       520K       4.0M
-/+ buffers/cache:       923M        68M
Swap:         8.0G       305M       7.7G

             total       used       free     shared    buffers     cached
Mem:          992M       918M        73M        32K       520K       2.4M
-/+ buffers/cache:       916M        76M
Swap:         8.0G       313M       7.7G

             total       used       free     shared    buffers     cached
Mem:          992M       922M        69M         8K       528K       2.4M
-/+ buffers/cache:       919M        72M
Swap:         8.0G       313M       7.7G

             total       used       free     shared    buffers     cached
Mem:          992M       926M        65M         8K       528K       2.4M
-/+ buffers/cache:       923M        68M
Swap:         8.0G       313M       7.7G

             total       used       free     shared    buffers     cached
Mem:          992M       931M        61M         8K       528K       2.4M
-/+ buffers/cache:       928M        64M
Swap:         8.0G       313M       7.7G

             total       used       free     shared    buffers     cached
Mem:          992M       921M        70M         8K       528K       2.3M
-/+ buffers/cache:       918M        73M
Swap:         8.0G       322M       7.7G

             total       used       free     shared    buffers     cached
Mem:          992M       926M        66M         8K       528K       2.4M
-/+ buffers/cache:       923M        68M
Swap:         8.0G       322M       7.7G

             total       used       free     shared    buffers     cached
Mem:          992M       930M        62M         8K       536K       2.4M
-/+ buffers/cache:       927M        64M
Swap:         8.0G       322M       7.7G

             total       used       free     shared    buffers     cached
Mem:          992M       925M        66M         8K       536K       2.3M
-/+ buffers/cache:       923M        69M
Swap:         8.0G       335M       7.7G

             total       used       free     shared    buffers     cached
Mem:          992M       920M        71M         8K       536K       1.7M
-/+ buffers/cache:       918M        73M
Swap:         8.0G       333M       7.7G

             total       used       free     shared    buffers     cached
Mem:          992M       921M        70M         0B       496K       1.5M
-/+ buffers/cache:       919M        72M
Swap:         8.0G       325M       7.7G

             total       used       free     shared    buffers     cached
Mem:          992M       919M        72M         0B       244K       1.4M
-/+ buffers/cache:       918M        74M
Swap:         8.0G       327M       7.7G

             total       used       free     shared    buffers     cached
Mem:          992M       930M        61M         0B       108K       1.4M
-/+ buffers/cache:       929M        63M
Swap:         8.0G       315M       7.7G

             total       used       free     shared    buffers     cached
Mem:          992M       929M        62M         0B       116K       1.4M
-/+ buffers/cache:       927M        64M
Swap:         8.0G       405M       7.6G

             total       used       free     shared    buffers     cached
Mem:          992M       892M        99M         0B       116K       1.4M
-/+ buffers/cache:       891M       100M
Swap:         8.0G       379M       7.6G

             total       used       free     shared    buffers     cached
Mem:          992M       908M        83M         0B       352K       8.0M
-/+ buffers/cache:       900M        92M
Swap:         8.0G       355M       7.6G

             total       used       free     shared    buffers     cached
Mem:          992M       926M        65M         0B       228K        25M
-/+ buffers/cache:       900M        91M
Swap:         8.0G       361M       7.6G

             total       used       free     shared    buffers     cached
Mem:          992M       920M        71M        16K       468K        11M
-/+ buffers/cache:       908M        83M
Swap:         8.0G       346M       7.7G

             total       used       free     shared    buffers     cached
Mem:          992M       926M        65M        16K       240K       1.6M
-/+ buffers/cache:       924M        67M
Swap:         8.0G       462M       7.5G

             total       used       free     shared    buffers     cached
Mem:          992M       918M        73M        16K       472K       1.7M
-/+ buffers/cache:       916M        75M
Swap:         8.0G       438M       7.6G

             total       used       free     shared    buffers     cached
Mem:          992M       926M        66M        16K       476K       1.8M
-/+ buffers/cache:       923M        68M
Swap:         8.0G       425M       7.6G

             total       used       free     shared    buffers     cached
Mem:          992M       920M        71M        16K       476K       1.8M
-/+ buffers/cache:       918M        73M
Swap:         8.0G       373M       7.6G

             total       used       free     shared    buffers     cached
Mem:          992M       921M        71M        16K       476K       1.7M
-/+ buffers/cache:       919M        73M
Swap:         8.0G       337M       7.7G

             total       used       free     shared    buffers     cached
Mem:          992M       926M        65M        16K       484K       1.8M
-/+ buffers/cache:       924M        68M
Swap:         8.0G       331M       7.7G

             total       used       free     shared    buffers     cached
Mem:          992M       921M        70M        16K       472K       1.8M
-/+ buffers/cache:       919M        72M
Swap:         8.0G       338M       7.7G

             total       used       free     shared    buffers     cached
Mem:          992M       917M        74M        16K       472K       2.2M
-/+ buffers/cache:       914M        77M
Swap:         8.0G       339M       7.7G

             total       used       free     shared    buffers     cached
Mem:          992M       921M        70M        16K       472K       2.2M
-/+ buffers/cache:       919M        73M
Swap:         8.0G       338M       7.7G

             total       used       free     shared    buffers     cached
Mem:          992M       925M        66M        16K       472K       2.2M
-/+ buffers/cache:       923M        68M
Swap:         8.0G       337M       7.7G

             total       used       free     shared    buffers     cached
Mem:          992M       916M        75M        16K       104K       2.4M
-/+ buffers/cache:       914M        77M
Swap:         8.0G       358M       7.6G

             total       used       free     shared    buffers     cached
Mem:          992M       918M        73M        16K       112K       2.4M
-/+ buffers/cache:       915M        76M
Swap:         8.0G       358M       7.6G

             total       used       free     shared    buffers     cached
Mem:          992M       923M        68M        16K       112K       2.6M
-/+ buffers/cache:       921M        70M
Swap:         8.0G       358M       7.6G

             total       used       free     shared    buffers     cached
Mem:          992M       930M        61M        16K       112K       2.7M
-/+ buffers/cache:       927M        64M
Swap:         8.0G       358M       7.6G

             total       used       free     shared    buffers     cached
Mem:          992M       922M        69M        16K       112K       2.7M
-/+ buffers/cache:       920M        72M
Swap:         8.0G       358M       7.6G

             total       used       free     shared    buffers     cached
Mem:          992M       928M        64M        16K       112K       2.7M
-/+ buffers/cache:       925M        66M
Swap:         8.0G       358M       7.6G

             total       used       free     shared    buffers     cached
Mem:          992M       914M        77M        16K       108K       2.7M
-/+ buffers/cache:       911M        80M
Swap:         8.0G       378M       7.6G

             total       used       free     shared    buffers     cached
Mem:          992M       918M        73M        16K       108K       2.7M
-/+ buffers/cache:       915M        76M
Swap:         8.0G       378M       7.6G

             total       used       free     shared    buffers     cached
Mem:          992M       921M        71M        16K       108K       2.7M
-/+ buffers/cache:       918M        73M
Swap:         8.0G       378M       7.6G

             total       used       free     shared    buffers     cached
Mem:          992M       922M        69M        16K       108K       2.7M
-/+ buffers/cache:       919M        72M
Swap:         8.0G       377M       7.6G

             total       used       free     shared    buffers     cached
Mem:          992M       924M        67M        16K       108K       2.7M
-/+ buffers/cache:       921M        70M
Swap:         8.0G       377M       7.6G

             total       used       free     shared    buffers     cached
Mem:          992M       926M        65M        16K       116K       2.8M
-/+ buffers/cache:       923M        68M
Swap:         8.0G       376M       7.6G

             total       used       free     shared    buffers     cached
Mem:          992M       928M        64M        16K       116K       2.8M
-/+ buffers/cache:       925M        67M
Swap:         8.0G       375M       7.6G

             total       used       free     shared    buffers     cached
Mem:          992M       929M        62M        16K       116K       2.9M
-/+ buffers/cache:       926M        65M
Swap:         8.0G       374M       7.6G

             total       used       free     shared    buffers     cached
Mem:          992M       920M        71M        16K        76K        19M
-/+ buffers/cache:       900M        91M
Swap:         8.0G       402M       7.6G

             total       used       free     shared    buffers     cached
Mem:          992M       923M        69M        16K       356K        21M
-/+ buffers/cache:       901M        90M
Swap:         8.0G       401M       7.6G

             total       used       free     shared    buffers     cached
Mem:          992M       925M        66M        16K       672K        21M
-/+ buffers/cache:       903M        88M
Swap:         8.0G       401M       7.6G

             total       used       free     shared    buffers     cached
Mem:          992M       927M        65M        16K       680K        21M
-/+ buffers/cache:       904M        87M
Swap:         8.0G       400M       7.6G

             total       used       free     shared    buffers     cached
Mem:          992M       928M        63M        16K       680K        21M
-/+ buffers/cache:       906M        85M
Swap:         8.0G       400M       7.6G

             total       used       free     shared    buffers     cached
Mem:          992M       930M        61M        16K       680K        21M
-/+ buffers/cache:       908M        83M
Swap:         8.0G       399M       7.6G

             total       used       free     shared    buffers     cached
Mem:          992M       915M        76M        16K       680K        20M
-/+ buffers/cache:       894M        97M
Swap:         8.0G       417M       7.6G

             total       used       free     shared    buffers     cached
Mem:          992M       917M        74M        16K       680K        20M
-/+ buffers/cache:       896M        96M
Swap:         8.0G       416M       7.6G

             total       used       free     shared    buffers     cached
Mem:          992M       919M        73M        16K       688K        20M
-/+ buffers/cache:       897M        94M
Swap:         8.0G       415M       7.6G

             total       used       free     shared    buffers     cached
Mem:          992M       920M        71M        16K       688K        20M
-/+ buffers/cache:       899M        92M
Swap:         8.0G       414M       7.6G

             total       used       free     shared    buffers     cached
Mem:          992M       922M        69M        16K       688K        20M
-/+ buffers/cache:       901M        90M
Swap:         8.0G       414M       7.6G

             total       used       free     shared    buffers     cached
Mem:          992M       924M        67M        16K       688K        20M
-/+ buffers/cache:       902M        89M
Swap:         8.0G       413M       7.6G

             total       used       free     shared    buffers     cached
Mem:          992M       926M        66M        16K       688K        20M
-/+ buffers/cache:       904M        87M
Swap:         8.0G       412M       7.6G

             total       used       free     shared    buffers     cached
Mem:          992M       927M        64M        16K       696K        20M
-/+ buffers/cache:       906M        86M
Swap:         8.0G       412M       7.6G

             total       used       free     shared    buffers     cached
Mem:          992M       929M        63M        16K       696K        20M
-/+ buffers/cache:       907M        84M
Swap:         8.0G       411M       7.6G

             total       used       free     shared    buffers     cached
Mem:          992M       930M        61M        16K       696K        20M
-/+ buffers/cache:       909M        83M
Swap:         8.0G       410M       7.6G

             total       used       free     shared    buffers     cached
Mem:          992M       915M        76M        16K       696K        19M
-/+ buffers/cache:       894M        97M
Swap:         8.0G       428M       7.6G

             total       used       free     shared    buffers     cached
Mem:          992M       917M        74M        16K       696K        19M
-/+ buffers/cache:       896M        95M
Swap:         8.0G       427M       7.6G

             total       used       free     shared    buffers     cached
Mem:          992M       918M        73M        16K       696K        19M
-/+ buffers/cache:       898M        94M
Swap:         8.0G       426M       7.6G

             total       used       free     shared    buffers     cached
Mem:          992M       920M        72M        16K       704K        19M
-/+ buffers/cache:       899M        92M
Swap:         8.0G       426M       7.6G

             total       used       free     shared    buffers     cached
Mem:          992M       921M        70M        16K       712K        19M
-/+ buffers/cache:       901M        91M
Swap:         8.0G       425M       7.6G

             total       used       free     shared    buffers     cached
Mem:          992M       923M        68M        16K       712K        19M
-/+ buffers/cache:       902M        89M
Swap:         8.0G       424M       7.6G

             total       used       free     shared    buffers     cached
Mem:          992M       925M        67M        16K       712K        19M
-/+ buffers/cache:       904M        87M
Swap:         8.0G       423M       7.6G

             total       used       free     shared    buffers     cached
Mem:          992M       926M        65M        16K       712K        19M
-/+ buffers/cache:       906M        86M
Swap:         8.0G       423M       7.6G

             total       used       free     shared    buffers     cached
Mem:          992M       928M        64M        16K       720K        19M
-/+ buffers/cache:       907M        84M
Swap:         8.0G       422M       7.6G

             total       used       free     shared    buffers     cached
Mem:          992M       929M        62M        16K       720K        19M
-/+ buffers/cache:       909M        82M
Swap:         8.0G       421M       7.6G

             total       used       free     shared    buffers     cached
Mem:          992M       917M        74M        16K       720K        19M
-/+ buffers/cache:       897M        94M
Swap:         8.0G       433M       7.6G

             total       used       free     shared    buffers     cached
Mem:          992M       918M        73M        16K       720K        18M
-/+ buffers/cache:       899M        92M
Swap:         8.0G       432M       7.6G

             total       used       free     shared    buffers     cached
Mem:          992M       920M        71M        16K       720K        19M
-/+ buffers/cache:       900M        91M
Swap:         8.0G       432M       7.6G

             total       used       free     shared    buffers     cached
Mem:          992M       922M        70M        16K       728K        18M
-/+ buffers/cache:       902M        89M
Swap:         8.0G       431M       7.6G

             total       used       free     shared    buffers     cached
Mem:          992M       923M        68M        16K       728K        18M
-/+ buffers/cache:       903M        88M
Swap:         8.0G       430M       7.6G

             total       used       free     shared    buffers     cached
Mem:          992M       925M        67M        16K       728K        18M
-/+ buffers/cache:       905M        86M
Swap:         8.0G       430M       7.6G

             total       used       free     shared    buffers     cached
Mem:          992M       926M        65M        16K       728K        19M
-/+ buffers/cache:       906M        85M
Swap:         8.0G       429M       7.6G

             total       used       free     shared    buffers     cached
Mem:          992M       928M        63M        16K       728K        19M
-/+ buffers/cache:       908M        83M
Swap:         8.0G       428M       7.6G

             total       used       free     shared    buffers     cached
Mem:          992M       929M        62M        16K       728K        19M
-/+ buffers/cache:       910M        82M
Swap:         8.0G       428M       7.6G

             total       used       free     shared    buffers     cached
Mem:          992M       931M        60M        16K       736K        18M
-/+ buffers/cache:       911M        80M
Swap:         8.0G       427M       7.6G

             total       used       free     shared    buffers     cached
Mem:          992M       921M        70M        16K       1.0M        18M
-/+ buffers/cache:       901M        90M
Swap:         8.0G       435M       7.6G

             total       used       free     shared    buffers     cached
Mem:          992M       912M        79M        16K       764K        26M
-/+ buffers/cache:       885M       106M
Swap:         8.0G       452M       7.6G

             total       used       free     shared    buffers     cached
Mem:          992M       914M        78M        28K       764K        26M
-/+ buffers/cache:       887M       104M
Swap:         8.0G       451M       7.6G

             total       used       free     shared    buffers     cached
Mem:          992M       915M        77M        28K       764K        26M
-/+ buffers/cache:       888M       103M
Swap:         8.0G       451M       7.6G

             total       used       free     shared    buffers     cached
Mem:          992M       917M        74M        28K       772K        27M
-/+ buffers/cache:       889M       103M
Swap:         8.0G       450M       7.6G

             total       used       free     shared    buffers     cached
Mem:          992M       918M        73M        28K       772K        27M
-/+ buffers/cache:       890M       102M
Swap:         8.0G       450M       7.6G

             total       used       free     shared    buffers     cached
Mem:          992M       919M        73M        28K       772K        27M
-/+ buffers/cache:       891M       101M
Swap:         8.0G       449M       7.6G

             total       used       free     shared    buffers     cached
Mem:          992M       920M        71M        28K       772K        27M
-/+ buffers/cache:       892M       100M
Swap:         8.0G       449M       7.6G

             total       used       free     shared    buffers     cached
Mem:          992M       921M        71M        28K       772K        27M
-/+ buffers/cache:       892M        99M
Swap:         8.0G       448M       7.6G

             total       used       free     shared    buffers     cached
Mem:          992M       922M        70M        28K       772K        27M
-/+ buffers/cache:       893M        98M
Swap:         8.0G       448M       7.6G

             total       used       free     shared    buffers     cached
Mem:          992M       924M        67M        28K       908K        28M
-/+ buffers/cache:       895M        96M
Swap:         8.0G       447M       7.6G

             total       used       free     shared    buffers     cached
Mem:          992M       925M        66M        28K       908K        28M
-/+ buffers/cache:       896M        95M
Swap:         8.0G       447M       7.6G

             total       used       free     shared    buffers     cached
Mem:          992M       926M        65M        28K       908K        28M
-/+ buffers/cache:       897M        94M
Swap:         8.0G       446M       7.6G

             total       used       free     shared    buffers     cached
Mem:          992M       927M        64M        28K       908K        28M
-/+ buffers/cache:       898M        93M
Swap:         8.0G       446M       7.6G

             total       used       free     shared    buffers     cached
Mem:          992M       928M        63M        28K       908K        28M
-/+ buffers/cache:       899M        92M
Swap:         8.0G       445M       7.6G

             total       used       free     shared    buffers     cached
Mem:          992M       929M        62M        28K       916K        28M
-/+ buffers/cache:       900M        91M
Swap:         8.0G       445M       7.6G

             total       used       free     shared    buffers     cached
Mem:          992M       930M        61M        28K       916K        28M
-/+ buffers/cache:       901M        91M
Swap:         8.0G       445M       7.6G

             total       used       free     shared    buffers     cached
Mem:          992M       912M        79M        28K       712K        27M
-/+ buffers/cache:       884M       107M
Swap:         8.0G       476M       7.5G

             total       used       free     shared    buffers     cached
Mem:          992M       913M        78M        28K       712K        27M
-/+ buffers/cache:       885M       106M
Swap:         8.0G       476M       7.5G

             total       used       free     shared    buffers     cached
Mem:          992M       914M        77M        28K       712K        27M
-/+ buffers/cache:       886M       105M
Swap:         8.0G       476M       7.5G

             total       used       free     shared    buffers     cached
Mem:          992M       915M        77M        28K       712K        27M
-/+ buffers/cache:       887M       105M
Swap:         8.0G       475M       7.5G

             total       used       free     shared    buffers     cached
Mem:          992M       915M        76M        28K       720K        27M
-/+ buffers/cache:       888M       104M
Swap:         8.0G       475M       7.5G

             total       used       free     shared    buffers     cached
Mem:          992M       916M        75M        28K       720K        27M
-/+ buffers/cache:       888M       103M
Swap:         8.0G       474M       7.5G

             total       used       free     shared    buffers     cached
Mem:          992M       917M        74M        28K       720K        27M
-/+ buffers/cache:       889M       102M
Swap:         8.0G       474M       7.5G

             total       used       free     shared    buffers     cached
Mem:          992M       922M        69M        28K       720K        31M
-/+ buffers/cache:       890M       101M
Swap:         8.0G       473M       7.5G

             total       used       free     shared    buffers     cached
Mem:          992M       923M        68M        28K       720K        31M
-/+ buffers/cache:       891M       100M
Swap:         8.0G       473M       7.5G

             total       used       free     shared    buffers     cached
Mem:          992M       924M        67M        28K       728K        31M
-/+ buffers/cache:       892M        99M
Swap:         8.0G       473M       7.5G

             total       used       free     shared    buffers     cached
Mem:          992M       925M        66M        28K       728K        31M
-/+ buffers/cache:       893M        98M
Swap:         8.0G       472M       7.5G

             total       used       free     shared    buffers     cached
Mem:          992M       926M        65M        28K       728K        31M
-/+ buffers/cache:       894M        97M
Swap:         8.0G       471M       7.5G

             total       used       free     shared    buffers     cached
Mem:          992M       927M        64M        28K       728K        31M
-/+ buffers/cache:       895M        96M
Swap:         8.0G       471M       7.5G

             total       used       free     shared    buffers     cached
Mem:          992M       928M        63M        28K       728K        31M
-/+ buffers/cache:       896M        95M
Swap:         8.0G       470M       7.5G

             total       used       free     shared    buffers     cached
Mem:          992M       929M        62M        28K       728K        31M
-/+ buffers/cache:       897M        94M
Swap:         8.0G       470M       7.5G

             total       used       free     shared    buffers     cached
Mem:          992M       930M        61M        28K       736K        31M
-/+ buffers/cache:       899M        93M
Swap:         8.0G       469M       7.5G

             total       used       free     shared    buffers     cached
Mem:          992M       913M        78M        28K       736K        30M
-/+ buffers/cache:       882M       110M
Swap:         8.0G       471M       7.5G

             total       used       free     shared    buffers     cached
Mem:          992M       914M        77M        28K       736K        30M
-/+ buffers/cache:       883M       109M
Swap:         8.0G       470M       7.5G

             total       used       free     shared    buffers     cached
Mem:          992M       915M        76M        28K       736K        30M
-/+ buffers/cache:       884M       108M
Swap:         8.0G       470M       7.5G

             total       used       free     shared    buffers     cached
Mem:          992M       916M        75M        28K       736K        30M
-/+ buffers/cache:       884M       107M
Swap:         8.0G       469M       7.5G

             total       used       free     shared    buffers     cached
Mem:          992M       917M        74M        28K       744K        30M
-/+ buffers/cache:       885M       106M
Swap:         8.0G       469M       7.5G

             total       used       free     shared    buffers     cached
Mem:          992M       918M        73M        28K       744K        30M
-/+ buffers/cache:       887M       105M
Swap:         8.0G       468M       7.5G

             total       used       free     shared    buffers     cached
Mem:          992M       919M        72M        28K       744K        30M
-/+ buffers/cache:       888M       103M
Swap:         8.0G       468M       7.5G

             total       used       free     shared    buffers     cached
Mem:          992M       920M        71M        28K       744K        30M
-/+ buffers/cache:       889M       102M
Swap:         8.0G       467M       7.5G

             total       used       free     shared    buffers     cached
Mem:          992M       922M        70M        28K       744K        30M
-/+ buffers/cache:       890M       101M
Swap:         8.0G       467M       7.5G

             total       used       free     shared    buffers     cached
Mem:          992M       923M        69M        28K       744K        30M
-/+ buffers/cache:       891M       100M
Swap:         8.0G       466M       7.5G

             total       used       free     shared    buffers     cached
Mem:          992M       924M        67M        28K       752K        30M
-/+ buffers/cache:       892M        99M
Swap:         8.0G       465M       7.5G

             total       used       free     shared    buffers     cached
Mem:          992M       925M        67M        28K       752K        30M
-/+ buffers/cache:       893M        98M
Swap:         8.0G       465M       7.5G

             total       used       free     shared    buffers     cached
Mem:          992M       926M        65M        28K       752K        30M
-/+ buffers/cache:       894M        97M
Swap:         8.0G       464M       7.5G

             total       used       free     shared    buffers     cached
Mem:          992M       927M        64M        28K       752K        30M
-/+ buffers/cache:       895M        96M
Swap:         8.0G       464M       7.5G

             total       used       free     shared    buffers     cached
Mem:          992M       928M        63M        28K       752K        30M
-/+ buffers/cache:       896M        95M
Swap:         8.0G       463M       7.5G

             total       used       free     shared    buffers     cached
Mem:          992M       929M        62M        28K       760K        30M
-/+ buffers/cache:       898M        94M
Swap:         8.0G       463M       7.5G

             total       used       free     shared    buffers     cached
Mem:          992M       930M        61M        28K       760K        30M
-/+ buffers/cache:       899M        93M
Swap:         8.0G       462M       7.5G

             total       used       free     shared    buffers     cached
Mem:          992M       911M        81M        28K       760K        29M
-/+ buffers/cache:       881M       111M
Swap:         8.0G       488M       7.5G

             total       used       free     shared    buffers     cached
Mem:          992M       912M        79M        16K       760K        29M
-/+ buffers/cache:       882M       109M
Swap:         8.0G       487M       7.5G

             total       used       free     shared    buffers     cached
Mem:          992M       913M        78M        16K       760K        29M
-/+ buffers/cache:       883M       108M
Swap:         8.0G       487M       7.5G

             total       used       free     shared    buffers     cached
Mem:          992M       914M        77M        16K       760K        29M
-/+ buffers/cache:       884M       107M
Swap:         8.0G       486M       7.5G

             total       used       free     shared    buffers     cached
Mem:          992M       915M        76M        16K       768K        29M
-/+ buffers/cache:       885M       106M
Swap:         8.0G       486M       7.5G

             total       used       free     shared    buffers     cached
Mem:          992M       916M        75M        16K       768K        29M
-/+ buffers/cache:       886M       105M
Swap:         8.0G       485M       7.5G

             total       used       free     shared    buffers     cached
Mem:          992M       917M        74M        16K       768K        29M
-/+ buffers/cache:       887M       104M
Swap:         8.0G       484M       7.5G

             total       used       free     shared    buffers     cached
Mem:          992M       918M        73M        16K       768K        29M
-/+ buffers/cache:       888M       103M
Swap:         8.0G       484M       7.5G

             total       used       free     shared    buffers     cached
Mem:          992M       919M        72M        16K       768K        29M
-/+ buffers/cache:       889M       102M
Swap:         8.0G       483M       7.5G

             total       used       free     shared    buffers     cached
Mem:          992M       920M        71M        16K       776K        29M
-/+ buffers/cache:       890M       101M
Swap:         8.0G       483M       7.5G

             total       used       free     shared    buffers     cached
Mem:          992M       921M        70M        16K       776K        29M
-/+ buffers/cache:       891M       100M
Swap:         8.0G       482M       7.5G

             total       used       free     shared    buffers     cached
Mem:          992M       923M        68M        16K       776K        29M
-/+ buffers/cache:       893M        98M
Swap:         8.0G       482M       7.5G

             total       used       free     shared    buffers     cached
Mem:          992M       924M        67M        16K       776K        29M
-/+ buffers/cache:       894M        97M
Swap:         8.0G       481M       7.5G

             total       used       free     shared    buffers     cached
Mem:          992M       925M        66M        16K       776K        29M
-/+ buffers/cache:       895M        96M
Swap:         8.0G       480M       7.5G

             total       used       free     shared    buffers     cached
Mem:          992M       926M        65M        16K       776K        29M
-/+ buffers/cache:       896M        95M
Swap:         8.0G       480M       7.5G

             total       used       free     shared    buffers     cached
Mem:          992M       928M        63M        16K       920K        30M
-/+ buffers/cache:       897M        94M
Swap:         8.0G       479M       7.5G

             total       used       free     shared    buffers     cached
Mem:          992M       930M        61M        20K       920K        30M
-/+ buffers/cache:       899M        92M
Swap:         8.0G       478M       7.5G

             total       used       free     shared    buffers     cached
Mem:          992M       918M        74M        20K       904K        28M
-/+ buffers/cache:       888M       103M
Swap:         8.0G       487M       7.5G

             total       used       free     shared    buffers     cached
Mem:          992M       918M        73M        20K       904K        28M
-/+ buffers/cache:       889M       102M
Swap:         8.0G       486M       7.5G

             total       used       free     shared    buffers     cached
Mem:          992M       920M        72M        20K       904K        28M
-/+ buffers/cache:       890M       101M
Swap:         8.0G       486M       7.5G

             total       used       free     shared    buffers     cached
Mem:          992M       927M        65M        20K       912K        30M
-/+ buffers/cache:       896M        96M
Swap:         8.0G       483M       7.5G

             total       used       free     shared    buffers     cached
Mem:          992M       928M        64M        20K       912K        30M
-/+ buffers/cache:       896M        95M
Swap:         8.0G       482M       7.5G

             total       used       free     shared    buffers     cached
Mem:          992M       929M        62M        20K       912K        30M
-/+ buffers/cache:       898M        94M
Swap:         8.0G       481M       7.5G

             total       used       free     shared    buffers     cached
Mem:          992M       903M        88M        20K       392K        26M
-/+ buffers/cache:       876M       116M
Swap:         8.0G       507M       7.5G

             total       used       free     shared    buffers     cached
Mem:          992M       903M        88M        20K       404K        26M
-/+ buffers/cache:       876M       115M
Swap:         8.0G       507M       7.5G

             total       used       free     shared    buffers     cached
Mem:          992M       904M        87M        20K       428K        26M
-/+ buffers/cache:       877M       114M
Swap:         8.0G       507M       7.5G

             total       used       free     shared    buffers     cached
Mem:          992M       905M        87M        20K       436K        26M
-/+ buffers/cache:       877M       114M
Swap:         8.0G       506M       7.5G

             total       used       free     shared    buffers     cached
Mem:          992M       905M        86M        20K       436K        26M
-/+ buffers/cache:       878M       113M
Swap:         8.0G       506M       7.5G

             total       used       free     shared    buffers     cached
Mem:          992M       906M        85M        20K       436K        26M
-/+ buffers/cache:       879M       112M
Swap:         8.0G       506M       7.5G

             total       used       free     shared    buffers     cached
Mem:          992M       907M        85M        20K       436K        26M
-/+ buffers/cache:       879M       112M
Swap:         8.0G       505M       7.5G

             total       used       free     shared    buffers     cached
Mem:          992M       907M        84M        20K       436K        26M
-/+ buffers/cache:       880M       111M
Swap:         8.0G       505M       7.5G

             total       used       free     shared    buffers     cached
Mem:          992M       908M        83M        20K       444K        26M
-/+ buffers/cache:       881M       111M
Swap:         8.0G       505M       7.5G

             total       used       free     shared    buffers     cached
Mem:          992M       908M        83M        20K       444K        26M
-/+ buffers/cache:       881M       110M
Swap:         8.0G       504M       7.5G

             total       used       free     shared    buffers     cached
Mem:          992M       909M        82M        20K       444K        26M
-/+ buffers/cache:       882M       109M
Swap:         8.0G       504M       7.5G

             total       used       free     shared    buffers     cached
Mem:          992M       922M        69M       3.9M       3.1M        47M
-/+ buffers/cache:       872M       119M
Swap:         8.0G       533M       7.5G

             total       used       free     shared    buffers     cached
Mem:          992M       921M        70M       3.9M       4.7M        60M
-/+ buffers/cache:       856M       135M
Swap:         8.0G       544M       7.5G

             total       used       free     shared    buffers     cached
Mem:          992M       921M        71M       244K       3.3M        61M
-/+ buffers/cache:       856M       135M
Swap:         8.0G       549M       7.5G

             total       used       free     shared    buffers     cached
Mem:          992M       921M        70M       248K       3.3M        61M
-/+ buffers/cache:       856M       135M
Swap:         8.0G       548M       7.5G

             total       used       free     shared    buffers     cached
Mem:          992M       922M        69M       248K       3.3M        61M
-/+ buffers/cache:       857M       134M
Swap:         8.0G       548M       7.5G

             total       used       free     shared    buffers     cached
Mem:          992M       924M        68M       248K       3.3M        61M
-/+ buffers/cache:       859M       133M
Swap:         8.0G       547M       7.5G

             total       used       free     shared    buffers     cached
Mem:          992M       925M        66M       248K       3.3M        61M
-/+ buffers/cache:       860M       131M
Swap:         8.0G       547M       7.5G

             total       used       free     shared    buffers     cached
Mem:          992M       926M        65M       248K       3.3M        61M
-/+ buffers/cache:       861M       130M
Swap:         8.0G       546M       7.5G

             total       used       free     shared    buffers     cached
Mem:          992M       928M        63M       248K       3.4M        62M
-/+ buffers/cache:       862M       129M
Swap:         8.0G       545M       7.5G

             total       used       free     shared    buffers     cached
Mem:          992M       930M        61M       248K       3.4M        62M
-/+ buffers/cache:       864M       128M
Swap:         8.0G       545M       7.5G

             total       used       free     shared    buffers     cached
Mem:          992M       931M        60M       248K       3.4M        62M
-/+ buffers/cache:       865M       126M
Swap:         8.0G       544M       7.5G

             total       used       free     shared    buffers     cached
Mem:          992M       911M        80M       248K       3.0M        59M
-/+ buffers/cache:       849M       142M
Swap:         8.0G       557M       7.5G

             total       used       free     shared    buffers     cached
Mem:          992M       913M        79M       248K       3.0M        59M
-/+ buffers/cache:       850M       141M
Swap:         8.0G       556M       7.5G

             total       used       free     shared    buffers     cached
Mem:          992M       913M        78M       248K       3.0M        59M
-/+ buffers/cache:       851M       140M
Swap:         8.0G       556M       7.5G

             total       used       free     shared    buffers     cached
Mem:          992M       915M        76M       248K       3.0M        59M
-/+ buffers/cache:       852M       139M
Swap:         8.0G       555M       7.5G

             total       used       free     shared    buffers     cached
Mem:          992M       916M        75M       248K       3.0M        59M
-/+ buffers/cache:       853M       138M
Swap:         8.0G       555M       7.5G

             total       used       free     shared    buffers     cached
Mem:          992M       917M        74M       248K       3.0M        59M
-/+ buffers/cache:       854M       137M
Swap:         8.0G       554M       7.5G

             total       used       free     shared    buffers     cached
Mem:          992M       919M        72M       248K       3.0M        59M
-/+ buffers/cache:       856M       135M
Swap:         8.0G       553M       7.5G

             total       used       free     shared    buffers     cached
Mem:          992M       920M        71M       248K       3.0M        59M
-/+ buffers/cache:       857M       134M
Swap:         8.0G       553M       7.5G

             total       used       free     shared    buffers     cached
Mem:          992M       921M        70M       248K       3.0M        59M
-/+ buffers/cache:       858M       133M
Swap:         8.0G       552M       7.5G

             total       used       free     shared    buffers     cached
Mem:          992M       922M        69M       248K       3.0M        59M
-/+ buffers/cache:       859M       132M
Swap:         8.0G       551M       7.5G

             total       used       free     shared    buffers     cached
Mem:          992M       923M        68M       248K       3.0M        59M
-/+ buffers/cache:       860M       131M
Swap:         8.0G       551M       7.5G

             total       used       free     shared    buffers     cached
Mem:          992M       925M        67M       248K       3.0M        59M
-/+ buffers/cache:       862M       129M
Swap:         8.0G       550M       7.5G

             total       used       free     shared    buffers     cached
Mem:          992M       926M        65M       248K       3.0M        59M
-/+ buffers/cache:       863M       128M
Swap:         8.0G       549M       7.5G

             total       used       free     shared    buffers     cached
Mem:          992M       927M        64M       248K       3.1M        59M
-/+ buffers/cache:       864M       127M
Swap:         8.0G       549M       7.5G

             total       used       free     shared    buffers     cached
Mem:          992M       928M        63M       248K       3.1M        59M
-/+ buffers/cache:       865M       126M
Swap:         8.0G       548M       7.5G

             total       used       free     shared    buffers     cached
Mem:          992M       930M        62M       248K       3.1M        59M
-/+ buffers/cache:       867M       125M
Swap:         8.0G       548M       7.5G

             total       used       free     shared    buffers     cached
Mem:          992M       931M        61M       248K       3.1M        59M
-/+ buffers/cache:       868M       123M
Swap:         8.0G       547M       7.5G

             total       used       free     shared    buffers     cached
Mem:          992M       913M        79M       248K       3.1M        55M
-/+ buffers/cache:       854M       137M
Swap:         8.0G       570M       7.4G

             total       used       free     shared    buffers     cached
Mem:          992M       914M        77M       248K       3.1M        55M
-/+ buffers/cache:       855M       136M
Swap:         8.0G       570M       7.4G

             total       used       free     shared    buffers     cached
Mem:          992M       915M        76M       248K       3.1M        55M
-/+ buffers/cache:       857M       135M
Swap:         8.0G       569M       7.4G

             total       used       free     shared    buffers     cached
Mem:          992M       916M        75M       248K       3.1M        55M
-/+ buffers/cache:       858M       133M
Swap:         8.0G       568M       7.4G

             total       used       free     shared    buffers     cached
Mem:          992M       918M        74M       248K       3.1M        55M
-/+ buffers/cache:       859M       132M
Swap:         8.0G       568M       7.4G

             total       used       free     shared    buffers     cached
Mem:          992M       925M        66M       248K       4.1M        59M
-/+ buffers/cache:       861M       130M
Swap:         8.0G       567M       7.4G

             total       used       free     shared    buffers     cached
Mem:          992M       927M        64M       252K       4.1M        59M
-/+ buffers/cache:       863M       128M
Swap:         8.0G       566M       7.4G

             total       used       free     shared    buffers     cached
Mem:          992M       928M        63M       252K       4.1M        59M
-/+ buffers/cache:       864M       127M
Swap:         8.0G       566M       7.4G

             total       used       free     shared    buffers     cached
Mem:          992M       929M        62M       252K       4.1M        59M
-/+ buffers/cache:       865M       126M
Swap:         8.0G       565M       7.4G

             total       used       free     shared    buffers     cached
Mem:          992M       931M        61M       252K       4.1M        59M
-/+ buffers/cache:       867M       124M
Swap:         8.0G       564M       7.4G

             total       used       free     shared    buffers     cached
Mem:          992M       916M        75M       252K       4.1M        58M
-/+ buffers/cache:       853M       138M
Swap:         8.0G       565M       7.4G

             total       used       free     shared    buffers     cached
Mem:          992M       913M        78M       296K       6.3M        68M
-/+ buffers/cache:       838M       153M
Swap:         8.0G       577M       7.4G
