             total       used       free     shared    buffers     cached
Mem:          992M       656M       335M       3.2M        38M       289M
-/+ buffers/cache:       329M       663M
Swap:         8.0G         0B       8.0G

             total       used       free     shared    buffers     cached
Mem:          992M       655M       336M       1.4M        38M       287M
-/+ buffers/cache:       329M       663M
Swap:         8.0G         0B       8.0G

             total       used       free     shared    buffers     cached
Mem:          992M       655M       336M       1.4M        38M       287M
-/+ buffers/cache:       328M       663M
Swap:         8.0G         0B       8.0G

             total       used       free     shared    buffers     cached
Mem:          992M       655M       336M       1.4M        38M       287M
-/+ buffers/cache:       328M       663M
Swap:         8.0G         0B       8.0G

             total       used       free     shared    buffers     cached
Mem:          992M       655M       336M       1.4M        38M       287M
-/+ buffers/cache:       328M       663M
Swap:         8.0G         0B       8.0G

             total       used       free     shared    buffers     cached
Mem:          992M       655M       336M       1.4M        38M       287M
-/+ buffers/cache:       328M       663M
Swap:         8.0G         0B       8.0G

             total       used       free     shared    buffers     cached
Mem:          992M       655M       337M       1.4M        38M       287M
-/+ buffers/cache:       328M       663M
Swap:         8.0G         0B       8.0G

             total       used       free     shared    buffers     cached
Mem:          992M       655M       336M       1.4M        38M       288M
-/+ buffers/cache:       328M       663M
Swap:         8.0G         0B       8.0G

             total       used       free     shared    buffers     cached
Mem:          992M       655M       336M       1.4M        38M       288M
-/+ buffers/cache:       328M       663M
Swap:         8.0G         0B       8.0G

             total       used       free     shared    buffers     cached
Mem:          992M       658M       333M       1.4M        38M       288M
-/+ buffers/cache:       331M       660M
Swap:         8.0G         0B       8.0G

             total       used       free     shared    buffers     cached
Mem:          992M       677M       314M       1.4M        38M       288M
-/+ buffers/cache:       350M       641M
Swap:         8.0G         0B       8.0G

             total       used       free     shared    buffers     cached
Mem:          992M       663M       328M       1.4M        38M       289M
-/+ buffers/cache:       335M       656M
Swap:         8.0G         0B       8.0G

             total       used       free     shared    buffers     cached
Mem:          992M       664M       327M       1.4M        38M       289M
-/+ buffers/cache:       336M       655M
Swap:         8.0G         0B       8.0G

             total       used       free     shared    buffers     cached
Mem:          992M       664M       327M       1.4M        38M       289M
-/+ buffers/cache:       336M       655M
Swap:         8.0G         0B       8.0G

             total       used       free     shared    buffers     cached
Mem:          992M       664M       327M       1.4M        38M       289M
-/+ buffers/cache:       336M       655M
Swap:         8.0G         0B       8.0G

             total       used       free     shared    buffers     cached
Mem:          992M       664M       327M       1.4M        38M       289M
-/+ buffers/cache:       336M       655M
Swap:         8.0G         0B       8.0G

             total       used       free     shared    buffers     cached
Mem:          992M       664M       327M       1.4M        38M       289M
-/+ buffers/cache:       336M       655M
Swap:         8.0G         0B       8.0G

             total       used       free     shared    buffers     cached
Mem:          992M       664M       327M       1.4M        38M       289M
-/+ buffers/cache:       336M       655M
Swap:         8.0G         0B       8.0G

             total       used       free     shared    buffers     cached
Mem:          992M       664M       327M       1.4M        38M       289M
-/+ buffers/cache:       336M       655M
Swap:         8.0G         0B       8.0G

             total       used       free     shared    buffers     cached
Mem:          992M       664M       327M       1.4M        38M       289M
-/+ buffers/cache:       336M       655M
Swap:         8.0G         0B       8.0G

             total       used       free     shared    buffers     cached
Mem:          992M       664M       327M       1.4M        38M       289M
-/+ buffers/cache:       336M       655M
Swap:         8.0G         0B       8.0G

             total       used       free     shared    buffers     cached
Mem:          992M       665M       327M       1.4M        38M       289M
-/+ buffers/cache:       336M       655M
Swap:         8.0G         0B       8.0G

             total       used       free     shared    buffers     cached
Mem:          992M       665M       327M       1.4M        38M       289M
-/+ buffers/cache:       336M       655M
Swap:         8.0G         0B       8.0G

             total       used       free     shared    buffers     cached
Mem:          992M       665M       327M       1.4M        38M       289M
-/+ buffers/cache:       336M       655M
Swap:         8.0G         0B       8.0G

             total       used       free     shared    buffers     cached
Mem:          992M       665M       327M       1.4M        38M       289M
-/+ buffers/cache:       336M       655M
Swap:         8.0G         0B       8.0G

             total       used       free     shared    buffers     cached
Mem:          992M       665M       327M       1.4M        38M       289M
-/+ buffers/cache:       336M       655M
Swap:         8.0G         0B       8.0G

             total       used       free     shared    buffers     cached
Mem:          992M       665M       327M       1.4M        38M       289M
-/+ buffers/cache:       336M       655M
Swap:         8.0G         0B       8.0G

             total       used       free     shared    buffers     cached
Mem:          992M       665M       327M       1.4M        38M       289M
-/+ buffers/cache:       336M       655M
Swap:         8.0G         0B       8.0G

             total       used       free     shared    buffers     cached
Mem:          992M       665M       327M       1.4M        38M       289M
-/+ buffers/cache:       336M       655M
Swap:         8.0G         0B       8.0G

             total       used       free     shared    buffers     cached
Mem:          992M       665M       327M       1.4M        38M       289M
-/+ buffers/cache:       336M       655M
Swap:         8.0G         0B       8.0G

             total       used       free     shared    buffers     cached
Mem:          992M       665M       327M       1.4M        38M       289M
-/+ buffers/cache:       336M       655M
Swap:         8.0G         0B       8.0G

             total       used       free     shared    buffers     cached
Mem:          992M       665M       327M       1.4M        38M       289M
-/+ buffers/cache:       336M       655M
Swap:         8.0G         0B       8.0G

             total       used       free     shared    buffers     cached
Mem:          992M       665M       327M       1.4M        38M       289M
-/+ buffers/cache:       336M       655M
Swap:         8.0G         0B       8.0G

             total       used       free     shared    buffers     cached
Mem:          992M       670M       322M       1.4M        38M       289M
-/+ buffers/cache:       341M       650M
Swap:         8.0G         0B       8.0G

             total       used       free     shared    buffers     cached
Mem:          992M       689M       302M       1.4M        38M       289M
-/+ buffers/cache:       360M       631M
Swap:         8.0G         0B       8.0G

             total       used       free     shared    buffers     cached
Mem:          992M       706M       285M       1.4M        38M       289M
-/+ buffers/cache:       377M       614M
Swap:         8.0G         0B       8.0G

             total       used       free     shared    buffers     cached
Mem:          992M       720M       271M       1.4M        38M       289M
-/+ buffers/cache:       391M       600M
Swap:         8.0G         0B       8.0G

             total       used       free     shared    buffers     cached
Mem:          992M       735M       256M       1.4M        38M       289M
-/+ buffers/cache:       406M       585M
Swap:         8.0G         0B       8.0G

             total       used       free     shared    buffers     cached
Mem:          992M       750M       241M       1.4M        38M       289M
-/+ buffers/cache:       422M       569M
Swap:         8.0G         0B       8.0G

             total       used       free     shared    buffers     cached
Mem:          992M       765M       226M       1.4M        38M       289M
-/+ buffers/cache:       436M       555M
Swap:         8.0G         0B       8.0G

             total       used       free     shared    buffers     cached
Mem:          992M       778M       214M       1.4M        38M       289M
-/+ buffers/cache:       449M       542M
Swap:         8.0G         0B       8.0G

             total       used       free     shared    buffers     cached
Mem:          992M       790M       201M       1.4M        38M       289M
-/+ buffers/cache:       462M       529M
Swap:         8.0G         0B       8.0G

             total       used       free     shared    buffers     cached
Mem:          992M       806M       186M       1.4M        38M       289M
-/+ buffers/cache:       477M       514M
Swap:         8.0G         0B       8.0G

             total       used       free     shared    buffers     cached
Mem:          992M       822M       170M       1.4M        38M       289M
-/+ buffers/cache:       493M       498M
Swap:         8.0G         0B       8.0G

             total       used       free     shared    buffers     cached
Mem:          992M       836M       156M       1.4M        38M       289M
-/+ buffers/cache:       507M       484M
Swap:         8.0G         0B       8.0G

             total       used       free     shared    buffers     cached
Mem:          992M       851M       141M       1.4M        38M       289M
-/+ buffers/cache:       522M       469M
Swap:         8.0G         0B       8.0G

             total       used       free     shared    buffers     cached
Mem:          992M       864M       127M       1.4M        38M       289M
-/+ buffers/cache:       536M       455M
Swap:         8.0G         0B       8.0G

             total       used       free     shared    buffers     cached
Mem:          992M       880M       112M       1.4M        38M       289M
-/+ buffers/cache:       551M       440M
Swap:         8.0G         0B       8.0G

             total       used       free     shared    buffers     cached
Mem:          992M       891M       101M       1.4M        38M       289M
-/+ buffers/cache:       562M       429M
Swap:         8.0G         0B       8.0G

             total       used       free     shared    buffers     cached
Mem:          992M       905M        86M       1.4M        38M       289M
-/+ buffers/cache:       576M       415M
Swap:         8.0G         0B       8.0G

             total       used       free     shared    buffers     cached
Mem:          992M       920M        71M       1.4M        38M       289M
-/+ buffers/cache:       591M       400M
Swap:         8.0G         0B       8.0G

             total       used       free     shared    buffers     cached
Mem:          992M       923M        68M       1.4M        28M       288M
-/+ buffers/cache:       606M       385M
Swap:         8.0G         0B       8.0G

             total       used       free     shared    buffers     cached
Mem:          992M       921M        70M       1.4M        13M       288M
-/+ buffers/cache:       620M       371M
Swap:         8.0G         0B       8.0G

             total       used       free     shared    buffers     cached
Mem:          992M       930M        61M       1.4M        10M       286M
-/+ buffers/cache:       633M       358M
Swap:         8.0G         0B       8.0G

             total       used       free     shared    buffers     cached
Mem:          992M       927M        64M       1.4M        10M       269M
-/+ buffers/cache:       647M       344M
Swap:         8.0G        76K       8.0G

             total       used       free     shared    buffers     cached
Mem:          992M       920M        71M       1.3M       9.8M       249M
-/+ buffers/cache:       660M       331M
Swap:         8.0G       352K       8.0G

             total       used       free     shared    buffers     cached
Mem:          992M       916M        75M       1.2M       9.8M       233M
-/+ buffers/cache:       673M       318M
Swap:         8.0G       4.3M       8.0G

             total       used       free     shared    buffers     cached
Mem:          992M       930M        61M       1.2M       9.8M       233M
-/+ buffers/cache:       687M       304M
Swap:         8.0G       4.3M       8.0G

             total       used       free     shared    buffers     cached
Mem:          992M       917M        75M       1.1M       9.8M       210M
-/+ buffers/cache:       696M       295M
Swap:         8.0G       8.5M       8.0G

             total       used       free     shared    buffers     cached
Mem:          992M       929M        62M       1.1M       9.8M       210M
-/+ buffers/cache:       709M       282M
Swap:         8.0G       8.5M       8.0G

             total       used       free     shared    buffers     cached
Mem:          992M       927M        64M       1.1M       3.2M       201M
-/+ buffers/cache:       722M       269M
Swap:         8.0G       8.5M       8.0G

             total       used       free     shared    buffers     cached
Mem:          992M       927M        64M       1.1M       2.0M       190M
-/+ buffers/cache:       734M       257M
Swap:         8.0G       8.5M       8.0G

             total       used       free     shared    buffers     cached
Mem:          992M       918M        73M       1.1M       376K       169M
-/+ buffers/cache:       748M       243M
Swap:         8.0G       8.5M       8.0G

             total       used       free     shared    buffers     cached
Mem:          992M       932M        59M       1.1M       376K       169M
-/+ buffers/cache:       762M       229M
Swap:         8.0G       8.5M       8.0G

             total       used       free     shared    buffers     cached
Mem:          992M       925M        66M       1.1M       360K       149M
-/+ buffers/cache:       776M       215M
Swap:         8.0G       8.5M       8.0G

             total       used       free     shared    buffers     cached
Mem:          992M       930M        61M       1.1M       360K       149M
-/+ buffers/cache:       781M       210M
Swap:         8.0G       8.5M       8.0G

             total       used       free     shared    buffers     cached
Mem:          992M       926M        65M       1.1M       356K       131M
-/+ buffers/cache:       795M       197M
Swap:         8.0G       8.5M       8.0G

             total       used       free     shared    buffers     cached
Mem:          992M       925M        67M       1.1M       216K       116M
-/+ buffers/cache:       808M       183M
Swap:         8.0G       8.5M       8.0G

             total       used       free     shared    buffers     cached
Mem:          992M       923M        68M       1.1M       216K       102M
-/+ buffers/cache:       821M       170M
Swap:         8.0G       8.5M       8.0G

             total       used       free     shared    buffers     cached
Mem:          992M       921M        70M       1.1M       1.4M        88M
-/+ buffers/cache:       831M       160M
Swap:         8.0G       9.0M       8.0G

             total       used       free     shared    buffers     cached
Mem:          992M       914M        77M       1.1M       1.4M        68M
-/+ buffers/cache:       844M       147M
Swap:         8.0G       9.0M       8.0G

             total       used       free     shared    buffers     cached
Mem:          992M       927M        64M       1.1M       1.4M        68M
-/+ buffers/cache:       857M       134M
Swap:         8.0G       9.0M       8.0G

             total       used       free     shared    buffers     cached
Mem:          992M       923M        68M       1.1M       1.5M        51M
-/+ buffers/cache:       870M       121M
Swap:         8.0G       9.0M       8.0G

             total       used       free     shared    buffers     cached
Mem:          992M       923M        68M       1.1M       1.5M        38M
-/+ buffers/cache:       883M       108M
Swap:         8.0G       9.0M       8.0G

             total       used       free     shared    buffers     cached
Mem:          992M       920M        71M       1.1M       1.5M        22M
-/+ buffers/cache:       897M        95M
Swap:         8.0G       9.3M       8.0G

             total       used       free     shared    buffers     cached
Mem:          992M       920M        71M       992K       1.7M        13M
-/+ buffers/cache:       905M        86M
Swap:         8.0G        21M       8.0G

             total       used       free     shared    buffers     cached
Mem:          992M       920M        71M       980K       332K       6.9M
-/+ buffers/cache:       913M        79M
Swap:         8.0G        21M       8.0G

             total       used       free     shared    buffers     cached
Mem:          992M       929M        62M       980K       104K       3.4M
-/+ buffers/cache:       925M        66M
Swap:         8.0G        21M       8.0G

             total       used       free     shared    buffers     cached
Mem:          992M       924M        67M       688K       116K       2.8M
-/+ buffers/cache:       921M        70M
Swap:         8.0G        41M       8.0G

             total       used       free     shared    buffers     cached
Mem:          992M       921M        70M       688K       124K       3.0M
-/+ buffers/cache:       918M        73M
Swap:         8.0G        70M       7.9G

             total       used       free     shared    buffers     cached
Mem:          992M       920M        71M       684K       124K       3.2M
-/+ buffers/cache:       917M        74M
Swap:         8.0G        70M       7.9G

             total       used       free     shared    buffers     cached
Mem:          992M       921M        70M       684K       124K       3.1M
-/+ buffers/cache:       918M        73M
Swap:         8.0G        92M       7.9G

             total       used       free     shared    buffers     cached
Mem:          992M       922M        69M       656K       124K       3.0M
-/+ buffers/cache:       919M        72M
Swap:         8.0G        94M       7.9G

             total       used       free     shared    buffers     cached
Mem:          992M       921M        70M       656K       132K       3.0M
-/+ buffers/cache:       918M        73M
Swap:         8.0G       111M       7.9G

             total       used       free     shared    buffers     cached
Mem:          992M       917M        74M       652K       132K       3.0M
-/+ buffers/cache:       914M        77M
Swap:         8.0G       131M       7.9G

             total       used       free     shared    buffers     cached
Mem:          992M       918M        73M       652K       132K       3.0M
-/+ buffers/cache:       915M        76M
Swap:         8.0G       137M       7.9G

             total       used       free     shared    buffers     cached
Mem:          992M       929M        62M       652K       132K       3.0M
-/+ buffers/cache:       926M        65M
Swap:         8.0G       140M       7.9G

             total       used       free     shared    buffers     cached
Mem:          992M       929M        63M       592K       116K       2.9M
-/+ buffers/cache:       926M        66M
Swap:         8.0G       163M       7.8G

             total       used       free     shared    buffers     cached
Mem:          992M       927M        65M       588K       124K       2.9M
-/+ buffers/cache:       924M        68M
Swap:         8.0G       166M       7.8G

             total       used       free     shared    buffers     cached
Mem:          992M       923M        68M       576K       124K       2.9M
-/+ buffers/cache:       920M        71M
Swap:         8.0G       199M       7.8G

             total       used       free     shared    buffers     cached
Mem:          992M       925M        66M       576K       124K       2.9M
-/+ buffers/cache:       922M        69M
Swap:         8.0G       199M       7.8G

             total       used       free     shared    buffers     cached
Mem:          992M       918M        73M       572K       124K       2.9M
-/+ buffers/cache:       915M        76M
Swap:         8.0G       232M       7.8G

             total       used       free     shared    buffers     cached
Mem:          992M       920M        71M       572K       124K       2.9M
-/+ buffers/cache:       917M        74M
Swap:         8.0G       232M       7.8G

             total       used       free     shared    buffers     cached
Mem:          992M       914M        77M       572K       124K       2.9M
-/+ buffers/cache:       911M        80M
Swap:         8.0G       253M       7.7G

             total       used       free     shared    buffers     cached
Mem:          992M       924M        67M       540K       132K       2.9M
-/+ buffers/cache:       921M        70M
Swap:         8.0G       253M       7.7G

             total       used       free     shared    buffers     cached
Mem:          992M       912M        79M       540K       132K       2.8M
-/+ buffers/cache:       909M        82M
Swap:         8.0G       278M       7.7G

             total       used       free     shared    buffers     cached
Mem:          992M       919M        72M       540K       132K       2.9M
-/+ buffers/cache:       916M        75M
Swap:         8.0G       278M       7.7G

             total       used       free     shared    buffers     cached
Mem:          992M       926M        65M       540K       132K       2.9M
-/+ buffers/cache:       923M        68M
Swap:         8.0G       278M       7.7G

             total       used       free     shared    buffers     cached
Mem:          992M       909M        82M       540K        88K        13M
-/+ buffers/cache:       895M        96M
Swap:         8.0G       327M       7.7G

             total       used       free     shared    buffers     cached
Mem:          992M       917M        74M       540K       544K        17M
-/+ buffers/cache:       899M        92M
Swap:         8.0G       327M       7.7G

             total       used       free     shared    buffers     cached
Mem:          992M       922M        70M       540K       544K        17M
-/+ buffers/cache:       903M        88M
Swap:         8.0G       327M       7.7G

             total       used       free     shared    buffers     cached
Mem:          992M       926M        65M       540K       544K        17M
-/+ buffers/cache:       908M        84M
Swap:         8.0G       327M       7.7G

             total       used       free     shared    buffers     cached
Mem:          992M       920M        71M       540K       544K        17M
-/+ buffers/cache:       902M        89M
Swap:         8.0G       327M       7.7G

             total       used       free     shared    buffers     cached
Mem:          992M       923M        68M       540K       544K        17M
-/+ buffers/cache:       905M        86M
Swap:         8.0G       327M       7.7G

             total       used       free     shared    buffers     cached
Mem:          992M       928M        63M       540K       552K        17M
-/+ buffers/cache:       910M        81M
Swap:         8.0G       327M       7.7G

             total       used       free     shared    buffers     cached
Mem:          992M       918M        73M       540K       496K        13M
-/+ buffers/cache:       905M        86M
Swap:         8.0G       341M       7.7G

             total       used       free     shared    buffers     cached
Mem:          992M       924M        67M       540K       496K        13M
-/+ buffers/cache:       910M        81M
Swap:         8.0G       341M       7.7G

             total       used       free     shared    buffers     cached
Mem:          992M       927M        64M       540K       496K        13M
-/+ buffers/cache:       914M        78M
Swap:         8.0G       341M       7.7G

             total       used       free     shared    buffers     cached
Mem:          992M       930M        61M        20K       496K       8.3M
-/+ buffers/cache:       921M        70M
Swap:         8.0G       342M       7.7G

             total       used       free     shared    buffers     cached
Mem:          992M       920M        71M         4K       188K       1.9M
-/+ buffers/cache:       918M        73M
Swap:         8.0G       328M       7.7G

             total       used       free     shared    buffers     cached
Mem:          992M       923M        68M         0B        80K       2.6M
-/+ buffers/cache:       920M        71M
Swap:         8.0G       417M       7.6G

             total       used       free     shared    buffers     cached
Mem:          992M       918M        73M         0B       368K       2.9M
-/+ buffers/cache:       915M        76M
Swap:         8.0G       409M       7.6G

             total       used       free     shared    buffers     cached
Mem:          992M       924M        67M         0B       368K       2.8M
-/+ buffers/cache:       921M        70M
Swap:         8.0G       347M       7.7G

             total       used       free     shared    buffers     cached
Mem:          992M       921M        70M         0B       368K       2.5M
-/+ buffers/cache:       918M        73M
Swap:         8.0G       326M       7.7G

             total       used       free     shared    buffers     cached
Mem:          992M       924M        68M         0B       236K       1.9M
-/+ buffers/cache:       921M        70M
Swap:         8.0G       327M       7.7G

             total       used       free     shared    buffers     cached
Mem:          992M       919M        72M         0B        88K       1.6M
-/+ buffers/cache:       917M        74M
Swap:         8.0G       329M       7.7G

             total       used       free     shared    buffers     cached
Mem:          992M       921M        70M         0B        88K       1.5M
-/+ buffers/cache:       919M        72M
Swap:         8.0G       333M       7.7G

             total       used       free     shared    buffers     cached
Mem:          992M       923M        68M         0B        88K       1.4M
-/+ buffers/cache:       921M        70M
Swap:         8.0G       330M       7.7G

             total       used       free     shared    buffers     cached
Mem:          992M       919M        72M         0B        88K       1.4M
-/+ buffers/cache:       918M        73M
Swap:         8.0G       335M       7.7G

             total       used       free     shared    buffers     cached
Mem:          992M       924M        68M         0B        88K       1.4M
-/+ buffers/cache:       922M        69M
Swap:         8.0G       336M       7.7G

             total       used       free     shared    buffers     cached
Mem:          992M       923M        69M         0B        96K       1.3M
-/+ buffers/cache:       921M        70M
Swap:         8.0G       426M       7.6G

             total       used       free     shared    buffers     cached
Mem:          992M       919M        72M         0B        96K       2.0M
-/+ buffers/cache:       917M        74M
Swap:         8.0G       416M       7.6G

             total       used       free     shared    buffers     cached
Mem:          992M       923M        68M         0B        96K       2.0M
-/+ buffers/cache:       921M        70M
Swap:         8.0G       414M       7.6G

             total       used       free     shared    buffers     cached
Mem:          992M       924M        67M         0B        96K       2.0M
-/+ buffers/cache:       922M        69M
Swap:         8.0G       414M       7.6G

             total       used       free     shared    buffers     cached
Mem:          992M       930M        61M         0B        96K       2.0M
-/+ buffers/cache:       928M        63M
Swap:         8.0G       412M       7.6G

             total       used       free     shared    buffers     cached
Mem:          992M       924M        67M         0B        96K       2.0M
-/+ buffers/cache:       922M        69M
Swap:         8.0G       412M       7.6G

             total       used       free     shared    buffers     cached
Mem:          992M       920M        71M         0B       104K       2.0M
-/+ buffers/cache:       918M        74M
Swap:         8.0G       412M       7.6G

             total       used       free     shared    buffers     cached
Mem:          992M       926M        65M         0B       104K       2.0M
-/+ buffers/cache:       924M        67M
Swap:         8.0G       412M       7.6G

             total       used       free     shared    buffers     cached
Mem:          992M       921M        70M         0B       104K       2.0M
-/+ buffers/cache:       919M        72M
Swap:         8.0G       412M       7.6G

             total       used       free     shared    buffers     cached
Mem:          992M       929M        62M         0B       244K       2.7M
-/+ buffers/cache:       926M        65M
Swap:         8.0G       412M       7.6G

             total       used       free     shared    buffers     cached
Mem:          992M       910M        81M         0B       184K       2.7M
-/+ buffers/cache:       908M        84M
Swap:         8.0G       410M       7.6G

             total       used       free     shared    buffers     cached
Mem:          992M       912M        79M         0B       192K       2.8M
-/+ buffers/cache:       909M        82M
Swap:         8.0G       409M       7.6G

             total       used       free     shared    buffers     cached
Mem:          992M       914M        77M         0B       192K       2.7M
-/+ buffers/cache:       911M        80M
Swap:         8.0G       408M       7.6G

             total       used       free     shared    buffers     cached
Mem:          992M       917M        74M         0B       192K       2.8M
-/+ buffers/cache:       914M        77M
Swap:         8.0G       407M       7.6G

             total       used       free     shared    buffers     cached
Mem:          992M       919M        72M         0B       192K       2.7M
-/+ buffers/cache:       916M        75M
Swap:         8.0G       406M       7.6G

             total       used       free     shared    buffers     cached
Mem:          992M       921M        70M         0B       192K       2.8M
-/+ buffers/cache:       918M        73M
Swap:         8.0G       405M       7.6G

             total       used       free     shared    buffers     cached
Mem:          992M       923M        68M         0B       200K       2.8M
-/+ buffers/cache:       920M        71M
Swap:         8.0G       404M       7.6G

             total       used       free     shared    buffers     cached
Mem:          992M       925M        66M         0B       200K       2.8M
-/+ buffers/cache:       922M        69M
Swap:         8.0G       402M       7.6G

             total       used       free     shared    buffers     cached
Mem:          992M       927M        64M         0B       200K       2.8M
-/+ buffers/cache:       925M        67M
Swap:         8.0G       401M       7.6G

             total       used       free     shared    buffers     cached
Mem:          992M       930M        61M         0B       200K       2.8M
-/+ buffers/cache:       927M        64M
Swap:         8.0G       400M       7.6G

             total       used       free     shared    buffers     cached
Mem:          992M       919M        72M         0B       200K       2.8M
-/+ buffers/cache:       916M        75M
Swap:         8.0G       399M       7.6G

             total       used       free     shared    buffers     cached
Mem:          992M       921M        70M         0B       200K       2.9M
-/+ buffers/cache:       918M        73M
Swap:         8.0G       397M       7.6G

             total       used       free     shared    buffers     cached
Mem:          992M       923M        68M         0B       216K       2.9M
-/+ buffers/cache:       920M        71M
Swap:         8.0G       396M       7.6G

             total       used       free     shared    buffers     cached
Mem:          992M       926M        66M         0B       216K       2.9M
-/+ buffers/cache:       923M        69M
Swap:         8.0G       395M       7.6G

             total       used       free     shared    buffers     cached
Mem:          992M       928M        63M         0B       216K       2.9M
-/+ buffers/cache:       925M        66M
Swap:         8.0G       393M       7.6G

             total       used       free     shared    buffers     cached
Mem:          992M       931M        60M         0B       216K       3.3M
-/+ buffers/cache:       927M        64M
Swap:         8.0G       392M       7.6G

             total       used       free     shared    buffers     cached
Mem:          992M       915M        77M         0B       216K       3.2M
-/+ buffers/cache:       911M        80M
Swap:         8.0G       409M       7.6G

             total       used       free     shared    buffers     cached
Mem:          992M       917M        75M         0B       224K       3.1M
-/+ buffers/cache:       913M        78M
Swap:         8.0G       408M       7.6G

             total       used       free     shared    buffers     cached
Mem:          992M       919M        72M         0B       224K       3.2M
-/+ buffers/cache:       915M        76M
Swap:         8.0G       407M       7.6G

             total       used       free     shared    buffers     cached
Mem:          992M       921M        70M         0B       224K       3.2M
-/+ buffers/cache:       918M        74M
Swap:         8.0G       405M       7.6G

             total       used       free     shared    buffers     cached
Mem:          992M       923M        68M         0B       224K       3.2M
-/+ buffers/cache:       920M        71M
Swap:         8.0G       404M       7.6G

             total       used       free     shared    buffers     cached
Mem:          992M       926M        65M         0B       224K       3.2M
-/+ buffers/cache:       923M        69M
Swap:         8.0G       403M       7.6G

             total       used       free     shared    buffers     cached
Mem:          992M       928M        63M         0B       232K       3.2M
-/+ buffers/cache:       924M        67M
Swap:         8.0G       401M       7.6G

             total       used       free     shared    buffers     cached
Mem:          992M       930M        61M         0B       232K       3.2M
-/+ buffers/cache:       927M        65M
Swap:         8.0G       400M       7.6G

             total       used       free     shared    buffers     cached
Mem:          992M       916M        75M         0B       232K       3.1M
-/+ buffers/cache:       912M        79M
Swap:         8.0G       414M       7.6G

             total       used       free     shared    buffers     cached
Mem:          992M       918M        73M         0B       232K       3.1M
-/+ buffers/cache:       915M        76M
Swap:         8.0G       413M       7.6G

             total       used       free     shared    buffers     cached
Mem:          992M       921M        70M         0B       232K       3.1M
-/+ buffers/cache:       918M        74M
Swap:         8.0G       412M       7.6G

             total       used       free     shared    buffers     cached
Mem:          992M       923M        68M         0B       232K       3.1M
-/+ buffers/cache:       920M        71M
Swap:         8.0G       410M       7.6G

             total       used       free     shared    buffers     cached
Mem:          992M       920M        71M         0B        88K        20M
-/+ buffers/cache:       899M        92M
Swap:         8.0G       435M       7.6G

             total       used       free     shared    buffers     cached
Mem:          992M       924M        67M         0B       560K        21M
-/+ buffers/cache:       902M        89M
Swap:         8.0G       434M       7.6G

             total       used       free     shared    buffers     cached
Mem:          992M       926M        65M         0B       560K        21M
-/+ buffers/cache:       904M        88M
Swap:         8.0G       433M       7.6G

             total       used       free     shared    buffers     cached
Mem:          992M       928M        63M         0B       560K        21M
-/+ buffers/cache:       906M        85M
Swap:         8.0G       431M       7.6G

             total       used       free     shared    buffers     cached
Mem:          992M       931M        61M         0B       560K        21M
-/+ buffers/cache:       909M        83M
Swap:         8.0G       430M       7.6G

             total       used       free     shared    buffers     cached
Mem:          992M       919M        73M         0B       568K        21M
-/+ buffers/cache:       897M        94M
Swap:         8.0G       444M       7.6G

             total       used       free     shared    buffers     cached
Mem:          992M       921M        71M         0B       568K        21M
-/+ buffers/cache:       899M        92M
Swap:         8.0G       443M       7.6G

             total       used       free     shared    buffers     cached
Mem:          992M       923M        68M         0B       568K        21M
-/+ buffers/cache:       901M        90M
Swap:         8.0G       442M       7.6G

             total       used       free     shared    buffers     cached
Mem:          992M       925M        67M         0B       568K        21M
-/+ buffers/cache:       903M        88M
Swap:         8.0G       441M       7.6G

             total       used       free     shared    buffers     cached
Mem:          992M       927M        64M         0B       568K        21M
-/+ buffers/cache:       905M        86M
Swap:         8.0G       440M       7.6G

             total       used       free     shared    buffers     cached
Mem:          992M       929M        62M         0B       576K        21M
-/+ buffers/cache:       908M        84M
Swap:         8.0G       439M       7.6G

             total       used       free     shared    buffers     cached
Mem:          992M       917M        74M         0B       576K        20M
-/+ buffers/cache:       896M        95M
Swap:         8.0G       452M       7.6G

             total       used       free     shared    buffers     cached
Mem:          992M       920M        71M         0B       576K        20M
-/+ buffers/cache:       899M        93M
Swap:         8.0G       450M       7.6G

             total       used       free     shared    buffers     cached
Mem:          992M       922M        69M         0B       576K        20M
-/+ buffers/cache:       900M        91M
Swap:         8.0G       450M       7.6G

             total       used       free     shared    buffers     cached
Mem:          992M       924M        67M         0B       580K        20M
-/+ buffers/cache:       903M        89M
Swap:         8.0G       448M       7.6G

             total       used       free     shared    buffers     cached
Mem:          992M       926M        65M         0B       580K        20M
-/+ buffers/cache:       905M        86M
Swap:         8.0G       447M       7.6G

             total       used       free     shared    buffers     cached
Mem:          992M       929M        62M         0B       588K        22M
-/+ buffers/cache:       906M        85M
Swap:         8.0G       446M       7.6G

             total       used       free     shared    buffers     cached
Mem:          992M       930M        61M         0B       588K        22M
-/+ buffers/cache:       907M        84M
Swap:         8.0G       446M       7.6G

             total       used       free     shared    buffers     cached
Mem:          992M       930M        61M         0B       588K        22M
-/+ buffers/cache:       908M        83M
Swap:         8.0G       445M       7.6G

             total       used       free     shared    buffers     cached
Mem:          992M       918M        73M         0B       588K        21M
-/+ buffers/cache:       896M        96M
Swap:         8.0G       458M       7.5G

             total       used       free     shared    buffers     cached
Mem:          992M       919M        73M         0B       588K        21M
-/+ buffers/cache:       896M        95M
Swap:         8.0G       457M       7.5G

             total       used       free     shared    buffers     cached
Mem:          992M       920M        72M         0B       596K        21M
-/+ buffers/cache:       897M        94M
Swap:         8.0G       457M       7.6G

             total       used       free     shared    buffers     cached
Mem:          992M       922M        69M         0B       884K        22M
-/+ buffers/cache:       899M        92M
Swap:         8.0G       456M       7.6G

             total       used       free     shared    buffers     cached
Mem:          992M       920M        71M         0B       1.0M        27M
-/+ buffers/cache:       892M       100M
Swap:         8.0G       466M       7.5G

             total       used       free     shared    buffers     cached
Mem:          992M       912M        79M        16K       1.0M        30M
-/+ buffers/cache:       880M       111M
Swap:         8.0G       480M       7.5G

             total       used       free     shared    buffers     cached
Mem:          992M       913M        78M        16K       1.0M        30M
-/+ buffers/cache:       882M       110M
Swap:         8.0G       479M       7.5G

             total       used       free     shared    buffers     cached
Mem:          992M       915M        77M        16K       1.0M        30M
-/+ buffers/cache:       883M       108M
Swap:         8.0G       478M       7.5G

             total       used       free     shared    buffers     cached
Mem:          992M       915M        76M        16K       1.0M        30M
-/+ buffers/cache:       884M       107M
Swap:         8.0G       478M       7.5G

             total       used       free     shared    buffers     cached
Mem:          992M       917M        75M        16K       1.0M        30M
-/+ buffers/cache:       885M       106M
Swap:         8.0G       477M       7.5G

             total       used       free     shared    buffers     cached
Mem:          992M       918M        73M        16K       1.0M        30M
-/+ buffers/cache:       886M       105M
Swap:         8.0G       477M       7.5G

             total       used       free     shared    buffers     cached
Mem:          992M       919M        72M        16K       1.0M        30M
-/+ buffers/cache:       887M       104M
Swap:         8.0G       476M       7.5G

             total       used       free     shared    buffers     cached
Mem:          992M       922M        69M        16K       1.0M        31M
-/+ buffers/cache:       889M       102M
Swap:         8.0G       475M       7.5G

             total       used       free     shared    buffers     cached
Mem:          992M       923M        68M        16K       1.0M        31M
-/+ buffers/cache:       891M       100M
Swap:         8.0G       475M       7.5G

             total       used       free     shared    buffers     cached
Mem:          992M       924M        67M        16K       1.0M        31M
-/+ buffers/cache:       892M        99M
Swap:         8.0G       474M       7.5G

             total       used       free     shared    buffers     cached
Mem:          992M       926M        65M        16K       1.0M        31M
-/+ buffers/cache:       893M        98M
Swap:         8.0G       473M       7.5G

             total       used       free     shared    buffers     cached
Mem:          992M       927M        64M        16K       1.0M        31M
-/+ buffers/cache:       895M        96M
Swap:         8.0G       473M       7.5G

             total       used       free     shared    buffers     cached
Mem:          992M       929M        63M        16K       1.0M        31M
-/+ buffers/cache:       896M        95M
Swap:         8.0G       472M       7.5G

             total       used       free     shared    buffers     cached
Mem:          992M       918M        74M        16K       1.0M        29M
-/+ buffers/cache:       887M       104M
Swap:         8.0G       481M       7.5G

             total       used       free     shared    buffers     cached
Mem:          992M       919M        72M        16K       1.0M        29M
-/+ buffers/cache:       888M       103M
Swap:         8.0G       480M       7.5G

             total       used       free     shared    buffers     cached
Mem:          992M       920M        71M        16K       1.0M        29M
-/+ buffers/cache:       889M       102M
Swap:         8.0G       479M       7.5G

             total       used       free     shared    buffers     cached
Mem:          992M       922M        70M        16K       1.0M        29M
-/+ buffers/cache:       891M       100M
Swap:         8.0G       479M       7.5G

             total       used       free     shared    buffers     cached
Mem:          992M       923M        68M        16K       1.0M        29M
-/+ buffers/cache:       892M        99M
Swap:         8.0G       478M       7.5G

             total       used       free     shared    buffers     cached
Mem:          992M       924M        67M        16K       1.0M        29M
-/+ buffers/cache:       893M        98M
Swap:         8.0G       477M       7.5G

             total       used       free     shared    buffers     cached
Mem:          992M       925M        66M        16K       1.0M        29M
-/+ buffers/cache:       895M        97M
Swap:         8.0G       477M       7.5G

             total       used       free     shared    buffers     cached
Mem:          992M       927M        65M        16K       1.0M        29M
-/+ buffers/cache:       896M        95M
Swap:         8.0G       476M       7.5G

             total       used       free     shared    buffers     cached
Mem:          992M       928M        63M        16K       1.0M        29M
-/+ buffers/cache:       897M        94M
Swap:         8.0G       476M       7.5G

             total       used       free     shared    buffers     cached
Mem:          992M       917M        75M        16K       1.0M        29M
-/+ buffers/cache:       887M       105M
Swap:         8.0G       487M       7.5G

             total       used       free     shared    buffers     cached
Mem:          992M       918M        73M        16K       1.0M        29M
-/+ buffers/cache:       888M       103M
Swap:         8.0G       486M       7.5G

             total       used       free     shared    buffers     cached
Mem:          992M       919M        72M        16K       1.0M        29M
-/+ buffers/cache:       889M       102M
Swap:         8.0G       486M       7.5G

             total       used       free     shared    buffers     cached
Mem:          992M       921M        71M        16K       1.0M        29M
-/+ buffers/cache:       891M       101M
Swap:         8.0G       485M       7.5G

             total       used       free     shared    buffers     cached
Mem:          992M       922M        69M        16K       1.0M        29M
-/+ buffers/cache:       892M        99M
Swap:         8.0G       485M       7.5G

             total       used       free     shared    buffers     cached
Mem:          992M       923M        68M        16K       1.0M        29M
-/+ buffers/cache:       893M        98M
Swap:         8.0G       484M       7.5G

             total       used       free     shared    buffers     cached
Mem:          992M       925M        67M        16K       1.0M        29M
-/+ buffers/cache:       895M        97M
Swap:         8.0G       483M       7.5G

             total       used       free     shared    buffers     cached
Mem:          992M       926M        65M        16K       1.0M        29M
-/+ buffers/cache:       896M        95M
Swap:         8.0G       483M       7.5G

             total       used       free     shared    buffers     cached
Mem:          992M       927M        64M        16K       1.1M        29M
-/+ buffers/cache:       897M        94M
Swap:         8.0G       482M       7.5G

             total       used       free     shared    buffers     cached
Mem:          992M       928M        63M        16K       1.1M        29M
-/+ buffers/cache:       898M        93M
Swap:         8.0G       482M       7.5G

             total       used       free     shared    buffers     cached
Mem:          992M       917M        74M        16K       1.1M        27M
-/+ buffers/cache:       888M       103M
Swap:         8.0G       499M       7.5G

             total       used       free     shared    buffers     cached
Mem:          992M       919M        73M        16K       1.1M        27M
-/+ buffers/cache:       890M       102M
Swap:         8.0G       499M       7.5G

             total       used       free     shared    buffers     cached
Mem:          992M       920M        72M        16K       1.1M        27M
-/+ buffers/cache:       891M       101M
Swap:         8.0G       498M       7.5G

             total       used       free     shared    buffers     cached
Mem:          992M       921M        70M        16K       1.1M        27M
-/+ buffers/cache:       892M        99M
Swap:         8.0G       498M       7.5G

             total       used       free     shared    buffers     cached
Mem:          992M       927M        65M        16K       1.1M        32M
-/+ buffers/cache:       893M        98M
Swap:         8.0G       497M       7.5G

             total       used       free     shared    buffers     cached
Mem:          992M       917M        74M        16K       2.2M        33M
-/+ buffers/cache:       881M       111M
Swap:         8.0G       497M       7.5G

             total       used       free     shared    buffers     cached
Mem:          992M       918M        73M        20K       2.2M        33M
-/+ buffers/cache:       882M       109M
Swap:         8.0G       497M       7.5G

             total       used       free     shared    buffers     cached
Mem:          992M       919M        72M        20K       2.2M        33M
-/+ buffers/cache:       883M       108M
Swap:         8.0G       496M       7.5G

             total       used       free     shared    buffers     cached
Mem:          992M       921M        71M        20K       2.2M        33M
-/+ buffers/cache:       884M       107M
Swap:         8.0G       496M       7.5G

             total       used       free     shared    buffers     cached
Mem:          992M       922M        69M        20K       2.2M        33M
-/+ buffers/cache:       886M       106M
Swap:         8.0G       495M       7.5G

             total       used       free     shared    buffers     cached
Mem:          992M       924M        68M        20K       2.2M        33M
-/+ buffers/cache:       887M       104M
Swap:         8.0G       494M       7.5G

             total       used       free     shared    buffers     cached
Mem:          992M       925M        66M        20K       2.2M        33M
-/+ buffers/cache:       889M       103M
Swap:         8.0G       494M       7.5G

             total       used       free     shared    buffers     cached
Mem:          992M       926M        65M        20K       2.2M        33M
-/+ buffers/cache:       890M       101M
Swap:         8.0G       493M       7.5G

             total       used       free     shared    buffers     cached
Mem:          992M       928M        64M        20K       2.2M        33M
-/+ buffers/cache:       891M       100M
Swap:         8.0G       492M       7.5G

             total       used       free     shared    buffers     cached
Mem:          992M       909M        82M        20K       1.8M        31M
-/+ buffers/cache:       876M       115M
Swap:         8.0G       509M       7.5G

             total       used       free     shared    buffers     cached
Mem:          992M       910M        81M        20K       1.8M        31M
-/+ buffers/cache:       877M       114M
Swap:         8.0G       509M       7.5G

             total       used       free     shared    buffers     cached
Mem:          992M       911M        80M        20K       1.8M        31M
-/+ buffers/cache:       878M       113M
Swap:         8.0G       508M       7.5G

             total       used       free     shared    buffers     cached
Mem:          992M       913M        79M        20K       1.8M        31M
-/+ buffers/cache:       880M       112M
Swap:         8.0G       507M       7.5G

             total       used       free     shared    buffers     cached
Mem:          992M       914M        77M        20K       1.8M        31M
-/+ buffers/cache:       881M       110M
Swap:         8.0G       507M       7.5G

             total       used       free     shared    buffers     cached
Mem:          992M       915M        76M        20K       1.8M        31M
-/+ buffers/cache:       882M       109M
Swap:         8.0G       506M       7.5G

             total       used       free     shared    buffers     cached
Mem:          992M       917M        75M        20K       1.8M        31M
-/+ buffers/cache:       884M       108M
Swap:         8.0G       505M       7.5G

             total       used       free     shared    buffers     cached
Mem:          992M       918M        73M        20K       1.8M        31M
-/+ buffers/cache:       885M       106M
Swap:         8.0G       505M       7.5G

             total       used       free     shared    buffers     cached
Mem:          992M       920M        72M        20K       1.8M        31M
-/+ buffers/cache:       887M       105M
Swap:         8.0G       504M       7.5G

             total       used       free     shared    buffers     cached
Mem:          992M       921M        70M        20K       1.8M        31M
-/+ buffers/cache:       888M       103M
Swap:         8.0G       503M       7.5G

             total       used       free     shared    buffers     cached
Mem:          992M       922M        69M        20K       1.8M        31M
-/+ buffers/cache:       889M       102M
Swap:         8.0G       502M       7.5G

             total       used       free     shared    buffers     cached
Mem:          992M       924M        67M        20K       1.8M        31M
-/+ buffers/cache:       891M       100M
Swap:         8.0G       502M       7.5G

             total       used       free     shared    buffers     cached
Mem:          992M       925M        66M        20K       1.8M        31M
-/+ buffers/cache:       892M        99M
Swap:         8.0G       501M       7.5G

             total       used       free     shared    buffers     cached
Mem:          992M       926M        65M        20K       1.8M        31M
-/+ buffers/cache:       893M        98M
Swap:         8.0G       500M       7.5G

             total       used       free     shared    buffers     cached
Mem:          992M       928M        63M        20K       1.8M        31M
-/+ buffers/cache:       895M        96M
Swap:         8.0G       500M       7.5G

             total       used       free     shared    buffers     cached
Mem:          992M       916M        75M        20K       1.3M        29M
-/+ buffers/cache:       885M       106M
Swap:         8.0G       510M       7.5G

             total       used       free     shared    buffers     cached
Mem:          992M       918M        73M        20K       1.3M        30M
-/+ buffers/cache:       887M       105M
Swap:         8.0G       509M       7.5G

             total       used       free     shared    buffers     cached
Mem:          992M       919M        72M        20K       1.3M        30M
-/+ buffers/cache:       888M       103M
Swap:         8.0G       508M       7.5G

             total       used       free     shared    buffers     cached
Mem:          992M       921M        70M        20K       1.3M        30M
-/+ buffers/cache:       890M       102M
Swap:         8.0G       507M       7.5G

             total       used       free     shared    buffers     cached
Mem:          992M       924M        68M        24K       1.3M        30M
-/+ buffers/cache:       891M       100M
Swap:         8.0G       506M       7.5G

             total       used       free     shared    buffers     cached
Mem:          992M       925M        66M        24K       1.3M        30M
-/+ buffers/cache:       893M        98M
Swap:         8.0G       506M       7.5G

             total       used       free     shared    buffers     cached
Mem:          992M       914M        78M        24K       1.3M        27M
-/+ buffers/cache:       885M       106M
Swap:         8.0G       517M       7.5G

             total       used       free     shared    buffers     cached
Mem:          992M       915M        76M        24K       1.3M        27M
-/+ buffers/cache:       887M       105M
Swap:         8.0G       516M       7.5G

             total       used       free     shared    buffers     cached
Mem:          992M       923M        68M        24K       1.3M        29M
-/+ buffers/cache:       892M        99M
Swap:         8.0G       514M       7.5G

             total       used       free     shared    buffers     cached
Mem:          992M       924M        67M        24K       1.3M        29M
-/+ buffers/cache:       893M        98M
Swap:         8.0G       513M       7.5G

             total       used       free     shared    buffers     cached
Mem:          992M       925M        66M        24K       1.3M        29M
-/+ buffers/cache:       894M        97M
Swap:         8.0G       512M       7.5G

             total       used       free     shared    buffers     cached
Mem:          992M       926M        65M        24K       1.3M        29M
-/+ buffers/cache:       895M        96M
Swap:         8.0G       512M       7.5G

             total       used       free     shared    buffers     cached
Mem:          992M       927M        64M        24K       1.3M        29M
-/+ buffers/cache:       896M        96M
Swap:         8.0G       512M       7.5G

             total       used       free     shared    buffers     cached
Mem:          992M       928M        63M        24K       1.4M        29M
-/+ buffers/cache:       897M        95M
Swap:         8.0G       511M       7.5G

             total       used       free     shared    buffers     cached
Mem:          992M       929M        63M        24K       1.4M        29M
-/+ buffers/cache:       897M        94M
Swap:         8.0G       511M       7.5G

             total       used       free     shared    buffers     cached
Mem:          992M       916M        75M        24K       1.4M        27M
-/+ buffers/cache:       887M       104M
Swap:         8.0G       516M       7.5G

             total       used       free     shared    buffers     cached
Mem:          992M       917M        74M        24K       1.4M        27M
-/+ buffers/cache:       888M       103M
Swap:         8.0G       515M       7.5G

             total       used       free     shared    buffers     cached
Mem:          992M       918M        74M        24K       1.4M        27M
-/+ buffers/cache:       888M       103M
Swap:         8.0G       515M       7.5G

             total       used       free     shared    buffers     cached
Mem:          992M       918M        73M        24K       1.4M        27M
-/+ buffers/cache:       889M       102M
Swap:         8.0G       514M       7.5G

             total       used       free     shared    buffers     cached
Mem:          992M       908M        83M       3.9M       2.9M        49M
-/+ buffers/cache:       856M       136M
Swap:         8.0G       559M       7.5G

             total       used       free     shared    buffers     cached
Mem:          992M       919M        72M       3.9M       4.8M        68M
-/+ buffers/cache:       846M       145M
Swap:         8.0G       567M       7.4G

             total       used       free     shared    buffers     cached
Mem:          992M       916M        75M       280K       4.3M        61M
-/+ buffers/cache:       850M       141M
Swap:         8.0G       566M       7.4G

             total       used       free     shared    buffers     cached
Mem:          992M       918M        73M       264K       4.3M        62M
-/+ buffers/cache:       851M       140M
Swap:         8.0G       565M       7.4G

             total       used       free     shared    buffers     cached
Mem:          992M       919M        72M       264K       4.3M        62M
-/+ buffers/cache:       853M       138M
Swap:         8.0G       564M       7.4G

             total       used       free     shared    buffers     cached
Mem:          992M       920M        71M       264K       4.4M        62M
-/+ buffers/cache:       853M       138M
Swap:         8.0G       564M       7.4G

             total       used       free     shared    buffers     cached
Mem:          992M       921M        70M       264K       4.4M        62M
-/+ buffers/cache:       854M       137M
Swap:         8.0G       564M       7.4G

             total       used       free     shared    buffers     cached
Mem:          992M       923M        69M       264K       4.4M        62M
-/+ buffers/cache:       856M       135M
Swap:         8.0G       563M       7.4G

             total       used       free     shared    buffers     cached
Mem:          992M       925M        66M       264K       4.5M        63M
-/+ buffers/cache:       857M       134M
Swap:         8.0G       562M       7.4G

             total       used       free     shared    buffers     cached
Mem:          992M       926M        65M       264K       4.5M        63M
-/+ buffers/cache:       859M       133M
Swap:         8.0G       561M       7.4G

             total       used       free     shared    buffers     cached
Mem:          992M       928M        63M       264K       4.5M        63M
-/+ buffers/cache:       860M       131M
Swap:         8.0G       561M       7.4G

             total       used       free     shared    buffers     cached
Mem:          992M       929M        62M       264K       4.5M        63M
-/+ buffers/cache:       861M       130M
Swap:         8.0G       560M       7.4G

             total       used       free     shared    buffers     cached
Mem:          992M       907M        84M       260K       3.8M        59M
-/+ buffers/cache:       844M       148M
Swap:         8.0G       590M       7.4G

             total       used       free     shared    buffers     cached
Mem:          992M       909M        83M       260K       3.8M        59M
-/+ buffers/cache:       845M       146M
Swap:         8.0G       589M       7.4G

             total       used       free     shared    buffers     cached
Mem:          992M       909M        82M       260K       3.8M        59M
-/+ buffers/cache:       846M       145M
Swap:         8.0G       588M       7.4G

             total       used       free     shared    buffers     cached
Mem:          992M       911M        80M       260K       3.8M        59M
-/+ buffers/cache:       848M       143M
Swap:         8.0G       588M       7.4G

             total       used       free     shared    buffers     cached
Mem:          992M       913M        78M       260K       3.8M        60M
-/+ buffers/cache:       849M       142M
Swap:         8.0G       587M       7.4G

             total       used       free     shared    buffers     cached
Mem:          992M       914M        77M       260K       3.8M        60M
-/+ buffers/cache:       850M       141M
Swap:         8.0G       586M       7.4G

             total       used       free     shared    buffers     cached
Mem:          992M       916M        75M       260K       3.8M        60M
-/+ buffers/cache:       852M       139M
Swap:         8.0G       585M       7.4G

             total       used       free     shared    buffers     cached
Mem:          992M       918M        74M       260K       3.8M        60M
-/+ buffers/cache:       854M       138M
Swap:         8.0G       585M       7.4G

             total       used       free     shared    buffers     cached
Mem:          992M       919M        72M       260K       3.8M        60M
-/+ buffers/cache:       855M       136M
Swap:         8.0G       584M       7.4G

             total       used       free     shared    buffers     cached
Mem:          992M       921M        71M       260K       3.8M        60M
-/+ buffers/cache:       857M       135M
Swap:         8.0G       583M       7.4G

             total       used       free     shared    buffers     cached
Mem:          992M       922M        69M       260K       3.8M        60M
-/+ buffers/cache:       858M       133M
Swap:         8.0G       583M       7.4G

             total       used       free     shared    buffers     cached
Mem:          992M       923M        68M       260K       3.8M        60M
-/+ buffers/cache:       860M       132M
Swap:         8.0G       582M       7.4G

             total       used       free     shared    buffers     cached
Mem:          992M       925M        66M       260K       3.8M        60M
-/+ buffers/cache:       861M       130M
Swap:         8.0G       581M       7.4G

             total       used       free     shared    buffers     cached
Mem:          992M       927M        65M       260K       3.8M        60M
-/+ buffers/cache:       863M       128M
Swap:         8.0G       580M       7.4G

             total       used       free     shared    buffers     cached
Mem:          992M       928M        63M       260K       3.8M        60M
-/+ buffers/cache:       864M       127M
Swap:         8.0G       580M       7.4G

             total       used       free     shared    buffers     cached
Mem:          992M       914M        77M       260K       3.0M        59M
-/+ buffers/cache:       851M       140M
Swap:         8.0G       579M       7.4G

             total       used       free     shared    buffers     cached
Mem:          992M       915M        76M       260K       3.0M        59M
-/+ buffers/cache:       852M       139M
Swap:         8.0G       578M       7.4G

             total       used       free     shared    buffers     cached
Mem:          992M       917M        74M       260K       3.0M        59M
-/+ buffers/cache:       854M       137M
Swap:         8.0G       578M       7.4G

             total       used       free     shared    buffers     cached
Mem:          992M       918M        73M       260K       3.0M        59M
-/+ buffers/cache:       855M       136M
Swap:         8.0G       577M       7.4G

             total       used       free     shared    buffers     cached
Mem:          992M       916M        75M       332K       8.2M        75M
-/+ buffers/cache:       832M       159M
Swap:         8.0G       603M       7.4G

             total       used       free     shared    buffers     cached
Mem:          992M       927M        65M       344K       8.3M        80M
-/+ buffers/cache:       838M       153M
Swap:         8.0G       602M       7.4G
