             total       used       free     shared    buffers     cached
Mem:          992M       669M       322M       3.3M        39M       288M
-/+ buffers/cache:       342M       650M
Swap:         8.0G         0B       8.0G

             total       used       free     shared    buffers     cached
Mem:          992M       670M       322M       3.4M        39M       288M
-/+ buffers/cache:       341M       650M
Swap:         8.0G         0B       8.0G

             total       used       free     shared    buffers     cached
Mem:          992M       669M       322M       3.4M        39M       288M
-/+ buffers/cache:       341M       650M
Swap:         8.0G         0B       8.0G

             total       used       free     shared    buffers     cached
Mem:          992M       669M       322M       3.4M        39M       288M
-/+ buffers/cache:       341M       650M
Swap:         8.0G         0B       8.0G

             total       used       free     shared    buffers     cached
Mem:          992M       670M       321M       3.4M        39M       288M
-/+ buffers/cache:       342M       650M
Swap:         8.0G         0B       8.0G

             total       used       free     shared    buffers     cached
Mem:          992M       666M       326M       3.4M        39M       291M
-/+ buffers/cache:       335M       656M
Swap:         8.0G         0B       8.0G

             total       used       free     shared    buffers     cached
Mem:          992M       666M       326M       3.4M        39M       291M
-/+ buffers/cache:       335M       656M
Swap:         8.0G         0B       8.0G

             total       used       free     shared    buffers     cached
Mem:          992M       666M       326M       3.4M        39M       291M
-/+ buffers/cache:       335M       656M
Swap:         8.0G         0B       8.0G

             total       used       free     shared    buffers     cached
Mem:          992M       666M       326M       3.4M        39M       291M
-/+ buffers/cache:       335M       656M
Swap:         8.0G         0B       8.0G

             total       used       free     shared    buffers     cached
Mem:          992M       666M       326M       3.4M        39M       291M
-/+ buffers/cache:       335M       656M
Swap:         8.0G         0B       8.0G

             total       used       free     shared    buffers     cached
Mem:          992M       666M       326M       3.4M        39M       291M
-/+ buffers/cache:       335M       656M
Swap:         8.0G         0B       8.0G

             total       used       free     shared    buffers     cached
Mem:          992M       670M       321M       3.4M        39M       291M
-/+ buffers/cache:       339M       652M
Swap:         8.0G         0B       8.0G

             total       used       free     shared    buffers     cached
Mem:          992M       667M       324M       3.4M        39M       291M
-/+ buffers/cache:       336M       655M
Swap:         8.0G         0B       8.0G

             total       used       free     shared    buffers     cached
Mem:          992M       667M       324M       3.4M        39M       291M
-/+ buffers/cache:       336M       655M
Swap:         8.0G         0B       8.0G

             total       used       free     shared    buffers     cached
Mem:          992M       667M       324M       3.4M        39M       291M
-/+ buffers/cache:       336M       655M
Swap:         8.0G         0B       8.0G

             total       used       free     shared    buffers     cached
Mem:          992M       667M       324M       3.4M        39M       291M
-/+ buffers/cache:       336M       655M
Swap:         8.0G         0B       8.0G

             total       used       free     shared    buffers     cached
Mem:          992M       668M       323M       3.3M        39M       291M
-/+ buffers/cache:       337M       655M
Swap:         8.0G         0B       8.0G

             total       used       free     shared    buffers     cached
Mem:          992M       663M       328M       3.3M        39M       291M
-/+ buffers/cache:       332M       659M
Swap:         8.0G         0B       8.0G

             total       used       free     shared    buffers     cached
Mem:          992M       663M       328M       3.3M        39M       291M
-/+ buffers/cache:       332M       659M
Swap:         8.0G         0B       8.0G

             total       used       free     shared    buffers     cached
Mem:          992M       667M       324M       3.3M        39M       291M
-/+ buffers/cache:       336M       655M
Swap:         8.0G         0B       8.0G

             total       used       free     shared    buffers     cached
Mem:          992M       684M       308M       3.3M        39M       291M
-/+ buffers/cache:       352M       639M
Swap:         8.0G         0B       8.0G

             total       used       free     shared    buffers     cached
Mem:          992M       689M       302M       3.3M        39M       291M
-/+ buffers/cache:       358M       634M
Swap:         8.0G         0B       8.0G

             total       used       free     shared    buffers     cached
Mem:          992M       687M       304M       3.3M        39M       292M
-/+ buffers/cache:       356M       636M
Swap:         8.0G         0B       8.0G

             total       used       free     shared    buffers     cached
Mem:          992M       710M       281M       3.3M        39M       292M
-/+ buffers/cache:       378M       613M
Swap:         8.0G         0B       8.0G

             total       used       free     shared    buffers     cached
Mem:          992M       671M       320M       3.3M        39M       292M
-/+ buffers/cache:       339M       652M
Swap:         8.0G         0B       8.0G

             total       used       free     shared    buffers     cached
Mem:          992M       671M       320M       3.3M        39M       293M
-/+ buffers/cache:       339M       653M
Swap:         8.0G         0B       8.0G

             total       used       free     shared    buffers     cached
Mem:          992M       681M       310M       3.3M        39M       293M
-/+ buffers/cache:       349M       642M
Swap:         8.0G         0B       8.0G

             total       used       free     shared    buffers     cached
Mem:          992M       673M       319M       3.3M        39M       293M
-/+ buffers/cache:       340M       651M
Swap:         8.0G         0B       8.0G

             total       used       free     shared    buffers     cached
Mem:          992M       673M       319M       3.3M        39M       293M
-/+ buffers/cache:       340M       651M
Swap:         8.0G         0B       8.0G

             total       used       free     shared    buffers     cached
Mem:          992M       673M       319M       3.3M        39M       293M
-/+ buffers/cache:       340M       651M
Swap:         8.0G         0B       8.0G

             total       used       free     shared    buffers     cached
Mem:          992M       673M       319M       3.3M        39M       293M
-/+ buffers/cache:       340M       651M
Swap:         8.0G         0B       8.0G

             total       used       free     shared    buffers     cached
Mem:          992M       673M       319M       3.3M        39M       293M
-/+ buffers/cache:       340M       651M
Swap:         8.0G         0B       8.0G

             total       used       free     shared    buffers     cached
Mem:          992M       673M       319M       3.3M        39M       293M
-/+ buffers/cache:       340M       651M
Swap:         8.0G         0B       8.0G

             total       used       free     shared    buffers     cached
Mem:          992M       673M       319M       3.3M        39M       293M
-/+ buffers/cache:       340M       651M
Swap:         8.0G         0B       8.0G

             total       used       free     shared    buffers     cached
Mem:          992M       681M       310M       3.3M        39M       293M
-/+ buffers/cache:       349M       643M
Swap:         8.0G         0B       8.0G

             total       used       free     shared    buffers     cached
Mem:          992M       692M       299M       3.3M        39M       293M
-/+ buffers/cache:       360M       632M
Swap:         8.0G         0B       8.0G

             total       used       free     shared    buffers     cached
Mem:          992M       704M       287M       3.3M        39M       293M
-/+ buffers/cache:       372M       619M
Swap:         8.0G         0B       8.0G

             total       used       free     shared    buffers     cached
Mem:          992M       716M       275M       3.3M        39M       293M
-/+ buffers/cache:       384M       608M
Swap:         8.0G         0B       8.0G

             total       used       free     shared    buffers     cached
Mem:          992M       728M       263M       3.3M        39M       293M
-/+ buffers/cache:       396M       595M
Swap:         8.0G         0B       8.0G

             total       used       free     shared    buffers     cached
Mem:          992M       741M       250M       3.3M        39M       293M
-/+ buffers/cache:       409M       583M
Swap:         8.0G         0B       8.0G

             total       used       free     shared    buffers     cached
Mem:          992M       753M       238M       3.3M        39M       293M
-/+ buffers/cache:       421M       571M
Swap:         8.0G         0B       8.0G

             total       used       free     shared    buffers     cached
Mem:          992M       766M       226M       3.3M        39M       293M
-/+ buffers/cache:       433M       558M
Swap:         8.0G         0B       8.0G

             total       used       free     shared    buffers     cached
Mem:          992M       777M       214M       3.3M        39M       293M
-/+ buffers/cache:       445M       546M
Swap:         8.0G         0B       8.0G

             total       used       free     shared    buffers     cached
Mem:          992M       789M       202M       3.3M        39M       293M
-/+ buffers/cache:       456M       535M
Swap:         8.0G         0B       8.0G

             total       used       free     shared    buffers     cached
Mem:          992M       800M       191M       3.3M        39M       293M
-/+ buffers/cache:       467M       524M
Swap:         8.0G         0B       8.0G

             total       used       free     shared    buffers     cached
Mem:          992M       812M       179M       3.3M        39M       293M
-/+ buffers/cache:       479M       512M
Swap:         8.0G         0B       8.0G

             total       used       free     shared    buffers     cached
Mem:          992M       825M       166M       3.3M        39M       293M
-/+ buffers/cache:       492M       499M
Swap:         8.0G         0B       8.0G

             total       used       free     shared    buffers     cached
Mem:          992M       838M       153M       3.3M        39M       293M
-/+ buffers/cache:       505M       486M
Swap:         8.0G         0B       8.0G

             total       used       free     shared    buffers     cached
Mem:          992M       851M       140M       3.3M        39M       293M
-/+ buffers/cache:       518M       473M
Swap:         8.0G         0B       8.0G

             total       used       free     shared    buffers     cached
Mem:          992M       863M       128M       3.3M        39M       293M
-/+ buffers/cache:       530M       461M
Swap:         8.0G         0B       8.0G

             total       used       free     shared    buffers     cached
Mem:          992M       876M       115M       3.3M        39M       293M
-/+ buffers/cache:       543M       448M
Swap:         8.0G         0B       8.0G

             total       used       free     shared    buffers     cached
Mem:          992M       889M       102M       3.3M        39M       293M
-/+ buffers/cache:       556M       435M
Swap:         8.0G         0B       8.0G

             total       used       free     shared    buffers     cached
Mem:          992M       899M        93M       3.3M        39M       293M
-/+ buffers/cache:       566M       425M
Swap:         8.0G         0B       8.0G

             total       used       free     shared    buffers     cached
Mem:          992M       911M        80M       3.3M        39M       293M
-/+ buffers/cache:       578M       413M
Swap:         8.0G         0B       8.0G

             total       used       free     shared    buffers     cached
Mem:          992M       922M        69M       3.3M        39M       293M
-/+ buffers/cache:       589M       402M
Swap:         8.0G         0B       8.0G

             total       used       free     shared    buffers     cached
Mem:          992M       932M        59M       3.3M        39M       293M
-/+ buffers/cache:       599M       392M
Swap:         8.0G         0B       8.0G

             total       used       free     shared    buffers     cached
Mem:          992M       921M        70M       3.3M        18M       291M
-/+ buffers/cache:       611M       380M
Swap:         8.0G         0B       8.0G

             total       used       free     shared    buffers     cached
Mem:          992M       920M        71M       3.3M        10M       282M
-/+ buffers/cache:       626M       365M
Swap:         8.0G         0B       8.0G

             total       used       free     shared    buffers     cached
Mem:          992M       922M        69M       3.3M        10M       267M
-/+ buffers/cache:       644M       347M
Swap:         8.0G        76K       8.0G

             total       used       free     shared    buffers     cached
Mem:          992M       918M        73M       3.3M        10M       267M
-/+ buffers/cache:       640M       351M
Swap:         8.0G        76K       8.0G

             total       used       free     shared    buffers     cached
Mem:          992M       921M        70M       3.2M        10M       256M
-/+ buffers/cache:       654M       337M
Swap:         8.0G       216K       8.0G

             total       used       free     shared    buffers     cached
Mem:          992M       924M        67M       3.2M        10M       249M
-/+ buffers/cache:       664M       327M
Swap:         8.0G       216K       8.0G

             total       used       free     shared    buffers     cached
Mem:          992M       923M        69M       3.2M        10M       235M
-/+ buffers/cache:       677M       315M
Swap:         8.0G       3.7M       8.0G

             total       used       free     shared    buffers     cached
Mem:          992M       904M        87M       3.1M       8.6M       211M
-/+ buffers/cache:       685M       307M
Swap:         8.0G       8.1M       8.0G

             total       used       free     shared    buffers     cached
Mem:          992M       915M        76M       3.1M       8.6M       211M
-/+ buffers/cache:       696M       296M
Swap:         8.0G       8.1M       8.0G

             total       used       free     shared    buffers     cached
Mem:          992M       928M        64M       3.1M       8.6M       211M
-/+ buffers/cache:       708M       283M
Swap:         8.0G       8.1M       8.0G

             total       used       free     shared    buffers     cached
Mem:          992M       925M        66M       3.1M       3.1M       203M
-/+ buffers/cache:       719M       273M
Swap:         8.0G       8.1M       8.0G

             total       used       free     shared    buffers     cached
Mem:          992M       924M        67M       3.1M       1.7M       192M
-/+ buffers/cache:       730M       262M
Swap:         8.0G       8.1M       8.0G

             total       used       free     shared    buffers     cached
Mem:          992M       923M        68M       3.1M       576K       182M
-/+ buffers/cache:       740M       251M
Swap:         8.0G       8.1M       8.0G

             total       used       free     shared    buffers     cached
Mem:          992M       912M        79M       3.1M       368K       160M
-/+ buffers/cache:       751M       240M
Swap:         8.0G       8.1M       8.0G

             total       used       free     shared    buffers     cached
Mem:          992M       922M        69M       3.1M       368K       160M
-/+ buffers/cache:       761M       230M
Swap:         8.0G       8.1M       8.0G

             total       used       free     shared    buffers     cached
Mem:          992M       914M        77M       3.1M       372K       142M
-/+ buffers/cache:       772M       219M
Swap:         8.0G       8.1M       8.0G

             total       used       free     shared    buffers     cached
Mem:          992M       924M        67M       3.1M       372K       142M
-/+ buffers/cache:       782M       209M
Swap:         8.0G       8.1M       8.0G

             total       used       free     shared    buffers     cached
Mem:          992M       928M        64M       3.1M       380K       142M
-/+ buffers/cache:       785M       206M
Swap:         8.0G       8.1M       8.0G

             total       used       free     shared    buffers     cached
Mem:          992M       919M        72M       3.1M       284K       125M
-/+ buffers/cache:       794M       198M
Swap:         8.0G       8.1M       8.0G

             total       used       free     shared    buffers     cached
Mem:          992M       926M        65M       3.1M       288K       120M
-/+ buffers/cache:       806M       185M
Swap:         8.0G       8.1M       8.0G

             total       used       free     shared    buffers     cached
Mem:          992M       928M        63M       3.1M       296K       111M
-/+ buffers/cache:       817M       175M
Swap:         8.0G       8.1M       8.0G

             total       used       free     shared    buffers     cached
Mem:          992M       925M        66M       3.1M       256K        98M
-/+ buffers/cache:       826M       165M
Swap:         8.0G       8.1M       8.0G

             total       used       free     shared    buffers     cached
Mem:          992M       922M        69M       3.1M       256K        87M
-/+ buffers/cache:       834M       157M
Swap:         8.0G       8.1M       8.0G

             total       used       free     shared    buffers     cached
Mem:          992M       924M        67M       3.1M       1.4M        78M
-/+ buffers/cache:       844M       147M
Swap:         8.0G       8.1M       8.0G

             total       used       free     shared    buffers     cached
Mem:          992M       917M        75M       3.1M       1.4M        60M
-/+ buffers/cache:       855M       136M
Swap:         8.0G       8.1M       8.0G

             total       used       free     shared    buffers     cached
Mem:          992M       920M        71M       3.1M       1.4M        60M
-/+ buffers/cache:       858M       133M
Swap:         8.0G       8.1M       8.0G

             total       used       free     shared    buffers     cached
Mem:          992M       924M        67M       3.1M       1.4M        60M
-/+ buffers/cache:       862M       129M
Swap:         8.0G       8.1M       8.0G

             total       used       free     shared    buffers     cached
Mem:          992M       920M        72M       3.1M       1.4M        47M
-/+ buffers/cache:       870M       121M
Swap:         8.0G       8.6M       8.0G

             total       used       free     shared    buffers     cached
Mem:          992M       931M        61M       3.1M       1.4M        47M
-/+ buffers/cache:       881M       110M
Swap:         8.0G       8.6M       8.0G

             total       used       free     shared    buffers     cached
Mem:          992M       922M        69M       3.1M       1.7M        30M
-/+ buffers/cache:       890M       101M
Swap:         8.0G       8.6M       8.0G

             total       used       free     shared    buffers     cached
Mem:          992M       919M        72M       2.9M       1.7M        18M
-/+ buffers/cache:       899M        93M
Swap:         8.0G        16M       8.0G

             total       used       free     shared    buffers     cached
Mem:          992M       924M        67M       2.9M       1.7M        18M
-/+ buffers/cache:       904M        88M
Swap:         8.0G        16M       8.0G

             total       used       free     shared    buffers     cached
Mem:          992M       920M        71M       2.9M       456K        11M
-/+ buffers/cache:       908M        83M
Swap:         8.0G        16M       8.0G

             total       used       free     shared    buffers     cached
Mem:          992M       929M        62M       2.9M       456K        11M
-/+ buffers/cache:       917M        74M
Swap:         8.0G        16M       8.0G

             total       used       free     shared    buffers     cached
Mem:          992M       926M        65M       2.9M       196K       5.0M
-/+ buffers/cache:       921M        70M
Swap:         8.0G        25M       8.0G

             total       used       free     shared    buffers     cached
Mem:          992M       922M        69M       2.6M       196K       4.7M
-/+ buffers/cache:       917M        74M
Swap:         8.0G        45M       8.0G

             total       used       free     shared    buffers     cached
Mem:          992M       929M        62M       2.6M       204K       4.7M
-/+ buffers/cache:       924M        67M
Swap:         8.0G        45M       8.0G

             total       used       free     shared    buffers     cached
Mem:          992M       924M        67M       2.6M       204K       4.6M
-/+ buffers/cache:       920M        72M
Swap:         8.0G        52M       7.9G

             total       used       free     shared    buffers     cached
Mem:          992M       921M        70M       2.6M       204K       4.4M
-/+ buffers/cache:       917M        74M
Swap:         8.0G        65M       7.9G

             total       used       free     shared    buffers     cached
Mem:          992M       918M        73M       2.6M       204K       4.6M
-/+ buffers/cache:       913M        78M
Swap:         8.0G        77M       7.9G

             total       used       free     shared    buffers     cached
Mem:          992M       929M        62M       2.6M       204K       4.6M
-/+ buffers/cache:       924M        67M
Swap:         8.0G        77M       7.9G

             total       used       free     shared    buffers     cached
Mem:          992M       915M        76M       2.5M       212K       4.3M
-/+ buffers/cache:       911M        80M
Swap:         8.0G       121M       7.9G

             total       used       free     shared    buffers     cached
Mem:          992M       924M        67M       2.5M       212K       4.3M
-/+ buffers/cache:       920M        72M
Swap:         8.0G       121M       7.9G

             total       used       free     shared    buffers     cached
Mem:          992M       922M        69M       2.5M       212K       4.3M
-/+ buffers/cache:       917M        74M
Swap:         8.0G       121M       7.9G

             total       used       free     shared    buffers     cached
Mem:          992M       921M        70M       2.5M       212K       4.3M
-/+ buffers/cache:       916M        75M
Swap:         8.0G       121M       7.9G

             total       used       free     shared    buffers     cached
Mem:          992M       918M        73M       2.5M       216K       4.3M
-/+ buffers/cache:       913M        78M
Swap:         8.0G       150M       7.8G

             total       used       free     shared    buffers     cached
Mem:          992M       928M        64M       2.5M       224K       4.3M
-/+ buffers/cache:       923M        68M
Swap:         8.0G       150M       7.8G

             total       used       free     shared    buffers     cached
Mem:          992M       924M        67M       2.5M       224K       4.3M
-/+ buffers/cache:       919M        72M
Swap:         8.0G       150M       7.8G

             total       used       free     shared    buffers     cached
Mem:          992M       928M        63M       2.5M       224K       4.4M
-/+ buffers/cache:       923M        68M
Swap:         8.0G       150M       7.8G

             total       used       free     shared    buffers     cached
Mem:          992M       928M        63M       2.5M       224K       4.4M
-/+ buffers/cache:       923M        68M
Swap:         8.0G       150M       7.8G

             total       used       free     shared    buffers     cached
Mem:          992M       928M        63M       2.5M       224K       4.4M
-/+ buffers/cache:       923M        68M
Swap:         8.0G       150M       7.8G

             total       used       free     shared    buffers     cached
Mem:          992M       928M        63M       2.5M       224K       4.4M
-/+ buffers/cache:       923M        68M
Swap:         8.0G       150M       7.8G

             total       used       free     shared    buffers     cached
Mem:          992M       929M        62M       2.5M       232K       4.4M
-/+ buffers/cache:       924M        67M
Swap:         8.0G       150M       7.8G

             total       used       free     shared    buffers     cached
Mem:          992M       929M        62M       2.5M       232K       4.4M
-/+ buffers/cache:       924M        67M
Swap:         8.0G       150M       7.8G

             total       used       free     shared    buffers     cached
Mem:          992M       929M        62M       2.5M       232K       4.4M
-/+ buffers/cache:       924M        67M
Swap:         8.0G       150M       7.8G

             total       used       free     shared    buffers     cached
Mem:          992M       929M        62M       2.5M       232K       4.4M
-/+ buffers/cache:       924M        67M
Swap:         8.0G       150M       7.8G

             total       used       free     shared    buffers     cached
Mem:          992M       929M        62M       2.5M       232K       4.4M
-/+ buffers/cache:       924M        67M
Swap:         8.0G       150M       7.8G

             total       used       free     shared    buffers     cached
Mem:          992M       923M        68M       2.5M       232K       5.7M
-/+ buffers/cache:       917M        74M
Swap:         8.0G       189M       7.8G

             total       used       free     shared    buffers     cached
Mem:          992M       928M        63M       2.5M       232K       5.7M
-/+ buffers/cache:       922M        69M
Swap:         8.0G       189M       7.8G

             total       used       free     shared    buffers     cached
Mem:          992M       915M        76M       2.5M       188K        26M
-/+ buffers/cache:       888M       103M
Swap:         8.0G       234M       7.8G

             total       used       free     shared    buffers     cached
Mem:          992M       899M        92M       2.4M       636K        22M
-/+ buffers/cache:       876M       115M
Swap:         8.0G       266M       7.7G

             total       used       free     shared    buffers     cached
Mem:          992M       903M        88M       2.4M       652K        23M
-/+ buffers/cache:       880M       111M
Swap:         8.0G       266M       7.7G

             total       used       free     shared    buffers     cached
Mem:          992M       907M        85M       2.4M       660K        23M
-/+ buffers/cache:       883M       108M
Swap:         8.0G       266M       7.7G

             total       used       free     shared    buffers     cached
Mem:          992M       913M        79M       2.4M       660K        26M
-/+ buffers/cache:       886M       106M
Swap:         8.0G       265M       7.7G

             total       used       free     shared    buffers     cached
Mem:          992M       917M        74M       2.4M       660K        26M
-/+ buffers/cache:       890M       101M
Swap:         8.0G       265M       7.7G

             total       used       free     shared    buffers     cached
Mem:          992M       918M        73M       2.4M       660K        26M
-/+ buffers/cache:       891M       100M
Swap:         8.0G       264M       7.7G

             total       used       free     shared    buffers     cached
Mem:          992M       923M        68M       2.4M       660K        26M
-/+ buffers/cache:       896M        95M
Swap:         8.0G       264M       7.7G

             total       used       free     shared    buffers     cached
Mem:          992M       929M        63M       2.4M       660K        26M
-/+ buffers/cache:       902M        90M
Swap:         8.0G       264M       7.7G

             total       used       free     shared    buffers     cached
Mem:          992M       916M        75M       2.4M       664K        23M
-/+ buffers/cache:       892M        99M
Swap:         8.0G       267M       7.7G

             total       used       free     shared    buffers     cached
Mem:          992M       920M        71M       2.4M       664K        23M
-/+ buffers/cache:       895M        96M
Swap:         8.0G       267M       7.7G

             total       used       free     shared    buffers     cached
Mem:          992M       923M        68M       2.4M       664K        23M
-/+ buffers/cache:       899M        92M
Swap:         8.0G       267M       7.7G

             total       used       free     shared    buffers     cached
Mem:          992M       926M        65M       2.4M       664K        23M
-/+ buffers/cache:       901M        90M
Swap:         8.0G       267M       7.7G

             total       used       free     shared    buffers     cached
Mem:          992M       930M        61M       2.4M       664K        23M
-/+ buffers/cache:       906M        86M
Swap:         8.0G       267M       7.7G

             total       used       free     shared    buffers     cached
Mem:          992M       915M        76M       2.4M        88K        19M
-/+ buffers/cache:       896M        95M
Swap:         8.0G       288M       7.7G

             total       used       free     shared    buffers     cached
Mem:          992M       919M        72M       2.4M        88K        19M
-/+ buffers/cache:       900M        92M
Swap:         8.0G       288M       7.7G

             total       used       free     shared    buffers     cached
Mem:          992M       922M        69M       2.4M        88K        19M
-/+ buffers/cache:       903M        88M
Swap:         8.0G       288M       7.7G

             total       used       free     shared    buffers     cached
Mem:          992M       926M        65M       2.4M        88K        19M
-/+ buffers/cache:       907M        85M
Swap:         8.0G       288M       7.7G

             total       used       free     shared    buffers     cached
Mem:          992M       929M        62M       2.4M        88K        19M
-/+ buffers/cache:       910M        81M
Swap:         8.0G       288M       7.7G

             total       used       free     shared    buffers     cached
Mem:          992M       919M        72M       2.4M        96K        17M
-/+ buffers/cache:       902M        89M
Swap:         8.0G       291M       7.7G

             total       used       free     shared    buffers     cached
Mem:          992M       922M        69M       2.4M        96K        17M
-/+ buffers/cache:       904M        87M
Swap:         8.0G       291M       7.7G

             total       used       free     shared    buffers     cached
Mem:          992M       925M        67M       2.4M       100K        17M
-/+ buffers/cache:       907M        84M
Swap:         8.0G       291M       7.7G

             total       used       free     shared    buffers     cached
Mem:          992M       929M        62M       2.4M       232K        17M
-/+ buffers/cache:       911M        81M
Swap:         8.0G       291M       7.7G

             total       used       free     shared    buffers     cached
Mem:          992M       916M        76M       2.4M       180K        12M
-/+ buffers/cache:       903M        88M
Swap:         8.0G       308M       7.7G

             total       used       free     shared    buffers     cached
Mem:          992M       918M        73M       2.4M       180K        12M
-/+ buffers/cache:       906M        86M
Swap:         8.0G       308M       7.7G

             total       used       free     shared    buffers     cached
Mem:          992M       922M        70M       2.4M       188K        12M
-/+ buffers/cache:       909M        82M
Swap:         8.0G       308M       7.7G

             total       used       free     shared    buffers     cached
Mem:          992M       924M        67M       2.4M       188K        12M
-/+ buffers/cache:       912M        80M
Swap:         8.0G       308M       7.7G

             total       used       free     shared    buffers     cached
Mem:          992M       927M        64M       2.4M       188K        12M
-/+ buffers/cache:       914M        77M
Swap:         8.0G       308M       7.7G

             total       used       free     shared    buffers     cached
Mem:          992M       930M        61M       2.4M       188K        12M
-/+ buffers/cache:       917M        74M
Swap:         8.0G       308M       7.7G

             total       used       free     shared    buffers     cached
Mem:          992M       919M        73M       2.4M       464K       5.5M
-/+ buffers/cache:       913M        78M
Swap:         8.0G       308M       7.7G

             total       used       free     shared    buffers     cached
Mem:          992M       921M        70M       2.4M       480K       5.6M
-/+ buffers/cache:       915M        76M
Swap:         8.0G       308M       7.7G

             total       used       free     shared    buffers     cached
Mem:          992M       924M        67M       2.4M       480K       5.6M
-/+ buffers/cache:       918M        73M
Swap:         8.0G       308M       7.7G

             total       used       free     shared    buffers     cached
Mem:          992M       927M        64M       2.4M       480K       5.6M
-/+ buffers/cache:       921M        71M
Swap:         8.0G       308M       7.7G

             total       used       free     shared    buffers     cached
Mem:          992M       929M        62M       2.4M       480K       5.6M
-/+ buffers/cache:       923M        68M
Swap:         8.0G       308M       7.7G

             total       used       free     shared    buffers     cached
Mem:          992M       906M        85M       2.4M       396K       4.7M
-/+ buffers/cache:       901M        90M
Swap:         8.0G       343M       7.7G

             total       used       free     shared    buffers     cached
Mem:          992M       908M        83M       2.4M       404K       4.7M
-/+ buffers/cache:       903M        88M
Swap:         8.0G       343M       7.7G

             total       used       free     shared    buffers     cached
Mem:          992M       911M        81M       2.4M       404K       4.7M
-/+ buffers/cache:       906M        86M
Swap:         8.0G       343M       7.7G

             total       used       free     shared    buffers     cached
Mem:          992M       913M        78M       2.4M       404K       4.7M
-/+ buffers/cache:       908M        83M
Swap:         8.0G       343M       7.7G

             total       used       free     shared    buffers     cached
Mem:          992M       916M        75M       2.4M       404K       4.7M
-/+ buffers/cache:       911M        80M
Swap:         8.0G       343M       7.7G

             total       used       free     shared    buffers     cached
Mem:          992M       918M        74M       2.4M       404K       4.7M
-/+ buffers/cache:       913M        79M
Swap:         8.0G       343M       7.7G

             total       used       free     shared    buffers     cached
Mem:          992M       920M        71M       2.4M       404K       4.7M
-/+ buffers/cache:       915M        76M
Swap:         8.0G       343M       7.7G

             total       used       free     shared    buffers     cached
Mem:          992M       922M        69M       2.4M       412K       4.7M
-/+ buffers/cache:       917M        74M
Swap:         8.0G       343M       7.7G

             total       used       free     shared    buffers     cached
Mem:          992M       925M        66M       2.4M       412K       4.7M
-/+ buffers/cache:       920M        71M
Swap:         8.0G       343M       7.7G

             total       used       free     shared    buffers     cached
Mem:          992M       928M        64M       2.4M       412K       4.7M
-/+ buffers/cache:       923M        69M
Swap:         8.0G       343M       7.7G

             total       used       free     shared    buffers     cached
Mem:          992M       930M        61M       2.4M       412K       4.7M
-/+ buffers/cache:       925M        66M
Swap:         8.0G       343M       7.7G

             total       used       free     shared    buffers     cached
Mem:          992M       920M        71M       2.4M       352K       4.5M
-/+ buffers/cache:       915M        76M
Swap:         8.0G       348M       7.7G

             total       used       free     shared    buffers     cached
Mem:          992M       922M        69M       2.4M       360K       4.5M
-/+ buffers/cache:       918M        74M
Swap:         8.0G       348M       7.7G

             total       used       free     shared    buffers     cached
Mem:          992M       924M        67M       2.4M       360K       4.5M
-/+ buffers/cache:       919M        72M
Swap:         8.0G       348M       7.7G

             total       used       free     shared    buffers     cached
Mem:          992M       927M        64M       2.4M       360K       4.5M
-/+ buffers/cache:       922M        69M
Swap:         8.0G       348M       7.7G

             total       used       free     shared    buffers     cached
Mem:          992M       916M        75M       648K       360K       2.6M
-/+ buffers/cache:       913M        78M
Swap:         8.0G       363M       7.6G

             total       used       free     shared    buffers     cached
Mem:          992M       920M        71M        16K       360K       2.0M
-/+ buffers/cache:       917M        74M
Swap:         8.0G       351M       7.7G

             total       used       free     shared    buffers     cached
Mem:          992M       925M        66M        16K        92K       1.4M
-/+ buffers/cache:       923M        68M
Swap:         8.0G       441M       7.6G

             total       used       free     shared    buffers     cached
Mem:          992M       888M       103M        12K       216K       1.4M
-/+ buffers/cache:       886M       105M
Swap:         8.0G       435M       7.6G

             total       used       free     shared    buffers     cached
Mem:          992M       902M        89M        12K       356K       1.6M
-/+ buffers/cache:       900M        91M
Swap:         8.0G       413M       7.6G

             total       used       free     shared    buffers     cached
Mem:          992M       920M        71M        12K       356K       1.6M
-/+ buffers/cache:       918M        73M
Swap:         8.0G       386M       7.6G

             total       used       free     shared    buffers     cached
Mem:          992M       917M        74M        12K       356K       1.5M
-/+ buffers/cache:       915M        76M
Swap:         8.0G       365M       7.6G

             total       used       free     shared    buffers     cached
Mem:          992M       919M        72M        12K       372K       1.6M
-/+ buffers/cache:       917M        74M
Swap:         8.0G       345M       7.7G

             total       used       free     shared    buffers     cached
Mem:          992M       923M        68M        12K       380K       1.6M
-/+ buffers/cache:       921M        70M
Swap:         8.0G       338M       7.7G

             total       used       free     shared    buffers     cached
Mem:          992M       921M        70M         0B       380K       1.5M
-/+ buffers/cache:       919M        72M
Swap:         8.0G       338M       7.7G

             total       used       free     shared    buffers     cached
Mem:          992M       921M        70M         0B       380K       1.5M
-/+ buffers/cache:       919M        72M
Swap:         8.0G       349M       7.7G

             total       used       free     shared    buffers     cached
Mem:          992M       922M        70M         0B       180K        10M
-/+ buffers/cache:       910M        81M
Swap:         8.0G       349M       7.7G

             total       used       free     shared    buffers     cached
Mem:          992M       919M        72M         0B        96K       4.0M
-/+ buffers/cache:       915M        76M
Swap:         8.0G       342M       7.7G

             total       used       free     shared    buffers     cached
Mem:          992M       919M        72M         0B       396K       2.5M
-/+ buffers/cache:       916M        75M
Swap:         8.0G       342M       7.7G

             total       used       free     shared    buffers     cached
Mem:          992M       920M        71M         0B       396K       2.5M
-/+ buffers/cache:       918M        74M
Swap:         8.0G       342M       7.7G

             total       used       free     shared    buffers     cached
Mem:          992M       920M        71M         0B       396K       2.4M
-/+ buffers/cache:       917M        74M
Swap:         8.0G       340M       7.7G

             total       used       free     shared    buffers     cached
Mem:          992M       923M        68M         0B       636K       3.0M
-/+ buffers/cache:       919M        72M
Swap:         8.0G       344M       7.7G

             total       used       free     shared    buffers     cached
Mem:          992M       913M        78M         0B       868K        31M
-/+ buffers/cache:       880M       111M
Swap:         8.0G       392M       7.6G

             total       used       free     shared    buffers     cached
Mem:          992M       915M        77M        16K       868K        26M
-/+ buffers/cache:       887M       104M
Swap:         8.0G       390M       7.6G

             total       used       free     shared    buffers     cached
Mem:          992M       917M        75M        16K       160K        23M
-/+ buffers/cache:       893M        98M
Swap:         8.0G       379M       7.6G

             total       used       free     shared    buffers     cached
Mem:          992M       922M        69M        16K       348K        13M
-/+ buffers/cache:       908M        83M
Swap:         8.0G       362M       7.6G

             total       used       free     shared    buffers     cached
Mem:          992M       925M        67M        16K       352K       2.4M
-/+ buffers/cache:       922M        69M
Swap:         8.0G       346M       7.7G

             total       used       free     shared    buffers     cached
Mem:          992M       925M        66M        16K       360K       2.1M
-/+ buffers/cache:       923M        69M
Swap:         8.0G       354M       7.7G

             total       used       free     shared    buffers     cached
Mem:          992M       927M        64M        16K       360K       2.1M
-/+ buffers/cache:       925M        66M
Swap:         8.0G       351M       7.7G

             total       used       free     shared    buffers     cached
Mem:          992M       920M        71M        16K       360K       1.8M
-/+ buffers/cache:       918M        73M
Swap:         8.0G       351M       7.7G

             total       used       free     shared    buffers     cached
Mem:          992M       918M        73M        16K       360K       1.8M
-/+ buffers/cache:       916M        75M
Swap:         8.0G       361M       7.6G

             total       used       free     shared    buffers     cached
Mem:          992M       924M        67M        16K       360K       1.8M
-/+ buffers/cache:       922M        69M
Swap:         8.0G       349M       7.7G

             total       used       free     shared    buffers     cached
Mem:          992M       926M        65M        16K       360K       1.7M
-/+ buffers/cache:       924M        67M
Swap:         8.0G       351M       7.7G

             total       used       free     shared    buffers     cached
Mem:          992M       913M        78M        16K       368K       1.6M
-/+ buffers/cache:       911M        80M
Swap:         8.0G       365M       7.6G

             total       used       free     shared    buffers     cached
Mem:          992M       930M        62M        16K       368K       1.6M
-/+ buffers/cache:       928M        64M
Swap:         8.0G       351M       7.7G

             total       used       free     shared    buffers     cached
Mem:          992M       921M        71M        16K       368K       1.6M
-/+ buffers/cache:       919M        72M
Swap:         8.0G       358M       7.6G

             total       used       free     shared    buffers     cached
Mem:          992M       929M        62M        16K       368K       1.5M
-/+ buffers/cache:       927M        64M
Swap:         8.0G       357M       7.6G

             total       used       free     shared    buffers     cached
Mem:          992M       918M        73M        16K        96K       2.9M
-/+ buffers/cache:       915M        76M
Swap:         8.0G       379M       7.6G

             total       used       free     shared    buffers     cached
Mem:          992M       920M        71M        16K       232K       3.6M
-/+ buffers/cache:       916M        75M
Swap:         8.0G       364M       7.6G

             total       used       free     shared    buffers     cached
Mem:          992M       921M        70M        16K       232K       3.7M
-/+ buffers/cache:       917M        74M
Swap:         8.0G       360M       7.6G

             total       used       free     shared    buffers     cached
Mem:          992M       928M        63M        16K       232K       6.3M
-/+ buffers/cache:       921M        70M
Swap:         8.0G       358M       7.6G

             total       used       free     shared    buffers     cached
Mem:          992M       930M        61M        16K       232K       6.3M
-/+ buffers/cache:       924M        67M
Swap:         8.0G       357M       7.6G

             total       used       free     shared    buffers     cached
Mem:          992M       916M        75M        16K       216K       5.9M
-/+ buffers/cache:       910M        81M
Swap:         8.0G       376M       7.6G

             total       used       free     shared    buffers     cached
Mem:          992M       919M        72M        16K       216K       5.8M
-/+ buffers/cache:       913M        78M
Swap:         8.0G       376M       7.6G

             total       used       free     shared    buffers     cached
Mem:          992M       910M        81M        16K        92K        22M
-/+ buffers/cache:       887M       104M
Swap:         8.0G       408M       7.6G

             total       used       free     shared    buffers     cached
Mem:          992M       914M        77M        40K        96K        22M
-/+ buffers/cache:       892M       100M
Swap:         8.0G       406M       7.6G

             total       used       free     shared    buffers     cached
Mem:          992M       917M        74M        40K        96K        22M
-/+ buffers/cache:       894M        97M
Swap:         8.0G       406M       7.6G

             total       used       free     shared    buffers     cached
Mem:          992M       921M        71M        40K        96K        22M
-/+ buffers/cache:       898M        93M
Swap:         8.0G       406M       7.6G

             total       used       free     shared    buffers     cached
Mem:          992M       924M        68M        40K        96K        22M
-/+ buffers/cache:       901M        91M
Swap:         8.0G       406M       7.6G

             total       used       free     shared    buffers     cached
Mem:          992M       925M        66M        40K       104K        22M
-/+ buffers/cache:       902M        89M
Swap:         8.0G       406M       7.6G

             total       used       free     shared    buffers     cached
Mem:          992M       928M        63M        40K       104K        22M
-/+ buffers/cache:       905M        86M
Swap:         8.0G       406M       7.6G

             total       used       free     shared    buffers     cached
Mem:          992M       916M        75M        40K       104K        22M
-/+ buffers/cache:       894M        97M
Swap:         8.0G       418M       7.6G

             total       used       free     shared    buffers     cached
Mem:          992M       919M        72M        40K       104K        22M
-/+ buffers/cache:       897M        94M
Swap:         8.0G       418M       7.6G

             total       used       free     shared    buffers     cached
Mem:          992M       922M        69M        40K       104K        22M
-/+ buffers/cache:       900M        91M
Swap:         8.0G       418M       7.6G

             total       used       free     shared    buffers     cached
Mem:          992M       924M        67M        40K       104K        22M
-/+ buffers/cache:       902M        89M
Swap:         8.0G       418M       7.6G

             total       used       free     shared    buffers     cached
Mem:          992M       927M        64M        40K       112K        22M
-/+ buffers/cache:       905M        86M
Swap:         8.0G       418M       7.6G

             total       used       free     shared    buffers     cached
Mem:          992M       930M        61M        40K       112K        22M
-/+ buffers/cache:       908M        83M
Swap:         8.0G       418M       7.6G

             total       used       free     shared    buffers     cached
Mem:          992M       919M        73M        40K       112K        21M
-/+ buffers/cache:       897M        94M
Swap:         8.0G       431M       7.6G

             total       used       free     shared    buffers     cached
Mem:          992M       921M        70M        40K       112K        21M
-/+ buffers/cache:       899M        92M
Swap:         8.0G       431M       7.6G

             total       used       free     shared    buffers     cached
Mem:          992M       923M        68M        40K       112K        21M
-/+ buffers/cache:       901M        90M
Swap:         8.0G       431M       7.6G

             total       used       free     shared    buffers     cached
Mem:          992M       924M        67M        40K       120K        21M
-/+ buffers/cache:       902M        89M
Swap:         8.0G       431M       7.6G

             total       used       free     shared    buffers     cached
Mem:          992M       925M        66M        40K       120K        21M
-/+ buffers/cache:       903M        88M
Swap:         8.0G       430M       7.6G

             total       used       free     shared    buffers     cached
Mem:          992M       926M        65M        40K       120K        21M
-/+ buffers/cache:       905M        86M
Swap:         8.0G       430M       7.6G

             total       used       free     shared    buffers     cached
Mem:          992M       928M        64M        40K       120K        21M
-/+ buffers/cache:       906M        85M
Swap:         8.0G       429M       7.6G

             total       used       free     shared    buffers     cached
Mem:          992M       929M        62M        40K       120K        21M
-/+ buffers/cache:       907M        84M
Swap:         8.0G       429M       7.6G

             total       used       free     shared    buffers     cached
Mem:          992M       930M        61M        40K       128K        21M
-/+ buffers/cache:       908M        83M
Swap:         8.0G       428M       7.6G

             total       used       free     shared    buffers     cached
Mem:          992M       904M        87M        40K       112K        19M
-/+ buffers/cache:       885M       107M
Swap:         8.0G       446M       7.6G

             total       used       free     shared    buffers     cached
Mem:          992M       905M        86M        40K       112K        19M
-/+ buffers/cache:       886M       105M
Swap:         8.0G       446M       7.6G

             total       used       free     shared    buffers     cached
Mem:          992M       906M        85M        40K       112K        19M
-/+ buffers/cache:       887M       104M
Swap:         8.0G       445M       7.6G

             total       used       free     shared    buffers     cached
Mem:          992M       923M        68M       248K       3.3M        30M
-/+ buffers/cache:       889M       102M
Swap:         8.0G       454M       7.6G

             total       used       free     shared    buffers     cached
Mem:          992M       925M        67M       248K       6.4M        37M
-/+ buffers/cache:       880M       111M
Swap:         8.0G       460M       7.5G

             total       used       free     shared    buffers     cached
Mem:          992M       922M        70M       244K       6.4M        36M
-/+ buffers/cache:       878M       113M
Swap:         8.0G       463M       7.5G
