             total       used       free     shared    buffers     cached
Mem:          2.0G       654M       1.3G       3.2M        38M       286M
-/+ buffers/cache:       328M       1.6G
Swap:         8.0G         0B       8.0G

             total       used       free     shared    buffers     cached
Mem:          2.0G       653M       1.3G       1.4M        38M       285M
-/+ buffers/cache:       328M       1.6G
Swap:         8.0G         0B       8.0G

             total       used       free     shared    buffers     cached
Mem:          2.0G       653M       1.3G       1.5M        38M       285M
-/+ buffers/cache:       328M       1.6G
Swap:         8.0G         0B       8.0G

             total       used       free     shared    buffers     cached
Mem:          2.0G       653M       1.3G       1.5M        38M       285M
-/+ buffers/cache:       328M       1.6G
Swap:         8.0G         0B       8.0G

             total       used       free     shared    buffers     cached
Mem:          2.0G       653M       1.3G       1.5M        38M       285M
-/+ buffers/cache:       328M       1.6G
Swap:         8.0G         0B       8.0G

             total       used       free     shared    buffers     cached
Mem:          2.0G       653M       1.3G       1.5M        38M       285M
-/+ buffers/cache:       328M       1.6G
Swap:         8.0G         0B       8.0G

             total       used       free     shared    buffers     cached
Mem:          2.0G       653M       1.3G       1.5M        38M       285M
-/+ buffers/cache:       328M       1.6G
Swap:         8.0G         0B       8.0G

             total       used       free     shared    buffers     cached
Mem:          2.0G       652M       1.3G       1.5M        38M       285M
-/+ buffers/cache:       328M       1.6G
Swap:         8.0G         0B       8.0G

             total       used       free     shared    buffers     cached
Mem:          2.0G       653M       1.3G       1.5M        38M       285M
-/+ buffers/cache:       328M       1.6G
Swap:         8.0G         0B       8.0G

             total       used       free     shared    buffers     cached
Mem:          2.0G       656M       1.3G       1.5M        39M       285M
-/+ buffers/cache:       331M       1.6G
Swap:         8.0G         0B       8.0G

             total       used       free     shared    buffers     cached
Mem:          2.0G       673M       1.3G       1.5M        39M       285M
-/+ buffers/cache:       348M       1.6G
Swap:         8.0G         0B       8.0G

             total       used       free     shared    buffers     cached
Mem:          2.0G       694M       1.3G       1.5M        39M       286M
-/+ buffers/cache:       369M       1.6G
Swap:         8.0G         0B       8.0G

             total       used       free     shared    buffers     cached
Mem:          2.0G       690M       1.3G       1.5M        39M       290M
-/+ buffers/cache:       361M       1.6G
Swap:         8.0G         0B       8.0G

             total       used       free     shared    buffers     cached
Mem:          2.0G       716M       1.3G       1.5M        39M       290M
-/+ buffers/cache:       386M       1.6G
Swap:         8.0G         0B       8.0G

             total       used       free     shared    buffers     cached
Mem:          2.0G       732M       1.2G       1.5M        39M       290M
-/+ buffers/cache:       403M       1.6G
Swap:         8.0G         0B       8.0G

             total       used       free     shared    buffers     cached
Mem:          2.0G       734M       1.2G       1.5M        39M       290M
-/+ buffers/cache:       405M       1.6G
Swap:         8.0G         0B       8.0G

             total       used       free     shared    buffers     cached
Mem:          2.0G       719M       1.3G       1.5M        39M       295M
-/+ buffers/cache:       385M       1.6G
Swap:         8.0G         0B       8.0G

             total       used       free     shared    buffers     cached
Mem:          2.0G       719M       1.3G       1.5M        39M       295M
-/+ buffers/cache:       385M       1.6G
Swap:         8.0G         0B       8.0G

             total       used       free     shared    buffers     cached
Mem:          2.0G       720M       1.2G       1.5M        39M       295M
-/+ buffers/cache:       385M       1.6G
Swap:         8.0G         0B       8.0G

             total       used       free     shared    buffers     cached
Mem:          2.0G       720M       1.2G       1.5M        39M       295M
-/+ buffers/cache:       385M       1.6G
Swap:         8.0G         0B       8.0G

             total       used       free     shared    buffers     cached
Mem:          2.0G       720M       1.2G       1.5M        39M       295M
-/+ buffers/cache:       385M       1.6G
Swap:         8.0G         0B       8.0G

             total       used       free     shared    buffers     cached
Mem:          2.0G       720M       1.2G       1.5M        39M       295M
-/+ buffers/cache:       386M       1.6G
Swap:         8.0G         0B       8.0G

             total       used       free     shared    buffers     cached
Mem:          2.0G       720M       1.2G       1.5M        39M       295M
-/+ buffers/cache:       386M       1.6G
Swap:         8.0G         0B       8.0G

             total       used       free     shared    buffers     cached
Mem:          2.0G       720M       1.2G       1.5M        39M       295M
-/+ buffers/cache:       386M       1.6G
Swap:         8.0G         0B       8.0G

             total       used       free     shared    buffers     cached
Mem:          2.0G       720M       1.2G       1.5M        39M       295M
-/+ buffers/cache:       386M       1.6G
Swap:         8.0G         0B       8.0G

             total       used       free     shared    buffers     cached
Mem:          2.0G       720M       1.2G       1.5M        39M       295M
-/+ buffers/cache:       386M       1.6G
Swap:         8.0G         0B       8.0G

             total       used       free     shared    buffers     cached
Mem:          2.0G       720M       1.2G       1.5M        39M       295M
-/+ buffers/cache:       386M       1.6G
Swap:         8.0G         0B       8.0G

             total       used       free     shared    buffers     cached
Mem:          2.0G       720M       1.2G       1.5M        39M       295M
-/+ buffers/cache:       385M       1.6G
Swap:         8.0G         0B       8.0G

             total       used       free     shared    buffers     cached
Mem:          2.0G       720M       1.2G       1.5M        39M       295M
-/+ buffers/cache:       385M       1.6G
Swap:         8.0G         0B       8.0G

             total       used       free     shared    buffers     cached
Mem:          2.0G       720M       1.2G       1.5M        39M       295M
-/+ buffers/cache:       385M       1.6G
Swap:         8.0G         0B       8.0G

             total       used       free     shared    buffers     cached
Mem:          2.0G       720M       1.2G       1.5M        39M       295M
-/+ buffers/cache:       385M       1.6G
Swap:         8.0G         0B       8.0G

             total       used       free     shared    buffers     cached
Mem:          2.0G       720M       1.2G       1.5M        39M       295M
-/+ buffers/cache:       385M       1.6G
Swap:         8.0G         0B       8.0G

             total       used       free     shared    buffers     cached
Mem:          2.0G       720M       1.2G       1.5M        39M       295M
-/+ buffers/cache:       385M       1.6G
Swap:         8.0G         0B       8.0G

             total       used       free     shared    buffers     cached
Mem:          2.0G       726M       1.2G       1.5M        39M       295M
-/+ buffers/cache:       392M       1.6G
Swap:         8.0G         0B       8.0G

             total       used       free     shared    buffers     cached
Mem:          2.0G       743M       1.2G       1.5M        39M       295M
-/+ buffers/cache:       408M       1.6G
Swap:         8.0G         0B       8.0G

             total       used       free     shared    buffers     cached
Mem:          2.0G       759M       1.2G       1.5M        39M       295M
-/+ buffers/cache:       424M       1.5G
Swap:         8.0G         0B       8.0G

             total       used       free     shared    buffers     cached
Mem:          2.0G       774M       1.2G       1.5M        39M       295M
-/+ buffers/cache:       440M       1.5G
Swap:         8.0G         0B       8.0G

             total       used       free     shared    buffers     cached
Mem:          2.0G       791M       1.2G       1.5M        39M       295M
-/+ buffers/cache:       457M       1.5G
Swap:         8.0G         0B       8.0G

             total       used       free     shared    buffers     cached
Mem:          2.0G       809M       1.2G       1.5M        39M       295M
-/+ buffers/cache:       474M       1.5G
Swap:         8.0G         0B       8.0G

             total       used       free     shared    buffers     cached
Mem:          2.0G       824M       1.1G       1.5M        39M       295M
-/+ buffers/cache:       489M       1.5G
Swap:         8.0G         0B       8.0G

             total       used       free     shared    buffers     cached
Mem:          2.0G       838M       1.1G       1.5M        39M       295M
-/+ buffers/cache:       503M       1.5G
Swap:         8.0G         0B       8.0G

             total       used       free     shared    buffers     cached
Mem:          2.0G       854M       1.1G       1.5M        39M       295M
-/+ buffers/cache:       519M       1.4G
Swap:         8.0G         0B       8.0G

             total       used       free     shared    buffers     cached
Mem:          2.0G       871M       1.1G       1.5M        39M       295M
-/+ buffers/cache:       536M       1.4G
Swap:         8.0G         0B       8.0G

             total       used       free     shared    buffers     cached
Mem:          2.0G       892M       1.1G       1.5M        39M       295M
-/+ buffers/cache:       558M       1.4G
Swap:         8.0G         0B       8.0G

             total       used       free     shared    buffers     cached
Mem:          2.0G       910M       1.1G       1.5M        39M       295M
-/+ buffers/cache:       575M       1.4G
Swap:         8.0G         0B       8.0G

             total       used       free     shared    buffers     cached
Mem:          2.0G       926M       1.0G       1.5M        39M       295M
-/+ buffers/cache:       592M       1.4G
Swap:         8.0G         0B       8.0G

             total       used       free     shared    buffers     cached
Mem:          2.0G       943M       1.0G       1.5M        39M       295M
-/+ buffers/cache:       608M       1.4G
Swap:         8.0G         0B       8.0G

             total       used       free     shared    buffers     cached
Mem:          2.0G       954M       1.0G       1.5M        39M       295M
-/+ buffers/cache:       620M       1.3G
Swap:         8.0G         0B       8.0G

             total       used       free     shared    buffers     cached
Mem:          2.0G       970M       1.0G       1.5M        39M       295M
-/+ buffers/cache:       636M       1.3G
Swap:         8.0G         0B       8.0G

             total       used       free     shared    buffers     cached
Mem:          2.0G       988M       1.0G       1.5M        39M       295M
-/+ buffers/cache:       653M       1.3G
Swap:         8.0G         0B       8.0G

             total       used       free     shared    buffers     cached
Mem:          2.0G       1.0G       996M       1.5M        39M       295M
-/+ buffers/cache:       669M       1.3G
Swap:         8.0G         0B       8.0G

             total       used       free     shared    buffers     cached
Mem:          2.0G       1.0G       979M       1.5M        39M       295M
-/+ buffers/cache:       686M       1.3G
Swap:         8.0G         0B       8.0G

             total       used       free     shared    buffers     cached
Mem:          2.0G       1.0G       963M       1.5M        39M       295M
-/+ buffers/cache:       702M       1.3G
Swap:         8.0G         0B       8.0G

             total       used       free     shared    buffers     cached
Mem:          2.0G       1.0G       946M       1.5M        39M       295M
-/+ buffers/cache:       719M       1.3G
Swap:         8.0G         0B       8.0G

             total       used       free     shared    buffers     cached
Mem:          2.0G       1.0G       931M       1.5M        39M       295M
-/+ buffers/cache:       734M       1.2G
Swap:         8.0G         0B       8.0G

             total       used       free     shared    buffers     cached
Mem:          2.0G       1.1G       916M       1.5M        39M       295M
-/+ buffers/cache:       749M       1.2G
Swap:         8.0G         0B       8.0G

             total       used       free     shared    buffers     cached
Mem:          2.0G       1.1G       900M       1.5M        39M       295M
-/+ buffers/cache:       765M       1.2G
Swap:         8.0G         0B       8.0G

             total       used       free     shared    buffers     cached
Mem:          2.0G       1.1G       885M       1.5M        39M       295M
-/+ buffers/cache:       780M       1.2G
Swap:         8.0G         0B       8.0G

             total       used       free     shared    buffers     cached
Mem:          2.0G       1.1G       870M       1.5M        39M       295M
-/+ buffers/cache:       795M       1.2G
Swap:         8.0G         0B       8.0G

             total       used       free     shared    buffers     cached
Mem:          2.0G       1.1G       855M       1.5M        39M       295M
-/+ buffers/cache:       810M       1.2G
Swap:         8.0G         0B       8.0G

             total       used       free     shared    buffers     cached
Mem:          2.0G       1.1G       838M       1.5M        39M       295M
-/+ buffers/cache:       826M       1.1G
Swap:         8.0G         0B       8.0G

             total       used       free     shared    buffers     cached
Mem:          2.0G       1.1G       828M       1.5M        39M       295M
-/+ buffers/cache:       837M       1.1G
Swap:         8.0G         0B       8.0G

             total       used       free     shared    buffers     cached
Mem:          2.0G       1.2G       814M       1.5M        39M       295M
-/+ buffers/cache:       850M       1.1G
Swap:         8.0G         0B       8.0G

             total       used       free     shared    buffers     cached
Mem:          2.0G       1.2G       799M       1.5M        39M       295M
-/+ buffers/cache:       865M       1.1G
Swap:         8.0G         0B       8.0G

             total       used       free     shared    buffers     cached
Mem:          2.0G       1.2G       783M       1.5M        39M       295M
-/+ buffers/cache:       881M       1.1G
Swap:         8.0G         0B       8.0G

             total       used       free     shared    buffers     cached
Mem:          2.0G       1.2G       768M       1.5M        39M       295M
-/+ buffers/cache:       896M       1.1G
Swap:         8.0G         0B       8.0G

             total       used       free     shared    buffers     cached
Mem:          2.0G       1.2G       752M       1.5M        39M       295M
-/+ buffers/cache:       912M       1.1G
Swap:         8.0G         0B       8.0G

             total       used       free     shared    buffers     cached
Mem:          2.0G       1.2G       738M       1.5M        39M       295M
-/+ buffers/cache:       926M       1.0G
Swap:         8.0G         0B       8.0G

             total       used       free     shared    buffers     cached
Mem:          2.0G       1.2G       722M       1.5M        39M       295M
-/+ buffers/cache:       942M       1.0G
Swap:         8.0G         0B       8.0G

             total       used       free     shared    buffers     cached
Mem:          2.0G       1.3G       703M       1.5M        39M       295M
-/+ buffers/cache:       961M       1.0G
Swap:         8.0G         0B       8.0G

             total       used       free     shared    buffers     cached
Mem:          2.0G       1.3G       687M       1.5M        39M       295M
-/+ buffers/cache:       977M       1.0G
Swap:         8.0G         0B       8.0G

             total       used       free     shared    buffers     cached
Mem:          2.0G       1.3G       671M       1.5M        39M       295M
-/+ buffers/cache:       993M       1.0G
Swap:         8.0G         0B       8.0G

             total       used       free     shared    buffers     cached
Mem:          2.0G       1.3G       655M       1.5M        39M       295M
-/+ buffers/cache:       1.0G       990M
Swap:         8.0G         0B       8.0G

             total       used       free     shared    buffers     cached
Mem:          2.0G       1.3G       639M       1.5M        39M       295M
-/+ buffers/cache:       1.0G       974M
Swap:         8.0G         0B       8.0G

             total       used       free     shared    buffers     cached
Mem:          2.0G       1.3G       625M       1.5M        39M       295M
-/+ buffers/cache:       1.0G       960M
Swap:         8.0G         0B       8.0G

             total       used       free     shared    buffers     cached
Mem:          2.0G       1.4G       609M       1.5M        39M       295M
-/+ buffers/cache:       1.0G       945M
Swap:         8.0G         0B       8.0G

             total       used       free     shared    buffers     cached
Mem:          2.0G       1.4G       591M       1.5M        39M       295M
-/+ buffers/cache:       1.0G       926M
Swap:         8.0G         0B       8.0G

             total       used       free     shared    buffers     cached
Mem:          2.0G       1.4G       573M       1.5M        39M       295M
-/+ buffers/cache:       1.1G       909M
Swap:         8.0G         0B       8.0G

             total       used       free     shared    buffers     cached
Mem:          2.0G       1.4G       555M       1.5M        39M       295M
-/+ buffers/cache:       1.1G       890M
Swap:         8.0G         0B       8.0G

             total       used       free     shared    buffers     cached
Mem:          2.0G       1.4G       536M       1.5M        39M       295M
-/+ buffers/cache:       1.1G       871M
Swap:         8.0G         0B       8.0G

             total       used       free     shared    buffers     cached
Mem:          2.0G       1.4G       521M       1.5M        39M       295M
-/+ buffers/cache:       1.1G       856M
Swap:         8.0G         0B       8.0G

             total       used       free     shared    buffers     cached
Mem:          2.0G       1.5G       505M       1.5M        39M       295M
-/+ buffers/cache:       1.1G       840M
Swap:         8.0G         0B       8.0G

             total       used       free     shared    buffers     cached
Mem:          2.0G       1.5G       490M       1.5M        39M       295M
-/+ buffers/cache:       1.1G       825M
Swap:         8.0G         0B       8.0G

             total       used       free     shared    buffers     cached
Mem:          2.0G       1.5G       474M       1.5M        39M       295M
-/+ buffers/cache:       1.2G       810M
Swap:         8.0G         0B       8.0G

             total       used       free     shared    buffers     cached
Mem:          2.0G       1.5G       458M       1.5M        39M       295M
-/+ buffers/cache:       1.2G       793M
Swap:         8.0G         0B       8.0G

             total       used       free     shared    buffers     cached
Mem:          2.0G       1.5G       442M       1.5M        39M       295M
-/+ buffers/cache:       1.2G       777M
Swap:         8.0G         0B       8.0G

             total       used       free     shared    buffers     cached
Mem:          2.0G       1.5G       425M       1.5M        39M       295M
-/+ buffers/cache:       1.2G       760M
Swap:         8.0G         0B       8.0G

             total       used       free     shared    buffers     cached
Mem:          2.0G       1.6G       409M       1.5M        39M       295M
-/+ buffers/cache:       1.2G       744M
Swap:         8.0G         0B       8.0G

             total       used       free     shared    buffers     cached
Mem:          2.0G       1.6G       393M       1.5M        39M       295M
-/+ buffers/cache:       1.2G       728M
Swap:         8.0G         0B       8.0G

             total       used       free     shared    buffers     cached
Mem:          2.0G       1.6G       380M       1.5M        39M       295M
-/+ buffers/cache:       1.3G       716M
Swap:         8.0G         0B       8.0G

             total       used       free     shared    buffers     cached
Mem:          2.0G       1.6G       375M       1.5M        39M       295M
-/+ buffers/cache:       1.3G       710M
Swap:         8.0G         0B       8.0G

             total       used       free     shared    buffers     cached
Mem:          2.0G       1.6G       359M       1.5M        39M       295M
-/+ buffers/cache:       1.3G       694M
Swap:         8.0G         0B       8.0G

             total       used       free     shared    buffers     cached
Mem:          2.0G       1.6G       340M       1.5M        39M       295M
-/+ buffers/cache:       1.3G       675M
Swap:         8.0G         0B       8.0G

             total       used       free     shared    buffers     cached
Mem:          2.0G       1.6G       320M       1.5M        39M       295M
-/+ buffers/cache:       1.3G       655M
Swap:         8.0G         0B       8.0G

             total       used       free     shared    buffers     cached
Mem:          2.0G       1.7G       302M       1.5M        39M       295M
-/+ buffers/cache:       1.3G       637M
Swap:         8.0G         0B       8.0G

             total       used       free     shared    buffers     cached
Mem:          2.0G       1.7G       282M       1.5M        39M       295M
-/+ buffers/cache:       1.4G       617M
Swap:         8.0G         0B       8.0G

             total       used       free     shared    buffers     cached
Mem:          2.0G       1.7G       263M       1.5M        39M       295M
-/+ buffers/cache:       1.4G       598M
Swap:         8.0G         0B       8.0G

             total       used       free     shared    buffers     cached
Mem:          2.0G       1.7G       244M       1.5M        39M       295M
-/+ buffers/cache:       1.4G       579M
Swap:         8.0G         0B       8.0G

             total       used       free     shared    buffers     cached
Mem:          2.0G       1.7G       228M       1.5M        39M       295M
-/+ buffers/cache:       1.4G       563M
Swap:         8.0G         0B       8.0G

             total       used       free     shared    buffers     cached
Mem:          2.0G       1.7G       212M       1.5M        39M       295M
-/+ buffers/cache:       1.4G       547M
Swap:         8.0G         0B       8.0G

             total       used       free     shared    buffers     cached
Mem:          2.0G       1.8G       196M       1.5M        39M       295M
-/+ buffers/cache:       1.4G       531M
Swap:         8.0G         0B       8.0G

             total       used       free     shared    buffers     cached
Mem:          2.0G       1.8G       179M       1.5M        39M       295M
-/+ buffers/cache:       1.5G       514M
Swap:         8.0G         0B       8.0G

             total       used       free     shared    buffers     cached
Mem:          2.0G       1.8G       162M       1.5M        39M       295M
-/+ buffers/cache:       1.5G       497M
Swap:         8.0G         0B       8.0G

             total       used       free     shared    buffers     cached
Mem:          2.0G       1.8G       144M       1.5M        39M       295M
-/+ buffers/cache:       1.5G       479M
Swap:         8.0G         0B       8.0G

             total       used       free     shared    buffers     cached
Mem:          2.0G       1.8G       125M       1.5M        39M       295M
-/+ buffers/cache:       1.5G       460M
Swap:         8.0G         0B       8.0G

             total       used       free     shared    buffers     cached
Mem:          2.0G       1.9G       105M       1.5M        39M       295M
-/+ buffers/cache:       1.5G       440M
Swap:         8.0G         0B       8.0G

             total       used       free     shared    buffers     cached
Mem:          2.0G       1.9G        86M       1.5M        39M       295M
-/+ buffers/cache:       1.5G       421M
Swap:         8.0G         0B       8.0G

             total       used       free     shared    buffers     cached
Mem:          2.0G       1.9G        70M       1.5M        39M       295M
-/+ buffers/cache:       1.6G       405M
Swap:         8.0G         0B       8.0G

             total       used       free     shared    buffers     cached
Mem:          2.0G       1.9G        73M       1.5M        20M       294M
-/+ buffers/cache:       1.6G       387M
Swap:         8.0G         0B       8.0G

             total       used       free     shared    buffers     cached
Mem:          2.0G       1.9G        68M       1.5M        11M       291M
-/+ buffers/cache:       1.6G       371M
Swap:         8.0G         0B       8.0G

             total       used       free     shared    buffers     cached
Mem:          2.0G       1.9G        72M       1.5M        11M       272M
-/+ buffers/cache:       1.6G       356M
Swap:         8.0G         0B       8.0G

             total       used       free     shared    buffers     cached
Mem:          2.0G       1.9G        76M       1.3M        10M       253M
-/+ buffers/cache:       1.6G       340M
Swap:         8.0G       388K       8.0G

             total       used       free     shared    buffers     cached
Mem:          2.0G       1.9G        76M       1.3M        10M       238M
-/+ buffers/cache:       1.6G       325M
Swap:         8.0G       6.4M       8.0G

             total       used       free     shared    buffers     cached
Mem:          2.0G       1.9G        73M       1.1M        10M       229M
-/+ buffers/cache:       1.6G       314M
Swap:         8.0G        10M       8.0G

             total       used       free     shared    buffers     cached
Mem:          2.0G       1.9G        67M       1.1M        10M       223M
-/+ buffers/cache:       1.7G       302M
Swap:         8.0G        11M       8.0G

             total       used       free     shared    buffers     cached
Mem:          2.0G       1.9G        64M       1.1M        10M       211M
-/+ buffers/cache:       1.7G       287M
Swap:         8.0G        11M       8.0G

             total       used       free     shared    buffers     cached
Mem:          2.0G       1.9G        73M       1.1M       2.4M       194M
-/+ buffers/cache:       1.7G       270M
Swap:         8.0G        11M       8.0G

             total       used       free     shared    buffers     cached
Mem:          2.0G       1.9G        73M       1.1M       1.1M       180M
-/+ buffers/cache:       1.7G       255M
Swap:         8.0G        11M       8.0G

             total       used       free     shared    buffers     cached
Mem:          2.0G       1.9G        84M       1.1M       1.1M       154M
-/+ buffers/cache:       1.7G       239M
Swap:         8.0G        11M       8.0G

             total       used       free     shared    buffers     cached
Mem:          2.0G       1.9G        67M       1.1M       1.1M       154M
-/+ buffers/cache:       1.7G       222M
Swap:         8.0G        11M       8.0G

             total       used       free     shared    buffers     cached
Mem:          2.0G       1.9G        71M       1.1M       324K       136M
-/+ buffers/cache:       1.8G       208M
Swap:         8.0G        11M       8.0G

             total       used       free     shared    buffers     cached
Mem:          2.0G       1.9G        73M       1.1M        80K       120M
-/+ buffers/cache:       1.8G       193M
Swap:         8.0G        11M       8.0G

             total       used       free     shared    buffers     cached
Mem:          2.0G       1.9G        71M       1.1M        80K       106M
-/+ buffers/cache:       1.8G       177M
Swap:         8.0G        11M       8.0G

             total       used       free     shared    buffers     cached
Mem:          2.0G       1.9G        69M       1.1M        80K        93M
-/+ buffers/cache:       1.8G       163M
Swap:         8.0G        11M       8.0G

             total       used       free     shared    buffers     cached
Mem:          2.0G       1.9G        75M       1.1M        80K        72M
-/+ buffers/cache:       1.8G       147M
Swap:         8.0G        11M       8.0G

             total       used       free     shared    buffers     cached
Mem:          2.0G       1.9G        75M       1.1M        88K        55M
-/+ buffers/cache:       1.8G       130M
Swap:         8.0G        11M       8.0G

             total       used       free     shared    buffers     cached
Mem:          2.0G       1.9G        73M       1.1M       108K        41M
-/+ buffers/cache:       1.8G       115M
Swap:         8.0G        11M       8.0G

             total       used       free     shared    buffers     cached
Mem:          2.0G       1.9G        73M       1.1M       240K        24M
-/+ buffers/cache:       1.9G        98M
Swap:         8.0G        11M       8.0G

             total       used       free     shared    buffers     cached
Mem:          2.0G       1.9G        76M       1.1M       240K       7.6M
-/+ buffers/cache:       1.9G        84M
Swap:         8.0G        11M       8.0G

             total       used       free     shared    buffers     cached
Mem:          2.0G       1.9G        55M       640K       240K       3.2M
-/+ buffers/cache:       1.9G        58M
Swap:         8.0G       174M       7.8G

             total       used       free     shared    buffers     cached
Mem:          2.0G       1.9G        54M       640K       240K       3.3M
-/+ buffers/cache:       1.9G        57M
Swap:         8.0G       175M       7.8G

             total       used       free     shared    buffers     cached
Mem:          2.0G       1.9G        55M       636K       260K       3.8M
-/+ buffers/cache:       1.9G        59M
Swap:         8.0G       182M       7.8G

             total       used       free     shared    buffers     cached
Mem:          2.0G       1.9G        55M       636K       288K       4.3M
-/+ buffers/cache:       1.9G        60M
Swap:         8.0G       191M       7.8G

             total       used       free     shared    buffers     cached
Mem:          2.0G       1.9G        53M       636K       320K       4.1M
-/+ buffers/cache:       1.9G        58M
Swap:         8.0G       196M       7.8G

             total       used       free     shared    buffers     cached
Mem:          2.0G       1.9G        54M       636K       336K       4.8M
-/+ buffers/cache:       1.9G        59M
Swap:         8.0G       200M       7.8G

             total       used       free     shared    buffers     cached
Mem:          2.0G       1.9G        53M       636K       336K       4.9M
-/+ buffers/cache:       1.9G        59M
Swap:         8.0G       200M       7.8G

             total       used       free     shared    buffers     cached
Mem:          2.0G       1.9G        65M       608K       516K       5.3M
-/+ buffers/cache:       1.9G        70M
Swap:         8.0G       221M       7.8G

             total       used       free     shared    buffers     cached
Mem:          2.0G       1.9G        83M       608K       380K       3.8M
-/+ buffers/cache:       1.9G        87M
Swap:         8.0G       257M       7.7G

             total       used       free     shared    buffers     cached
Mem:          2.0G       1.9G        68M       608K       380K       3.8M
-/+ buffers/cache:       1.9G        72M
Swap:         8.0G       257M       7.7G

             total       used       free     shared    buffers     cached
Mem:          2.0G       1.9G        66M       608K       380K       4.4M
-/+ buffers/cache:       1.9G        71M
Swap:         8.0G       257M       7.7G

             total       used       free     shared    buffers     cached
Mem:          2.0G       1.9G        75M       608K       380K       4.8M
-/+ buffers/cache:       1.9G        80M
Swap:         8.0G       262M       7.7G

             total       used       free     shared    buffers     cached
Mem:          2.0G       1.9G        73M       608K       384K       4.8M
-/+ buffers/cache:       1.9G        78M
Swap:         8.0G       262M       7.7G

             total       used       free     shared    buffers     cached
Mem:          2.0G       1.8G       125M       608K       324K       7.9M
-/+ buffers/cache:       1.8G       133M
Swap:         8.0G       262M       7.7G

             total       used       free     shared    buffers     cached
Mem:          2.0G       1.9G        76M       624K       344K        31M
-/+ buffers/cache:       1.8G       108M
Swap:         8.0G       254M       7.7G

             total       used       free     shared    buffers     cached
Mem:          2.0G       1.9G        92M       624K       492K        27M
-/+ buffers/cache:       1.8G       120M
Swap:         8.0G       254M       7.7G

             total       used       free     shared    buffers     cached
Mem:          2.0G       1.9G        77M       624K       496K        27M
-/+ buffers/cache:       1.9G       105M
Swap:         8.0G       254M       7.7G

             total       used       free     shared    buffers     cached
Mem:          2.0G       1.9G        66M       624K       496K        27M
-/+ buffers/cache:       1.9G        94M
Swap:         8.0G       254M       7.7G

             total       used       free     shared    buffers     cached
Mem:          2.0G       1.9G        66M       624K       504K        26M
-/+ buffers/cache:       1.9G        94M
Swap:         8.0G       254M       7.7G

             total       used       free     shared    buffers     cached
Mem:          2.0G       1.9G        72M       624K       504K        25M
-/+ buffers/cache:       1.9G        98M
Swap:         8.0G       254M       7.7G

             total       used       free     shared    buffers     cached
Mem:          2.0G       1.9G        75M       624K       212K        16M
-/+ buffers/cache:       1.9G        92M
Swap:         8.0G       279M       7.7G

             total       used       free     shared    buffers     cached
Mem:          2.0G       1.9G        75M       612K        96K       6.9M
-/+ buffers/cache:       1.9G        82M
Swap:         8.0G       279M       7.7G

             total       used       free     shared    buffers     cached
Mem:          2.0G       1.9G        66M       612K       100K       7.1M
-/+ buffers/cache:       1.9G        73M
Swap:         8.0G       273M       7.7G

             total       used       free     shared    buffers     cached
Mem:          2.0G       1.9G        70M       612K       396K       2.7M
-/+ buffers/cache:       1.9G        73M
Swap:         8.0G       263M       7.7G

             total       used       free     shared    buffers     cached
Mem:          2.0G       1.9G        62M       612K       396K       2.7M
-/+ buffers/cache:       1.9G        65M
Swap:         8.0G       454M       7.6G

             total       used       free     shared    buffers     cached
Mem:          2.0G       1.9G       104M       600K       396K       2.7M
-/+ buffers/cache:       1.8G       108M
Swap:         8.0G       454M       7.6G

             total       used       free     shared    buffers     cached
Mem:          2.0G       1.8G       124M       600K       396K       2.7M
-/+ buffers/cache:       1.8G       127M
Swap:         8.0G       454M       7.6G

             total       used       free     shared    buffers     cached
Mem:          2.0G       1.8G       129M       600K       396K       2.7M
-/+ buffers/cache:       1.8G       132M
Swap:         8.0G       454M       7.6G

             total       used       free     shared    buffers     cached
Mem:          2.0G       1.8G       122M       600K       396K       2.7M
-/+ buffers/cache:       1.8G       125M
Swap:         8.0G       437M       7.6G

             total       used       free     shared    buffers     cached
Mem:          2.0G       1.9G        94M       600K       404K       3.0M
-/+ buffers/cache:       1.9G        98M
Swap:         8.0G       364M       7.6G

             total       used       free     shared    buffers     cached
Mem:          2.0G       1.9G        85M       600K       404K       2.9M
-/+ buffers/cache:       1.9G        88M
Swap:         8.0G       338M       7.7G

             total       used       free     shared    buffers     cached
Mem:          2.0G       1.9G        76M       600K       108K        18M
-/+ buffers/cache:       1.9G        94M
Swap:         8.0G       334M       7.7G

             total       used       free     shared    buffers     cached
Mem:          2.0G       1.9G        72M       600K       1.8M        22M
-/+ buffers/cache:       1.9G        96M
Swap:         8.0G       334M       7.7G

             total       used       free     shared    buffers     cached
Mem:          2.0G       1.9G        76M       604K       1.8M        21M
-/+ buffers/cache:       1.9G        99M
Swap:         8.0G       340M       7.7G

             total       used       free     shared    buffers     cached
Mem:          2.0G       1.9G        68M       604K       1.8M        21M
-/+ buffers/cache:       1.9G        91M
Swap:         8.0G       340M       7.7G

             total       used       free     shared    buffers     cached
Mem:          2.0G       1.9G        72M       604K       1.7M        18M
-/+ buffers/cache:       1.9G        92M
Swap:         8.0G       349M       7.7G

             total       used       free     shared    buffers     cached
Mem:          2.0G       1.9G        78M       604K       1.4M        11M
-/+ buffers/cache:       1.9G        91M
Swap:         8.0G       355M       7.7G

             total       used       free     shared    buffers     cached
Mem:          2.0G       1.9G        74M       604K       1.5M        11M
-/+ buffers/cache:       1.9G        87M
Swap:         8.0G       354M       7.7G

             total       used       free     shared    buffers     cached
Mem:          2.0G       1.9G        73M       604K       1.5M        11M
-/+ buffers/cache:       1.9G        86M
Swap:         8.0G       354M       7.7G

             total       used       free     shared    buffers     cached
Mem:          2.0G       1.9G        72M       604K       1.5M        11M
-/+ buffers/cache:       1.9G        85M
Swap:         8.0G       354M       7.7G

             total       used       free     shared    buffers     cached
Mem:          2.0G       1.9G        71M       604K       1.5M        11M
-/+ buffers/cache:       1.9G        84M
Swap:         8.0G       353M       7.7G

             total       used       free     shared    buffers     cached
Mem:          2.0G       1.9G        70M       604K       1.5M        11M
-/+ buffers/cache:       1.9G        83M
Swap:         8.0G       353M       7.7G

             total       used       free     shared    buffers     cached
Mem:          2.0G       1.9G        69M       604K       1.5M        11M
-/+ buffers/cache:       1.9G        83M
Swap:         8.0G       352M       7.7G

             total       used       free     shared    buffers     cached
Mem:          2.0G       1.9G        69M       604K       1.5M        11M
-/+ buffers/cache:       1.9G        82M
Swap:         8.0G       352M       7.7G

             total       used       free     shared    buffers     cached
Mem:          2.0G       1.9G        68M       604K       1.5M        11M
-/+ buffers/cache:       1.9G        81M
Swap:         8.0G       352M       7.7G

             total       used       free     shared    buffers     cached
Mem:          2.0G       1.9G        67M       604K       1.5M        11M
-/+ buffers/cache:       1.9G        80M
Swap:         8.0G       351M       7.7G

             total       used       free     shared    buffers     cached
Mem:          2.0G       1.9G        66M       604K       1.5M        11M
-/+ buffers/cache:       1.9G        79M
Swap:         8.0G       351M       7.7G

             total       used       free     shared    buffers     cached
Mem:          2.0G       1.9G        65M       604K       1.5M        11M
-/+ buffers/cache:       1.9G        79M
Swap:         8.0G       350M       7.7G

             total       used       free     shared    buffers     cached
Mem:          2.0G       1.9G        65M       604K       1.5M        11M
-/+ buffers/cache:       1.9G        78M
Swap:         8.0G       350M       7.7G

             total       used       free     shared    buffers     cached
Mem:          2.0G       1.9G        76M       604K       208K       3.6M
-/+ buffers/cache:       1.9G        80M
Swap:         8.0G       351M       7.7G

             total       used       free     shared    buffers     cached
Mem:          2.0G       1.9G        75M       604K       216K       3.6M
-/+ buffers/cache:       1.9G        79M
Swap:         8.0G       351M       7.7G

             total       used       free     shared    buffers     cached
Mem:          2.0G       1.9G        72M       604K       640K       4.6M
-/+ buffers/cache:       1.9G        77M
Swap:         8.0G       350M       7.7G

             total       used       free     shared    buffers     cached
Mem:          2.0G       1.9G        75M       604K        96K       4.9M
-/+ buffers/cache:       1.9G        80M
Swap:         8.0G       369M       7.6G

             total       used       free     shared    buffers     cached
Mem:          2.0G       1.9G        70M       608K        88K        25M
-/+ buffers/cache:       1.9G        95M
Swap:         8.0G       384M       7.6G

             total       used       free     shared    buffers     cached
Mem:          2.0G       1.9G        69M       608K        88K        25M
-/+ buffers/cache:       1.9G        94M
Swap:         8.0G       383M       7.6G

             total       used       free     shared    buffers     cached
Mem:          2.0G       1.9G        67M       608K       376K        25M
-/+ buffers/cache:       1.9G        93M
Swap:         8.0G       383M       7.6G

             total       used       free     shared    buffers     cached
Mem:          2.0G       1.9G        67M       608K       376K        25M
-/+ buffers/cache:       1.9G        93M
Swap:         8.0G       383M       7.6G

             total       used       free     shared    buffers     cached
Mem:          2.0G       1.9G        66M       608K       376K        25M
-/+ buffers/cache:       1.9G        91M
Swap:         8.0G       382M       7.6G

             total       used       free     shared    buffers     cached
Mem:          2.0G       1.9G        76M       608K       1.9M        26M
-/+ buffers/cache:       1.9G       104M
Swap:         8.0G       390M       7.6G

             total       used       free     shared    buffers     cached
Mem:          2.0G       1.9G        75M       612K       3.8M        35M
-/+ buffers/cache:       1.8G       115M
Swap:         8.0G       396M       7.6G

             total       used       free     shared    buffers     cached
Mem:          2.0G       1.9G        77M       1.1M       2.3M        25M
-/+ buffers/cache:       1.9G       105M
Swap:         8.0G       531M       7.5G

             total       used       free     shared    buffers     cached
Mem:          2.0G       1.9G        81M       1.1M       2.3M        26M
-/+ buffers/cache:       1.8G       109M
Swap:         8.0G       531M       7.5G

             total       used       free     shared    buffers     cached
Mem:          2.0G       1.9G        83M       1.1M       2.3M        26M
-/+ buffers/cache:       1.8G       112M
Swap:         8.0G       531M       7.5G

             total       used       free     shared    buffers     cached
Mem:          2.0G       1.9G        64M       1.1M       2.8M        39M
-/+ buffers/cache:       1.8G       107M
Swap:         8.0G       528M       7.5G

             total       used       free     shared    buffers     cached
Mem:          2.0G       1.9G        86M       1.1M       1.1M        33M
-/+ buffers/cache:       1.8G       120M
Swap:         8.0G       528M       7.5G

             total       used       free     shared    buffers     cached
Mem:          2.0G       1.9G        86M       1.1M       1.1M        32M
-/+ buffers/cache:       1.8G       120M
Swap:         8.0G       528M       7.5G

             total       used       free     shared    buffers     cached
Mem:          2.0G       1.9G        85M       1.1M       1.1M        32M
-/+ buffers/cache:       1.8G       119M
Swap:         8.0G       528M       7.5G

             total       used       free     shared    buffers     cached
Mem:          2.0G       1.9G        85M       1.1M       1.1M        33M
-/+ buffers/cache:       1.8G       119M
Swap:         8.0G       528M       7.5G

             total       used       free     shared    buffers     cached
Mem:          2.0G       1.9G        84M       1.1M       1.2M        33M
-/+ buffers/cache:       1.8G       118M
Swap:         8.0G       527M       7.5G

             total       used       free     shared    buffers     cached
Mem:          2.0G       1.9G        83M       1.1M       1.2M        33M
-/+ buffers/cache:       1.8G       117M
Swap:         8.0G       527M       7.5G

             total       used       free     shared    buffers     cached
Mem:          2.0G       1.9G        83M       1.1M       1.2M        33M
-/+ buffers/cache:       1.8G       117M
Swap:         8.0G       527M       7.5G

             total       used       free     shared    buffers     cached
Mem:          2.0G       1.9G        82M       1.1M       1.2M        33M
-/+ buffers/cache:       1.8G       116M
Swap:         8.0G       526M       7.5G

             total       used       free     shared    buffers     cached
Mem:          2.0G       1.9G        81M       1.1M       1.2M        33M
-/+ buffers/cache:       1.8G       115M
Swap:         8.0G       526M       7.5G

             total       used       free     shared    buffers     cached
Mem:          2.0G       1.9G        81M       1.1M       1.2M        33M
-/+ buffers/cache:       1.8G       115M
Swap:         8.0G       526M       7.5G

             total       used       free     shared    buffers     cached
Mem:          2.0G       1.9G        80M       1.1M       1.2M        33M
-/+ buffers/cache:       1.8G       114M
Swap:         8.0G       526M       7.5G

             total       used       free     shared    buffers     cached
Mem:          2.0G       1.9G        79M       1.1M       1.2M        33M
-/+ buffers/cache:       1.8G       114M
Swap:         8.0G       525M       7.5G

             total       used       free     shared    buffers     cached
Mem:          2.0G       1.9G        78M       1.1M       1.2M        33M
-/+ buffers/cache:       1.8G       113M
Swap:         8.0G       525M       7.5G

             total       used       free     shared    buffers     cached
Mem:          2.0G       1.9G        78M       1.1M       1.2M        33M
-/+ buffers/cache:       1.8G       112M
Swap:         8.0G       525M       7.5G

             total       used       free     shared    buffers     cached
Mem:          2.0G       1.9G        77M       1.1M       1.2M        33M
-/+ buffers/cache:       1.8G       112M
Swap:         8.0G       524M       7.5G

             total       used       free     shared    buffers     cached
Mem:          2.0G       1.9G        77M       1.1M       1.2M        33M
-/+ buffers/cache:       1.8G       111M
Swap:         8.0G       524M       7.5G

             total       used       free     shared    buffers     cached
Mem:          2.0G       1.9G        76M       1.1M       1.2M        33M
-/+ buffers/cache:       1.8G       111M
Swap:         8.0G       524M       7.5G

             total       used       free     shared    buffers     cached
Mem:          2.0G       1.9G        75M       1.1M       1.2M        33M
-/+ buffers/cache:       1.8G       110M
Swap:         8.0G       524M       7.5G

             total       used       free     shared    buffers     cached
Mem:          2.0G       1.9G        75M       1.1M       1.2M        33M
-/+ buffers/cache:       1.8G       110M
Swap:         8.0G       523M       7.5G

             total       used       free     shared    buffers     cached
Mem:          2.0G       1.9G        74M       1.1M       1.2M        33M
-/+ buffers/cache:       1.8G       109M
Swap:         8.0G       523M       7.5G

             total       used       free     shared    buffers     cached
Mem:          2.0G       1.9G        74M       1.1M       1.2M        33M
-/+ buffers/cache:       1.8G       108M
Swap:         8.0G       523M       7.5G

             total       used       free     shared    buffers     cached
Mem:          2.0G       1.9G        73M       1.1M       1.2M        33M
-/+ buffers/cache:       1.8G       108M
Swap:         8.0G       522M       7.5G

             total       used       free     shared    buffers     cached
Mem:          2.0G       1.9G        72M       1.1M       1.2M        33M
-/+ buffers/cache:       1.8G       107M
Swap:         8.0G       522M       7.5G

             total       used       free     shared    buffers     cached
Mem:          2.0G       1.9G        72M       1.1M       1.2M        33M
-/+ buffers/cache:       1.8G       106M
Swap:         8.0G       522M       7.5G

             total       used       free     shared    buffers     cached
Mem:          2.0G       1.9G        71M       1.1M       1.2M        33M
-/+ buffers/cache:       1.8G       106M
Swap:         8.0G       521M       7.5G

             total       used       free     shared    buffers     cached
Mem:          2.0G       1.9G        71M       1.1M       1.2M        33M
-/+ buffers/cache:       1.8G       105M
Swap:         8.0G       521M       7.5G

             total       used       free     shared    buffers     cached
Mem:          2.0G       1.9G        69M       1.1M       1.2M        34M
-/+ buffers/cache:       1.9G       105M
Swap:         8.0G       521M       7.5G

             total       used       free     shared    buffers     cached
Mem:          2.0G       1.9G        66M       1.1M       1.6M        36M
-/+ buffers/cache:       1.9G       104M
Swap:         8.0G       520M       7.5G

             total       used       free     shared    buffers     cached
Mem:          2.0G       1.9G        65M       1.1M       1.6M        36M
-/+ buffers/cache:       1.9G       103M
Swap:         8.0G       520M       7.5G

             total       used       free     shared    buffers     cached
Mem:          2.0G       1.9G        64M       1.1M       1.6M        36M
-/+ buffers/cache:       1.9G       103M
Swap:         8.0G       520M       7.5G

             total       used       free     shared    buffers     cached
Mem:          2.0G       1.9G        77M       1.1M       1.6M        36M
-/+ buffers/cache:       1.8G       115M
Swap:         8.0G       519M       7.5G

             total       used       free     shared    buffers     cached
Mem:          2.0G       1.9G        76M       1.1M       1.6M        36M
-/+ buffers/cache:       1.8G       115M
Swap:         8.0G       519M       7.5G

             total       used       free     shared    buffers     cached
Mem:          2.0G       1.9G        76M       1.1M       1.6M        36M
-/+ buffers/cache:       1.8G       114M
Swap:         8.0G       519M       7.5G

             total       used       free     shared    buffers     cached
Mem:          2.0G       1.9G        75M       1.1M       1.6M        36M
-/+ buffers/cache:       1.8G       113M
Swap:         8.0G       518M       7.5G

             total       used       free     shared    buffers     cached
Mem:          2.0G       1.9G        74M       1.1M       1.6M        36M
-/+ buffers/cache:       1.8G       112M
Swap:         8.0G       518M       7.5G

             total       used       free     shared    buffers     cached
Mem:          2.0G       1.9G        74M       1.1M       1.6M        36M
-/+ buffers/cache:       1.8G       112M
Swap:         8.0G       518M       7.5G

             total       used       free     shared    buffers     cached
Mem:          2.0G       1.9G        73M       1.1M       1.6M        36M
-/+ buffers/cache:       1.8G       111M
Swap:         8.0G       518M       7.5G

             total       used       free     shared    buffers     cached
Mem:          2.0G       1.9G        72M       1.1M       1.6M        36M
-/+ buffers/cache:       1.8G       111M
Swap:         8.0G       517M       7.5G

             total       used       free     shared    buffers     cached
Mem:          2.0G       1.9G        72M       1.1M       1.6M        36M
-/+ buffers/cache:       1.8G       110M
Swap:         8.0G       517M       7.5G

             total       used       free     shared    buffers     cached
Mem:          2.0G       1.9G        71M       1.1M       1.6M        36M
-/+ buffers/cache:       1.8G       109M
Swap:         8.0G       516M       7.5G

             total       used       free     shared    buffers     cached
Mem:          2.0G       1.9G        70M       1.1M       1.6M        36M
-/+ buffers/cache:       1.8G       109M
Swap:         8.0G       516M       7.5G

             total       used       free     shared    buffers     cached
Mem:          2.0G       1.9G        70M       1.1M       1.6M        36M
-/+ buffers/cache:       1.8G       108M
Swap:         8.0G       516M       7.5G

             total       used       free     shared    buffers     cached
Mem:          2.0G       1.9G        69M       1.1M       1.6M        36M
-/+ buffers/cache:       1.8G       107M
Swap:         8.0G       516M       7.5G

             total       used       free     shared    buffers     cached
Mem:          2.0G       1.9G        68M       1.1M       1.6M        36M
-/+ buffers/cache:       1.8G       107M
Swap:         8.0G       515M       7.5G

             total       used       free     shared    buffers     cached
Mem:          2.0G       1.9G        68M       1.1M       1.6M        36M
-/+ buffers/cache:       1.8G       106M
Swap:         8.0G       515M       7.5G

             total       used       free     shared    buffers     cached
Mem:          2.0G       1.9G        67M       1.1M       1.6M        36M
-/+ buffers/cache:       1.9G       105M
Swap:         8.0G       514M       7.5G

             total       used       free     shared    buffers     cached
Mem:          2.0G       1.9G        67M       1.1M       1.6M        36M
-/+ buffers/cache:       1.9G       105M
Swap:         8.0G       514M       7.5G

             total       used       free     shared    buffers     cached
Mem:          2.0G       1.9G        66M       1.1M       1.6M        36M
-/+ buffers/cache:       1.9G       104M
Swap:         8.0G       514M       7.5G

             total       used       free     shared    buffers     cached
Mem:          2.0G       1.9G        65M       1.1M       1.6M        36M
-/+ buffers/cache:       1.9G       103M
Swap:         8.0G       514M       7.5G

             total       used       free     shared    buffers     cached
Mem:          2.0G       1.9G        65M       1.1M       1.6M        36M
-/+ buffers/cache:       1.9G       103M
Swap:         8.0G       513M       7.5G

             total       used       free     shared    buffers     cached
Mem:          2.0G       1.9G        79M       1.1M       1.6M        36M
-/+ buffers/cache:       1.8G       117M
Swap:         8.0G       513M       7.5G

             total       used       free     shared    buffers     cached
Mem:          2.0G       1.9G        73M       1.1M       2.5M        39M
-/+ buffers/cache:       1.8G       115M
Swap:         8.0G       512M       7.5G

             total       used       free     shared    buffers     cached
Mem:          2.0G       1.9G        81M       1.1M       3.5M        70M
-/+ buffers/cache:       1.8G       156M
Swap:         8.0G       512M       7.5G

             total       used       free     shared    buffers     cached
Mem:          2.0G       1.9G        87M       1.1M       3.9M        71M
-/+ buffers/cache:       1.8G       163M
Swap:         8.0G       511M       7.5G

             total       used       free     shared    buffers     cached
Mem:          2.0G       1.9G        86M       1.1M       3.9M        72M
-/+ buffers/cache:       1.8G       162M
Swap:         8.0G       511M       7.5G

             total       used       free     shared    buffers     cached
Mem:          2.0G       1.9G        79M       1.1M       4.0M        74M
-/+ buffers/cache:       1.8G       157M
Swap:         8.0G       509M       7.5G

             total       used       free     shared    buffers     cached
Mem:          2.0G       1.9G        73M       1.1M       4.0M        76M
-/+ buffers/cache:       1.8G       154M
Swap:         8.0G       507M       7.5G

             total       used       free     shared    buffers     cached
Mem:          2.0G       1.9G        73M       1.1M       4.0M        76M
-/+ buffers/cache:       1.8G       153M
Swap:         8.0G       507M       7.5G

             total       used       free     shared    buffers     cached
Mem:          2.0G       1.9G        72M       1.1M       4.0M        76M
-/+ buffers/cache:       1.8G       153M
Swap:         8.0G       506M       7.5G

             total       used       free     shared    buffers     cached
Mem:          2.0G       1.9G        72M       1.1M       4.0M        76M
-/+ buffers/cache:       1.8G       153M
Swap:         8.0G       506M       7.5G

             total       used       free     shared    buffers     cached
Mem:          2.0G       1.9G        71M       1.1M       4.0M        76M
-/+ buffers/cache:       1.8G       152M
Swap:         8.0G       506M       7.5G

             total       used       free     shared    buffers     cached
Mem:          2.0G       1.9G        71M       1.1M       4.0M        76M
-/+ buffers/cache:       1.8G       152M
Swap:         8.0G       506M       7.5G

             total       used       free     shared    buffers     cached
Mem:          2.0G       1.9G        70M       1.1M       4.0M        76M
-/+ buffers/cache:       1.8G       151M
Swap:         8.0G       506M       7.5G

             total       used       free     shared    buffers     cached
Mem:          2.0G       1.9G        70M       1.1M       4.1M        76M
-/+ buffers/cache:       1.8G       151M
Swap:         8.0G       506M       7.5G

             total       used       free     shared    buffers     cached
Mem:          2.0G       1.9G        70M       1.1M       4.1M        76M
-/+ buffers/cache:       1.8G       150M
Swap:         8.0G       506M       7.5G

             total       used       free     shared    buffers     cached
Mem:          2.0G       1.9G        69M       1.1M       4.1M        76M
-/+ buffers/cache:       1.8G       150M
Swap:         8.0G       505M       7.5G

             total       used       free     shared    buffers     cached
Mem:          2.0G       1.9G        75M       1.2M       4.3M        79M
-/+ buffers/cache:       1.8G       159M
Swap:         8.0G       503M       7.5G

             total       used       free     shared    buffers     cached
Mem:          2.0G       1.9G        78M       1.2M       3.0M        81M
-/+ buffers/cache:       1.8G       163M
Swap:         8.0G       544M       7.5G

             total       used       free     shared    buffers     cached
Mem:          2.0G       1.9G        80M       4.9M       5.2M        71M
-/+ buffers/cache:       1.8G       157M
Swap:         8.0G       542M       7.5G

             total       used       free     shared    buffers     cached
Mem:          2.0G       1.9G        69M       4.9M       5.5M        80M
-/+ buffers/cache:       1.8G       155M
Swap:         8.0G       540M       7.5G

             total       used       free     shared    buffers     cached
Mem:          2.0G       1.9G        79M       1.2M       5.6M        74M
-/+ buffers/cache:       1.8G       159M
Swap:         8.0G       535M       7.5G

             total       used       free     shared    buffers     cached
Mem:          2.0G       1.9G        75M       1.2M       5.6M        74M
-/+ buffers/cache:       1.8G       155M
Swap:         8.0G       533M       7.5G

             total       used       free     shared    buffers     cached
Mem:          2.0G       1.9G        74M       1.2M       5.6M        74M
-/+ buffers/cache:       1.8G       154M
Swap:         8.0G       533M       7.5G

             total       used       free     shared    buffers     cached
Mem:          2.0G       1.9G        73M       1.2M       5.6M        74M
-/+ buffers/cache:       1.8G       153M
Swap:         8.0G       533M       7.5G

             total       used       free     shared    buffers     cached
Mem:          2.0G       1.9G        72M       1.2M       5.6M        74M
-/+ buffers/cache:       1.8G       152M
Swap:         8.0G       533M       7.5G

             total       used       free     shared    buffers     cached
Mem:          2.0G       1.9G        70M       1.2M       5.7M        75M
-/+ buffers/cache:       1.8G       151M
Swap:         8.0G       532M       7.5G

             total       used       free     shared    buffers     cached
Mem:          2.0G       1.9G        70M       1.2M       5.7M        75M
-/+ buffers/cache:       1.8G       150M
Swap:         8.0G       532M       7.5G

             total       used       free     shared    buffers     cached
Mem:          2.0G       1.9G        69M       1.2M       5.7M        75M
-/+ buffers/cache:       1.8G       150M
Swap:         8.0G       532M       7.5G

             total       used       free     shared    buffers     cached
Mem:          2.0G       1.9G        68M       1.2M       5.7M        75M
-/+ buffers/cache:       1.8G       149M
Swap:         8.0G       532M       7.5G

             total       used       free     shared    buffers     cached
Mem:          2.0G       1.9G        67M       1.2M       5.7M        75M
-/+ buffers/cache:       1.8G       148M
Swap:         8.0G       531M       7.5G

             total       used       free     shared    buffers     cached
Mem:          2.0G       1.9G        91M       1.2M       6.1M        67M
-/+ buffers/cache:       1.8G       165M
Swap:         8.0G       531M       7.5G

             total       used       free     shared    buffers     cached
Mem:          2.0G       1.9G        88M       1.2M       6.1M        68M
-/+ buffers/cache:       1.8G       163M
Swap:         8.0G       531M       7.5G

             total       used       free     shared    buffers     cached
Mem:          2.0G       1.9G        86M       1.2M       6.4M        68M
-/+ buffers/cache:       1.8G       160M
Swap:         8.0G       530M       7.5G

             total       used       free     shared    buffers     cached
Mem:          2.0G       1.9G        79M       1.2M       6.5M        70M
-/+ buffers/cache:       1.8G       156M
Swap:         8.0G       530M       7.5G

             total       used       free     shared    buffers     cached
Mem:          2.0G       1.9G        73M       1.2M       6.5M        75M
-/+ buffers/cache:       1.8G       155M
Swap:         8.0G       530M       7.5G

             total       used       free     shared    buffers     cached
Mem:          2.0G       1.9G        67M       1.2M       6.5M        80M
-/+ buffers/cache:       1.8G       154M
Swap:         8.0G       529M       7.5G

             total       used       free     shared    buffers     cached
Mem:          2.0G       1.9G        80M       856K       5.5M        71M
-/+ buffers/cache:       1.8G       158M
Swap:         8.0G       630M       7.4G

             total       used       free     shared    buffers     cached
Mem:          2.0G       1.9G        80M       836K       5.8M        72M
-/+ buffers/cache:       1.8G       159M
Swap:         8.0G       630M       7.4G

             total       used       free     shared    buffers     cached
Mem:          2.0G       1.9G        79M       836K       6.1M        77M
-/+ buffers/cache:       1.8G       162M
Swap:         8.0G       630M       7.4G

             total       used       free     shared    buffers     cached
Mem:          2.0G       1.9G        72M       836K       6.2M        83M
-/+ buffers/cache:       1.8G       163M
Swap:         8.0G       630M       7.4G

             total       used       free     shared    buffers     cached
Mem:          2.0G       1.9G        68M       836K       6.2M        87M
-/+ buffers/cache:       1.8G       162M
Swap:         8.0G       630M       7.4G

             total       used       free     shared    buffers     cached
Mem:          2.0G       1.9G        76M       836K       4.4M        80M
-/+ buffers/cache:       1.8G       161M
Swap:         8.0G       630M       7.4G

             total       used       free     shared    buffers     cached
Mem:          2.0G       1.9G        74M       836K       4.5M        81M
-/+ buffers/cache:       1.8G       160M
Swap:         8.0G       629M       7.4G

             total       used       free     shared    buffers     cached
Mem:          2.0G       1.9G        71M       836K       4.5M        83M
-/+ buffers/cache:       1.8G       159M
Swap:         8.0G       629M       7.4G

             total       used       free     shared    buffers     cached
Mem:          2.0G       1.9G        70M       836K       4.5M        83M
-/+ buffers/cache:       1.8G       158M
Swap:         8.0G       629M       7.4G

             total       used       free     shared    buffers     cached
Mem:          2.0G       1.9G        69M       836K       4.7M        83M
-/+ buffers/cache:       1.8G       158M
Swap:         8.0G       629M       7.4G

             total       used       free     shared    buffers     cached
Mem:          2.0G       1.9G        68M       836K       4.9M        84M
-/+ buffers/cache:       1.8G       157M
Swap:         8.0G       629M       7.4G

             total       used       free     shared    buffers     cached
Mem:          2.0G       1.9G        67M       836K       4.9M        84M
-/+ buffers/cache:       1.8G       156M
Swap:         8.0G       628M       7.4G

             total       used       free     shared    buffers     cached
Mem:          2.0G       1.9G        83M       836K       2.4M        70M
-/+ buffers/cache:       1.8G       155M
Swap:         8.0G       628M       7.4G

             total       used       free     shared    buffers     cached
Mem:          2.0G       1.9G        74M       836K       2.3M        78M
-/+ buffers/cache:       1.8G       155M
Swap:         8.0G       628M       7.4G

             total       used       free     shared    buffers     cached
Mem:          2.0G       1.9G        74M       836K       1.9M        78M
-/+ buffers/cache:       1.8G       155M
Swap:         8.0G       628M       7.4G

             total       used       free     shared    buffers     cached
Mem:          2.0G       1.9G        73M       836K       1.8M        79M
-/+ buffers/cache:       1.8G       154M
Swap:         8.0G       628M       7.4G

             total       used       free     shared    buffers     cached
Mem:          2.0G       1.9G        83M       900K       3.8M        65M
-/+ buffers/cache:       1.8G       152M
Swap:         8.0G       626M       7.4G

             total       used       free     shared    buffers     cached
Mem:          2.0G       1.9G        76M       920K       5.1M        69M
-/+ buffers/cache:       1.8G       150M
Swap:         8.0G       626M       7.4G

             total       used       free     shared    buffers     cached
Mem:          2.0G       1.9G        78M       920K       5.1M        69M
-/+ buffers/cache:       1.8G       153M
Swap:         8.0G       625M       7.4G

             total       used       free     shared    buffers     cached
Mem:          2.0G       1.9G        73M       920K       5.1M        75M
-/+ buffers/cache:       1.8G       153M
Swap:         8.0G       625M       7.4G

             total       used       free     shared    buffers     cached
Mem:          2.0G       1.9G        73M       920K       5.0M        84M
-/+ buffers/cache:       1.8G       163M
Swap:         8.0G       625M       7.4G

             total       used       free     shared    buffers     cached
Mem:          2.0G       1.9G        82M       920K       2.5M        88M
-/+ buffers/cache:       1.8G       172M
Swap:         8.0G       625M       7.4G

             total       used       free     shared    buffers     cached
Mem:          2.0G       1.9G        82M       920K       2.5M        88M
-/+ buffers/cache:       1.8G       173M
Swap:         8.0G       625M       7.4G

             total       used       free     shared    buffers     cached
Mem:          2.0G       1.9G        82M       920K       2.5M        88M
-/+ buffers/cache:       1.8G       173M
Swap:         8.0G       625M       7.4G

             total       used       free     shared    buffers     cached
Mem:          2.0G       1.9G        85M       920K       4.4M        88M
-/+ buffers/cache:       1.8G       179M
Swap:         8.0G       625M       7.4G

             total       used       free     shared    buffers     cached
Mem:          2.0G       1.9G        85M       920K       4.5M        88M
-/+ buffers/cache:       1.8G       179M
Swap:         8.0G       625M       7.4G

             total       used       free     shared    buffers     cached
Mem:          2.0G       1.9G        85M       920K       4.5M        88M
-/+ buffers/cache:       1.8G       179M
Swap:         8.0G       625M       7.4G

             total       used       free     shared    buffers     cached
Mem:          2.0G       1.9G        85M       920K       4.5M        88M
-/+ buffers/cache:       1.8G       179M
Swap:         8.0G       625M       7.4G

             total       used       free     shared    buffers     cached
Mem:          2.0G       1.9G        85M       920K       4.5M        88M
-/+ buffers/cache:       1.8G       179M
Swap:         8.0G       625M       7.4G

             total       used       free     shared    buffers     cached
Mem:          2.0G       1.9G        85M       920K       4.5M        88M
-/+ buffers/cache:       1.8G       179M
Swap:         8.0G       625M       7.4G

             total       used       free     shared    buffers     cached
Mem:          2.0G       1.9G        84M       920K       4.5M        90M
-/+ buffers/cache:       1.8G       179M
Swap:         8.0G       625M       7.4G

             total       used       free     shared    buffers     cached
Mem:          2.0G       1.9G        84M       920K       4.5M        90M
-/+ buffers/cache:       1.8G       179M
Swap:         8.0G       625M       7.4G

             total       used       free     shared    buffers     cached
Mem:          2.0G       1.9G        78M       920K       4.6M        96M
-/+ buffers/cache:       1.8G       178M
Swap:         8.0G       625M       7.4G

             total       used       free     shared    buffers     cached
Mem:          2.0G       1.9G        78M       920K       4.6M        96M
-/+ buffers/cache:       1.8G       178M
Swap:         8.0G       625M       7.4G

             total       used       free     shared    buffers     cached
Mem:          2.0G       1.9G        78M       920K       4.6M        96M
-/+ buffers/cache:       1.8G       178M
Swap:         8.0G       625M       7.4G

             total       used       free     shared    buffers     cached
Mem:          2.0G       1.9G        77M       920K       4.6M        96M
-/+ buffers/cache:       1.8G       178M
Swap:         8.0G       625M       7.4G

             total       used       free     shared    buffers     cached
Mem:          2.0G       1.9G        77M       920K       4.6M        96M
-/+ buffers/cache:       1.8G       178M
Swap:         8.0G       625M       7.4G

             total       used       free     shared    buffers     cached
Mem:          2.0G       1.9G        77M       920K       4.6M        97M
-/+ buffers/cache:       1.8G       179M
Swap:         8.0G       625M       7.4G

             total       used       free     shared    buffers     cached
Mem:          2.0G       1.9G        77M       920K       4.6M        97M
-/+ buffers/cache:       1.8G       179M
Swap:         8.0G       625M       7.4G

             total       used       free     shared    buffers     cached
Mem:          2.0G       1.9G        77M       920K       4.6M        97M
-/+ buffers/cache:       1.8G       179M
Swap:         8.0G       625M       7.4G

             total       used       free     shared    buffers     cached
Mem:          2.0G       1.9G        77M       920K       4.6M        97M
-/+ buffers/cache:       1.8G       179M
Swap:         8.0G       625M       7.4G

             total       used       free     shared    buffers     cached
Mem:          2.0G       1.9G        72M       920K       4.6M       101M
-/+ buffers/cache:       1.8G       178M
Swap:         8.0G       625M       7.4G

             total       used       free     shared    buffers     cached
Mem:          2.0G       1.9G        72M       920K       4.6M       101M
-/+ buffers/cache:       1.8G       178M
Swap:         8.0G       625M       7.4G

             total       used       free     shared    buffers     cached
Mem:          2.0G       1.9G        72M       920K       4.6M       101M
-/+ buffers/cache:       1.8G       178M
Swap:         8.0G       625M       7.4G

             total       used       free     shared    buffers     cached
Mem:          2.0G       1.9G        70M       920K       4.6M       102M
-/+ buffers/cache:       1.8G       177M
Swap:         8.0G       625M       7.4G

             total       used       free     shared    buffers     cached
Mem:          2.0G       1.9G        70M       920K       4.6M       102M
-/+ buffers/cache:       1.8G       177M
Swap:         8.0G       625M       7.4G

             total       used       free     shared    buffers     cached
Mem:          2.0G       1.9G        71M       920K       4.6M       103M
-/+ buffers/cache:       1.8G       179M
Swap:         8.0G       625M       7.4G

             total       used       free     shared    buffers     cached
Mem:          2.0G       1.9G        71M       920K       4.6M       103M
-/+ buffers/cache:       1.8G       179M
Swap:         8.0G       625M       7.4G

             total       used       free     shared    buffers     cached
Mem:          2.0G       1.9G        71M       920K       4.6M       103M
-/+ buffers/cache:       1.8G       179M
Swap:         8.0G       625M       7.4G

             total       used       free     shared    buffers     cached
Mem:          2.0G       1.9G        71M       920K       4.6M       103M
-/+ buffers/cache:       1.8G       179M
Swap:         8.0G       625M       7.4G

             total       used       free     shared    buffers     cached
Mem:          2.0G       1.9G        68M       920K       4.7M       105M
-/+ buffers/cache:       1.8G       178M
Swap:         8.0G       625M       7.4G

             total       used       free     shared    buffers     cached
Mem:          2.0G       1.9G        68M       920K       4.7M       105M
-/+ buffers/cache:       1.8G       178M
Swap:         8.0G       625M       7.4G

             total       used       free     shared    buffers     cached
Mem:          2.0G       1.9G        68M       920K       4.7M       105M
-/+ buffers/cache:       1.8G       178M
Swap:         8.0G       625M       7.4G

             total       used       free     shared    buffers     cached
Mem:          2.0G       1.9G        68M       920K       4.7M       105M
-/+ buffers/cache:       1.8G       178M
Swap:         8.0G       625M       7.4G

             total       used       free     shared    buffers     cached
Mem:          2.0G       1.9G        68M       920K       4.7M       105M
-/+ buffers/cache:       1.8G       178M
Swap:         8.0G       625M       7.4G

             total       used       free     shared    buffers     cached
Mem:          2.0G       1.9G        68M       920K       4.7M       105M
-/+ buffers/cache:       1.8G       178M
Swap:         8.0G       625M       7.4G

             total       used       free     shared    buffers     cached
Mem:          2.0G       1.9G        77M       920K       3.0M        97M
-/+ buffers/cache:       1.8G       177M
Swap:         8.0G       625M       7.4G

             total       used       free     shared    buffers     cached
Mem:          2.0G       1.9G        75M       920K       3.0M        98M
-/+ buffers/cache:       1.8G       177M
Swap:         8.0G       625M       7.4G

             total       used       free     shared    buffers     cached
Mem:          2.0G       1.9G        75M       920K       3.0M        98M
-/+ buffers/cache:       1.8G       177M
Swap:         8.0G       625M       7.4G

             total       used       free     shared    buffers     cached
Mem:          2.0G       1.9G        75M       920K       3.0M        98M
-/+ buffers/cache:       1.8G       177M
Swap:         8.0G       625M       7.4G

             total       used       free     shared    buffers     cached
Mem:          2.0G       1.9G        75M       920K       3.0M        98M
-/+ buffers/cache:       1.8G       177M
Swap:         8.0G       625M       7.4G

             total       used       free     shared    buffers     cached
Mem:          2.0G       1.9G        74M       920K       3.0M        99M
-/+ buffers/cache:       1.8G       176M
Swap:         8.0G       625M       7.4G

             total       used       free     shared    buffers     cached
Mem:          2.0G       1.9G        75M       920K       3.0M        99M
-/+ buffers/cache:       1.8G       178M
Swap:         8.0G       625M       7.4G

             total       used       free     shared    buffers     cached
Mem:          2.0G       1.9G        75M       920K       3.0M        99M
-/+ buffers/cache:       1.8G       178M
Swap:         8.0G       625M       7.4G

             total       used       free     shared    buffers     cached
Mem:          2.0G       1.9G        75M       920K       3.0M        99M
-/+ buffers/cache:       1.8G       178M
Swap:         8.0G       625M       7.4G

             total       used       free     shared    buffers     cached
Mem:          2.0G       1.9G        74M       920K       3.2M       101M
-/+ buffers/cache:       1.8G       179M
Swap:         8.0G       625M       7.4G

             total       used       free     shared    buffers     cached
Mem:          2.0G       1.9G        72M       920K       3.2M       102M
-/+ buffers/cache:       1.8G       178M
Swap:         8.0G       625M       7.4G

             total       used       free     shared    buffers     cached
Mem:          2.0G       1.9G        72M       920K       3.2M       102M
-/+ buffers/cache:       1.8G       178M
Swap:         8.0G       625M       7.4G

             total       used       free     shared    buffers     cached
Mem:          2.0G       1.9G        72M       920K       3.2M       102M
-/+ buffers/cache:       1.8G       178M
Swap:         8.0G       625M       7.4G

             total       used       free     shared    buffers     cached
Mem:          2.0G       1.9G        72M       920K       3.2M       102M
-/+ buffers/cache:       1.8G       178M
Swap:         8.0G       625M       7.4G

             total       used       free     shared    buffers     cached
Mem:          2.0G       1.9G        70M       920K       3.2M       104M
-/+ buffers/cache:       1.8G       178M
Swap:         8.0G       625M       7.4G

             total       used       free     shared    buffers     cached
Mem:          2.0G       1.9G        69M       920K       3.2M       105M
-/+ buffers/cache:       1.8G       178M
Swap:         8.0G       625M       7.4G

             total       used       free     shared    buffers     cached
Mem:          2.0G       1.9G        69M       920K       3.2M       105M
-/+ buffers/cache:       1.8G       178M
Swap:         8.0G       625M       7.4G

             total       used       free     shared    buffers     cached
Mem:          2.0G       1.9G        69M       920K       3.2M       105M
-/+ buffers/cache:       1.8G       178M
Swap:         8.0G       625M       7.4G

             total       used       free     shared    buffers     cached
Mem:          2.0G       1.9G        69M       920K       3.2M       105M
-/+ buffers/cache:       1.8G       178M
Swap:         8.0G       625M       7.4G

             total       used       free     shared    buffers     cached
Mem:          2.0G       1.9G        69M       920K       3.2M       105M
-/+ buffers/cache:       1.8G       178M
Swap:         8.0G       625M       7.4G

             total       used       free     shared    buffers     cached
Mem:          2.0G       1.9G        68M       920K       3.2M       106M
-/+ buffers/cache:       1.8G       178M
Swap:         8.0G       625M       7.4G

             total       used       free     shared    buffers     cached
Mem:          2.0G       1.9G        68M       920K       3.2M       106M
-/+ buffers/cache:       1.8G       178M
Swap:         8.0G       625M       7.4G

             total       used       free     shared    buffers     cached
Mem:          2.0G       1.9G        68M       920K       3.2M       106M
-/+ buffers/cache:       1.8G       178M
Swap:         8.0G       625M       7.4G

             total       used       free     shared    buffers     cached
Mem:          2.0G       1.9G        68M       920K       3.2M       106M
-/+ buffers/cache:       1.8G       178M
Swap:         8.0G       625M       7.4G

             total       used       free     shared    buffers     cached
Mem:          2.0G       1.9G        68M       920K       3.2M       106M
-/+ buffers/cache:       1.8G       178M
Swap:         8.0G       625M       7.4G

             total       used       free     shared    buffers     cached
Mem:          2.0G       1.9G        65M       920K       3.2M       110M
-/+ buffers/cache:       1.8G       178M
Swap:         8.0G       625M       7.4G

             total       used       free     shared    buffers     cached
Mem:          2.0G       1.9G        65M       920K       3.2M       110M
-/+ buffers/cache:       1.8G       178M
Swap:         8.0G       625M       7.4G

             total       used       free     shared    buffers     cached
Mem:          2.0G       1.9G        65M       920K       3.2M       110M
-/+ buffers/cache:       1.8G       178M
Swap:         8.0G       625M       7.4G

             total       used       free     shared    buffers     cached
Mem:          2.0G       1.9G        65M       920K       3.2M       110M
-/+ buffers/cache:       1.8G       178M
Swap:         8.0G       625M       7.4G

             total       used       free     shared    buffers     cached
Mem:          2.0G       1.9G        65M       920K       3.2M       110M
-/+ buffers/cache:       1.8G       178M
Swap:         8.0G       625M       7.4G

             total       used       free     shared    buffers     cached
Mem:          2.0G       1.9G        65M       920K       3.2M       110M
-/+ buffers/cache:       1.8G       178M
Swap:         8.0G       625M       7.4G

             total       used       free     shared    buffers     cached
Mem:          2.0G       1.9G        65M       920K       3.2M       110M
-/+ buffers/cache:       1.8G       178M
Swap:         8.0G       625M       7.4G

             total       used       free     shared    buffers     cached
Mem:          2.0G       1.9G        65M       920K       3.2M       110M
-/+ buffers/cache:       1.8G       178M
Swap:         8.0G       625M       7.4G

             total       used       free     shared    buffers     cached
Mem:          2.0G       1.9G        65M       920K       3.2M       110M
-/+ buffers/cache:       1.8G       178M
Swap:         8.0G       625M       7.4G

             total       used       free     shared    buffers     cached
Mem:          2.0G       1.9G        68M       920K       3.6M       106M
-/+ buffers/cache:       1.8G       178M
Swap:         8.0G       625M       7.4G

             total       used       free     shared    buffers     cached
Mem:          2.0G       1.9G        75M       920K       3.6M        97M
-/+ buffers/cache:       1.8G       177M
Swap:         8.0G       625M       7.4G

             total       used       free     shared    buffers     cached
Mem:          2.0G       1.9G        75M       920K       3.6M        97M
-/+ buffers/cache:       1.8G       177M
Swap:         8.0G       625M       7.4G

             total       used       free     shared    buffers     cached
Mem:          2.0G       1.9G        75M       920K       3.6M        97M
-/+ buffers/cache:       1.8G       177M
Swap:         8.0G       625M       7.4G

             total       used       free     shared    buffers     cached
Mem:          2.0G       1.9G        75M       920K       3.6M        97M
-/+ buffers/cache:       1.8G       177M
Swap:         8.0G       625M       7.4G

             total       used       free     shared    buffers     cached
Mem:          2.0G       1.9G        75M       920K       3.6M        97M
-/+ buffers/cache:       1.8G       177M
Swap:         8.0G       625M       7.4G

             total       used       free     shared    buffers     cached
Mem:          2.0G       1.9G        75M       920K       3.6M        97M
-/+ buffers/cache:       1.8G       177M
Swap:         8.0G       625M       7.4G

             total       used       free     shared    buffers     cached
Mem:          2.0G       1.9G        72M       920K       4.2M       100M
-/+ buffers/cache:       1.8G       177M
Swap:         8.0G       625M       7.4G

             total       used       free     shared    buffers     cached
Mem:          2.0G       1.9G        72M       920K       4.2M       100M
-/+ buffers/cache:       1.8G       177M
Swap:         8.0G       625M       7.4G

             total       used       free     shared    buffers     cached
Mem:          2.0G       1.9G        72M       920K       4.2M       100M
-/+ buffers/cache:       1.8G       177M
Swap:         8.0G       625M       7.4G

             total       used       free     shared    buffers     cached
Mem:          2.0G       1.9G        72M       920K       4.2M       100M
-/+ buffers/cache:       1.8G       176M
Swap:         8.0G       625M       7.4G

             total       used       free     shared    buffers     cached
Mem:          2.0G       1.9G        72M       920K       4.2M       100M
-/+ buffers/cache:       1.8G       176M
Swap:         8.0G       625M       7.4G

             total       used       free     shared    buffers     cached
Mem:          2.0G       1.9G        72M       920K       4.2M       100M
-/+ buffers/cache:       1.8G       176M
Swap:         8.0G       625M       7.4G

             total       used       free     shared    buffers     cached
Mem:          2.0G       1.9G        78M       920K       5.3M        89M
-/+ buffers/cache:       1.8G       173M
Swap:         8.0G       625M       7.4G

             total       used       free     shared    buffers     cached
Mem:          2.0G       1.9G        78M       920K       5.3M        89M
-/+ buffers/cache:       1.8G       173M
Swap:         8.0G       625M       7.4G

             total       used       free     shared    buffers     cached
Mem:          2.0G       1.9G        78M       920K       5.3M        89M
-/+ buffers/cache:       1.8G       173M
Swap:         8.0G       625M       7.4G

             total       used       free     shared    buffers     cached
Mem:          2.0G       1.9G        78M       920K       5.3M        89M
-/+ buffers/cache:       1.8G       173M
Swap:         8.0G       625M       7.4G

             total       used       free     shared    buffers     cached
Mem:          2.0G       1.9G        78M       920K       5.3M        89M
-/+ buffers/cache:       1.8G       174M
Swap:         8.0G       625M       7.4G

             total       used       free     shared    buffers     cached
Mem:          2.0G       1.9G        78M       920K       5.3M        89M
-/+ buffers/cache:       1.8G       174M
Swap:         8.0G       625M       7.4G

             total       used       free     shared    buffers     cached
Mem:          2.0G       1.9G        78M       920K       5.3M        89M
-/+ buffers/cache:       1.8G       174M
Swap:         8.0G       625M       7.4G

             total       used       free     shared    buffers     cached
Mem:          2.0G       1.9G        69M       920K       5.3M        96M
-/+ buffers/cache:       1.8G       171M
Swap:         8.0G       625M       7.4G

             total       used       free     shared    buffers     cached
Mem:          2.0G       1.9G        69M       920K       5.3M        96M
-/+ buffers/cache:       1.8G       171M
Swap:         8.0G       625M       7.4G

             total       used       free     shared    buffers     cached
Mem:          2.0G       1.9G        69M       920K       5.3M        96M
-/+ buffers/cache:       1.8G       171M
Swap:         8.0G       625M       7.4G

             total       used       free     shared    buffers     cached
Mem:          2.0G       1.9G        69M       920K       5.3M        96M
-/+ buffers/cache:       1.8G       170M
Swap:         8.0G       625M       7.4G

             total       used       free     shared    buffers     cached
Mem:          2.0G       1.9G        69M       920K       5.3M        96M
-/+ buffers/cache:       1.8G       170M
Swap:         8.0G       625M       7.4G

             total       used       free     shared    buffers     cached
Mem:          2.0G       1.9G        69M       920K       5.3M        96M
-/+ buffers/cache:       1.8G       170M
Swap:         8.0G       625M       7.4G

             total       used       free     shared    buffers     cached
Mem:          2.0G       1.9G        69M       920K       5.3M        96M
-/+ buffers/cache:       1.8G       170M
Swap:         8.0G       625M       7.4G

             total       used       free     shared    buffers     cached
Mem:          2.0G       1.9G        69M       920K       5.3M        96M
-/+ buffers/cache:       1.8G       170M
Swap:         8.0G       625M       7.4G

             total       used       free     shared    buffers     cached
Mem:          2.0G       1.9G        69M       920K       5.3M        96M
-/+ buffers/cache:       1.8G       170M
Swap:         8.0G       625M       7.4G

             total       used       free     shared    buffers     cached
Mem:          2.0G       1.9G        69M       920K       5.3M        96M
-/+ buffers/cache:       1.8G       170M
Swap:         8.0G       625M       7.4G

             total       used       free     shared    buffers     cached
Mem:          2.0G       1.9G        82M       920K       5.4M        83M
-/+ buffers/cache:       1.8G       171M
Swap:         8.0G       625M       7.4G

             total       used       free     shared    buffers     cached
Mem:          2.0G       1.9G        82M       920K       5.4M        83M
-/+ buffers/cache:       1.8G       171M
Swap:         8.0G       625M       7.4G

             total       used       free     shared    buffers     cached
Mem:          2.0G       1.9G        82M       920K       5.4M        83M
-/+ buffers/cache:       1.8G       171M
Swap:         8.0G       625M       7.4G

             total       used       free     shared    buffers     cached
Mem:          2.0G       1.9G        82M       920K       5.4M        83M
-/+ buffers/cache:       1.8G       171M
Swap:         8.0G       625M       7.4G

             total       used       free     shared    buffers     cached
Mem:          2.0G       1.9G        82M       920K       5.4M        83M
-/+ buffers/cache:       1.8G       171M
Swap:         8.0G       625M       7.4G

             total       used       free     shared    buffers     cached
Mem:          2.0G       1.9G        82M       920K       5.4M        83M
-/+ buffers/cache:       1.8G       171M
Swap:         8.0G       625M       7.4G

             total       used       free     shared    buffers     cached
Mem:          2.0G       1.9G        82M       920K       5.4M        83M
-/+ buffers/cache:       1.8G       171M
Swap:         8.0G       625M       7.4G

             total       used       free     shared    buffers     cached
Mem:          2.0G       1.9G        82M       920K       5.4M        83M
-/+ buffers/cache:       1.8G       171M
Swap:         8.0G       625M       7.4G

             total       used       free     shared    buffers     cached
Mem:          2.0G       1.9G        82M       920K       5.4M        83M
-/+ buffers/cache:       1.8G       171M
Swap:         8.0G       625M       7.4G

             total       used       free     shared    buffers     cached
Mem:          2.0G       1.9G        73M       920K       5.8M        90M
-/+ buffers/cache:       1.8G       169M
Swap:         8.0G       625M       7.4G

             total       used       free     shared    buffers     cached
Mem:          2.0G       1.9G        73M       920K       5.8M        90M
-/+ buffers/cache:       1.8G       169M
Swap:         8.0G       625M       7.4G

             total       used       free     shared    buffers     cached
Mem:          2.0G       1.9G        73M       920K       5.8M        90M
-/+ buffers/cache:       1.8G       169M
Swap:         8.0G       625M       7.4G

             total       used       free     shared    buffers     cached
Mem:          2.0G       1.9G        73M       920K       5.8M        90M
-/+ buffers/cache:       1.8G       169M
Swap:         8.0G       625M       7.4G

             total       used       free     shared    buffers     cached
Mem:          2.0G       1.9G        73M       920K       5.8M        90M
-/+ buffers/cache:       1.8G       169M
Swap:         8.0G       625M       7.4G

             total       used       free     shared    buffers     cached
Mem:          2.0G       1.9G        73M       920K       5.8M        90M
-/+ buffers/cache:       1.8G       169M
Swap:         8.0G       625M       7.4G

             total       used       free     shared    buffers     cached
Mem:          2.0G       1.9G        73M       920K       5.8M        90M
-/+ buffers/cache:       1.8G       169M
Swap:         8.0G       625M       7.4G

             total       used       free     shared    buffers     cached
Mem:          2.0G       1.9G        69M       920K       5.8M        94M
-/+ buffers/cache:       1.8G       169M
Swap:         8.0G       625M       7.4G

             total       used       free     shared    buffers     cached
Mem:          2.0G       1.9G        69M       920K       5.8M        94M
-/+ buffers/cache:       1.8G       169M
Swap:         8.0G       625M       7.4G

             total       used       free     shared    buffers     cached
Mem:          2.0G       1.9G        69M       920K       5.8M        94M
-/+ buffers/cache:       1.8G       169M
Swap:         8.0G       625M       7.4G

             total       used       free     shared    buffers     cached
Mem:          2.0G       1.9G        69M       920K       5.8M        94M
-/+ buffers/cache:       1.8G       169M
Swap:         8.0G       625M       7.4G

             total       used       free     shared    buffers     cached
Mem:          2.0G       1.9G        69M       920K       5.8M        94M
-/+ buffers/cache:       1.8G       169M
Swap:         8.0G       625M       7.4G

             total       used       free     shared    buffers     cached
Mem:          2.0G       1.9G        69M       920K       5.8M        94M
-/+ buffers/cache:       1.8G       169M
Swap:         8.0G       625M       7.4G

             total       used       free     shared    buffers     cached
Mem:          2.0G       1.9G        69M       920K       5.8M        94M
-/+ buffers/cache:       1.8G       169M
Swap:         8.0G       625M       7.4G

             total       used       free     shared    buffers     cached
Mem:          2.0G       1.9G        69M       920K       5.8M        94M
-/+ buffers/cache:       1.8G       169M
Swap:         8.0G       625M       7.4G

             total       used       free     shared    buffers     cached
Mem:          2.0G       1.9G        69M       920K       5.8M        94M
-/+ buffers/cache:       1.8G       169M
Swap:         8.0G       625M       7.4G

             total       used       free     shared    buffers     cached
Mem:          2.0G       1.9G        69M       920K       5.8M        94M
-/+ buffers/cache:       1.8G       169M
Swap:         8.0G       625M       7.4G

             total       used       free     shared    buffers     cached
Mem:          2.0G       1.9G        78M       920K       5.9M        90M
-/+ buffers/cache:       1.8G       174M
Swap:         8.0G       625M       7.4G

             total       used       free     shared    buffers     cached
Mem:          2.0G       1.9G        78M       920K       5.9M        90M
-/+ buffers/cache:       1.8G       174M
Swap:         8.0G       625M       7.4G

             total       used       free     shared    buffers     cached
Mem:          2.0G       1.9G        78M       920K       5.9M        90M
-/+ buffers/cache:       1.8G       174M
Swap:         8.0G       625M       7.4G

             total       used       free     shared    buffers     cached
Mem:          2.0G       1.9G        78M       920K       5.9M        90M
-/+ buffers/cache:       1.8G       174M
Swap:         8.0G       625M       7.4G

             total       used       free     shared    buffers     cached
Mem:          2.0G       1.9G        78M       920K       5.9M        90M
-/+ buffers/cache:       1.8G       174M
Swap:         8.0G       625M       7.4G

             total       used       free     shared    buffers     cached
Mem:          2.0G       1.9G        78M       920K       5.9M        90M
-/+ buffers/cache:       1.8G       174M
Swap:         8.0G       625M       7.4G

             total       used       free     shared    buffers     cached
Mem:          2.0G       1.9G        78M       920K       5.9M        90M
-/+ buffers/cache:       1.8G       174M
Swap:         8.0G       625M       7.4G

             total       used       free     shared    buffers     cached
Mem:          2.0G       1.9G        78M       920K       5.9M        90M
-/+ buffers/cache:       1.8G       174M
